
$ bash scripts/04c-run-network-apptainer.sh wan
=== Step 0: stop the previous zkRoam Apptainer network ===
$ apptainer exec --cleanenv /tmp/zkroam-hw-22073-TarIRJ/net-heterogeneity/zkroam-besu.sif ip -o link show
$ apptainer exec --cleanenv /tmp/zkroam-hw-22073-TarIRJ/net-heterogeneity/zkroam-besu.sif ip link delete zkroam0
=== Step 1: generate genesis, validator keys, and accounts ===
==========================================
Generating QBFT test network
==========================================

Validators : 15
Client accounts : 2000
Balance/account : 1000000000000000000000 wei

[1/5] Cleaning previous network files...
[2/5] Generating QBFT validators and genesis...
2026-10-07 16:13:57.069+00:00 | main | INFO  | GenerateBlockchainConfig | Generating 15 nodes keys.
2026-10-07 16:13:57.075+00:00 | main | INFO  | GenerateBlockchainConfig | Generating keypair for node 0.
2026-10-07 16:13:57.125+00:00 | main | INFO  | GenerateBlockchainConfig | Generating keypair for node 1.
2026-10-07 16:13:57.129+00:00 | main | INFO  | GenerateBlockchainConfig | Generating keypair for node 2.
2026-10-07 16:13:57.132+00:00 | main | INFO  | GenerateBlockchainConfig | Generating keypair for node 3.
2026-10-07 16:13:57.133+00:00 | main | INFO  | GenerateBlockchainConfig | Generating keypair for node 4.
2026-10-07 16:13:57.144+00:00 | main | INFO  | GenerateBlockchainConfig | Generating keypair for node 5.
2026-10-07 16:13:57.145+00:00 | main | INFO  | GenerateBlockchainConfig | Generating keypair for node 6.
2026-10-07 16:13:57.147+00:00 | main | INFO  | GenerateBlockchainConfig | Generating keypair for node 7.
2026-10-07 16:13:57.150+00:00 | main | INFO  | GenerateBlockchainConfig | Generating keypair for node 8.
2026-10-07 16:13:57.151+00:00 | main | INFO  | GenerateBlockchainConfig | Generating keypair for node 9.
2026-10-07 16:13:57.153+00:00 | main | INFO  | GenerateBlockchainConfig | Generating keypair for node 10.
2026-10-07 16:13:57.154+00:00 | main | INFO  | GenerateBlockchainConfig | Generating keypair for node 11.
2026-10-07 16:13:57.156+00:00 | main | INFO  | GenerateBlockchainConfig | Generating keypair for node 12.
2026-10-07 16:13:57.157+00:00 | main | INFO  | GenerateBlockchainConfig | Generating keypair for node 13.
2026-10-07 16:13:57.158+00:00 | main | INFO  | GenerateBlockchainConfig | Generating keypair for node 14.
2026-10-07 16:13:57.160+00:00 | main | INFO  | GenerateBlockchainConfig | Generating QBFT extra data.
2026-10-07 16:13:57.164+00:00 | main | INFO  | GenerateBlockchainConfig | Writing genesis file.
[3/5] Generating 2000 funded client accounts...
Generating 2000 funded accounts...

Generated 2000 accounts.
Saved to: /tmp/zkroam-hw-22073-TarIRJ/net-heterogeneity/accounts/accounts.json
[4/5] Updating genesis alloc...
Existing configured alloc accounts: 2
Generated workload accounts: 2000

Final genesis alloc contains 2002 accounts.
[5/5] Verifying generated network...

==========================================
QBFT network generation complete
==========================================

Genesis:
  /tmp/zkroam-hw-22073-TarIRJ/net-heterogeneity/networkFiles/genesis.json

Validators:
  /tmp/zkroam-hw-22073-TarIRJ/net-heterogeneity/networkFiles/keys/

Client accounts:
  /tmp/zkroam-hw-22073-TarIRJ/net-heterogeneity/accounts/accounts.json

Validator count:
15

Client account count:
2000

Genesis alloc count:
2002

First 10 client accounts:
000 0x59ee31d7cc0476019aDAa49494D89a98E3A54B36 balance=1000000000000000000000
001 0x8f432d33cC12d635Aa37717fF4B4fC8A8c5a58A9 balance=1000000000000000000000
002 0x73bFad1cEbCd379099454E8D0D16efB64bB32d28 balance=1000000000000000000000
003 0x490e73FD6560C23Ef935661b0549669401AEdd35 balance=1000000000000000000000
004 0x445C4473a88eee22EF3e49ED696C37D3765E0D44 balance=1000000000000000000000
005 0x2d190D504DA60DC529760B2a8830295B3f6B6E3B balance=1000000000000000000000
006 0xc9Ab9619Be88346977A2D3625db8F0C5c765e7B4 balance=1000000000000000000000
007 0x36f4f2f29BfB02591805412C49Ec304CEAd40ed6 balance=1000000000000000000000
008 0x158223987448C90323Fd4C7b5AB0ebdbDF38d579 balance=1000000000000000000000
009 0x98B413Ab3344815598bEAc848815215EBD623Dd5 balance=1000000000000000000000

==========================================
IMPORTANT
==========================================

Client private keys are stored in:
  /tmp/zkroam-hw-22073-TarIRJ/net-heterogeneity/accounts/accounts.json

Do NOT commit this file to Git.

=== Step 2: generate the wan topology ===
Wrote /tmp/zkroam-hw-22073-TarIRJ/net-heterogeneity/networkFiles/topology.json
Region distribution: {'us-east': 3, 'us-west': 3, 'eu-west': 3, 'ap-southeast': 3, 'sa-east': 3}
=== Step 3: start 15 isolated Apptainer-backed validators ===
$ apptainer exec --cleanenv /Utilisateurs/abellach/zkRoam/net-heterogeneity/zkroam-besu.sif ip -o link show
$ apptainer exec --cleanenv /Utilisateurs/abellach/zkRoam/net-heterogeneity/zkroam-besu.sif ip link delete zkroam0
$ apptainer exec --cleanenv /Utilisateurs/abellach/zkRoam/net-heterogeneity/zkroam-besu.sif ip link add zkroam0 type bridge
$ apptainer exec --cleanenv /Utilisateurs/abellach/zkRoam/net-heterogeneity/zkroam-besu.sif ip addr add 172.28.0.1/24 dev zkroam0
$ apptainer exec --cleanenv /Utilisateurs/abellach/zkRoam/net-heterogeneity/zkroam-besu.sif ip link set zkroam0 up
$ apptainer exec --cleanenv /Utilisateurs/abellach/zkRoam/net-heterogeneity/zkroam-besu.sif ip link delete zkh00
$ apptainer exec --cleanenv /Utilisateurs/abellach/zkRoam/net-heterogeneity/zkroam-besu.sif ip link add zkh00 type veth peer name eth0
$ apptainer exec --cleanenv /Utilisateurs/abellach/zkRoam/net-heterogeneity/zkroam-besu.sif ip link set zkh00 master zkroam0
$ apptainer exec --cleanenv /Utilisateurs/abellach/zkRoam/net-heterogeneity/zkroam-besu.sif ip link set zkh00 up
$ apptainer exec --cleanenv /Utilisateurs/abellach/zkRoam/net-heterogeneity/zkroam-besu.sif ip link set eth0 netns 1532545
$ nsenter -t 1532545 -n apptainer exec --cleanenv /Utilisateurs/abellach/zkRoam/net-heterogeneity/zkroam-besu.sif ip link set lo up
$ nsenter -t 1532545 -n apptainer exec --cleanenv /Utilisateurs/abellach/zkRoam/net-heterogeneity/zkroam-besu.sif ip addr add 172.28.0.10/24 dev eth0
$ nsenter -t 1532545 -n apptainer exec --cleanenv /Utilisateurs/abellach/zkRoam/net-heterogeneity/zkroam-besu.sif ip link set eth0 up
$ nsenter -t 1532545 -n apptainer exec --cleanenv /Utilisateurs/abellach/zkRoam/net-heterogeneity/zkroam-besu.sif ip route add default via 172.28.0.1
$ apptainer exec --cleanenv /Utilisateurs/abellach/zkRoam/net-heterogeneity/zkroam-besu.sif ip link delete zkh01
$ apptainer exec --cleanenv /Utilisateurs/abellach/zkRoam/net-heterogeneity/zkroam-besu.sif ip link add zkh01 type veth peer name eth0
$ apptainer exec --cleanenv /Utilisateurs/abellach/zkRoam/net-heterogeneity/zkroam-besu.sif ip link set zkh01 master zkroam0
$ apptainer exec --cleanenv /Utilisateurs/abellach/zkRoam/net-heterogeneity/zkroam-besu.sif ip link set zkh01 up
$ apptainer exec --cleanenv /Utilisateurs/abellach/zkRoam/net-heterogeneity/zkroam-besu.sif ip link set eth0 netns 1533030
$ nsenter -t 1533030 -n apptainer exec --cleanenv /Utilisateurs/abellach/zkRoam/net-heterogeneity/zkroam-besu.sif ip link set lo up
$ nsenter -t 1533030 -n apptainer exec --cleanenv /Utilisateurs/abellach/zkRoam/net-heterogeneity/zkroam-besu.sif ip addr add 172.28.0.11/24 dev eth0
$ nsenter -t 1533030 -n apptainer exec --cleanenv /Utilisateurs/abellach/zkRoam/net-heterogeneity/zkroam-besu.sif ip link set eth0 up
$ nsenter -t 1533030 -n apptainer exec --cleanenv /Utilisateurs/abellach/zkRoam/net-heterogeneity/zkroam-besu.sif ip route add default via 172.28.0.1
$ apptainer exec --cleanenv /Utilisateurs/abellach/zkRoam/net-heterogeneity/zkroam-besu.sif ip link delete zkh02
$ apptainer exec --cleanenv /Utilisateurs/abellach/zkRoam/net-heterogeneity/zkroam-besu.sif ip link add zkh02 type veth peer name eth0
$ apptainer exec --cleanenv /Utilisateurs/abellach/zkRoam/net-heterogeneity/zkroam-besu.sif ip link set zkh02 master zkroam0
$ apptainer exec --cleanenv /Utilisateurs/abellach/zkRoam/net-heterogeneity/zkroam-besu.sif ip link set zkh02 up
$ apptainer exec --cleanenv /Utilisateurs/abellach/zkRoam/net-heterogeneity/zkroam-besu.sif ip link set eth0 netns 1533673
$ nsenter -t 1533673 -n apptainer exec --cleanenv /Utilisateurs/abellach/zkRoam/net-heterogeneity/zkroam-besu.sif ip link set lo up
$ nsenter -t 1533673 -n apptainer exec --cleanenv /Utilisateurs/abellach/zkRoam/net-heterogeneity/zkroam-besu.sif ip addr add 172.28.0.12/24 dev eth0
$ nsenter -t 1533673 -n apptainer exec --cleanenv /Utilisateurs/abellach/zkRoam/net-heterogeneity/zkroam-besu.sif ip link set eth0 up
$ nsenter -t 1533673 -n apptainer exec --cleanenv /Utilisateurs/abellach/zkRoam/net-heterogeneity/zkroam-besu.sif ip route add default via 172.28.0.1
$ apptainer exec --cleanenv /Utilisateurs/abellach/zkRoam/net-heterogeneity/zkroam-besu.sif ip link delete zkh03
$ apptainer exec --cleanenv /Utilisateurs/abellach/zkRoam/net-heterogeneity/zkroam-besu.sif ip link add zkh03 type veth peer name eth0
$ apptainer exec --cleanenv /Utilisateurs/abellach/zkRoam/net-heterogeneity/zkroam-besu.sif ip link set zkh03 master zkroam0
$ apptainer exec --cleanenv /Utilisateurs/abellach/zkRoam/net-heterogeneity/zkroam-besu.sif ip link set zkh03 up
$ apptainer exec --cleanenv /Utilisateurs/abellach/zkRoam/net-heterogeneity/zkroam-besu.sif ip link set eth0 netns 1534361
$ nsenter -t 1534361 -n apptainer exec --cleanenv /Utilisateurs/abellach/zkRoam/net-heterogeneity/zkroam-besu.sif ip link set lo up
$ nsenter -t 1534361 -n apptainer exec --cleanenv /Utilisateurs/abellach/zkRoam/net-heterogeneity/zkroam-besu.sif ip addr add 172.28.0.13/24 dev eth0
$ nsenter -t 1534361 -n apptainer exec --cleanenv /Utilisateurs/abellach/zkRoam/net-heterogeneity/zkroam-besu.sif ip link set eth0 up
$ nsenter -t 1534361 -n apptainer exec --cleanenv /Utilisateurs/abellach/zkRoam/net-heterogeneity/zkroam-besu.sif ip route add default via 172.28.0.1
$ apptainer exec --cleanenv /Utilisateurs/abellach/zkRoam/net-heterogeneity/zkroam-besu.sif ip link delete zkh04
$ apptainer exec --cleanenv /Utilisateurs/abellach/zkRoam/net-heterogeneity/zkroam-besu.sif ip link add zkh04 type veth peer name eth0
$ apptainer exec --cleanenv /Utilisateurs/abellach/zkRoam/net-heterogeneity/zkroam-besu.sif ip link set zkh04 master zkroam0
$ apptainer exec --cleanenv /Utilisateurs/abellach/zkRoam/net-heterogeneity/zkroam-besu.sif ip link set zkh04 up
$ apptainer exec --cleanenv /Utilisateurs/abellach/zkRoam/net-heterogeneity/zkroam-besu.sif ip link set eth0 netns 1535180
$ nsenter -t 1535180 -n apptainer exec --cleanenv /Utilisateurs/abellach/zkRoam/net-heterogeneity/zkroam-besu.sif ip link set lo up
$ nsenter -t 1535180 -n apptainer exec --cleanenv /Utilisateurs/abellach/zkRoam/net-heterogeneity/zkroam-besu.sif ip addr add 172.28.0.14/24 dev eth0
$ nsenter -t 1535180 -n apptainer exec --cleanenv /Utilisateurs/abellach/zkRoam/net-heterogeneity/zkroam-besu.sif ip link set eth0 up
$ nsenter -t 1535180 -n apptainer exec --cleanenv /Utilisateurs/abellach/zkRoam/net-heterogeneity/zkroam-besu.sif ip route add default via 172.28.0.1
$ apptainer exec --cleanenv /Utilisateurs/abellach/zkRoam/net-heterogeneity/zkroam-besu.sif ip link delete zkh05
$ apptainer exec --cleanenv /Utilisateurs/abellach/zkRoam/net-heterogeneity/zkroam-besu.sif ip link add zkh05 type veth peer name eth0
$ apptainer exec --cleanenv /Utilisateurs/abellach/zkRoam/net-heterogeneity/zkroam-besu.sif ip link set zkh05 master zkroam0
$ apptainer exec --cleanenv /Utilisateurs/abellach/zkRoam/net-heterogeneity/zkroam-besu.sif ip link set zkh05 up
$ apptainer exec --cleanenv /Utilisateurs/abellach/zkRoam/net-heterogeneity/zkroam-besu.sif ip link set eth0 netns 1536023
$ nsenter -t 1536023 -n apptainer exec --cleanenv /Utilisateurs/abellach/zkRoam/net-heterogeneity/zkroam-besu.sif ip link set lo up
$ nsenter -t 1536023 -n apptainer exec --cleanenv /Utilisateurs/abellach/zkRoam/net-heterogeneity/zkroam-besu.sif ip addr add 172.28.0.15/24 dev eth0
$ nsenter -t 1536023 -n apptainer exec --cleanenv /Utilisateurs/abellach/zkRoam/net-heterogeneity/zkroam-besu.sif ip link set eth0 up
$ nsenter -t 1536023 -n apptainer exec --cleanenv /Utilisateurs/abellach/zkRoam/net-heterogeneity/zkroam-besu.sif ip route add default via 172.28.0.1
$ apptainer exec --cleanenv /Utilisateurs/abellach/zkRoam/net-heterogeneity/zkroam-besu.sif ip link delete zkh06
$ apptainer exec --cleanenv /Utilisateurs/abellach/zkRoam/net-heterogeneity/zkroam-besu.sif ip link add zkh06 type veth peer name eth0
$ apptainer exec --cleanenv /Utilisateurs/abellach/zkRoam/net-heterogeneity/zkroam-besu.sif ip link set zkh06 master zkroam0
$ apptainer exec --cleanenv /Utilisateurs/abellach/zkRoam/net-heterogeneity/zkroam-besu.sif ip link set zkh06 up
$ apptainer exec --cleanenv /Utilisateurs/abellach/zkRoam/net-heterogeneity/zkroam-besu.sif ip link set eth0 netns 1536865
$ nsenter -t 1536865 -n apptainer exec --cleanenv /Utilisateurs/abellach/zkRoam/net-heterogeneity/zkroam-besu.sif ip link set lo up
$ nsenter -t 1536865 -n apptainer exec --cleanenv /Utilisateurs/abellach/zkRoam/net-heterogeneity/zkroam-besu.sif ip addr add 172.28.0.16/24 dev eth0
$ nsenter -t 1536865 -n apptainer exec --cleanenv /Utilisateurs/abellach/zkRoam/net-heterogeneity/zkroam-besu.sif ip link set eth0 up
$ nsenter -t 1536865 -n apptainer exec --cleanenv /Utilisateurs/abellach/zkRoam/net-heterogeneity/zkroam-besu.sif ip route add default via 172.28.0.1
$ apptainer exec --cleanenv /Utilisateurs/abellach/zkRoam/net-heterogeneity/zkroam-besu.sif ip link delete zkh07
$ apptainer exec --cleanenv /Utilisateurs/abellach/zkRoam/net-heterogeneity/zkroam-besu.sif ip link add zkh07 type veth peer name eth0
$ apptainer exec --cleanenv /Utilisateurs/abellach/zkRoam/net-heterogeneity/zkroam-besu.sif ip link set zkh07 master zkroam0
$ apptainer exec --cleanenv /Utilisateurs/abellach/zkRoam/net-heterogeneity/zkroam-besu.sif ip link set zkh07 up
$ apptainer exec --cleanenv /Utilisateurs/abellach/zkRoam/net-heterogeneity/zkroam-besu.sif ip link set eth0 netns 1537711
$ nsenter -t 1537711 -n apptainer exec --cleanenv /Utilisateurs/abellach/zkRoam/net-heterogeneity/zkroam-besu.sif ip link set lo up
$ nsenter -t 1537711 -n apptainer exec --cleanenv /Utilisateurs/abellach/zkRoam/net-heterogeneity/zkroam-besu.sif ip addr add 172.28.0.17/24 dev eth0
$ nsenter -t 1537711 -n apptainer exec --cleanenv /Utilisateurs/abellach/zkRoam/net-heterogeneity/zkroam-besu.sif ip link set eth0 up
$ nsenter -t 1537711 -n apptainer exec --cleanenv /Utilisateurs/abellach/zkRoam/net-heterogeneity/zkroam-besu.sif ip route add default via 172.28.0.1
$ apptainer exec --cleanenv /Utilisateurs/abellach/zkRoam/net-heterogeneity/zkroam-besu.sif ip link delete zkh08
$ apptainer exec --cleanenv /Utilisateurs/abellach/zkRoam/net-heterogeneity/zkroam-besu.sif ip link add zkh08 type veth peer name eth0
$ apptainer exec --cleanenv /Utilisateurs/abellach/zkRoam/net-heterogeneity/zkroam-besu.sif ip link set zkh08 master zkroam0
$ apptainer exec --cleanenv /Utilisateurs/abellach/zkRoam/net-heterogeneity/zkroam-besu.sif ip link set zkh08 up
$ apptainer exec --cleanenv /Utilisateurs/abellach/zkRoam/net-heterogeneity/zkroam-besu.sif ip link set eth0 netns 1538533
$ nsenter -t 1538533 -n apptainer exec --cleanenv /Utilisateurs/abellach/zkRoam/net-heterogeneity/zkroam-besu.sif ip link set lo up
$ nsenter -t 1538533 -n apptainer exec --cleanenv /Utilisateurs/abellach/zkRoam/net-heterogeneity/zkroam-besu.sif ip addr add 172.28.0.18/24 dev eth0
$ nsenter -t 1538533 -n apptainer exec --cleanenv /Utilisateurs/abellach/zkRoam/net-heterogeneity/zkroam-besu.sif ip link set eth0 up
$ nsenter -t 1538533 -n apptainer exec --cleanenv /Utilisateurs/abellach/zkRoam/net-heterogeneity/zkroam-besu.sif ip route add default via 172.28.0.1
$ apptainer exec --cleanenv /Utilisateurs/abellach/zkRoam/net-heterogeneity/zkroam-besu.sif ip link delete zkh09
$ apptainer exec --cleanenv /Utilisateurs/abellach/zkRoam/net-heterogeneity/zkroam-besu.sif ip link add zkh09 type veth peer name eth0
$ apptainer exec --cleanenv /Utilisateurs/abellach/zkRoam/net-heterogeneity/zkroam-besu.sif ip link set zkh09 master zkroam0
$ apptainer exec --cleanenv /Utilisateurs/abellach/zkRoam/net-heterogeneity/zkroam-besu.sif ip link set zkh09 up
$ apptainer exec --cleanenv /Utilisateurs/abellach/zkRoam/net-heterogeneity/zkroam-besu.sif ip link set eth0 netns 1539381
$ nsenter -t 1539381 -n apptainer exec --cleanenv /Utilisateurs/abellach/zkRoam/net-heterogeneity/zkroam-besu.sif ip link set lo up
$ nsenter -t 1539381 -n apptainer exec --cleanenv /Utilisateurs/abellach/zkRoam/net-heterogeneity/zkroam-besu.sif ip addr add 172.28.0.19/24 dev eth0
$ nsenter -t 1539381 -n apptainer exec --cleanenv /Utilisateurs/abellach/zkRoam/net-heterogeneity/zkroam-besu.sif ip link set eth0 up
$ nsenter -t 1539381 -n apptainer exec --cleanenv /Utilisateurs/abellach/zkRoam/net-heterogeneity/zkroam-besu.sif ip route add default via 172.28.0.1
$ apptainer exec --cleanenv /Utilisateurs/abellach/zkRoam/net-heterogeneity/zkroam-besu.sif ip link delete zkh10
$ apptainer exec --cleanenv /Utilisateurs/abellach/zkRoam/net-heterogeneity/zkroam-besu.sif ip link add zkh10 type veth peer name eth0
$ apptainer exec --cleanenv /Utilisateurs/abellach/zkRoam/net-heterogeneity/zkroam-besu.sif ip link set zkh10 master zkroam0
$ apptainer exec --cleanenv /Utilisateurs/abellach/zkRoam/net-heterogeneity/zkroam-besu.sif ip link set zkh10 up
$ apptainer exec --cleanenv /Utilisateurs/abellach/zkRoam/net-heterogeneity/zkroam-besu.sif ip link set eth0 netns 1540209
$ nsenter -t 1540209 -n apptainer exec --cleanenv /Utilisateurs/abellach/zkRoam/net-heterogeneity/zkroam-besu.sif ip link set lo up
$ nsenter -t 1540209 -n apptainer exec --cleanenv /Utilisateurs/abellach/zkRoam/net-heterogeneity/zkroam-besu.sif ip addr add 172.28.0.20/24 dev eth0
$ nsenter -t 1540209 -n apptainer exec --cleanenv /Utilisateurs/abellach/zkRoam/net-heterogeneity/zkroam-besu.sif ip link set eth0 up
$ nsenter -t 1540209 -n apptainer exec --cleanenv /Utilisateurs/abellach/zkRoam/net-heterogeneity/zkroam-besu.sif ip route add default via 172.28.0.1
$ apptainer exec --cleanenv /Utilisateurs/abellach/zkRoam/net-heterogeneity/zkroam-besu.sif ip link delete zkh11
$ apptainer exec --cleanenv /Utilisateurs/abellach/zkRoam/net-heterogeneity/zkroam-besu.sif ip link add zkh11 type veth peer name eth0
$ apptainer exec --cleanenv /Utilisateurs/abellach/zkRoam/net-heterogeneity/zkroam-besu.sif ip link set zkh11 master zkroam0
$ apptainer exec --cleanenv /Utilisateurs/abellach/zkRoam/net-heterogeneity/zkroam-besu.sif ip link set zkh11 up
$ apptainer exec --cleanenv /Utilisateurs/abellach/zkRoam/net-heterogeneity/zkroam-besu.sif ip link set eth0 netns 1541064
$ nsenter -t 1541064 -n apptainer exec --cleanenv /Utilisateurs/abellach/zkRoam/net-heterogeneity/zkroam-besu.sif ip link set lo up
$ nsenter -t 1541064 -n apptainer exec --cleanenv /Utilisateurs/abellach/zkRoam/net-heterogeneity/zkroam-besu.sif ip addr add 172.28.0.21/24 dev eth0
$ nsenter -t 1541064 -n apptainer exec --cleanenv /Utilisateurs/abellach/zkRoam/net-heterogeneity/zkroam-besu.sif ip link set eth0 up
$ nsenter -t 1541064 -n apptainer exec --cleanenv /Utilisateurs/abellach/zkRoam/net-heterogeneity/zkroam-besu.sif ip route add default via 172.28.0.1
$ apptainer exec --cleanenv /Utilisateurs/abellach/zkRoam/net-heterogeneity/zkroam-besu.sif ip link delete zkh12
$ apptainer exec --cleanenv /Utilisateurs/abellach/zkRoam/net-heterogeneity/zkroam-besu.sif ip link add zkh12 type veth peer name eth0
$ apptainer exec --cleanenv /Utilisateurs/abellach/zkRoam/net-heterogeneity/zkroam-besu.sif ip link set zkh12 master zkroam0
$ apptainer exec --cleanenv /Utilisateurs/abellach/zkRoam/net-heterogeneity/zkroam-besu.sif ip link set zkh12 up
$ apptainer exec --cleanenv /Utilisateurs/abellach/zkRoam/net-heterogeneity/zkroam-besu.sif ip link set eth0 netns 1541909
$ nsenter -t 1541909 -n apptainer exec --cleanenv /Utilisateurs/abellach/zkRoam/net-heterogeneity/zkroam-besu.sif ip link set lo up
$ nsenter -t 1541909 -n apptainer exec --cleanenv /Utilisateurs/abellach/zkRoam/net-heterogeneity/zkroam-besu.sif ip addr add 172.28.0.22/24 dev eth0
$ nsenter -t 1541909 -n apptainer exec --cleanenv /Utilisateurs/abellach/zkRoam/net-heterogeneity/zkroam-besu.sif ip link set eth0 up
$ nsenter -t 1541909 -n apptainer exec --cleanenv /Utilisateurs/abellach/zkRoam/net-heterogeneity/zkroam-besu.sif ip route add default via 172.28.0.1
$ apptainer exec --cleanenv /Utilisateurs/abellach/zkRoam/net-heterogeneity/zkroam-besu.sif ip link delete zkh13
$ apptainer exec --cleanenv /Utilisateurs/abellach/zkRoam/net-heterogeneity/zkroam-besu.sif ip link add zkh13 type veth peer name eth0
$ apptainer exec --cleanenv /Utilisateurs/abellach/zkRoam/net-heterogeneity/zkroam-besu.sif ip link set zkh13 master zkroam0
$ apptainer exec --cleanenv /Utilisateurs/abellach/zkRoam/net-heterogeneity/zkroam-besu.sif ip link set zkh13 up
$ apptainer exec --cleanenv /Utilisateurs/abellach/zkRoam/net-heterogeneity/zkroam-besu.sif ip link set eth0 netns 1542771
$ nsenter -t 1542771 -n apptainer exec --cleanenv /Utilisateurs/abellach/zkRoam/net-heterogeneity/zkroam-besu.sif ip link set lo up
$ nsenter -t 1542771 -n apptainer exec --cleanenv /Utilisateurs/abellach/zkRoam/net-heterogeneity/zkroam-besu.sif ip addr add 172.28.0.23/24 dev eth0
$ nsenter -t 1542771 -n apptainer exec --cleanenv /Utilisateurs/abellach/zkRoam/net-heterogeneity/zkroam-besu.sif ip link set eth0 up
$ nsenter -t 1542771 -n apptainer exec --cleanenv /Utilisateurs/abellach/zkRoam/net-heterogeneity/zkroam-besu.sif ip route add default via 172.28.0.1
$ apptainer exec --cleanenv /Utilisateurs/abellach/zkRoam/net-heterogeneity/zkroam-besu.sif ip link delete zkh14
$ apptainer exec --cleanenv /Utilisateurs/abellach/zkRoam/net-heterogeneity/zkroam-besu.sif ip link add zkh14 type veth peer name eth0
$ apptainer exec --cleanenv /Utilisateurs/abellach/zkRoam/net-heterogeneity/zkroam-besu.sif ip link set zkh14 master zkroam0
$ apptainer exec --cleanenv /Utilisateurs/abellach/zkRoam/net-heterogeneity/zkroam-besu.sif ip link set zkh14 up
$ apptainer exec --cleanenv /Utilisateurs/abellach/zkRoam/net-heterogeneity/zkroam-besu.sif ip link set eth0 netns 1543567
$ nsenter -t 1543567 -n apptainer exec --cleanenv /Utilisateurs/abellach/zkRoam/net-heterogeneity/zkroam-besu.sif ip link set lo up
$ nsenter -t 1543567 -n apptainer exec --cleanenv /Utilisateurs/abellach/zkRoam/net-heterogeneity/zkroam-besu.sif ip addr add 172.28.0.24/24 dev eth0
$ nsenter -t 1543567 -n apptainer exec --cleanenv /Utilisateurs/abellach/zkRoam/net-heterogeneity/zkroam-besu.sif ip link set eth0 up
$ nsenter -t 1543567 -n apptainer exec --cleanenv /Utilisateurs/abellach/zkRoam/net-heterogeneity/zkroam-besu.sif ip route add default via 172.28.0.1
Started 15 Apptainer-backed validators.
=== Step 4: wait for every validator RPC and peer set ===
{
  "node00": {
    "block": 2,
    "peers": 14
  },
  "node01": {
    "block": 2,
    "peers": 14
  },
  "node02": {
    "block": 2,
    "peers": 14
  },
  "node03": {
    "block": 2,
    "peers": 14
  },
  "node04": {
    "block": 2,
    "peers": 14
  },
  "node05": {
    "block": 2,
    "peers": 14
  },
  "node06": {
    "block": 2,
    "peers": 14
  },
  "node07": {
    "block": 2,
    "peers": 14
  },
  "node08": {
    "block": 2,
    "peers": 13
  },
  "node09": {
    "block": 2,
    "peers": 13
  },
  "node10": {
    "block": 2,
    "peers": 14
  },
  "node11": {
    "block": 2,
    "peers": 14
  },
  "node12": {
    "block": 2,
    "peers": 14
  },
  "node13": {
    "block": 2,
    "peers": 14
  },
  "node14": {
    "block": 3,
    "peers": 14
  }
}
All 15 nodes are ready.
Apptainer wan network is up.

$ /Utilisateurs/abellach/zkRoam/net-heterogeneity/venv/bin/python3 workload/deploy_verifiers.py --topology networkFiles/topology.json --accounts accounts/accounts.json
Discovered RPC endpoints:
------------------------------------------
  node00     -> http://172.28.0.10:8545
  node01     -> http://172.28.0.11:8545
  node02     -> http://172.28.0.12:8545
  node03     -> http://172.28.0.13:8545
  node04     -> http://172.28.0.14:8545
  node05     -> http://172.28.0.15:8545
  node06     -> http://172.28.0.16:8545
  node07     -> http://172.28.0.17:8545
  node08     -> http://172.28.0.18:8545
  node09     -> http://172.28.0.19:8545
  node10     -> http://172.28.0.20:8545
  node11     -> http://172.28.0.21:8545
  node12     -> http://172.28.0.22:8545
  node13     -> http://172.28.0.23:8545
  node14     -> http://172.28.0.24:8545
------------------------------------------
Connecting to node00 (http://172.28.0.10:8545)...
  Connected. chain_id=1337
Connecting to node01 (http://172.28.0.11:8545)...
  Connected. chain_id=1337
Connecting to node02 (http://172.28.0.12:8545)...
  Connected. chain_id=1337
Connecting to node03 (http://172.28.0.13:8545)...
  Connected. chain_id=1337
Connecting to node04 (http://172.28.0.14:8545)...
  Connected. chain_id=1337
Connecting to node05 (http://172.28.0.15:8545)...
  Connected. chain_id=1337
Connecting to node06 (http://172.28.0.16:8545)...
  Connected. chain_id=1337
Connecting to node07 (http://172.28.0.17:8545)...
  Connected. chain_id=1337
Connecting to node08 (http://172.28.0.18:8545)...
  Connected. chain_id=1337
Connecting to node09 (http://172.28.0.19:8545)...
  Connected. chain_id=1337
Connecting to node10 (http://172.28.0.20:8545)...
  Connected. chain_id=1337
Connecting to node11 (http://172.28.0.21:8545)...
  Connected. chain_id=1337
Connecting to node12 (http://172.28.0.22:8545)...
  Connected. chain_id=1337
Connecting to node13 (http://172.28.0.23:8545)...
  Connected. chain_id=1337
Connecting to node14 (http://172.28.0.24:8545)...
  Connected. chain_id=1337

Deploying from 0x59ee31d7cc0476019aDAa49494D89a98E3A54B36 via http://172.28.0.10:8545 (chain_id=1337)

Compiling CDRVerifier.sol ...
Deploying CDRVerifier ...
  submitted deploy tx 3d56af45507b52d6170ce033e4167aebf73a60f570fd040197142b2d68ddafc0, waiting for receipt...
  deployed at 0x2dE328EF66Ad9a499309E6Cb103181573df05dD1  (gasUsed=465218)

Compiling SnarkPackAggregateAnchor.sol ...
Deploying SnarkPackAggregateAnchor ...
  submitted deploy tx 1366569c35c0246b319e84fd8bf5b634ac24af007330355a18b3502588b7b758, waiting for receipt...
  deployed at 0xC742a24015B3ECd70fA6caa59DcB39431193D466  (gasUsed=1832981)

verifier-pool-size=1: only accounts[0] is authorized as a verifier - fine as-is if you're relaying via relayAggregateProof (submission load spreads across the full account pool regardless of verifier count). Only increase this if you want multiple independent verifier keys for redundancy/threshold, or if you plan to use the direct anchorAggregateProof(onlyVerifier) path at any real volume.

Wrote: deployed_contracts.json

$ /Utilisateurs/abellach/zkRoam/net-heterogeneity/venv/bin/python3 workload/zkroam_workload.py --config results/hardware-vmno-scaling/l3icalcul07/wan-nproof8-w48-rw48-rate500/vmnos-16/zkroam-wan-16vmnos/config.yml
Discovered RPC endpoints:
------------------------------------------
  node00     -> http://172.28.0.10:8545
  node01     -> http://172.28.0.11:8545
  node02     -> http://172.28.0.12:8545
  node03     -> http://172.28.0.13:8545
  node04     -> http://172.28.0.14:8545
  node05     -> http://172.28.0.15:8545
  node06     -> http://172.28.0.16:8545
  node07     -> http://172.28.0.17:8545
  node08     -> http://172.28.0.18:8545
  node09     -> http://172.28.0.19:8545
  node10     -> http://172.28.0.20:8545
  node11     -> http://172.28.0.21:8545
  node12     -> http://172.28.0.22:8545
  node13     -> http://172.28.0.23:8545
  node14     -> http://172.28.0.24:8545
------------------------------------------
Connecting to node00 (http://172.28.0.10:8545)...
  Connected. chain_id=1337
Connecting to node01 (http://172.28.0.11:8545)...
  Connected. chain_id=1337
Connecting to node02 (http://172.28.0.12:8545)...
  Connected. chain_id=1337
Connecting to node03 (http://172.28.0.13:8545)...
  Connected. chain_id=1337
Connecting to node04 (http://172.28.0.14:8545)...
  Connected. chain_id=1337
Connecting to node05 (http://172.28.0.15:8545)...
  Connected. chain_id=1337
Connecting to node06 (http://172.28.0.16:8545)...
  Connected. chain_id=1337
Connecting to node07 (http://172.28.0.17:8545)...
  Connected. chain_id=1337
Connecting to node08 (http://172.28.0.18:8545)...
  Connected. chain_id=1337
Connecting to node09 (http://172.28.0.19:8545)...
  Connected. chain_id=1337
Connecting to node10 (http://172.28.0.20:8545)...
  Connected. chain_id=1337
Connecting to node11 (http://172.28.0.21:8545)...
  Connected. chain_id=1337
Connecting to node12 (http://172.28.0.22:8545)...
  Connected. chain_id=1337
Connecting to node13 (http://172.28.0.23:8545)...
  Connected. chain_id=1337
Connecting to node14 (http://172.28.0.24:8545)...
  Connected. chain_id=1337

Reading pending nonce for 2000 accounts (parallel)...


Using real proof from fixtures/proof.json / fixtures/public.json
individual leg -> real verifyProof() calls on 0x2dE328EF66Ad9a499309E6Cb103181573df05dD1
aggregate leg  -> real anchorAggregateProof() calls on 0xC742a24015B3ECd70fA6caa59DcB39431193D466

workload.num_vmnos = 16 (total VMNO settlements submitted per sweep point; nproofs below is per-VMNO batch size, not workload size)

============================================================
nproofs/vmno=8  num_vmnos=16  run=1  (off-chain source: reference_fallback)
============================================================

>>> on-chain leg: individual_n8_vmnos16_r1 (128 tx total, 420B calldata, gas/tx=278265, to=0x2dE328EF66Ad9a499309E6Cb103181573df05dD1)

Starting transaction producer...
Target submission rate : 500.00 tx/s
Submission workers      : 48


Producer finished.
------------------------------------------
Submitted : 128/128
Failed    : 0/128
Duration  : 0.390s
Rate      : 328.05 tx/s
------------------------------------------

Starting receipt polling...
------------------------------------------
Transactions to confirm : 128
Receipt workers         : 48
Receipt timeout         : 120.0s
------------------------------------------

Confirmed: 0/128 | Reverted: 0 | Pending: 128
Confirmed: 7/128 | Reverted: 0 | Pending: 121
Confirmed: 8/128 | Reverted: 0 | Pending: 120
Confirmed: 8/128 | Reverted: 0 | Pending: 120
Confirmed: 16/128 | Reverted: 0 | Pending: 112
Confirmed: 16/128 | Reverted: 0 | Pending: 112
Confirmed: 24/128 | Reverted: 0 | Pending: 104
Confirmed: 24/128 | Reverted: 0 | Pending: 104
Confirmed: 24/128 | Reverted: 0 | Pending: 104
Confirmed: 32/128 | Reverted: 0 | Pending: 96
Confirmed: 32/128 | Reverted: 0 | Pending: 96
Confirmed: 40/128 | Reverted: 0 | Pending: 88
Confirmed: 40/128 | Reverted: 0 | Pending: 88
Confirmed: 40/128 | Reverted: 0 | Pending: 88
Confirmed: 48/128 | Reverted: 0 | Pending: 80
Confirmed: 48/128 | Reverted: 0 | Pending: 80
Confirmed: 48/128 | Reverted: 0 | Pending: 80
Confirmed: 56/128 | Reverted: 0 | Pending: 72
Confirmed: 56/128 | Reverted: 0 | Pending: 72
Confirmed: 56/128 | Reverted: 0 | Pending: 72
Confirmed: 65/128 | Reverted: 0 | Pending: 63
Confirmed: 65/128 | Reverted: 0 | Pending: 63
Confirmed: 65/128 | Reverted: 0 | Pending: 63
Confirmed: 70/128 | Reverted: 0 | Pending: 58
Confirmed: 74/128 | Reverted: 0 | Pending: 54
Confirmed: 74/128 | Reverted: 0 | Pending: 54
Confirmed: 74/128 | Reverted: 0 | Pending: 54
Confirmed: 83/128 | Reverted: 0 | Pending: 45
Confirmed: 83/128 | Reverted: 0 | Pending: 45
Confirmed: 83/128 | Reverted: 0 | Pending: 45
Confirmed: 83/128 | Reverted: 0 | Pending: 45
Confirmed: 90/128 | Reverted: 0 | Pending: 38
Confirmed: 92/128 | Reverted: 0 | Pending: 36
Confirmed: 92/128 | Reverted: 0 | Pending: 36
Confirmed: 92/128 | Reverted: 0 | Pending: 36
Confirmed: 95/128 | Reverted: 0 | Pending: 33
Confirmed: 101/128 | Reverted: 0 | Pending: 27
Confirmed: 101/128 | Reverted: 0 | Pending: 27
Confirmed: 101/128 | Reverted: 0 | Pending: 27
Confirmed: 101/128 | Reverted: 0 | Pending: 27
Confirmed: 110/128 | Reverted: 0 | Pending: 18
Confirmed: 110/128 | Reverted: 0 | Pending: 18
Confirmed: 110/128 | Reverted: 0 | Pending: 18
Confirmed: 110/128 | Reverted: 0 | Pending: 18
Confirmed: 110/128 | Reverted: 0 | Pending: 18
Confirmed: 110/128 | Reverted: 0 | Pending: 18
Confirmed: 119/128 | Reverted: 0 | Pending: 9
Confirmed: 119/128 | Reverted: 0 | Pending: 9
Confirmed: 119/128 | Reverted: 0 | Pending: 9
Confirmed: 119/128 | Reverted: 0 | Pending: 9
Confirmed: 119/128 | Reverted: 0 | Pending: 9
Confirmed: 119/128 | Reverted: 0 | Pending: 9
Confirmed: 119/128 | Reverted: 0 | Pending: 9
Confirmed: 128/128 | Reverted: 0 | Pending: 0

Receipt polling finished.
------------------------------------------
Confirmed : 128
Reverted  : 0
Timeout   : 0
Duration  : 29.025s
------------------------------------------

>>> on-chain leg: aggregate_n8_vmnos16_r1 (16 tx total, 420B/tx x 16 distinct payloads, gas/tx=176674, to=0xC742a24015B3ECd70fA6caa59DcB39431193D466)

Starting transaction producer...
Target submission rate : 500.00 tx/s
Submission workers      : 48


Producer finished.
------------------------------------------
Submitted : 16/16
Failed    : 0/16
Duration  : 0.105s
Rate      : 152.50 tx/s
------------------------------------------

Starting receipt polling...
------------------------------------------
Transactions to confirm : 16
Receipt workers         : 48
Receipt timeout         : 120.0s
------------------------------------------

Confirmed: 0/16 | Reverted: 0 | Pending: 16
Confirmed: 0/16 | Reverted: 0 | Pending: 16
Confirmed: 0/16 | Reverted: 0 | Pending: 16
Confirmed: 1/16 | Reverted: 0 | Pending: 15
Confirmed: 1/16 | Reverted: 0 | Pending: 15
Confirmed: 1/16 | Reverted: 0 | Pending: 15
Confirmed: 1/16 | Reverted: 0 | Pending: 15
Confirmed: 1/16 | Reverted: 0 | Pending: 15
Confirmed: 2/16 | Reverted: 0 | Pending: 14
Confirmed: 2/16 | Reverted: 0 | Pending: 14
Confirmed: 2/16 | Reverted: 0 | Pending: 14
Confirmed: 2/16 | Reverted: 0 | Pending: 14
Confirmed: 2/16 | Reverted: 0 | Pending: 14
Confirmed: 2/16 | Reverted: 0 | Pending: 14
Confirmed: 3/16 | Reverted: 0 | Pending: 13
Confirmed: 3/16 | Reverted: 0 | Pending: 13
Confirmed: 3/16 | Reverted: 0 | Pending: 13
Confirmed: 3/16 | Reverted: 0 | Pending: 13
Confirmed: 3/16 | Reverted: 0 | Pending: 13
Confirmed: 4/16 | Reverted: 0 | Pending: 12
Confirmed: 4/16 | Reverted: 0 | Pending: 12
Confirmed: 4/16 | Reverted: 0 | Pending: 12
Confirmed: 4/16 | Reverted: 0 | Pending: 12
Confirmed: 4/16 | Reverted: 0 | Pending: 12
Confirmed: 4/16 | Reverted: 0 | Pending: 12
Confirmed: 5/16 | Reverted: 0 | Pending: 11
Confirmed: 5/16 | Reverted: 0 | Pending: 11
Confirmed: 5/16 | Reverted: 0 | Pending: 11
Confirmed: 5/16 | Reverted: 0 | Pending: 11
Confirmed: 5/16 | Reverted: 0 | Pending: 11
Confirmed: 5/16 | Reverted: 0 | Pending: 11
Confirmed: 6/16 | Reverted: 0 | Pending: 10
Confirmed: 6/16 | Reverted: 0 | Pending: 10
Confirmed: 6/16 | Reverted: 0 | Pending: 10
Confirmed: 6/16 | Reverted: 0 | Pending: 10
Confirmed: 6/16 | Reverted: 0 | Pending: 10
Confirmed: 6/16 | Reverted: 0 | Pending: 10
Confirmed: 8/16 | Reverted: 0 | Pending: 8
Confirmed: 8/16 | Reverted: 0 | Pending: 8
Confirmed: 8/16 | Reverted: 0 | Pending: 8
Confirmed: 8/16 | Reverted: 0 | Pending: 8
Confirmed: 8/16 | Reverted: 0 | Pending: 8
Confirmed: 8/16 | Reverted: 0 | Pending: 8
Confirmed: 9/16 | Reverted: 0 | Pending: 7
Confirmed: 9/16 | Reverted: 0 | Pending: 7
Confirmed: 9/16 | Reverted: 0 | Pending: 7
Confirmed: 9/16 | Reverted: 0 | Pending: 7
Confirmed: 9/16 | Reverted: 0 | Pending: 7
Confirmed: 9/16 | Reverted: 0 | Pending: 7
Confirmed: 10/16 | Reverted: 0 | Pending: 6
Confirmed: 10/16 | Reverted: 0 | Pending: 6
Confirmed: 10/16 | Reverted: 0 | Pending: 6
Confirmed: 10/16 | Reverted: 0 | Pending: 6
Confirmed: 10/16 | Reverted: 0 | Pending: 6
Confirmed: 10/16 | Reverted: 0 | Pending: 6
Confirmed: 10/16 | Reverted: 0 | Pending: 6
Confirmed: 11/16 | Reverted: 0 | Pending: 5
Confirmed: 11/16 | Reverted: 0 | Pending: 5
Confirmed: 11/16 | Reverted: 0 | Pending: 5
Confirmed: 11/16 | Reverted: 0 | Pending: 5
Confirmed: 11/16 | Reverted: 0 | Pending: 5
Confirmed: 11/16 | Reverted: 0 | Pending: 5
Confirmed: 12/16 | Reverted: 0 | Pending: 4
Confirmed: 12/16 | Reverted: 0 | Pending: 4
Confirmed: 12/16 | Reverted: 0 | Pending: 4
Confirmed: 12/16 | Reverted: 0 | Pending: 4
Confirmed: 12/16 | Reverted: 0 | Pending: 4
Confirmed: 12/16 | Reverted: 0 | Pending: 4
Confirmed: 12/16 | Reverted: 0 | Pending: 4
Confirmed: 13/16 | Reverted: 0 | Pending: 3
Confirmed: 13/16 | Reverted: 0 | Pending: 3
Confirmed: 13/16 | Reverted: 0 | Pending: 3
Confirmed: 13/16 | Reverted: 0 | Pending: 3
Confirmed: 13/16 | Reverted: 0 | Pending: 3
Confirmed: 13/16 | Reverted: 0 | Pending: 3
Confirmed: 13/16 | Reverted: 0 | Pending: 3
Confirmed: 14/16 | Reverted: 0 | Pending: 2
Confirmed: 14/16 | Reverted: 0 | Pending: 2
Confirmed: 14/16 | Reverted: 0 | Pending: 2
Confirmed: 14/16 | Reverted: 0 | Pending: 2
Confirmed: 14/16 | Reverted: 0 | Pending: 2
Confirmed: 14/16 | Reverted: 0 | Pending: 2
Confirmed: 14/16 | Reverted: 0 | Pending: 2
Confirmed: 14/16 | Reverted: 0 | Pending: 2
Confirmed: 15/16 | Reverted: 0 | Pending: 1
Confirmed: 15/16 | Reverted: 0 | Pending: 1
Confirmed: 15/16 | Reverted: 0 | Pending: 1
Confirmed: 15/16 | Reverted: 0 | Pending: 1
Confirmed: 15/16 | Reverted: 0 | Pending: 1
Confirmed: 15/16 | Reverted: 0 | Pending: 1
Confirmed: 15/16 | Reverted: 0 | Pending: 1
Confirmed: 16/16 | Reverted: 0 | Pending: 0

Receipt polling finished.
------------------------------------------
Confirmed : 16
Reverted  : 0
Timeout   : 0
Duration  : 28.910s
------------------------------------------

============================================================
nproofs/vmno=8  num_vmnos=16  run=2  (off-chain source: reference_fallback)
============================================================

>>> on-chain leg: individual_n8_vmnos16_r2 (128 tx total, 420B calldata, gas/tx=278265, to=0x2dE328EF66Ad9a499309E6Cb103181573df05dD1)

Starting transaction producer...
Target submission rate : 500.00 tx/s
Submission workers      : 48


Producer finished.
------------------------------------------
Submitted : 128/128
Failed    : 0/128
Duration  : 0.508s
Rate      : 252.02 tx/s
------------------------------------------

Starting receipt polling...
------------------------------------------
Transactions to confirm : 128
Receipt workers         : 48
Receipt timeout         : 120.0s
------------------------------------------

Confirmed: 0/128 | Reverted: 0 | Pending: 128
Confirmed: 6/128 | Reverted: 0 | Pending: 122
Confirmed: 6/128 | Reverted: 0 | Pending: 122
Confirmed: 14/128 | Reverted: 0 | Pending: 114
Confirmed: 14/128 | Reverted: 0 | Pending: 114
Confirmed: 20/128 | Reverted: 0 | Pending: 108
Confirmed: 22/128 | Reverted: 0 | Pending: 106
Confirmed: 22/128 | Reverted: 0 | Pending: 106
Confirmed: 30/128 | Reverted: 0 | Pending: 98
Confirmed: 30/128 | Reverted: 0 | Pending: 98
Confirmed: 37/128 | Reverted: 0 | Pending: 91
Confirmed: 38/128 | Reverted: 0 | Pending: 90
Confirmed: 41/128 | Reverted: 0 | Pending: 87
Confirmed: 46/128 | Reverted: 0 | Pending: 82
Confirmed: 46/128 | Reverted: 0 | Pending: 82
Confirmed: 55/128 | Reverted: 0 | Pending: 73
Confirmed: 55/128 | Reverted: 0 | Pending: 73
Confirmed: 55/128 | Reverted: 0 | Pending: 73
Confirmed: 64/128 | Reverted: 0 | Pending: 64
Confirmed: 64/128 | Reverted: 0 | Pending: 64
Confirmed: 71/128 | Reverted: 0 | Pending: 57
Confirmed: 73/128 | Reverted: 0 | Pending: 55
Confirmed: 73/128 | Reverted: 0 | Pending: 55
Confirmed: 78/128 | Reverted: 0 | Pending: 50
Confirmed: 82/128 | Reverted: 0 | Pending: 46
Confirmed: 82/128 | Reverted: 0 | Pending: 46
Confirmed: 82/128 | Reverted: 0 | Pending: 46
Confirmed: 91/128 | Reverted: 0 | Pending: 37
Confirmed: 91/128 | Reverted: 0 | Pending: 37
Confirmed: 91/128 | Reverted: 0 | Pending: 37
Confirmed: 91/128 | Reverted: 0 | Pending: 37
Confirmed: 97/128 | Reverted: 0 | Pending: 31
Confirmed: 100/128 | Reverted: 0 | Pending: 28
Confirmed: 100/128 | Reverted: 0 | Pending: 28
Confirmed: 100/128 | Reverted: 0 | Pending: 28
Confirmed: 100/128 | Reverted: 0 | Pending: 28
Confirmed: 109/128 | Reverted: 0 | Pending: 19
Confirmed: 109/128 | Reverted: 0 | Pending: 19
Confirmed: 109/128 | Reverted: 0 | Pending: 19
Confirmed: 109/128 | Reverted: 0 | Pending: 19
Confirmed: 109/128 | Reverted: 0 | Pending: 19
Confirmed: 111/128 | Reverted: 0 | Pending: 17
Confirmed: 118/128 | Reverted: 0 | Pending: 10
Confirmed: 118/128 | Reverted: 0 | Pending: 10
Confirmed: 118/128 | Reverted: 0 | Pending: 10
Confirmed: 118/128 | Reverted: 0 | Pending: 10
Confirmed: 118/128 | Reverted: 0 | Pending: 10
Confirmed: 118/128 | Reverted: 0 | Pending: 10
Confirmed: 126/128 | Reverted: 0 | Pending: 2
Confirmed: 126/128 | Reverted: 0 | Pending: 2
Confirmed: 126/128 | Reverted: 0 | Pending: 2
Confirmed: 126/128 | Reverted: 0 | Pending: 2
Confirmed: 126/128 | Reverted: 0 | Pending: 2
Confirmed: 126/128 | Reverted: 0 | Pending: 2
Confirmed: 128/128 | Reverted: 0 | Pending: 0

Receipt polling finished.
------------------------------------------
Confirmed : 128
Reverted  : 0
Timeout   : 0
Duration  : 30.398s
------------------------------------------

>>> on-chain leg: aggregate_n8_vmnos16_r2 (16 tx total, 420B/tx x 16 distinct payloads, gas/tx=176697, to=0xC742a24015B3ECd70fA6caa59DcB39431193D466)

Starting transaction producer...
Target submission rate : 500.00 tx/s
Submission workers      : 48


Producer finished.
------------------------------------------
Submitted : 16/16
Failed    : 0/16
Duration  : 0.095s
Rate      : 168.84 tx/s
------------------------------------------

Starting receipt polling...
------------------------------------------
Transactions to confirm : 16
Receipt workers         : 48
Receipt timeout         : 120.0s
------------------------------------------

Confirmed: 0/16 | Reverted: 0 | Pending: 16
Confirmed: 0/16 | Reverted: 0 | Pending: 16
Confirmed: 0/16 | Reverted: 0 | Pending: 16
Confirmed: 0/16 | Reverted: 0 | Pending: 16
Confirmed: 0/16 | Reverted: 0 | Pending: 16
Confirmed: 1/16 | Reverted: 0 | Pending: 15
Confirmed: 1/16 | Reverted: 0 | Pending: 15
Confirmed: 1/16 | Reverted: 0 | Pending: 15
Confirmed: 1/16 | Reverted: 0 | Pending: 15
Confirmed: 1/16 | Reverted: 0 | Pending: 15
Confirmed: 2/16 | Reverted: 0 | Pending: 14
Confirmed: 2/16 | Reverted: 0 | Pending: 14
Confirmed: 2/16 | Reverted: 0 | Pending: 14
Confirmed: 2/16 | Reverted: 0 | Pending: 14
Confirmed: 2/16 | Reverted: 0 | Pending: 14
Confirmed: 2/16 | Reverted: 0 | Pending: 14
Confirmed: 3/16 | Reverted: 0 | Pending: 13
Confirmed: 3/16 | Reverted: 0 | Pending: 13
Confirmed: 3/16 | Reverted: 0 | Pending: 13
Confirmed: 3/16 | Reverted: 0 | Pending: 13
Confirmed: 3/16 | Reverted: 0 | Pending: 13
Confirmed: 4/16 | Reverted: 0 | Pending: 12
Confirmed: 4/16 | Reverted: 0 | Pending: 12
Confirmed: 4/16 | Reverted: 0 | Pending: 12
Confirmed: 4/16 | Reverted: 0 | Pending: 12
Confirmed: 4/16 | Reverted: 0 | Pending: 12
Confirmed: 4/16 | Reverted: 0 | Pending: 12
Confirmed: 6/16 | Reverted: 0 | Pending: 10
Confirmed: 6/16 | Reverted: 0 | Pending: 10
Confirmed: 6/16 | Reverted: 0 | Pending: 10
Confirmed: 6/16 | Reverted: 0 | Pending: 10
Confirmed: 6/16 | Reverted: 0 | Pending: 10
Confirmed: 6/16 | Reverted: 0 | Pending: 10
Confirmed: 6/16 | Reverted: 0 | Pending: 10
Confirmed: 7/16 | Reverted: 0 | Pending: 9
Confirmed: 7/16 | Reverted: 0 | Pending: 9
Confirmed: 7/16 | Reverted: 0 | Pending: 9
Confirmed: 7/16 | Reverted: 0 | Pending: 9
Confirmed: 7/16 | Reverted: 0 | Pending: 9
Confirmed: 7/16 | Reverted: 0 | Pending: 9
Confirmed: 8/16 | Reverted: 0 | Pending: 8
Confirmed: 8/16 | Reverted: 0 | Pending: 8
Confirmed: 8/16 | Reverted: 0 | Pending: 8
Confirmed: 8/16 | Reverted: 0 | Pending: 8
Confirmed: 8/16 | Reverted: 0 | Pending: 8
Confirmed: 8/16 | Reverted: 0 | Pending: 8
Confirmed: 9/16 | Reverted: 0 | Pending: 7
Confirmed: 9/16 | Reverted: 0 | Pending: 7
Confirmed: 9/16 | Reverted: 0 | Pending: 7
Confirmed: 9/16 | Reverted: 0 | Pending: 7
Confirmed: 9/16 | Reverted: 0 | Pending: 7
Confirmed: 9/16 | Reverted: 0 | Pending: 7
Confirmed: 10/16 | Reverted: 0 | Pending: 6
Confirmed: 10/16 | Reverted: 0 | Pending: 6
Confirmed: 10/16 | Reverted: 0 | Pending: 6
Confirmed: 10/16 | Reverted: 0 | Pending: 6
Confirmed: 10/16 | Reverted: 0 | Pending: 6
Confirmed: 10/16 | Reverted: 0 | Pending: 6
Confirmed: 10/16 | Reverted: 0 | Pending: 6
Confirmed: 11/16 | Reverted: 0 | Pending: 5
Confirmed: 11/16 | Reverted: 0 | Pending: 5
Confirmed: 11/16 | Reverted: 0 | Pending: 5
Confirmed: 11/16 | Reverted: 0 | Pending: 5
Confirmed: 11/16 | Reverted: 0 | Pending: 5
Confirmed: 11/16 | Reverted: 0 | Pending: 5
Confirmed: 11/16 | Reverted: 0 | Pending: 5
Confirmed: 12/16 | Reverted: 0 | Pending: 4
Confirmed: 12/16 | Reverted: 0 | Pending: 4
Confirmed: 12/16 | Reverted: 0 | Pending: 4
Confirmed: 12/16 | Reverted: 0 | Pending: 4
Confirmed: 12/16 | Reverted: 0 | Pending: 4
Confirmed: 12/16 | Reverted: 0 | Pending: 4
Confirmed: 12/16 | Reverted: 0 | Pending: 4
Confirmed: 13/16 | Reverted: 0 | Pending: 3
Confirmed: 13/16 | Reverted: 0 | Pending: 3
Confirmed: 13/16 | Reverted: 0 | Pending: 3
Confirmed: 13/16 | Reverted: 0 | Pending: 3
Confirmed: 13/16 | Reverted: 0 | Pending: 3
Confirmed: 13/16 | Reverted: 0 | Pending: 3
Confirmed: 13/16 | Reverted: 0 | Pending: 3
Confirmed: 14/16 | Reverted: 0 | Pending: 2
Confirmed: 14/16 | Reverted: 0 | Pending: 2
Confirmed: 14/16 | Reverted: 0 | Pending: 2
Confirmed: 14/16 | Reverted: 0 | Pending: 2
Confirmed: 14/16 | Reverted: 0 | Pending: 2
Confirmed: 14/16 | Reverted: 0 | Pending: 2
Confirmed: 14/16 | Reverted: 0 | Pending: 2
Confirmed: 14/16 | Reverted: 0 | Pending: 2
Confirmed: 15/16 | Reverted: 0 | Pending: 1
Confirmed: 15/16 | Reverted: 0 | Pending: 1
Confirmed: 15/16 | Reverted: 0 | Pending: 1
Confirmed: 15/16 | Reverted: 0 | Pending: 1
Confirmed: 15/16 | Reverted: 0 | Pending: 1
Confirmed: 15/16 | Reverted: 0 | Pending: 1
Confirmed: 15/16 | Reverted: 0 | Pending: 1
Confirmed: 16/16 | Reverted: 0 | Pending: 0

Receipt polling finished.
------------------------------------------
Confirmed : 16
Reverted  : 0
Timeout   : 0
Duration  : 29.741s
------------------------------------------

============================================================
nproofs/vmno=8  num_vmnos=16  run=3  (off-chain source: reference_fallback)
============================================================

>>> on-chain leg: individual_n8_vmnos16_r3 (128 tx total, 420B calldata, gas/tx=278265, to=0x2dE328EF66Ad9a499309E6Cb103181573df05dD1)

Starting transaction producer...
Target submission rate : 500.00 tx/s
Submission workers      : 48


Producer finished.
------------------------------------------
Submitted : 128/128
Failed    : 0/128
Duration  : 0.442s
Rate      : 289.59 tx/s
------------------------------------------

Starting receipt polling...
------------------------------------------
Transactions to confirm : 128
Receipt workers         : 48
Receipt timeout         : 120.0s
------------------------------------------

Confirmed: 0/128 | Reverted: 0 | Pending: 128
Confirmed: 8/128 | Reverted: 0 | Pending: 120
Confirmed: 8/128 | Reverted: 0 | Pending: 120
Confirmed: 14/128 | Reverted: 0 | Pending: 114
Confirmed: 16/128 | Reverted: 0 | Pending: 112
Confirmed: 16/128 | Reverted: 0 | Pending: 112
Confirmed: 24/128 | Reverted: 0 | Pending: 104
Confirmed: 24/128 | Reverted: 0 | Pending: 104
Confirmed: 32/128 | Reverted: 0 | Pending: 96
Confirmed: 32/128 | Reverted: 0 | Pending: 96
Confirmed: 41/128 | Reverted: 0 | Pending: 87
Confirmed: 41/128 | Reverted: 0 | Pending: 87
Confirmed: 41/128 | Reverted: 0 | Pending: 87
Confirmed: 50/128 | Reverted: 0 | Pending: 78
Confirmed: 50/128 | Reverted: 0 | Pending: 78
Confirmed: 50/128 | Reverted: 0 | Pending: 78
Confirmed: 59/128 | Reverted: 0 | Pending: 69
Confirmed: 59/128 | Reverted: 0 | Pending: 69
Confirmed: 61/128 | Reverted: 0 | Pending: 67
Confirmed: 68/128 | Reverted: 0 | Pending: 60
Confirmed: 68/128 | Reverted: 0 | Pending: 60
Confirmed: 70/128 | Reverted: 0 | Pending: 58
Confirmed: 77/128 | Reverted: 0 | Pending: 51
Confirmed: 77/128 | Reverted: 0 | Pending: 51
Confirmed: 77/128 | Reverted: 0 | Pending: 51
Confirmed: 86/128 | Reverted: 0 | Pending: 42
Confirmed: 86/128 | Reverted: 0 | Pending: 42
Confirmed: 86/128 | Reverted: 0 | Pending: 42
Confirmed: 86/128 | Reverted: 0 | Pending: 42
Confirmed: 95/128 | Reverted: 0 | Pending: 33
Confirmed: 95/128 | Reverted: 0 | Pending: 33
Confirmed: 95/128 | Reverted: 0 | Pending: 33
Confirmed: 95/128 | Reverted: 0 | Pending: 33
Confirmed: 103/128 | Reverted: 0 | Pending: 25
Confirmed: 104/128 | Reverted: 0 | Pending: 24
Confirmed: 104/128 | Reverted: 0 | Pending: 24
Confirmed: 104/128 | Reverted: 0 | Pending: 24
Confirmed: 104/128 | Reverted: 0 | Pending: 24
Confirmed: 110/128 | Reverted: 0 | Pending: 18
Confirmed: 112/128 | Reverted: 0 | Pending: 16
Confirmed: 112/128 | Reverted: 0 | Pending: 16
Confirmed: 112/128 | Reverted: 0 | Pending: 16
Confirmed: 112/128 | Reverted: 0 | Pending: 16
Confirmed: 112/128 | Reverted: 0 | Pending: 16
Confirmed: 120/128 | Reverted: 0 | Pending: 8
Confirmed: 120/128 | Reverted: 0 | Pending: 8
Confirmed: 120/128 | Reverted: 0 | Pending: 8
Confirmed: 120/128 | Reverted: 0 | Pending: 8
Confirmed: 120/128 | Reverted: 0 | Pending: 8
Confirmed: 120/128 | Reverted: 0 | Pending: 8
Confirmed: 128/128 | Reverted: 0 | Pending: 0

Receipt polling finished.
------------------------------------------
Confirmed : 128
Reverted  : 0
Timeout   : 0
Duration  : 28.847s
------------------------------------------

>>> on-chain leg: aggregate_n8_vmnos16_r3 (16 tx total, 420B/tx x 16 distinct payloads, gas/tx=176656, to=0xC742a24015B3ECd70fA6caa59DcB39431193D466)

Starting transaction producer...
Target submission rate : 500.00 tx/s
Submission workers      : 48


Producer finished.
------------------------------------------
Submitted : 16/16
Failed    : 0/16
Duration  : 0.082s
Rate      : 195.36 tx/s
------------------------------------------

Starting receipt polling...
------------------------------------------
Transactions to confirm : 16
Receipt workers         : 48
Receipt timeout         : 120.0s
------------------------------------------

Confirmed: 0/16 | Reverted: 0 | Pending: 16
Confirmed: 0/16 | Reverted: 0 | Pending: 16
Confirmed: 0/16 | Reverted: 0 | Pending: 16
Confirmed: 0/16 | Reverted: 0 | Pending: 16
Confirmed: 1/16 | Reverted: 0 | Pending: 15
Confirmed: 1/16 | Reverted: 0 | Pending: 15
Confirmed: 1/16 | Reverted: 0 | Pending: 15
Confirmed: 1/16 | Reverted: 0 | Pending: 15
Confirmed: 1/16 | Reverted: 0 | Pending: 15
Confirmed: 2/16 | Reverted: 0 | Pending: 14
Confirmed: 2/16 | Reverted: 0 | Pending: 14
Confirmed: 2/16 | Reverted: 0 | Pending: 14
Confirmed: 2/16 | Reverted: 0 | Pending: 14
Confirmed: 2/16 | Reverted: 0 | Pending: 14
Confirmed: 3/16 | Reverted: 0 | Pending: 13
Confirmed: 3/16 | Reverted: 0 | Pending: 13
Confirmed: 3/16 | Reverted: 0 | Pending: 13
Confirmed: 3/16 | Reverted: 0 | Pending: 13
Confirmed: 3/16 | Reverted: 0 | Pending: 13
Confirmed: 3/16 | Reverted: 0 | Pending: 13
Confirmed: 5/16 | Reverted: 0 | Pending: 11
Confirmed: 5/16 | Reverted: 0 | Pending: 11
Confirmed: 5/16 | Reverted: 0 | Pending: 11
Confirmed: 5/16 | Reverted: 0 | Pending: 11
Confirmed: 5/16 | Reverted: 0 | Pending: 11
Confirmed: 5/16 | Reverted: 0 | Pending: 11
Confirmed: 6/16 | Reverted: 0 | Pending: 10
Confirmed: 6/16 | Reverted: 0 | Pending: 10
Confirmed: 6/16 | Reverted: 0 | Pending: 10
Confirmed: 6/16 | Reverted: 0 | Pending: 10
Confirmed: 6/16 | Reverted: 0 | Pending: 10
Confirmed: 6/16 | Reverted: 0 | Pending: 10
Confirmed: 7/16 | Reverted: 0 | Pending: 9
Confirmed: 7/16 | Reverted: 0 | Pending: 9
Confirmed: 7/16 | Reverted: 0 | Pending: 9
Confirmed: 7/16 | Reverted: 0 | Pending: 9
Confirmed: 7/16 | Reverted: 0 | Pending: 9
Confirmed: 7/16 | Reverted: 0 | Pending: 9
Confirmed: 8/16 | Reverted: 0 | Pending: 8
Confirmed: 8/16 | Reverted: 0 | Pending: 8
Confirmed: 8/16 | Reverted: 0 | Pending: 8
Confirmed: 8/16 | Reverted: 0 | Pending: 8
Confirmed: 8/16 | Reverted: 0 | Pending: 8
Confirmed: 8/16 | Reverted: 0 | Pending: 8
Confirmed: 9/16 | Reverted: 0 | Pending: 7
Confirmed: 9/16 | Reverted: 0 | Pending: 7
Confirmed: 9/16 | Reverted: 0 | Pending: 7
Confirmed: 9/16 | Reverted: 0 | Pending: 7
Confirmed: 9/16 | Reverted: 0 | Pending: 7
Confirmed: 9/16 | Reverted: 0 | Pending: 7
Confirmed: 10/16 | Reverted: 0 | Pending: 6
Confirmed: 10/16 | Reverted: 0 | Pending: 6
Confirmed: 10/16 | Reverted: 0 | Pending: 6
Confirmed: 10/16 | Reverted: 0 | Pending: 6
Confirmed: 10/16 | Reverted: 0 | Pending: 6
Confirmed: 10/16 | Reverted: 0 | Pending: 6
Confirmed: 10/16 | Reverted: 0 | Pending: 6
Confirmed: 10/16 | Reverted: 0 | Pending: 6
Confirmed: 11/16 | Reverted: 0 | Pending: 5
Confirmed: 11/16 | Reverted: 0 | Pending: 5
Confirmed: 11/16 | Reverted: 0 | Pending: 5
Confirmed: 11/16 | Reverted: 0 | Pending: 5
Confirmed: 11/16 | Reverted: 0 | Pending: 5
Confirmed: 11/16 | Reverted: 0 | Pending: 5
Confirmed: 11/16 | Reverted: 0 | Pending: 5
Confirmed: 12/16 | Reverted: 0 | Pending: 4
Confirmed: 12/16 | Reverted: 0 | Pending: 4
Confirmed: 12/16 | Reverted: 0 | Pending: 4
Confirmed: 12/16 | Reverted: 0 | Pending: 4
Confirmed: 12/16 | Reverted: 0 | Pending: 4
Confirmed: 12/16 | Reverted: 0 | Pending: 4
Confirmed: 12/16 | Reverted: 0 | Pending: 4
Confirmed: 13/16 | Reverted: 0 | Pending: 3
Confirmed: 13/16 | Reverted: 0 | Pending: 3
Confirmed: 13/16 | Reverted: 0 | Pending: 3
Confirmed: 13/16 | Reverted: 0 | Pending: 3
Confirmed: 13/16 | Reverted: 0 | Pending: 3
Confirmed: 13/16 | Reverted: 0 | Pending: 3
Confirmed: 13/16 | Reverted: 0 | Pending: 3
Confirmed: 14/16 | Reverted: 0 | Pending: 2
Confirmed: 14/16 | Reverted: 0 | Pending: 2
Confirmed: 14/16 | Reverted: 0 | Pending: 2
Confirmed: 14/16 | Reverted: 0 | Pending: 2
Confirmed: 14/16 | Reverted: 0 | Pending: 2
Confirmed: 14/16 | Reverted: 0 | Pending: 2
Confirmed: 14/16 | Reverted: 0 | Pending: 2
Confirmed: 15/16 | Reverted: 0 | Pending: 1
Confirmed: 15/16 | Reverted: 0 | Pending: 1
Confirmed: 15/16 | Reverted: 0 | Pending: 1
Confirmed: 15/16 | Reverted: 0 | Pending: 1
Confirmed: 15/16 | Reverted: 0 | Pending: 1
Confirmed: 15/16 | Reverted: 0 | Pending: 1
Confirmed: 15/16 | Reverted: 0 | Pending: 1
Confirmed: 15/16 | Reverted: 0 | Pending: 1
Confirmed: 16/16 | Reverted: 0 | Pending: 0

Receipt polling finished.
------------------------------------------
Confirmed : 16
Reverted  : 0
Timeout   : 0
Duration  : 29.289s
------------------------------------------

============================================================
nproofs/vmno=8  num_vmnos=16  run=4  (off-chain source: reference_fallback)
============================================================

>>> on-chain leg: individual_n8_vmnos16_r4 (128 tx total, 420B calldata, gas/tx=278265, to=0x2dE328EF66Ad9a499309E6Cb103181573df05dD1)

Starting transaction producer...
Target submission rate : 500.00 tx/s
Submission workers      : 48


Producer finished.
------------------------------------------
Submitted : 128/128
Failed    : 0/128
Duration  : 0.529s
Rate      : 241.98 tx/s
------------------------------------------

Starting receipt polling...
------------------------------------------
Transactions to confirm : 128
Receipt workers         : 48
Receipt timeout         : 120.0s
------------------------------------------

Confirmed: 3/128 | Reverted: 0 | Pending: 125
Confirmed: 4/128 | Reverted: 0 | Pending: 124
Confirmed: 7/128 | Reverted: 0 | Pending: 121
Confirmed: 12/128 | Reverted: 0 | Pending: 116
Confirmed: 12/128 | Reverted: 0 | Pending: 116
Confirmed: 20/128 | Reverted: 0 | Pending: 108
Confirmed: 20/128 | Reverted: 0 | Pending: 108
Confirmed: 23/128 | Reverted: 0 | Pending: 105
Confirmed: 29/128 | Reverted: 0 | Pending: 99
Confirmed: 29/128 | Reverted: 0 | Pending: 99
Confirmed: 38/128 | Reverted: 0 | Pending: 90
Confirmed: 38/128 | Reverted: 0 | Pending: 90
Confirmed: 47/128 | Reverted: 0 | Pending: 81
Confirmed: 47/128 | Reverted: 0 | Pending: 81
Confirmed: 49/128 | Reverted: 0 | Pending: 79
Confirmed: 56/128 | Reverted: 0 | Pending: 72
Confirmed: 56/128 | Reverted: 0 | Pending: 72
Confirmed: 61/128 | Reverted: 0 | Pending: 67
Confirmed: 65/128 | Reverted: 0 | Pending: 63
Confirmed: 65/128 | Reverted: 0 | Pending: 63
Confirmed: 69/128 | Reverted: 0 | Pending: 59
Confirmed: 74/128 | Reverted: 0 | Pending: 54
Confirmed: 74/128 | Reverted: 0 | Pending: 54
Confirmed: 74/128 | Reverted: 0 | Pending: 54
Confirmed: 83/128 | Reverted: 0 | Pending: 45
Confirmed: 83/128 | Reverted: 0 | Pending: 45
Confirmed: 83/128 | Reverted: 0 | Pending: 45
Confirmed: 86/128 | Reverted: 0 | Pending: 42
Confirmed: 92/128 | Reverted: 0 | Pending: 36
Confirmed: 92/128 | Reverted: 0 | Pending: 36
Confirmed: 92/128 | Reverted: 0 | Pending: 36
Confirmed: 95/128 | Reverted: 0 | Pending: 33
Confirmed: 100/128 | Reverted: 0 | Pending: 28
Confirmed: 100/128 | Reverted: 0 | Pending: 28
Confirmed: 100/128 | Reverted: 0 | Pending: 28
Confirmed: 105/128 | Reverted: 0 | Pending: 23
Confirmed: 108/128 | Reverted: 0 | Pending: 20
Confirmed: 108/128 | Reverted: 0 | Pending: 20
Confirmed: 108/128 | Reverted: 0 | Pending: 20
Confirmed: 108/128 | Reverted: 0 | Pending: 20
Confirmed: 108/128 | Reverted: 0 | Pending: 20
Confirmed: 116/128 | Reverted: 0 | Pending: 12
Confirmed: 116/128 | Reverted: 0 | Pending: 12
Confirmed: 116/128 | Reverted: 0 | Pending: 12
Confirmed: 116/128 | Reverted: 0 | Pending: 12
Confirmed: 116/128 | Reverted: 0 | Pending: 12
Confirmed: 124/128 | Reverted: 0 | Pending: 4
Confirmed: 124/128 | Reverted: 0 | Pending: 4
Confirmed: 124/128 | Reverted: 0 | Pending: 4
Confirmed: 124/128 | Reverted: 0 | Pending: 4
Confirmed: 124/128 | Reverted: 0 | Pending: 4
Confirmed: 124/128 | Reverted: 0 | Pending: 4
Confirmed: 128/128 | Reverted: 0 | Pending: 0

Receipt polling finished.
------------------------------------------
Confirmed : 128
Reverted  : 0
Timeout   : 0
Duration  : 30.241s
------------------------------------------

>>> on-chain leg: aggregate_n8_vmnos16_r4 (16 tx total, 420B/tx x 16 distinct payloads, gas/tx=176697, to=0xC742a24015B3ECd70fA6caa59DcB39431193D466)

Starting transaction producer...
Target submission rate : 500.00 tx/s
Submission workers      : 48


Producer finished.
------------------------------------------
Submitted : 16/16
Failed    : 0/16
Duration  : 0.085s
Rate      : 188.22 tx/s
------------------------------------------

Starting receipt polling...
------------------------------------------
Transactions to confirm : 16
Receipt workers         : 48
Receipt timeout         : 120.0s
------------------------------------------

Confirmed: 0/16 | Reverted: 0 | Pending: 16
Confirmed: 0/16 | Reverted: 0 | Pending: 16
Confirmed: 0/16 | Reverted: 0 | Pending: 16
Confirmed: 1/16 | Reverted: 0 | Pending: 15
Confirmed: 1/16 | Reverted: 0 | Pending: 15
Confirmed: 1/16 | Reverted: 0 | Pending: 15
Confirmed: 1/16 | Reverted: 0 | Pending: 15
Confirmed: 1/16 | Reverted: 0 | Pending: 15
Confirmed: 3/16 | Reverted: 0 | Pending: 13
Confirmed: 3/16 | Reverted: 0 | Pending: 13
Confirmed: 3/16 | Reverted: 0 | Pending: 13
Confirmed: 3/16 | Reverted: 0 | Pending: 13
Confirmed: 3/16 | Reverted: 0 | Pending: 13
Confirmed: 3/16 | Reverted: 0 | Pending: 13
Confirmed: 4/16 | Reverted: 0 | Pending: 12
Confirmed: 4/16 | Reverted: 0 | Pending: 12
Confirmed: 4/16 | Reverted: 0 | Pending: 12
Confirmed: 4/16 | Reverted: 0 | Pending: 12
Confirmed: 4/16 | Reverted: 0 | Pending: 12
Confirmed: 4/16 | Reverted: 0 | Pending: 12
Confirmed: 5/16 | Reverted: 0 | Pending: 11
Confirmed: 5/16 | Reverted: 0 | Pending: 11
Confirmed: 5/16 | Reverted: 0 | Pending: 11
Confirmed: 5/16 | Reverted: 0 | Pending: 11
Confirmed: 5/16 | Reverted: 0 | Pending: 11
Confirmed: 5/16 | Reverted: 0 | Pending: 11
Confirmed: 6/16 | Reverted: 0 | Pending: 10
Confirmed: 6/16 | Reverted: 0 | Pending: 10
Confirmed: 6/16 | Reverted: 0 | Pending: 10
Confirmed: 6/16 | Reverted: 0 | Pending: 10
Confirmed: 6/16 | Reverted: 0 | Pending: 10
Confirmed: 7/16 | Reverted: 0 | Pending: 9
Confirmed: 7/16 | Reverted: 0 | Pending: 9
Confirmed: 7/16 | Reverted: 0 | Pending: 9
Confirmed: 7/16 | Reverted: 0 | Pending: 9
Confirmed: 7/16 | Reverted: 0 | Pending: 9
Confirmed: 7/16 | Reverted: 0 | Pending: 9
Confirmed: 8/16 | Reverted: 0 | Pending: 8
Confirmed: 8/16 | Reverted: 0 | Pending: 8
Confirmed: 8/16 | Reverted: 0 | Pending: 8
Confirmed: 8/16 | Reverted: 0 | Pending: 8
Confirmed: 8/16 | Reverted: 0 | Pending: 8
Confirmed: 8/16 | Reverted: 0 | Pending: 8
Confirmed: 9/16 | Reverted: 0 | Pending: 7
Confirmed: 9/16 | Reverted: 0 | Pending: 7
Confirmed: 9/16 | Reverted: 0 | Pending: 7
Confirmed: 9/16 | Reverted: 0 | Pending: 7
Confirmed: 9/16 | Reverted: 0 | Pending: 7
Confirmed: 9/16 | Reverted: 0 | Pending: 7
Confirmed: 10/16 | Reverted: 0 | Pending: 6
Confirmed: 10/16 | Reverted: 0 | Pending: 6
Confirmed: 10/16 | Reverted: 0 | Pending: 6
Confirmed: 10/16 | Reverted: 0 | Pending: 6
Confirmed: 10/16 | Reverted: 0 | Pending: 6
Confirmed: 10/16 | Reverted: 0 | Pending: 6
Confirmed: 10/16 | Reverted: 0 | Pending: 6
Confirmed: 11/16 | Reverted: 0 | Pending: 5
Confirmed: 11/16 | Reverted: 0 | Pending: 5
Confirmed: 11/16 | Reverted: 0 | Pending: 5
Confirmed: 11/16 | Reverted: 0 | Pending: 5
Confirmed: 11/16 | Reverted: 0 | Pending: 5
Confirmed: 11/16 | Reverted: 0 | Pending: 5
Confirmed: 11/16 | Reverted: 0 | Pending: 5
Confirmed: 12/16 | Reverted: 0 | Pending: 4
Confirmed: 12/16 | Reverted: 0 | Pending: 4
Confirmed: 12/16 | Reverted: 0 | Pending: 4
Confirmed: 12/16 | Reverted: 0 | Pending: 4
Confirmed: 12/16 | Reverted: 0 | Pending: 4
Confirmed: 12/16 | Reverted: 0 | Pending: 4
Confirmed: 13/16 | Reverted: 0 | Pending: 3
Confirmed: 13/16 | Reverted: 0 | Pending: 3
Confirmed: 13/16 | Reverted: 0 | Pending: 3
Confirmed: 13/16 | Reverted: 0 | Pending: 3
Confirmed: 13/16 | Reverted: 0 | Pending: 3
Confirmed: 13/16 | Reverted: 0 | Pending: 3
Confirmed: 13/16 | Reverted: 0 | Pending: 3
Confirmed: 14/16 | Reverted: 0 | Pending: 2
Confirmed: 14/16 | Reverted: 0 | Pending: 2
Confirmed: 14/16 | Reverted: 0 | Pending: 2
Confirmed: 14/16 | Reverted: 0 | Pending: 2
Confirmed: 14/16 | Reverted: 0 | Pending: 2
Confirmed: 14/16 | Reverted: 0 | Pending: 2
Confirmed: 14/16 | Reverted: 0 | Pending: 2
Confirmed: 14/16 | Reverted: 0 | Pending: 2
Confirmed: 15/16 | Reverted: 0 | Pending: 1
Confirmed: 15/16 | Reverted: 0 | Pending: 1
Confirmed: 15/16 | Reverted: 0 | Pending: 1
Confirmed: 15/16 | Reverted: 0 | Pending: 1
Confirmed: 15/16 | Reverted: 0 | Pending: 1
Confirmed: 15/16 | Reverted: 0 | Pending: 1
Confirmed: 15/16 | Reverted: 0 | Pending: 1
Confirmed: 16/16 | Reverted: 0 | Pending: 0

Receipt polling finished.
------------------------------------------
Confirmed : 16
Reverted  : 0
Timeout   : 0
Duration  : 28.976s
------------------------------------------

============================================================
nproofs/vmno=8  num_vmnos=16  run=5  (off-chain source: reference_fallback)
============================================================

>>> on-chain leg: individual_n8_vmnos16_r5 (128 tx total, 420B calldata, gas/tx=278265, to=0x2dE328EF66Ad9a499309E6Cb103181573df05dD1)

Starting transaction producer...
Target submission rate : 500.00 tx/s
Submission workers      : 48


Producer finished.
------------------------------------------
Submitted : 128/128
Failed    : 0/128
Duration  : 0.456s
Rate      : 280.58 tx/s
------------------------------------------

Starting receipt polling...
------------------------------------------
Transactions to confirm : 128
Receipt workers         : 48
Receipt timeout         : 120.0s
------------------------------------------

Confirmed: 0/128 | Reverted: 0 | Pending: 128
Confirmed: 7/128 | Reverted: 0 | Pending: 121
Confirmed: 7/128 | Reverted: 0 | Pending: 121
Confirmed: 15/128 | Reverted: 0 | Pending: 113
Confirmed: 16/128 | Reverted: 0 | Pending: 112
Confirmed: 23/128 | Reverted: 0 | Pending: 105
Confirmed: 25/128 | Reverted: 0 | Pending: 103
Confirmed: 30/128 | Reverted: 0 | Pending: 98
Confirmed: 34/128 | Reverted: 0 | Pending: 94
Confirmed: 34/128 | Reverted: 0 | Pending: 94
Confirmed: 43/128 | Reverted: 0 | Pending: 85
Confirmed: 43/128 | Reverted: 0 | Pending: 85
Confirmed: 52/128 | Reverted: 0 | Pending: 76
Confirmed: 52/128 | Reverted: 0 | Pending: 76
Confirmed: 52/128 | Reverted: 0 | Pending: 76
Confirmed: 61/128 | Reverted: 0 | Pending: 67
Confirmed: 61/128 | Reverted: 0 | Pending: 67
Confirmed: 61/128 | Reverted: 0 | Pending: 67
Confirmed: 68/128 | Reverted: 0 | Pending: 60
Confirmed: 70/128 | Reverted: 0 | Pending: 58
Confirmed: 70/128 | Reverted: 0 | Pending: 58
Confirmed: 77/128 | Reverted: 0 | Pending: 51
Confirmed: 79/128 | Reverted: 0 | Pending: 49
Confirmed: 79/128 | Reverted: 0 | Pending: 49
Confirmed: 79/128 | Reverted: 0 | Pending: 49
Confirmed: 87/128 | Reverted: 0 | Pending: 41
Confirmed: 87/128 | Reverted: 0 | Pending: 41
Confirmed: 87/128 | Reverted: 0 | Pending: 41
Confirmed: 87/128 | Reverted: 0 | Pending: 41
Confirmed: 95/128 | Reverted: 0 | Pending: 33
Confirmed: 95/128 | Reverted: 0 | Pending: 33
Confirmed: 95/128 | Reverted: 0 | Pending: 33
Confirmed: 95/128 | Reverted: 0 | Pending: 33
Confirmed: 103/128 | Reverted: 0 | Pending: 25
Confirmed: 103/128 | Reverted: 0 | Pending: 25
Confirmed: 103/128 | Reverted: 0 | Pending: 25
Confirmed: 103/128 | Reverted: 0 | Pending: 25
Confirmed: 111/128 | Reverted: 0 | Pending: 17
Confirmed: 111/128 | Reverted: 0 | Pending: 17
Confirmed: 111/128 | Reverted: 0 | Pending: 17
Confirmed: 111/128 | Reverted: 0 | Pending: 17
Confirmed: 111/128 | Reverted: 0 | Pending: 17
Confirmed: 112/128 | Reverted: 0 | Pending: 16
Confirmed: 119/128 | Reverted: 0 | Pending: 9
Confirmed: 119/128 | Reverted: 0 | Pending: 9
Confirmed: 119/128 | Reverted: 0 | Pending: 9
Confirmed: 119/128 | Reverted: 0 | Pending: 9
Confirmed: 119/128 | Reverted: 0 | Pending: 9
Confirmed: 119/128 | Reverted: 0 | Pending: 9
Confirmed: 127/128 | Reverted: 0 | Pending: 1
Confirmed: 127/128 | Reverted: 0 | Pending: 1
Confirmed: 127/128 | Reverted: 0 | Pending: 1
Confirmed: 127/128 | Reverted: 0 | Pending: 1
Confirmed: 127/128 | Reverted: 0 | Pending: 1
Confirmed: 127/128 | Reverted: 0 | Pending: 1
Confirmed: 128/128 | Reverted: 0 | Pending: 0

Receipt polling finished.
------------------------------------------
Confirmed : 128
Reverted  : 0
Timeout   : 0
Duration  : 30.371s
------------------------------------------

>>> on-chain leg: aggregate_n8_vmnos16_r5 (16 tx total, 420B/tx x 16 distinct payloads, gas/tx=176674, to=0xC742a24015B3ECd70fA6caa59DcB39431193D466)

Starting transaction producer...
Target submission rate : 500.00 tx/s
Submission workers      : 48


Producer finished.
------------------------------------------
Submitted : 16/16
Failed    : 0/16
Duration  : 0.097s
Rate      : 165.00 tx/s
------------------------------------------

Starting receipt polling...
------------------------------------------
Transactions to confirm : 16
Receipt workers         : 48
Receipt timeout         : 120.0s
------------------------------------------

Confirmed: 0/16 | Reverted: 0 | Pending: 16
Confirmed: 0/16 | Reverted: 0 | Pending: 16
Confirmed: 0/16 | Reverted: 0 | Pending: 16
Confirmed: 0/16 | Reverted: 0 | Pending: 16
Confirmed: 0/16 | Reverted: 0 | Pending: 16
Confirmed: 1/16 | Reverted: 0 | Pending: 15
Confirmed: 1/16 | Reverted: 0 | Pending: 15
Confirmed: 1/16 | Reverted: 0 | Pending: 15
Confirmed: 1/16 | Reverted: 0 | Pending: 15
Confirmed: 1/16 | Reverted: 0 | Pending: 15
Confirmed: 1/16 | Reverted: 0 | Pending: 15
Confirmed: 2/16 | Reverted: 0 | Pending: 14
Confirmed: 2/16 | Reverted: 0 | Pending: 14
Confirmed: 2/16 | Reverted: 0 | Pending: 14
Confirmed: 2/16 | Reverted: 0 | Pending: 14
Confirmed: 2/16 | Reverted: 0 | Pending: 14
Confirmed: 3/16 | Reverted: 0 | Pending: 13
Confirmed: 3/16 | Reverted: 0 | Pending: 13
Confirmed: 3/16 | Reverted: 0 | Pending: 13
Confirmed: 3/16 | Reverted: 0 | Pending: 13
Confirmed: 3/16 | Reverted: 0 | Pending: 13
Confirmed: 4/16 | Reverted: 0 | Pending: 12
Confirmed: 4/16 | Reverted: 0 | Pending: 12
Confirmed: 4/16 | Reverted: 0 | Pending: 12
Confirmed: 4/16 | Reverted: 0 | Pending: 12
Confirmed: 4/16 | Reverted: 0 | Pending: 12
Confirmed: 4/16 | Reverted: 0 | Pending: 12
Confirmed: 5/16 | Reverted: 0 | Pending: 11
Confirmed: 5/16 | Reverted: 0 | Pending: 11
Confirmed: 5/16 | Reverted: 0 | Pending: 11
Confirmed: 5/16 | Reverted: 0 | Pending: 11
Confirmed: 5/16 | Reverted: 0 | Pending: 11
Confirmed: 5/16 | Reverted: 0 | Pending: 11
Confirmed: 6/16 | Reverted: 0 | Pending: 10
Confirmed: 6/16 | Reverted: 0 | Pending: 10
Confirmed: 6/16 | Reverted: 0 | Pending: 10
Confirmed: 6/16 | Reverted: 0 | Pending: 10
Confirmed: 6/16 | Reverted: 0 | Pending: 10
Confirmed: 6/16 | Reverted: 0 | Pending: 10
Confirmed: 7/16 | Reverted: 0 | Pending: 9
Confirmed: 7/16 | Reverted: 0 | Pending: 9
Confirmed: 7/16 | Reverted: 0 | Pending: 9
Confirmed: 7/16 | Reverted: 0 | Pending: 9
Confirmed: 7/16 | Reverted: 0 | Pending: 9
Confirmed: 8/16 | Reverted: 0 | Pending: 8
Confirmed: 8/16 | Reverted: 0 | Pending: 8
Confirmed: 8/16 | Reverted: 0 | Pending: 8
Confirmed: 8/16 | Reverted: 0 | Pending: 8
Confirmed: 8/16 | Reverted: 0 | Pending: 8
Confirmed: 8/16 | Reverted: 0 | Pending: 8
Confirmed: 8/16 | Reverted: 0 | Pending: 8
Confirmed: 9/16 | Reverted: 0 | Pending: 7
Confirmed: 9/16 | Reverted: 0 | Pending: 7
Confirmed: 9/16 | Reverted: 0 | Pending: 7
Confirmed: 9/16 | Reverted: 0 | Pending: 7
Confirmed: 9/16 | Reverted: 0 | Pending: 7
Confirmed: 10/16 | Reverted: 0 | Pending: 6
Confirmed: 10/16 | Reverted: 0 | Pending: 6
Confirmed: 10/16 | Reverted: 0 | Pending: 6
Confirmed: 10/16 | Reverted: 0 | Pending: 6
Confirmed: 10/16 | Reverted: 0 | Pending: 6
Confirmed: 10/16 | Reverted: 0 | Pending: 6
Confirmed: 10/16 | Reverted: 0 | Pending: 6
Confirmed: 11/16 | Reverted: 0 | Pending: 5
Confirmed: 11/16 | Reverted: 0 | Pending: 5
Confirmed: 11/16 | Reverted: 0 | Pending: 5
Confirmed: 11/16 | Reverted: 0 | Pending: 5
Confirmed: 11/16 | Reverted: 0 | Pending: 5
Confirmed: 11/16 | Reverted: 0 | Pending: 5
Confirmed: 12/16 | Reverted: 0 | Pending: 4
Confirmed: 12/16 | Reverted: 0 | Pending: 4
Confirmed: 12/16 | Reverted: 0 | Pending: 4
Confirmed: 12/16 | Reverted: 0 | Pending: 4
Confirmed: 12/16 | Reverted: 0 | Pending: 4
Confirmed: 12/16 | Reverted: 0 | Pending: 4
Confirmed: 12/16 | Reverted: 0 | Pending: 4
Confirmed: 13/16 | Reverted: 0 | Pending: 3
Confirmed: 13/16 | Reverted: 0 | Pending: 3
Confirmed: 13/16 | Reverted: 0 | Pending: 3
Confirmed: 13/16 | Reverted: 0 | Pending: 3
Confirmed: 13/16 | Reverted: 0 | Pending: 3
Confirmed: 13/16 | Reverted: 0 | Pending: 3
Confirmed: 13/16 | Reverted: 0 | Pending: 3
Confirmed: 14/16 | Reverted: 0 | Pending: 2
Confirmed: 14/16 | Reverted: 0 | Pending: 2
Confirmed: 14/16 | Reverted: 0 | Pending: 2
Confirmed: 14/16 | Reverted: 0 | Pending: 2
Confirmed: 14/16 | Reverted: 0 | Pending: 2
Confirmed: 14/16 | Reverted: 0 | Pending: 2
Confirmed: 14/16 | Reverted: 0 | Pending: 2
Confirmed: 14/16 | Reverted: 0 | Pending: 2
Confirmed: 16/16 | Reverted: 0 | Pending: 0

Receipt polling finished.
------------------------------------------
Confirmed : 16
Reverted  : 0
Timeout   : 0
Duration  : 29.905s
------------------------------------------
Wrote: results/hardware-vmno-scaling/l3icalcul07/wan-nproof8-w48-rw48-rate500/vmnos-16/zkroam-wan-16vmnos/zkroam_wan_16vmnos_16_500.0_48_48_resource_usage.csv

Wrote: results/hardware-vmno-scaling/l3icalcul07/wan-nproof8-w48-rw48-rate500/vmnos-16/zkroam-wan-16vmnos/zkroam_wan_16vmnos_16_500.0_48_48_sweep_summary.csv

============================================================================
SWEEP HIGHLIGHTS (median across runs per nproofs/VMNO level)
============================================================================
 nproofs  num_vmnos  ind_gas_total  agg_gas_total gas_save_%  pipeline_x
       8         16     30,972,160      2,458,080      92.1%       3.01x
============================================================================

$ /Utilisateurs/abellach/zkRoam/net-heterogeneity/venv/bin/python3 monitoring/collect_metrics.py --logs-dir logs --rpc http://172.28.0.10:8545 --start-block 30 --end-block 195 --log-offsets results/hardware-vmno-scaling/l3icalcul07/wan-nproof8-w48-rw48-rate500/vmnos-16/zkroam-wan-16vmnos/log_offsets_at_workload_start.json --out results/hardware-vmno-scaling/l3icalcul07/wan-nproof8-w48-rw48-rate500/vmnos-16/zkroam-wan-16vmnos/consensus_robustness.csv
Total view changes across all nodes: 0
Blocks exceeding 2x block period (stall indicator): 0/166
Wrote results/hardware-vmno-scaling/l3icalcul07/wan-nproof8-w48-rw48-rate500/vmnos-16/zkroam-wan-16vmnos/consensus_robustness.csv

$ /Utilisateurs/abellach/zkRoam/net-heterogeneity/venv/bin/python3 scripts/apptainer-network.py snapshot --out results/hardware-vmno-scaling/l3icalcul07/wan-nproof8-w48-rw48-rate500/vmnos-16/zkroam-wan-16vmnos/runtime_snapshot
$ nsenter -t 1532545 -n apptainer exec --cleanenv /Utilisateurs/abellach/zkRoam/net-heterogeneity/zkroam-besu.sif tc -s qdisc show
$ nsenter -t 1532545 -n apptainer exec --cleanenv /Utilisateurs/abellach/zkRoam/net-heterogeneity/zkroam-besu.sif tc -s class show
$ nsenter -t 1532545 -n apptainer exec --cleanenv /Utilisateurs/abellach/zkRoam/net-heterogeneity/zkroam-besu.sif tc -s filter show
$ nsenter -t 1532545 -n apptainer exec --cleanenv /Utilisateurs/abellach/zkRoam/net-heterogeneity/zkroam-besu.sif ip -o addr show
$ nsenter -t 1533030 -n apptainer exec --cleanenv /Utilisateurs/abellach/zkRoam/net-heterogeneity/zkroam-besu.sif tc -s qdisc show
$ nsenter -t 1533030 -n apptainer exec --cleanenv /Utilisateurs/abellach/zkRoam/net-heterogeneity/zkroam-besu.sif tc -s class show
$ nsenter -t 1533030 -n apptainer exec --cleanenv /Utilisateurs/abellach/zkRoam/net-heterogeneity/zkroam-besu.sif tc -s filter show
$ nsenter -t 1533030 -n apptainer exec --cleanenv /Utilisateurs/abellach/zkRoam/net-heterogeneity/zkroam-besu.sif ip -o addr show
$ nsenter -t 1533673 -n apptainer exec --cleanenv /Utilisateurs/abellach/zkRoam/net-heterogeneity/zkroam-besu.sif tc -s qdisc show
$ nsenter -t 1533673 -n apptainer exec --cleanenv /Utilisateurs/abellach/zkRoam/net-heterogeneity/zkroam-besu.sif tc -s class show
$ nsenter -t 1533673 -n apptainer exec --cleanenv /Utilisateurs/abellach/zkRoam/net-heterogeneity/zkroam-besu.sif tc -s filter show
$ nsenter -t 1533673 -n apptainer exec --cleanenv /Utilisateurs/abellach/zkRoam/net-heterogeneity/zkroam-besu.sif ip -o addr show
$ nsenter -t 1534361 -n apptainer exec --cleanenv /Utilisateurs/abellach/zkRoam/net-heterogeneity/zkroam-besu.sif tc -s qdisc show
$ nsenter -t 1534361 -n apptainer exec --cleanenv /Utilisateurs/abellach/zkRoam/net-heterogeneity/zkroam-besu.sif tc -s class show
$ nsenter -t 1534361 -n apptainer exec --cleanenv /Utilisateurs/abellach/zkRoam/net-heterogeneity/zkroam-besu.sif tc -s filter show
$ nsenter -t 1534361 -n apptainer exec --cleanenv /Utilisateurs/abellach/zkRoam/net-heterogeneity/zkroam-besu.sif ip -o addr show
$ nsenter -t 1535180 -n apptainer exec --cleanenv /Utilisateurs/abellach/zkRoam/net-heterogeneity/zkroam-besu.sif tc -s qdisc show
$ nsenter -t 1535180 -n apptainer exec --cleanenv /Utilisateurs/abellach/zkRoam/net-heterogeneity/zkroam-besu.sif tc -s class show
$ nsenter -t 1535180 -n apptainer exec --cleanenv /Utilisateurs/abellach/zkRoam/net-heterogeneity/zkroam-besu.sif tc -s filter show
$ nsenter -t 1535180 -n apptainer exec --cleanenv /Utilisateurs/abellach/zkRoam/net-heterogeneity/zkroam-besu.sif ip -o addr show
$ nsenter -t 1536023 -n apptainer exec --cleanenv /Utilisateurs/abellach/zkRoam/net-heterogeneity/zkroam-besu.sif tc -s qdisc show
$ nsenter -t 1536023 -n apptainer exec --cleanenv /Utilisateurs/abellach/zkRoam/net-heterogeneity/zkroam-besu.sif tc -s class show
$ nsenter -t 1536023 -n apptainer exec --cleanenv /Utilisateurs/abellach/zkRoam/net-heterogeneity/zkroam-besu.sif tc -s filter show
$ nsenter -t 1536023 -n apptainer exec --cleanenv /Utilisateurs/abellach/zkRoam/net-heterogeneity/zkroam-besu.sif ip -o addr show
$ nsenter -t 1536865 -n apptainer exec --cleanenv /Utilisateurs/abellach/zkRoam/net-heterogeneity/zkroam-besu.sif tc -s qdisc show
$ nsenter -t 1536865 -n apptainer exec --cleanenv /Utilisateurs/abellach/zkRoam/net-heterogeneity/zkroam-besu.sif tc -s class show
$ nsenter -t 1536865 -n apptainer exec --cleanenv /Utilisateurs/abellach/zkRoam/net-heterogeneity/zkroam-besu.sif tc -s filter show
$ nsenter -t 1536865 -n apptainer exec --cleanenv /Utilisateurs/abellach/zkRoam/net-heterogeneity/zkroam-besu.sif ip -o addr show
$ nsenter -t 1537711 -n apptainer exec --cleanenv /Utilisateurs/abellach/zkRoam/net-heterogeneity/zkroam-besu.sif tc -s qdisc show
$ nsenter -t 1537711 -n apptainer exec --cleanenv /Utilisateurs/abellach/zkRoam/net-heterogeneity/zkroam-besu.sif tc -s class show
$ nsenter -t 1537711 -n apptainer exec --cleanenv /Utilisateurs/abellach/zkRoam/net-heterogeneity/zkroam-besu.sif tc -s filter show
$ nsenter -t 1537711 -n apptainer exec --cleanenv /Utilisateurs/abellach/zkRoam/net-heterogeneity/zkroam-besu.sif ip -o addr show
$ nsenter -t 1538533 -n apptainer exec --cleanenv /Utilisateurs/abellach/zkRoam/net-heterogeneity/zkroam-besu.sif tc -s qdisc show
$ nsenter -t 1538533 -n apptainer exec --cleanenv /Utilisateurs/abellach/zkRoam/net-heterogeneity/zkroam-besu.sif tc -s class show
$ nsenter -t 1538533 -n apptainer exec --cleanenv /Utilisateurs/abellach/zkRoam/net-heterogeneity/zkroam-besu.sif tc -s filter show
$ nsenter -t 1538533 -n apptainer exec --cleanenv /Utilisateurs/abellach/zkRoam/net-heterogeneity/zkroam-besu.sif ip -o addr show
$ nsenter -t 1539381 -n apptainer exec --cleanenv /Utilisateurs/abellach/zkRoam/net-heterogeneity/zkroam-besu.sif tc -s qdisc show
$ nsenter -t 1539381 -n apptainer exec --cleanenv /Utilisateurs/abellach/zkRoam/net-heterogeneity/zkroam-besu.sif tc -s class show
$ nsenter -t 1539381 -n apptainer exec --cleanenv /Utilisateurs/abellach/zkRoam/net-heterogeneity/zkroam-besu.sif tc -s filter show
$ nsenter -t 1539381 -n apptainer exec --cleanenv /Utilisateurs/abellach/zkRoam/net-heterogeneity/zkroam-besu.sif ip -o addr show
$ nsenter -t 1540209 -n apptainer exec --cleanenv /Utilisateurs/abellach/zkRoam/net-heterogeneity/zkroam-besu.sif tc -s qdisc show
$ nsenter -t 1540209 -n apptainer exec --cleanenv /Utilisateurs/abellach/zkRoam/net-heterogeneity/zkroam-besu.sif tc -s class show
$ nsenter -t 1540209 -n apptainer exec --cleanenv /Utilisateurs/abellach/zkRoam/net-heterogeneity/zkroam-besu.sif tc -s filter show
$ nsenter -t 1540209 -n apptainer exec --cleanenv /Utilisateurs/abellach/zkRoam/net-heterogeneity/zkroam-besu.sif ip -o addr show
$ nsenter -t 1541064 -n apptainer exec --cleanenv /Utilisateurs/abellach/zkRoam/net-heterogeneity/zkroam-besu.sif tc -s qdisc show
$ nsenter -t 1541064 -n apptainer exec --cleanenv /Utilisateurs/abellach/zkRoam/net-heterogeneity/zkroam-besu.sif tc -s class show
$ nsenter -t 1541064 -n apptainer exec --cleanenv /Utilisateurs/abellach/zkRoam/net-heterogeneity/zkroam-besu.sif tc -s filter show
$ nsenter -t 1541064 -n apptainer exec --cleanenv /Utilisateurs/abellach/zkRoam/net-heterogeneity/zkroam-besu.sif ip -o addr show
$ nsenter -t 1541909 -n apptainer exec --cleanenv /Utilisateurs/abellach/zkRoam/net-heterogeneity/zkroam-besu.sif tc -s qdisc show
$ nsenter -t 1541909 -n apptainer exec --cleanenv /Utilisateurs/abellach/zkRoam/net-heterogeneity/zkroam-besu.sif tc -s class show
$ nsenter -t 1541909 -n apptainer exec --cleanenv /Utilisateurs/abellach/zkRoam/net-heterogeneity/zkroam-besu.sif tc -s filter show
$ nsenter -t 1541909 -n apptainer exec --cleanenv /Utilisateurs/abellach/zkRoam/net-heterogeneity/zkroam-besu.sif ip -o addr show
$ nsenter -t 1542771 -n apptainer exec --cleanenv /Utilisateurs/abellach/zkRoam/net-heterogeneity/zkroam-besu.sif tc -s qdisc show
$ nsenter -t 1542771 -n apptainer exec --cleanenv /Utilisateurs/abellach/zkRoam/net-heterogeneity/zkroam-besu.sif tc -s class show
$ nsenter -t 1542771 -n apptainer exec --cleanenv /Utilisateurs/abellach/zkRoam/net-heterogeneity/zkroam-besu.sif tc -s filter show
$ nsenter -t 1542771 -n apptainer exec --cleanenv /Utilisateurs/abellach/zkRoam/net-heterogeneity/zkroam-besu.sif ip -o addr show
$ nsenter -t 1543567 -n apptainer exec --cleanenv /Utilisateurs/abellach/zkRoam/net-heterogeneity/zkroam-besu.sif tc -s qdisc show
$ nsenter -t 1543567 -n apptainer exec --cleanenv /Utilisateurs/abellach/zkRoam/net-heterogeneity/zkroam-besu.sif tc -s class show
$ nsenter -t 1543567 -n apptainer exec --cleanenv /Utilisateurs/abellach/zkRoam/net-heterogeneity/zkroam-besu.sif tc -s filter show
$ nsenter -t 1543567 -n apptainer exec --cleanenv /Utilisateurs/abellach/zkRoam/net-heterogeneity/zkroam-besu.sif ip -o addr show
$ apptainer exec --cleanenv /Utilisateurs/abellach/zkRoam/net-heterogeneity/zkroam-besu.sif ip -details addr show zkroam0

$ /Utilisateurs/abellach/zkRoam/net-heterogeneity/venv/bin/python3 scripts/apptainer-network.py stop
$ apptainer exec --cleanenv /Utilisateurs/abellach/zkRoam/net-heterogeneity/zkroam-besu.sif ip -o link show
$ apptainer exec --cleanenv /Utilisateurs/abellach/zkRoam/net-heterogeneity/zkroam-besu.sif ip link delete zkh00
$ apptainer exec --cleanenv /Utilisateurs/abellach/zkRoam/net-heterogeneity/zkroam-besu.sif ip link delete zkh01
$ apptainer exec --cleanenv /Utilisateurs/abellach/zkRoam/net-heterogeneity/zkroam-besu.sif ip link delete zkh02
$ apptainer exec --cleanenv /Utilisateurs/abellach/zkRoam/net-heterogeneity/zkroam-besu.sif ip link delete zkh03
$ apptainer exec --cleanenv /Utilisateurs/abellach/zkRoam/net-heterogeneity/zkroam-besu.sif ip link delete zkh04
$ apptainer exec --cleanenv /Utilisateurs/abellach/zkRoam/net-heterogeneity/zkroam-besu.sif ip link delete zkh05
$ apptainer exec --cleanenv /Utilisateurs/abellach/zkRoam/net-heterogeneity/zkroam-besu.sif ip link delete zkh06
$ apptainer exec --cleanenv /Utilisateurs/abellach/zkRoam/net-heterogeneity/zkroam-besu.sif ip link delete zkh07
$ apptainer exec --cleanenv /Utilisateurs/abellach/zkRoam/net-heterogeneity/zkroam-besu.sif ip link delete zkh08
$ apptainer exec --cleanenv /Utilisateurs/abellach/zkRoam/net-heterogeneity/zkroam-besu.sif ip link delete zkh09
$ apptainer exec --cleanenv /Utilisateurs/abellach/zkRoam/net-heterogeneity/zkroam-besu.sif ip link delete zkh10
$ apptainer exec --cleanenv /Utilisateurs/abellach/zkRoam/net-heterogeneity/zkroam-besu.sif ip link delete zkh11
$ apptainer exec --cleanenv /Utilisateurs/abellach/zkRoam/net-heterogeneity/zkroam-besu.sif ip link delete zkh12
$ apptainer exec --cleanenv /Utilisateurs/abellach/zkRoam/net-heterogeneity/zkroam-besu.sif ip link delete zkh13
$ apptainer exec --cleanenv /Utilisateurs/abellach/zkRoam/net-heterogeneity/zkroam-besu.sif ip link delete zkh14
$ apptainer exec --cleanenv /Utilisateurs/abellach/zkRoam/net-heterogeneity/zkroam-besu.sif ip link delete zkroam0
