
$ bash scripts/04c-run-network-apptainer.sh wan
=== Step 0: stop the previous zkRoam Apptainer network ===
$ apptainer exec --cleanenv /tmp/zkroam-hw-22073-TarIRJ/net-heterogeneity/zkroam-besu.sif ip -o link show
$ apptainer exec --cleanenv /tmp/zkroam-hw-22073-TarIRJ/net-heterogeneity/zkroam-besu.sif ip link delete zkroam0
=== Step 1: generate genesis, validator keys, and accounts ===
==========================================
Generating QBFT test network
==========================================

Validators : 15
Client accounts : 2000
Balance/account : 1000000000000000000000 wei

[1/5] Cleaning previous network files...
[2/5] Generating QBFT validators and genesis...
2026-10-07 17:19:10.859+00:00 | main | INFO  | GenerateBlockchainConfig | Generating 15 nodes keys.
2026-10-07 17:19:10.866+00:00 | main | INFO  | GenerateBlockchainConfig | Generating keypair for node 0.
2026-10-07 17:19:10.924+00:00 | main | INFO  | GenerateBlockchainConfig | Generating keypair for node 1.
2026-10-07 17:19:10.928+00:00 | main | INFO  | GenerateBlockchainConfig | Generating keypair for node 2.
2026-10-07 17:19:10.930+00:00 | main | INFO  | GenerateBlockchainConfig | Generating keypair for node 3.
2026-10-07 17:19:10.932+00:00 | main | INFO  | GenerateBlockchainConfig | Generating keypair for node 4.
2026-10-07 17:19:10.933+00:00 | main | INFO  | GenerateBlockchainConfig | Generating keypair for node 5.
2026-10-07 17:19:10.934+00:00 | main | INFO  | GenerateBlockchainConfig | Generating keypair for node 6.
2026-10-07 17:19:10.936+00:00 | main | INFO  | GenerateBlockchainConfig | Generating keypair for node 7.
2026-10-07 17:19:10.938+00:00 | main | INFO  | GenerateBlockchainConfig | Generating keypair for node 8.
2026-10-07 17:19:10.939+00:00 | main | INFO  | GenerateBlockchainConfig | Generating keypair for node 9.
2026-10-07 17:19:10.940+00:00 | main | INFO  | GenerateBlockchainConfig | Generating keypair for node 10.
2026-10-07 17:19:10.940+00:00 | main | INFO  | GenerateBlockchainConfig | Generating keypair for node 11.
2026-10-07 17:19:10.941+00:00 | main | INFO  | GenerateBlockchainConfig | Generating keypair for node 12.
2026-10-07 17:19:10.942+00:00 | main | INFO  | GenerateBlockchainConfig | Generating keypair for node 13.
2026-10-07 17:19:10.943+00:00 | main | INFO  | GenerateBlockchainConfig | Generating keypair for node 14.
2026-10-07 17:19:10.946+00:00 | main | INFO  | GenerateBlockchainConfig | Generating QBFT extra data.
2026-10-07 17:19:10.949+00:00 | main | INFO  | GenerateBlockchainConfig | Writing genesis file.
[3/5] Generating 2000 funded client accounts...
Generating 2000 funded accounts...

Generated 2000 accounts.
Saved to: /tmp/zkroam-hw-22073-TarIRJ/net-heterogeneity/accounts/accounts.json
[4/5] Updating genesis alloc...
Existing configured alloc accounts: 2
Generated workload accounts: 2000

Final genesis alloc contains 2002 accounts.
[5/5] Verifying generated network...

==========================================
QBFT network generation complete
==========================================

Genesis:
  /tmp/zkroam-hw-22073-TarIRJ/net-heterogeneity/networkFiles/genesis.json

Validators:
  /tmp/zkroam-hw-22073-TarIRJ/net-heterogeneity/networkFiles/keys/

Client accounts:
  /tmp/zkroam-hw-22073-TarIRJ/net-heterogeneity/accounts/accounts.json

Validator count:
15

Client account count:
2000

Genesis alloc count:
2002

First 10 client accounts:
000 0x2299A058339dF95bd4De24EC1C162072270aEb4b balance=1000000000000000000000
001 0x8BA6a0F9744f9D39fa7afa7b855A2bFF98601075 balance=1000000000000000000000
002 0x1a7d5794320780Fbb474A88265d3270370B34b98 balance=1000000000000000000000
003 0xB7cCf0F20DB6ae67204967c874d800f4d7792B8e balance=1000000000000000000000
004 0xcf7f017960f3a5d6Abe5dC5de086bb04045dd6D9 balance=1000000000000000000000
005 0x435f3e6f30277838858Ab54f4BCc9914ce8b71Cd balance=1000000000000000000000
006 0x7B23FB3677376199e6b8d6B90b34A60c24ab8caB balance=1000000000000000000000
007 0x2Ae1bAA6ddA833740f0615Ee2353d4a4A22C878c balance=1000000000000000000000
008 0x425E6E63219A5a627D394D49dc7925C200635068 balance=1000000000000000000000
009 0x98a7de73F947cf5Ab92072ba272d6E417C72Aae6 balance=1000000000000000000000

==========================================
IMPORTANT
==========================================

Client private keys are stored in:
  /tmp/zkroam-hw-22073-TarIRJ/net-heterogeneity/accounts/accounts.json

Do NOT commit this file to Git.

=== Step 2: generate the wan topology ===
Wrote /tmp/zkroam-hw-22073-TarIRJ/net-heterogeneity/networkFiles/topology.json
Region distribution: {'us-east': 3, 'us-west': 3, 'eu-west': 3, 'ap-southeast': 3, 'sa-east': 3}
=== Step 3: start 15 isolated Apptainer-backed validators ===
$ apptainer exec --cleanenv /Utilisateurs/abellach/zkRoam/net-heterogeneity/zkroam-besu.sif ip -o link show
$ apptainer exec --cleanenv /Utilisateurs/abellach/zkRoam/net-heterogeneity/zkroam-besu.sif ip link delete zkroam0
$ apptainer exec --cleanenv /Utilisateurs/abellach/zkRoam/net-heterogeneity/zkroam-besu.sif ip link add zkroam0 type bridge
$ apptainer exec --cleanenv /Utilisateurs/abellach/zkRoam/net-heterogeneity/zkroam-besu.sif ip addr add 172.28.0.1/24 dev zkroam0
$ apptainer exec --cleanenv /Utilisateurs/abellach/zkRoam/net-heterogeneity/zkroam-besu.sif ip link set zkroam0 up
$ apptainer exec --cleanenv /Utilisateurs/abellach/zkRoam/net-heterogeneity/zkroam-besu.sif ip link delete zkh00
$ apptainer exec --cleanenv /Utilisateurs/abellach/zkRoam/net-heterogeneity/zkroam-besu.sif ip link add zkh00 type veth peer name eth0
$ apptainer exec --cleanenv /Utilisateurs/abellach/zkRoam/net-heterogeneity/zkroam-besu.sif ip link set zkh00 master zkroam0
$ apptainer exec --cleanenv /Utilisateurs/abellach/zkRoam/net-heterogeneity/zkroam-besu.sif ip link set zkh00 up
$ apptainer exec --cleanenv /Utilisateurs/abellach/zkRoam/net-heterogeneity/zkroam-besu.sif ip link set eth0 netns 1667937
$ nsenter -t 1667937 -n apptainer exec --cleanenv /Utilisateurs/abellach/zkRoam/net-heterogeneity/zkroam-besu.sif ip link set lo up
$ nsenter -t 1667937 -n apptainer exec --cleanenv /Utilisateurs/abellach/zkRoam/net-heterogeneity/zkroam-besu.sif ip addr add 172.28.0.10/24 dev eth0
$ nsenter -t 1667937 -n apptainer exec --cleanenv /Utilisateurs/abellach/zkRoam/net-heterogeneity/zkroam-besu.sif ip link set eth0 up
$ nsenter -t 1667937 -n apptainer exec --cleanenv /Utilisateurs/abellach/zkRoam/net-heterogeneity/zkroam-besu.sif ip route add default via 172.28.0.1
$ apptainer exec --cleanenv /Utilisateurs/abellach/zkRoam/net-heterogeneity/zkroam-besu.sif ip link delete zkh01
$ apptainer exec --cleanenv /Utilisateurs/abellach/zkRoam/net-heterogeneity/zkroam-besu.sif ip link add zkh01 type veth peer name eth0
$ apptainer exec --cleanenv /Utilisateurs/abellach/zkRoam/net-heterogeneity/zkroam-besu.sif ip link set zkh01 master zkroam0
$ apptainer exec --cleanenv /Utilisateurs/abellach/zkRoam/net-heterogeneity/zkroam-besu.sif ip link set zkh01 up
$ apptainer exec --cleanenv /Utilisateurs/abellach/zkRoam/net-heterogeneity/zkroam-besu.sif ip link set eth0 netns 1668424
$ nsenter -t 1668424 -n apptainer exec --cleanenv /Utilisateurs/abellach/zkRoam/net-heterogeneity/zkroam-besu.sif ip link set lo up
$ nsenter -t 1668424 -n apptainer exec --cleanenv /Utilisateurs/abellach/zkRoam/net-heterogeneity/zkroam-besu.sif ip addr add 172.28.0.11/24 dev eth0
$ nsenter -t 1668424 -n apptainer exec --cleanenv /Utilisateurs/abellach/zkRoam/net-heterogeneity/zkroam-besu.sif ip link set eth0 up
$ nsenter -t 1668424 -n apptainer exec --cleanenv /Utilisateurs/abellach/zkRoam/net-heterogeneity/zkroam-besu.sif ip route add default via 172.28.0.1
$ apptainer exec --cleanenv /Utilisateurs/abellach/zkRoam/net-heterogeneity/zkroam-besu.sif ip link delete zkh02
$ apptainer exec --cleanenv /Utilisateurs/abellach/zkRoam/net-heterogeneity/zkroam-besu.sif ip link add zkh02 type veth peer name eth0
$ apptainer exec --cleanenv /Utilisateurs/abellach/zkRoam/net-heterogeneity/zkroam-besu.sif ip link set zkh02 master zkroam0
$ apptainer exec --cleanenv /Utilisateurs/abellach/zkRoam/net-heterogeneity/zkroam-besu.sif ip link set zkh02 up
$ apptainer exec --cleanenv /Utilisateurs/abellach/zkRoam/net-heterogeneity/zkroam-besu.sif ip link set eth0 netns 1669074
$ nsenter -t 1669074 -n apptainer exec --cleanenv /Utilisateurs/abellach/zkRoam/net-heterogeneity/zkroam-besu.sif ip link set lo up
$ nsenter -t 1669074 -n apptainer exec --cleanenv /Utilisateurs/abellach/zkRoam/net-heterogeneity/zkroam-besu.sif ip addr add 172.28.0.12/24 dev eth0
$ nsenter -t 1669074 -n apptainer exec --cleanenv /Utilisateurs/abellach/zkRoam/net-heterogeneity/zkroam-besu.sif ip link set eth0 up
$ nsenter -t 1669074 -n apptainer exec --cleanenv /Utilisateurs/abellach/zkRoam/net-heterogeneity/zkroam-besu.sif ip route add default via 172.28.0.1
$ apptainer exec --cleanenv /Utilisateurs/abellach/zkRoam/net-heterogeneity/zkroam-besu.sif ip link delete zkh03
$ apptainer exec --cleanenv /Utilisateurs/abellach/zkRoam/net-heterogeneity/zkroam-besu.sif ip link add zkh03 type veth peer name eth0
$ apptainer exec --cleanenv /Utilisateurs/abellach/zkRoam/net-heterogeneity/zkroam-besu.sif ip link set zkh03 master zkroam0
$ apptainer exec --cleanenv /Utilisateurs/abellach/zkRoam/net-heterogeneity/zkroam-besu.sif ip link set zkh03 up
$ apptainer exec --cleanenv /Utilisateurs/abellach/zkRoam/net-heterogeneity/zkroam-besu.sif ip link set eth0 netns 1669765
$ nsenter -t 1669765 -n apptainer exec --cleanenv /Utilisateurs/abellach/zkRoam/net-heterogeneity/zkroam-besu.sif ip link set lo up
$ nsenter -t 1669765 -n apptainer exec --cleanenv /Utilisateurs/abellach/zkRoam/net-heterogeneity/zkroam-besu.sif ip addr add 172.28.0.13/24 dev eth0
$ nsenter -t 1669765 -n apptainer exec --cleanenv /Utilisateurs/abellach/zkRoam/net-heterogeneity/zkroam-besu.sif ip link set eth0 up
$ nsenter -t 1669765 -n apptainer exec --cleanenv /Utilisateurs/abellach/zkRoam/net-heterogeneity/zkroam-besu.sif ip route add default via 172.28.0.1
$ apptainer exec --cleanenv /Utilisateurs/abellach/zkRoam/net-heterogeneity/zkroam-besu.sif ip link delete zkh04
$ apptainer exec --cleanenv /Utilisateurs/abellach/zkRoam/net-heterogeneity/zkroam-besu.sif ip link add zkh04 type veth peer name eth0
$ apptainer exec --cleanenv /Utilisateurs/abellach/zkRoam/net-heterogeneity/zkroam-besu.sif ip link set zkh04 master zkroam0
$ apptainer exec --cleanenv /Utilisateurs/abellach/zkRoam/net-heterogeneity/zkroam-besu.sif ip link set zkh04 up
$ apptainer exec --cleanenv /Utilisateurs/abellach/zkRoam/net-heterogeneity/zkroam-besu.sif ip link set eth0 netns 1670568
$ nsenter -t 1670568 -n apptainer exec --cleanenv /Utilisateurs/abellach/zkRoam/net-heterogeneity/zkroam-besu.sif ip link set lo up
$ nsenter -t 1670568 -n apptainer exec --cleanenv /Utilisateurs/abellach/zkRoam/net-heterogeneity/zkroam-besu.sif ip addr add 172.28.0.14/24 dev eth0
$ nsenter -t 1670568 -n apptainer exec --cleanenv /Utilisateurs/abellach/zkRoam/net-heterogeneity/zkroam-besu.sif ip link set eth0 up
$ nsenter -t 1670568 -n apptainer exec --cleanenv /Utilisateurs/abellach/zkRoam/net-heterogeneity/zkroam-besu.sif ip route add default via 172.28.0.1
$ apptainer exec --cleanenv /Utilisateurs/abellach/zkRoam/net-heterogeneity/zkroam-besu.sif ip link delete zkh05
$ apptainer exec --cleanenv /Utilisateurs/abellach/zkRoam/net-heterogeneity/zkroam-besu.sif ip link add zkh05 type veth peer name eth0
$ apptainer exec --cleanenv /Utilisateurs/abellach/zkRoam/net-heterogeneity/zkroam-besu.sif ip link set zkh05 master zkroam0
$ apptainer exec --cleanenv /Utilisateurs/abellach/zkRoam/net-heterogeneity/zkroam-besu.sif ip link set zkh05 up
$ apptainer exec --cleanenv /Utilisateurs/abellach/zkRoam/net-heterogeneity/zkroam-besu.sif ip link set eth0 netns 1671413
$ nsenter -t 1671413 -n apptainer exec --cleanenv /Utilisateurs/abellach/zkRoam/net-heterogeneity/zkroam-besu.sif ip link set lo up
$ nsenter -t 1671413 -n apptainer exec --cleanenv /Utilisateurs/abellach/zkRoam/net-heterogeneity/zkroam-besu.sif ip addr add 172.28.0.15/24 dev eth0
$ nsenter -t 1671413 -n apptainer exec --cleanenv /Utilisateurs/abellach/zkRoam/net-heterogeneity/zkroam-besu.sif ip link set eth0 up
$ nsenter -t 1671413 -n apptainer exec --cleanenv /Utilisateurs/abellach/zkRoam/net-heterogeneity/zkroam-besu.sif ip route add default via 172.28.0.1
$ apptainer exec --cleanenv /Utilisateurs/abellach/zkRoam/net-heterogeneity/zkroam-besu.sif ip link delete zkh06
$ apptainer exec --cleanenv /Utilisateurs/abellach/zkRoam/net-heterogeneity/zkroam-besu.sif ip link add zkh06 type veth peer name eth0
$ apptainer exec --cleanenv /Utilisateurs/abellach/zkRoam/net-heterogeneity/zkroam-besu.sif ip link set zkh06 master zkroam0
$ apptainer exec --cleanenv /Utilisateurs/abellach/zkRoam/net-heterogeneity/zkroam-besu.sif ip link set zkh06 up
$ apptainer exec --cleanenv /Utilisateurs/abellach/zkRoam/net-heterogeneity/zkroam-besu.sif ip link set eth0 netns 1672242
$ nsenter -t 1672242 -n apptainer exec --cleanenv /Utilisateurs/abellach/zkRoam/net-heterogeneity/zkroam-besu.sif ip link set lo up
$ nsenter -t 1672242 -n apptainer exec --cleanenv /Utilisateurs/abellach/zkRoam/net-heterogeneity/zkroam-besu.sif ip addr add 172.28.0.16/24 dev eth0
$ nsenter -t 1672242 -n apptainer exec --cleanenv /Utilisateurs/abellach/zkRoam/net-heterogeneity/zkroam-besu.sif ip link set eth0 up
$ nsenter -t 1672242 -n apptainer exec --cleanenv /Utilisateurs/abellach/zkRoam/net-heterogeneity/zkroam-besu.sif ip route add default via 172.28.0.1
$ apptainer exec --cleanenv /Utilisateurs/abellach/zkRoam/net-heterogeneity/zkroam-besu.sif ip link delete zkh07
$ apptainer exec --cleanenv /Utilisateurs/abellach/zkRoam/net-heterogeneity/zkroam-besu.sif ip link add zkh07 type veth peer name eth0
$ apptainer exec --cleanenv /Utilisateurs/abellach/zkRoam/net-heterogeneity/zkroam-besu.sif ip link set zkh07 master zkroam0
$ apptainer exec --cleanenv /Utilisateurs/abellach/zkRoam/net-heterogeneity/zkroam-besu.sif ip link set zkh07 up
$ apptainer exec --cleanenv /Utilisateurs/abellach/zkRoam/net-heterogeneity/zkroam-besu.sif ip link set eth0 netns 1673059
$ nsenter -t 1673059 -n apptainer exec --cleanenv /Utilisateurs/abellach/zkRoam/net-heterogeneity/zkroam-besu.sif ip link set lo up
$ nsenter -t 1673059 -n apptainer exec --cleanenv /Utilisateurs/abellach/zkRoam/net-heterogeneity/zkroam-besu.sif ip addr add 172.28.0.17/24 dev eth0
$ nsenter -t 1673059 -n apptainer exec --cleanenv /Utilisateurs/abellach/zkRoam/net-heterogeneity/zkroam-besu.sif ip link set eth0 up
$ nsenter -t 1673059 -n apptainer exec --cleanenv /Utilisateurs/abellach/zkRoam/net-heterogeneity/zkroam-besu.sif ip route add default via 172.28.0.1
$ apptainer exec --cleanenv /Utilisateurs/abellach/zkRoam/net-heterogeneity/zkroam-besu.sif ip link delete zkh08
$ apptainer exec --cleanenv /Utilisateurs/abellach/zkRoam/net-heterogeneity/zkroam-besu.sif ip link add zkh08 type veth peer name eth0
$ apptainer exec --cleanenv /Utilisateurs/abellach/zkRoam/net-heterogeneity/zkroam-besu.sif ip link set zkh08 master zkroam0
$ apptainer exec --cleanenv /Utilisateurs/abellach/zkRoam/net-heterogeneity/zkroam-besu.sif ip link set zkh08 up
$ apptainer exec --cleanenv /Utilisateurs/abellach/zkRoam/net-heterogeneity/zkroam-besu.sif ip link set eth0 netns 1673939
$ nsenter -t 1673939 -n apptainer exec --cleanenv /Utilisateurs/abellach/zkRoam/net-heterogeneity/zkroam-besu.sif ip link set lo up
$ nsenter -t 1673939 -n apptainer exec --cleanenv /Utilisateurs/abellach/zkRoam/net-heterogeneity/zkroam-besu.sif ip addr add 172.28.0.18/24 dev eth0
$ nsenter -t 1673939 -n apptainer exec --cleanenv /Utilisateurs/abellach/zkRoam/net-heterogeneity/zkroam-besu.sif ip link set eth0 up
$ nsenter -t 1673939 -n apptainer exec --cleanenv /Utilisateurs/abellach/zkRoam/net-heterogeneity/zkroam-besu.sif ip route add default via 172.28.0.1
$ apptainer exec --cleanenv /Utilisateurs/abellach/zkRoam/net-heterogeneity/zkroam-besu.sif ip link delete zkh09
$ apptainer exec --cleanenv /Utilisateurs/abellach/zkRoam/net-heterogeneity/zkroam-besu.sif ip link add zkh09 type veth peer name eth0
$ apptainer exec --cleanenv /Utilisateurs/abellach/zkRoam/net-heterogeneity/zkroam-besu.sif ip link set zkh09 master zkroam0
$ apptainer exec --cleanenv /Utilisateurs/abellach/zkRoam/net-heterogeneity/zkroam-besu.sif ip link set zkh09 up
$ apptainer exec --cleanenv /Utilisateurs/abellach/zkRoam/net-heterogeneity/zkroam-besu.sif ip link set eth0 netns 1674702
$ nsenter -t 1674702 -n apptainer exec --cleanenv /Utilisateurs/abellach/zkRoam/net-heterogeneity/zkroam-besu.sif ip link set lo up
$ nsenter -t 1674702 -n apptainer exec --cleanenv /Utilisateurs/abellach/zkRoam/net-heterogeneity/zkroam-besu.sif ip addr add 172.28.0.19/24 dev eth0
$ nsenter -t 1674702 -n apptainer exec --cleanenv /Utilisateurs/abellach/zkRoam/net-heterogeneity/zkroam-besu.sif ip link set eth0 up
$ nsenter -t 1674702 -n apptainer exec --cleanenv /Utilisateurs/abellach/zkRoam/net-heterogeneity/zkroam-besu.sif ip route add default via 172.28.0.1
$ apptainer exec --cleanenv /Utilisateurs/abellach/zkRoam/net-heterogeneity/zkroam-besu.sif ip link delete zkh10
$ apptainer exec --cleanenv /Utilisateurs/abellach/zkRoam/net-heterogeneity/zkroam-besu.sif ip link add zkh10 type veth peer name eth0
$ apptainer exec --cleanenv /Utilisateurs/abellach/zkRoam/net-heterogeneity/zkroam-besu.sif ip link set zkh10 master zkroam0
$ apptainer exec --cleanenv /Utilisateurs/abellach/zkRoam/net-heterogeneity/zkroam-besu.sif ip link set zkh10 up
$ apptainer exec --cleanenv /Utilisateurs/abellach/zkRoam/net-heterogeneity/zkroam-besu.sif ip link set eth0 netns 1675608
$ nsenter -t 1675608 -n apptainer exec --cleanenv /Utilisateurs/abellach/zkRoam/net-heterogeneity/zkroam-besu.sif ip link set lo up
$ nsenter -t 1675608 -n apptainer exec --cleanenv /Utilisateurs/abellach/zkRoam/net-heterogeneity/zkroam-besu.sif ip addr add 172.28.0.20/24 dev eth0
$ nsenter -t 1675608 -n apptainer exec --cleanenv /Utilisateurs/abellach/zkRoam/net-heterogeneity/zkroam-besu.sif ip link set eth0 up
$ nsenter -t 1675608 -n apptainer exec --cleanenv /Utilisateurs/abellach/zkRoam/net-heterogeneity/zkroam-besu.sif ip route add default via 172.28.0.1
$ apptainer exec --cleanenv /Utilisateurs/abellach/zkRoam/net-heterogeneity/zkroam-besu.sif ip link delete zkh11
$ apptainer exec --cleanenv /Utilisateurs/abellach/zkRoam/net-heterogeneity/zkroam-besu.sif ip link add zkh11 type veth peer name eth0
$ apptainer exec --cleanenv /Utilisateurs/abellach/zkRoam/net-heterogeneity/zkroam-besu.sif ip link set zkh11 master zkroam0
$ apptainer exec --cleanenv /Utilisateurs/abellach/zkRoam/net-heterogeneity/zkroam-besu.sif ip link set zkh11 up
$ apptainer exec --cleanenv /Utilisateurs/abellach/zkRoam/net-heterogeneity/zkroam-besu.sif ip link set eth0 netns 1676444
$ nsenter -t 1676444 -n apptainer exec --cleanenv /Utilisateurs/abellach/zkRoam/net-heterogeneity/zkroam-besu.sif ip link set lo up
$ nsenter -t 1676444 -n apptainer exec --cleanenv /Utilisateurs/abellach/zkRoam/net-heterogeneity/zkroam-besu.sif ip addr add 172.28.0.21/24 dev eth0
$ nsenter -t 1676444 -n apptainer exec --cleanenv /Utilisateurs/abellach/zkRoam/net-heterogeneity/zkroam-besu.sif ip link set eth0 up
$ nsenter -t 1676444 -n apptainer exec --cleanenv /Utilisateurs/abellach/zkRoam/net-heterogeneity/zkroam-besu.sif ip route add default via 172.28.0.1
$ apptainer exec --cleanenv /Utilisateurs/abellach/zkRoam/net-heterogeneity/zkroam-besu.sif ip link delete zkh12
$ apptainer exec --cleanenv /Utilisateurs/abellach/zkRoam/net-heterogeneity/zkroam-besu.sif ip link add zkh12 type veth peer name eth0
$ apptainer exec --cleanenv /Utilisateurs/abellach/zkRoam/net-heterogeneity/zkroam-besu.sif ip link set zkh12 master zkroam0
$ apptainer exec --cleanenv /Utilisateurs/abellach/zkRoam/net-heterogeneity/zkroam-besu.sif ip link set zkh12 up
$ apptainer exec --cleanenv /Utilisateurs/abellach/zkRoam/net-heterogeneity/zkroam-besu.sif ip link set eth0 netns 1677284
$ nsenter -t 1677284 -n apptainer exec --cleanenv /Utilisateurs/abellach/zkRoam/net-heterogeneity/zkroam-besu.sif ip link set lo up
$ nsenter -t 1677284 -n apptainer exec --cleanenv /Utilisateurs/abellach/zkRoam/net-heterogeneity/zkroam-besu.sif ip addr add 172.28.0.22/24 dev eth0
$ nsenter -t 1677284 -n apptainer exec --cleanenv /Utilisateurs/abellach/zkRoam/net-heterogeneity/zkroam-besu.sif ip link set eth0 up
$ nsenter -t 1677284 -n apptainer exec --cleanenv /Utilisateurs/abellach/zkRoam/net-heterogeneity/zkroam-besu.sif ip route add default via 172.28.0.1
$ apptainer exec --cleanenv /Utilisateurs/abellach/zkRoam/net-heterogeneity/zkroam-besu.sif ip link delete zkh13
$ apptainer exec --cleanenv /Utilisateurs/abellach/zkRoam/net-heterogeneity/zkroam-besu.sif ip link add zkh13 type veth peer name eth0
$ apptainer exec --cleanenv /Utilisateurs/abellach/zkRoam/net-heterogeneity/zkroam-besu.sif ip link set zkh13 master zkroam0
$ apptainer exec --cleanenv /Utilisateurs/abellach/zkRoam/net-heterogeneity/zkroam-besu.sif ip link set zkh13 up
$ apptainer exec --cleanenv /Utilisateurs/abellach/zkRoam/net-heterogeneity/zkroam-besu.sif ip link set eth0 netns 1678124
$ nsenter -t 1678124 -n apptainer exec --cleanenv /Utilisateurs/abellach/zkRoam/net-heterogeneity/zkroam-besu.sif ip link set lo up
$ nsenter -t 1678124 -n apptainer exec --cleanenv /Utilisateurs/abellach/zkRoam/net-heterogeneity/zkroam-besu.sif ip addr add 172.28.0.23/24 dev eth0
$ nsenter -t 1678124 -n apptainer exec --cleanenv /Utilisateurs/abellach/zkRoam/net-heterogeneity/zkroam-besu.sif ip link set eth0 up
$ nsenter -t 1678124 -n apptainer exec --cleanenv /Utilisateurs/abellach/zkRoam/net-heterogeneity/zkroam-besu.sif ip route add default via 172.28.0.1
$ apptainer exec --cleanenv /Utilisateurs/abellach/zkRoam/net-heterogeneity/zkroam-besu.sif ip link delete zkh14
$ apptainer exec --cleanenv /Utilisateurs/abellach/zkRoam/net-heterogeneity/zkroam-besu.sif ip link add zkh14 type veth peer name eth0
$ apptainer exec --cleanenv /Utilisateurs/abellach/zkRoam/net-heterogeneity/zkroam-besu.sif ip link set zkh14 master zkroam0
$ apptainer exec --cleanenv /Utilisateurs/abellach/zkRoam/net-heterogeneity/zkroam-besu.sif ip link set zkh14 up
$ apptainer exec --cleanenv /Utilisateurs/abellach/zkRoam/net-heterogeneity/zkroam-besu.sif ip link set eth0 netns 1678979
$ nsenter -t 1678979 -n apptainer exec --cleanenv /Utilisateurs/abellach/zkRoam/net-heterogeneity/zkroam-besu.sif ip link set lo up
$ nsenter -t 1678979 -n apptainer exec --cleanenv /Utilisateurs/abellach/zkRoam/net-heterogeneity/zkroam-besu.sif ip addr add 172.28.0.24/24 dev eth0
$ nsenter -t 1678979 -n apptainer exec --cleanenv /Utilisateurs/abellach/zkRoam/net-heterogeneity/zkroam-besu.sif ip link set eth0 up
$ nsenter -t 1678979 -n apptainer exec --cleanenv /Utilisateurs/abellach/zkRoam/net-heterogeneity/zkroam-besu.sif ip route add default via 172.28.0.1
Started 15 Apptainer-backed validators.
=== Step 4: wait for every validator RPC and peer set ===
{
  "node00": {
    "block": 2,
    "peers": 14
  },
  "node01": {
    "block": 2,
    "peers": 14
  },
  "node02": {
    "block": 2,
    "peers": 14
  },
  "node03": {
    "block": 2,
    "peers": 14
  },
  "node04": {
    "block": 2,
    "peers": 14
  },
  "node05": {
    "block": 2,
    "peers": 13
  },
  "node06": {
    "block": 2,
    "peers": 13
  },
  "node07": {
    "block": 2,
    "peers": 13
  },
  "node08": {
    "block": 2,
    "peers": 13
  },
  "node09": {
    "block": 2,
    "peers": 13
  },
  "node10": {
    "block": 2,
    "peers": 13
  },
  "node11": {
    "block": 2,
    "peers": 13
  },
  "node12": {
    "block": 2,
    "peers": 13
  },
  "node13": {
    "block": 2,
    "peers": 13
  },
  "node14": {
    "block": 2,
    "peers": 6
  }
}
All 15 nodes are ready.
Apptainer wan network is up.

$ /Utilisateurs/abellach/zkRoam/net-heterogeneity/venv/bin/python3 workload/deploy_verifiers.py --topology networkFiles/topology.json --accounts accounts/accounts.json
Discovered RPC endpoints:
------------------------------------------
  node00     -> http://172.28.0.10:8545
  node01     -> http://172.28.0.11:8545
  node02     -> http://172.28.0.12:8545
  node03     -> http://172.28.0.13:8545
  node04     -> http://172.28.0.14:8545
  node05     -> http://172.28.0.15:8545
  node06     -> http://172.28.0.16:8545
  node07     -> http://172.28.0.17:8545
  node08     -> http://172.28.0.18:8545
  node09     -> http://172.28.0.19:8545
  node10     -> http://172.28.0.20:8545
  node11     -> http://172.28.0.21:8545
  node12     -> http://172.28.0.22:8545
  node13     -> http://172.28.0.23:8545
  node14     -> http://172.28.0.24:8545
------------------------------------------
Connecting to node00 (http://172.28.0.10:8545)...
  Connected. chain_id=1337
Connecting to node01 (http://172.28.0.11:8545)...
  Connected. chain_id=1337
Connecting to node02 (http://172.28.0.12:8545)...
  Connected. chain_id=1337
Connecting to node03 (http://172.28.0.13:8545)...
  Connected. chain_id=1337
Connecting to node04 (http://172.28.0.14:8545)...
  Connected. chain_id=1337
Connecting to node05 (http://172.28.0.15:8545)...
  Connected. chain_id=1337
Connecting to node06 (http://172.28.0.16:8545)...
  Connected. chain_id=1337
Connecting to node07 (http://172.28.0.17:8545)...
  Connected. chain_id=1337
Connecting to node08 (http://172.28.0.18:8545)...
  Connected. chain_id=1337
Connecting to node09 (http://172.28.0.19:8545)...
  Connected. chain_id=1337
Connecting to node10 (http://172.28.0.20:8545)...
  Connected. chain_id=1337
Connecting to node11 (http://172.28.0.21:8545)...
  Connected. chain_id=1337
Connecting to node12 (http://172.28.0.22:8545)...
  Connected. chain_id=1337
Connecting to node13 (http://172.28.0.23:8545)...
  Connected. chain_id=1337
Connecting to node14 (http://172.28.0.24:8545)...
  Connected. chain_id=1337

Deploying from 0x2299A058339dF95bd4De24EC1C162072270aEb4b via http://172.28.0.10:8545 (chain_id=1337)

Compiling CDRVerifier.sol ...
Deploying CDRVerifier ...
  submitted deploy tx cfee1bb4c30c67c11d7a89c1adaf553734a634caad89c9b217dc7cba0180a435, waiting for receipt...
  deployed at 0xf90473182b2dc91D7b1e8Cdf49a9941EDdb059F1  (gasUsed=465218)

Compiling SnarkPackAggregateAnchor.sol ...
Deploying SnarkPackAggregateAnchor ...
  submitted deploy tx 579d3aeea14785fd9218f16720a8a956cec95f5ce0b567192581d001d270ee3e, waiting for receipt...
  deployed at 0xC5B0b9f4C973FD34520A8B423a38e9E2dbc45ca3  (gasUsed=1832981)

verifier-pool-size=1: only accounts[0] is authorized as a verifier - fine as-is if you're relaying via relayAggregateProof (submission load spreads across the full account pool regardless of verifier count). Only increase this if you want multiple independent verifier keys for redundancy/threshold, or if you plan to use the direct anchorAggregateProof(onlyVerifier) path at any real volume.

Wrote: deployed_contracts.json

$ /Utilisateurs/abellach/zkRoam/net-heterogeneity/venv/bin/python3 workload/zkroam_workload.py --config results/hardware-vmno-scaling/l3icalcul07/wan-nproof8-w48-rw48-rate500/vmnos-1024/zkroam-wan-1024vmnos/config.yml
Discovered RPC endpoints:
------------------------------------------
  node00     -> http://172.28.0.10:8545
  node01     -> http://172.28.0.11:8545
  node02     -> http://172.28.0.12:8545
  node03     -> http://172.28.0.13:8545
  node04     -> http://172.28.0.14:8545
  node05     -> http://172.28.0.15:8545
  node06     -> http://172.28.0.16:8545
  node07     -> http://172.28.0.17:8545
  node08     -> http://172.28.0.18:8545
  node09     -> http://172.28.0.19:8545
  node10     -> http://172.28.0.20:8545
  node11     -> http://172.28.0.21:8545
  node12     -> http://172.28.0.22:8545
  node13     -> http://172.28.0.23:8545
  node14     -> http://172.28.0.24:8545
------------------------------------------
Connecting to node00 (http://172.28.0.10:8545)...
  Connected. chain_id=1337
Connecting to node01 (http://172.28.0.11:8545)...
  Connected. chain_id=1337
Connecting to node02 (http://172.28.0.12:8545)...
  Connected. chain_id=1337
Connecting to node03 (http://172.28.0.13:8545)...
  Connected. chain_id=1337
Connecting to node04 (http://172.28.0.14:8545)...
  Connected. chain_id=1337
Connecting to node05 (http://172.28.0.15:8545)...
  Connected. chain_id=1337
Connecting to node06 (http://172.28.0.16:8545)...
  Connected. chain_id=1337
Connecting to node07 (http://172.28.0.17:8545)...
  Connected. chain_id=1337
Connecting to node08 (http://172.28.0.18:8545)...
  Connected. chain_id=1337
Connecting to node09 (http://172.28.0.19:8545)...
  Connected. chain_id=1337
Connecting to node10 (http://172.28.0.20:8545)...
  Connected. chain_id=1337
Connecting to node11 (http://172.28.0.21:8545)...
  Connected. chain_id=1337
Connecting to node12 (http://172.28.0.22:8545)...
  Connected. chain_id=1337
Connecting to node13 (http://172.28.0.23:8545)...
  Connected. chain_id=1337
Connecting to node14 (http://172.28.0.24:8545)...
  Connected. chain_id=1337

Reading pending nonce for 2000 accounts (parallel)...


Using real proof from fixtures/proof.json / fixtures/public.json
individual leg -> real verifyProof() calls on 0xf90473182b2dc91D7b1e8Cdf49a9941EDdb059F1
aggregate leg  -> real anchorAggregateProof() calls on 0xC5B0b9f4C973FD34520A8B423a38e9E2dbc45ca3

workload.num_vmnos = 1024 (total VMNO settlements submitted per sweep point; nproofs below is per-VMNO batch size, not workload size)

============================================================
nproofs/vmno=8  num_vmnos=1024  run=1  (off-chain source: reference_fallback)
============================================================

>>> on-chain leg: individual_n8_vmnos1024_r1 (8192 tx total, 420B calldata, gas/tx=278265, to=0xf90473182b2dc91D7b1e8Cdf49a9941EDdb059F1)

Starting transaction producer...
Target submission rate : 500.00 tx/s
Submission workers      : 48


Producer finished.
------------------------------------------
Submitted : 8192/8192
Failed    : 0/8192
Duration  : 23.549s
Rate      : 347.88 tx/s
------------------------------------------

Starting receipt polling...
------------------------------------------
Transactions to confirm : 8192
Receipt workers         : 48
Receipt timeout         : 120.0s
------------------------------------------

Confirmed: 1888/8192 | Reverted: 0 | Pending: 6304
Confirmed: 3244/8192 | Reverted: 0 | Pending: 4948
Confirmed: 4502/8192 | Reverted: 0 | Pending: 3690
Confirmed: 5688/8192 | Reverted: 0 | Pending: 2504
Confirmed: 6083/8192 | Reverted: 0 | Pending: 2109
Confirmed: 6578/8192 | Reverted: 0 | Pending: 1614
Confirmed: 6924/8192 | Reverted: 0 | Pending: 1268
Confirmed: 7248/8192 | Reverted: 0 | Pending: 944
Confirmed: 7456/8192 | Reverted: 0 | Pending: 736
Confirmed: 7635/8192 | Reverted: 0 | Pending: 557
Confirmed: 7865/8192 | Reverted: 0 | Pending: 327
Confirmed: 7951/8192 | Reverted: 0 | Pending: 241
Confirmed: 8028/8192 | Reverted: 0 | Pending: 164
Confirmed: 8140/8192 | Reverted: 0 | Pending: 52
Confirmed: 8140/8192 | Reverted: 0 | Pending: 52
Confirmed: 8192/8192 | Reverted: 0 | Pending: 0

Receipt polling finished.
------------------------------------------
Confirmed : 8192
Reverted  : 0
Timeout   : 0
Duration  : 108.366s
------------------------------------------

>>> on-chain leg: aggregate_n8_vmnos1024_r1 (1024 tx total, 420B/tx x 1024 distinct payloads, gas/tx=176674, to=0xC5B0b9f4C973FD34520A8B423a38e9E2dbc45ca3)

Starting transaction producer...
Target submission rate : 500.00 tx/s
Submission workers      : 48


Producer finished.
------------------------------------------
Submitted : 1024/1024
Failed    : 0/1024
Duration  : 3.002s
Rate      : 341.16 tx/s
------------------------------------------

Starting receipt polling...
------------------------------------------
Transactions to confirm : 1024
Receipt workers         : 48
Receipt timeout         : 120.0s
------------------------------------------

Confirmed: 94/1024 | Reverted: 0 | Pending: 930
Confirmed: 265/1024 | Reverted: 0 | Pending: 759
Confirmed: 395/1024 | Reverted: 0 | Pending: 629
Confirmed: 514/1024 | Reverted: 0 | Pending: 510
Confirmed: 630/1024 | Reverted: 0 | Pending: 394
Confirmed: 725/1024 | Reverted: 0 | Pending: 299
Confirmed: 819/1024 | Reverted: 0 | Pending: 205
Confirmed: 891/1024 | Reverted: 0 | Pending: 133
Confirmed: 906/1024 | Reverted: 0 | Pending: 118
Confirmed: 959/1024 | Reverted: 0 | Pending: 65
Confirmed: 974/1024 | Reverted: 0 | Pending: 50
Confirmed: 1016/1024 | Reverted: 0 | Pending: 8
Confirmed: 1016/1024 | Reverted: 0 | Pending: 8
Confirmed: 1016/1024 | Reverted: 0 | Pending: 8
Confirmed: 1024/1024 | Reverted: 0 | Pending: 0

Receipt polling finished.
------------------------------------------
Confirmed : 1024
Reverted  : 0
Timeout   : 0
Duration  : 30.288s
------------------------------------------

============================================================
nproofs/vmno=8  num_vmnos=1024  run=2  (off-chain source: reference_fallback)
============================================================

>>> on-chain leg: individual_n8_vmnos1024_r2 (8192 tx total, 420B calldata, gas/tx=278265, to=0xf90473182b2dc91D7b1e8Cdf49a9941EDdb059F1)

Starting transaction producer...
Target submission rate : 500.00 tx/s
Submission workers      : 48


Producer finished.
------------------------------------------
Submitted : 8192/8192
Failed    : 0/8192
Duration  : 23.823s
Rate      : 343.87 tx/s
------------------------------------------

Starting receipt polling...
------------------------------------------
Transactions to confirm : 8192
Receipt workers         : 48
Receipt timeout         : 120.0s
------------------------------------------

Confirmed: 2093/8192 | Reverted: 0 | Pending: 6099
Confirmed: 3463/8192 | Reverted: 0 | Pending: 4729
Confirmed: 4570/8192 | Reverted: 0 | Pending: 3622
Confirmed: 5390/8192 | Reverted: 0 | Pending: 2802
Confirmed: 5974/8192 | Reverted: 0 | Pending: 2218
Confirmed: 6389/8192 | Reverted: 0 | Pending: 1803
Confirmed: 6779/8192 | Reverted: 0 | Pending: 1413
Confirmed: 7088/8192 | Reverted: 0 | Pending: 1104
Confirmed: 7321/8192 | Reverted: 0 | Pending: 871
Confirmed: 7537/8192 | Reverted: 0 | Pending: 655
Confirmed: 7695/8192 | Reverted: 0 | Pending: 497
Confirmed: 7862/8192 | Reverted: 0 | Pending: 330
Confirmed: 7935/8192 | Reverted: 0 | Pending: 257
Confirmed: 8031/8192 | Reverted: 0 | Pending: 161
Confirmed: 8031/8192 | Reverted: 0 | Pending: 161
Confirmed: 8151/8192 | Reverted: 0 | Pending: 41
Confirmed: 8192/8192 | Reverted: 0 | Pending: 0

Receipt polling finished.
------------------------------------------
Confirmed : 8192
Reverted  : 0
Timeout   : 0
Duration  : 106.994s
------------------------------------------

>>> on-chain leg: aggregate_n8_vmnos1024_r2 (1024 tx total, 420B/tx x 1024 distinct payloads, gas/tx=176697, to=0xC5B0b9f4C973FD34520A8B423a38e9E2dbc45ca3)

Starting transaction producer...
Target submission rate : 500.00 tx/s
Submission workers      : 48


Producer finished.
------------------------------------------
Submitted : 1024/1024
Failed    : 0/1024
Duration  : 4.065s
Rate      : 251.90 tx/s
------------------------------------------

Starting receipt polling...
------------------------------------------
Transactions to confirm : 1024
Receipt workers         : 48
Receipt timeout         : 120.0s
------------------------------------------

Confirmed: 159/1024 | Reverted: 0 | Pending: 865
Confirmed: 347/1024 | Reverted: 0 | Pending: 677
Confirmed: 503/1024 | Reverted: 0 | Pending: 521
Confirmed: 603/1024 | Reverted: 0 | Pending: 421
Confirmed: 693/1024 | Reverted: 0 | Pending: 331
Confirmed: 774/1024 | Reverted: 0 | Pending: 250
Confirmed: 843/1024 | Reverted: 0 | Pending: 181
Confirmed: 912/1024 | Reverted: 0 | Pending: 112
Confirmed: 937/1024 | Reverted: 0 | Pending: 87
Confirmed: 980/1024 | Reverted: 0 | Pending: 44
Confirmed: 988/1024 | Reverted: 0 | Pending: 36
Confirmed: 1015/1024 | Reverted: 0 | Pending: 9
Confirmed: 1015/1024 | Reverted: 0 | Pending: 9
Confirmed: 1015/1024 | Reverted: 0 | Pending: 9
Confirmed: 1015/1024 | Reverted: 0 | Pending: 9
Confirmed: 1024/1024 | Reverted: 0 | Pending: 0

Receipt polling finished.
------------------------------------------
Confirmed : 1024
Reverted  : 0
Timeout   : 0
Duration  : 30.291s
------------------------------------------

============================================================
nproofs/vmno=8  num_vmnos=1024  run=3  (off-chain source: reference_fallback)
============================================================

>>> on-chain leg: individual_n8_vmnos1024_r3 (8192 tx total, 420B calldata, gas/tx=278265, to=0xf90473182b2dc91D7b1e8Cdf49a9941EDdb059F1)

Starting transaction producer...
Target submission rate : 500.00 tx/s
Submission workers      : 48


Producer finished.
------------------------------------------
Submitted : 8192/8192
Failed    : 0/8192
Duration  : 22.542s
Rate      : 363.42 tx/s
------------------------------------------

Starting receipt polling...
------------------------------------------
Transactions to confirm : 8192
Receipt workers         : 48
Receipt timeout         : 120.0s
------------------------------------------

Confirmed: 1912/8192 | Reverted: 0 | Pending: 6280
Confirmed: 3475/8192 | Reverted: 0 | Pending: 4717
Confirmed: 4612/8192 | Reverted: 0 | Pending: 3580
Confirmed: 5806/8192 | Reverted: 0 | Pending: 2386
Confirmed: 6153/8192 | Reverted: 0 | Pending: 2039
Confirmed: 6602/8192 | Reverted: 0 | Pending: 1590
Confirmed: 6942/8192 | Reverted: 0 | Pending: 1250
Confirmed: 7263/8192 | Reverted: 0 | Pending: 929
Confirmed: 7498/8192 | Reverted: 0 | Pending: 694
Confirmed: 7668/8192 | Reverted: 0 | Pending: 524
Confirmed: 7844/8192 | Reverted: 0 | Pending: 348
Confirmed: 7913/8192 | Reverted: 0 | Pending: 279
Confirmed: 8031/8192 | Reverted: 0 | Pending: 161
Confirmed: 8099/8192 | Reverted: 0 | Pending: 93
Confirmed: 8138/8192 | Reverted: 0 | Pending: 54
Confirmed: 8192/8192 | Reverted: 0 | Pending: 0

Receipt polling finished.
------------------------------------------
Confirmed : 8192
Reverted  : 0
Timeout   : 0
Duration  : 107.438s
------------------------------------------

>>> on-chain leg: aggregate_n8_vmnos1024_r3 (1024 tx total, 420B/tx x 1024 distinct payloads, gas/tx=176669, to=0xC5B0b9f4C973FD34520A8B423a38e9E2dbc45ca3)

Starting transaction producer...
Target submission rate : 500.00 tx/s
Submission workers      : 48


Producer finished.
------------------------------------------
Submitted : 1024/1024
Failed    : 0/1024
Duration  : 2.943s
Rate      : 347.94 tx/s
------------------------------------------

Starting receipt polling...
------------------------------------------
Transactions to confirm : 1024
Receipt workers         : 48
Receipt timeout         : 120.0s
------------------------------------------

Confirmed: 123/1024 | Reverted: 0 | Pending: 901
Confirmed: 279/1024 | Reverted: 0 | Pending: 745
Confirmed: 425/1024 | Reverted: 0 | Pending: 599
Confirmed: 551/1024 | Reverted: 0 | Pending: 473
Confirmed: 638/1024 | Reverted: 0 | Pending: 386
Confirmed: 711/1024 | Reverted: 0 | Pending: 313
Confirmed: 758/1024 | Reverted: 0 | Pending: 266
Confirmed: 817/1024 | Reverted: 0 | Pending: 207
Confirmed: 886/1024 | Reverted: 0 | Pending: 138
Confirmed: 916/1024 | Reverted: 0 | Pending: 108
Confirmed: 954/1024 | Reverted: 0 | Pending: 70
Confirmed: 954/1024 | Reverted: 0 | Pending: 70
Confirmed: 965/1024 | Reverted: 0 | Pending: 59
Confirmed: 1013/1024 | Reverted: 0 | Pending: 11
Confirmed: 1013/1024 | Reverted: 0 | Pending: 11
Confirmed: 1013/1024 | Reverted: 0 | Pending: 11
Confirmed: 1013/1024 | Reverted: 0 | Pending: 11
Confirmed: 1024/1024 | Reverted: 0 | Pending: 0

Receipt polling finished.
------------------------------------------
Confirmed : 1024
Reverted  : 0
Timeout   : 0
Duration  : 30.025s
------------------------------------------

============================================================
nproofs/vmno=8  num_vmnos=1024  run=4  (off-chain source: reference_fallback)
============================================================

>>> on-chain leg: individual_n8_vmnos1024_r4 (8192 tx total, 420B calldata, gas/tx=278265, to=0xf90473182b2dc91D7b1e8Cdf49a9941EDdb059F1)

Starting transaction producer...
Target submission rate : 500.00 tx/s
Submission workers      : 48


Producer finished.
------------------------------------------
Submitted : 8192/8192
Failed    : 0/8192
Duration  : 22.261s
Rate      : 368.00 tx/s
------------------------------------------

Starting receipt polling...
------------------------------------------
Transactions to confirm : 8192
Receipt workers         : 48
Receipt timeout         : 120.0s
------------------------------------------

Confirmed: 1861/8192 | Reverted: 0 | Pending: 6331
Confirmed: 3405/8192 | Reverted: 0 | Pending: 4787
Confirmed: 4477/8192 | Reverted: 0 | Pending: 3715
Confirmed: 5456/8192 | Reverted: 0 | Pending: 2736
Confirmed: 6012/8192 | Reverted: 0 | Pending: 2180
Confirmed: 6417/8192 | Reverted: 0 | Pending: 1775
Confirmed: 6814/8192 | Reverted: 0 | Pending: 1378
Confirmed: 7087/8192 | Reverted: 0 | Pending: 1105
Confirmed: 7355/8192 | Reverted: 0 | Pending: 837
Confirmed: 7544/8192 | Reverted: 0 | Pending: 648
Confirmed: 7666/8192 | Reverted: 0 | Pending: 526
Confirmed: 7784/8192 | Reverted: 0 | Pending: 408
Confirmed: 7964/8192 | Reverted: 0 | Pending: 228
Confirmed: 8027/8192 | Reverted: 0 | Pending: 165
Confirmed: 8093/8192 | Reverted: 0 | Pending: 99
Confirmed: 8128/8192 | Reverted: 0 | Pending: 64
Confirmed: 8169/8192 | Reverted: 0 | Pending: 23
Confirmed: 8169/8192 | Reverted: 0 | Pending: 23
Confirmed: 8192/8192 | Reverted: 0 | Pending: 0

Receipt polling finished.
------------------------------------------
Confirmed : 8192
Reverted  : 0
Timeout   : 0
Duration  : 108.456s
------------------------------------------

>>> on-chain leg: aggregate_n8_vmnos1024_r4 (1024 tx total, 420B/tx x 1024 distinct payloads, gas/tx=176674, to=0xC5B0b9f4C973FD34520A8B423a38e9E2dbc45ca3)

Starting transaction producer...
Target submission rate : 500.00 tx/s
Submission workers      : 48


Producer finished.
------------------------------------------
Submitted : 1024/1024
Failed    : 0/1024
Duration  : 2.964s
Rate      : 345.51 tx/s
------------------------------------------

Starting receipt polling...
------------------------------------------
Transactions to confirm : 1024
Receipt workers         : 48
Receipt timeout         : 120.0s
------------------------------------------

Confirmed: 109/1024 | Reverted: 0 | Pending: 915
Confirmed: 277/1024 | Reverted: 0 | Pending: 747
Confirmed: 434/1024 | Reverted: 0 | Pending: 590
Confirmed: 570/1024 | Reverted: 0 | Pending: 454
Confirmed: 685/1024 | Reverted: 0 | Pending: 339
Confirmed: 783/1024 | Reverted: 0 | Pending: 241
Confirmed: 862/1024 | Reverted: 0 | Pending: 162
Confirmed: 920/1024 | Reverted: 0 | Pending: 104
Confirmed: 930/1024 | Reverted: 0 | Pending: 94
Confirmed: 998/1024 | Reverted: 0 | Pending: 26
Confirmed: 998/1024 | Reverted: 0 | Pending: 26
Confirmed: 998/1024 | Reverted: 0 | Pending: 26
Confirmed: 1024/1024 | Reverted: 0 | Pending: 0

Receipt polling finished.
------------------------------------------
Confirmed : 1024
Reverted  : 0
Timeout   : 0
Duration  : 29.704s
------------------------------------------

============================================================
nproofs/vmno=8  num_vmnos=1024  run=5  (off-chain source: reference_fallback)
============================================================

>>> on-chain leg: individual_n8_vmnos1024_r5 (8192 tx total, 420B calldata, gas/tx=278265, to=0xf90473182b2dc91D7b1e8Cdf49a9941EDdb059F1)

Starting transaction producer...
Target submission rate : 500.00 tx/s
Submission workers      : 48


Producer finished.
------------------------------------------
Submitted : 8192/8192
Failed    : 0/8192
Duration  : 22.448s
Rate      : 364.94 tx/s
------------------------------------------

Starting receipt polling...
------------------------------------------
Transactions to confirm : 8192
Receipt workers         : 48
Receipt timeout         : 120.0s
------------------------------------------

Confirmed: 1837/8192 | Reverted: 0 | Pending: 6355
Confirmed: 3248/8192 | Reverted: 0 | Pending: 4944
Confirmed: 4347/8192 | Reverted: 0 | Pending: 3845
Confirmed: 5262/8192 | Reverted: 0 | Pending: 2930
Confirmed: 5991/8192 | Reverted: 0 | Pending: 2201
Confirmed: 6322/8192 | Reverted: 0 | Pending: 1870
Confirmed: 6685/8192 | Reverted: 0 | Pending: 1507
Confirmed: 6970/8192 | Reverted: 0 | Pending: 1222
Confirmed: 7255/8192 | Reverted: 0 | Pending: 937
Confirmed: 7459/8192 | Reverted: 0 | Pending: 733
Confirmed: 7645/8192 | Reverted: 0 | Pending: 547
Confirmed: 7840/8192 | Reverted: 0 | Pending: 352
Confirmed: 7932/8192 | Reverted: 0 | Pending: 260
Confirmed: 7992/8192 | Reverted: 0 | Pending: 200
Confirmed: 8101/8192 | Reverted: 0 | Pending: 91
Confirmed: 8101/8192 | Reverted: 0 | Pending: 91
Confirmed: 8177/8192 | Reverted: 0 | Pending: 15
Confirmed: 8177/8192 | Reverted: 0 | Pending: 15
Confirmed: 8192/8192 | Reverted: 0 | Pending: 0

Receipt polling finished.
------------------------------------------
Confirmed : 8192
Reverted  : 0
Timeout   : 0
Duration  : 108.038s
------------------------------------------

>>> on-chain leg: aggregate_n8_vmnos1024_r5 (1024 tx total, 420B/tx x 1024 distinct payloads, gas/tx=176674, to=0xC5B0b9f4C973FD34520A8B423a38e9E2dbc45ca3)

Starting transaction producer...
Target submission rate : 500.00 tx/s
Submission workers      : 48


Producer finished.
------------------------------------------
Submitted : 1024/1024
Failed    : 0/1024
Duration  : 3.562s
Rate      : 287.52 tx/s
------------------------------------------

Starting receipt polling...
------------------------------------------
Transactions to confirm : 1024
Receipt workers         : 48
Receipt timeout         : 120.0s
------------------------------------------

Confirmed: 111/1024 | Reverted: 0 | Pending: 913
Confirmed: 326/1024 | Reverted: 0 | Pending: 698
Confirmed: 515/1024 | Reverted: 0 | Pending: 509
Confirmed: 648/1024 | Reverted: 0 | Pending: 376
Confirmed: 736/1024 | Reverted: 0 | Pending: 288
Confirmed: 792/1024 | Reverted: 0 | Pending: 232
Confirmed: 843/1024 | Reverted: 0 | Pending: 181
Confirmed: 911/1024 | Reverted: 0 | Pending: 113
Confirmed: 912/1024 | Reverted: 0 | Pending: 112
Confirmed: 979/1024 | Reverted: 0 | Pending: 45
Confirmed: 979/1024 | Reverted: 0 | Pending: 45
Confirmed: 1024/1024 | Reverted: 0 | Pending: 0

Receipt polling finished.
------------------------------------------
Confirmed : 1024
Reverted  : 0
Timeout   : 0
Duration  : 29.218s
------------------------------------------
Wrote: results/hardware-vmno-scaling/l3icalcul07/wan-nproof8-w48-rw48-rate500/vmnos-1024/zkroam-wan-1024vmnos/zkroam_wan_1024vmnos_1024_500.0_48_48_resource_usage.csv

Wrote: results/hardware-vmno-scaling/l3icalcul07/wan-nproof8-w48-rw48-rate500/vmnos-1024/zkroam-wan-1024vmnos/zkroam_wan_1024vmnos_1024_500.0_48_48_sweep_summary.csv

============================================================================
SWEEP HIGHLIGHTS (median across runs per nproofs/VMNO level)
============================================================================
 nproofs  num_vmnos  ind_gas_total  agg_gas_total gas_save_%  pipeline_x
       8       1024  1,982,218,240    157,317,120      92.1%       6.87x
============================================================================

$ /Utilisateurs/abellach/zkRoam/net-heterogeneity/venv/bin/python3 monitoring/collect_metrics.py --logs-dir logs --rpc http://172.28.0.10:8545 --start-block 30 --end-block 705 --log-offsets results/hardware-vmno-scaling/l3icalcul07/wan-nproof8-w48-rw48-rate500/vmnos-1024/zkroam-wan-1024vmnos/log_offsets_at_workload_start.json --out results/hardware-vmno-scaling/l3icalcul07/wan-nproof8-w48-rw48-rate500/vmnos-1024/zkroam-wan-1024vmnos/consensus_robustness.csv
Total view changes across all nodes: 0
Blocks exceeding 2x block period (stall indicator): 71/676
Wrote results/hardware-vmno-scaling/l3icalcul07/wan-nproof8-w48-rw48-rate500/vmnos-1024/zkroam-wan-1024vmnos/consensus_robustness.csv

$ /Utilisateurs/abellach/zkRoam/net-heterogeneity/venv/bin/python3 scripts/apptainer-network.py snapshot --out results/hardware-vmno-scaling/l3icalcul07/wan-nproof8-w48-rw48-rate500/vmnos-1024/zkroam-wan-1024vmnos/runtime_snapshot
$ nsenter -t 1667937 -n apptainer exec --cleanenv /Utilisateurs/abellach/zkRoam/net-heterogeneity/zkroam-besu.sif tc -s qdisc show
$ nsenter -t 1667937 -n apptainer exec --cleanenv /Utilisateurs/abellach/zkRoam/net-heterogeneity/zkroam-besu.sif tc -s class show
$ nsenter -t 1667937 -n apptainer exec --cleanenv /Utilisateurs/abellach/zkRoam/net-heterogeneity/zkroam-besu.sif tc -s filter show
$ nsenter -t 1667937 -n apptainer exec --cleanenv /Utilisateurs/abellach/zkRoam/net-heterogeneity/zkroam-besu.sif ip -o addr show
$ nsenter -t 1668424 -n apptainer exec --cleanenv /Utilisateurs/abellach/zkRoam/net-heterogeneity/zkroam-besu.sif tc -s qdisc show
$ nsenter -t 1668424 -n apptainer exec --cleanenv /Utilisateurs/abellach/zkRoam/net-heterogeneity/zkroam-besu.sif tc -s class show
$ nsenter -t 1668424 -n apptainer exec --cleanenv /Utilisateurs/abellach/zkRoam/net-heterogeneity/zkroam-besu.sif tc -s filter show
$ nsenter -t 1668424 -n apptainer exec --cleanenv /Utilisateurs/abellach/zkRoam/net-heterogeneity/zkroam-besu.sif ip -o addr show
$ nsenter -t 1669074 -n apptainer exec --cleanenv /Utilisateurs/abellach/zkRoam/net-heterogeneity/zkroam-besu.sif tc -s qdisc show
$ nsenter -t 1669074 -n apptainer exec --cleanenv /Utilisateurs/abellach/zkRoam/net-heterogeneity/zkroam-besu.sif tc -s class show
$ nsenter -t 1669074 -n apptainer exec --cleanenv /Utilisateurs/abellach/zkRoam/net-heterogeneity/zkroam-besu.sif tc -s filter show
$ nsenter -t 1669074 -n apptainer exec --cleanenv /Utilisateurs/abellach/zkRoam/net-heterogeneity/zkroam-besu.sif ip -o addr show
$ nsenter -t 1669765 -n apptainer exec --cleanenv /Utilisateurs/abellach/zkRoam/net-heterogeneity/zkroam-besu.sif tc -s qdisc show
$ nsenter -t 1669765 -n apptainer exec --cleanenv /Utilisateurs/abellach/zkRoam/net-heterogeneity/zkroam-besu.sif tc -s class show
$ nsenter -t 1669765 -n apptainer exec --cleanenv /Utilisateurs/abellach/zkRoam/net-heterogeneity/zkroam-besu.sif tc -s filter show
$ nsenter -t 1669765 -n apptainer exec --cleanenv /Utilisateurs/abellach/zkRoam/net-heterogeneity/zkroam-besu.sif ip -o addr show
$ nsenter -t 1670568 -n apptainer exec --cleanenv /Utilisateurs/abellach/zkRoam/net-heterogeneity/zkroam-besu.sif tc -s qdisc show
$ nsenter -t 1670568 -n apptainer exec --cleanenv /Utilisateurs/abellach/zkRoam/net-heterogeneity/zkroam-besu.sif tc -s class show
$ nsenter -t 1670568 -n apptainer exec --cleanenv /Utilisateurs/abellach/zkRoam/net-heterogeneity/zkroam-besu.sif tc -s filter show
$ nsenter -t 1670568 -n apptainer exec --cleanenv /Utilisateurs/abellach/zkRoam/net-heterogeneity/zkroam-besu.sif ip -o addr show
$ nsenter -t 1671413 -n apptainer exec --cleanenv /Utilisateurs/abellach/zkRoam/net-heterogeneity/zkroam-besu.sif tc -s qdisc show
$ nsenter -t 1671413 -n apptainer exec --cleanenv /Utilisateurs/abellach/zkRoam/net-heterogeneity/zkroam-besu.sif tc -s class show
$ nsenter -t 1671413 -n apptainer exec --cleanenv /Utilisateurs/abellach/zkRoam/net-heterogeneity/zkroam-besu.sif tc -s filter show
$ nsenter -t 1671413 -n apptainer exec --cleanenv /Utilisateurs/abellach/zkRoam/net-heterogeneity/zkroam-besu.sif ip -o addr show
$ nsenter -t 1672242 -n apptainer exec --cleanenv /Utilisateurs/abellach/zkRoam/net-heterogeneity/zkroam-besu.sif tc -s qdisc show
$ nsenter -t 1672242 -n apptainer exec --cleanenv /Utilisateurs/abellach/zkRoam/net-heterogeneity/zkroam-besu.sif tc -s class show
$ nsenter -t 1672242 -n apptainer exec --cleanenv /Utilisateurs/abellach/zkRoam/net-heterogeneity/zkroam-besu.sif tc -s filter show
$ nsenter -t 1672242 -n apptainer exec --cleanenv /Utilisateurs/abellach/zkRoam/net-heterogeneity/zkroam-besu.sif ip -o addr show
$ nsenter -t 1673059 -n apptainer exec --cleanenv /Utilisateurs/abellach/zkRoam/net-heterogeneity/zkroam-besu.sif tc -s qdisc show
$ nsenter -t 1673059 -n apptainer exec --cleanenv /Utilisateurs/abellach/zkRoam/net-heterogeneity/zkroam-besu.sif tc -s class show
$ nsenter -t 1673059 -n apptainer exec --cleanenv /Utilisateurs/abellach/zkRoam/net-heterogeneity/zkroam-besu.sif tc -s filter show
$ nsenter -t 1673059 -n apptainer exec --cleanenv /Utilisateurs/abellach/zkRoam/net-heterogeneity/zkroam-besu.sif ip -o addr show
$ nsenter -t 1673939 -n apptainer exec --cleanenv /Utilisateurs/abellach/zkRoam/net-heterogeneity/zkroam-besu.sif tc -s qdisc show
$ nsenter -t 1673939 -n apptainer exec --cleanenv /Utilisateurs/abellach/zkRoam/net-heterogeneity/zkroam-besu.sif tc -s class show
$ nsenter -t 1673939 -n apptainer exec --cleanenv /Utilisateurs/abellach/zkRoam/net-heterogeneity/zkroam-besu.sif tc -s filter show
$ nsenter -t 1673939 -n apptainer exec --cleanenv /Utilisateurs/abellach/zkRoam/net-heterogeneity/zkroam-besu.sif ip -o addr show
$ nsenter -t 1674702 -n apptainer exec --cleanenv /Utilisateurs/abellach/zkRoam/net-heterogeneity/zkroam-besu.sif tc -s qdisc show
$ nsenter -t 1674702 -n apptainer exec --cleanenv /Utilisateurs/abellach/zkRoam/net-heterogeneity/zkroam-besu.sif tc -s class show
$ nsenter -t 1674702 -n apptainer exec --cleanenv /Utilisateurs/abellach/zkRoam/net-heterogeneity/zkroam-besu.sif tc -s filter show
$ nsenter -t 1674702 -n apptainer exec --cleanenv /Utilisateurs/abellach/zkRoam/net-heterogeneity/zkroam-besu.sif ip -o addr show
$ nsenter -t 1675608 -n apptainer exec --cleanenv /Utilisateurs/abellach/zkRoam/net-heterogeneity/zkroam-besu.sif tc -s qdisc show
$ nsenter -t 1675608 -n apptainer exec --cleanenv /Utilisateurs/abellach/zkRoam/net-heterogeneity/zkroam-besu.sif tc -s class show
$ nsenter -t 1675608 -n apptainer exec --cleanenv /Utilisateurs/abellach/zkRoam/net-heterogeneity/zkroam-besu.sif tc -s filter show
$ nsenter -t 1675608 -n apptainer exec --cleanenv /Utilisateurs/abellach/zkRoam/net-heterogeneity/zkroam-besu.sif ip -o addr show
$ nsenter -t 1676444 -n apptainer exec --cleanenv /Utilisateurs/abellach/zkRoam/net-heterogeneity/zkroam-besu.sif tc -s qdisc show
$ nsenter -t 1676444 -n apptainer exec --cleanenv /Utilisateurs/abellach/zkRoam/net-heterogeneity/zkroam-besu.sif tc -s class show
$ nsenter -t 1676444 -n apptainer exec --cleanenv /Utilisateurs/abellach/zkRoam/net-heterogeneity/zkroam-besu.sif tc -s filter show
$ nsenter -t 1676444 -n apptainer exec --cleanenv /Utilisateurs/abellach/zkRoam/net-heterogeneity/zkroam-besu.sif ip -o addr show
$ nsenter -t 1677284 -n apptainer exec --cleanenv /Utilisateurs/abellach/zkRoam/net-heterogeneity/zkroam-besu.sif tc -s qdisc show
$ nsenter -t 1677284 -n apptainer exec --cleanenv /Utilisateurs/abellach/zkRoam/net-heterogeneity/zkroam-besu.sif tc -s class show
$ nsenter -t 1677284 -n apptainer exec --cleanenv /Utilisateurs/abellach/zkRoam/net-heterogeneity/zkroam-besu.sif tc -s filter show
$ nsenter -t 1677284 -n apptainer exec --cleanenv /Utilisateurs/abellach/zkRoam/net-heterogeneity/zkroam-besu.sif ip -o addr show
$ nsenter -t 1678124 -n apptainer exec --cleanenv /Utilisateurs/abellach/zkRoam/net-heterogeneity/zkroam-besu.sif tc -s qdisc show
$ nsenter -t 1678124 -n apptainer exec --cleanenv /Utilisateurs/abellach/zkRoam/net-heterogeneity/zkroam-besu.sif tc -s class show
$ nsenter -t 1678124 -n apptainer exec --cleanenv /Utilisateurs/abellach/zkRoam/net-heterogeneity/zkroam-besu.sif tc -s filter show
$ nsenter -t 1678124 -n apptainer exec --cleanenv /Utilisateurs/abellach/zkRoam/net-heterogeneity/zkroam-besu.sif ip -o addr show
$ nsenter -t 1678979 -n apptainer exec --cleanenv /Utilisateurs/abellach/zkRoam/net-heterogeneity/zkroam-besu.sif tc -s qdisc show
$ nsenter -t 1678979 -n apptainer exec --cleanenv /Utilisateurs/abellach/zkRoam/net-heterogeneity/zkroam-besu.sif tc -s class show
$ nsenter -t 1678979 -n apptainer exec --cleanenv /Utilisateurs/abellach/zkRoam/net-heterogeneity/zkroam-besu.sif tc -s filter show
$ nsenter -t 1678979 -n apptainer exec --cleanenv /Utilisateurs/abellach/zkRoam/net-heterogeneity/zkroam-besu.sif ip -o addr show
$ apptainer exec --cleanenv /Utilisateurs/abellach/zkRoam/net-heterogeneity/zkroam-besu.sif ip -details addr show zkroam0

$ /Utilisateurs/abellach/zkRoam/net-heterogeneity/venv/bin/python3 scripts/apptainer-network.py stop
$ apptainer exec --cleanenv /Utilisateurs/abellach/zkRoam/net-heterogeneity/zkroam-besu.sif ip -o link show
$ apptainer exec --cleanenv /Utilisateurs/abellach/zkRoam/net-heterogeneity/zkroam-besu.sif ip link delete zkh00
$ apptainer exec --cleanenv /Utilisateurs/abellach/zkRoam/net-heterogeneity/zkroam-besu.sif ip link delete zkh01
$ apptainer exec --cleanenv /Utilisateurs/abellach/zkRoam/net-heterogeneity/zkroam-besu.sif ip link delete zkh02
$ apptainer exec --cleanenv /Utilisateurs/abellach/zkRoam/net-heterogeneity/zkroam-besu.sif ip link delete zkh03
$ apptainer exec --cleanenv /Utilisateurs/abellach/zkRoam/net-heterogeneity/zkroam-besu.sif ip link delete zkh04
$ apptainer exec --cleanenv /Utilisateurs/abellach/zkRoam/net-heterogeneity/zkroam-besu.sif ip link delete zkh05
$ apptainer exec --cleanenv /Utilisateurs/abellach/zkRoam/net-heterogeneity/zkroam-besu.sif ip link delete zkh06
$ apptainer exec --cleanenv /Utilisateurs/abellach/zkRoam/net-heterogeneity/zkroam-besu.sif ip link delete zkh07
$ apptainer exec --cleanenv /Utilisateurs/abellach/zkRoam/net-heterogeneity/zkroam-besu.sif ip link delete zkh08
$ apptainer exec --cleanenv /Utilisateurs/abellach/zkRoam/net-heterogeneity/zkroam-besu.sif ip link delete zkh09
$ apptainer exec --cleanenv /Utilisateurs/abellach/zkRoam/net-heterogeneity/zkroam-besu.sif ip link delete zkh10
$ apptainer exec --cleanenv /Utilisateurs/abellach/zkRoam/net-heterogeneity/zkroam-besu.sif ip link delete zkh11
$ apptainer exec --cleanenv /Utilisateurs/abellach/zkRoam/net-heterogeneity/zkroam-besu.sif ip link delete zkh12
$ apptainer exec --cleanenv /Utilisateurs/abellach/zkRoam/net-heterogeneity/zkroam-besu.sif ip link delete zkh13
$ apptainer exec --cleanenv /Utilisateurs/abellach/zkRoam/net-heterogeneity/zkroam-besu.sif ip link delete zkh14
$ apptainer exec --cleanenv /Utilisateurs/abellach/zkRoam/net-heterogeneity/zkroam-besu.sif ip link delete zkroam0
