
$ bash scripts/04c-run-network-apptainer.sh heterogeneous
=== Step 0: stop the previous zkRoam Apptainer network ===
$ apptainer exec --cleanenv /tmp/zkroam-hw-22073-TarIRJ/net-heterogeneity/zkroam-besu.sif ip -o link show
$ apptainer exec --cleanenv /tmp/zkroam-hw-22073-TarIRJ/net-heterogeneity/zkroam-besu.sif ip link delete zkroam0
=== Step 1: generate genesis, validator keys, and accounts ===
==========================================
Generating QBFT test network
==========================================

Validators : 15
Client accounts : 2000
Balance/account : 1000000000000000000000 wei

[1/5] Cleaning previous network files...
[2/5] Generating QBFT validators and genesis...
2026-10-07 21:26:23.229+00:00 | main | INFO  | GenerateBlockchainConfig | Generating 15 nodes keys.
2026-10-07 21:26:23.233+00:00 | main | INFO  | GenerateBlockchainConfig | Generating keypair for node 0.
2026-10-07 21:26:23.282+00:00 | main | INFO  | GenerateBlockchainConfig | Generating keypair for node 1.
2026-10-07 21:26:23.286+00:00 | main | INFO  | GenerateBlockchainConfig | Generating keypair for node 2.
2026-10-07 21:26:23.288+00:00 | main | INFO  | GenerateBlockchainConfig | Generating keypair for node 3.
2026-10-07 21:26:23.291+00:00 | main | INFO  | GenerateBlockchainConfig | Generating keypair for node 4.
2026-10-07 21:26:23.292+00:00 | main | INFO  | GenerateBlockchainConfig | Generating keypair for node 5.
2026-10-07 21:26:23.293+00:00 | main | INFO  | GenerateBlockchainConfig | Generating keypair for node 6.
2026-10-07 21:26:23.295+00:00 | main | INFO  | GenerateBlockchainConfig | Generating keypair for node 7.
2026-10-07 21:26:23.297+00:00 | main | INFO  | GenerateBlockchainConfig | Generating keypair for node 8.
2026-10-07 21:26:23.298+00:00 | main | INFO  | GenerateBlockchainConfig | Generating keypair for node 9.
2026-10-07 21:26:23.298+00:00 | main | INFO  | GenerateBlockchainConfig | Generating keypair for node 10.
2026-10-07 21:26:23.299+00:00 | main | INFO  | GenerateBlockchainConfig | Generating keypair for node 11.
2026-10-07 21:26:23.301+00:00 | main | INFO  | GenerateBlockchainConfig | Generating keypair for node 12.
2026-10-07 21:26:23.301+00:00 | main | INFO  | GenerateBlockchainConfig | Generating keypair for node 13.
2026-10-07 21:26:23.303+00:00 | main | INFO  | GenerateBlockchainConfig | Generating keypair for node 14.
2026-10-07 21:26:23.304+00:00 | main | INFO  | GenerateBlockchainConfig | Generating QBFT extra data.
2026-10-07 21:26:23.307+00:00 | main | INFO  | GenerateBlockchainConfig | Writing genesis file.
[3/5] Generating 2000 funded client accounts...
Generating 2000 funded accounts...

Generated 2000 accounts.
Saved to: /tmp/zkroam-hw-22073-TarIRJ/net-heterogeneity/accounts/accounts.json
[4/5] Updating genesis alloc...
Existing configured alloc accounts: 2
Generated workload accounts: 2000

Final genesis alloc contains 2002 accounts.
[5/5] Verifying generated network...

==========================================
QBFT network generation complete
==========================================

Genesis:
  /tmp/zkroam-hw-22073-TarIRJ/net-heterogeneity/networkFiles/genesis.json

Validators:
  /tmp/zkroam-hw-22073-TarIRJ/net-heterogeneity/networkFiles/keys/

Client accounts:
  /tmp/zkroam-hw-22073-TarIRJ/net-heterogeneity/accounts/accounts.json

Validator count:
15

Client account count:
2000

Genesis alloc count:
2002

First 10 client accounts:
000 0x9a409b8cb33349841a80476954C2559af3821ce7 balance=1000000000000000000000
001 0x3D7E22e4313D79708f1C23C0e9595224097A4f55 balance=1000000000000000000000
002 0x00801A05eFFc43446493Bcf4e96133371a7568Fb balance=1000000000000000000000
003 0x2dAd9EB0eaB767551b85A15e008028Abd17C65a3 balance=1000000000000000000000
004 0x891CCc1F83fCE8393F8bf652e07e56dB52c4B3Cd balance=1000000000000000000000
005 0x7bEC4C0FcA57049c4E5Cc860CF356c25A6C5b385 balance=1000000000000000000000
006 0xDfD5871B59ad5272c2408aA7897Fe983bEd5E0Df balance=1000000000000000000000
007 0x40F0f0aB9c2E62f18D7D885E82116CbFbdd14b5e balance=1000000000000000000000
008 0xf19a3108D1BC9be8fAed47cEeA6E4AB58cbD30d5 balance=1000000000000000000000
009 0x4360aDa98E80779C777d70785B72Ae5E37978D9E balance=1000000000000000000000

==========================================
IMPORTANT
==========================================

Client private keys are stored in:
  /tmp/zkroam-hw-22073-TarIRJ/net-heterogeneity/accounts/accounts.json

Do NOT commit this file to Git.

=== Step 2: generate the heterogeneous topology ===
Wrote /tmp/zkroam-hw-22073-TarIRJ/net-heterogeneity/networkFiles/topology.json
Tier distribution: {'core': 6, 'edge': 6, 'mobile': 3}
=== Step 3: start 15 isolated Apptainer-backed validators ===
$ apptainer exec --cleanenv /Utilisateurs/abellach/zkRoam/net-heterogeneity/zkroam-besu.sif ip -o link show
$ apptainer exec --cleanenv /Utilisateurs/abellach/zkRoam/net-heterogeneity/zkroam-besu.sif ip link delete zkroam0
$ apptainer exec --cleanenv /Utilisateurs/abellach/zkRoam/net-heterogeneity/zkroam-besu.sif ip link add zkroam0 type bridge
$ apptainer exec --cleanenv /Utilisateurs/abellach/zkRoam/net-heterogeneity/zkroam-besu.sif ip addr add 172.28.0.1/24 dev zkroam0
$ apptainer exec --cleanenv /Utilisateurs/abellach/zkRoam/net-heterogeneity/zkroam-besu.sif ip link set zkroam0 up
$ apptainer exec --cleanenv /Utilisateurs/abellach/zkRoam/net-heterogeneity/zkroam-besu.sif ip link delete zkh00
$ apptainer exec --cleanenv /Utilisateurs/abellach/zkRoam/net-heterogeneity/zkroam-besu.sif ip link add zkh00 type veth peer name eth0
$ apptainer exec --cleanenv /Utilisateurs/abellach/zkRoam/net-heterogeneity/zkroam-besu.sif ip link set zkh00 master zkroam0
$ apptainer exec --cleanenv /Utilisateurs/abellach/zkRoam/net-heterogeneity/zkroam-besu.sif ip link set zkh00 up
$ apptainer exec --cleanenv /Utilisateurs/abellach/zkRoam/net-heterogeneity/zkroam-besu.sif ip link set eth0 netns 2006745
$ nsenter -t 2006745 -n apptainer exec --cleanenv /Utilisateurs/abellach/zkRoam/net-heterogeneity/zkroam-besu.sif ip link set lo up
$ nsenter -t 2006745 -n apptainer exec --cleanenv /Utilisateurs/abellach/zkRoam/net-heterogeneity/zkroam-besu.sif ip addr add 172.28.0.10/24 dev eth0
$ nsenter -t 2006745 -n apptainer exec --cleanenv /Utilisateurs/abellach/zkRoam/net-heterogeneity/zkroam-besu.sif ip link set eth0 up
$ nsenter -t 2006745 -n apptainer exec --cleanenv /Utilisateurs/abellach/zkRoam/net-heterogeneity/zkroam-besu.sif ip route add default via 172.28.0.1
$ apptainer exec --cleanenv /Utilisateurs/abellach/zkRoam/net-heterogeneity/zkroam-besu.sif ip link delete zkh01
$ apptainer exec --cleanenv /Utilisateurs/abellach/zkRoam/net-heterogeneity/zkroam-besu.sif ip link add zkh01 type veth peer name eth0
$ apptainer exec --cleanenv /Utilisateurs/abellach/zkRoam/net-heterogeneity/zkroam-besu.sif ip link set zkh01 master zkroam0
$ apptainer exec --cleanenv /Utilisateurs/abellach/zkRoam/net-heterogeneity/zkroam-besu.sif ip link set zkh01 up
$ apptainer exec --cleanenv /Utilisateurs/abellach/zkRoam/net-heterogeneity/zkroam-besu.sif ip link set eth0 netns 2007233
$ nsenter -t 2007233 -n apptainer exec --cleanenv /Utilisateurs/abellach/zkRoam/net-heterogeneity/zkroam-besu.sif ip link set lo up
$ nsenter -t 2007233 -n apptainer exec --cleanenv /Utilisateurs/abellach/zkRoam/net-heterogeneity/zkroam-besu.sif ip addr add 172.28.0.11/24 dev eth0
$ nsenter -t 2007233 -n apptainer exec --cleanenv /Utilisateurs/abellach/zkRoam/net-heterogeneity/zkroam-besu.sif ip link set eth0 up
$ nsenter -t 2007233 -n apptainer exec --cleanenv /Utilisateurs/abellach/zkRoam/net-heterogeneity/zkroam-besu.sif ip route add default via 172.28.0.1
$ apptainer exec --cleanenv /Utilisateurs/abellach/zkRoam/net-heterogeneity/zkroam-besu.sif ip link delete zkh02
$ apptainer exec --cleanenv /Utilisateurs/abellach/zkRoam/net-heterogeneity/zkroam-besu.sif ip link add zkh02 type veth peer name eth0
$ apptainer exec --cleanenv /Utilisateurs/abellach/zkRoam/net-heterogeneity/zkroam-besu.sif ip link set zkh02 master zkroam0
$ apptainer exec --cleanenv /Utilisateurs/abellach/zkRoam/net-heterogeneity/zkroam-besu.sif ip link set zkh02 up
$ apptainer exec --cleanenv /Utilisateurs/abellach/zkRoam/net-heterogeneity/zkroam-besu.sif ip link set eth0 netns 2007831
$ nsenter -t 2007831 -n apptainer exec --cleanenv /Utilisateurs/abellach/zkRoam/net-heterogeneity/zkroam-besu.sif ip link set lo up
$ nsenter -t 2007831 -n apptainer exec --cleanenv /Utilisateurs/abellach/zkRoam/net-heterogeneity/zkroam-besu.sif ip addr add 172.28.0.12/24 dev eth0
$ nsenter -t 2007831 -n apptainer exec --cleanenv /Utilisateurs/abellach/zkRoam/net-heterogeneity/zkroam-besu.sif ip link set eth0 up
$ nsenter -t 2007831 -n apptainer exec --cleanenv /Utilisateurs/abellach/zkRoam/net-heterogeneity/zkroam-besu.sif ip route add default via 172.28.0.1
$ apptainer exec --cleanenv /Utilisateurs/abellach/zkRoam/net-heterogeneity/zkroam-besu.sif ip link delete zkh03
$ apptainer exec --cleanenv /Utilisateurs/abellach/zkRoam/net-heterogeneity/zkroam-besu.sif ip link add zkh03 type veth peer name eth0
$ apptainer exec --cleanenv /Utilisateurs/abellach/zkRoam/net-heterogeneity/zkroam-besu.sif ip link set zkh03 master zkroam0
$ apptainer exec --cleanenv /Utilisateurs/abellach/zkRoam/net-heterogeneity/zkroam-besu.sif ip link set zkh03 up
$ apptainer exec --cleanenv /Utilisateurs/abellach/zkRoam/net-heterogeneity/zkroam-besu.sif ip link set eth0 netns 2008483
$ nsenter -t 2008483 -n apptainer exec --cleanenv /Utilisateurs/abellach/zkRoam/net-heterogeneity/zkroam-besu.sif ip link set lo up
$ nsenter -t 2008483 -n apptainer exec --cleanenv /Utilisateurs/abellach/zkRoam/net-heterogeneity/zkroam-besu.sif ip addr add 172.28.0.13/24 dev eth0
$ nsenter -t 2008483 -n apptainer exec --cleanenv /Utilisateurs/abellach/zkRoam/net-heterogeneity/zkroam-besu.sif ip link set eth0 up
$ nsenter -t 2008483 -n apptainer exec --cleanenv /Utilisateurs/abellach/zkRoam/net-heterogeneity/zkroam-besu.sif ip route add default via 172.28.0.1
$ apptainer exec --cleanenv /Utilisateurs/abellach/zkRoam/net-heterogeneity/zkroam-besu.sif ip link delete zkh04
$ apptainer exec --cleanenv /Utilisateurs/abellach/zkRoam/net-heterogeneity/zkroam-besu.sif ip link add zkh04 type veth peer name eth0
$ apptainer exec --cleanenv /Utilisateurs/abellach/zkRoam/net-heterogeneity/zkroam-besu.sif ip link set zkh04 master zkroam0
$ apptainer exec --cleanenv /Utilisateurs/abellach/zkRoam/net-heterogeneity/zkroam-besu.sif ip link set zkh04 up
$ apptainer exec --cleanenv /Utilisateurs/abellach/zkRoam/net-heterogeneity/zkroam-besu.sif ip link set eth0 netns 2009260
$ nsenter -t 2009260 -n apptainer exec --cleanenv /Utilisateurs/abellach/zkRoam/net-heterogeneity/zkroam-besu.sif ip link set lo up
$ nsenter -t 2009260 -n apptainer exec --cleanenv /Utilisateurs/abellach/zkRoam/net-heterogeneity/zkroam-besu.sif ip addr add 172.28.0.14/24 dev eth0
$ nsenter -t 2009260 -n apptainer exec --cleanenv /Utilisateurs/abellach/zkRoam/net-heterogeneity/zkroam-besu.sif ip link set eth0 up
$ nsenter -t 2009260 -n apptainer exec --cleanenv /Utilisateurs/abellach/zkRoam/net-heterogeneity/zkroam-besu.sif ip route add default via 172.28.0.1
$ apptainer exec --cleanenv /Utilisateurs/abellach/zkRoam/net-heterogeneity/zkroam-besu.sif ip link delete zkh05
$ apptainer exec --cleanenv /Utilisateurs/abellach/zkRoam/net-heterogeneity/zkroam-besu.sif ip link add zkh05 type veth peer name eth0
$ apptainer exec --cleanenv /Utilisateurs/abellach/zkRoam/net-heterogeneity/zkroam-besu.sif ip link set zkh05 master zkroam0
$ apptainer exec --cleanenv /Utilisateurs/abellach/zkRoam/net-heterogeneity/zkroam-besu.sif ip link set zkh05 up
$ apptainer exec --cleanenv /Utilisateurs/abellach/zkRoam/net-heterogeneity/zkroam-besu.sif ip link set eth0 netns 2010058
$ nsenter -t 2010058 -n apptainer exec --cleanenv /Utilisateurs/abellach/zkRoam/net-heterogeneity/zkroam-besu.sif ip link set lo up
$ nsenter -t 2010058 -n apptainer exec --cleanenv /Utilisateurs/abellach/zkRoam/net-heterogeneity/zkroam-besu.sif ip addr add 172.28.0.15/24 dev eth0
$ nsenter -t 2010058 -n apptainer exec --cleanenv /Utilisateurs/abellach/zkRoam/net-heterogeneity/zkroam-besu.sif ip link set eth0 up
$ nsenter -t 2010058 -n apptainer exec --cleanenv /Utilisateurs/abellach/zkRoam/net-heterogeneity/zkroam-besu.sif ip route add default via 172.28.0.1
$ apptainer exec --cleanenv /Utilisateurs/abellach/zkRoam/net-heterogeneity/zkroam-besu.sif ip link delete zkh06
$ apptainer exec --cleanenv /Utilisateurs/abellach/zkRoam/net-heterogeneity/zkroam-besu.sif ip link add zkh06 type veth peer name eth0
$ apptainer exec --cleanenv /Utilisateurs/abellach/zkRoam/net-heterogeneity/zkroam-besu.sif ip link set zkh06 master zkroam0
$ apptainer exec --cleanenv /Utilisateurs/abellach/zkRoam/net-heterogeneity/zkroam-besu.sif ip link set zkh06 up
$ apptainer exec --cleanenv /Utilisateurs/abellach/zkRoam/net-heterogeneity/zkroam-besu.sif ip link set eth0 netns 2010846
$ nsenter -t 2010846 -n apptainer exec --cleanenv /Utilisateurs/abellach/zkRoam/net-heterogeneity/zkroam-besu.sif ip link set lo up
$ nsenter -t 2010846 -n apptainer exec --cleanenv /Utilisateurs/abellach/zkRoam/net-heterogeneity/zkroam-besu.sif ip addr add 172.28.0.16/24 dev eth0
$ nsenter -t 2010846 -n apptainer exec --cleanenv /Utilisateurs/abellach/zkRoam/net-heterogeneity/zkroam-besu.sif ip link set eth0 up
$ nsenter -t 2010846 -n apptainer exec --cleanenv /Utilisateurs/abellach/zkRoam/net-heterogeneity/zkroam-besu.sif ip route add default via 172.28.0.1
$ apptainer exec --cleanenv /Utilisateurs/abellach/zkRoam/net-heterogeneity/zkroam-besu.sif ip link delete zkh07
$ apptainer exec --cleanenv /Utilisateurs/abellach/zkRoam/net-heterogeneity/zkroam-besu.sif ip link add zkh07 type veth peer name eth0
$ apptainer exec --cleanenv /Utilisateurs/abellach/zkRoam/net-heterogeneity/zkroam-besu.sif ip link set zkh07 master zkroam0
$ apptainer exec --cleanenv /Utilisateurs/abellach/zkRoam/net-heterogeneity/zkroam-besu.sif ip link set zkh07 up
$ apptainer exec --cleanenv /Utilisateurs/abellach/zkRoam/net-heterogeneity/zkroam-besu.sif ip link set eth0 netns 2011662
$ nsenter -t 2011662 -n apptainer exec --cleanenv /Utilisateurs/abellach/zkRoam/net-heterogeneity/zkroam-besu.sif ip link set lo up
$ nsenter -t 2011662 -n apptainer exec --cleanenv /Utilisateurs/abellach/zkRoam/net-heterogeneity/zkroam-besu.sif ip addr add 172.28.0.17/24 dev eth0
$ nsenter -t 2011662 -n apptainer exec --cleanenv /Utilisateurs/abellach/zkRoam/net-heterogeneity/zkroam-besu.sif ip link set eth0 up
$ nsenter -t 2011662 -n apptainer exec --cleanenv /Utilisateurs/abellach/zkRoam/net-heterogeneity/zkroam-besu.sif ip route add default via 172.28.0.1
$ apptainer exec --cleanenv /Utilisateurs/abellach/zkRoam/net-heterogeneity/zkroam-besu.sif ip link delete zkh08
$ apptainer exec --cleanenv /Utilisateurs/abellach/zkRoam/net-heterogeneity/zkroam-besu.sif ip link add zkh08 type veth peer name eth0
$ apptainer exec --cleanenv /Utilisateurs/abellach/zkRoam/net-heterogeneity/zkroam-besu.sif ip link set zkh08 master zkroam0
$ apptainer exec --cleanenv /Utilisateurs/abellach/zkRoam/net-heterogeneity/zkroam-besu.sif ip link set zkh08 up
$ apptainer exec --cleanenv /Utilisateurs/abellach/zkRoam/net-heterogeneity/zkroam-besu.sif ip link set eth0 netns 2012466
$ nsenter -t 2012466 -n apptainer exec --cleanenv /Utilisateurs/abellach/zkRoam/net-heterogeneity/zkroam-besu.sif ip link set lo up
$ nsenter -t 2012466 -n apptainer exec --cleanenv /Utilisateurs/abellach/zkRoam/net-heterogeneity/zkroam-besu.sif ip addr add 172.28.0.18/24 dev eth0
$ nsenter -t 2012466 -n apptainer exec --cleanenv /Utilisateurs/abellach/zkRoam/net-heterogeneity/zkroam-besu.sif ip link set eth0 up
$ nsenter -t 2012466 -n apptainer exec --cleanenv /Utilisateurs/abellach/zkRoam/net-heterogeneity/zkroam-besu.sif ip route add default via 172.28.0.1
$ apptainer exec --cleanenv /Utilisateurs/abellach/zkRoam/net-heterogeneity/zkroam-besu.sif ip link delete zkh09
$ apptainer exec --cleanenv /Utilisateurs/abellach/zkRoam/net-heterogeneity/zkroam-besu.sif ip link add zkh09 type veth peer name eth0
$ apptainer exec --cleanenv /Utilisateurs/abellach/zkRoam/net-heterogeneity/zkroam-besu.sif ip link set zkh09 master zkroam0
$ apptainer exec --cleanenv /Utilisateurs/abellach/zkRoam/net-heterogeneity/zkroam-besu.sif ip link set zkh09 up
$ apptainer exec --cleanenv /Utilisateurs/abellach/zkRoam/net-heterogeneity/zkroam-besu.sif ip link set eth0 netns 2013270
$ nsenter -t 2013270 -n apptainer exec --cleanenv /Utilisateurs/abellach/zkRoam/net-heterogeneity/zkroam-besu.sif ip link set lo up
$ nsenter -t 2013270 -n apptainer exec --cleanenv /Utilisateurs/abellach/zkRoam/net-heterogeneity/zkroam-besu.sif ip addr add 172.28.0.19/24 dev eth0
$ nsenter -t 2013270 -n apptainer exec --cleanenv /Utilisateurs/abellach/zkRoam/net-heterogeneity/zkroam-besu.sif ip link set eth0 up
$ nsenter -t 2013270 -n apptainer exec --cleanenv /Utilisateurs/abellach/zkRoam/net-heterogeneity/zkroam-besu.sif ip route add default via 172.28.0.1
$ apptainer exec --cleanenv /Utilisateurs/abellach/zkRoam/net-heterogeneity/zkroam-besu.sif ip link delete zkh10
$ apptainer exec --cleanenv /Utilisateurs/abellach/zkRoam/net-heterogeneity/zkroam-besu.sif ip link add zkh10 type veth peer name eth0
$ apptainer exec --cleanenv /Utilisateurs/abellach/zkRoam/net-heterogeneity/zkroam-besu.sif ip link set zkh10 master zkroam0
$ apptainer exec --cleanenv /Utilisateurs/abellach/zkRoam/net-heterogeneity/zkroam-besu.sif ip link set zkh10 up
$ apptainer exec --cleanenv /Utilisateurs/abellach/zkRoam/net-heterogeneity/zkroam-besu.sif ip link set eth0 netns 2014081
$ nsenter -t 2014081 -n apptainer exec --cleanenv /Utilisateurs/abellach/zkRoam/net-heterogeneity/zkroam-besu.sif ip link set lo up
$ nsenter -t 2014081 -n apptainer exec --cleanenv /Utilisateurs/abellach/zkRoam/net-heterogeneity/zkroam-besu.sif ip addr add 172.28.0.20/24 dev eth0
$ nsenter -t 2014081 -n apptainer exec --cleanenv /Utilisateurs/abellach/zkRoam/net-heterogeneity/zkroam-besu.sif ip link set eth0 up
$ nsenter -t 2014081 -n apptainer exec --cleanenv /Utilisateurs/abellach/zkRoam/net-heterogeneity/zkroam-besu.sif ip route add default via 172.28.0.1
$ apptainer exec --cleanenv /Utilisateurs/abellach/zkRoam/net-heterogeneity/zkroam-besu.sif ip link delete zkh11
$ apptainer exec --cleanenv /Utilisateurs/abellach/zkRoam/net-heterogeneity/zkroam-besu.sif ip link add zkh11 type veth peer name eth0
$ apptainer exec --cleanenv /Utilisateurs/abellach/zkRoam/net-heterogeneity/zkroam-besu.sif ip link set zkh11 master zkroam0
$ apptainer exec --cleanenv /Utilisateurs/abellach/zkRoam/net-heterogeneity/zkroam-besu.sif ip link set zkh11 up
$ apptainer exec --cleanenv /Utilisateurs/abellach/zkRoam/net-heterogeneity/zkroam-besu.sif ip link set eth0 netns 2014861
$ nsenter -t 2014861 -n apptainer exec --cleanenv /Utilisateurs/abellach/zkRoam/net-heterogeneity/zkroam-besu.sif ip link set lo up
$ nsenter -t 2014861 -n apptainer exec --cleanenv /Utilisateurs/abellach/zkRoam/net-heterogeneity/zkroam-besu.sif ip addr add 172.28.0.21/24 dev eth0
$ nsenter -t 2014861 -n apptainer exec --cleanenv /Utilisateurs/abellach/zkRoam/net-heterogeneity/zkroam-besu.sif ip link set eth0 up
$ nsenter -t 2014861 -n apptainer exec --cleanenv /Utilisateurs/abellach/zkRoam/net-heterogeneity/zkroam-besu.sif ip route add default via 172.28.0.1
$ apptainer exec --cleanenv /Utilisateurs/abellach/zkRoam/net-heterogeneity/zkroam-besu.sif ip link delete zkh12
$ apptainer exec --cleanenv /Utilisateurs/abellach/zkRoam/net-heterogeneity/zkroam-besu.sif ip link add zkh12 type veth peer name eth0
$ apptainer exec --cleanenv /Utilisateurs/abellach/zkRoam/net-heterogeneity/zkroam-besu.sif ip link set zkh12 master zkroam0
$ apptainer exec --cleanenv /Utilisateurs/abellach/zkRoam/net-heterogeneity/zkroam-besu.sif ip link set zkh12 up
$ apptainer exec --cleanenv /Utilisateurs/abellach/zkRoam/net-heterogeneity/zkroam-besu.sif ip link set eth0 netns 2015665
$ nsenter -t 2015665 -n apptainer exec --cleanenv /Utilisateurs/abellach/zkRoam/net-heterogeneity/zkroam-besu.sif ip link set lo up
$ nsenter -t 2015665 -n apptainer exec --cleanenv /Utilisateurs/abellach/zkRoam/net-heterogeneity/zkroam-besu.sif ip addr add 172.28.0.22/24 dev eth0
$ nsenter -t 2015665 -n apptainer exec --cleanenv /Utilisateurs/abellach/zkRoam/net-heterogeneity/zkroam-besu.sif ip link set eth0 up
$ nsenter -t 2015665 -n apptainer exec --cleanenv /Utilisateurs/abellach/zkRoam/net-heterogeneity/zkroam-besu.sif ip route add default via 172.28.0.1
$ apptainer exec --cleanenv /Utilisateurs/abellach/zkRoam/net-heterogeneity/zkroam-besu.sif ip link delete zkh13
$ apptainer exec --cleanenv /Utilisateurs/abellach/zkRoam/net-heterogeneity/zkroam-besu.sif ip link add zkh13 type veth peer name eth0
$ apptainer exec --cleanenv /Utilisateurs/abellach/zkRoam/net-heterogeneity/zkroam-besu.sif ip link set zkh13 master zkroam0
$ apptainer exec --cleanenv /Utilisateurs/abellach/zkRoam/net-heterogeneity/zkroam-besu.sif ip link set zkh13 up
$ apptainer exec --cleanenv /Utilisateurs/abellach/zkRoam/net-heterogeneity/zkroam-besu.sif ip link set eth0 netns 2016472
$ nsenter -t 2016472 -n apptainer exec --cleanenv /Utilisateurs/abellach/zkRoam/net-heterogeneity/zkroam-besu.sif ip link set lo up
$ nsenter -t 2016472 -n apptainer exec --cleanenv /Utilisateurs/abellach/zkRoam/net-heterogeneity/zkroam-besu.sif ip addr add 172.28.0.23/24 dev eth0
$ nsenter -t 2016472 -n apptainer exec --cleanenv /Utilisateurs/abellach/zkRoam/net-heterogeneity/zkroam-besu.sif ip link set eth0 up
$ nsenter -t 2016472 -n apptainer exec --cleanenv /Utilisateurs/abellach/zkRoam/net-heterogeneity/zkroam-besu.sif ip route add default via 172.28.0.1
$ apptainer exec --cleanenv /Utilisateurs/abellach/zkRoam/net-heterogeneity/zkroam-besu.sif ip link delete zkh14
$ apptainer exec --cleanenv /Utilisateurs/abellach/zkRoam/net-heterogeneity/zkroam-besu.sif ip link add zkh14 type veth peer name eth0
$ apptainer exec --cleanenv /Utilisateurs/abellach/zkRoam/net-heterogeneity/zkroam-besu.sif ip link set zkh14 master zkroam0
$ apptainer exec --cleanenv /Utilisateurs/abellach/zkRoam/net-heterogeneity/zkroam-besu.sif ip link set zkh14 up
$ apptainer exec --cleanenv /Utilisateurs/abellach/zkRoam/net-heterogeneity/zkroam-besu.sif ip link set eth0 netns 2017261
$ nsenter -t 2017261 -n apptainer exec --cleanenv /Utilisateurs/abellach/zkRoam/net-heterogeneity/zkroam-besu.sif ip link set lo up
$ nsenter -t 2017261 -n apptainer exec --cleanenv /Utilisateurs/abellach/zkRoam/net-heterogeneity/zkroam-besu.sif ip addr add 172.28.0.24/24 dev eth0
$ nsenter -t 2017261 -n apptainer exec --cleanenv /Utilisateurs/abellach/zkRoam/net-heterogeneity/zkroam-besu.sif ip link set eth0 up
$ nsenter -t 2017261 -n apptainer exec --cleanenv /Utilisateurs/abellach/zkRoam/net-heterogeneity/zkroam-besu.sif ip route add default via 172.28.0.1
Started 15 Apptainer-backed validators.
=== Step 4: wait for every validator RPC and peer set ===
{
  "node00": {
    "block": 4,
    "peers": 14
  },
  "node01": {
    "block": 4,
    "peers": 14
  },
  "node02": {
    "block": 4,
    "peers": 14
  },
  "node03": {
    "block": 4,
    "peers": 14
  },
  "node04": {
    "block": 4,
    "peers": 14
  },
  "node05": {
    "block": 4,
    "peers": 14
  },
  "node06": {
    "block": 4,
    "peers": 14
  },
  "node07": {
    "block": 4,
    "peers": 14
  },
  "node08": {
    "block": 4,
    "peers": 14
  },
  "node09": {
    "block": 4,
    "peers": 14
  },
  "node10": {
    "block": 4,
    "peers": 14
  },
  "node11": {
    "block": 4,
    "peers": 14
  },
  "node12": {
    "block": 4,
    "peers": 14
  },
  "node13": {
    "block": 4,
    "peers": 14
  },
  "node14": {
    "block": 4,
    "peers": 13
  }
}
All 15 nodes are ready.
Apptainer heterogeneous network is up.

$ /Utilisateurs/abellach/zkRoam/net-heterogeneity/venv/bin/python3 workload/deploy_verifiers.py --topology networkFiles/topology.json --accounts accounts/accounts.json
Discovered RPC endpoints:
------------------------------------------
  node00     -> http://172.28.0.10:8545
  node01     -> http://172.28.0.11:8545
  node02     -> http://172.28.0.12:8545
  node03     -> http://172.28.0.13:8545
  node04     -> http://172.28.0.14:8545
  node05     -> http://172.28.0.15:8545
  node06     -> http://172.28.0.16:8545
  node07     -> http://172.28.0.17:8545
  node08     -> http://172.28.0.18:8545
  node09     -> http://172.28.0.19:8545
  node10     -> http://172.28.0.20:8545
  node11     -> http://172.28.0.21:8545
  node12     -> http://172.28.0.22:8545
  node13     -> http://172.28.0.23:8545
  node14     -> http://172.28.0.24:8545
------------------------------------------
Connecting to node00 (http://172.28.0.10:8545)...
  Connected. chain_id=1337
Connecting to node01 (http://172.28.0.11:8545)...
  Connected. chain_id=1337
Connecting to node02 (http://172.28.0.12:8545)...
  Connected. chain_id=1337
Connecting to node03 (http://172.28.0.13:8545)...
  Connected. chain_id=1337
Connecting to node04 (http://172.28.0.14:8545)...
  Connected. chain_id=1337
Connecting to node05 (http://172.28.0.15:8545)...
  Connected. chain_id=1337
Connecting to node06 (http://172.28.0.16:8545)...
  Connected. chain_id=1337
Connecting to node07 (http://172.28.0.17:8545)...
  Connected. chain_id=1337
Connecting to node08 (http://172.28.0.18:8545)...
  Connected. chain_id=1337
Connecting to node09 (http://172.28.0.19:8545)...
  Connected. chain_id=1337
Connecting to node10 (http://172.28.0.20:8545)...
  Connected. chain_id=1337
Connecting to node11 (http://172.28.0.21:8545)...
  Connected. chain_id=1337
Connecting to node12 (http://172.28.0.22:8545)...
  Connected. chain_id=1337
Connecting to node13 (http://172.28.0.23:8545)...
  Connected. chain_id=1337
Connecting to node14 (http://172.28.0.24:8545)...
  Connected. chain_id=1337

Deploying from 0x9a409b8cb33349841a80476954C2559af3821ce7 via http://172.28.0.10:8545 (chain_id=1337)

Compiling CDRVerifier.sol ...
Deploying CDRVerifier ...
  submitted deploy tx f9baa073a344a5e68b9e709800132a2b0d9d1c1024e7a4df800e9c5e4bd9286c, waiting for receipt...
  deployed at 0xf8A843e5304f73ccec80dEF202f8b6C096f81c24  (gasUsed=465218)

Compiling SnarkPackAggregateAnchor.sol ...
Deploying SnarkPackAggregateAnchor ...
  submitted deploy tx 68983eb2a94899159270d0a4ed6d40775a4ad2f58d8bc10f657e6f90ef70c2b2, waiting for receipt...
  deployed at 0xF959E785D0Dc85c7EfAe6D2922eb08F201c77DC5  (gasUsed=1832981)

verifier-pool-size=1: only accounts[0] is authorized as a verifier - fine as-is if you're relaying via relayAggregateProof (submission load spreads across the full account pool regardless of verifier count). Only increase this if you want multiple independent verifier keys for redundancy/threshold, or if you plan to use the direct anchorAggregateProof(onlyVerifier) path at any real volume.

Wrote: deployed_contracts.json

$ /Utilisateurs/abellach/zkRoam/net-heterogeneity/venv/bin/python3 workload/zkroam_workload.py --config results/hardware-vmno-scaling/l3icalcul07/heterogeneous-nproof8-w48-rw48-rate500/vmnos-128/zkroam-heterogeneous-128vmnos/config.yml
Discovered RPC endpoints:
------------------------------------------
  node00     -> http://172.28.0.10:8545
  node01     -> http://172.28.0.11:8545
  node02     -> http://172.28.0.12:8545
  node03     -> http://172.28.0.13:8545
  node04     -> http://172.28.0.14:8545
  node05     -> http://172.28.0.15:8545
  node06     -> http://172.28.0.16:8545
  node07     -> http://172.28.0.17:8545
  node08     -> http://172.28.0.18:8545
  node09     -> http://172.28.0.19:8545
  node10     -> http://172.28.0.20:8545
  node11     -> http://172.28.0.21:8545
  node12     -> http://172.28.0.22:8545
  node13     -> http://172.28.0.23:8545
  node14     -> http://172.28.0.24:8545
------------------------------------------
Connecting to node00 (http://172.28.0.10:8545)...
  Connected. chain_id=1337
Connecting to node01 (http://172.28.0.11:8545)...
  Connected. chain_id=1337
Connecting to node02 (http://172.28.0.12:8545)...
  Connected. chain_id=1337
Connecting to node03 (http://172.28.0.13:8545)...
  Connected. chain_id=1337
Connecting to node04 (http://172.28.0.14:8545)...
  Connected. chain_id=1337
Connecting to node05 (http://172.28.0.15:8545)...
  Connected. chain_id=1337
Connecting to node06 (http://172.28.0.16:8545)...
  Connected. chain_id=1337
Connecting to node07 (http://172.28.0.17:8545)...
  Connected. chain_id=1337
Connecting to node08 (http://172.28.0.18:8545)...
  Connected. chain_id=1337
Connecting to node09 (http://172.28.0.19:8545)...
  Connected. chain_id=1337
Connecting to node10 (http://172.28.0.20:8545)...
  Connected. chain_id=1337
Connecting to node11 (http://172.28.0.21:8545)...
  Connected. chain_id=1337
Connecting to node12 (http://172.28.0.22:8545)...
  Connected. chain_id=1337
Connecting to node13 (http://172.28.0.23:8545)...
  Connected. chain_id=1337
Connecting to node14 (http://172.28.0.24:8545)...
  Connected. chain_id=1337

Reading pending nonce for 2000 accounts (parallel)...


Using real proof from fixtures/proof.json / fixtures/public.json
individual leg -> real verifyProof() calls on 0xf8A843e5304f73ccec80dEF202f8b6C096f81c24
aggregate leg  -> real anchorAggregateProof() calls on 0xF959E785D0Dc85c7EfAe6D2922eb08F201c77DC5

workload.num_vmnos = 128 (total VMNO settlements submitted per sweep point; nproofs below is per-VMNO batch size, not workload size)

============================================================
nproofs/vmno=8  num_vmnos=128  run=1  (off-chain source: reference_fallback)
============================================================

>>> on-chain leg: individual_n8_vmnos128_r1 (1024 tx total, 420B calldata, gas/tx=278265, to=0xf8A843e5304f73ccec80dEF202f8b6C096f81c24)

Starting transaction producer...
Target submission rate : 500.00 tx/s
Submission workers      : 48


Producer finished.
------------------------------------------
Submitted : 1024/1024
Failed    : 0/1024
Duration  : 2.956s
Rate      : 346.39 tx/s
------------------------------------------

Starting receipt polling...
------------------------------------------
Transactions to confirm : 1024
Receipt workers         : 48
Receipt timeout         : 120.0s
------------------------------------------

Confirmed: 48/1024 | Reverted: 0 | Pending: 976
Confirmed: 152/1024 | Reverted: 0 | Pending: 872
Confirmed: 247/1024 | Reverted: 0 | Pending: 777
Confirmed: 357/1024 | Reverted: 0 | Pending: 667
Confirmed: 440/1024 | Reverted: 0 | Pending: 584
Confirmed: 518/1024 | Reverted: 0 | Pending: 506
Confirmed: 601/1024 | Reverted: 0 | Pending: 423
Confirmed: 656/1024 | Reverted: 0 | Pending: 368
Confirmed: 711/1024 | Reverted: 0 | Pending: 313
Confirmed: 737/1024 | Reverted: 0 | Pending: 287
Confirmed: 805/1024 | Reverted: 0 | Pending: 219
Confirmed: 839/1024 | Reverted: 0 | Pending: 185
Confirmed: 873/1024 | Reverted: 0 | Pending: 151
Confirmed: 884/1024 | Reverted: 0 | Pending: 140
Confirmed: 941/1024 | Reverted: 0 | Pending: 83
Confirmed: 941/1024 | Reverted: 0 | Pending: 83
Confirmed: 941/1024 | Reverted: 0 | Pending: 83
Confirmed: 1006/1024 | Reverted: 0 | Pending: 18
Confirmed: 1006/1024 | Reverted: 0 | Pending: 18
Confirmed: 1006/1024 | Reverted: 0 | Pending: 18
Confirmed: 1024/1024 | Reverted: 0 | Pending: 0

Receipt polling finished.
------------------------------------------
Confirmed : 1024
Reverted  : 0
Timeout   : 0
Duration  : 30.368s
------------------------------------------

>>> on-chain leg: aggregate_n8_vmnos128_r1 (128 tx total, 420B/tx x 128 distinct payloads, gas/tx=176697, to=0xF959E785D0Dc85c7EfAe6D2922eb08F201c77DC5)

Starting transaction producer...
Target submission rate : 500.00 tx/s
Submission workers      : 48


Producer finished.
------------------------------------------
Submitted : 128/128
Failed    : 0/128
Duration  : 0.469s
Rate      : 273.00 tx/s
------------------------------------------

Starting receipt polling...
------------------------------------------
Transactions to confirm : 128
Receipt workers         : 48
Receipt timeout         : 120.0s
------------------------------------------

Confirmed: 0/128 | Reverted: 0 | Pending: 128
Confirmed: 9/128 | Reverted: 0 | Pending: 119
Confirmed: 9/128 | Reverted: 0 | Pending: 119
Confirmed: 18/128 | Reverted: 0 | Pending: 110
Confirmed: 18/128 | Reverted: 0 | Pending: 110
Confirmed: 24/128 | Reverted: 0 | Pending: 104
Confirmed: 27/128 | Reverted: 0 | Pending: 101
Confirmed: 28/128 | Reverted: 0 | Pending: 100
Confirmed: 36/128 | Reverted: 0 | Pending: 92
Confirmed: 36/128 | Reverted: 0 | Pending: 92
Confirmed: 45/128 | Reverted: 0 | Pending: 83
Confirmed: 45/128 | Reverted: 0 | Pending: 83
Confirmed: 45/128 | Reverted: 0 | Pending: 83
Confirmed: 53/128 | Reverted: 0 | Pending: 75
Confirmed: 53/128 | Reverted: 0 | Pending: 75
Confirmed: 58/128 | Reverted: 0 | Pending: 70
Confirmed: 61/128 | Reverted: 0 | Pending: 67
Confirmed: 61/128 | Reverted: 0 | Pending: 67
Confirmed: 68/128 | Reverted: 0 | Pending: 60
Confirmed: 69/128 | Reverted: 0 | Pending: 59
Confirmed: 69/128 | Reverted: 0 | Pending: 59
Confirmed: 72/128 | Reverted: 0 | Pending: 56
Confirmed: 77/128 | Reverted: 0 | Pending: 51
Confirmed: 77/128 | Reverted: 0 | Pending: 51
Confirmed: 77/128 | Reverted: 0 | Pending: 51
Confirmed: 84/128 | Reverted: 0 | Pending: 44
Confirmed: 85/128 | Reverted: 0 | Pending: 43
Confirmed: 85/128 | Reverted: 0 | Pending: 43
Confirmed: 85/128 | Reverted: 0 | Pending: 43
Confirmed: 93/128 | Reverted: 0 | Pending: 35
Confirmed: 93/128 | Reverted: 0 | Pending: 35
Confirmed: 93/128 | Reverted: 0 | Pending: 35
Confirmed: 95/128 | Reverted: 0 | Pending: 33
Confirmed: 101/128 | Reverted: 0 | Pending: 27
Confirmed: 101/128 | Reverted: 0 | Pending: 27
Confirmed: 101/128 | Reverted: 0 | Pending: 27
Confirmed: 105/128 | Reverted: 0 | Pending: 23
Confirmed: 110/128 | Reverted: 0 | Pending: 18
Confirmed: 110/128 | Reverted: 0 | Pending: 18
Confirmed: 110/128 | Reverted: 0 | Pending: 18
Confirmed: 110/128 | Reverted: 0 | Pending: 18
Confirmed: 110/128 | Reverted: 0 | Pending: 18
Confirmed: 119/128 | Reverted: 0 | Pending: 9
Confirmed: 119/128 | Reverted: 0 | Pending: 9
Confirmed: 119/128 | Reverted: 0 | Pending: 9
Confirmed: 119/128 | Reverted: 0 | Pending: 9
Confirmed: 119/128 | Reverted: 0 | Pending: 9
Confirmed: 128/128 | Reverted: 0 | Pending: 0

Receipt polling finished.
------------------------------------------
Confirmed : 128
Reverted  : 0
Timeout   : 0
Duration  : 28.878s
------------------------------------------

============================================================
nproofs/vmno=8  num_vmnos=128  run=2  (off-chain source: reference_fallback)
============================================================

>>> on-chain leg: individual_n8_vmnos128_r2 (1024 tx total, 420B calldata, gas/tx=278265, to=0xf8A843e5304f73ccec80dEF202f8b6C096f81c24)

Starting transaction producer...
Target submission rate : 500.00 tx/s
Submission workers      : 48


Producer finished.
------------------------------------------
Submitted : 1024/1024
Failed    : 0/1024
Duration  : 3.073s
Rate      : 333.28 tx/s
------------------------------------------

Starting receipt polling...
------------------------------------------
Transactions to confirm : 1024
Receipt workers         : 48
Receipt timeout         : 120.0s
------------------------------------------

Confirmed: 59/1024 | Reverted: 0 | Pending: 965
Confirmed: 183/1024 | Reverted: 0 | Pending: 841
Confirmed: 291/1024 | Reverted: 0 | Pending: 733
Confirmed: 399/1024 | Reverted: 0 | Pending: 625
Confirmed: 513/1024 | Reverted: 0 | Pending: 511
Confirmed: 590/1024 | Reverted: 0 | Pending: 434
Confirmed: 650/1024 | Reverted: 0 | Pending: 374
Confirmed: 707/1024 | Reverted: 0 | Pending: 317
Confirmed: 775/1024 | Reverted: 0 | Pending: 249
Confirmed: 805/1024 | Reverted: 0 | Pending: 219
Confirmed: 845/1024 | Reverted: 0 | Pending: 179
Confirmed: 848/1024 | Reverted: 0 | Pending: 176
Confirmed: 913/1024 | Reverted: 0 | Pending: 111
Confirmed: 913/1024 | Reverted: 0 | Pending: 111
Confirmed: 981/1024 | Reverted: 0 | Pending: 43
Confirmed: 981/1024 | Reverted: 0 | Pending: 43
Confirmed: 981/1024 | Reverted: 0 | Pending: 43
Confirmed: 1024/1024 | Reverted: 0 | Pending: 0

Receipt polling finished.
------------------------------------------
Confirmed : 1024
Reverted  : 0
Timeout   : 0
Duration  : 29.648s
------------------------------------------

>>> on-chain leg: aggregate_n8_vmnos128_r2 (128 tx total, 420B/tx x 128 distinct payloads, gas/tx=176697, to=0xF959E785D0Dc85c7EfAe6D2922eb08F201c77DC5)

Starting transaction producer...
Target submission rate : 500.00 tx/s
Submission workers      : 48


Producer finished.
------------------------------------------
Submitted : 128/128
Failed    : 0/128
Duration  : 0.432s
Rate      : 296.45 tx/s
------------------------------------------

Starting receipt polling...
------------------------------------------
Transactions to confirm : 128
Receipt workers         : 48
Receipt timeout         : 120.0s
------------------------------------------

Confirmed: 0/128 | Reverted: 0 | Pending: 128
Confirmed: 4/128 | Reverted: 0 | Pending: 124
Confirmed: 8/128 | Reverted: 0 | Pending: 120
Confirmed: 10/128 | Reverted: 0 | Pending: 118
Confirmed: 17/128 | Reverted: 0 | Pending: 111
Confirmed: 17/128 | Reverted: 0 | Pending: 111
Confirmed: 26/128 | Reverted: 0 | Pending: 102
Confirmed: 26/128 | Reverted: 0 | Pending: 102
Confirmed: 34/128 | Reverted: 0 | Pending: 94
Confirmed: 35/128 | Reverted: 0 | Pending: 93
Confirmed: 35/128 | Reverted: 0 | Pending: 93
Confirmed: 44/128 | Reverted: 0 | Pending: 84
Confirmed: 44/128 | Reverted: 0 | Pending: 84
Confirmed: 52/128 | Reverted: 0 | Pending: 76
Confirmed: 53/128 | Reverted: 0 | Pending: 75
Confirmed: 53/128 | Reverted: 0 | Pending: 75
Confirmed: 62/128 | Reverted: 0 | Pending: 66
Confirmed: 62/128 | Reverted: 0 | Pending: 66
Confirmed: 66/128 | Reverted: 0 | Pending: 62
Confirmed: 71/128 | Reverted: 0 | Pending: 57
Confirmed: 71/128 | Reverted: 0 | Pending: 57
Confirmed: 71/128 | Reverted: 0 | Pending: 57
Confirmed: 80/128 | Reverted: 0 | Pending: 48
Confirmed: 80/128 | Reverted: 0 | Pending: 48
Confirmed: 80/128 | Reverted: 0 | Pending: 48
Confirmed: 87/128 | Reverted: 0 | Pending: 41
Confirmed: 88/128 | Reverted: 0 | Pending: 40
Confirmed: 88/128 | Reverted: 0 | Pending: 40
Confirmed: 88/128 | Reverted: 0 | Pending: 40
Confirmed: 96/128 | Reverted: 0 | Pending: 32
Confirmed: 96/128 | Reverted: 0 | Pending: 32
Confirmed: 96/128 | Reverted: 0 | Pending: 32
Confirmed: 96/128 | Reverted: 0 | Pending: 32
Confirmed: 104/128 | Reverted: 0 | Pending: 24
Confirmed: 104/128 | Reverted: 0 | Pending: 24
Confirmed: 104/128 | Reverted: 0 | Pending: 24
Confirmed: 104/128 | Reverted: 0 | Pending: 24
Confirmed: 104/128 | Reverted: 0 | Pending: 24
Confirmed: 112/128 | Reverted: 0 | Pending: 16
Confirmed: 112/128 | Reverted: 0 | Pending: 16
Confirmed: 112/128 | Reverted: 0 | Pending: 16
Confirmed: 112/128 | Reverted: 0 | Pending: 16
Confirmed: 112/128 | Reverted: 0 | Pending: 16
Confirmed: 112/128 | Reverted: 0 | Pending: 16
Confirmed: 120/128 | Reverted: 0 | Pending: 8
Confirmed: 120/128 | Reverted: 0 | Pending: 8
Confirmed: 120/128 | Reverted: 0 | Pending: 8
Confirmed: 120/128 | Reverted: 0 | Pending: 8
Confirmed: 120/128 | Reverted: 0 | Pending: 8
Confirmed: 120/128 | Reverted: 0 | Pending: 8
Confirmed: 128/128 | Reverted: 0 | Pending: 0

Receipt polling finished.
------------------------------------------
Confirmed : 128
Reverted  : 0
Timeout   : 0
Duration  : 29.433s
------------------------------------------

============================================================
nproofs/vmno=8  num_vmnos=128  run=3  (off-chain source: reference_fallback)
============================================================

>>> on-chain leg: individual_n8_vmnos128_r3 (1024 tx total, 420B calldata, gas/tx=278265, to=0xf8A843e5304f73ccec80dEF202f8b6C096f81c24)

Starting transaction producer...
Target submission rate : 500.00 tx/s
Submission workers      : 48


Producer finished.
------------------------------------------
Submitted : 1024/1024
Failed    : 0/1024
Duration  : 3.621s
Rate      : 282.78 tx/s
------------------------------------------

Starting receipt polling...
------------------------------------------
Transactions to confirm : 1024
Receipt workers         : 48
Receipt timeout         : 120.0s
------------------------------------------

Confirmed: 82/1024 | Reverted: 0 | Pending: 942
Confirmed: 198/1024 | Reverted: 0 | Pending: 826
Confirmed: 318/1024 | Reverted: 0 | Pending: 706
Confirmed: 416/1024 | Reverted: 0 | Pending: 608
Confirmed: 508/1024 | Reverted: 0 | Pending: 516
Confirmed: 584/1024 | Reverted: 0 | Pending: 440
Confirmed: 652/1024 | Reverted: 0 | Pending: 372
Confirmed: 707/1024 | Reverted: 0 | Pending: 317
Confirmed: 764/1024 | Reverted: 0 | Pending: 260
Confirmed: 804/1024 | Reverted: 0 | Pending: 220
Confirmed: 873/1024 | Reverted: 0 | Pending: 151
Confirmed: 873/1024 | Reverted: 0 | Pending: 151
Confirmed: 942/1024 | Reverted: 0 | Pending: 82
Confirmed: 942/1024 | Reverted: 0 | Pending: 82
Confirmed: 1003/1024 | Reverted: 0 | Pending: 21
Confirmed: 1003/1024 | Reverted: 0 | Pending: 21
Confirmed: 1024/1024 | Reverted: 0 | Pending: 0

Receipt polling finished.
------------------------------------------
Confirmed : 1024
Reverted  : 0
Timeout   : 0
Duration  : 29.946s
------------------------------------------

>>> on-chain leg: aggregate_n8_vmnos128_r3 (128 tx total, 420B/tx x 128 distinct payloads, gas/tx=176660, to=0xF959E785D0Dc85c7EfAe6D2922eb08F201c77DC5)

Starting transaction producer...
Target submission rate : 500.00 tx/s
Submission workers      : 48


Producer finished.
------------------------------------------
Submitted : 128/128
Failed    : 0/128
Duration  : 0.575s
Rate      : 222.43 tx/s
------------------------------------------

Starting receipt polling...
------------------------------------------
Transactions to confirm : 128
Receipt workers         : 48
Receipt timeout         : 120.0s
------------------------------------------

Confirmed: 0/128 | Reverted: 0 | Pending: 128
Confirmed: 2/128 | Reverted: 0 | Pending: 126
Confirmed: 8/128 | Reverted: 0 | Pending: 120
Confirmed: 8/128 | Reverted: 0 | Pending: 120
Confirmed: 16/128 | Reverted: 0 | Pending: 112
Confirmed: 16/128 | Reverted: 0 | Pending: 112
Confirmed: 24/128 | Reverted: 0 | Pending: 104
Confirmed: 24/128 | Reverted: 0 | Pending: 104
Confirmed: 32/128 | Reverted: 0 | Pending: 96
Confirmed: 32/128 | Reverted: 0 | Pending: 96
Confirmed: 41/128 | Reverted: 0 | Pending: 87
Confirmed: 41/128 | Reverted: 0 | Pending: 87
Confirmed: 50/128 | Reverted: 0 | Pending: 78
Confirmed: 50/128 | Reverted: 0 | Pending: 78
Confirmed: 57/128 | Reverted: 0 | Pending: 71
Confirmed: 59/128 | Reverted: 0 | Pending: 69
Confirmed: 59/128 | Reverted: 0 | Pending: 69
Confirmed: 68/128 | Reverted: 0 | Pending: 60
Confirmed: 68/128 | Reverted: 0 | Pending: 60
Confirmed: 68/128 | Reverted: 0 | Pending: 60
Confirmed: 77/128 | Reverted: 0 | Pending: 51
Confirmed: 77/128 | Reverted: 0 | Pending: 51
Confirmed: 77/128 | Reverted: 0 | Pending: 51
Confirmed: 86/128 | Reverted: 0 | Pending: 42
Confirmed: 86/128 | Reverted: 0 | Pending: 42
Confirmed: 86/128 | Reverted: 0 | Pending: 42
Confirmed: 95/128 | Reverted: 0 | Pending: 33
Confirmed: 95/128 | Reverted: 0 | Pending: 33
Confirmed: 95/128 | Reverted: 0 | Pending: 33
Confirmed: 95/128 | Reverted: 0 | Pending: 33
Confirmed: 104/128 | Reverted: 0 | Pending: 24
Confirmed: 104/128 | Reverted: 0 | Pending: 24
Confirmed: 104/128 | Reverted: 0 | Pending: 24
Confirmed: 104/128 | Reverted: 0 | Pending: 24
Confirmed: 104/128 | Reverted: 0 | Pending: 24
Confirmed: 112/128 | Reverted: 0 | Pending: 16
Confirmed: 112/128 | Reverted: 0 | Pending: 16
Confirmed: 112/128 | Reverted: 0 | Pending: 16
Confirmed: 112/128 | Reverted: 0 | Pending: 16
Confirmed: 112/128 | Reverted: 0 | Pending: 16
Confirmed: 120/128 | Reverted: 0 | Pending: 8
Confirmed: 120/128 | Reverted: 0 | Pending: 8
Confirmed: 120/128 | Reverted: 0 | Pending: 8
Confirmed: 120/128 | Reverted: 0 | Pending: 8
Confirmed: 120/128 | Reverted: 0 | Pending: 8
Confirmed: 120/128 | Reverted: 0 | Pending: 8
Confirmed: 128/128 | Reverted: 0 | Pending: 0

Receipt polling finished.
------------------------------------------
Confirmed : 128
Reverted  : 0
Timeout   : 0
Duration  : 29.657s
------------------------------------------

============================================================
nproofs/vmno=8  num_vmnos=128  run=4  (off-chain source: reference_fallback)
============================================================

>>> on-chain leg: individual_n8_vmnos128_r4 (1024 tx total, 420B calldata, gas/tx=278265, to=0xf8A843e5304f73ccec80dEF202f8b6C096f81c24)

Starting transaction producer...
Target submission rate : 500.00 tx/s
Submission workers      : 48


Producer finished.
------------------------------------------
Submitted : 1024/1024
Failed    : 0/1024
Duration  : 2.970s
Rate      : 344.83 tx/s
------------------------------------------

Starting receipt polling...
------------------------------------------
Transactions to confirm : 1024
Receipt workers         : 48
Receipt timeout         : 120.0s
------------------------------------------

Confirmed: 53/1024 | Reverted: 0 | Pending: 971
Confirmed: 186/1024 | Reverted: 0 | Pending: 838
Confirmed: 315/1024 | Reverted: 0 | Pending: 709
Confirmed: 418/1024 | Reverted: 0 | Pending: 606
Confirmed: 505/1024 | Reverted: 0 | Pending: 519
Confirmed: 585/1024 | Reverted: 0 | Pending: 439
Confirmed: 645/1024 | Reverted: 0 | Pending: 379
Confirmed: 709/1024 | Reverted: 0 | Pending: 315
Confirmed: 763/1024 | Reverted: 0 | Pending: 261
Confirmed: 803/1024 | Reverted: 0 | Pending: 221
Confirmed: 845/1024 | Reverted: 0 | Pending: 179
Confirmed: 865/1024 | Reverted: 0 | Pending: 159
Confirmed: 913/1024 | Reverted: 0 | Pending: 111
Confirmed: 913/1024 | Reverted: 0 | Pending: 111
Confirmed: 943/1024 | Reverted: 0 | Pending: 81
Confirmed: 981/1024 | Reverted: 0 | Pending: 43
Confirmed: 981/1024 | Reverted: 0 | Pending: 43
Confirmed: 1024/1024 | Reverted: 0 | Pending: 0

Receipt polling finished.
------------------------------------------
Confirmed : 1024
Reverted  : 0
Timeout   : 0
Duration  : 30.181s
------------------------------------------

>>> on-chain leg: aggregate_n8_vmnos128_r4 (128 tx total, 420B/tx x 128 distinct payloads, gas/tx=176697, to=0xF959E785D0Dc85c7EfAe6D2922eb08F201c77DC5)

Starting transaction producer...
Target submission rate : 500.00 tx/s
Submission workers      : 48


Producer finished.
------------------------------------------
Submitted : 128/128
Failed    : 0/128
Duration  : 0.493s
Rate      : 259.58 tx/s
------------------------------------------

Starting receipt polling...
------------------------------------------
Transactions to confirm : 128
Receipt workers         : 48
Receipt timeout         : 120.0s
------------------------------------------

Confirmed: 0/128 | Reverted: 0 | Pending: 128
Confirmed: 0/128 | Reverted: 0 | Pending: 128
Confirmed: 8/128 | Reverted: 0 | Pending: 120
Confirmed: 8/128 | Reverted: 0 | Pending: 120
Confirmed: 16/128 | Reverted: 0 | Pending: 112
Confirmed: 18/128 | Reverted: 0 | Pending: 110
Confirmed: 24/128 | Reverted: 0 | Pending: 104
Confirmed: 24/128 | Reverted: 0 | Pending: 104
Confirmed: 32/128 | Reverted: 0 | Pending: 96
Confirmed: 32/128 | Reverted: 0 | Pending: 96
Confirmed: 39/128 | Reverted: 0 | Pending: 89
Confirmed: 40/128 | Reverted: 0 | Pending: 88
Confirmed: 41/128 | Reverted: 0 | Pending: 87
Confirmed: 48/128 | Reverted: 0 | Pending: 80
Confirmed: 48/128 | Reverted: 0 | Pending: 80
Confirmed: 52/128 | Reverted: 0 | Pending: 76
Confirmed: 56/128 | Reverted: 0 | Pending: 72
Confirmed: 56/128 | Reverted: 0 | Pending: 72
Confirmed: 65/128 | Reverted: 0 | Pending: 63
Confirmed: 65/128 | Reverted: 0 | Pending: 63
Confirmed: 65/128 | Reverted: 0 | Pending: 63
Confirmed: 74/128 | Reverted: 0 | Pending: 54
Confirmed: 74/128 | Reverted: 0 | Pending: 54
Confirmed: 74/128 | Reverted: 0 | Pending: 54
Confirmed: 83/128 | Reverted: 0 | Pending: 45
Confirmed: 83/128 | Reverted: 0 | Pending: 45
Confirmed: 83/128 | Reverted: 0 | Pending: 45
Confirmed: 92/128 | Reverted: 0 | Pending: 36
Confirmed: 92/128 | Reverted: 0 | Pending: 36
Confirmed: 92/128 | Reverted: 0 | Pending: 36
Confirmed: 92/128 | Reverted: 0 | Pending: 36
Confirmed: 101/128 | Reverted: 0 | Pending: 27
Confirmed: 101/128 | Reverted: 0 | Pending: 27
Confirmed: 101/128 | Reverted: 0 | Pending: 27
Confirmed: 101/128 | Reverted: 0 | Pending: 27
Confirmed: 110/128 | Reverted: 0 | Pending: 18
Confirmed: 110/128 | Reverted: 0 | Pending: 18
Confirmed: 110/128 | Reverted: 0 | Pending: 18
Confirmed: 110/128 | Reverted: 0 | Pending: 18
Confirmed: 110/128 | Reverted: 0 | Pending: 18
Confirmed: 119/128 | Reverted: 0 | Pending: 9
Confirmed: 119/128 | Reverted: 0 | Pending: 9
Confirmed: 119/128 | Reverted: 0 | Pending: 9
Confirmed: 119/128 | Reverted: 0 | Pending: 9
Confirmed: 119/128 | Reverted: 0 | Pending: 9
Confirmed: 119/128 | Reverted: 0 | Pending: 9
Confirmed: 128/128 | Reverted: 0 | Pending: 0

Receipt polling finished.
------------------------------------------
Confirmed : 128
Reverted  : 0
Timeout   : 0
Duration  : 30.059s
------------------------------------------

============================================================
nproofs/vmno=8  num_vmnos=128  run=5  (off-chain source: reference_fallback)
============================================================

>>> on-chain leg: individual_n8_vmnos128_r5 (1024 tx total, 420B calldata, gas/tx=278265, to=0xf8A843e5304f73ccec80dEF202f8b6C096f81c24)

Starting transaction producer...
Target submission rate : 500.00 tx/s
Submission workers      : 48


Producer finished.
------------------------------------------
Submitted : 1024/1024
Failed    : 0/1024
Duration  : 3.141s
Rate      : 325.99 tx/s
------------------------------------------

Starting receipt polling...
------------------------------------------
Transactions to confirm : 1024
Receipt workers         : 48
Receipt timeout         : 120.0s
------------------------------------------

Confirmed: 13/1024 | Reverted: 0 | Pending: 1011
Confirmed: 109/1024 | Reverted: 0 | Pending: 915
Confirmed: 261/1024 | Reverted: 0 | Pending: 763
Confirmed: 372/1024 | Reverted: 0 | Pending: 652
Confirmed: 481/1024 | Reverted: 0 | Pending: 543
Confirmed: 572/1024 | Reverted: 0 | Pending: 452
Confirmed: 646/1024 | Reverted: 0 | Pending: 378
Confirmed: 716/1024 | Reverted: 0 | Pending: 308
Confirmed: 762/1024 | Reverted: 0 | Pending: 262
Confirmed: 808/1024 | Reverted: 0 | Pending: 216
Confirmed: 876/1024 | Reverted: 0 | Pending: 148
Confirmed: 885/1024 | Reverted: 0 | Pending: 139
Confirmed: 944/1024 | Reverted: 0 | Pending: 80
Confirmed: 944/1024 | Reverted: 0 | Pending: 80
Confirmed: 1006/1024 | Reverted: 0 | Pending: 18
Confirmed: 1006/1024 | Reverted: 0 | Pending: 18
Confirmed: 1006/1024 | Reverted: 0 | Pending: 18
Confirmed: 1024/1024 | Reverted: 0 | Pending: 0

Receipt polling finished.
------------------------------------------
Confirmed : 1024
Reverted  : 0
Timeout   : 0
Duration  : 33.647s
------------------------------------------

>>> on-chain leg: aggregate_n8_vmnos128_r5 (128 tx total, 420B/tx x 128 distinct payloads, gas/tx=176660, to=0xF959E785D0Dc85c7EfAe6D2922eb08F201c77DC5)

Starting transaction producer...
Target submission rate : 500.00 tx/s
Submission workers      : 48


Producer finished.
------------------------------------------
Submitted : 128/128
Failed    : 0/128
Duration  : 0.515s
Rate      : 248.37 tx/s
------------------------------------------

Starting receipt polling...
------------------------------------------
Transactions to confirm : 128
Receipt workers         : 48
Receipt timeout         : 120.0s
------------------------------------------

Confirmed: 0/128 | Reverted: 0 | Pending: 128
Confirmed: 9/128 | Reverted: 0 | Pending: 119
Confirmed: 9/128 | Reverted: 0 | Pending: 119
Confirmed: 18/128 | Reverted: 0 | Pending: 110
Confirmed: 18/128 | Reverted: 0 | Pending: 110
Confirmed: 24/128 | Reverted: 0 | Pending: 104
Confirmed: 27/128 | Reverted: 0 | Pending: 101
Confirmed: 30/128 | Reverted: 0 | Pending: 98
Confirmed: 35/128 | Reverted: 0 | Pending: 93
Confirmed: 37/128 | Reverted: 0 | Pending: 91
Confirmed: 43/128 | Reverted: 0 | Pending: 85
Confirmed: 43/128 | Reverted: 0 | Pending: 85
Confirmed: 51/128 | Reverted: 0 | Pending: 77
Confirmed: 51/128 | Reverted: 0 | Pending: 77
Confirmed: 56/128 | Reverted: 0 | Pending: 72
Confirmed: 59/128 | Reverted: 0 | Pending: 69
Confirmed: 59/128 | Reverted: 0 | Pending: 69
Confirmed: 67/128 | Reverted: 0 | Pending: 61
Confirmed: 67/128 | Reverted: 0 | Pending: 61
Confirmed: 69/128 | Reverted: 0 | Pending: 59
Confirmed: 75/128 | Reverted: 0 | Pending: 53
Confirmed: 75/128 | Reverted: 0 | Pending: 53
Confirmed: 79/128 | Reverted: 0 | Pending: 49
Confirmed: 83/128 | Reverted: 0 | Pending: 45
Confirmed: 83/128 | Reverted: 0 | Pending: 45
Confirmed: 83/128 | Reverted: 0 | Pending: 45
Confirmed: 92/128 | Reverted: 0 | Pending: 36
Confirmed: 92/128 | Reverted: 0 | Pending: 36
Confirmed: 92/128 | Reverted: 0 | Pending: 36
Confirmed: 92/128 | Reverted: 0 | Pending: 36
Confirmed: 101/128 | Reverted: 0 | Pending: 27
Confirmed: 101/128 | Reverted: 0 | Pending: 27
Confirmed: 101/128 | Reverted: 0 | Pending: 27
Confirmed: 101/128 | Reverted: 0 | Pending: 27
Confirmed: 109/128 | Reverted: 0 | Pending: 19
Confirmed: 110/128 | Reverted: 0 | Pending: 18
Confirmed: 110/128 | Reverted: 0 | Pending: 18
Confirmed: 110/128 | Reverted: 0 | Pending: 18
Confirmed: 110/128 | Reverted: 0 | Pending: 18
Confirmed: 119/128 | Reverted: 0 | Pending: 9
Confirmed: 119/128 | Reverted: 0 | Pending: 9
Confirmed: 119/128 | Reverted: 0 | Pending: 9
Confirmed: 119/128 | Reverted: 0 | Pending: 9
Confirmed: 119/128 | Reverted: 0 | Pending: 9
Confirmed: 119/128 | Reverted: 0 | Pending: 9
Confirmed: 128/128 | Reverted: 0 | Pending: 0

Receipt polling finished.
------------------------------------------
Confirmed : 128
Reverted  : 0
Timeout   : 0
Duration  : 28.843s
------------------------------------------
Wrote: results/hardware-vmno-scaling/l3icalcul07/heterogeneous-nproof8-w48-rw48-rate500/vmnos-128/zkroam-heterogeneous-128vmnos/zkroam_heterogeneous_128vmnos_128_500.0_48_48_resource_usage.csv

Wrote: results/hardware-vmno-scaling/l3icalcul07/heterogeneous-nproof8-w48-rw48-rate500/vmnos-128/zkroam-heterogeneous-128vmnos/zkroam_heterogeneous_128vmnos_128_500.0_48_48_sweep_summary.csv

============================================================================
SWEEP HIGHLIGHTS (median across runs per nproofs/VMNO level)
============================================================================
 nproofs  num_vmnos  ind_gas_total  agg_gas_total gas_save_%  pipeline_x
       8        128    247,777,280     19,664,640      92.1%       1.82x
============================================================================

$ /Utilisateurs/abellach/zkRoam/net-heterogeneity/venv/bin/python3 monitoring/collect_metrics.py --logs-dir logs --rpc http://172.28.0.10:8545 --start-block 30 --end-block 245 --log-offsets results/hardware-vmno-scaling/l3icalcul07/heterogeneous-nproof8-w48-rw48-rate500/vmnos-128/zkroam-heterogeneous-128vmnos/log_offsets_at_workload_start.json --out results/hardware-vmno-scaling/l3icalcul07/heterogeneous-nproof8-w48-rw48-rate500/vmnos-128/zkroam-heterogeneous-128vmnos/consensus_robustness.csv
Total view changes across all nodes: 0
Blocks exceeding 2x block period (stall indicator): 0/216
Wrote results/hardware-vmno-scaling/l3icalcul07/heterogeneous-nproof8-w48-rw48-rate500/vmnos-128/zkroam-heterogeneous-128vmnos/consensus_robustness.csv

$ /Utilisateurs/abellach/zkRoam/net-heterogeneity/venv/bin/python3 scripts/apptainer-network.py snapshot --out results/hardware-vmno-scaling/l3icalcul07/heterogeneous-nproof8-w48-rw48-rate500/vmnos-128/zkroam-heterogeneous-128vmnos/runtime_snapshot
$ nsenter -t 2006745 -n apptainer exec --cleanenv /Utilisateurs/abellach/zkRoam/net-heterogeneity/zkroam-besu.sif tc -s qdisc show
$ nsenter -t 2006745 -n apptainer exec --cleanenv /Utilisateurs/abellach/zkRoam/net-heterogeneity/zkroam-besu.sif tc -s class show
$ nsenter -t 2006745 -n apptainer exec --cleanenv /Utilisateurs/abellach/zkRoam/net-heterogeneity/zkroam-besu.sif tc -s filter show
$ nsenter -t 2006745 -n apptainer exec --cleanenv /Utilisateurs/abellach/zkRoam/net-heterogeneity/zkroam-besu.sif ip -o addr show
$ nsenter -t 2007233 -n apptainer exec --cleanenv /Utilisateurs/abellach/zkRoam/net-heterogeneity/zkroam-besu.sif tc -s qdisc show
$ nsenter -t 2007233 -n apptainer exec --cleanenv /Utilisateurs/abellach/zkRoam/net-heterogeneity/zkroam-besu.sif tc -s class show
$ nsenter -t 2007233 -n apptainer exec --cleanenv /Utilisateurs/abellach/zkRoam/net-heterogeneity/zkroam-besu.sif tc -s filter show
$ nsenter -t 2007233 -n apptainer exec --cleanenv /Utilisateurs/abellach/zkRoam/net-heterogeneity/zkroam-besu.sif ip -o addr show
$ nsenter -t 2007831 -n apptainer exec --cleanenv /Utilisateurs/abellach/zkRoam/net-heterogeneity/zkroam-besu.sif tc -s qdisc show
$ nsenter -t 2007831 -n apptainer exec --cleanenv /Utilisateurs/abellach/zkRoam/net-heterogeneity/zkroam-besu.sif tc -s class show
$ nsenter -t 2007831 -n apptainer exec --cleanenv /Utilisateurs/abellach/zkRoam/net-heterogeneity/zkroam-besu.sif tc -s filter show
$ nsenter -t 2007831 -n apptainer exec --cleanenv /Utilisateurs/abellach/zkRoam/net-heterogeneity/zkroam-besu.sif ip -o addr show
$ nsenter -t 2008483 -n apptainer exec --cleanenv /Utilisateurs/abellach/zkRoam/net-heterogeneity/zkroam-besu.sif tc -s qdisc show
$ nsenter -t 2008483 -n apptainer exec --cleanenv /Utilisateurs/abellach/zkRoam/net-heterogeneity/zkroam-besu.sif tc -s class show
$ nsenter -t 2008483 -n apptainer exec --cleanenv /Utilisateurs/abellach/zkRoam/net-heterogeneity/zkroam-besu.sif tc -s filter show
$ nsenter -t 2008483 -n apptainer exec --cleanenv /Utilisateurs/abellach/zkRoam/net-heterogeneity/zkroam-besu.sif ip -o addr show
$ nsenter -t 2009260 -n apptainer exec --cleanenv /Utilisateurs/abellach/zkRoam/net-heterogeneity/zkroam-besu.sif tc -s qdisc show
$ nsenter -t 2009260 -n apptainer exec --cleanenv /Utilisateurs/abellach/zkRoam/net-heterogeneity/zkroam-besu.sif tc -s class show
$ nsenter -t 2009260 -n apptainer exec --cleanenv /Utilisateurs/abellach/zkRoam/net-heterogeneity/zkroam-besu.sif tc -s filter show
$ nsenter -t 2009260 -n apptainer exec --cleanenv /Utilisateurs/abellach/zkRoam/net-heterogeneity/zkroam-besu.sif ip -o addr show
$ nsenter -t 2010058 -n apptainer exec --cleanenv /Utilisateurs/abellach/zkRoam/net-heterogeneity/zkroam-besu.sif tc -s qdisc show
$ nsenter -t 2010058 -n apptainer exec --cleanenv /Utilisateurs/abellach/zkRoam/net-heterogeneity/zkroam-besu.sif tc -s class show
$ nsenter -t 2010058 -n apptainer exec --cleanenv /Utilisateurs/abellach/zkRoam/net-heterogeneity/zkroam-besu.sif tc -s filter show
$ nsenter -t 2010058 -n apptainer exec --cleanenv /Utilisateurs/abellach/zkRoam/net-heterogeneity/zkroam-besu.sif ip -o addr show
$ nsenter -t 2010846 -n apptainer exec --cleanenv /Utilisateurs/abellach/zkRoam/net-heterogeneity/zkroam-besu.sif tc -s qdisc show
$ nsenter -t 2010846 -n apptainer exec --cleanenv /Utilisateurs/abellach/zkRoam/net-heterogeneity/zkroam-besu.sif tc -s class show
$ nsenter -t 2010846 -n apptainer exec --cleanenv /Utilisateurs/abellach/zkRoam/net-heterogeneity/zkroam-besu.sif tc -s filter show
$ nsenter -t 2010846 -n apptainer exec --cleanenv /Utilisateurs/abellach/zkRoam/net-heterogeneity/zkroam-besu.sif ip -o addr show
$ nsenter -t 2011662 -n apptainer exec --cleanenv /Utilisateurs/abellach/zkRoam/net-heterogeneity/zkroam-besu.sif tc -s qdisc show
$ nsenter -t 2011662 -n apptainer exec --cleanenv /Utilisateurs/abellach/zkRoam/net-heterogeneity/zkroam-besu.sif tc -s class show
$ nsenter -t 2011662 -n apptainer exec --cleanenv /Utilisateurs/abellach/zkRoam/net-heterogeneity/zkroam-besu.sif tc -s filter show
$ nsenter -t 2011662 -n apptainer exec --cleanenv /Utilisateurs/abellach/zkRoam/net-heterogeneity/zkroam-besu.sif ip -o addr show
$ nsenter -t 2012466 -n apptainer exec --cleanenv /Utilisateurs/abellach/zkRoam/net-heterogeneity/zkroam-besu.sif tc -s qdisc show
$ nsenter -t 2012466 -n apptainer exec --cleanenv /Utilisateurs/abellach/zkRoam/net-heterogeneity/zkroam-besu.sif tc -s class show
$ nsenter -t 2012466 -n apptainer exec --cleanenv /Utilisateurs/abellach/zkRoam/net-heterogeneity/zkroam-besu.sif tc -s filter show
$ nsenter -t 2012466 -n apptainer exec --cleanenv /Utilisateurs/abellach/zkRoam/net-heterogeneity/zkroam-besu.sif ip -o addr show
$ nsenter -t 2013270 -n apptainer exec --cleanenv /Utilisateurs/abellach/zkRoam/net-heterogeneity/zkroam-besu.sif tc -s qdisc show
$ nsenter -t 2013270 -n apptainer exec --cleanenv /Utilisateurs/abellach/zkRoam/net-heterogeneity/zkroam-besu.sif tc -s class show
$ nsenter -t 2013270 -n apptainer exec --cleanenv /Utilisateurs/abellach/zkRoam/net-heterogeneity/zkroam-besu.sif tc -s filter show
$ nsenter -t 2013270 -n apptainer exec --cleanenv /Utilisateurs/abellach/zkRoam/net-heterogeneity/zkroam-besu.sif ip -o addr show
$ nsenter -t 2014081 -n apptainer exec --cleanenv /Utilisateurs/abellach/zkRoam/net-heterogeneity/zkroam-besu.sif tc -s qdisc show
$ nsenter -t 2014081 -n apptainer exec --cleanenv /Utilisateurs/abellach/zkRoam/net-heterogeneity/zkroam-besu.sif tc -s class show
$ nsenter -t 2014081 -n apptainer exec --cleanenv /Utilisateurs/abellach/zkRoam/net-heterogeneity/zkroam-besu.sif tc -s filter show
$ nsenter -t 2014081 -n apptainer exec --cleanenv /Utilisateurs/abellach/zkRoam/net-heterogeneity/zkroam-besu.sif ip -o addr show
$ nsenter -t 2014861 -n apptainer exec --cleanenv /Utilisateurs/abellach/zkRoam/net-heterogeneity/zkroam-besu.sif tc -s qdisc show
$ nsenter -t 2014861 -n apptainer exec --cleanenv /Utilisateurs/abellach/zkRoam/net-heterogeneity/zkroam-besu.sif tc -s class show
$ nsenter -t 2014861 -n apptainer exec --cleanenv /Utilisateurs/abellach/zkRoam/net-heterogeneity/zkroam-besu.sif tc -s filter show
$ nsenter -t 2014861 -n apptainer exec --cleanenv /Utilisateurs/abellach/zkRoam/net-heterogeneity/zkroam-besu.sif ip -o addr show
$ nsenter -t 2015665 -n apptainer exec --cleanenv /Utilisateurs/abellach/zkRoam/net-heterogeneity/zkroam-besu.sif tc -s qdisc show
$ nsenter -t 2015665 -n apptainer exec --cleanenv /Utilisateurs/abellach/zkRoam/net-heterogeneity/zkroam-besu.sif tc -s class show
$ nsenter -t 2015665 -n apptainer exec --cleanenv /Utilisateurs/abellach/zkRoam/net-heterogeneity/zkroam-besu.sif tc -s filter show
$ nsenter -t 2015665 -n apptainer exec --cleanenv /Utilisateurs/abellach/zkRoam/net-heterogeneity/zkroam-besu.sif ip -o addr show
$ nsenter -t 2016472 -n apptainer exec --cleanenv /Utilisateurs/abellach/zkRoam/net-heterogeneity/zkroam-besu.sif tc -s qdisc show
$ nsenter -t 2016472 -n apptainer exec --cleanenv /Utilisateurs/abellach/zkRoam/net-heterogeneity/zkroam-besu.sif tc -s class show
$ nsenter -t 2016472 -n apptainer exec --cleanenv /Utilisateurs/abellach/zkRoam/net-heterogeneity/zkroam-besu.sif tc -s filter show
$ nsenter -t 2016472 -n apptainer exec --cleanenv /Utilisateurs/abellach/zkRoam/net-heterogeneity/zkroam-besu.sif ip -o addr show
$ nsenter -t 2017261 -n apptainer exec --cleanenv /Utilisateurs/abellach/zkRoam/net-heterogeneity/zkroam-besu.sif tc -s qdisc show
$ nsenter -t 2017261 -n apptainer exec --cleanenv /Utilisateurs/abellach/zkRoam/net-heterogeneity/zkroam-besu.sif tc -s class show
$ nsenter -t 2017261 -n apptainer exec --cleanenv /Utilisateurs/abellach/zkRoam/net-heterogeneity/zkroam-besu.sif tc -s filter show
$ nsenter -t 2017261 -n apptainer exec --cleanenv /Utilisateurs/abellach/zkRoam/net-heterogeneity/zkroam-besu.sif ip -o addr show
$ apptainer exec --cleanenv /Utilisateurs/abellach/zkRoam/net-heterogeneity/zkroam-besu.sif ip -details addr show zkroam0

$ /Utilisateurs/abellach/zkRoam/net-heterogeneity/venv/bin/python3 scripts/apptainer-network.py stop
$ apptainer exec --cleanenv /Utilisateurs/abellach/zkRoam/net-heterogeneity/zkroam-besu.sif ip -o link show
$ apptainer exec --cleanenv /Utilisateurs/abellach/zkRoam/net-heterogeneity/zkroam-besu.sif ip link delete zkh00
$ apptainer exec --cleanenv /Utilisateurs/abellach/zkRoam/net-heterogeneity/zkroam-besu.sif ip link delete zkh01
$ apptainer exec --cleanenv /Utilisateurs/abellach/zkRoam/net-heterogeneity/zkroam-besu.sif ip link delete zkh02
$ apptainer exec --cleanenv /Utilisateurs/abellach/zkRoam/net-heterogeneity/zkroam-besu.sif ip link delete zkh03
$ apptainer exec --cleanenv /Utilisateurs/abellach/zkRoam/net-heterogeneity/zkroam-besu.sif ip link delete zkh04
$ apptainer exec --cleanenv /Utilisateurs/abellach/zkRoam/net-heterogeneity/zkroam-besu.sif ip link delete zkh05
$ apptainer exec --cleanenv /Utilisateurs/abellach/zkRoam/net-heterogeneity/zkroam-besu.sif ip link delete zkh06
$ apptainer exec --cleanenv /Utilisateurs/abellach/zkRoam/net-heterogeneity/zkroam-besu.sif ip link delete zkh07
$ apptainer exec --cleanenv /Utilisateurs/abellach/zkRoam/net-heterogeneity/zkroam-besu.sif ip link delete zkh08
$ apptainer exec --cleanenv /Utilisateurs/abellach/zkRoam/net-heterogeneity/zkroam-besu.sif ip link delete zkh09
$ apptainer exec --cleanenv /Utilisateurs/abellach/zkRoam/net-heterogeneity/zkroam-besu.sif ip link delete zkh10
$ apptainer exec --cleanenv /Utilisateurs/abellach/zkRoam/net-heterogeneity/zkroam-besu.sif ip link delete zkh11
$ apptainer exec --cleanenv /Utilisateurs/abellach/zkRoam/net-heterogeneity/zkroam-besu.sif ip link delete zkh12
$ apptainer exec --cleanenv /Utilisateurs/abellach/zkRoam/net-heterogeneity/zkroam-besu.sif ip link delete zkh13
$ apptainer exec --cleanenv /Utilisateurs/abellach/zkRoam/net-heterogeneity/zkroam-besu.sif ip link delete zkh14
$ apptainer exec --cleanenv /Utilisateurs/abellach/zkRoam/net-heterogeneity/zkroam-besu.sif ip link delete zkroam0
