Setting logging level to INFO
2026-10-09 07:36:33.081+00:00 | main | INFO  | Besu | Starting Besu
2026-10-09 07:36:36.283+00:00 | main | WARN  | Besu | --graphql-http-host has been ignored because --graphql-http-enabled was not defined on the command line.
2026-10-09 07:36:39.209+00:00 | main | INFO  | Besu | Connecting to 0 static nodes.
2026-10-09 07:36:39.224+00:00 | main | INFO  | Besu | Forcing price bump for transaction replacement to 0, since min-gas-price is set to 0
2026-10-09 07:36:39.225+00:00 | main | WARN  | Besu | Forcing tx-pool-min-gas-price=0, since it cannot be greater than the value of min-gas-price
2026-10-09 07:36:39.881+00:00 | main | INFO  | Besu | 
####################################################################################################
#                                                                                                  #
# Besu version 24.7.0                                                                              #
#                                                                                                  #
# Configuration:                                                                                   #
# Network: Custom genesis file                                                                     #
# /config/genesis.json                                                                             #
# Network Id: 1337                                                                                 #
# Data storage: Bonsai                                                                             #
# Sync mode: Full                                                                                  #
# RPC HTTP APIs: ETH,QBFT,NET,ADMIN,WEB3,TXPOOL                                                    #
# RPC HTTP port: 8545                                                                              #
# Using SEQUENCED transaction pool implementation                                                  #
# Using STACKED worldstate update mode                                                             #
# Limit trie logs enabled: retention: 512; prune window: 30000                                     #
#                                                                                                  #
# Host:                                                                                            #
# Java: openjdk-java-21                                                                            #
# Maximum heap size: 7.57 GB                                                                       #
# OS: linux-x86_64                                                                                 #
# glibc: 2.39                                                                                      #
# jemalloc: 5.3.0-0-g54eaed1d8b56b1aa528be3bdd1877e59c56fa90c                                      #
# Total memory: 30.27 GB                                                                           #
# CPU cores: 16                                                                                    #
#                                                                                                  #
# Plugin Registration Summary:                                                                     #
# No plugins have been registered.                                                                 #
# TOTAL = 0 of 0 plugins successfully registered.                                                  #
#                                                                                                  #
####################################################################################################
2026-10-09 07:36:39.883+00:00 | main | INFO  | Besu | Security Module: localfile
2026-10-09 07:36:39.887+00:00 | main | INFO  | VersionMetadata | Lookup version metadata file in data directory: /data
2026-10-09 07:36:39.887+00:00 | main | INFO  | VersionMetadata | No version data detected. Writing Besu version 24.7.0 to metadata file
2026-10-09 07:36:40.214+00:00 | main | INFO  | Besu | Using the native implementation of alt bn128
2026-10-09 07:36:40.249+00:00 | main | INFO  | Besu | Using the native implementation of modexp
2026-10-09 07:36:40.250+00:00 | main | INFO  | Besu | Using the native implementation of the signature algorithm
2026-10-09 07:36:40.255+00:00 | main | INFO  | Besu | Using the native implementation of the blake2bf algorithm
2026-10-09 07:36:40.643+00:00 | main | INFO  | Besu | Forcing price bump for transaction replacement to 0, since min-gas-price is set to 0
2026-10-09 07:36:40.654+00:00 | main | WARN  | Besu | Forcing tx-pool-min-gas-price=0, since it cannot be greater than the value of min-gas-price
2026-10-09 07:36:40.671+00:00 | main | INFO  | KeyPairUtil | Attempting to load public key from /data/key.priv
2026-10-09 07:36:40.962+00:00 | main | INFO  | KeyPairUtil | Loaded public key 0xd217515ea0cd5b6e20118bd09446e8920f90255fb7ee755b7791c5e27dab18be1347d4045205e8f60105d6a07956071b8c0fe79bc8a7a83524982ebd889e36b5 from /data/key.priv
2026-10-09 07:36:41.485+00:00 | main | INFO  | ProtocolScheduleBuilder | Protocol schedule created with milestones: [Berlin:0]
2026-10-09 07:36:41.494+00:00 | main | INFO  | RocksDBKeyValueStorageFactory | No existing database at /data. Using default metadata for new db versionedStorageFormat=BaseVersionedStorageFormat{format=BONSAI, version=2}
2026-10-09 07:36:43.364+00:00 | main | INFO  | FlatDbStrategyProvider | Bonsai flat db mode found FULL
2026-10-09 07:36:43.403+00:00 | main | INFO  | FlatDbStrategyProvider | Bonsai db mode with code stored using code hash enabled = true
2026-10-09 07:36:43.498+00:00 | main | INFO  | FlatDbStrategyProvider | Bonsai flat db mode found FULL
2026-10-09 07:36:43.505+00:00 | main | INFO  | FlatDbStrategyProvider | Bonsai db mode with code stored using code hash enabled = true
2026-10-09 07:36:49.820+00:00 | main | INFO  | TransactionPoolFactory | Enabling transaction pool
2026-10-09 07:36:49.849+00:00 | main | INFO  | BesuControllerBuilder | TTD difficulty is not present, creating initial sync phase for PoW
2026-10-09 07:36:50.044+00:00 | main | INFO  | TrieLogPruner | Loading first 30000 trie logs from database...
2026-10-09 07:36:50.070+00:00 | main | INFO  | TrieLogPruner | Loaded 1 trie logs from database
2026-10-09 07:36:50.178+00:00 | main | INFO  | RunnerBuilder | Resolved 3 bootnodes.
2026-10-09 07:36:50.325+00:00 | main | INFO  | RunnerBuilder | Detecting NAT service.
2026-10-09 07:36:52.513+00:00 | main | INFO  | Runner | Starting external services ... 
2026-10-09 07:36:52.526+00:00 | main | INFO  | JsonRpcHttpService | Starting JSON-RPC service on 0.0.0.0:8545
2026-10-09 07:36:53.107+00:00 | vert.x-eventloop-thread-3 | INFO  | JsonRpcHttpService | JSON-RPC service started and listening on 0.0.0.0:8545
2026-10-09 07:36:53.176+00:00 | main | INFO  | WebSocketService | Starting Websocket service on 0.0.0.0:8546
2026-10-09 07:36:53.534+00:00 | vert.x-eventloop-thread-3 | INFO  | WebSocketService | Websocket service started and listening on 0.0.0.0:8546
2026-10-09 07:36:53.544+00:00 | main | INFO  | AutoTransactionLogBloomCachingService | Starting auto transaction log bloom caching service.
2026-10-09 07:36:53.550+00:00 | main | INFO  | LogBloomCacheMetadata | Lookup cache metadata file in data directory: /data/caches
2026-10-09 07:36:53.696+00:00 | main | INFO  | Runner | Starting Ethereum main loop ... 
2026-10-09 07:36:53.723+00:00 | main | INFO  | DockerNatManager | Starting docker NAT manager.
2026-10-09 07:36:53.766+00:00 | main | INFO  | NetworkRunner | Starting Network.
2026-10-09 07:36:53.859+00:00 | nioEventLoopGroup-2-1 | INFO  | RlpxAgent | P2P RLPx agent started and listening on /[0:0:0:0:0:0:0:0]:30303.
2026-10-09 07:36:53.861+00:00 | main | INFO  | PeerDiscoveryAgent | Starting peer discovery agent on host=0.0.0.0, port=30303. IPv6 available.
2026-10-09 07:36:55.938+00:00 | vert.x-eventloop-thread-3 | INFO  | VertxPeerDiscoveryAgent | Started peer discovery agent successfully, on effective host=0:0:0:0:0:0:0:0%0 and port=30303
2026-10-09 07:36:55.947+00:00 | vert.x-eventloop-thread-3 | INFO  | PeerDiscoveryAgent | P2P peer discovery agent started and listening on /[0:0:0:0:0:0:0:0%0]:30303
2026-10-09 07:36:56.128+00:00 | vert.x-eventloop-thread-3 | INFO  | PeerDiscoveryAgent | Writing node record to disk. NodeRecord{seq=1, publicKey=0x03d217515ea0cd5b6e20118bd09446e8920f90255fb7ee755b7791c5e27dab18be, udpAddress=Optional[/0.0.0.0:30303], tcpAddress=Optional[/0.0.0.0:30303], asBase64=-Je4QFHUcPSbBAiXzP7Bq87_dvv59HAf_VCtjqKKKy7pA03XJENws8pvftdzegm8Yt5UbhajwJ4-7GNi-cvm_GaiD3UBg2V0aMfGhBp60WuAgmlkgnY0gmlwhAAAAACJc2VjcDI1NmsxoQPSF1FeoM1bbiARi9CURuiSD5AlX7fudVt3kcXifasYvoN0Y3CCdl-DdWRwgnZf, nodeId=0x824ab6bf893c73dc1723f9319c42268458f441b171db5502b8f5990c75f40955, customFields={tcp=30303, udp=30303, ip=0x00000000, eth=[[0x1a7ad16b, 0x]], id=V4, secp256k1=0x03d217515ea0cd5b6e20118bd09446e8920f90255fb7ee755b7791c5e27dab18be}}
2026-10-09 07:36:56.678+00:00 | main | INFO  | DefaultP2PNetwork | Enode URL enode://d217515ea0cd5b6e20118bd09446e8920f90255fb7ee755b7791c5e27dab18be1347d4045205e8f60105d6a07956071b8c0fe79bc8a7a83524982ebd889e36b5@0.0.0.0:30303
2026-10-09 07:36:56.684+00:00 | main | INFO  | DefaultP2PNetwork | Node address 0x9c42268458f441b171db5502b8f5990c75f40955
2026-10-09 07:36:57.065+00:00 | main | INFO  | NetworkRunner | Supported capabilities: [eth/62, eth/63, eth/64, eth/65, eth/66, eth/67, eth/68], [istanbul/100], [snap/1]
2026-10-09 07:36:57.067+00:00 | main | INFO  | DefaultSynchronizer | Starting synchronizer.
2026-10-09 07:36:57.086+00:00 | main | INFO  | TransactionPoolFactory | Enabling transaction handling following initial sync
2026-10-09 07:36:57.086+00:00 | main | INFO  | QbftBesuControllerBuilder | Starting QBFT mining coordinator following initial sync
2026-10-09 07:36:57.241+00:00 | main | INFO  | FullSyncDownloader | Starting full sync.
2026-10-09 07:36:57.283+00:00 | main | INFO  | FullSyncTargetManager | Unable to find sync target. Currently checking 0 peers for usefulness
2026-10-09 07:36:57.787+00:00 | main | INFO  | Runner | Ethereum main loop is up.
2026-10-09 07:37:00.177+00:00 | nioEventLoopGroup-3-2 | INFO  | FullSyncTargetManager | Unable to find sync target. Currently checking 3 peers for usefulness
2026-10-09 07:37:00.341+00:00 | nioEventLoopGroup-3-8 | INFO  | FullSyncTargetManager | Unable to find sync target. Currently checking 4 peers for usefulness
2026-10-09 07:37:01.127+00:00 | nioEventLoopGroup-3-9 | INFO  | FullSyncTargetManager | Unable to find sync target. Currently checking 5 peers for usefulness
2026-10-09 07:37:01.262+00:00 | nioEventLoopGroup-3-2 | INFO  | FullSyncTargetManager | Unable to find sync target. Currently checking 6 peers for usefulness
2026-10-09 07:37:01.791+00:00 | nioEventLoopGroup-3-5 | INFO  | FullSyncTargetManager | Unable to find sync target. Currently checking 7 peers for usefulness
2026-10-09 07:37:01.937+00:00 | nioEventLoopGroup-3-3 | INFO  | FullSyncTargetManager | Unable to find sync target. Currently checking 8 peers for usefulness
2026-10-09 07:37:02.601+00:00 | nioEventLoopGroup-3-7 | INFO  | FullSyncTargetManager | Unable to find sync target. Currently checking 9 peers for usefulness
2026-10-09 07:37:03.115+00:00 | nioEventLoopGroup-3-8 | INFO  | FullSyncTargetManager | Unable to find sync target. Currently checking 10 peers for usefulness
2026-10-09 07:37:03.151+00:00 | nioEventLoopGroup-3-9 | INFO  | FullSyncTargetManager | Unable to find sync target. Currently checking 11 peers for usefulness
2026-10-09 07:37:03.356+00:00 | nioEventLoopGroup-3-2 | INFO  | FullSyncTargetManager | Unable to find sync target. Currently checking 12 peers for usefulness
2026-10-09 07:37:03.609+00:00 | nioEventLoopGroup-3-3 | INFO  | FullSyncTargetManager | Unable to find sync target. Currently checking 13 peers for usefulness
2026-10-09 07:37:04.506+00:00 | nioEventLoopGroup-3-7 | INFO  | FullSyncTargetManager | Unable to find sync target. Currently checking 14 peers for usefulness
2026-10-09 07:37:08.405+00:00 | EthScheduler-Workers-0 | INFO  | PersistBlockTask | Imported #1 / 0 tx / 0 om / 0 (0.0%) gas / (0xf1c74d1a88dc6fd59afe15a0cf2e58ec86e6dc45541278953a0dbcac01a83605) in 0.173s. Peers: 14
2026-10-09 07:37:09.211+00:00 | EthScheduler-Workers-0 | INFO  | PersistBlockTask | Imported #2 / 0 tx / 0 om / 0 (0.0%) gas / (0x25959630efeeba71002da651c36ffcd0ef7ecc588828ba04ff62db5bcf082920) in 0.002s. Peers: 14
2026-10-09 07:37:11.136+00:00 | BftProcessorExecutor-QBFT-0 | INFO  | QbftBesuControllerBuilder | Imported #3 / 0 tx / 0 pending / 0 (0.0%) gas / (0xeaa2dda2912cd4ebe3c086006eabd7187306852346eb403fe1fca72363374c41)
2026-10-09 07:37:13.174+00:00 | BftProcessorExecutor-QBFT-0 | INFO  | QbftBesuControllerBuilder | Imported #4 / 0 tx / 0 pending / 0 (0.0%) gas / (0x3ca87429137e91f4b15e015ef1e7dccca18d6c4a8cff8797459ad8bb2a7b0be5)
2026-10-09 07:37:15.225+00:00 | EthScheduler-Workers-0 | INFO  | PersistBlockTask | Imported #5 / 0 tx / 0 om / 0 (0.0%) gas / (0xa04dae407cc81975820671d88db7e6c3163199a8ab607a0067c1e06e952fc7b5) in 0.007s. Peers: 14
2026-10-09 07:37:15.230+00:00 | BftProcessorExecutor-QBFT-0 | INFO  | QbftBesuControllerBuilder | Imported #5 / 0 tx / 0 pending / 0 (0.0%) gas / (0xa04dae407cc81975820671d88db7e6c3163199a8ab607a0067c1e06e952fc7b5)
2026-10-09 07:37:17.202+00:00 | BftProcessorExecutor-QBFT-0 | INFO  | QbftBesuControllerBuilder | Imported #6 / 0 tx / 0 pending / 0 (0.0%) gas / (0xc661b0a867201c0ae7c5056c56f5e398152db5ee86f3f533c17f2bf2632cd383)
2026-10-09 07:37:17.203+00:00 | EthScheduler-Workers-0 | INFO  | PersistBlockTask | Block 6 (0xc661b0a867201c0ae7c5056c56f5e398152db5ee86f3f533c17f2bf2632cd383) is already imported
2026-10-09 07:37:19.188+00:00 | EthScheduler-Workers-0 | INFO  | PersistBlockTask | Imported #7 / 0 tx / 0 om / 0 (0.0%) gas / (0xe7b5ec3aba9c13c1aa49863a43cf922cf259093e4023f7422acd55ac0165ad54) in 0.007s. Peers: 14
2026-10-09 07:37:19.190+00:00 | BftProcessorExecutor-QBFT-0 | INFO  | QbftBesuControllerBuilder | Produced #7 / 0 tx / 0 pending / 0 (0.0%) gas / (0xe7b5ec3aba9c13c1aa49863a43cf922cf259093e4023f7422acd55ac0165ad54)
2026-10-09 07:37:21.165+00:00 | EthScheduler-Workers-0 | INFO  | PersistBlockTask | Imported #8 / 0 tx / 0 om / 0 (0.0%) gas / (0x6f3703644fc84dc315b66c37cd49ad2f1f4e5f021f8b0401e0bbc297abedd6bf) in 0.003s. Peers: 14
2026-10-09 07:37:23.188+00:00 | EthScheduler-Workers-0 | INFO  | PersistBlockTask | Block 9 (0x6cfd6b57a428cf78910ef2bcdf0829f27d09132474074bf2695524f791f55611) is already imported
2026-10-09 07:37:23.189+00:00 | BftProcessorExecutor-QBFT-0 | INFO  | QbftBesuControllerBuilder | Imported #9 / 0 tx / 0 pending / 0 (0.0%) gas / (0x6cfd6b57a428cf78910ef2bcdf0829f27d09132474074bf2695524f791f55611)
2026-10-09 07:37:25.290+00:00 | EthScheduler-Workers-0 | INFO  | PersistBlockTask | Imported #10 / 1 tx / 0 om / 465,218 (0.0%) gas / (0x6e266b32176753998831c4dd5f11931bb7a35459a92981294477e5a89abb97c1) in 0.022s. Peers: 14
2026-10-09 07:37:27.255+00:00 | BftProcessorExecutor-QBFT-0 | INFO  | QbftBesuControllerBuilder | Imported #11 / 1 tx / 0 pending / 1,832,981 (0.0%) gas / (0x5a31f87fc0c36f02ddda47e5bc9853ec0a3bb8402f0ee628cc94a9147caea319)
2026-10-09 07:37:27.299+00:00 | EthScheduler-Workers-0 | INFO  | PersistBlockTask | Block 11 (0x5a31f87fc0c36f02ddda47e5bc9853ec0a3bb8402f0ee628cc94a9147caea319) is already imported
2026-10-09 07:37:29.150+00:00 | EthScheduler-Workers-0 | INFO  | PersistBlockTask | Block 12 (0x2fd6ecbed0cd328c5281d65f48db86c4a0f6fa76f83606e3c21851b203408e01) is already imported
2026-10-09 07:37:29.150+00:00 | BftProcessorExecutor-QBFT-0 | INFO  | QbftBesuControllerBuilder | Imported #12 / 0 tx / 0 pending / 0 (0.0%) gas / (0x2fd6ecbed0cd328c5281d65f48db86c4a0f6fa76f83606e3c21851b203408e01)
2026-10-09 07:37:31.221+00:00 | EthScheduler-Workers-0 | INFO  | PersistBlockTask | Imported #13 / 0 tx / 0 om / 0 (0.0%) gas / (0xd728f44865c190fe64d9191a2673bd40a090fbb321a5513f4091f81b08f484d8) in 0.016s. Peers: 14
2026-10-09 07:37:33.142+00:00 | EthScheduler-Workers-0 | INFO  | PersistBlockTask | Imported #14 / 0 tx / 0 om / 0 (0.0%) gas / (0xf969d1e318449833101a15f5145c1bb8284a6cfda57d60291db90140918e83be) in 0.013s. Peers: 14
2026-10-09 07:37:35.106+00:00 | BftProcessorExecutor-QBFT-0 | INFO  | QbftBesuControllerBuilder | Imported #15 / 0 tx / 0 pending / 0 (0.0%) gas / (0xaee33d1760ba3681e1b98813ec227d50d0227ac787b57b52e710ca3bfbb642cf)
2026-10-09 07:37:44.695+00:00 | BftProcessorExecutor-QBFT-0 | INFO  | QbftBesuControllerBuilder | Imported #16 / 64 tx / 0 pending / 15,486,080 (0.0%) gas / (0x9d331451e8140a34507fd098cfe6c99e9e9c42c8b638a81c9080baebac46b6bf)
2026-10-09 07:37:44.727+00:00 | EthScheduler-Workers-0 | INFO  | PersistBlockTask | Block 16 (0x9d331451e8140a34507fd098cfe6c99e9e9c42c8b638a81c9080baebac46b6bf) is already imported
2026-10-09 07:37:45.505+00:00 | EthScheduler-Workers-0 | INFO  | PersistBlockTask | Imported #17 / 0 tx / 0 om / 0 (0.0%) gas / (0xbea258a01382aa1faf40536304ffa0a47a5e1bade34e88f8b50f6cf75a09d963) in 0.117s. Peers: 14
2026-10-09 07:37:47.370+00:00 | EthScheduler-Workers-0 | INFO  | PersistBlockTask | Imported #18 / 0 tx / 0 om / 0 (0.0%) gas / (0x1debb27f5463af74acc04b9fcc728ac3dbfd3d9c225e963092733d20a7eee490) in 0.052s. Peers: 14
2026-10-09 07:37:49.555+00:00 | EthScheduler-Workers-0 | INFO  | PersistBlockTask | Block 19 (0xb7c6581cf244bda372cdaea5ebc908428734fc53e20dec7d351404cb9e491be2) is already imported
2026-10-09 07:37:49.558+00:00 | BftProcessorExecutor-QBFT-0 | INFO  | QbftBesuControllerBuilder | Imported #19 / 8 tx / 0 pending / 1,228,988 (0.0%) gas / (0xb7c6581cf244bda372cdaea5ebc908428734fc53e20dec7d351404cb9e491be2)
2026-10-09 07:37:51.350+00:00 | BftProcessorExecutor-QBFT-0 | INFO  | QbftBesuControllerBuilder | Imported #20 / 0 tx / 0 pending / 0 (0.0%) gas / (0x6f0dcb620c8445ee51f9f2b94e9be7aa9d5d446d2652ae31bf7365d962b42010)
2026-10-09 07:37:51.386+00:00 | EthScheduler-Workers-0 | INFO  | PersistBlockTask | Block 20 (0x6f0dcb620c8445ee51f9f2b94e9be7aa9d5d446d2652ae31bf7365d962b42010) is already imported
2026-10-09 07:37:53.113+00:00 | EthScheduler-Workers-0 | INFO  | PersistBlockTask | Block 21 (0x8b1a4d2c9e486abcfbdaa64eb4961604bbcdaa06f98d965a1f19ef50f2a078f4) is already imported
2026-10-09 07:37:53.113+00:00 | BftProcessorExecutor-QBFT-0 | INFO  | QbftBesuControllerBuilder | Imported #21 / 0 tx / 0 pending / 0 (0.0%) gas / (0x8b1a4d2c9e486abcfbdaa64eb4961604bbcdaa06f98d965a1f19ef50f2a078f4)
2026-10-09 07:37:58.562+00:00 | BftProcessorExecutor-QBFT-0 | INFO  | QbftBesuControllerBuilder | Produced #22 / 64 tx / 64 pending / 15,486,080 (0.0%) gas / (0x524e707a29bea3be40caded637fa11bcc76488d56e3a26fd968b7a2539454b4f)
2026-10-09 07:38:00.414+00:00 | EthScheduler-Workers-0 | INFO  | PersistBlockTask | Imported #23 / 0 tx / 0 om / 0 (0.0%) gas / (0x06bc7a2fdb3e69b43c44697711a8929422fa86bba94da66c9dccb7a8bd288ca6) in 0.045s. Peers: 14
2026-10-09 07:38:01.121+00:00 | BftProcessorExecutor-QBFT-0 | INFO  | QbftBesuControllerBuilder | Imported #24 / 0 tx / 0 pending / 0 (0.0%) gas / (0x4dda4f4f03eb24d5dacd0dc8ccc79f5d11f30fba26554d8770fa80367fa20ecd)
2026-10-09 07:38:03.361+00:00 | BftProcessorExecutor-QBFT-0 | INFO  | QbftBesuControllerBuilder | Imported #25 / 8 tx / 8 pending / 1,229,048 (0.0%) gas / (0xb9851de4cebbf9f3c5ad0653bd9b0d6ccbc7b6c58d7c17b7d7505b2ae6e90a2e)
2026-10-09 07:38:03.361+00:00 | EthScheduler-Workers-0 | INFO  | PersistBlockTask | Block 25 (0xb9851de4cebbf9f3c5ad0653bd9b0d6ccbc7b6c58d7c17b7d7505b2ae6e90a2e) is already imported
2026-10-09 07:38:05.077+00:00 | BftProcessorExecutor-QBFT-0 | INFO  | QbftBesuControllerBuilder | Imported #26 / 0 tx / 0 pending / 0 (0.0%) gas / (0xb502e6ea4c9ae1be8056eea0ea2e4633fd37ec03ccd03e5761f02c2d30a1daee)
2026-10-09 07:38:09.741+00:00 | EthScheduler-Workers-0 | INFO  | PersistBlockTask | Block 27 (0xa39680472a383cb7ee25a2b82b610a6040a720720752a4381fbb6f4287d92e36) is already imported
2026-10-09 07:38:09.743+00:00 | BftProcessorExecutor-QBFT-0 | INFO  | QbftBesuControllerBuilder | Imported #27 / 64 tx / 64 pending / 15,486,080 (0.0%) gas / (0xa39680472a383cb7ee25a2b82b610a6040a720720752a4381fbb6f4287d92e36)
2026-10-09 07:38:10.838+00:00 | EthScheduler-Workers-0 | INFO  | PersistBlockTask | Imported #28 / 0 tx / 0 om / 0 (0.0%) gas / (0x3c69badcca336babbfb4ab922eb6782dc66f47a6781d39f36cc4e74130148cd4) in 0.002s. Peers: 14
2026-10-09 07:38:13.221+00:00 | EthScheduler-Workers-0 | INFO  | PersistBlockTask | Imported #29 / 1 tx / 0 om / 153,650 (0.0%) gas / (0x22f56acfff4796391d3ed9b8719b1225f7390946ac27cb3d539acf75455f2d02) in 0.040s. Peers: 14
2026-10-09 07:38:13.224+00:00 | BftProcessorExecutor-QBFT-0 | INFO  | QbftBesuControllerBuilder | Imported #29 / 1 tx / 7 pending / 153,650 (0.0%) gas / (0x22f56acfff4796391d3ed9b8719b1225f7390946ac27cb3d539acf75455f2d02)
2026-10-09 07:38:15.131+00:00 | BftProcessorExecutor-QBFT-0 | INFO  | QbftBesuControllerBuilder | Imported #30 / 7 tx / 7 pending / 1,075,426 (0.0%) gas / (0xf3d488e245a3b4d895fc562670d4c9752f4e9988655a0d5d4f4b3882f371be5e)
2026-10-09 07:38:15.133+00:00 | EthScheduler-Workers-0 | INFO  | PersistBlockTask | Block 30 (0xf3d488e245a3b4d895fc562670d4c9752f4e9988655a0d5d4f4b3882f371be5e) is already imported
2026-10-09 07:38:17.075+00:00 | BftProcessorExecutor-QBFT-0 | INFO  | QbftBesuControllerBuilder | Imported #31 / 0 tx / 0 pending / 0 (0.0%) gas / (0x3b0c397cca480a2de6af5ec7c859b813bede22dd8cbb551aa4ba7aecae0b6673)
2026-10-09 07:38:21.123+00:00 | EthScheduler-Workers-0 | INFO  | PersistBlockTask | Block 32 (0x8e5450030975a9c0077c266f19aeb27469ba9c88b982522325308d66a37cc491) is already imported
2026-10-09 07:38:21.121+00:00 | BftProcessorExecutor-QBFT-0 | INFO  | QbftBesuControllerBuilder | Imported #32 / 64 tx / 0 pending / 15,486,080 (0.0%) gas / (0x8e5450030975a9c0077c266f19aeb27469ba9c88b982522325308d66a37cc491)
2026-10-09 07:38:21.669+00:00 | BftProcessorExecutor-QBFT-0 | INFO  | QbftBesuControllerBuilder | Imported #33 / 0 tx / 0 pending / 0 (0.0%) gas / (0x58110243c0a6dedb4b8b4381810f46e64c1144a75934816d93bba3fc1fda319d)
2026-10-09 07:38:21.670+00:00 | EthScheduler-Workers-0 | INFO  | PersistBlockTask | Block 33 (0x58110243c0a6dedb4b8b4381810f46e64c1144a75934816d93bba3fc1fda319d) is already imported
2026-10-09 07:38:23.087+00:00 | EthScheduler-Workers-0 | INFO  | PersistBlockTask | Block 34 (0x0cd44cd18e62c6c241709ab35fc6c8dafb1b364c0422d7e3d5018aef563fd94b) is already imported
2026-10-09 07:38:23.087+00:00 | BftProcessorExecutor-QBFT-0 | INFO  | QbftBesuControllerBuilder | Imported #34 / 0 tx / 0 pending / 0 (0.0%) gas / (0x0cd44cd18e62c6c241709ab35fc6c8dafb1b364c0422d7e3d5018aef563fd94b)
2026-10-09 07:38:25.130+00:00 | BftProcessorExecutor-QBFT-0 | INFO  | QbftBesuControllerBuilder | Imported #35 / 8 tx / 0 pending / 1,229,072 (0.0%) gas / (0x8e252d4d07f9ed526f47ae67aaf4a49f8dc5744a91b33f5f7c14d7b95b79c155)
2026-10-09 07:38:27.075+00:00 | BftProcessorExecutor-QBFT-0 | INFO  | QbftBesuControllerBuilder | Imported #36 / 0 tx / 0 pending / 0 (0.0%) gas / (0xdb68f82172c0668f440658252e7eff71251bfede8a8b855933f9b54efe0103b6)
2026-10-09 07:38:31.253+00:00 | BftProcessorExecutor-QBFT-0 | INFO  | QbftBesuControllerBuilder | Produced #37 / 64 tx / 0 pending / 15,486,080 (0.0%) gas / (0xe9a0d40bfe50b44036dbe6cd173698b66f0ce7660949b081590b2961dccfb736)
2026-10-09 07:38:32.523+00:00 | BftProcessorExecutor-QBFT-0 | INFO  | QbftBesuControllerBuilder | Imported #38 / 0 tx / 0 pending / 0 (0.0%) gas / (0x6f20d163f52ed97ee1930e47fb95c66c8bc339e9e11d8a9938d8371b07880c0d)
2026-10-09 07:38:32.528+00:00 | EthScheduler-Workers-0 | INFO  | PersistBlockTask | Block 38 (0x6f20d163f52ed97ee1930e47fb95c66c8bc339e9e11d8a9938d8371b07880c0d) is already imported
2026-10-09 07:38:34.069+00:00 | BftProcessorExecutor-QBFT-0 | INFO  | QbftBesuControllerBuilder | Imported #39 / 0 tx / 0 pending / 0 (0.0%) gas / (0x84958c7998b87dbf2c316690c2580b03176cb7d7f80497eaf9b36e43464b86f0)
2026-10-09 07:38:36.170+00:00 | BftProcessorExecutor-QBFT-0 | INFO  | QbftBesuControllerBuilder | Imported #40 / 8 tx / 0 pending / 1,229,016 (0.0%) gas / (0x8b5a55a8039a3478589b26975375a93d941a55ee4d78d5990f2b938d07b21766)
2026-10-09 07:38:36.170+00:00 | EthScheduler-Workers-0 | INFO  | PersistBlockTask | Block 40 (0x8b5a55a8039a3478589b26975375a93d941a55ee4d78d5990f2b938d07b21766) is already imported
2026-10-09 07:38:38.076+00:00 | EthScheduler-Workers-0 | INFO  | PersistBlockTask | Imported #41 / 0 tx / 0 om / 0 (0.0%) gas / (0x54d44e4c61fea93b29a4581018b02241236c53390cca69d827a60b12ae4f6dac) in 0.003s. Peers: 14
2026-10-09 07:38:40.089+00:00 | EthScheduler-Workers-0 | INFO  | PersistBlockTask | Block 42 (0x2166f6b614b146ec919609422561de5fb3b56c566a2c6ac542f2b9d8e03f64bd) is already imported
2026-10-09 07:38:40.089+00:00 | BftProcessorExecutor-QBFT-0 | INFO  | QbftBesuControllerBuilder | Imported #42 / 0 tx / 0 pending / 0 (0.0%) gas / (0x2166f6b614b146ec919609422561de5fb3b56c566a2c6ac542f2b9d8e03f64bd)
2026-10-09 07:38:42.086+00:00 | BftProcessorExecutor-QBFT-0 | INFO  | QbftBesuControllerBuilder | Imported #43 / 0 tx / 0 pending / 0 (0.0%) gas / (0x242271a46e5eb03ede9be17eacd3d26d05800d6b0d2198fd24f863a23ef78d9b)
2026-10-09 07:38:44.086+00:00 | EthScheduler-Workers-0 | INFO  | PersistBlockTask | Block 44 (0x6271363b10d82b8fd1334366c12218c3f0cdf7034943e0ae4966a8cb2e4e3f43) is already imported
2026-10-09 07:38:44.087+00:00 | BftProcessorExecutor-QBFT-0 | INFO  | QbftBesuControllerBuilder | Imported #44 / 0 tx / 0 pending / 0 (0.0%) gas / (0x6271363b10d82b8fd1334366c12218c3f0cdf7034943e0ae4966a8cb2e4e3f43)
2026-10-09 07:38:46.077+00:00 | EthScheduler-Workers-0 | INFO  | PersistBlockTask | Imported #45 / 0 tx / 0 om / 0 (0.0%) gas / (0xf4fbc2184eb97457bbb57fa5b3a8a25e08b7b02786149157fbcc058d175a0b43) in 0.000s. Peers: 14
2026-10-09 07:38:48.072+00:00 | BftProcessorExecutor-QBFT-0 | INFO  | QbftBesuControllerBuilder | Imported #46 / 0 tx / 0 pending / 0 (0.0%) gas / (0x6b0692cb6938e3f1b00106ca1a43b72649a57b38dcf7842e4212cfba72ef8c0c)
2026-10-09 07:38:50.087+00:00 | EthScheduler-Workers-0 | INFO  | PersistBlockTask | Imported #47 / 0 tx / 0 om / 0 (0.0%) gas / (0xeb9264cf11bdddf4329d572229664c57b5368ad959784d481184db27e9790182) in 0.004s. Peers: 14
2026-10-09 07:38:58.170+00:00 | EthScheduler-Workers-0 | INFO  | PersistBlockTask | Block 48 (0x4f6388d0dcdd3e6a4dcd685026c1eff77cdf71a68774c0729050fd4543316813) is already imported
2026-10-09 07:38:58.170+00:00 | BftProcessorExecutor-QBFT-0 | INFO  | QbftBesuControllerBuilder | Imported #48 / 65 tx / 447 pending / 15,728,050 (0.0%) gas / (0x4f6388d0dcdd3e6a4dcd685026c1eff77cdf71a68774c0729050fd4543316813)
2026-10-09 07:39:05.988+00:00 | BftProcessorExecutor-QBFT-0 | INFO  | QbftBesuControllerBuilder | Imported #49 / 201 tx / 361 pending / 48,635,970 (0.0%) gas / (0xc6241c865cc9971ad62f1bc7e2a9109f4a41d1ccbbe6ccd67e04714485e3c06a)
2026-10-09 07:39:06.072+00:00 | EthScheduler-Workers-0 | INFO  | PersistBlockTask | Block 49 (0xc6241c865cc9971ad62f1bc7e2a9109f4a41d1ccbbe6ccd67e04714485e3c06a) is already imported
2026-10-09 07:39:14.048+00:00 | BftProcessorExecutor-QBFT-0 | INFO  | QbftBesuControllerBuilder | Imported #50 / 246 tx / 0 pending / 59,524,620 (0.0%) gas / (0x2acc4e43fb62b861401b4de8a273de4cbf2311b9cc3d83209e0f6353d850567d)
2026-10-09 07:39:14.051+00:00 | EthScheduler-Workers-0 | INFO  | PersistBlockTask | Block 50 (0x2acc4e43fb62b861401b4de8a273de4cbf2311b9cc3d83209e0f6353d850567d) is already imported
2026-10-09 07:39:14.416+00:00 | BftProcessorExecutor-QBFT-0 | INFO  | QbftBesuControllerBuilder | Imported #51 / 0 tx / 0 pending / 0 (0.0%) gas / (0xfc2e6db1ac8db40e7ea7dcaf9cd3149bc53e456e97e2f9dcadaafa8477a2639b)
2026-10-09 07:39:16.079+00:00 | BftProcessorExecutor-QBFT-0 | INFO  | QbftBesuControllerBuilder | Produced #52 / 0 tx / 0 pending / 0 (0.0%) gas / (0xca1173032b9d8af92f8d7fd212ca5b3a92a2ccd1fd7e80e08600a417ef8f01c3)
2026-10-09 07:39:18.086+00:00 | BftProcessorExecutor-QBFT-0 | INFO  | QbftBesuControllerBuilder | Imported #53 / 0 tx / 0 pending / 0 (0.0%) gas / (0x12debe6d4fe0f6be9c94ea5cc81795e668ac89867b5f31a504750c50969531d9)
2026-10-09 07:39:20.088+00:00 | EthScheduler-Workers-0 | INFO  | PersistBlockTask | Block 54 (0x3ca4beee6d79e54363af353382ba3ff587833feff271b5268801a606f430dc33) is already imported
2026-10-09 07:39:20.092+00:00 | BftProcessorExecutor-QBFT-0 | INFO  | QbftBesuControllerBuilder | Imported #54 / 0 tx / 0 pending / 0 (0.0%) gas / (0x3ca4beee6d79e54363af353382ba3ff587833feff271b5268801a606f430dc33)
2026-10-09 07:39:22.090+00:00 | BftProcessorExecutor-QBFT-0 | INFO  | QbftBesuControllerBuilder | Imported #55 / 0 tx / 0 pending / 0 (0.0%) gas / (0x6281d37d1e37425e4e6655752005edef30072da7c809184b00bf0288a27cecf6)
2026-10-09 07:39:24.068+00:00 | BftProcessorExecutor-QBFT-0 | INFO  | QbftBesuControllerBuilder | Imported #56 / 0 tx / 0 pending / 0 (0.0%) gas / (0x4a98996a1b4c4f800f8c4e54ece4b1bd8662548037052c8060f75d948eaaf473)
2026-10-09 07:39:26.115+00:00 | BftProcessorExecutor-QBFT-0 | INFO  | QbftBesuControllerBuilder | Imported #57 / 8 tx / 0 pending / 1,229,072 (0.0%) gas / (0x2bd5c3adfbbbafc70c3430a95066e763506d00e1f3cd832cb8365836313d0bfc)
2026-10-09 07:39:28.105+00:00 | EthScheduler-Workers-0 | INFO  | PersistBlockTask | Imported #58 / 0 tx / 0 om / 0 (0.0%) gas / (0x3c632b18b41c83ec85d0828f8b0eea6a4c869edfc55e569da56f3b5b70ecacdb) in 0.005s. Peers: 14
2026-10-09 07:39:28.106+00:00 | BftProcessorExecutor-QBFT-0 | INFO  | QbftBesuControllerBuilder | Imported #58 / 0 tx / 0 pending / 0 (0.0%) gas / (0x3c632b18b41c83ec85d0828f8b0eea6a4c869edfc55e569da56f3b5b70ecacdb)
2026-10-09 07:39:30.085+00:00 | BftProcessorExecutor-QBFT-0 | INFO  | QbftBesuControllerBuilder | Imported #59 / 0 tx / 0 pending / 0 (0.0%) gas / (0x7ffb4795b3b5db13d8feba5534ba2e746d3510f3cd4bf3f6a94c2c5ce589a672)
2026-10-09 07:39:30.089+00:00 | EthScheduler-Workers-0 | INFO  | PersistBlockTask | Block 59 (0x7ffb4795b3b5db13d8feba5534ba2e746d3510f3cd4bf3f6a94c2c5ce589a672) is already imported
2026-10-09 07:39:32.092+00:00 | BftProcessorExecutor-QBFT-0 | INFO  | QbftBesuControllerBuilder | Imported #60 / 0 tx / 0 pending / 0 (0.0%) gas / (0x6b2b52c22f9d6e117ad642bf45c4f339158609687a62378dbee90cbeeae5c10f)
2026-10-09 07:39:32.097+00:00 | EthScheduler-Workers-0 | INFO  | PersistBlockTask | Block 60 (0x6b2b52c22f9d6e117ad642bf45c4f339158609687a62378dbee90cbeeae5c10f) is already imported
2026-10-09 07:39:34.078+00:00 | BftProcessorExecutor-QBFT-0 | INFO  | QbftBesuControllerBuilder | Imported #61 / 0 tx / 0 pending / 0 (0.0%) gas / (0xb07bbaf16b6da91fe188ac102744c75d9c7d156ea47c1a77617cd54d73446fad)
2026-10-09 07:39:36.096+00:00 | EthScheduler-Workers-0 | INFO  | PersistBlockTask | Imported #62 / 0 tx / 0 om / 0 (0.0%) gas / (0x29dc438a8b6edd292e50e3128ec4544c0226fdeeea6e5b69abfd8cfade120f3a) in 0.004s. Peers: 14
2026-10-09 07:39:38.080+00:00 | BftProcessorExecutor-QBFT-0 | INFO  | QbftBesuControllerBuilder | Imported #63 / 0 tx / 0 pending / 0 (0.0%) gas / (0x936c9ed196a02acfcaa4d4f40e2d47274e44494e47800dbff1ebd5df868bd36e)
2026-10-09 07:39:40.105+00:00 | EthScheduler-Workers-0 | INFO  | PersistBlockTask | Block 64 (0x4d99a8935023a835e5953779659ca7c78b54180e8b438551e8c44fdbe2c1c9da) is already imported
2026-10-09 07:39:40.105+00:00 | BftProcessorExecutor-QBFT-0 | INFO  | QbftBesuControllerBuilder | Imported #64 / 0 tx / 0 pending / 0 (0.0%) gas / (0x4d99a8935023a835e5953779659ca7c78b54180e8b438551e8c44fdbe2c1c9da)
2026-10-09 07:39:42.081+00:00 | BftProcessorExecutor-QBFT-0 | INFO  | QbftBesuControllerBuilder | Imported #65 / 0 tx / 0 pending / 0 (0.0%) gas / (0x6e0539bf594a98ccec8e21a7b85b5a83badc22f10de83e0123510919be798a57)
2026-10-09 07:39:42.089+00:00 | EthScheduler-Workers-0 | INFO  | PersistBlockTask | Block 65 (0x6e0539bf594a98ccec8e21a7b85b5a83badc22f10de83e0123510919be798a57) is already imported
2026-10-09 07:39:46.502+00:00 | BftProcessorExecutor-QBFT-0 | INFO  | QbftBesuControllerBuilder | Imported #66 / 12 tx / 500 pending / 2,903,640 (0.0%) gas / (0x3408ba25d8d63b4217f178876b26fef3cad930fadc18463e6942c85e2479951e)
2026-10-09 07:39:48.005+00:00 | BftProcessorExecutor-QBFT-0 | WARN  | BlockTransactionSelector | Interrupting the selection of transactions for block inclusion as it exceeds the maximum configured duration of 1500ms
java.util.concurrent.TimeoutException
	at java.base/java.util.concurrent.CompletableFuture.timedGet(CompletableFuture.java:1960)
	at java.base/java.util.concurrent.CompletableFuture.get(CompletableFuture.java:2095)
	at org.hyperledger.besu.ethereum.blockcreation.txselection.BlockTransactionSelector.timeLimitedSelection(BlockTransactionSelector.java:186)
	at org.hyperledger.besu.ethereum.blockcreation.txselection.BlockTransactionSelector.buildTransactionListForBlock(BlockTransactionSelector.java:169)
	at org.hyperledger.besu.ethereum.blockcreation.AbstractBlockCreator.selectTransactions(AbstractBlockCreator.java:376)
	at org.hyperledger.besu.ethereum.blockcreation.AbstractBlockCreator.createBlock(AbstractBlockCreator.java:218)
	at org.hyperledger.besu.ethereum.blockcreation.AbstractBlockCreator.createBlock(AbstractBlockCreator.java:146)
	at org.hyperledger.besu.consensus.common.bft.blockcreation.BftBlockCreator.createBlock(BftBlockCreator.java:92)
	at org.hyperledger.besu.consensus.qbft.statemachine.QbftRound.createAndSendProposalMessage(QbftRound.java:137)
	at org.hyperledger.besu.consensus.qbft.statemachine.QbftBlockHeightManager.handleBlockTimerExpiry(QbftBlockHeightManager.java:140)
	at org.hyperledger.besu.consensus.common.bft.statemachine.BaseBftController.handleBlockTimerExpiry(BaseBftController.java:167)
	at org.hyperledger.besu.consensus.common.bft.EventMultiplexer.handleBftEvent(EventMultiplexer.java:65)
	at java.base/java.util.Optional.ifPresent(Optional.java:178)
	at org.hyperledger.besu.consensus.common.bft.BftProcessor.run(BftProcessor.java:65)
	at java.base/java.util.concurrent.ThreadPoolExecutor.runWorker(ThreadPoolExecutor.java:1144)
	at java.base/java.util.concurrent.ThreadPoolExecutor$Worker.run(ThreadPoolExecutor.java:642)
	at java.base/java.lang.Thread.run(Thread.java:1583)
2026-10-09 07:39:54.255+00:00 | EthScheduler-Workers-0 | INFO  | PersistBlockTask | Block 67 (0x9ba80bdaa75878311de32f85cde0b80ce7bc6100374ace7dd37958bae80449c5) is already imported
2026-10-09 07:39:54.257+00:00 | BftProcessorExecutor-QBFT-0 | INFO  | QbftBesuControllerBuilder | Produced #67 / 228 tx / 295 pending / 55,169,160 (0.0%) gas / (0x9ba80bdaa75878311de32f85cde0b80ce7bc6100374ace7dd37958bae80449c5)
2026-10-09 07:40:01.208+00:00 | BftProcessorExecutor-QBFT-0 | INFO  | QbftBesuControllerBuilder | Imported #68 / 262 tx / 10 pending / 63,396,140 (0.0%) gas / (0xa272a3a2cb02e8a526105ba83e82c825af8e0f3c0b4c7bc25066e9980f9f4584)
2026-10-09 07:40:01.229+00:00 | EthScheduler-Workers-0 | INFO  | PersistBlockTask | Block 68 (0xa272a3a2cb02e8a526105ba83e82c825af8e0f3c0b4c7bc25066e9980f9f4584) is already imported
2026-10-09 07:40:03.207+00:00 | EthScheduler-Workers-0 | INFO  | PersistBlockTask | Imported #69 / 10 tx / 0 om / 2,419,700 (0.0%) gas / (0xe188dc0b2928e1ac59853b7cc63572d7a3b72795acf26d2b70e23f08abd09df9) in 0.080s. Peers: 14
2026-10-09 07:40:03.207+00:00 | BftProcessorExecutor-QBFT-0 | INFO  | QbftBesuControllerBuilder | Imported #69 / 10 tx / 0 pending / 2,419,700 (0.0%) gas / (0xe188dc0b2928e1ac59853b7cc63572d7a3b72795acf26d2b70e23f08abd09df9)
2026-10-09 07:40:05.087+00:00 | BftProcessorExecutor-QBFT-0 | INFO  | QbftBesuControllerBuilder | Imported #70 / 0 tx / 0 pending / 0 (0.0%) gas / (0x2be7926013a8b536545f55bf4cf7b7148d0ec161e4afbdacceb310d3e6b6c438)
2026-10-09 07:40:05.087+00:00 | EthScheduler-Workers-0 | INFO  | PersistBlockTask | Block 70 (0x2be7926013a8b536545f55bf4cf7b7148d0ec161e4afbdacceb310d3e6b6c438) is already imported
2026-10-09 07:40:07.073+00:00 | BftProcessorExecutor-QBFT-0 | INFO  | QbftBesuControllerBuilder | Imported #71 / 0 tx / 0 pending / 0 (0.0%) gas / (0xb018d0aceecd42b02d428f4bdfd74f519630d36af893e0f1143b927c17100c7f)
2026-10-09 07:40:09.058+00:00 | BftProcessorExecutor-QBFT-0 | INFO  | QbftBesuControllerBuilder | Imported #72 / 0 tx / 0 pending / 0 (0.0%) gas / (0xa351f741db6c86ee96abf4ab990e8bb275714c0870ddf10ade37fe9afb7850d0)
2026-10-09 07:40:11.095+00:00 | EthScheduler-Workers-0 | INFO  | PersistBlockTask | Block 73 (0xb4aa6bd5bb72a2e410cf29d728699e93d5a8ef429869763300a49ab2c2ba6e3a) is already imported
2026-10-09 07:40:11.096+00:00 | BftProcessorExecutor-QBFT-0 | INFO  | QbftBesuControllerBuilder | Imported #73 / 0 tx / 0 pending / 0 (0.0%) gas / (0xb4aa6bd5bb72a2e410cf29d728699e93d5a8ef429869763300a49ab2c2ba6e3a)
2026-10-09 07:40:13.061+00:00 | BftProcessorExecutor-QBFT-0 | INFO  | QbftBesuControllerBuilder | Imported #74 / 0 tx / 0 pending / 0 (0.0%) gas / (0x79d1ac63541590815e1e7405ddc48b41c300fa162f98b5801c9349d20af5a08b)
2026-10-09 07:40:15.155+00:00 | EthScheduler-Workers-0 | INFO  | PersistBlockTask | Imported #75 / 8 tx / 0 om / 1,229,092 (0.0%) gas / (0x28f534e3d86d9640354658b7f114c0fdfad06139d541d298555b336c2cc1bfe5) in 0.015s. Peers: 14
2026-10-09 07:40:15.163+00:00 | BftProcessorExecutor-QBFT-0 | INFO  | QbftBesuControllerBuilder | Imported #75 / 8 tx / 0 pending / 1,229,092 (0.0%) gas / (0x28f534e3d86d9640354658b7f114c0fdfad06139d541d298555b336c2cc1bfe5)
2026-10-09 07:40:17.066+00:00 | BftProcessorExecutor-QBFT-0 | INFO  | QbftBesuControllerBuilder | Imported #76 / 0 tx / 0 pending / 0 (0.0%) gas / (0x55bdb7b0cfd8b5fa2ba0bfe58d1c80d18d44ac4831d93bb96e10731aa4092e49)
2026-10-09 07:40:19.083+00:00 | EthScheduler-Workers-0 | INFO  | PersistBlockTask | Imported #77 / 0 tx / 0 om / 0 (0.0%) gas / (0x1cc01a50c5e5e434aa0dba54852cad7cb23e5e127db09b5b7fba954f6d003c62) in 0.002s. Peers: 14
2026-10-09 07:40:19.083+00:00 | BftProcessorExecutor-QBFT-0 | INFO  | QbftBesuControllerBuilder | Imported #77 / 0 tx / 0 pending / 0 (0.0%) gas / (0x1cc01a50c5e5e434aa0dba54852cad7cb23e5e127db09b5b7fba954f6d003c62)
2026-10-09 07:40:21.081+00:00 | BftProcessorExecutor-QBFT-0 | INFO  | QbftBesuControllerBuilder | Imported #78 / 0 tx / 0 pending / 0 (0.0%) gas / (0x7b644ef75f8a5b59a589d4a852de8acaab389ecccb3046e071120dc65868de88)
2026-10-09 07:40:23.091+00:00 | EthScheduler-Workers-0 | INFO  | PersistBlockTask | Block 79 (0x27c195b42567a1168da153d86b48dc3f109d90746206748d54c7b813f0c34b11) is already imported
2026-10-09 07:40:23.093+00:00 | BftProcessorExecutor-QBFT-0 | INFO  | QbftBesuControllerBuilder | Imported #79 / 0 tx / 0 pending / 0 (0.0%) gas / (0x27c195b42567a1168da153d86b48dc3f109d90746206748d54c7b813f0c34b11)
2026-10-09 07:40:25.086+00:00 | EthScheduler-Workers-0 | INFO  | PersistBlockTask | Imported #80 / 0 tx / 0 om / 0 (0.0%) gas / (0x90f1643990538986e4461ac1e3ba970f849e3c532a9b391379aa25cb6701f82f) in 0.001s. Peers: 14
2026-10-09 07:40:27.103+00:00 | EthScheduler-Workers-0 | INFO  | PersistBlockTask | Block 81 (0xf8381eaa880560729059f4a3053427dbcbe682f0f11a944e4cc8a043bcd246b2) is already imported
2026-10-09 07:40:27.104+00:00 | BftProcessorExecutor-QBFT-0 | INFO  | QbftBesuControllerBuilder | Imported #81 / 0 tx / 0 pending / 0 (0.0%) gas / (0xf8381eaa880560729059f4a3053427dbcbe682f0f11a944e4cc8a043bcd246b2)
2026-10-09 07:40:29.068+00:00 | BftProcessorExecutor-QBFT-0 | INFO  | QbftBesuControllerBuilder | Produced #82 / 0 tx / 0 pending / 0 (0.0%) gas / (0x1abd25ce87b163be7b620166239190f22058f102f37790b3881e108c2aabcfa5)
2026-10-09 07:40:31.083+00:00 | EthScheduler-Workers-0 | INFO  | PersistBlockTask | Block 83 (0xcbb1a7c8ffc5b5d39747b24d39c2b6312ee9d175b88d9f46f0fcc431f05fa6b2) is already imported
2026-10-09 07:40:31.083+00:00 | BftProcessorExecutor-QBFT-0 | INFO  | QbftBesuControllerBuilder | Imported #83 / 0 tx / 0 pending / 0 (0.0%) gas / (0xcbb1a7c8ffc5b5d39747b24d39c2b6312ee9d175b88d9f46f0fcc431f05fa6b2)
2026-10-09 07:40:37.958+00:00 | BftProcessorExecutor-QBFT-0 | INFO  | QbftBesuControllerBuilder | Imported #84 / 96 tx / 416 pending / 23,229,120 (0.0%) gas / (0x21180cd15e0c03449021c56a18ce1e9ad25b8bf8a55f378bd52ae18018e320e1)
2026-10-09 07:40:37.959+00:00 | EthScheduler-Workers-0 | INFO  | PersistBlockTask | Block 84 (0x21180cd15e0c03449021c56a18ce1e9ad25b8bf8a55f378bd52ae18018e320e1) is already imported
2026-10-09 07:40:45.074+00:00 | BftProcessorExecutor-QBFT-0 | INFO  | QbftBesuControllerBuilder | Imported #85 / 227 tx / 365 pending / 54,927,190 (0.0%) gas / (0x20e935726f1eecf0e2c87536009fbaf993f594235819453d32ccee108d314c2b)
2026-10-09 07:40:45.078+00:00 | EthScheduler-Workers-0 | INFO  | PersistBlockTask | Block 85 (0x20e935726f1eecf0e2c87536009fbaf993f594235819453d32ccee108d314c2b) is already imported
2026-10-09 07:40:51.348+00:00 | EthScheduler-Workers-0 | INFO  | PersistBlockTask | Block 86 (0xb9147041f133ec3a37083d19b01181a6fc81c8e20fe481f572e008480bdfa1f2) is already imported
2026-10-09 07:40:51.360+00:00 | BftProcessorExecutor-QBFT-0 | INFO  | QbftBesuControllerBuilder | Imported #86 / 189 tx / 0 pending / 45,732,330 (0.0%) gas / (0xb9147041f133ec3a37083d19b01181a6fc81c8e20fe481f572e008480bdfa1f2)
2026-10-09 07:40:51.457+00:00 | EthScheduler-Workers-0 | INFO  | PersistBlockTask | Imported #87 / 0 tx / 0 om / 0 (0.0%) gas / (0x2d412a64f388a1131dc9e6c5a8645e264a49957c52cfeea7b2d8e517e3d4e334) in 0.001s. Peers: 14
2026-10-09 07:40:53.076+00:00 | EthScheduler-Workers-0 | INFO  | PersistBlockTask | Imported #88 / 0 tx / 0 om / 0 (0.0%) gas / (0xe470eb5b7b681a2384298b879e55e0f9057185866590ad71be812ddb29567472) in 0.001s. Peers: 14
2026-10-09 07:40:55.078+00:00 | BftProcessorExecutor-QBFT-0 | INFO  | QbftBesuControllerBuilder | Imported #89 / 0 tx / 0 pending / 0 (0.0%) gas / (0x73c963b7397fe7fb4f3f4e4c1013217d278d3b87adfcd704710e62754d46ea94)
2026-10-09 07:40:57.078+00:00 | BftProcessorExecutor-QBFT-0 | INFO  | QbftBesuControllerBuilder | Imported #90 / 0 tx / 0 pending / 0 (0.0%) gas / (0x863e94be7fca9ee149eb0e09996286377e5e7e3bdbef65bd43743731306d3ada)
2026-10-09 07:40:59.063+00:00 | BftProcessorExecutor-QBFT-0 | INFO  | QbftBesuControllerBuilder | Imported #91 / 0 tx / 0 pending / 0 (0.0%) gas / (0x23174230845b70e51eda32c53672e5c894122e48641e4537cfeb9811780ae8bd)
2026-10-09 07:41:01.088+00:00 | BftProcessorExecutor-QBFT-0 | INFO  | QbftBesuControllerBuilder | Imported #92 / 0 tx / 0 pending / 0 (0.0%) gas / (0xf5f545db293d1e28370cfa5919d84fe0d7a78e809e906169b12d37e6b9be72bb)
2026-10-09 07:41:01.088+00:00 | EthScheduler-Workers-0 | INFO  | PersistBlockTask | Block 92 (0xf5f545db293d1e28370cfa5919d84fe0d7a78e809e906169b12d37e6b9be72bb) is already imported
2026-10-09 07:41:03.120+00:00 | BftProcessorExecutor-QBFT-0 | INFO  | QbftBesuControllerBuilder | Imported #93 / 8 tx / 8 pending / 1,228,992 (0.0%) gas / (0xea6b75fff95dcce44ffbcec8b54dea3d34ccb431b88a699864c16b9f85720ae6)
2026-10-09 07:41:05.072+00:00 | BftProcessorExecutor-QBFT-0 | INFO  | QbftBesuControllerBuilder | Imported #94 / 0 tx / 0 pending / 0 (0.0%) gas / (0x7e0529adc783bd227be3dd4d7cf8a0199a4fca1f75493de26e73d5610a860b4d)
2026-10-09 07:41:07.072+00:00 | BftProcessorExecutor-QBFT-0 | INFO  | QbftBesuControllerBuilder | Imported #95 / 0 tx / 0 pending / 0 (0.0%) gas / (0xa06d00d49078b12c966b404ac4e6f9f738f3e0fe7cc1a9bbd363cec9a0dc46a5)
2026-10-09 07:41:09.062+00:00 | BftProcessorExecutor-QBFT-0 | INFO  | QbftBesuControllerBuilder | Imported #96 / 0 tx / 0 pending / 0 (0.0%) gas / (0xe2fbac5cdd6219d07d92d3c09ad8cf818a8a91a63aa957dadc077d6925676f96)
2026-10-09 07:41:11.088+00:00 | EthScheduler-Workers-0 | INFO  | PersistBlockTask | Imported #97 / 0 tx / 0 om / 0 (0.0%) gas / (0xaa10863cc5f463e51597de583760255bb73129dc89551b66e0ae11369aca840b) in 0.002s. Peers: 14
2026-10-09 07:41:13.065+00:00 | BftProcessorExecutor-QBFT-0 | INFO  | QbftBesuControllerBuilder | Imported #98 / 0 tx / 0 pending / 0 (0.0%) gas / (0xcf734b1b7f1dbfc6b30528d3c95a8fafd9ba49ea94a47a3b103a0d0904a42cd4)
2026-10-09 07:41:15.076+00:00 | BftProcessorExecutor-QBFT-0 | INFO  | QbftBesuControllerBuilder | Imported #99 / 0 tx / 0 pending / 0 (0.0%) gas / (0xaee288a70366156282864c429be1a62fff9f067804b2faab13b032877b1fb9f9)
2026-10-09 07:41:17.077+00:00 | BftProcessorExecutor-QBFT-0 | INFO  | QbftBesuControllerBuilder | Imported #100 / 0 tx / 0 pending / 0 (0.0%) gas / (0x65badea0b354dcefe990e4830f3bb5149f558c655710b3836c1b95b05fdae38c)
2026-10-09 07:41:19.084+00:00 | BftProcessorExecutor-QBFT-0 | INFO  | QbftBesuControllerBuilder | Imported #101 / 0 tx / 0 pending / 0 (0.0%) gas / (0xc47aa89a5a712a395585499de4c49766d76daf52f58e63672a0ee1c4aab6be6d)
2026-10-09 07:41:19.084+00:00 | EthScheduler-Workers-0 | INFO  | PersistBlockTask | Block 101 (0xc47aa89a5a712a395585499de4c49766d76daf52f58e63672a0ee1c4aab6be6d) is already imported
2026-10-09 07:41:21.079+00:00 | BftProcessorExecutor-QBFT-0 | INFO  | QbftBesuControllerBuilder | Imported #102 / 0 tx / 1 pending / 0 (0.0%) gas / (0xbea50e5f5a29f9ba1e3fb872318bd2479271489664d53cbd597d53359f00cc3d)
2026-10-09 07:41:21.083+00:00 | EthScheduler-Workers-0 | INFO  | PersistBlockTask | Block 102 (0xbea50e5f5a29f9ba1e3fb872318bd2479271489664d53cbd597d53359f00cc3d) is already imported
2026-10-09 07:41:30.057+00:00 | EthScheduler-Workers-0 | INFO  | PersistBlockTask | Block 103 (0x8d6f1af897f132552a6ab85f677e1e3313aa9da22208812551a141d27cb4e584) is already imported
2026-10-09 07:41:30.061+00:00 | BftProcessorExecutor-QBFT-0 | INFO  | QbftBesuControllerBuilder | Imported #103 / 220 tx / 292 pending / 53,233,400 (0.0%) gas / (0x8d6f1af897f132552a6ab85f677e1e3313aa9da22208812551a141d27cb4e584)
2026-10-09 07:41:38.516+00:00 | EthScheduler-Workers-0 | INFO  | PersistBlockTask | Block 104 (0x033a2dee8c1a19fd31e5a9e5d52e055629aca9e04636b8c06dc574f5bec0d770) is already imported
2026-10-09 07:41:38.527+00:00 | BftProcessorExecutor-QBFT-0 | INFO  | QbftBesuControllerBuilder | Imported #104 / 292 tx / 0 pending / 70,655,240 (0.0%) gas / (0x033a2dee8c1a19fd31e5a9e5d52e055629aca9e04636b8c06dc574f5bec0d770)
2026-10-09 07:41:39.232+00:00 | BftProcessorExecutor-QBFT-0 | INFO  | QbftBesuControllerBuilder | Imported #105 / 0 tx / 0 pending / 0 (0.0%) gas / (0x02fabb44b0aa477bc7ca649454008e27aa1902cb6587fb85f7b10bbdb147b44c)
2026-10-09 07:41:41.075+00:00 | EthScheduler-Workers-0 | INFO  | PersistBlockTask | Imported #106 / 0 tx / 0 om / 0 (0.0%) gas / (0x410f30fcccd37985b23f5baaa091ab22fd9a6870e547dd8ce91ed4c2ebda17e3) in 0.002s. Peers: 14
2026-10-09 07:41:43.074+00:00 | BftProcessorExecutor-QBFT-0 | INFO  | QbftBesuControllerBuilder | Imported #107 / 0 tx / 0 pending / 0 (0.0%) gas / (0x7b71bc1b0271c09ee283ac5accb34863f8f80e831ef3d706c7fc0395988e581d)
2026-10-09 07:41:45.087+00:00 | EthScheduler-Workers-0 | INFO  | PersistBlockTask | Block 108 (0x5f5cf53099a80f7d55a9e91421b3d47eb206d704bbf7052b469ddef7a8b195da) is already imported
2026-10-09 07:41:45.090+00:00 | BftProcessorExecutor-QBFT-0 | INFO  | QbftBesuControllerBuilder | Imported #108 / 0 tx / 0 pending / 0 (0.0%) gas / (0x5f5cf53099a80f7d55a9e91421b3d47eb206d704bbf7052b469ddef7a8b195da)
2026-10-09 07:41:47.083+00:00 | BftProcessorExecutor-QBFT-0 | INFO  | QbftBesuControllerBuilder | Imported #109 / 0 tx / 0 pending / 0 (0.0%) gas / (0x6f5d289f5e13c2af24fe1341d297d927efba528fa6b0c2bc285aab144a61e5b4)
2026-10-09 07:41:49.068+00:00 | BftProcessorExecutor-QBFT-0 | INFO  | QbftBesuControllerBuilder | Imported #110 / 0 tx / 0 pending / 0 (0.0%) gas / (0xde5187228ca39ddc1de3d0e7912f8a40816233863d8a263ac51bc4e50d53472a)
2026-10-09 07:41:51.148+00:00 | BftProcessorExecutor-QBFT-0 | INFO  | QbftBesuControllerBuilder | Imported #111 / 8 tx / 0 pending / 1,229,040 (0.0%) gas / (0x02b663f1dcbb058c6defa2805eaaf4f24273021a45357cc4e51684eea13af4f8)
2026-10-09 07:41:53.090+00:00 | BftProcessorExecutor-QBFT-0 | INFO  | QbftBesuControllerBuilder | Produced #112 / 0 tx / 0 pending / 0 (0.0%) gas / (0x68af469b0ebd9538fd6bcdfbecf3dd9cec932754c143a7aab778b8202d28396c)
2026-10-09 07:41:53.091+00:00 | EthScheduler-Workers-0 | INFO  | PersistBlockTask | Block 112 (0x68af469b0ebd9538fd6bcdfbecf3dd9cec932754c143a7aab778b8202d28396c) is already imported
2026-10-09 07:41:55.065+00:00 | BftProcessorExecutor-QBFT-0 | INFO  | QbftBesuControllerBuilder | Imported #113 / 0 tx / 0 pending / 0 (0.0%) gas / (0x6dc12099acb3169140eca3849cc4deee5659ee27b44a8ef9ae2e0e177d407044)
2026-10-09 07:41:57.070+00:00 | BftProcessorExecutor-QBFT-0 | INFO  | QbftBesuControllerBuilder | Imported #114 / 0 tx / 0 pending / 0 (0.0%) gas / (0xaabae4b57d48f9d3524a7069b4bec840b007f46dcb3ccca40f7f9c28dcfdf4e8)
2026-10-09 07:41:59.090+00:00 | EthScheduler-Workers-0 | INFO  | PersistBlockTask | Imported #115 / 0 tx / 0 om / 0 (0.0%) gas / (0x228af0111d7ca2a5586bc376be6f66fe1139ef569b2f28dc86895d2b22b101b7) in 0.009s. Peers: 14
2026-10-09 07:41:59.091+00:00 | BftProcessorExecutor-QBFT-0 | INFO  | QbftBesuControllerBuilder | Imported #115 / 0 tx / 0 pending / 0 (0.0%) gas / (0x228af0111d7ca2a5586bc376be6f66fe1139ef569b2f28dc86895d2b22b101b7)
2026-10-09 07:42:01.071+00:00 | BftProcessorExecutor-QBFT-0 | INFO  | QbftBesuControllerBuilder | Imported #116 / 0 tx / 0 pending / 0 (0.0%) gas / (0xe18ed9c6d1f598aef4f67fe2fd0e481dd4c2204d60d81bce7c529f0d7ba875ff)
2026-10-09 07:42:03.074+00:00 | BftProcessorExecutor-QBFT-0 | INFO  | QbftBesuControllerBuilder | Imported #117 / 0 tx / 0 pending / 0 (0.0%) gas / (0x250c533ebf223242ea7a15b5ed98645bfe2ee3023a0b4c8e6759efe57d73ddf4)
2026-10-09 07:42:05.064+00:00 | BftProcessorExecutor-QBFT-0 | INFO  | QbftBesuControllerBuilder | Imported #118 / 0 tx / 0 pending / 0 (0.0%) gas / (0xec1703e8d0d1ce66d1512ebb356a83e06a08a6b03588686ca54f3b6ea2226254)
2026-10-09 07:42:07.074+00:00 | BftProcessorExecutor-QBFT-0 | INFO  | QbftBesuControllerBuilder | Imported #119 / 0 tx / 0 pending / 0 (0.0%) gas / (0x6e9113f0c6f1b347b06bc5a7391109b54cfcd661bd3e67fb38e2dc40c7a477a7)
2026-10-09 07:42:09.070+00:00 | BftProcessorExecutor-QBFT-0 | INFO  | QbftBesuControllerBuilder | Imported #120 / 0 tx / 0 pending / 0 (0.0%) gas / (0xb3f582eddca59a9a0a8d123a9a2f9047f19609d3d46afbe4d2f7a3d300617805)
