Setting logging level to INFO
2026-10-07 11:55:49.055+00:00 | main | INFO  | Besu | Starting Besu
2026-10-07 11:55:49.403+00:00 | main | WARN  | Besu | --graphql-http-host has been ignored because --graphql-http-enabled was not defined on the command line.
2026-10-07 11:55:49.545+00:00 | main | INFO  | Besu | Connecting to 0 static nodes.
2026-10-07 11:55:49.549+00:00 | main | INFO  | Besu | Forcing price bump for transaction replacement to 0, since min-gas-price is set to 0
2026-10-07 11:55:49.549+00:00 | main | WARN  | Besu | Forcing tx-pool-min-gas-price=0, since it cannot be greater than the value of min-gas-price
2026-10-07 11:55:50.004+00:00 | main | INFO  | Besu | 
####################################################################################################
#                                                                                                  #
# Besu version 24.7.0                                                                              #
#                                                                                                  #
# Configuration:                                                                                   #
# Network: Custom genesis file                                                                     #
# /config/genesis.json                                                                             #
# Network Id: 1337                                                                                 #
# Data storage: Bonsai                                                                             #
# Sync mode: Full                                                                                  #
# RPC HTTP APIs: ETH,QBFT,NET,ADMIN,WEB3                                                           #
# RPC HTTP port: 8545                                                                              #
# Using LAYERED transaction pool implementation                                                    #
# Using STACKED worldstate update mode                                                             #
# Limit trie logs enabled: retention: 512; prune window: 30000                                     #
#                                                                                                  #
# Host:                                                                                            #
# Java: openjdk-java-21                                                                            #
# Maximum heap size: 29.50 GB                                                                      #
# OS: linux-x86_64                                                                                 #
# glibc: 2.39                                                                                      #
# jemalloc: 5.3.0-0-g54eaed1d8b56b1aa528be3bdd1877e59c56fa90c                                      #
# Total memory: 1007.68 GB                                                                         #
# CPU cores: 256                                                                                   #
#                                                                                                  #
# Plugin Registration Summary:                                                                     #
# No plugins have been registered.                                                                 #
# TOTAL = 0 of 0 plugins successfully registered.                                                  #
#                                                                                                  #
####################################################################################################
2026-10-07 11:55:50.007+00:00 | main | INFO  | Besu | Security Module: localfile
2026-10-07 11:55:50.011+00:00 | main | INFO  | VersionMetadata | Lookup version metadata file in data directory: /data
2026-10-07 11:55:50.011+00:00 | main | INFO  | VersionMetadata | No version data detected. Writing Besu version 24.7.0 to metadata file
2026-10-07 11:55:50.146+00:00 | main | INFO  | Besu | Using the native implementation of alt bn128
2026-10-07 11:55:50.232+00:00 | main | INFO  | Besu | Using the native implementation of modexp
2026-10-07 11:55:50.232+00:00 | main | INFO  | Besu | Using the native implementation of the signature algorithm
2026-10-07 11:55:50.244+00:00 | main | INFO  | Besu | Using the native implementation of the blake2bf algorithm
2026-10-07 11:55:50.326+00:00 | main | INFO  | Besu | Forcing price bump for transaction replacement to 0, since min-gas-price is set to 0
2026-10-07 11:55:50.327+00:00 | main | WARN  | Besu | Forcing tx-pool-min-gas-price=0, since it cannot be greater than the value of min-gas-price
2026-10-07 11:55:50.328+00:00 | main | INFO  | KeyPairUtil | Attempting to load public key from /data/key.priv
2026-10-07 11:55:50.351+00:00 | main | INFO  | KeyPairUtil | Loaded public key 0x2a83ebf2051f65d177d730b709a49b402f17a8cfcbb0130018abd36be1b316e3a3ee49aef095149b832c975302a03f6ffbd872ce6748373b7d2a09e150229a1a from /data/key.priv
2026-10-07 11:55:50.520+00:00 | main | INFO  | ProtocolScheduleBuilder | Protocol schedule created with milestones: [Berlin:0]
2026-10-07 11:55:50.525+00:00 | main | INFO  | RocksDBKeyValueStorageFactory | No existing database at /data. Using default metadata for new db versionedStorageFormat=BaseVersionedStorageFormat{format=BONSAI, version=2}
2026-10-07 11:55:50.811+00:00 | main | INFO  | FlatDbStrategyProvider | Bonsai flat db mode found FULL
2026-10-07 11:55:50.817+00:00 | main | INFO  | FlatDbStrategyProvider | Bonsai db mode with code stored using code hash enabled = true
2026-10-07 11:55:50.828+00:00 | main | INFO  | FlatDbStrategyProvider | Bonsai flat db mode found FULL
2026-10-07 11:55:50.830+00:00 | main | INFO  | FlatDbStrategyProvider | Bonsai db mode with code stored using code hash enabled = true
2026-10-07 11:55:51.313+00:00 | main | INFO  | TransactionPoolFactory | Enabling transaction pool
2026-10-07 11:55:51.337+00:00 | main | INFO  | BesuControllerBuilder | TTD difficulty is not present, creating initial sync phase for PoW
2026-10-07 11:55:51.396+00:00 | main | INFO  | TrieLogPruner | Loading first 30000 trie logs from database...
2026-10-07 11:55:51.401+00:00 | main | INFO  | TrieLogPruner | Loaded 1 trie logs from database
2026-10-07 11:55:51.410+00:00 | main | INFO  | RunnerBuilder | Resolved 3 bootnodes.
2026-10-07 11:55:51.417+00:00 | main | INFO  | RunnerBuilder | Detecting NAT service.
2026-10-07 11:55:51.655+00:00 | main | INFO  | Runner | Starting external services ... 
2026-10-07 11:55:51.659+00:00 | main | INFO  | JsonRpcHttpService | Starting JSON-RPC service on 0.0.0.0:8545
2026-10-07 11:55:51.817+00:00 | vert.x-eventloop-thread-1 | INFO  | JsonRpcHttpService | JSON-RPC service started and listening on 0.0.0.0:8545
2026-10-07 11:55:51.819+00:00 | main | INFO  | WebSocketService | Starting Websocket service on 0.0.0.0:8546
2026-10-07 11:55:51.822+00:00 | vert.x-eventloop-thread-1 | INFO  | WebSocketService | Websocket service started and listening on 0.0.0.0:8546
2026-10-07 11:55:51.824+00:00 | main | INFO  | AutoTransactionLogBloomCachingService | Starting auto transaction log bloom caching service.
2026-10-07 11:55:51.825+00:00 | main | INFO  | LogBloomCacheMetadata | Lookup cache metadata file in data directory: /data/caches
2026-10-07 11:55:51.834+00:00 | main | INFO  | Runner | Starting Ethereum main loop ... 
2026-10-07 11:55:51.835+00:00 | main | INFO  | NatService | No NAT environment detected so no service could be started
2026-10-07 11:55:51.835+00:00 | main | INFO  | NetworkRunner | Starting Network.
2026-10-07 11:55:51.844+00:00 | nioEventLoopGroup-2-1 | INFO  | RlpxAgent | P2P RLPx agent started and listening on /[0:0:0:0:0:0:0:0]:30303.
2026-10-07 11:55:51.845+00:00 | main | INFO  | PeerDiscoveryAgent | Starting peer discovery agent on host=0.0.0.0, port=30303. IPv6 available.
2026-10-07 11:55:51.855+00:00 | vert.x-eventloop-thread-1 | INFO  | VertxPeerDiscoveryAgent | Started peer discovery agent successfully, on effective host=0:0:0:0:0:0:0:0%0 and port=30303
2026-10-07 11:55:51.857+00:00 | vert.x-eventloop-thread-1 | INFO  | PeerDiscoveryAgent | P2P peer discovery agent started and listening on /[0:0:0:0:0:0:0:0%0]:30303
2026-10-07 11:55:51.912+00:00 | vert.x-eventloop-thread-1 | INFO  | PeerDiscoveryAgent | Writing node record to disk. NodeRecord{seq=1, publicKey=0x022a83ebf2051f65d177d730b709a49b402f17a8cfcbb0130018abd36be1b316e3, udpAddress=Optional[/0.0.0.0:30303], tcpAddress=Optional[/0.0.0.0:30303], asBase64=-Je4QIcgOI_2y5Edbf71rLdazPoHu5NKJGovm15aDhQ5lE20A37US8GN1-NJzj1tQiTXFxDuH06zYsgj3Vg5gLxwrVQBg2V0aMfGhPw6_aaAgmlkgnY0gmlwhAAAAACJc2VjcDI1NmsxoQIqg-vyBR9l0XfXMLcJpJtALxeoz8uwEwAYq9Nr4bMW44N0Y3CCdl-DdWRwgnZf, nodeId=0xbf43397b8fe1ea6f7e678fbab6eb9c06825b0bdc5243f53a7adc36013c2ff3ba, customFields={tcp=30303, udp=30303, ip=0x00000000, eth=[[0xfc3afda6, 0x]], id=V4, secp256k1=0x022a83ebf2051f65d177d730b709a49b402f17a8cfcbb0130018abd36be1b316e3}}
2026-10-07 11:55:51.966+00:00 | main | INFO  | DefaultP2PNetwork | Enode URL enode://2a83ebf2051f65d177d730b709a49b402f17a8cfcbb0130018abd36be1b316e3a3ee49aef095149b832c975302a03f6ffbd872ce6748373b7d2a09e150229a1a@0.0.0.0:30303
2026-10-07 11:55:51.966+00:00 | main | INFO  | DefaultP2PNetwork | Node address 0xb6eb9c06825b0bdc5243f53a7adc36013c2ff3ba
2026-10-07 11:55:52.001+00:00 | main | INFO  | NetworkRunner | Supported capabilities: [eth/62, eth/63, eth/64, eth/65, eth/66, eth/67, eth/68], [istanbul/100], [snap/1]
2026-10-07 11:55:52.002+00:00 | main | INFO  | DefaultSynchronizer | Starting synchronizer.
2026-10-07 11:55:52.004+00:00 | main | INFO  | TransactionPoolFactory | Enabling transaction handling following initial sync
2026-10-07 11:55:52.004+00:00 | main | INFO  | QbftBesuControllerBuilder | Starting QBFT mining coordinator following initial sync
2026-10-07 11:55:52.015+00:00 | main | INFO  | FullSyncDownloader | Starting full sync.
2026-10-07 11:55:52.016+00:00 | main | INFO  | FullSyncTargetManager | Unable to find sync target. Currently checking 0 peers for usefulness
2026-10-07 11:55:52.026+00:00 | main | INFO  | Runner | Ethereum main loop is up.
2026-10-07 11:55:52.245+00:00 | nioEventLoopGroup-3-5 | INFO  | FullSyncTargetManager | Unable to find sync target. Currently checking 3 peers for usefulness
2026-10-07 11:55:52.248+00:00 | nioEventLoopGroup-3-8 | INFO  | FullSyncTargetManager | Unable to find sync target. Currently checking 5 peers for usefulness
2026-10-07 11:55:52.259+00:00 | nioEventLoopGroup-3-9 | INFO  | FullSyncTargetManager | Unable to find sync target. Currently checking 6 peers for usefulness
2026-10-07 11:55:52.283+00:00 | nioEventLoopGroup-3-8 | INFO  | FullSyncTargetManager | Unable to find sync target. Currently checking 8 peers for usefulness
2026-10-07 11:55:52.289+00:00 | nioEventLoopGroup-3-10 | INFO  | FullSyncTargetManager | Unable to find sync target. Currently checking 9 peers for usefulness
2026-10-07 11:55:52.298+00:00 | nioEventLoopGroup-3-1 | INFO  | FullSyncTargetManager | Unable to find sync target. Currently checking 10 peers for usefulness
2026-10-07 11:55:53.952+00:00 | nioEventLoopGroup-3-1 | INFO  | FullSyncTargetManager | Unable to find sync target. Currently checking 11 peers for usefulness
2026-10-07 11:55:56.238+00:00 | nioEventLoopGroup-3-4 | INFO  | FullSyncTargetManager | Unable to find sync target. Currently checking 12 peers for usefulness
2026-10-07 11:55:58.407+00:00 | nioEventLoopGroup-3-6 | INFO  | FullSyncTargetManager | Unable to find sync target. Currently checking 13 peers for usefulness
2026-10-07 11:56:00.242+00:00 | BftProcessorExecutor-QBFT-0 | INFO  | QbftRound | Importing proposed block to chain. round=ConsensusRoundIdentifier{Sequence=1, Round=1}, hash=0x9285d16bf8b745da641e82326132081fc98b82009133741fef7b3ecff4f8747b
2026-10-07 11:56:00.281+00:00 | BftProcessorExecutor-QBFT-0 | INFO  | QbftBesuControllerBuilder | Imported #1 / 0 tx / 0 pending / 0 (0.0%) gas / (0x9285d16bf8b745da641e82326132081fc98b82009133741fef7b3ecff4f8747b)
2026-10-07 11:56:01.381+00:00 | nioEventLoopGroup-3-8 | INFO  | FullSyncTargetManager | Unable to find sync target. Currently checking 14 peers for usefulness
2026-10-07 11:56:02.149+00:00 | BftProcessorExecutor-QBFT-0 | INFO  | QbftBesuControllerBuilder | Imported #2 / 0 tx / 0 pending / 0 (0.0%) gas / (0xe4d390419c1756f6dc78b0c44ca3744e42cf28ec6e49e53b8bb134d7bbd1c812)
2026-10-07 11:56:04.178+00:00 | BftProcessorExecutor-QBFT-0 | INFO  | QbftBesuControllerBuilder | Imported #3 / 0 tx / 0 pending / 0 (0.0%) gas / (0xa69f1fc72da5e4eb9450ef7ed4d2b32bd1ee4183c5297ac0f06a6e61cb5fb80b)
2026-10-07 11:56:04.183+00:00 | EthScheduler-Workers-0 | INFO  | PersistBlockTask | Block 3 (0xa69f1fc72da5e4eb9450ef7ed4d2b32bd1ee4183c5297ac0f06a6e61cb5fb80b) is already imported
2026-10-07 11:56:06.182+00:00 | EthScheduler-Workers-0 | INFO  | PersistBlockTask | Imported #4 / 0 tx / 0 om / 0 (0.0%) gas / (0x6c7a41cc4e93d2d0d23548d7d4be402e57f294f50c0f8e155a4db9f1b96ea348) in 0.004s. Peers: 14
2026-10-07 11:56:08.178+00:00 | BftProcessorExecutor-QBFT-0 | INFO  | QbftBesuControllerBuilder | Imported #5 / 0 tx / 1 pending / 0 (0.0%) gas / (0x1458e8afd3e0dd76ddf23b5cb3593efff8cdd7e1a9387693f59da81e5d8e9949)
2026-10-07 11:56:10.190+00:00 | EthScheduler-Workers-0 | INFO  | PersistBlockTask | Imported #6 / 0 tx / 0 om / 0 (0.0%) gas / (0x89a712122c9062f5782b947ec0fef872d98421eeb9501ec321f9185e7232396a) in 0.011s. Peers: 14
2026-10-07 11:56:12.184+00:00 | BftProcessorExecutor-QBFT-0 | INFO  | QbftBesuControllerBuilder | Imported #7 / 0 tx / 1 pending / 0 (0.0%) gas / (0x45b187b87149b420da0b0389c66c7a28f2bf90b15f2554b2b6ce12ebb0d7bc1a)
2026-10-07 11:56:14.140+00:00 | EthScheduler-Workers-0 | INFO  | PersistBlockTask | Imported #8 / 0 tx / 0 om / 0 (0.0%) gas / (0x0be4c41bb2cde20b3fbf64636aa3693b13dd9370cc668cd0864dd647dc5d314b) in 0.004s. Peers: 14
2026-10-07 11:56:16.182+00:00 | BftProcessorExecutor-QBFT-0 | INFO  | QbftBesuControllerBuilder | Imported #9 / 0 tx / 1 pending / 0 (0.0%) gas / (0x4396786b918144d6a0aec4f76dd246abf29734479b721f6dbe7349f7bf1038ac)
2026-10-07 11:56:18.174+00:00 | BftProcessorExecutor-QBFT-0 | INFO  | QbftBesuControllerBuilder | Produced #10 / 0 tx / 1 pending / 0 (0.0%) gas / (0x647978bb29f8bda99a20ac2e5af73b18063d7350488a12e01362182909c0857b)
2026-10-07 11:56:20.199+00:00 | EthScheduler-Workers-0 | INFO  | PersistBlockTask | Imported #11 / 0 tx / 0 om / 0 (0.0%) gas / (0x8453bceaedc73daa925af514802a6c610b2e8be174c0cf6a9fa4b5e447ee4cf3) in 0.006s. Peers: 14
2026-10-07 11:56:20.201+00:00 | BftProcessorExecutor-QBFT-0 | INFO  | QbftBesuControllerBuilder | Imported #11 / 0 tx / 1 pending / 0 (0.0%) gas / (0x8453bceaedc73daa925af514802a6c610b2e8be174c0cf6a9fa4b5e447ee4cf3)
2026-10-07 11:56:22.157+00:00 | BftProcessorExecutor-QBFT-0 | INFO  | QbftBesuControllerBuilder | Imported #12 / 0 tx / 1 pending / 0 (0.0%) gas / (0x018351d33cc76705f34f0fe397329ad9f6dbcc9492431240e417767ec406c670)
2026-10-07 11:56:24.216+00:00 | EthScheduler-Workers-0 | INFO  | PersistBlockTask | Block 13 (0xf597060f93371318180741034a1cc59944909f8b060b486baedeb7e4ab14f278) is already imported
2026-10-07 11:56:24.217+00:00 | BftProcessorExecutor-QBFT-0 | INFO  | QbftBesuControllerBuilder | Imported #13 / 0 tx / 1 pending / 0 (0.0%) gas / (0xf597060f93371318180741034a1cc59944909f8b060b486baedeb7e4ab14f278)
2026-10-07 11:56:26.238+00:00 | BftProcessorExecutor-QBFT-0 | INFO  | QbftBesuControllerBuilder | Imported #14 / 0 tx / 1 pending / 0 (0.0%) gas / (0xeb9726698b9f8e95bf4c7de5f4ecda1e6535e8d209575dc61050b7fe65fcc76f)
2026-10-07 11:56:28.237+00:00 | EthScheduler-Workers-0 | INFO  | PersistBlockTask | Block 15 (0xedb1608614fff13ea5135eecb930e812ca959dfbbb06c4eb55f90f2ade1072af) is already imported
2026-10-07 11:56:28.238+00:00 | BftProcessorExecutor-QBFT-0 | INFO  | QbftBesuControllerBuilder | Imported #15 / 1 tx / 0 pending / 465,218 (0.0%) gas / (0xedb1608614fff13ea5135eecb930e812ca959dfbbb06c4eb55f90f2ade1072af)
2026-10-07 11:56:30.072+00:00 | BftProcessorExecutor-QBFT-0 | INFO  | QbftBesuControllerBuilder | Imported #16 / 0 tx / 1 pending / 0 (0.0%) gas / (0x1e43b1d9985e2e85b7ba39bd8d9eaa676d3e5779f413eb810e8c7e3164f47add)
2026-10-07 11:56:32.076+00:00 | EthScheduler-Workers-0 | INFO  | PersistBlockTask | Block 17 (0x18829ceb4f9facb6d795740271e5cd0e3ea69d1223efde149cc818d75d12c98f) is already imported
2026-10-07 11:56:32.077+00:00 | BftProcessorExecutor-QBFT-0 | INFO  | QbftBesuControllerBuilder | Imported #17 / 0 tx / 1 pending / 0 (0.0%) gas / (0x18829ceb4f9facb6d795740271e5cd0e3ea69d1223efde149cc818d75d12c98f)
2026-10-07 11:56:34.080+00:00 | BftProcessorExecutor-QBFT-0 | INFO  | QbftBesuControllerBuilder | Imported #18 / 0 tx / 1 pending / 0 (0.0%) gas / (0x7d83ae191d04ba0eee077e877254fb78a8082d3ec53bd4a8cf44cf022c0dcd68)
2026-10-07 11:56:36.110+00:00 | BftProcessorExecutor-QBFT-0 | INFO  | QbftBesuControllerBuilder | Imported #19 / 0 tx / 1 pending / 0 (0.0%) gas / (0xfeb675123aef6f8689ccf2cb20f55977df5424fbe9bb8332d032e2010553a4c6)
2026-10-07 11:56:36.110+00:00 | EthScheduler-Workers-0 | INFO  | PersistBlockTask | Block 19 (0xfeb675123aef6f8689ccf2cb20f55977df5424fbe9bb8332d032e2010553a4c6) is already imported
2026-10-07 11:56:38.106+00:00 | BftProcessorExecutor-QBFT-0 | INFO  | QbftBesuControllerBuilder | Imported #20 / 0 tx / 1 pending / 0 (0.0%) gas / (0x38fb5414d027c31054678fddb7dfb1c57793e82590cc225185cd91d7b551fbb9)
2026-10-07 11:56:40.089+00:00 | BftProcessorExecutor-QBFT-0 | INFO  | QbftBesuControllerBuilder | Imported #21 / 0 tx / 1 pending / 0 (0.0%) gas / (0x60489d726be78a1d4c2db66783db1f1b14bae49009b652bcbb91fb0080570c1d)
2026-10-07 11:56:42.061+00:00 | BftProcessorExecutor-QBFT-0 | INFO  | QbftBesuControllerBuilder | Imported #22 / 0 tx / 1 pending / 0 (0.0%) gas / (0x7fcdda9c749becaa9813e2186fc72c8b8d09664b11fca00ef0b26009ded1070d)
2026-10-07 11:56:44.103+00:00 | EthScheduler-Workers-0 | INFO  | PersistBlockTask | Imported #23 / 0 tx / 0 om / 0 (0.0%) gas / (0x958d56e1c1c90cf689042459f30149a179fcb593aad753cf742b381640b4d539) in 0.002s. Peers: 14
2026-10-07 11:56:44.104+00:00 | BftProcessorExecutor-QBFT-0 | INFO  | QbftBesuControllerBuilder | Imported #23 / 0 tx / 1 pending / 0 (0.0%) gas / (0x958d56e1c1c90cf689042459f30149a179fcb593aad753cf742b381640b4d539)
2026-10-07 11:56:46.075+00:00 | BftProcessorExecutor-QBFT-0 | INFO  | QbftBesuControllerBuilder | Imported #24 / 0 tx / 1 pending / 0 (0.0%) gas / (0xd34bb0f82d0252e03955ca7b2fbdd9356e3e1da8514e543c86bc241f21860eb3)
2026-10-07 11:56:48.099+00:00 | EthScheduler-Workers-0 | INFO  | PersistBlockTask | Block 25 (0x7928b1d6435610dbad8cc24eee5611b35791c06a64f990c91dc69f3e95a8a470) is already imported
2026-10-07 11:56:48.099+00:00 | BftProcessorExecutor-QBFT-0 | INFO  | QbftBesuControllerBuilder | Produced #25 / 0 tx / 1 pending / 0 (0.0%) gas / (0x7928b1d6435610dbad8cc24eee5611b35791c06a64f990c91dc69f3e95a8a470)
2026-10-07 11:56:50.077+00:00 | BftProcessorExecutor-QBFT-0 | INFO  | QbftBesuControllerBuilder | Imported #26 / 0 tx / 1 pending / 0 (0.0%) gas / (0xa81260913af24ea23bbcb9eb86833b3d0680d875911aa649853daa6d045b5c51)
2026-10-07 11:56:50.077+00:00 | EthScheduler-Workers-0 | INFO  | PersistBlockTask | Block 26 (0xa81260913af24ea23bbcb9eb86833b3d0680d875911aa649853daa6d045b5c51) is already imported
2026-10-07 11:56:52.072+00:00 | BftProcessorExecutor-QBFT-0 | INFO  | QbftBesuControllerBuilder | Imported #27 / 0 tx / 1 pending / 0 (0.0%) gas / (0xf43f64085813380cb6879e03157660d89a68407055745c36187f9b5542dd2923)
2026-10-07 11:56:54.079+00:00 | BftProcessorExecutor-QBFT-0 | INFO  | QbftBesuControllerBuilder | Imported #28 / 0 tx / 1 pending / 0 (0.0%) gas / (0xbbed4cecadfe2997fd91df7c6978c4a48be16ab51ef6a59b19c7ccb661c1f59e)
2026-10-07 11:56:56.080+00:00 | EthScheduler-Workers-0 | INFO  | PersistBlockTask | Block 29 (0xba2a3d211aaff30bccdfdaa60deef91822377d9fcad05c57e14a3e8cb6caa655) is already imported
2026-10-07 11:56:56.080+00:00 | BftProcessorExecutor-QBFT-0 | INFO  | QbftBesuControllerBuilder | Imported #29 / 0 tx / 1 pending / 0 (0.0%) gas / (0xba2a3d211aaff30bccdfdaa60deef91822377d9fcad05c57e14a3e8cb6caa655)
2026-10-07 11:56:58.175+00:00 | BftProcessorExecutor-QBFT-0 | INFO  | QbftBesuControllerBuilder | Imported #30 / 1 tx / 0 pending / 1,832,981 (0.0%) gas / (0xbf6a961a3c75cab4c9470078ed43c3a1e450b1d2854f59434eef1c9f038ea5db)
2026-10-07 11:57:00.073+00:00 | BftProcessorExecutor-QBFT-0 | INFO  | QbftBesuControllerBuilder | Imported #31 / 0 tx / 0 pending / 0 (0.0%) gas / (0xfdd247c739b75db515dae80c0b62949853765b2ceb62284641fe241615be7032)
2026-10-07 11:57:02.109+00:00 | EthScheduler-Workers-0 | INFO  | PersistBlockTask | Imported #32 / 0 tx / 0 om / 0 (0.0%) gas / (0xec2ed391536e6960ff9f95afbbf6884a33dfe0ad134723c4fedeadad2b94bab6) in 0.004s. Peers: 14
2026-10-07 11:57:02.109+00:00 | BftProcessorExecutor-QBFT-0 | INFO  | QbftBesuControllerBuilder | Imported #32 / 0 tx / 0 pending / 0 (0.0%) gas / (0xec2ed391536e6960ff9f95afbbf6884a33dfe0ad134723c4fedeadad2b94bab6)
2026-10-07 11:57:04.094+00:00 | BftProcessorExecutor-QBFT-0 | INFO  | QbftBesuControllerBuilder | Imported #33 / 0 tx / 0 pending / 0 (0.0%) gas / (0x2de43bd069744c6b9008d15a563b254e8a9f25d2a408456484d88081b224d983)
2026-10-07 11:57:06.107+00:00 | BftProcessorExecutor-QBFT-0 | INFO  | QbftBesuControllerBuilder | Imported #34 / 0 tx / 0 pending / 0 (0.0%) gas / (0x1358a3f070de1758a6e0f92424537fe27a1e7749921290e0bf2b9a89d8a010c0)
2026-10-07 11:57:08.107+00:00 | BftProcessorExecutor-QBFT-0 | INFO  | QbftBesuControllerBuilder | Imported #35 / 0 tx / 0 pending / 0 (0.0%) gas / (0x769e3625c7946bd2436f481c663a6660ba119e273a45f3aa321c5d66b4339ddb)
2026-10-07 11:57:10.105+00:00 | BftProcessorExecutor-QBFT-0 | INFO  | QbftBesuControllerBuilder | Imported #36 / 0 tx / 0 pending / 0 (0.0%) gas / (0x0a254e0619ce7b4d9bcab69973db94f3385e0c2160668840b9414aa78578853e)
2026-10-07 11:57:12.100+00:00 | BftProcessorExecutor-QBFT-0 | INFO  | QbftBesuControllerBuilder | Imported #37 / 0 tx / 0 pending / 0 (0.0%) gas / (0x3fb9c13c44e6529186cd7a71518755dfaa14d53783d47fe440ceb5055440674e)
2026-10-07 11:57:14.105+00:00 | BftProcessorExecutor-QBFT-0 | INFO  | QbftBesuControllerBuilder | Imported #38 / 0 tx / 0 pending / 0 (0.0%) gas / (0x9a72bc0e066a307109f4d99777e161e817ac0a5c0e0852b527246efdc4ae02f7)
2026-10-07 11:57:16.101+00:00 | BftProcessorExecutor-QBFT-0 | INFO  | QbftBesuControllerBuilder | Imported #39 / 0 tx / 0 pending / 0 (0.0%) gas / (0xeac64cc69eccde298191cccc354012baa2492153ac0d97795743178862655ec3)
2026-10-07 11:57:18.105+00:00 | BftProcessorExecutor-QBFT-0 | INFO  | QbftBesuControllerBuilder | Produced #40 / 0 tx / 0 pending / 0 (0.0%) gas / (0x3bd06a99a0fcb5e440b0445c0316842aa7a2ce2c4cb4b3659c128749e5d2299c)
2026-10-07 11:57:20.101+00:00 | BftProcessorExecutor-QBFT-0 | INFO  | QbftBesuControllerBuilder | Imported #41 / 0 tx / 0 pending / 0 (0.0%) gas / (0x64a20b19a9a71c752742874d067e6ac92837357b34015e296c6a4f16251ce752)
2026-10-07 11:57:22.100+00:00 | EthScheduler-Workers-0 | INFO  | PersistBlockTask | Block 42 (0x2803d9627df1d39b87bb1db08e946a310663570304abe0fcf637cc6796eccbb1) is already imported
2026-10-07 11:57:22.100+00:00 | BftProcessorExecutor-QBFT-0 | INFO  | QbftBesuControllerBuilder | Imported #42 / 0 tx / 0 pending / 0 (0.0%) gas / (0x2803d9627df1d39b87bb1db08e946a310663570304abe0fcf637cc6796eccbb1)
2026-10-07 11:57:24.091+00:00 | BftProcessorExecutor-QBFT-0 | INFO  | QbftBesuControllerBuilder | Imported #43 / 0 tx / 0 pending / 0 (0.0%) gas / (0xa9f8577b85e87c1806bf7404ccc2ec04376d7f651289aa0417c9b735748315fc)
2026-10-07 11:57:26.154+00:00 | EthScheduler-Workers-0 | INFO  | PersistBlockTask | Block 44 (0xe9faf640c93c6969291ee306c619db89266e369ab8f634d60ef1e05af2aee59f) is already imported
2026-10-07 11:57:26.154+00:00 | BftProcessorExecutor-QBFT-0 | INFO  | QbftBesuControllerBuilder | Imported #44 / 0 tx / 0 pending / 0 (0.0%) gas / (0xe9faf640c93c6969291ee306c619db89266e369ab8f634d60ef1e05af2aee59f)
2026-10-07 11:57:28.091+00:00 | BftProcessorExecutor-QBFT-0 | INFO  | QbftBesuControllerBuilder | Imported #45 / 0 tx / 0 pending / 0 (0.0%) gas / (0x2954a94a71e00c0fb3610443179d3f0e84c44abc5a6f569c1addda780dfdf995)
2026-10-07 11:57:30.866+00:00 | BftProcessorExecutor-QBFT-0 | INFO  | QbftBesuControllerBuilder | Imported #46 / 35 tx / 477 pending / 8,468,950 (0.0%) gas / (0x4a2befef4c79a6cf0975195e199389b034d471c5b9bfa6b2b95835161211c40e)
2026-10-07 11:57:32.793+00:00 | EthScheduler-Workers-0 | INFO  | PersistBlockTask | Block 47 (0x6874e22dea08dc20db74ac9bc441ffce46c81d3c3711a54f09af33ad5c3f7f87) is already imported
2026-10-07 11:57:32.794+00:00 | BftProcessorExecutor-QBFT-0 | INFO  | QbftBesuControllerBuilder | Imported #47 / 34 tx / 443 pending / 8,226,980 (0.0%) gas / (0x6874e22dea08dc20db74ac9bc441ffce46c81d3c3711a54f09af33ad5c3f7f87)
2026-10-07 11:57:34.732+00:00 | BftProcessorExecutor-QBFT-0 | INFO  | QbftBesuControllerBuilder | Imported #48 / 34 tx / 409 pending / 8,226,980 (0.0%) gas / (0xa9a455fffd40f947673d669530929077ea0f0daa95e6b7d6a5a91d5eb09d9b06)
2026-10-07 11:57:36.702+00:00 | BftProcessorExecutor-QBFT-0 | INFO  | QbftBesuControllerBuilder | Imported #49 / 34 tx / 375 pending / 8,226,980 (0.0%) gas / (0x2582044e3314e15c1f559ad96e92b0b73ed3d90f52ce0f3523e5a79b16ca39a4)
2026-10-07 11:57:38.744+00:00 | BftProcessorExecutor-QBFT-0 | INFO  | QbftBesuControllerBuilder | Imported #50 / 34 tx / 341 pending / 8,226,980 (0.0%) gas / (0xa13eaaaf7722dcd44e907084fb6c5faf5e8c6fff0796f6431979c5d4c35e7c8c)
2026-10-07 11:57:40.680+00:00 | EthScheduler-Workers-0 | INFO  | PersistBlockTask | Block 51 (0x65892fc5f84972f35dfd112894c1b57237ed8ce061b724e8bda504c594735680) is already imported
2026-10-07 11:57:40.681+00:00 | BftProcessorExecutor-QBFT-0 | INFO  | QbftBesuControllerBuilder | Imported #51 / 34 tx / 307 pending / 8,226,980 (0.0%) gas / (0x65892fc5f84972f35dfd112894c1b57237ed8ce061b724e8bda504c594735680)
2026-10-07 11:57:42.664+00:00 | BftProcessorExecutor-QBFT-0 | INFO  | QbftBesuControllerBuilder | Imported #52 / 34 tx / 273 pending / 8,226,980 (0.0%) gas / (0x70b74d4d1ecb5663dd1b320673e1f0a42fe1f59e399a76cba4d52a90ac2b0fb9)
2026-10-07 11:57:44.698+00:00 | BftProcessorExecutor-QBFT-0 | INFO  | QbftBesuControllerBuilder | Imported #53 / 34 tx / 239 pending / 8,226,980 (0.0%) gas / (0xd397a769fc72280447156cb68c2a633e81de412d85d18fec2fac4f6e36e0ec2a)
2026-10-07 11:57:46.697+00:00 | EthScheduler-Workers-0 | INFO  | PersistBlockTask | Block 54 (0x6b1ca1c9d2f44e2cce57a40f00cef1f3d3ed14e2c8c5d2a0c9b1acc34e7df2f3) is already imported
2026-10-07 11:57:46.700+00:00 | BftProcessorExecutor-QBFT-0 | INFO  | QbftBesuControllerBuilder | Imported #54 / 34 tx / 205 pending / 8,226,980 (0.0%) gas / (0x6b1ca1c9d2f44e2cce57a40f00cef1f3d3ed14e2c8c5d2a0c9b1acc34e7df2f3)
2026-10-07 11:57:48.737+00:00 | EthScheduler-Workers-0 | INFO  | PersistBlockTask | Block 55 (0x86bd505348539663b5227ecca7edf2a3217c8b567b312a4faa1afd8b7deb3ca1) is already imported
2026-10-07 11:57:48.741+00:00 | BftProcessorExecutor-QBFT-0 | INFO  | QbftBesuControllerBuilder | Produced #55 / 34 tx / 171 pending / 8,226,980 (0.0%) gas / (0x86bd505348539663b5227ecca7edf2a3217c8b567b312a4faa1afd8b7deb3ca1)
2026-10-07 11:57:50.660+00:00 | BftProcessorExecutor-QBFT-0 | INFO  | QbftBesuControllerBuilder | Imported #56 / 34 tx / 137 pending / 8,226,980 (0.0%) gas / (0x63d72fcae4e58b4388c0b37796c3789690fbf842d9115760822aa11ff9530452)
2026-10-07 11:57:52.665+00:00 | BftProcessorExecutor-QBFT-0 | INFO  | QbftBesuControllerBuilder | Imported #57 / 34 tx / 103 pending / 8,226,980 (0.0%) gas / (0xd1318259ad9155ca68da7b7d06044cd2e579371183fe76fd1b7b1652864b21c2)
2026-10-07 11:57:54.657+00:00 | BftProcessorExecutor-QBFT-0 | INFO  | QbftBesuControllerBuilder | Imported #58 / 34 tx / 69 pending / 8,226,980 (0.0%) gas / (0x493e2996bdf05b7f0a78916c8f86deb7d143d9b635e9aca68582f1ec1a7a9bc2)
2026-10-07 11:57:56.736+00:00 | BftProcessorExecutor-QBFT-0 | INFO  | QbftBesuControllerBuilder | Imported #59 / 34 tx / 35 pending / 8,226,980 (0.0%) gas / (0xc1eb6bb3d4d71769030e775289560a786d228dc731fa512ca4d00a106b261692)
2026-10-07 11:57:58.703+00:00 | BftProcessorExecutor-QBFT-0 | INFO  | QbftBesuControllerBuilder | Imported #60 / 35 tx / 0 pending / 8,468,950 (0.0%) gas / (0x9e35f0627d28e700f07ce9cb43b91d00053627524d21bb03a0f144ed2801a874)
2026-10-07 11:58:00.075+00:00 | BftProcessorExecutor-QBFT-0 | INFO  | QbftBesuControllerBuilder | Imported #61 / 0 tx / 0 pending / 0 (0.0%) gas / (0xff85f93e409c0b101798317aab0bff873a069e936505ffb5e7abd1d0da31ad37)
2026-10-07 11:58:02.094+00:00 | BftProcessorExecutor-QBFT-0 | INFO  | QbftBesuControllerBuilder | Imported #62 / 0 tx / 0 pending / 0 (0.0%) gas / (0x4cd59999790946b2dc4f93fb4462e44deb551492671585b98c52e358809f022a)
2026-10-07 11:58:04.061+00:00 | BftProcessorExecutor-QBFT-0 | INFO  | QbftBesuControllerBuilder | Imported #63 / 0 tx / 0 pending / 0 (0.0%) gas / (0x8fa44b515b996782166d02b3c49bbe42757e52b73c69d13c55189f2ee0ca5157)
2026-10-07 11:58:06.096+00:00 | EthScheduler-Workers-0 | INFO  | PersistBlockTask | Block 64 (0x847976917385520938ffd9bc0687ef3946d4f31195833a6b1b2a5ab25bf2facb) is already imported
2026-10-07 11:58:06.096+00:00 | BftProcessorExecutor-QBFT-0 | INFO  | QbftBesuControllerBuilder | Imported #64 / 0 tx / 0 pending / 0 (0.0%) gas / (0x847976917385520938ffd9bc0687ef3946d4f31195833a6b1b2a5ab25bf2facb)
2026-10-07 11:58:08.089+00:00 | BftProcessorExecutor-QBFT-0 | INFO  | QbftBesuControllerBuilder | Imported #65 / 0 tx / 0 pending / 0 (0.0%) gas / (0xbf0b0401a8dd9440313e514124af9d15a2ea0620ea4dae3c3d6fd5c710a56d3b)
2026-10-07 11:58:10.129+00:00 | BftProcessorExecutor-QBFT-0 | INFO  | QbftBesuControllerBuilder | Imported #66 / 1 tx / 7 pending / 153,618 (0.0%) gas / (0xc4e99b1b932a58b2dbb29706c5986357ebc6098d2a2bda10ab93afe4bba0e4bf)
2026-10-07 11:58:12.095+00:00 | BftProcessorExecutor-QBFT-0 | INFO  | QbftBesuControllerBuilder | Imported #67 / 1 tx / 6 pending / 153,618 (0.0%) gas / (0x5766f8003f37f2f75d2dfa814181d1496b4dff565a7cfae4397c0eb15aa921f3)
2026-10-07 11:58:14.095+00:00 | EthScheduler-Workers-0 | INFO  | PersistBlockTask | Block 68 (0x254eb3917f682a68a66367eaa5b452e057338a5230c50152c12555ac1309f1fe) is already imported
2026-10-07 11:58:14.096+00:00 | BftProcessorExecutor-QBFT-0 | INFO  | QbftBesuControllerBuilder | Imported #68 / 0 tx / 6 pending / 0 (0.0%) gas / (0x254eb3917f682a68a66367eaa5b452e057338a5230c50152c12555ac1309f1fe)
2026-10-07 11:58:16.095+00:00 | BftProcessorExecutor-QBFT-0 | INFO  | QbftBesuControllerBuilder | Imported #69 / 0 tx / 6 pending / 0 (0.0%) gas / (0xf4d703271028300de1c568b0a703eccc295613d3fdf7bc6380c9cdd96fd90aa4)
2026-10-07 11:58:18.097+00:00 | EthScheduler-Workers-0 | INFO  | PersistBlockTask | Block 70 (0xedb3309b7b86cb69f05f5dd0f92ee85fa68282f93e7305b88893109e3310bc56) is already imported
2026-10-07 11:58:18.097+00:00 | BftProcessorExecutor-QBFT-0 | INFO  | QbftBesuControllerBuilder | Produced #70 / 0 tx / 6 pending / 0 (0.0%) gas / (0xedb3309b7b86cb69f05f5dd0f92ee85fa68282f93e7305b88893109e3310bc56)
2026-10-07 11:58:20.106+00:00 | BftProcessorExecutor-QBFT-0 | INFO  | QbftBesuControllerBuilder | Imported #71 / 0 tx / 6 pending / 0 (0.0%) gas / (0x85c4507d2304447d4df2e446dcec1bbcca544843634f46e34b94d6bb0fc742b8)
2026-10-07 11:58:22.095+00:00 | BftProcessorExecutor-QBFT-0 | INFO  | QbftBesuControllerBuilder | Imported #72 / 0 tx / 6 pending / 0 (0.0%) gas / (0x893b0dc08c2c98c1565b384d7fcfc9d7a15b005d5de3fc4f549c003552b2c735)
2026-10-07 11:58:24.089+00:00 | BftProcessorExecutor-QBFT-0 | INFO  | QbftBesuControllerBuilder | Imported #73 / 0 tx / 6 pending / 0 (0.0%) gas / (0xa87430a02ad6e36ebf57580b5dbc81d70fceeabc9acccdd053f738b0ea7ec850)
2026-10-07 11:58:26.106+00:00 | BftProcessorExecutor-QBFT-0 | INFO  | QbftBesuControllerBuilder | Imported #74 / 0 tx / 6 pending / 0 (0.0%) gas / (0x072d7c167295934418f144e9a8c17043f08f57bc44eac47c721cbdce536469a3)
2026-10-07 11:58:28.110+00:00 | BftProcessorExecutor-QBFT-0 | INFO  | QbftBesuControllerBuilder | Imported #75 / 1 tx / 5 pending / 153,618 (0.0%) gas / (0xfa40d54b7d00508d0be647f28defedbb55ab6397f286412b4071fd9603b38616)
2026-10-07 11:58:30.099+00:00 | BftProcessorExecutor-QBFT-0 | INFO  | QbftBesuControllerBuilder | Imported #76 / 1 tx / 4 pending / 153,630 (0.0%) gas / (0xda60d32f597315e7c8368721fc10b13a358ea6928f36e21d4adcd221491ad528)
2026-10-07 11:58:30.099+00:00 | EthScheduler-Workers-0 | INFO  | PersistBlockTask | Block 76 (0xda60d32f597315e7c8368721fc10b13a358ea6928f36e21d4adcd221491ad528) is already imported
2026-10-07 11:58:32.096+00:00 | BftProcessorExecutor-QBFT-0 | INFO  | QbftBesuControllerBuilder | Imported #77 / 1 tx / 3 pending / 153,650 (0.0%) gas / (0x4533f5b87d5156f2c7e3bbbda246c0c0b0b5c36127c94fdfb48b1f04bf82e2a9)
2026-10-07 11:58:34.109+00:00 | BftProcessorExecutor-QBFT-0 | INFO  | QbftBesuControllerBuilder | Imported #78 / 1 tx / 2 pending / 153,638 (0.0%) gas / (0xb94f3cd13ceae0042faf3e39d2e75a6ad557e45db9b9238eaf0b75da78bb129c)
2026-10-07 11:58:36.114+00:00 | BftProcessorExecutor-QBFT-0 | INFO  | QbftBesuControllerBuilder | Imported #79 / 1 tx / 1 pending / 153,638 (0.0%) gas / (0xf909fca638dffb1afe359f1ea2788d09cef3012fb0bb8f4c4a0d4690345ea4a3)
2026-10-07 11:58:38.117+00:00 | BftProcessorExecutor-QBFT-0 | INFO  | QbftBesuControllerBuilder | Imported #80 / 1 tx / 0 pending / 153,618 (0.0%) gas / (0xbabb3aac8b016c02eb260061d913745ea8fd51b747e32733d403975127677fa5)
2026-10-07 11:58:40.083+00:00 | BftProcessorExecutor-QBFT-0 | INFO  | QbftBesuControllerBuilder | Imported #81 / 0 tx / 0 pending / 0 (0.0%) gas / (0xf711d8cc215b401d097b81d1bd5fc8e9153c11aa7be443f6f2563f348fa8d0a3)
2026-10-07 11:58:42.479+00:00 | EthScheduler-Workers-0 | INFO  | PersistBlockTask | Block 82 (0x1356a09f8cf09145455d21253268723a3015aa7a831746d380cbd83b4705b1d9) is already imported
2026-10-07 11:58:42.480+00:00 | BftProcessorExecutor-QBFT-0 | INFO  | QbftBesuControllerBuilder | Imported #82 / 21 tx / 487 pending / 5,081,370 (0.0%) gas / (0x1356a09f8cf09145455d21253268723a3015aa7a831746d380cbd83b4705b1d9)
2026-10-07 11:58:44.684+00:00 | BftProcessorExecutor-QBFT-0 | INFO  | QbftBesuControllerBuilder | Imported #83 / 34 tx / 457 pending / 8,226,980 (0.0%) gas / (0x90affc21febf605bc5970c127c185f5a21dab02a2ee8410fe4e008709b8b940e)
2026-10-07 11:58:46.587+00:00 | BftProcessorExecutor-QBFT-0 | INFO  | QbftBesuControllerBuilder | Imported #84 / 34 tx / 423 pending / 8,226,980 (0.0%) gas / (0x7bfe555dec433caa6ddde5b068dc0d849d2585200338ff11e6d06feb3c351974)
2026-10-07 11:58:48.579+00:00 | BftProcessorExecutor-QBFT-0 | INFO  | QbftBesuControllerBuilder | Produced #85 / 34 tx / 389 pending / 8,226,980 (0.0%) gas / (0x29625b921d7754dec1706c33db5b460fa79d5a3351fd9dfc65a28369c969c83e)
2026-10-07 11:58:50.674+00:00 | EthScheduler-Workers-0 | INFO  | PersistBlockTask | Block 86 (0x62da3b1da93bbda6d8a834f3c31401a87cef845c5865b5e7dc5b1f0d911c2bce) is already imported
2026-10-07 11:58:50.675+00:00 | BftProcessorExecutor-QBFT-0 | INFO  | QbftBesuControllerBuilder | Imported #86 / 34 tx / 355 pending / 8,226,980 (0.0%) gas / (0x62da3b1da93bbda6d8a834f3c31401a87cef845c5865b5e7dc5b1f0d911c2bce)
2026-10-07 11:58:52.614+00:00 | BftProcessorExecutor-QBFT-0 | INFO  | QbftBesuControllerBuilder | Imported #87 / 34 tx / 321 pending / 8,226,980 (0.0%) gas / (0x8f326fdd81b203f726700a5c1509115bea60df596780293f732d5e79943476a7)
2026-10-07 11:58:54.563+00:00 | BftProcessorExecutor-QBFT-0 | INFO  | QbftBesuControllerBuilder | Imported #88 / 34 tx / 287 pending / 8,226,980 (0.0%) gas / (0x84ac52d0e9481237ea5e490cd0dd3290e0d8d535d3c35f0f7e7c8ec1701ca7ae)
2026-10-07 11:58:56.595+00:00 | EthScheduler-Workers-0 | INFO  | PersistBlockTask | Block 89 (0xe0a4d79d2eba27fe250773dc6c156c3a7b68756d3cb23fb7d328ae1b4b46fb04) is already imported
2026-10-07 11:58:56.596+00:00 | BftProcessorExecutor-QBFT-0 | INFO  | QbftBesuControllerBuilder | Imported #89 / 34 tx / 253 pending / 8,226,980 (0.0%) gas / (0xe0a4d79d2eba27fe250773dc6c156c3a7b68756d3cb23fb7d328ae1b4b46fb04)
2026-10-07 11:58:58.614+00:00 | BftProcessorExecutor-QBFT-0 | INFO  | QbftBesuControllerBuilder | Imported #90 / 35 tx / 218 pending / 8,468,950 (0.0%) gas / (0xbe8d9fd3a8ee708d14a2633492fc59309912842fcb4d67bcf56b1a94c1700409)
2026-10-07 11:59:00.617+00:00 | BftProcessorExecutor-QBFT-0 | INFO  | QbftBesuControllerBuilder | Imported #91 / 35 tx / 183 pending / 8,468,950 (0.0%) gas / (0x8aec1b188020672320d6b2673584728d68f6b4da5f8b949aafd2a8b5b94fec3c)
2026-10-07 11:59:02.680+00:00 | EthScheduler-Workers-0 | INFO  | PersistBlockTask | Block 92 (0x8d9a48f288182d6c7ecae48a987fb9fc0da303cd883e8df2ac426046fadfb524) is already imported
2026-10-07 11:59:02.681+00:00 | BftProcessorExecutor-QBFT-0 | INFO  | QbftBesuControllerBuilder | Imported #92 / 34 tx / 149 pending / 8,226,980 (0.0%) gas / (0x8d9a48f288182d6c7ecae48a987fb9fc0da303cd883e8df2ac426046fadfb524)
2026-10-07 11:59:04.576+00:00 | BftProcessorExecutor-QBFT-0 | INFO  | QbftBesuControllerBuilder | Imported #93 / 34 tx / 115 pending / 8,226,980 (0.0%) gas / (0x5057e24a7655b6c5a8e6e86b920eb51b1f5938d8de69874619c5259c3bf94963)
2026-10-07 11:59:06.668+00:00 | BftProcessorExecutor-QBFT-0 | INFO  | QbftBesuControllerBuilder | Imported #94 / 34 tx / 81 pending / 8,226,980 (0.0%) gas / (0x191572e58f7b82f1eedfd21a6a36e1a68a4ed4becf05400c6e298c81a0460709)
2026-10-07 11:59:08.708+00:00 | BftProcessorExecutor-QBFT-0 | INFO  | QbftBesuControllerBuilder | Imported #95 / 34 tx / 47 pending / 8,226,980 (0.0%) gas / (0xe9b00fc7d314b52547ffb10c7cf5aeedc4b1c140fbdbb96f33846f3412b86a0d)
2026-10-07 11:59:10.638+00:00 | EthScheduler-Workers-0 | INFO  | PersistBlockTask | Block 96 (0x569fd88af6ab4a3a9155456324daf0573217462b3b2dbc40dac678c792f9b40e) is already imported
2026-10-07 11:59:10.639+00:00 | BftProcessorExecutor-QBFT-0 | INFO  | QbftBesuControllerBuilder | Imported #96 / 34 tx / 13 pending / 8,226,980 (0.0%) gas / (0x569fd88af6ab4a3a9155456324daf0573217462b3b2dbc40dac678c792f9b40e)
2026-10-07 11:59:12.318+00:00 | EthScheduler-Workers-0 | INFO  | PersistBlockTask | Block 97 (0x2b7cca5199879a1b43f7ff7ddfe0956f6353be564809e850b08644894c3ed819) is already imported
2026-10-07 11:59:12.318+00:00 | BftProcessorExecutor-QBFT-0 | INFO  | QbftBesuControllerBuilder | Imported #97 / 13 tx / 0 pending / 3,145,610 (0.0%) gas / (0x2b7cca5199879a1b43f7ff7ddfe0956f6353be564809e850b08644894c3ed819)
2026-10-07 11:59:14.076+00:00 | BftProcessorExecutor-QBFT-0 | INFO  | QbftBesuControllerBuilder | Imported #98 / 0 tx / 0 pending / 0 (0.0%) gas / (0x88ccc8ae4c0d25c87af66151a12c1cd33d424bd3d3cd7278724e30dab76cc112)
2026-10-07 11:59:16.095+00:00 | BftProcessorExecutor-QBFT-0 | INFO  | QbftBesuControllerBuilder | Imported #99 / 0 tx / 0 pending / 0 (0.0%) gas / (0x783c4f7c02e0e7d66cec9dfdad086ab97982062419c8771f20c83077e705e86d)
2026-10-07 11:59:18.103+00:00 | EthScheduler-Workers-0 | INFO  | PersistBlockTask | Block 100 (0x68cab1025b064908e9335c1d32490d84a7f3505998d01ea62d48099bf7358365) is already imported
2026-10-07 11:59:18.103+00:00 | BftProcessorExecutor-QBFT-0 | INFO  | QbftBesuControllerBuilder | Produced #100 / 0 tx / 0 pending / 0 (0.0%) gas / (0x68cab1025b064908e9335c1d32490d84a7f3505998d01ea62d48099bf7358365)
2026-10-07 11:59:20.083+00:00 | EthScheduler-Workers-0 | INFO  | PersistBlockTask | Block 101 (0x5b9b946ba4dd736d993549a1661171413db2e5877821889d88d039940c8a5252) is already imported
2026-10-07 11:59:20.083+00:00 | BftProcessorExecutor-QBFT-0 | INFO  | QbftBesuControllerBuilder | Imported #101 / 0 tx / 0 pending / 0 (0.0%) gas / (0x5b9b946ba4dd736d993549a1661171413db2e5877821889d88d039940c8a5252)
2026-10-07 11:59:22.078+00:00 | BftProcessorExecutor-QBFT-0 | INFO  | QbftBesuControllerBuilder | Imported #102 / 0 tx / 0 pending / 0 (0.0%) gas / (0xb2708ade1ac649e2aefdbf9ed3be63a0e0deb574c05ed3ef977f430a853aa4ed)
2026-10-07 11:59:24.094+00:00 | BftProcessorExecutor-QBFT-0 | INFO  | QbftBesuControllerBuilder | Imported #103 / 0 tx / 8 pending / 0 (0.0%) gas / (0x0a89fcc74f35c9d15ef32d6b8564486030c1a4b5de6b896a19bd583098972ab1)
2026-10-07 11:59:26.083+00:00 | BftProcessorExecutor-QBFT-0 | INFO  | QbftBesuControllerBuilder | Imported #104 / 0 tx / 8 pending / 0 (0.0%) gas / (0x08af6461361e7386fc3bc19ce56ea06011b2743986aae6eb542bc2348e79c2fe)
2026-10-07 11:59:28.113+00:00 | BftProcessorExecutor-QBFT-0 | INFO  | QbftBesuControllerBuilder | Imported #105 / 1 tx / 7 pending / 153,630 (0.0%) gas / (0x54c5724ac1d9c9c3cc21bbf4409731f3d45fec120806cc9991c31bffaf71955b)
2026-10-07 11:59:30.123+00:00 | BftProcessorExecutor-QBFT-0 | INFO  | QbftBesuControllerBuilder | Imported #106 / 1 tx / 6 pending / 153,618 (0.0%) gas / (0x5dbc1d34c2609ec344139126549be9b59fcd57c7b8821baf73f266a727b5c347)
2026-10-07 11:59:30.123+00:00 | EthScheduler-Workers-0 | INFO  | PersistBlockTask | Block 106 (0x5dbc1d34c2609ec344139126549be9b59fcd57c7b8821baf73f266a727b5c347) is already imported
2026-10-07 11:59:32.103+00:00 | BftProcessorExecutor-QBFT-0 | INFO  | QbftBesuControllerBuilder | Imported #107 / 1 tx / 5 pending / 153,630 (0.0%) gas / (0x1acd49b542545fa703eb9f926bdb2caa5893cb6bfb74148e6149b4a29e9d6a3e)
2026-10-07 11:59:34.101+00:00 | BftProcessorExecutor-QBFT-0 | INFO  | QbftBesuControllerBuilder | Imported #108 / 1 tx / 4 pending / 153,638 (0.0%) gas / (0x673af6696e2b6b7903be11c0fc7834eef410a24cc0d02587667c060b43e0c318)
2026-10-07 11:59:36.116+00:00 | BftProcessorExecutor-QBFT-0 | INFO  | QbftBesuControllerBuilder | Imported #109 / 1 tx / 3 pending / 153,630 (0.0%) gas / (0xe12c26d86786721f07638c30670d4ad28aee27a199e89b7c39568edc8835e26e)
2026-10-07 11:59:38.112+00:00 | BftProcessorExecutor-QBFT-0 | INFO  | QbftBesuControllerBuilder | Imported #110 / 1 tx / 2 pending / 153,650 (0.0%) gas / (0x5319b7668eccd83cd9f068ef288320cc5a82afa4baa404bc9cb2651e231b57ff)
2026-10-07 11:59:40.113+00:00 | EthScheduler-Workers-0 | INFO  | PersistBlockTask | Block 111 (0x62ab69df588f4f0fda6a26ca2c95d0caa7d22f9e514031c9296df92371a00d1e) is already imported
2026-10-07 11:59:40.113+00:00 | BftProcessorExecutor-QBFT-0 | INFO  | QbftBesuControllerBuilder | Imported #111 / 1 tx / 1 pending / 153,650 (0.0%) gas / (0x62ab69df588f4f0fda6a26ca2c95d0caa7d22f9e514031c9296df92371a00d1e)
2026-10-07 11:59:42.108+00:00 | EthScheduler-Workers-0 | INFO  | PersistBlockTask | Block 112 (0x70b5a37bb0b94689bb97057cf9254e7d130592cefd85b4524b505d0b79b73e53) is already imported
2026-10-07 11:59:42.109+00:00 | BftProcessorExecutor-QBFT-0 | INFO  | QbftBesuControllerBuilder | Imported #112 / 1 tx / 0 pending / 153,650 (0.0%) gas / (0x70b5a37bb0b94689bb97057cf9254e7d130592cefd85b4524b505d0b79b73e53)
2026-10-07 11:59:44.086+00:00 | BftProcessorExecutor-QBFT-0 | INFO  | QbftBesuControllerBuilder | Imported #113 / 0 tx / 0 pending / 0 (0.0%) gas / (0x400b74bac55e76c87efc66da7f24750ae40b1037554b4faafd605d3d7d9dda6e)
2026-10-07 11:59:46.319+00:00 | BftProcessorExecutor-QBFT-0 | INFO  | QbftBesuControllerBuilder | Imported #114 / 10 tx / 204 pending / 2,419,700 (0.0%) gas / (0xb7840c3b56710708a656aba9c402f61230fb25a35b123d5537d2ba195f16a897)
2026-10-07 11:59:48.618+00:00 | EthScheduler-Workers-0 | INFO  | PersistBlockTask | Block 115 (0x3a91dc16179e706fc4855a08da5f1b74fd27b1532335b38dd6d487c1903dc34b) is already imported
2026-10-07 11:59:48.619+00:00 | BftProcessorExecutor-QBFT-0 | INFO  | QbftBesuControllerBuilder | Produced #115 / 34 tx / 468 pending / 8,226,980 (0.0%) gas / (0x3a91dc16179e706fc4855a08da5f1b74fd27b1532335b38dd6d487c1903dc34b)
2026-10-07 11:59:50.625+00:00 | EthScheduler-Workers-0 | INFO  | PersistBlockTask | Block 116 (0xd45f396f2621143f2a333931806caa6960ad087775bcb94770bd0a7bcfa953ee) is already imported
2026-10-07 11:59:50.626+00:00 | BftProcessorExecutor-QBFT-0 | INFO  | QbftBesuControllerBuilder | Imported #116 / 34 tx / 434 pending / 8,226,980 (0.0%) gas / (0xd45f396f2621143f2a333931806caa6960ad087775bcb94770bd0a7bcfa953ee)
2026-10-07 11:59:52.624+00:00 | EthScheduler-Workers-0 | INFO  | PersistBlockTask | Block 117 (0xbb5b2fd89e32756f774babd432735aa603932c5e9cb3283a43d8a50b0859f45f) is already imported
2026-10-07 11:59:52.625+00:00 | BftProcessorExecutor-QBFT-0 | INFO  | QbftBesuControllerBuilder | Imported #117 / 34 tx / 400 pending / 8,226,980 (0.0%) gas / (0xbb5b2fd89e32756f774babd432735aa603932c5e9cb3283a43d8a50b0859f45f)
2026-10-07 11:59:54.682+00:00 | EthScheduler-Workers-0 | INFO  | PersistBlockTask | Block 118 (0x08f68989408f5ad36b450d004048fd0e50790fad2753005524f4c66e32ca7363) is already imported
2026-10-07 11:59:54.683+00:00 | BftProcessorExecutor-QBFT-0 | INFO  | QbftBesuControllerBuilder | Imported #118 / 34 tx / 366 pending / 8,226,980 (0.0%) gas / (0x08f68989408f5ad36b450d004048fd0e50790fad2753005524f4c66e32ca7363)
2026-10-07 11:59:56.666+00:00 | BftProcessorExecutor-QBFT-0 | INFO  | QbftBesuControllerBuilder | Imported #119 / 34 tx / 332 pending / 8,226,980 (0.0%) gas / (0x037bc78e970c6f420ffda51cdcda608ad33bca30edcfb2a9f68c9e776ce4f238)
2026-10-07 11:59:58.596+00:00 | BftProcessorExecutor-QBFT-0 | INFO  | QbftBesuControllerBuilder | Imported #120 / 35 tx / 297 pending / 8,468,950 (0.0%) gas / (0xd38e873faf039ae3c4869c69e9b27c7d37a4e1c2ceea8c29de3ee905b0be7eaa)
2026-10-07 12:00:00.624+00:00 | EthScheduler-Workers-0 | INFO  | PersistBlockTask | Block 121 (0x1b2291a7a8b6ab6a5f8d169a7cb865f6c7dc4c6b42dd1b1fa2e08c1714181ac4) is already imported
2026-10-07 12:00:00.624+00:00 | BftProcessorExecutor-QBFT-0 | INFO  | QbftBesuControllerBuilder | Imported #121 / 35 tx / 262 pending / 8,468,950 (0.0%) gas / (0x1b2291a7a8b6ab6a5f8d169a7cb865f6c7dc4c6b42dd1b1fa2e08c1714181ac4)
2026-10-07 12:00:02.607+00:00 | BftProcessorExecutor-QBFT-0 | INFO  | QbftBesuControllerBuilder | Imported #122 / 34 tx / 228 pending / 8,226,980 (0.0%) gas / (0x0ad3c2bcd9f89f78a425ab0206ea9cb4c7d41ecfb9ada3554f732378ea445a77)
2026-10-07 12:00:04.721+00:00 | EthScheduler-Workers-0 | INFO  | PersistBlockTask | Block 123 (0x339eee0aafad2b84a724510daa9c66d332407af0f0c770cc86900f57a9f80300) is already imported
2026-10-07 12:00:04.723+00:00 | BftProcessorExecutor-QBFT-0 | INFO  | QbftBesuControllerBuilder | Imported #123 / 34 tx / 194 pending / 8,226,980 (0.0%) gas / (0x339eee0aafad2b84a724510daa9c66d332407af0f0c770cc86900f57a9f80300)
2026-10-07 12:00:06.660+00:00 | BftProcessorExecutor-QBFT-0 | INFO  | QbftBesuControllerBuilder | Imported #124 / 34 tx / 160 pending / 8,226,980 (0.0%) gas / (0x88b123c4c1508b575ef72a0555d1cd35b5deb03a656bd9e1732ce41e4db0d01f)
2026-10-07 12:00:08.590+00:00 | BftProcessorExecutor-QBFT-0 | INFO  | QbftBesuControllerBuilder | Imported #125 / 34 tx / 126 pending / 8,226,980 (0.0%) gas / (0x8d98ffd0062348e96aa7b6730a427cc5ed0f7646d31858f783b2f490d563d51c)
2026-10-07 12:00:10.601+00:00 | EthScheduler-Workers-0 | INFO  | PersistBlockTask | Block 126 (0xb91545631784d66091ddd6d8347cac8a188bb3323a6344aaf078ebe59d9bf7f2) is already imported
2026-10-07 12:00:10.601+00:00 | BftProcessorExecutor-QBFT-0 | INFO  | QbftBesuControllerBuilder | Imported #126 / 34 tx / 92 pending / 8,226,980 (0.0%) gas / (0xb91545631784d66091ddd6d8347cac8a188bb3323a6344aaf078ebe59d9bf7f2)
2026-10-07 12:00:12.615+00:00 | BftProcessorExecutor-QBFT-0 | INFO  | QbftBesuControllerBuilder | Imported #127 / 34 tx / 58 pending / 8,226,980 (0.0%) gas / (0x966ee8dfc657863aa34d93725fa064db2b218ff52a1609a0dd1aa8999aa97824)
2026-10-07 12:00:14.676+00:00 | EthScheduler-Workers-0 | INFO  | PersistBlockTask | Block 128 (0x252d1054d96cb5b2c66ab91cedbc2c79e98d6f5a2887916ac4b0906f171aaf2a) is already imported
2026-10-07 12:00:14.676+00:00 | BftProcessorExecutor-QBFT-0 | INFO  | QbftBesuControllerBuilder | Imported #128 / 34 tx / 24 pending / 8,226,980 (0.0%) gas / (0x252d1054d96cb5b2c66ab91cedbc2c79e98d6f5a2887916ac4b0906f171aaf2a)
2026-10-07 12:00:16.488+00:00 | BftProcessorExecutor-QBFT-0 | INFO  | QbftBesuControllerBuilder | Imported #129 / 24 tx / 0 pending / 5,807,280 (0.0%) gas / (0xa644b7c314fe2fc87eb275c3e938644d07d4bebc5a99dc220e1af5f10b0eb4ec)
2026-10-07 12:00:18.063+00:00 | BftProcessorExecutor-QBFT-0 | INFO  | QbftBesuControllerBuilder | Produced #130 / 0 tx / 0 pending / 0 (0.0%) gas / (0x771a46ae9e7ee4f0de0c1ef929292e32c9608f504aaa3f445e69c4263a40b391)
2026-10-07 12:00:20.074+00:00 | BftProcessorExecutor-QBFT-0 | INFO  | QbftBesuControllerBuilder | Imported #131 / 0 tx / 0 pending / 0 (0.0%) gas / (0xa48c8beab9c7cec8f5384d6939d368a4b7d86fe6b09f529571e65a114b7d00c9)
2026-10-07 12:00:22.091+00:00 | EthScheduler-Workers-0 | INFO  | PersistBlockTask | Block 132 (0xd0fd52d096add444ec7788b518dc3d9e2522f5781000459f4adcc0c4b656ecf8) is already imported
2026-10-07 12:00:22.091+00:00 | BftProcessorExecutor-QBFT-0 | INFO  | QbftBesuControllerBuilder | Imported #132 / 0 tx / 0 pending / 0 (0.0%) gas / (0xd0fd52d096add444ec7788b518dc3d9e2522f5781000459f4adcc0c4b656ecf8)
2026-10-07 12:00:24.084+00:00 | BftProcessorExecutor-QBFT-0 | INFO  | QbftBesuControllerBuilder | Imported #133 / 0 tx / 0 pending / 0 (0.0%) gas / (0xd1a9389902799be1a949072ea7b70da27a74aea753ee53e9455759ba119e79c0)
2026-10-07 12:00:26.088+00:00 | EthScheduler-Workers-0 | INFO  | PersistBlockTask | Block 134 (0x12f333b41eeca9bd1ffa38ecfd16090c6686fb6149b0c3e47fb2d34a866d64f9) is already imported
2026-10-07 12:00:26.089+00:00 | BftProcessorExecutor-QBFT-0 | INFO  | QbftBesuControllerBuilder | Imported #134 / 0 tx / 0 pending / 0 (0.0%) gas / (0x12f333b41eeca9bd1ffa38ecfd16090c6686fb6149b0c3e47fb2d34a866d64f9)
2026-10-07 12:00:28.095+00:00 | BftProcessorExecutor-QBFT-0 | INFO  | QbftBesuControllerBuilder | Imported #135 / 1 tx / 7 pending / 153,618 (0.0%) gas / (0x9c12a8351f0e3b74d4bb527a6191c50e21d8d1a7e17d83acb661fd04fcc55220)
2026-10-07 12:00:30.106+00:00 | BftProcessorExecutor-QBFT-0 | INFO  | QbftBesuControllerBuilder | Imported #136 / 1 tx / 6 pending / 153,638 (0.0%) gas / (0x8572db42e456d861d8b8709ca0cd92ce4005036a1e5405de909faa65099e9af6)
2026-10-07 12:00:30.106+00:00 | EthScheduler-Workers-0 | INFO  | PersistBlockTask | Block 136 (0x8572db42e456d861d8b8709ca0cd92ce4005036a1e5405de909faa65099e9af6) is already imported
2026-10-07 12:00:32.082+00:00 | BftProcessorExecutor-QBFT-0 | INFO  | QbftBesuControllerBuilder | Imported #137 / 1 tx / 5 pending / 153,630 (0.0%) gas / (0x8ae3cc0ec4dd99e5257810cd2feb768d3bfe5a3dc5b80f624da1027604f8ce64)
2026-10-07 12:00:34.095+00:00 | BftProcessorExecutor-QBFT-0 | INFO  | QbftBesuControllerBuilder | Imported #138 / 1 tx / 4 pending / 153,618 (0.0%) gas / (0xcb7983c900aa06d6425352b931a35a489410c9b0ac55418b5909cf6c695a21b7)
2026-10-07 12:00:36.147+00:00 | EthScheduler-Workers-0 | INFO  | PersistBlockTask | Imported #139 / 1 tx / 0 om / 153,650 (0.0%) gas / (0xea7247e8d44bf20cc6e77a687c450657c62290b702169c8335b50e069549e202) in 0.006s. Peers: 14
2026-10-07 12:00:38.105+00:00 | BftProcessorExecutor-QBFT-0 | INFO  | QbftBesuControllerBuilder | Imported #140 / 1 tx / 2 pending / 153,630 (0.0%) gas / (0x85af8bbee3362c409f97d29e5fac23fdbb4465e7596c151463d30cb5a1a1ea6b)
2026-10-07 12:00:40.115+00:00 | BftProcessorExecutor-QBFT-0 | INFO  | QbftBesuControllerBuilder | Imported #141 / 1 tx / 1 pending / 153,650 (0.0%) gas / (0x8f811a8c59288c5d668be6d1bdb7da6e1486a77fdff499e37385004a63a5ec55)
2026-10-07 12:00:42.116+00:00 | BftProcessorExecutor-QBFT-0 | INFO  | QbftBesuControllerBuilder | Imported #142 / 1 tx / 0 pending / 153,618 (0.0%) gas / (0xac9c1922a6547f54eb745a229242db911c71ebf72575b822d68ead6eb8aec139)
2026-10-07 12:00:44.092+00:00 | BftProcessorExecutor-QBFT-0 | INFO  | QbftBesuControllerBuilder | Imported #143 / 0 tx / 0 pending / 0 (0.0%) gas / (0x0f4ef988b9ebbd63cde9109fae582f7b372be8b3314427eb48d459a75687a46c)
2026-10-07 12:00:46.141+00:00 | BftProcessorExecutor-QBFT-0 | INFO  | QbftBesuControllerBuilder | Imported #144 / 4 tx / 86 pending / 967,880 (0.0%) gas / (0xdf4dce0d23a59bc4b50ee93837b1c3ef0193c055967159760c392c319d68a509)
2026-10-07 12:00:48.687+00:00 | EthScheduler-Workers-0 | INFO  | PersistBlockTask | Block 145 (0xb12a2899f5a4b9de95acab1af0a1e647369a15a4e3627d723965adc017028e23) is already imported
2026-10-07 12:00:48.688+00:00 | BftProcessorExecutor-QBFT-0 | INFO  | QbftBesuControllerBuilder | Produced #145 / 34 tx / 474 pending / 8,226,980 (0.0%) gas / (0xb12a2899f5a4b9de95acab1af0a1e647369a15a4e3627d723965adc017028e23)
2026-10-07 12:00:50.626+00:00 | BftProcessorExecutor-QBFT-0 | INFO  | QbftBesuControllerBuilder | Imported #146 / 34 tx / 440 pending / 8,226,980 (0.0%) gas / (0x222dfc887649584b5e90d6fe2c815fa56830dd16ac2fe8cd58d39ce580aff0c1)
2026-10-07 12:00:52.612+00:00 | BftProcessorExecutor-QBFT-0 | INFO  | QbftBesuControllerBuilder | Imported #147 / 34 tx / 406 pending / 8,226,980 (0.0%) gas / (0x80432c67f895c199982febfaa24f948742c306d9f9790f4b9944acadfa33e307)
2026-10-07 12:00:54.637+00:00 | BftProcessorExecutor-QBFT-0 | INFO  | QbftBesuControllerBuilder | Imported #148 / 34 tx / 372 pending / 8,226,980 (0.0%) gas / (0xa5be94377c93d86e0e15e082986d15ef064bc645c1107281d92eae8dfc2bf945)
2026-10-07 12:00:54.637+00:00 | EthScheduler-Workers-0 | INFO  | PersistBlockTask | Block 148 (0xa5be94377c93d86e0e15e082986d15ef064bc645c1107281d92eae8dfc2bf945) is already imported
2026-10-07 12:00:56.596+00:00 | BftProcessorExecutor-QBFT-0 | INFO  | QbftBesuControllerBuilder | Imported #149 / 34 tx / 338 pending / 8,226,980 (0.0%) gas / (0x09637f17cd24c24fee5934f9ecc20bbd29c3b467d6caf81fe9bc9703a6c237ed)
2026-10-07 12:00:56.601+00:00 | EthScheduler-Workers-0 | INFO  | PersistBlockTask | Block 149 (0x09637f17cd24c24fee5934f9ecc20bbd29c3b467d6caf81fe9bc9703a6c237ed) is already imported
2026-10-07 12:00:58.621+00:00 | EthScheduler-Workers-0 | INFO  | PersistBlockTask | Block 150 (0x12324521aeb99bbd7380e8442322d83793f06ba14d810fcd6cfefc9342b53e6a) is already imported
2026-10-07 12:00:58.621+00:00 | BftProcessorExecutor-QBFT-0 | INFO  | QbftBesuControllerBuilder | Imported #150 / 35 tx / 303 pending / 8,468,950 (0.0%) gas / (0x12324521aeb99bbd7380e8442322d83793f06ba14d810fcd6cfefc9342b53e6a)
2026-10-07 12:01:00.676+00:00 | BftProcessorExecutor-QBFT-0 | INFO  | QbftBesuControllerBuilder | Imported #151 / 35 tx / 268 pending / 8,468,950 (0.0%) gas / (0x28d394019059c5402ef48303c6a1ae583f1d59f8c27ff5988cd1a6e9a69e3604)
2026-10-07 12:01:00.676+00:00 | EthScheduler-Workers-0 | INFO  | PersistBlockTask | Block 151 (0x28d394019059c5402ef48303c6a1ae583f1d59f8c27ff5988cd1a6e9a69e3604) is already imported
2026-10-07 12:01:02.612+00:00 | EthScheduler-Workers-0 | INFO  | PersistBlockTask | Block 152 (0xb4288cc9063cc4082d0c16b4fb54f6658712254fdb96aabb5c33937dd9bd64a8) is already imported
2026-10-07 12:01:02.612+00:00 | BftProcessorExecutor-QBFT-0 | INFO  | QbftBesuControllerBuilder | Imported #152 / 34 tx / 234 pending / 8,226,980 (0.0%) gas / (0xb4288cc9063cc4082d0c16b4fb54f6658712254fdb96aabb5c33937dd9bd64a8)
2026-10-07 12:01:04.613+00:00 | BftProcessorExecutor-QBFT-0 | INFO  | QbftBesuControllerBuilder | Imported #153 / 34 tx / 200 pending / 8,226,980 (0.0%) gas / (0xc1223513f60111b32b93b7c63ad82cfbaf0261b631b264c8e2024776542e2139)
2026-10-07 12:01:06.688+00:00 | BftProcessorExecutor-QBFT-0 | INFO  | QbftBesuControllerBuilder | Imported #154 / 34 tx / 166 pending / 8,226,980 (0.0%) gas / (0x58ad84431da5febbb81a8f16b9af580750d6d441bcaeea9e2192c1126b648dd4)
2026-10-07 12:01:08.609+00:00 | EthScheduler-Workers-0 | INFO  | PersistBlockTask | Block 155 (0xc4155fb3a221f5f6da72108e21a10c8fbed82071d082d3e3d53448f0dbf6f97b) is already imported
2026-10-07 12:01:08.609+00:00 | BftProcessorExecutor-QBFT-0 | INFO  | QbftBesuControllerBuilder | Imported #155 / 34 tx / 132 pending / 8,226,980 (0.0%) gas / (0xc4155fb3a221f5f6da72108e21a10c8fbed82071d082d3e3d53448f0dbf6f97b)
2026-10-07 12:01:10.626+00:00 | BftProcessorExecutor-QBFT-0 | INFO  | QbftBesuControllerBuilder | Imported #156 / 34 tx / 98 pending / 8,226,980 (0.0%) gas / (0xaf32d0574f7830b7e1c0a299bcb5a6d6ed8904423cd5dd42c87a09543e633aaf)
2026-10-07 12:01:12.631+00:00 | BftProcessorExecutor-QBFT-0 | INFO  | QbftBesuControllerBuilder | Imported #157 / 34 tx / 64 pending / 8,226,980 (0.0%) gas / (0x4567d7b0478c13de4f82590ec44faaa663429a356307936af56aa441c3397baf)
2026-10-07 12:01:12.631+00:00 | EthScheduler-Workers-0 | INFO  | PersistBlockTask | Block 157 (0x4567d7b0478c13de4f82590ec44faaa663429a356307936af56aa441c3397baf) is already imported
2026-10-07 12:01:14.611+00:00 | EthScheduler-Workers-0 | INFO  | PersistBlockTask | Block 158 (0x960bded3a11d3e99da5056e37b7658fdc24d3a0d6396e9b9ed49b673557d1332) is already imported
2026-10-07 12:01:14.611+00:00 | BftProcessorExecutor-QBFT-0 | INFO  | QbftBesuControllerBuilder | Imported #158 / 34 tx / 30 pending / 8,226,980 (0.0%) gas / (0x960bded3a11d3e99da5056e37b7658fdc24d3a0d6396e9b9ed49b673557d1332)
2026-10-07 12:01:16.529+00:00 | BftProcessorExecutor-QBFT-0 | INFO  | QbftBesuControllerBuilder | Imported #159 / 30 tx / 0 pending / 7,259,100 (0.0%) gas / (0xd617e6771f1c89456af0868a4ec9838a248508bee033695f459a5f5b8b8fccf2)
2026-10-07 12:01:18.054+00:00 | BftProcessorExecutor-QBFT-0 | INFO  | QbftBesuControllerBuilder | Produced #160 / 0 tx / 0 pending / 0 (0.0%) gas / (0x291a5201f9bca781b903a5c425d37d036fb496a56c15ffc424e69a042a47a8f0)
2026-10-07 12:01:20.086+00:00 | EthScheduler-Workers-0 | INFO  | PersistBlockTask | Block 161 (0x2c8ccb58ebe18f9c19d1a252e5faa298fe1406064de0347f2c341405134579d7) is already imported
2026-10-07 12:01:20.087+00:00 | BftProcessorExecutor-QBFT-0 | INFO  | QbftBesuControllerBuilder | Imported #161 / 0 tx / 0 pending / 0 (0.0%) gas / (0x2c8ccb58ebe18f9c19d1a252e5faa298fe1406064de0347f2c341405134579d7)
2026-10-07 12:01:22.065+00:00 | BftProcessorExecutor-QBFT-0 | INFO  | QbftBesuControllerBuilder | Imported #162 / 0 tx / 0 pending / 0 (0.0%) gas / (0xd90a43b0ff8f644ce9ed659149bcb1beddd760b44ab8b313e247317757e191ec)
2026-10-07 12:01:24.093+00:00 | BftProcessorExecutor-QBFT-0 | INFO  | QbftBesuControllerBuilder | Imported #163 / 0 tx / 0 pending / 0 (0.0%) gas / (0xb5838e2486056efc7b307391a3d957ece7e6da3fb2ab4495c22f06b90a028b5b)
2026-10-07 12:01:26.088+00:00 | BftProcessorExecutor-QBFT-0 | INFO  | QbftBesuControllerBuilder | Imported #164 / 0 tx / 8 pending / 0 (0.0%) gas / (0x739ba4f9f1fd7767ca0ed12f7b60892207b69f52c35509739f1e17255833fc87)
2026-10-07 12:01:28.094+00:00 | BftProcessorExecutor-QBFT-0 | INFO  | QbftBesuControllerBuilder | Imported #165 / 1 tx / 7 pending / 153,638 (0.0%) gas / (0x4f2b7699b228c0161e0f3ce0dda202591f5ee7afa9d019596d31e59d3de39f35)
2026-10-07 12:01:30.107+00:00 | BftProcessorExecutor-QBFT-0 | INFO  | QbftBesuControllerBuilder | Imported #166 / 1 tx / 6 pending / 153,630 (0.0%) gas / (0x132e4ddd1ce37482c2639623edd53c0b932a0add043cce2691168e9434f6d13b)
2026-10-07 12:01:32.104+00:00 | BftProcessorExecutor-QBFT-0 | INFO  | QbftBesuControllerBuilder | Imported #167 / 1 tx / 5 pending / 153,618 (0.0%) gas / (0x560a89d4b848b6c064d84645c9be5127ba0b7a8a165e58e91362afea1a3695c6)
2026-10-07 12:01:34.104+00:00 | EthScheduler-Workers-0 | INFO  | PersistBlockTask | Block 168 (0xeed18a8604761c2d33ce7483b408a72d65883c30e8dd3d54df600ea951057b0c) is already imported
2026-10-07 12:01:34.104+00:00 | BftProcessorExecutor-QBFT-0 | INFO  | QbftBesuControllerBuilder | Imported #168 / 1 tx / 4 pending / 153,650 (0.0%) gas / (0xeed18a8604761c2d33ce7483b408a72d65883c30e8dd3d54df600ea951057b0c)
2026-10-07 12:01:36.118+00:00 | BftProcessorExecutor-QBFT-0 | INFO  | QbftBesuControllerBuilder | Imported #169 / 1 tx / 3 pending / 153,650 (0.0%) gas / (0xb44327aaa0730717983d9ed090b103e727eede30b4e3bb439d2dd65ad63e3631)
2026-10-07 12:01:38.101+00:00 | BftProcessorExecutor-QBFT-0 | INFO  | QbftBesuControllerBuilder | Imported #170 / 1 tx / 2 pending / 153,618 (0.0%) gas / (0x13ec2def3f627ec3763861b3e1452a2d89235482fcb4d0be72d0eecfe6ee47cc)
2026-10-07 12:01:40.082+00:00 | BftProcessorExecutor-QBFT-0 | INFO  | QbftBesuControllerBuilder | Imported #171 / 1 tx / 1 pending / 153,626 (0.0%) gas / (0x1f758013bc5f746be5144e57820f50728bc7c26ad60d6d0bf430759ddc261506)
2026-10-07 12:01:42.090+00:00 | BftProcessorExecutor-QBFT-0 | INFO  | QbftBesuControllerBuilder | Imported #172 / 1 tx / 0 pending / 153,630 (0.0%) gas / (0x8bac1078fd2a9a1c6bdcc11d3cb96360663574521d8bdc0a8856caa5ac44dba5)
2026-10-07 12:01:44.089+00:00 | BftProcessorExecutor-QBFT-0 | INFO  | QbftBesuControllerBuilder | Imported #173 / 0 tx / 0 pending / 0 (0.0%) gas / (0x90aacd9ff6e7c859d9170f134892ec140888e6c6e328ebdfc20e90582d8fb7b8)
2026-10-07 12:01:46.250+00:00 | EthScheduler-Workers-0 | INFO  | PersistBlockTask | Block 174 (0xd77bd4405a95e86b9a00272556d79049d5e66067539ae3227e0f379a29d5ba11) is already imported
2026-10-07 12:01:46.250+00:00 | BftProcessorExecutor-QBFT-0 | INFO  | QbftBesuControllerBuilder | Imported #174 / 6 tx / 118 pending / 1,451,820 (0.0%) gas / (0xd77bd4405a95e86b9a00272556d79049d5e66067539ae3227e0f379a29d5ba11)
2026-10-07 12:01:48.540+00:00 | BftProcessorExecutor-QBFT-0 | INFO  | QbftBesuControllerBuilder | Produced #175 / 26 tx / 480 pending / 6,291,220 (0.0%) gas / (0x0d235b9918c4e6ee43f01ddfbc1c7a08ed02fd57990e30cea677ee2950a97506)
2026-10-07 12:01:48.542+00:00 | EthScheduler-Workers-0 | INFO  | PersistBlockTask | Block 175 (0x0d235b9918c4e6ee43f01ddfbc1c7a08ed02fd57990e30cea677ee2950a97506) is already imported
2026-10-07 12:01:50.611+00:00 | BftProcessorExecutor-QBFT-0 | INFO  | QbftBesuControllerBuilder | Imported #176 / 34 tx / 446 pending / 8,226,980 (0.0%) gas / (0x4ac5cba097f00cc9b7cc2210044318c80875e9550232a45643d2da4416fb6186)
2026-10-07 12:01:52.653+00:00 | BftProcessorExecutor-QBFT-0 | INFO  | QbftBesuControllerBuilder | Imported #177 / 34 tx / 412 pending / 8,226,980 (0.0%) gas / (0xdfb75629a0fa52d0020d43fe17ed68d1d069f4e62de71a4cf693af9d0a363465)
2026-10-07 12:01:54.571+00:00 | BftProcessorExecutor-QBFT-0 | INFO  | QbftBesuControllerBuilder | Imported #178 / 34 tx / 378 pending / 8,226,980 (0.0%) gas / (0x716c2f1a9f8207b9b7669df7f6dce12ce26b32c569a7220dec553d26e9d4163b)
2026-10-07 12:01:56.615+00:00 | EthScheduler-Workers-0 | INFO  | PersistBlockTask | Block 179 (0xa21b07ea376cc926b0cce1bad4721b945df53961b44139a6d444cb6770fb87dc) is already imported
2026-10-07 12:01:56.615+00:00 | BftProcessorExecutor-QBFT-0 | INFO  | QbftBesuControllerBuilder | Imported #179 / 34 tx / 344 pending / 8,226,980 (0.0%) gas / (0xa21b07ea376cc926b0cce1bad4721b945df53961b44139a6d444cb6770fb87dc)
2026-10-07 12:01:58.643+00:00 | BftProcessorExecutor-QBFT-0 | INFO  | QbftBesuControllerBuilder | Imported #180 / 35 tx / 309 pending / 8,468,950 (0.0%) gas / (0x7cc8038785f9baff40b2bf2b8737780a3e2b87b1ee2d985ebbed04342e4cb05a)
2026-10-07 12:02:00.762+00:00 | BftProcessorExecutor-QBFT-0 | INFO  | QbftBesuControllerBuilder | Imported #181 / 35 tx / 274 pending / 8,468,950 (0.0%) gas / (0x86de899000acccc844a40c94b762658e2a4f91554f0252c4e6264956e1daf5f7)
2026-10-07 12:02:00.762+00:00 | EthScheduler-Workers-0 | INFO  | PersistBlockTask | Block 181 (0x86de899000acccc844a40c94b762658e2a4f91554f0252c4e6264956e1daf5f7) is already imported
2026-10-07 12:02:02.675+00:00 | EthScheduler-Workers-0 | INFO  | PersistBlockTask | Block 182 (0x0a7972bdfbe9dad1dfe8c2bd825110c1e811635bc2fc05772e156cfb49bf1276) is already imported
2026-10-07 12:02:02.675+00:00 | BftProcessorExecutor-QBFT-0 | INFO  | QbftBesuControllerBuilder | Imported #182 / 34 tx / 240 pending / 8,226,980 (0.0%) gas / (0x0a7972bdfbe9dad1dfe8c2bd825110c1e811635bc2fc05772e156cfb49bf1276)
2026-10-07 12:02:04.577+00:00 | BftProcessorExecutor-QBFT-0 | INFO  | QbftBesuControllerBuilder | Imported #183 / 34 tx / 206 pending / 8,226,980 (0.0%) gas / (0xce8f39c32ecb85bc008615ae384f9861817102a06e2ada0cf64e4dd088bfa34c)
2026-10-07 12:02:06.726+00:00 | BftProcessorExecutor-QBFT-0 | INFO  | QbftBesuControllerBuilder | Imported #184 / 34 tx / 172 pending / 8,226,980 (0.0%) gas / (0x8973c5398e80216e24a971bd530b51c18a637e3ac402e1b86dd77b050dbf326f)
2026-10-07 12:02:08.615+00:00 | EthScheduler-Workers-0 | INFO  | PersistBlockTask | Block 185 (0x10fa6e98271d05eb631b410d0609652dad575c0f7a34a2b2b57173772115e297) is already imported
2026-10-07 12:02:08.616+00:00 | BftProcessorExecutor-QBFT-0 | INFO  | QbftBesuControllerBuilder | Imported #185 / 34 tx / 138 pending / 8,226,980 (0.0%) gas / (0x10fa6e98271d05eb631b410d0609652dad575c0f7a34a2b2b57173772115e297)
2026-10-07 12:02:10.570+00:00 | BftProcessorExecutor-QBFT-0 | INFO  | QbftBesuControllerBuilder | Imported #186 / 34 tx / 104 pending / 8,226,980 (0.0%) gas / (0x157ff76e8ec890245986616f8a9e512f83929a66d6e2af8e76abf509aec99d06)
2026-10-07 12:02:12.581+00:00 | BftProcessorExecutor-QBFT-0 | INFO  | QbftBesuControllerBuilder | Imported #187 / 34 tx / 70 pending / 8,226,980 (0.0%) gas / (0xec7cd6038153e038aaa0eec25f9064e5356486f4359d53ce7dc7dafef5cbc460)
2026-10-07 12:02:14.596+00:00 | EthScheduler-Workers-0 | INFO  | PersistBlockTask | Block 188 (0xc666e809897e90418c8cffb6bc9b01a5cb964d3acdd7ae25292506998b5c75b8) is already imported
2026-10-07 12:02:14.596+00:00 | BftProcessorExecutor-QBFT-0 | INFO  | QbftBesuControllerBuilder | Imported #188 / 34 tx / 36 pending / 8,226,980 (0.0%) gas / (0xc666e809897e90418c8cffb6bc9b01a5cb964d3acdd7ae25292506998b5c75b8)
2026-10-07 12:02:16.506+00:00 | BftProcessorExecutor-QBFT-0 | INFO  | QbftBesuControllerBuilder | Imported #189 / 28 tx / 8 pending / 6,775,160 (0.0%) gas / (0x8b982d6d5c1005324be031768b563fbbb1dd23171db58808161ccd8e5fc9f6e7)
2026-10-07 12:02:18.214+00:00 | BftProcessorExecutor-QBFT-0 | INFO  | QbftBesuControllerBuilder | Produced #190 / 8 tx / 0 pending / 1,935,760 (0.0%) gas / (0xd211493aabb057e42ee248b7d30f18b3f61cd0488adfdc8a5526a7c36d7ad5bb)
2026-10-07 12:02:20.071+00:00 | EthScheduler-Workers-0 | INFO  | PersistBlockTask | Block 191 (0x0202643b2a6564c38c999bac1344b3f3503ca4786a15cfda38213b889e73bb1d) is already imported
2026-10-07 12:02:20.073+00:00 | BftProcessorExecutor-QBFT-0 | INFO  | QbftBesuControllerBuilder | Imported #191 / 0 tx / 0 pending / 0 (0.0%) gas / (0x0202643b2a6564c38c999bac1344b3f3503ca4786a15cfda38213b889e73bb1d)
2026-10-07 12:02:22.076+00:00 | EthScheduler-Workers-0 | INFO  | PersistBlockTask | Block 192 (0xfcdd6eaef593b38d13576d03c271c5143185e0e11c7c04e6b795f771ba056175) is already imported
2026-10-07 12:02:22.076+00:00 | BftProcessorExecutor-QBFT-0 | INFO  | QbftBesuControllerBuilder | Imported #192 / 0 tx / 0 pending / 0 (0.0%) gas / (0xfcdd6eaef593b38d13576d03c271c5143185e0e11c7c04e6b795f771ba056175)
2026-10-07 12:02:24.064+00:00 | BftProcessorExecutor-QBFT-0 | INFO  | QbftBesuControllerBuilder | Imported #193 / 0 tx / 0 pending / 0 (0.0%) gas / (0xbbd17e4022721fd6072f24760bbfbb848805837d91c40e4428a4b81a9873f662)
2026-10-07 12:02:26.065+00:00 | BftProcessorExecutor-QBFT-0 | INFO  | QbftBesuControllerBuilder | Imported #194 / 0 tx / 0 pending / 0 (0.0%) gas / (0x7dc64619d263980e310c4c3150c4e07a0570beb136b06bfc55ca71fc13b4b4ca)
2026-10-07 12:02:28.100+00:00 | EthScheduler-Workers-0 | INFO  | PersistBlockTask | Block 195 (0xc8f662968dc436d5f03087c77fdb1b2ec8f4fa25974d2962f584801c42c52b9b) is already imported
2026-10-07 12:02:28.100+00:00 | BftProcessorExecutor-QBFT-0 | INFO  | QbftBesuControllerBuilder | Imported #195 / 1 tx / 7 pending / 153,630 (0.0%) gas / (0xc8f662968dc436d5f03087c77fdb1b2ec8f4fa25974d2962f584801c42c52b9b)
2026-10-07 12:02:30.104+00:00 | BftProcessorExecutor-QBFT-0 | INFO  | QbftBesuControllerBuilder | Imported #196 / 1 tx / 6 pending / 153,650 (0.0%) gas / (0x52324d9ac5009cc9f6f306ba921765822b8c6c5c839301673c15e40c5dc473e0)
2026-10-07 12:02:32.113+00:00 | BftProcessorExecutor-QBFT-0 | INFO  | QbftBesuControllerBuilder | Imported #197 / 1 tx / 5 pending / 153,630 (0.0%) gas / (0x9e34a3650a4d20d1370b34077439ffa11114effc1d30ce92b509344c3edfdc10)
2026-10-07 12:02:34.078+00:00 | BftProcessorExecutor-QBFT-0 | INFO  | QbftBesuControllerBuilder | Imported #198 / 1 tx / 4 pending / 153,650 (0.0%) gas / (0xe9fb4a08f7d606e4688778a6c6f0ff58c427301b8f5d7eda05b5cce12c0e7d4f)
2026-10-07 12:02:36.100+00:00 | BftProcessorExecutor-QBFT-0 | INFO  | QbftBesuControllerBuilder | Imported #199 / 1 tx / 3 pending / 153,630 (0.0%) gas / (0xf6428ed937f17a308491069d40fd631e35ac23ad200b51ae4b0468e43b03bb8b)
2026-10-07 12:02:38.100+00:00 | BftProcessorExecutor-QBFT-0 | INFO  | QbftBesuControllerBuilder | Imported #200 / 1 tx / 2 pending / 153,618 (0.0%) gas / (0xa012170800c6e30136b35a979001a6cb279a3c52f88a1f0ae21d729de4af1d76)
2026-10-07 12:02:40.095+00:00 | BftProcessorExecutor-QBFT-0 | INFO  | QbftBesuControllerBuilder | Imported #201 / 1 tx / 1 pending / 153,630 (0.0%) gas / (0x78481b5ee0ce2e622a4ef9ab0bd3f5287964e043d75d2e941057f143d74611d9)
2026-10-07 12:02:42.123+00:00 | EthScheduler-Workers-0 | INFO  | PersistBlockTask | Block 202 (0x1fe3994a7bb9a4cd22c6c3a9473699c914d0c6ce32f5df987c627819e42a3ae1) is already imported
2026-10-07 12:02:42.124+00:00 | BftProcessorExecutor-QBFT-0 | INFO  | QbftBesuControllerBuilder | Imported #202 / 1 tx / 0 pending / 153,630 (0.0%) gas / (0x1fe3994a7bb9a4cd22c6c3a9473699c914d0c6ce32f5df987c627819e42a3ae1)
2026-10-07 12:02:44.090+00:00 | BftProcessorExecutor-QBFT-0 | INFO  | QbftBesuControllerBuilder | Imported #203 / 0 tx / 0 pending / 0 (0.0%) gas / (0x79a9291c17a918b4ad6c4e4c797a83399ce89f82cc7d0166b37cc04df51b6d68)
2026-10-07 12:02:44.090+00:00 | EthScheduler-Workers-0 | INFO  | PersistBlockTask | Block 203 (0x79a9291c17a918b4ad6c4e4c797a83399ce89f82cc7d0166b37cc04df51b6d68) is already imported
2026-10-07 12:02:46.086+00:00 | BftProcessorExecutor-QBFT-0 | INFO  | QbftBesuControllerBuilder | Imported #204 / 0 tx / 0 pending / 0 (0.0%) gas / (0x91c52c0d7fa4232b94039b56064c08351bb755ef56a89007668a626406b10c17)
2026-10-07 12:02:48.104+00:00 | BftProcessorExecutor-QBFT-0 | INFO  | QbftBesuControllerBuilder | Produced #205 / 0 tx / 0 pending / 0 (0.0%) gas / (0x88e675bd32e391b1ed43424bdcc5563121026eba2c7144d955ca678a6f849037)
2026-10-07 12:02:50.083+00:00 | BftProcessorExecutor-QBFT-0 | INFO  | QbftBesuControllerBuilder | Imported #206 / 0 tx / 0 pending / 0 (0.0%) gas / (0x4ffc48b59ecbb30ddb7d56328f22fee6685d188ebf168240241bcd991109ec07)
2026-10-07 12:02:50.083+00:00 | EthScheduler-Workers-0 | INFO  | PersistBlockTask | Block 206 (0x4ffc48b59ecbb30ddb7d56328f22fee6685d188ebf168240241bcd991109ec07) is already imported
2026-10-07 12:02:52.089+00:00 | EthScheduler-Workers-0 | INFO  | PersistBlockTask | Block 207 (0xdaf9035cc6a09dce0457f7b147e5f5474e8bb6c17b2a4aead87fe32ab93785dc) is already imported
2026-10-07 12:02:52.089+00:00 | BftProcessorExecutor-QBFT-0 | INFO  | QbftBesuControllerBuilder | Imported #207 / 0 tx / 0 pending / 0 (0.0%) gas / (0xdaf9035cc6a09dce0457f7b147e5f5474e8bb6c17b2a4aead87fe32ab93785dc)
2026-10-07 12:02:54.091+00:00 | BftProcessorExecutor-QBFT-0 | INFO  | QbftBesuControllerBuilder | Imported #208 / 0 tx / 0 pending / 0 (0.0%) gas / (0x215b82897e8726e87a39851c89a10a482e496037a38db882895a7a734a3eeb0c)
2026-10-07 12:02:56.085+00:00 | EthScheduler-Workers-0 | INFO  | PersistBlockTask | Block 209 (0x801ca6006610ef33b9aca444628a3d0424904622de2e0b64c3d532dfde9f3fa3) is already imported
2026-10-07 12:02:56.085+00:00 | BftProcessorExecutor-QBFT-0 | INFO  | QbftBesuControllerBuilder | Imported #209 / 0 tx / 0 pending / 0 (0.0%) gas / (0x801ca6006610ef33b9aca444628a3d0424904622de2e0b64c3d532dfde9f3fa3)
2026-10-07 12:02:58.081+00:00 | BftProcessorExecutor-QBFT-0 | INFO  | QbftBesuControllerBuilder | Imported #210 / 0 tx / 0 pending / 0 (0.0%) gas / (0xbc3d311511ca0f81eb53a5c60c68aa1d543852dd33a5e2a241dce7398dcb3b05)
2026-10-07 12:03:00.089+00:00 | EthScheduler-Workers-0 | INFO  | PersistBlockTask | Block 211 (0x1ad787f03300137756a0c66dba0991cc7a4f535af3d4275f463743f9ed4aec7c) is already imported
2026-10-07 12:03:00.090+00:00 | BftProcessorExecutor-QBFT-0 | INFO  | QbftBesuControllerBuilder | Imported #211 / 0 tx / 0 pending / 0 (0.0%) gas / (0x1ad787f03300137756a0c66dba0991cc7a4f535af3d4275f463743f9ed4aec7c)
2026-10-07 12:03:02.082+00:00 | BftProcessorExecutor-QBFT-0 | INFO  | QbftBesuControllerBuilder | Imported #212 / 0 tx / 0 pending / 0 (0.0%) gas / (0xdb9962e1727423384336fd0f63db86ca62c0a31b77809d09694f1eff88a74799)
2026-10-07 12:03:04.059+00:00 | BftProcessorExecutor-QBFT-0 | INFO  | QbftBesuControllerBuilder | Imported #213 / 0 tx / 0 pending / 0 (0.0%) gas / (0x823a4dcd6136bc482c57fe9b80a8681d1bb080883596bda85b7e2298057f2a1c)
2026-10-07 12:03:06.079+00:00 | BftProcessorExecutor-QBFT-0 | INFO  | QbftBesuControllerBuilder | Imported #214 / 0 tx / 0 pending / 0 (0.0%) gas / (0xad6e4be76e42d6ae77b0c489e481b9c831aaf4ffcc04c7d515863ebe6ede9212)
2026-10-07 12:03:08.091+00:00 | BftProcessorExecutor-QBFT-0 | INFO  | QbftBesuControllerBuilder | Imported #215 / 0 tx / 0 pending / 0 (0.0%) gas / (0xfb374b0f08017aa70abf649bb6b2bcbe49aaafd3e1abd482676a300b4d861ab1)
2026-10-07 12:03:10.068+00:00 | BftProcessorExecutor-QBFT-0 | INFO  | QbftBesuControllerBuilder | Imported #216 / 0 tx / 0 pending / 0 (0.0%) gas / (0x35b725df69b1283a275bc8368e29442f174543f5a5a610cc8dcc8a4868ecc115)
2026-10-07 12:03:12.056+00:00 | BftProcessorExecutor-QBFT-0 | INFO  | QbftBesuControllerBuilder | Imported #217 / 0 tx / 0 pending / 0 (0.0%) gas / (0x22ac0e54c6c5b947a5fac1f785ff8208fc16326d4792b34ff6507d65c4cb64af)
2026-10-07 12:03:14.086+00:00 | EthScheduler-Workers-0 | INFO  | PersistBlockTask | Block 218 (0xc6d095ade78368662088f182d97bec09d8d6b5456c9bd2c85063cc6e5e37b336) is already imported
2026-10-07 12:03:14.087+00:00 | BftProcessorExecutor-QBFT-0 | INFO  | QbftBesuControllerBuilder | Imported #218 / 0 tx / 0 pending / 0 (0.0%) gas / (0xc6d095ade78368662088f182d97bec09d8d6b5456c9bd2c85063cc6e5e37b336)
2026-10-07 12:03:16.093+00:00 | BftProcessorExecutor-QBFT-0 | INFO  | QbftBesuControllerBuilder | Imported #219 / 0 tx / 0 pending / 0 (0.0%) gas / (0x9aa3d8b2fa77a6f8f6a84c8b470b43231bf4b3a7028865161632b07d84298c2e)
