[node00] network interface=eth0
[node00] region=us-east applying per-destination WAN shaping from /config/tc.rules
[node00] tc rules applied:
qdisc htb 1: root refcnt 257 r2q 10 default 0x1 direct_packets_stat 0 direct_qlen 1000
qdisc netem 120: parent 1:20 limit 1000 delay 32.5ms  1.6ms loss 0.1%
qdisc netem 122: parent 1:22 limit 1000 delay 110ms  5.5ms loss 0.1%
qdisc netem 113: parent 1:13 limit 1000 delay 60ms  3ms loss 0.1%
qdisc netem 111: parent 1:11 limit 1000 delay 40ms  2ms loss 0.1%
qdisc netem 115: parent 1:15 limit 1000 delay 32.5ms  1.6ms loss 0.1%
qdisc netem 117: parent 1:17 limit 1000 delay 110ms  5.5ms loss 0.1%
qdisc netem 119: parent 1:19 limit 1000 delay 1ms  99us
qdisc netem 121: parent 1:21 limit 1000 delay 40ms  2ms loss 0.1%
qdisc netem 123: parent 1:23 limit 1000 delay 60ms  3ms loss 0.1%
qdisc netem 110: parent 1:10 limit 1000 delay 32.5ms  1.6ms loss 0.1%
qdisc netem 112: parent 1:12 limit 1000 delay 110ms  5.5ms loss 0.1%
qdisc netem 114: parent 1:14 limit 1000 delay 1ms  99us
qdisc netem 118: parent 1:18 limit 1000 delay 60ms  3ms loss 0.1%
qdisc netem 116: parent 1:16 limit 1000 delay 40ms  2ms loss 0.1%
Setting logging level to INFO
2026-10-07 16:14:18.907+00:00 | main | INFO  | Besu | Starting Besu
2026-10-07 16:14:19.299+00:00 | main | WARN  | Besu | --graphql-http-host has been ignored because --graphql-http-enabled was not defined on the command line.
2026-10-07 16:14:19.412+00:00 | main | INFO  | Besu | Connecting to 0 static nodes.
2026-10-07 16:14:19.416+00:00 | main | INFO  | Besu | Forcing price bump for transaction replacement to 0, since min-gas-price is set to 0
2026-10-07 16:14:19.417+00:00 | main | WARN  | Besu | Forcing tx-pool-min-gas-price=0, since it cannot be greater than the value of min-gas-price
2026-10-07 16:14:19.843+00:00 | main | INFO  | Besu | 
####################################################################################################
#                                                                                                  #
# Besu version 24.7.0                                                                              #
#                                                                                                  #
# Configuration:                                                                                   #
# Network: Custom genesis file                                                                     #
# /config/genesis.json                                                                             #
# Network Id: 1337                                                                                 #
# Data storage: Bonsai                                                                             #
# Sync mode: Full                                                                                  #
# RPC HTTP APIs: ETH,QBFT,NET,ADMIN,WEB3                                                           #
# RPC HTTP port: 8545                                                                              #
# Using LAYERED transaction pool implementation                                                    #
# Using STACKED worldstate update mode                                                             #
# Limit trie logs enabled: retention: 512; prune window: 30000                                     #
#                                                                                                  #
# Host:                                                                                            #
# Java: openjdk-java-21                                                                            #
# Maximum heap size: 29.50 GB                                                                      #
# OS: linux-x86_64                                                                                 #
# glibc: 2.39                                                                                      #
# jemalloc: 5.3.0-0-g54eaed1d8b56b1aa528be3bdd1877e59c56fa90c                                      #
# Total memory: 1007.68 GB                                                                         #
# CPU cores: 256                                                                                   #
#                                                                                                  #
# Plugin Registration Summary:                                                                     #
# No plugins have been registered.                                                                 #
# TOTAL = 0 of 0 plugins successfully registered.                                                  #
#                                                                                                  #
####################################################################################################
2026-10-07 16:14:19.847+00:00 | main | INFO  | Besu | Security Module: localfile
2026-10-07 16:14:19.849+00:00 | main | INFO  | VersionMetadata | Lookup version metadata file in data directory: /data
2026-10-07 16:14:19.849+00:00 | main | INFO  | VersionMetadata | No version data detected. Writing Besu version 24.7.0 to metadata file
2026-10-07 16:14:20.009+00:00 | main | INFO  | Besu | Using the native implementation of alt bn128
2026-10-07 16:14:20.180+00:00 | main | INFO  | Besu | Using the native implementation of modexp
2026-10-07 16:14:20.181+00:00 | main | INFO  | Besu | Using the native implementation of the signature algorithm
2026-10-07 16:14:20.240+00:00 | main | INFO  | Besu | Using the native implementation of the blake2bf algorithm
2026-10-07 16:14:20.358+00:00 | main | INFO  | Besu | Forcing price bump for transaction replacement to 0, since min-gas-price is set to 0
2026-10-07 16:14:20.359+00:00 | main | WARN  | Besu | Forcing tx-pool-min-gas-price=0, since it cannot be greater than the value of min-gas-price
2026-10-07 16:14:20.361+00:00 | main | INFO  | KeyPairUtil | Attempting to load public key from /data/key.priv
2026-10-07 16:14:20.383+00:00 | main | INFO  | KeyPairUtil | Loaded public key 0x99532c4cd1c0d60167a8afa0f4337fe0aa8a1d51eff28ca527cd02c656f966951a73278e36eea414ca465a93f6b5393665c4b7e983dc4e481a071c821548c950 from /data/key.priv
2026-10-07 16:14:20.541+00:00 | main | INFO  | ProtocolScheduleBuilder | Protocol schedule created with milestones: [Berlin:0]
2026-10-07 16:14:20.545+00:00 | main | INFO  | RocksDBKeyValueStorageFactory | No existing database at /data. Using default metadata for new db versionedStorageFormat=BaseVersionedStorageFormat{format=BONSAI, version=2}
2026-10-07 16:14:20.821+00:00 | main | INFO  | FlatDbStrategyProvider | Bonsai flat db mode found FULL
2026-10-07 16:14:20.825+00:00 | main | INFO  | FlatDbStrategyProvider | Bonsai db mode with code stored using code hash enabled = true
2026-10-07 16:14:20.834+00:00 | main | INFO  | FlatDbStrategyProvider | Bonsai flat db mode found FULL
2026-10-07 16:14:20.836+00:00 | main | INFO  | FlatDbStrategyProvider | Bonsai db mode with code stored using code hash enabled = true
2026-10-07 16:14:21.270+00:00 | main | INFO  | TransactionPoolFactory | Enabling transaction pool
2026-10-07 16:14:21.288+00:00 | main | INFO  | BesuControllerBuilder | TTD difficulty is not present, creating initial sync phase for PoW
2026-10-07 16:14:21.331+00:00 | main | INFO  | TrieLogPruner | Loading first 30000 trie logs from database...
2026-10-07 16:14:21.332+00:00 | main | INFO  | TrieLogPruner | Loaded 1 trie logs from database
2026-10-07 16:14:21.339+00:00 | main | INFO  | RunnerBuilder | Resolved 5 bootnodes.
2026-10-07 16:14:21.345+00:00 | main | INFO  | RunnerBuilder | Detecting NAT service.
2026-10-07 16:14:21.532+00:00 | main | INFO  | Runner | Starting external services ... 
2026-10-07 16:14:21.532+00:00 | main | INFO  | JsonRpcHttpService | Starting JSON-RPC service on 0.0.0.0:8545
2026-10-07 16:14:21.643+00:00 | vert.x-eventloop-thread-1 | INFO  | JsonRpcHttpService | JSON-RPC service started and listening on 0.0.0.0:8545
2026-10-07 16:14:21.645+00:00 | main | INFO  | WebSocketService | Starting Websocket service on 0.0.0.0:8546
2026-10-07 16:14:21.648+00:00 | vert.x-eventloop-thread-1 | INFO  | WebSocketService | Websocket service started and listening on 0.0.0.0:8546
2026-10-07 16:14:21.650+00:00 | main | INFO  | AutoTransactionLogBloomCachingService | Starting auto transaction log bloom caching service.
2026-10-07 16:14:21.651+00:00 | main | INFO  | LogBloomCacheMetadata | Lookup cache metadata file in data directory: /data/caches
2026-10-07 16:14:21.658+00:00 | main | INFO  | Runner | Starting Ethereum main loop ... 
2026-10-07 16:14:21.658+00:00 | main | INFO  | NatService | No NAT environment detected so no service could be started
2026-10-07 16:14:21.658+00:00 | main | INFO  | NetworkRunner | Starting Network.
2026-10-07 16:14:21.667+00:00 | nioEventLoopGroup-2-1 | INFO  | RlpxAgent | P2P RLPx agent started and listening on /[0:0:0:0:0:0:0:0]:30303.
2026-10-07 16:14:21.668+00:00 | main | INFO  | PeerDiscoveryAgent | Starting peer discovery agent on host=0.0.0.0, port=30303. IPv6 available.
2026-10-07 16:14:21.677+00:00 | vert.x-eventloop-thread-1 | INFO  | VertxPeerDiscoveryAgent | Started peer discovery agent successfully, on effective host=0:0:0:0:0:0:0:0%0 and port=30303
2026-10-07 16:14:21.678+00:00 | vert.x-eventloop-thread-1 | INFO  | PeerDiscoveryAgent | P2P peer discovery agent started and listening on /[0:0:0:0:0:0:0:0%0]:30303
2026-10-07 16:14:21.719+00:00 | vert.x-eventloop-thread-1 | INFO  | PeerDiscoveryAgent | Writing node record to disk. NodeRecord{seq=1, publicKey=0x0299532c4cd1c0d60167a8afa0f4337fe0aa8a1d51eff28ca527cd02c656f96695, udpAddress=Optional[/0.0.0.0:30303], tcpAddress=Optional[/0.0.0.0:30303], asBase64=-Je4QAEI-Hp9yr_J5zTt87IYkrNYRPBY5hFyxndBPKHsvnSqIlO84Utp1BqjPydVo1wTV9yJNnncILHbk4aJBvCvxNABg2V0aMfGhOOUirmAgmlkgnY0gmlwhAAAAACJc2VjcDI1NmsxoQKZUyxM0cDWAWeor6D0M3_gqoodUe_yjKUnzQLGVvlmlYN0Y3CCdl-DdWRwgnZf, nodeId=0xcdab9606b4427ff14b5f4d2a082e71778f28d2ff8b2fb751aefde3a3b92955ba, customFields={tcp=30303, udp=30303, ip=0x00000000, eth=[[0xe3948ab9, 0x]], id=V4, secp256k1=0x0299532c4cd1c0d60167a8afa0f4337fe0aa8a1d51eff28ca527cd02c656f96695}}
2026-10-07 16:14:21.759+00:00 | main | INFO  | DefaultP2PNetwork | Enode URL enode://99532c4cd1c0d60167a8afa0f4337fe0aa8a1d51eff28ca527cd02c656f966951a73278e36eea414ca465a93f6b5393665c4b7e983dc4e481a071c821548c950@0.0.0.0:30303
2026-10-07 16:14:21.759+00:00 | main | INFO  | DefaultP2PNetwork | Node address 0x082e71778f28d2ff8b2fb751aefde3a3b92955ba
2026-10-07 16:14:21.785+00:00 | main | INFO  | NetworkRunner | Supported capabilities: [eth/62, eth/63, eth/64, eth/65, eth/66, eth/67, eth/68], [istanbul/100], [snap/1]
2026-10-07 16:14:21.786+00:00 | main | INFO  | DefaultSynchronizer | Starting synchronizer.
2026-10-07 16:14:21.787+00:00 | main | INFO  | TransactionPoolFactory | Enabling transaction handling following initial sync
2026-10-07 16:14:21.787+00:00 | main | INFO  | QbftBesuControllerBuilder | Starting QBFT mining coordinator following initial sync
2026-10-07 16:14:21.798+00:00 | main | INFO  | FullSyncDownloader | Starting full sync.
2026-10-07 16:14:21.799+00:00 | main | INFO  | FullSyncTargetManager | Unable to find sync target. Currently checking 0 peers for usefulness
2026-10-07 16:14:21.807+00:00 | main | INFO  | Runner | Ethereum main loop is up.
2026-10-07 16:14:24.149+00:00 | nioEventLoopGroup-3-5 | INFO  | FullSyncTargetManager | Unable to find sync target. Currently checking 1 peers for usefulness
2026-10-07 16:14:26.926+00:00 | nioEventLoopGroup-3-6 | INFO  | FullSyncTargetManager | Unable to find sync target. Currently checking 2 peers for usefulness
2026-10-07 16:14:29.586+00:00 | nioEventLoopGroup-3-7 | INFO  | FullSyncTargetManager | Unable to find sync target. Currently checking 3 peers for usefulness
2026-10-07 16:14:31.955+00:00 | nioEventLoopGroup-3-8 | INFO  | FullSyncTargetManager | Unable to find sync target. Currently checking 4 peers for usefulness
2026-10-07 16:14:33.679+00:00 | nioEventLoopGroup-3-10 | INFO  | FullSyncTargetManager | Unable to find sync target. Currently checking 5 peers for usefulness
2026-10-07 16:14:36.250+00:00 | nioEventLoopGroup-3-2 | INFO  | FullSyncTargetManager | Unable to find sync target. Currently checking 6 peers for usefulness
2026-10-07 16:14:38.607+00:00 | nioEventLoopGroup-3-4 | INFO  | FullSyncTargetManager | Unable to find sync target. Currently checking 7 peers for usefulness
2026-10-07 16:14:41.610+00:00 | nioEventLoopGroup-3-6 | INFO  | FullSyncTargetManager | Unable to find sync target. Currently checking 8 peers for usefulness
2026-10-07 16:14:43.122+00:00 | nioEventLoopGroup-3-8 | INFO  | FullSyncTargetManager | Unable to find sync target. Currently checking 9 peers for usefulness
2026-10-07 16:14:45.273+00:00 | nioEventLoopGroup-3-9 | INFO  | FullSyncTargetManager | Unable to find sync target. Currently checking 10 peers for usefulness
2026-10-07 16:14:48.059+00:00 | nioEventLoopGroup-3-1 | INFO  | FullSyncTargetManager | Unable to find sync target. Currently checking 11 peers for usefulness
2026-10-07 16:14:49.871+00:00 | nioEventLoopGroup-3-4 | INFO  | FullSyncTargetManager | Unable to find sync target. Currently checking 12 peers for usefulness
2026-10-07 16:14:51.816+00:00 | BftProcessorExecutor-QBFT-0 | INFO  | RoundTimer | QBFT round 1 expired. Moved to round 2 which will expire in 40 seconds
2026-10-07 16:14:52.668+00:00 | BftProcessorExecutor-QBFT-0 | INFO  | RoundChangeManager | BFT round summary (quorum = 10)
2026-10-07 16:14:52.668+00:00 | BftProcessorExecutor-QBFT-0 | INFO  | RoundChangeManager | Address: 0x0a7ae023aa69dd5312c703a461ad8809ff62207f  Round: 1 
2026-10-07 16:14:52.669+00:00 | BftProcessorExecutor-QBFT-0 | INFO  | RoundChangeManager | Address: 0xb0d5ac2768460a9eb5832b1ace8c3bf549d585c7  Round: 1 
2026-10-07 16:14:52.669+00:00 | BftProcessorExecutor-QBFT-0 | INFO  | RoundChangeManager | Address: 0x57600f9c298a5c2151b44ffb5a7311684509eccd  Round: 1 
2026-10-07 16:14:52.669+00:00 | BftProcessorExecutor-QBFT-0 | INFO  | RoundChangeManager | Address: 0x99ad8671d9f004c7cf00cb48329b98e724aba410  Round: 1 
2026-10-07 16:14:52.669+00:00 | BftProcessorExecutor-QBFT-0 | INFO  | RoundChangeManager | Address: 0x082e71778f28d2ff8b2fb751aefde3a3b92955ba  Round: 2 (Local node)
2026-10-07 16:14:52.669+00:00 | BftProcessorExecutor-QBFT-0 | INFO  | RoundChangeManager | Address: 0x11ca58bee8f44a684ace646ca8cbddee3f3a1e68  Round: 1 
2026-10-07 16:14:52.669+00:00 | BftProcessorExecutor-QBFT-0 | INFO  | RoundChangeManager | Address: 0x82ec203decb05f2bcd3f803b88d07c3e922ca8cf  Round: 1 
2026-10-07 16:14:52.669+00:00 | BftProcessorExecutor-QBFT-0 | INFO  | RoundChangeManager | Address: 0x98474a76cc08a2fe98810cac241a05f9a0b32701  Round: 1 
2026-10-07 16:14:52.670+00:00 | BftProcessorExecutor-QBFT-0 | INFO  | RoundChangeManager | Address: 0x807b77fbf19a8c47667ba0d4db4845a9c92b844c  Round: 1 
2026-10-07 16:14:52.670+00:00 | BftProcessorExecutor-QBFT-0 | INFO  | RoundChangeManager | Address: 0x28e1ef966a109d43c036877eceaba507ad4b97be  Round: 1 
2026-10-07 16:14:53.071+00:00 | nioEventLoopGroup-3-6 | INFO  | FullSyncTargetManager | Unable to find sync target. Currently checking 13 peers for usefulness
2026-10-07 16:14:53.160+00:00 | EthScheduler-Workers-0 | INFO  | PersistBlockTask | Imported #1 / 0 tx / 0 om / 0 (0.0%) gas / (0x0bbd26ee2de448afb2b1a9ace2911c2a401e041751f27346e9995f317473c3a5) in 0.017s. Peers: 13
2026-10-07 16:14:54.261+00:00 | BftProcessorExecutor-QBFT-0 | INFO  | QbftBesuControllerBuilder | Imported #2 / 0 tx / 0 pending / 0 (0.0%) gas / (0x8149adb15c5286bf5c7f45333fcf65a5d2feb385f23d6b93cd512f2563e8aca8)
2026-10-07 16:14:56.398+00:00 | EthScheduler-Workers-0 | INFO  | PersistBlockTask | Block 3 (0xe01ac7e5d083d13d90ffede1e356e9536ac5fe5b51d87f6cc5ca28da6e4123f7) is already imported
2026-10-07 16:14:56.398+00:00 | BftProcessorExecutor-QBFT-0 | INFO  | QbftBesuControllerBuilder | Imported #3 / 0 tx / 0 pending / 0 (0.0%) gas / (0xe01ac7e5d083d13d90ffede1e356e9536ac5fe5b51d87f6cc5ca28da6e4123f7)
2026-10-07 16:14:58.302+00:00 | EthScheduler-Workers-0 | INFO  | PersistBlockTask | Block 4 (0xcde425dd92da63c05203e64b82ceef5fe509ac98e93ba9733bbbc7c5962e465a) is already imported
2026-10-07 16:14:58.303+00:00 | BftProcessorExecutor-QBFT-0 | INFO  | QbftBesuControllerBuilder | Imported #4 / 0 tx / 0 pending / 0 (0.0%) gas / (0xcde425dd92da63c05203e64b82ceef5fe509ac98e93ba9733bbbc7c5962e465a)
2026-10-07 16:15:00.258+00:00 | BftProcessorExecutor-QBFT-0 | INFO  | QbftBesuControllerBuilder | Imported #5 / 0 tx / 0 pending / 0 (0.0%) gas / (0x3742229d266394bf8cb883eaa27d15f554cf36306add45801f3ac8b7ab73ec92)
2026-10-07 16:15:02.354+00:00 | BftProcessorExecutor-QBFT-0 | INFO  | QbftBesuControllerBuilder | Imported #6 / 0 tx / 0 pending / 0 (0.0%) gas / (0xca03332a47e824de063bc21b01fcb308e5ce37f0a8570f575d8c2f7c96eabc12)
2026-10-07 16:15:04.297+00:00 | BftProcessorExecutor-QBFT-0 | INFO  | QbftBesuControllerBuilder | Imported #7 / 0 tx / 0 pending / 0 (0.0%) gas / (0x85e186a19e596364e1b48eacf2e12cb86dcbe2c5cbd4d7970f862335fe87b908)
2026-10-07 16:15:06.388+00:00 | BftProcessorExecutor-QBFT-0 | INFO  | QbftBesuControllerBuilder | Imported #8 / 0 tx / 1 pending / 0 (0.0%) gas / (0xe652bf10843d4ef91789d6b18581ba8b0c7ba26f76b12a8a4203446618964747)
2026-10-07 16:15:08.315+00:00 | BftProcessorExecutor-QBFT-0 | INFO  | QbftBesuControllerBuilder | Imported #9 / 0 tx / 1 pending / 0 (0.0%) gas / (0x2c8a31d42a8806254a560268083fdb6f276c5a6cf6000869ca6058133068aeba)
2026-10-07 16:15:10.373+00:00 | EthScheduler-Workers-0 | INFO  | PersistBlockTask | Block 10 (0x2311c0f81e83ba0d3955591467d983c37a7b4f6432dab2109c8fb3a33badcea5) is already imported
2026-10-07 16:15:10.374+00:00 | BftProcessorExecutor-QBFT-0 | INFO  | QbftBesuControllerBuilder | Imported #10 / 0 tx / 1 pending / 0 (0.0%) gas / (0x2311c0f81e83ba0d3955591467d983c37a7b4f6432dab2109c8fb3a33badcea5)
2026-10-07 16:15:12.344+00:00 | BftProcessorExecutor-QBFT-0 | INFO  | QbftBesuControllerBuilder | Imported #11 / 0 tx / 1 pending / 0 (0.0%) gas / (0x30f0bd265480eefa85dd8e0938b64e6d7f82448f66be153436b130110cef61d2)
2026-10-07 16:15:14.326+00:00 | BftProcessorExecutor-QBFT-0 | INFO  | QbftBesuControllerBuilder | Imported #12 / 0 tx / 1 pending / 0 (0.0%) gas / (0x9b1af68f02288878b14b7da38c96e6dad0c9a5fa073ba0fca093dbe614a7fe8f)
2026-10-07 16:15:16.366+00:00 | EthScheduler-Workers-0 | INFO  | PersistBlockTask | Block 13 (0x1b7c0499dc2468f3868fc42cb2cf9bde2cf915d3ffc3c21945974931ecc7c547) is already imported
2026-10-07 16:15:16.367+00:00 | BftProcessorExecutor-QBFT-0 | INFO  | QbftBesuControllerBuilder | Imported #13 / 0 tx / 1 pending / 0 (0.0%) gas / (0x1b7c0499dc2468f3868fc42cb2cf9bde2cf915d3ffc3c21945974931ecc7c547)
2026-10-07 16:15:18.297+00:00 | BftProcessorExecutor-QBFT-0 | INFO  | QbftBesuControllerBuilder | Imported #14 / 0 tx / 1 pending / 0 (0.0%) gas / (0x42e984f395c3201bc5251efdffb04e8842461b9ffc697f6d11e6eb8baf2e3737)
2026-10-07 16:15:20.326+00:00 | BftProcessorExecutor-QBFT-0 | INFO  | QbftBesuControllerBuilder | Produced #15 / 1 tx / 0 pending / 465,218 (0.0%) gas / (0x64bdf9db67124f15f90066fd25399b3fbf34772390e97624257b61b216e6d615)
2026-10-07 16:15:22.242+00:00 | BftProcessorExecutor-QBFT-0 | INFO  | QbftBesuControllerBuilder | Imported #16 / 0 tx / 1 pending / 0 (0.0%) gas / (0x652ce9a9a8610d34127f6c32d66dab23b9c23e50d3b1034a2b4dd4b3d7f495dc)
2026-10-07 16:15:24.241+00:00 | BftProcessorExecutor-QBFT-0 | INFO  | QbftBesuControllerBuilder | Imported #17 / 0 tx / 1 pending / 0 (0.0%) gas / (0x5a6d21304003af53a24e169a26e8f02168bf290b75b9befbb05d450b5e6fa4ad)
2026-10-07 16:15:26.335+00:00 | BftProcessorExecutor-QBFT-0 | INFO  | QbftBesuControllerBuilder | Imported #18 / 0 tx / 1 pending / 0 (0.0%) gas / (0x5a3d813d58df205a7da2ce0ac2f855402bd239aec361dd8115e16de3d7169672)
2026-10-07 16:15:28.265+00:00 | BftProcessorExecutor-QBFT-0 | INFO  | QbftBesuControllerBuilder | Imported #19 / 0 tx / 1 pending / 0 (0.0%) gas / (0x0a72ce8cd3f63917192337af1c421d1dd8e750c9e3c4dfca33ed1b8fbfdad9d8)
2026-10-07 16:15:30.218+00:00 | BftProcessorExecutor-QBFT-0 | INFO  | QbftBesuControllerBuilder | Imported #20 / 0 tx / 1 pending / 0 (0.0%) gas / (0xb3b1819f2b8683dbfcefce1b09cb1f38bac0b0c050095e34731337301e80de09)
2026-10-07 16:15:32.275+00:00 | BftProcessorExecutor-QBFT-0 | INFO  | QbftBesuControllerBuilder | Imported #21 / 0 tx / 1 pending / 0 (0.0%) gas / (0x95248e44aae1fcec49bdaa91a2524b67f0c32706fc6bb607d7e9477d24e2f0e5)
2026-10-07 16:15:34.241+00:00 | EthScheduler-Workers-0 | INFO  | PersistBlockTask | Block 22 (0xa3bce4173567247783c42724bcc2e559d7dcf629300c182b6d8288f357e1e211) is already imported
2026-10-07 16:15:34.244+00:00 | BftProcessorExecutor-QBFT-0 | INFO  | QbftBesuControllerBuilder | Imported #22 / 0 tx / 1 pending / 0 (0.0%) gas / (0xa3bce4173567247783c42724bcc2e559d7dcf629300c182b6d8288f357e1e211)
2026-10-07 16:15:36.260+00:00 | BftProcessorExecutor-QBFT-0 | INFO  | QbftBesuControllerBuilder | Imported #23 / 0 tx / 1 pending / 0 (0.0%) gas / (0xc8cdcdaa3631a8ef252d36717e101df1aae24778efa1394b076b84d36203c311)
2026-10-07 16:15:38.265+00:00 | BftProcessorExecutor-QBFT-0 | INFO  | QbftBesuControllerBuilder | Imported #24 / 0 tx / 1 pending / 0 (0.0%) gas / (0x5cd9cf1c88b211a0a50eeb4a915128ccc94d2b6ff744613af24ed9a23a54d7c7)
2026-10-07 16:15:40.241+00:00 | EthScheduler-Workers-0 | INFO  | PersistBlockTask | Block 25 (0xc87623976ff783edf5707be232b0f24c3d479b2b3f87da85eb5d61974a592103) is already imported
2026-10-07 16:15:40.242+00:00 | BftProcessorExecutor-QBFT-0 | INFO  | QbftBesuControllerBuilder | Imported #25 / 0 tx / 1 pending / 0 (0.0%) gas / (0xc87623976ff783edf5707be232b0f24c3d479b2b3f87da85eb5d61974a592103)
2026-10-07 16:15:42.252+00:00 | BftProcessorExecutor-QBFT-0 | INFO  | QbftBesuControllerBuilder | Imported #26 / 0 tx / 1 pending / 0 (0.0%) gas / (0x4440fb6aec8a5566b5fe1c93ddf7084863e7d52ad637ce059c7167786aa81fbd)
2026-10-07 16:15:44.282+00:00 | BftProcessorExecutor-QBFT-0 | INFO  | QbftBesuControllerBuilder | Imported #27 / 0 tx / 1 pending / 0 (0.0%) gas / (0x3708182ae5c67ab44f56801ec86b17f0b55f6303d595d0fd873f5f8f9e2dec39)
2026-10-07 16:15:46.344+00:00 | BftProcessorExecutor-QBFT-0 | INFO  | QbftBesuControllerBuilder | Imported #28 / 0 tx / 1 pending / 0 (0.0%) gas / (0x5dbbebf343bdb0796709e947a9c382f3ab8f9036d3a306caead8e66733fa2769)
2026-10-07 16:15:48.275+00:00 | BftProcessorExecutor-QBFT-0 | INFO  | QbftBesuControllerBuilder | Imported #29 / 0 tx / 1 pending / 0 (0.0%) gas / (0x2adee7898405c35755e2a2a4ebd66a35263c2510db3616f08a1c4442e5e3eabf)
2026-10-07 16:15:50.259+00:00 | BftProcessorExecutor-QBFT-0 | INFO  | QbftBesuControllerBuilder | Produced #30 / 1 tx / 0 pending / 1,832,981 (0.0%) gas / (0xf58a3edb2695bf5b37f15037b5d25fb6190028cd022326acc20ab965add4eaae)
2026-10-07 16:15:52.268+00:00 | BftProcessorExecutor-QBFT-0 | INFO  | QbftBesuControllerBuilder | Imported #31 / 0 tx / 0 pending / 0 (0.0%) gas / (0xd2a7a6a16d28110864d67d23137692d5851aae2d0264fd256b97516eac4dfb12)
2026-10-07 16:15:54.257+00:00 | BftProcessorExecutor-QBFT-0 | INFO  | QbftBesuControllerBuilder | Imported #32 / 0 tx / 0 pending / 0 (0.0%) gas / (0x145fb7cdaca46f93b28218ab279529c52441bf022bc3efd38c8f711adaf06536)
2026-10-07 16:15:56.276+00:00 | EthScheduler-Workers-0 | INFO  | PersistBlockTask | Block 33 (0x5f29762783e348edcc59982b1ae3a299da0dfba01b56c99b9d8a0258cf7b962b) is already imported
2026-10-07 16:15:56.277+00:00 | BftProcessorExecutor-QBFT-0 | INFO  | QbftBesuControllerBuilder | Imported #33 / 0 tx / 0 pending / 0 (0.0%) gas / (0x5f29762783e348edcc59982b1ae3a299da0dfba01b56c99b9d8a0258cf7b962b)
2026-10-07 16:15:58.285+00:00 | EthScheduler-Workers-0 | INFO  | PersistBlockTask | Block 34 (0x2a63182f997095ef2e2c32dd0b4b610dd7fb07f470eaa8eef6d71f58541fa790) is already imported
2026-10-07 16:15:58.285+00:00 | BftProcessorExecutor-QBFT-0 | INFO  | QbftBesuControllerBuilder | Imported #34 / 0 tx / 0 pending / 0 (0.0%) gas / (0x2a63182f997095ef2e2c32dd0b4b610dd7fb07f470eaa8eef6d71f58541fa790)
2026-10-07 16:16:00.234+00:00 | BftProcessorExecutor-QBFT-0 | INFO  | QbftBesuControllerBuilder | Imported #35 / 0 tx / 0 pending / 0 (0.0%) gas / (0x53b1523c16423c77d1e9065e225bd41d1781d060508b211cb0602653a78ed458)
2026-10-07 16:16:00.235+00:00 | EthScheduler-Workers-0 | INFO  | PersistBlockTask | Block 35 (0x53b1523c16423c77d1e9065e225bd41d1781d060508b211cb0602653a78ed458) is already imported
2026-10-07 16:16:02.238+00:00 | BftProcessorExecutor-QBFT-0 | INFO  | QbftBesuControllerBuilder | Imported #36 / 0 tx / 0 pending / 0 (0.0%) gas / (0xbc2acad715243172c41bf30bf1b2a11848250b29a6209879e8709ecf359ece89)
2026-10-07 16:16:02.241+00:00 | EthScheduler-Workers-0 | INFO  | PersistBlockTask | Block 36 (0xbc2acad715243172c41bf30bf1b2a11848250b29a6209879e8709ecf359ece89) is already imported
2026-10-07 16:16:04.272+00:00 | BftProcessorExecutor-QBFT-0 | INFO  | QbftBesuControllerBuilder | Imported #37 / 0 tx / 0 pending / 0 (0.0%) gas / (0x98b08eea84f68e132216565620bf79e57edbedda48cfa2a9d58dfd9e2567e5eb)
2026-10-07 16:16:06.522+00:00 | BftProcessorExecutor-QBFT-0 | INFO  | QbftBesuControllerBuilder | Imported #38 / 8 tx / 120 pending / 1,935,760 (0.0%) gas / (0x73fcdd105eb152c80ee22bf98e9958a41dda063675729f0eb61c81834255c7b1)
2026-10-07 16:16:08.666+00:00 | BftProcessorExecutor-QBFT-0 | INFO  | QbftBesuControllerBuilder | Imported #39 / 8 tx / 112 pending / 1,935,760 (0.0%) gas / (0x432ff615c90726b4c0bf11591234c93478e89c6e36cf48601b489e537a9d3c47)
2026-10-07 16:16:10.541+00:00 | BftProcessorExecutor-QBFT-0 | INFO  | QbftBesuControllerBuilder | Imported #40 / 8 tx / 104 pending / 1,935,760 (0.0%) gas / (0x2dafcd36ee00e960611a5cb9aa6b1b97f007dbcf45c0d72e2aaa689c8fe07cbb)
2026-10-07 16:16:12.547+00:00 | BftProcessorExecutor-QBFT-0 | INFO  | QbftBesuControllerBuilder | Imported #41 / 8 tx / 96 pending / 1,935,760 (0.0%) gas / (0x4dbeb53777255f6a195883f25f9789a626fa348269014d5c001eab7e618ca733)
2026-10-07 16:16:14.446+00:00 | BftProcessorExecutor-QBFT-0 | INFO  | QbftBesuControllerBuilder | Imported #42 / 8 tx / 88 pending / 1,935,760 (0.0%) gas / (0x4fefd939019c591d839eaf32fb704e3726d5f22064e333e4f172e9b3c365ef0b)
2026-10-07 16:16:16.479+00:00 | BftProcessorExecutor-QBFT-0 | INFO  | QbftBesuControllerBuilder | Imported #43 / 8 tx / 80 pending / 1,935,760 (0.0%) gas / (0x75a89860aac28b3f9b5641b602ea1ecff2511f742fa6a69c50095e359c34db15)
2026-10-07 16:16:18.571+00:00 | EthScheduler-Workers-0 | INFO  | PersistBlockTask | Block 44 (0x26fbb67060b31cf6092c234cc3f69651bb5c0b076cdba6f69c64e44a373ec794) is already imported
2026-10-07 16:16:18.572+00:00 | BftProcessorExecutor-QBFT-0 | INFO  | QbftBesuControllerBuilder | Imported #44 / 8 tx / 72 pending / 1,935,760 (0.0%) gas / (0x26fbb67060b31cf6092c234cc3f69651bb5c0b076cdba6f69c64e44a373ec794)
2026-10-07 16:16:20.523+00:00 | EthScheduler-Workers-0 | INFO  | PersistBlockTask | Block 45 (0x17732bf80ccbc5e0c74b07abf72b402dc8f9b48f35f3984f54a619358e2a7679) is already imported
2026-10-07 16:16:20.523+00:00 | BftProcessorExecutor-QBFT-0 | INFO  | QbftBesuControllerBuilder | Produced #45 / 9 tx / 63 pending / 2,177,730 (0.0%) gas / (0x17732bf80ccbc5e0c74b07abf72b402dc8f9b48f35f3984f54a619358e2a7679)
2026-10-07 16:16:22.517+00:00 | BftProcessorExecutor-QBFT-0 | INFO  | QbftBesuControllerBuilder | Imported #46 / 9 tx / 54 pending / 2,177,730 (0.0%) gas / (0x0b431b036d0cdc9515e9bfb006ce43bdc8362934b0bd018cd3728392ab0e65b6)
2026-10-07 16:16:24.560+00:00 | EthScheduler-Workers-0 | INFO  | PersistBlockTask | Block 47 (0xa198f34932ecc0a0251d5ba1d10c63cc2fc313c1d419a31269278a89c0ec43be) is already imported
2026-10-07 16:16:24.561+00:00 | BftProcessorExecutor-QBFT-0 | INFO  | QbftBesuControllerBuilder | Imported #47 / 9 tx / 45 pending / 2,177,730 (0.0%) gas / (0xa198f34932ecc0a0251d5ba1d10c63cc2fc313c1d419a31269278a89c0ec43be)
2026-10-07 16:16:26.549+00:00 | BftProcessorExecutor-QBFT-0 | INFO  | QbftBesuControllerBuilder | Imported #48 / 9 tx / 36 pending / 2,177,730 (0.0%) gas / (0x464e282c0586d8e7a57fe2535b3fdfefe0b047acd960daa59c6bdd369b6cd40b)
2026-10-07 16:16:28.546+00:00 | BftProcessorExecutor-QBFT-0 | INFO  | QbftBesuControllerBuilder | Imported #49 / 9 tx / 27 pending / 2,177,730 (0.0%) gas / (0xd41bd025b8d93253e72353916e25966795cf1e3aa1fd253dbe81c01ac6468825)
2026-10-07 16:16:30.463+00:00 | BftProcessorExecutor-QBFT-0 | INFO  | QbftBesuControllerBuilder | Imported #50 / 9 tx / 18 pending / 2,177,730 (0.0%) gas / (0x4273a273e208c62dc65cf688585e769fe5b8049320d577630bd1702996980de7)
2026-10-07 16:16:32.512+00:00 | BftProcessorExecutor-QBFT-0 | INFO  | QbftBesuControllerBuilder | Imported #51 / 9 tx / 9 pending / 2,177,730 (0.0%) gas / (0xfd188158654afec13bc7cb121bc8490909c3ec42c831a125828b741b3714dc84)
2026-10-07 16:16:32.512+00:00 | EthScheduler-Workers-0 | INFO  | PersistBlockTask | Block 51 (0xfd188158654afec13bc7cb121bc8490909c3ec42c831a125828b741b3714dc84) is already imported
2026-10-07 16:16:34.508+00:00 | EthScheduler-Workers-0 | INFO  | PersistBlockTask | Block 52 (0x9d3f32fec0943069b3402d27bc59a4f614913e821b45fc7d5e25ef8b08e93ed0) is already imported
2026-10-07 16:16:34.509+00:00 | BftProcessorExecutor-QBFT-0 | INFO  | QbftBesuControllerBuilder | Imported #52 / 9 tx / 0 pending / 2,177,730 (0.0%) gas / (0x9d3f32fec0943069b3402d27bc59a4f614913e821b45fc7d5e25ef8b08e93ed0)
2026-10-07 16:16:36.336+00:00 | BftProcessorExecutor-QBFT-0 | INFO  | QbftBesuControllerBuilder | Imported #53 / 0 tx / 0 pending / 0 (0.0%) gas / (0x0cb9a4c3421404d4b7ec7659a5861378c0cce9b97777b7f1befc46d08d57bead)
2026-10-07 16:16:38.308+00:00 | EthScheduler-Workers-0 | INFO  | PersistBlockTask | Block 54 (0x55a9b6f84739776291e297a11da0c5537c8d1a806578160ac2fef972a86613f0) is already imported
2026-10-07 16:16:38.308+00:00 | BftProcessorExecutor-QBFT-0 | INFO  | QbftBesuControllerBuilder | Imported #54 / 1 tx / 15 pending / 153,618 (0.0%) gas / (0x55a9b6f84739776291e297a11da0c5537c8d1a806578160ac2fef972a86613f0)
2026-10-07 16:16:40.231+00:00 | BftProcessorExecutor-QBFT-0 | INFO  | QbftBesuControllerBuilder | Imported #55 / 1 tx / 14 pending / 153,638 (0.0%) gas / (0x4cc11ca99a17a48c30db99dd80ee8d3f4101ea07dc57af90798c1c11c8d43e0c)
2026-10-07 16:16:42.256+00:00 | EthScheduler-Workers-0 | INFO  | PersistBlockTask | Block 56 (0x5d459ad4b2c121f13f14739c6fdce164d26441c4086b28f2a87d89dfa44277e5) is already imported
2026-10-07 16:16:42.256+00:00 | BftProcessorExecutor-QBFT-0 | INFO  | QbftBesuControllerBuilder | Imported #56 / 1 tx / 13 pending / 153,618 (0.0%) gas / (0x5d459ad4b2c121f13f14739c6fdce164d26441c4086b28f2a87d89dfa44277e5)
2026-10-07 16:16:44.247+00:00 | BftProcessorExecutor-QBFT-0 | INFO  | QbftBesuControllerBuilder | Imported #57 / 1 tx / 12 pending / 153,638 (0.0%) gas / (0xe1f1575744633e4cb88b02e01366fcd7974299122c37a1c363198c0d95b33510)
2026-10-07 16:16:46.279+00:00 | BftProcessorExecutor-QBFT-0 | INFO  | QbftBesuControllerBuilder | Imported #58 / 1 tx / 11 pending / 153,606 (0.0%) gas / (0x4a4c1ddadedb671e44438e0813889b66aff83689a6bed0930ed24d33edf54f10)
2026-10-07 16:16:48.284+00:00 | BftProcessorExecutor-QBFT-0 | INFO  | QbftBesuControllerBuilder | Imported #59 / 1 tx / 10 pending / 153,630 (0.0%) gas / (0x8be2b76ef08c4ec0360caacdf684e4687b7667ab886eefbbf76547a19be7fcff)
2026-10-07 16:16:50.252+00:00 | BftProcessorExecutor-QBFT-0 | INFO  | QbftBesuControllerBuilder | Produced #60 / 2 tx / 8 pending / 307,248 (0.0%) gas / (0x516c4a3b1b2b814095a4d399ce2f93c9ef7a01686e1f515de46d0d65f2f2b197)
2026-10-07 16:16:52.298+00:00 | BftProcessorExecutor-QBFT-0 | INFO  | QbftBesuControllerBuilder | Imported #61 / 1 tx / 7 pending / 153,626 (0.0%) gas / (0xba46e84dfe669cad74277aa7fb74db9e8993fde3aa791cd34e4b23128f1584a6)
2026-10-07 16:16:52.298+00:00 | EthScheduler-Workers-0 | INFO  | PersistBlockTask | Block 61 (0xba46e84dfe669cad74277aa7fb74db9e8993fde3aa791cd34e4b23128f1584a6) is already imported
2026-10-07 16:16:54.247+00:00 | BftProcessorExecutor-QBFT-0 | INFO  | QbftBesuControllerBuilder | Imported #62 / 1 tx / 6 pending / 153,614 (0.0%) gas / (0xfa7bd2e7da70accad5cafb6bde8c6cd8f10ea5239a31ad916fff146bab5b6751)
2026-10-07 16:16:56.277+00:00 | BftProcessorExecutor-QBFT-0 | INFO  | QbftBesuControllerBuilder | Imported #63 / 1 tx / 5 pending / 153,630 (0.0%) gas / (0xc677fdfea3ca534ae6b4a19f521867b645c595276fe950c229ac7decece1242c)
2026-10-07 16:16:58.322+00:00 | EthScheduler-Workers-0 | INFO  | PersistBlockTask | Block 64 (0xc37e649c78e2279dd063c20479101c4fee2741b5324cf7ff57c5fc149e365717) is already imported
2026-10-07 16:16:58.323+00:00 | BftProcessorExecutor-QBFT-0 | INFO  | QbftBesuControllerBuilder | Imported #64 / 1 tx / 4 pending / 153,638 (0.0%) gas / (0xc37e649c78e2279dd063c20479101c4fee2741b5324cf7ff57c5fc149e365717)
2026-10-07 16:17:00.260+00:00 | EthScheduler-Workers-0 | INFO  | PersistBlockTask | Block 65 (0x2fc9acb3c6d7e49135c9787fe239963abcf9a8e771a378b494df1efbb7b6763c) is already imported
2026-10-07 16:17:00.261+00:00 | BftProcessorExecutor-QBFT-0 | INFO  | QbftBesuControllerBuilder | Imported #65 / 1 tx / 3 pending / 153,618 (0.0%) gas / (0x2fc9acb3c6d7e49135c9787fe239963abcf9a8e771a378b494df1efbb7b6763c)
2026-10-07 16:17:02.255+00:00 | BftProcessorExecutor-QBFT-0 | INFO  | QbftBesuControllerBuilder | Imported #66 / 1 tx / 2 pending / 153,638 (0.0%) gas / (0x61252c0e4cdf6f432bec8d86e1f8c7b04e66ec105e64eefc0b0b0bc279f936dc)
2026-10-07 16:17:04.245+00:00 | BftProcessorExecutor-QBFT-0 | INFO  | QbftBesuControllerBuilder | Imported #67 / 1 tx / 1 pending / 153,638 (0.0%) gas / (0x2a372eec4925dd3e6c754d9344f946906aa1aedc7346be354a58f35a2f9b75fe)
2026-10-07 16:17:06.362+00:00 | BftProcessorExecutor-QBFT-0 | INFO  | QbftBesuControllerBuilder | Imported #68 / 1 tx / 0 pending / 153,650 (0.0%) gas / (0x23b990c4e7ebc227a2bc410de9efb38be88126939b95bbe267b9808905e1131a)
2026-10-07 16:17:08.410+00:00 | EthScheduler-Workers-0 | INFO  | PersistBlockTask | Block 69 (0x59f20d1d8b6977b9fa52eaa07e8b462482f0977a94f3a987cde990ec82b64268) is already imported
2026-10-07 16:17:08.411+00:00 | BftProcessorExecutor-QBFT-0 | INFO  | QbftBesuControllerBuilder | Imported #69 / 6 tx / 122 pending / 1,451,820 (0.0%) gas / (0x59f20d1d8b6977b9fa52eaa07e8b462482f0977a94f3a987cde990ec82b64268)
2026-10-07 16:17:10.446+00:00 | BftProcessorExecutor-QBFT-0 | INFO  | QbftBesuControllerBuilder | Imported #70 / 8 tx / 114 pending / 1,935,760 (0.0%) gas / (0x5a0db8975791e2d8184bb24b9af8adb5f8040d465d1fd71e941a3376e09d8023)
2026-10-07 16:17:12.508+00:00 | EthScheduler-Workers-0 | INFO  | PersistBlockTask | Block 71 (0xfcddfa5ea74f01186101ffe5c6a5b74dfc13a74c6c6452f09d2ca90de4d2757e) is already imported
2026-10-07 16:17:12.508+00:00 | BftProcessorExecutor-QBFT-0 | INFO  | QbftBesuControllerBuilder | Imported #71 / 8 tx / 106 pending / 1,935,760 (0.0%) gas / (0xfcddfa5ea74f01186101ffe5c6a5b74dfc13a74c6c6452f09d2ca90de4d2757e)
2026-10-07 16:17:14.480+00:00 | BftProcessorExecutor-QBFT-0 | INFO  | QbftBesuControllerBuilder | Imported #72 / 8 tx / 98 pending / 1,935,760 (0.0%) gas / (0x3cd402e58b1d820aa0d9cc738dfbc9d16c30a3be423a679b09df69fc0d9a0a42)
2026-10-07 16:17:16.512+00:00 | BftProcessorExecutor-QBFT-0 | INFO  | QbftBesuControllerBuilder | Imported #73 / 8 tx / 90 pending / 1,935,760 (0.0%) gas / (0x60c8cbe71409afbbd9476b4315245ccd8d9600fd5a19c47d0b003c8365085f04)
2026-10-07 16:17:18.526+00:00 | EthScheduler-Workers-0 | INFO  | PersistBlockTask | Block 74 (0xc4712ebceb5dc148e89d0e74357b685afd39a4a11be00e20a2b9b4379dc2031a) is already imported
2026-10-07 16:17:18.527+00:00 | BftProcessorExecutor-QBFT-0 | INFO  | QbftBesuControllerBuilder | Imported #74 / 8 tx / 82 pending / 1,935,760 (0.0%) gas / (0xc4712ebceb5dc148e89d0e74357b685afd39a4a11be00e20a2b9b4379dc2031a)
2026-10-07 16:17:20.557+00:00 | EthScheduler-Workers-0 | INFO  | PersistBlockTask | Block 75 (0x2cd5c28cd68ffdfc2989cae1e2e120046e756c47875d3167ed47085474c03319) is already imported
2026-10-07 16:17:20.557+00:00 | BftProcessorExecutor-QBFT-0 | INFO  | QbftBesuControllerBuilder | Produced #75 / 9 tx / 82 pending / 2,177,730 (0.0%) gas / (0x2cd5c28cd68ffdfc2989cae1e2e120046e756c47875d3167ed47085474c03319)
2026-10-07 16:17:22.498+00:00 | BftProcessorExecutor-QBFT-0 | INFO  | QbftBesuControllerBuilder | Imported #76 / 9 tx / 64 pending / 2,177,730 (0.0%) gas / (0x197721f042b6a310415219ccd7b7c0542e4a364dd583212a3cf0ea6607bf7c4f)
2026-10-07 16:17:24.565+00:00 | BftProcessorExecutor-QBFT-0 | INFO  | QbftBesuControllerBuilder | Imported #77 / 9 tx / 55 pending / 2,177,730 (0.0%) gas / (0x101559be1892c2d0a257bdde8f4361bd0703bcd838a44660b4f1edb6a1b11b92)
2026-10-07 16:17:24.565+00:00 | EthScheduler-Workers-0 | INFO  | PersistBlockTask | Block 77 (0x101559be1892c2d0a257bdde8f4361bd0703bcd838a44660b4f1edb6a1b11b92) is already imported
2026-10-07 16:17:26.520+00:00 | BftProcessorExecutor-QBFT-0 | INFO  | QbftBesuControllerBuilder | Imported #78 / 9 tx / 46 pending / 2,177,730 (0.0%) gas / (0xc119aa6907aa1d05b3bbeceae3fd33e8d3a4c4984eacaa10f0d8da543869f394)
2026-10-07 16:17:26.520+00:00 | EthScheduler-Workers-0 | INFO  | PersistBlockTask | Block 78 (0xc119aa6907aa1d05b3bbeceae3fd33e8d3a4c4984eacaa10f0d8da543869f394) is already imported
2026-10-07 16:17:28.474+00:00 | BftProcessorExecutor-QBFT-0 | INFO  | QbftBesuControllerBuilder | Imported #79 / 9 tx / 37 pending / 2,177,730 (0.0%) gas / (0x9276cd967b913e88c3ec6686f7f7fcd5b9b01159f4ce5e6643da3b56708c1e68)
2026-10-07 16:17:30.567+00:00 | EthScheduler-Workers-0 | INFO  | PersistBlockTask | Block 80 (0xf985d861d48614c8d32b07b34b795eedfff6ebaa2f4bd3a7e7b00a8df9801fb4) is already imported
2026-10-07 16:17:30.567+00:00 | BftProcessorExecutor-QBFT-0 | INFO  | QbftBesuControllerBuilder | Imported #80 / 9 tx / 28 pending / 2,177,730 (0.0%) gas / (0xf985d861d48614c8d32b07b34b795eedfff6ebaa2f4bd3a7e7b00a8df9801fb4)
2026-10-07 16:17:32.471+00:00 | BftProcessorExecutor-QBFT-0 | INFO  | QbftBesuControllerBuilder | Imported #81 / 9 tx / 19 pending / 2,177,730 (0.0%) gas / (0xfcd789265582922c9f4d57b4647d77f91f68c73f110fca37ba2c2f8f680d7637)
2026-10-07 16:17:34.417+00:00 | BftProcessorExecutor-QBFT-0 | INFO  | QbftBesuControllerBuilder | Imported #82 / 9 tx / 10 pending / 2,177,730 (0.0%) gas / (0xa687ec20c2145ab220737faeffecdb444a2dbc4f4e0aa9bc11d74283aa710446)
2026-10-07 16:17:34.417+00:00 | EthScheduler-Workers-0 | INFO  | PersistBlockTask | Block 82 (0xa687ec20c2145ab220737faeffecdb444a2dbc4f4e0aa9bc11d74283aa710446) is already imported
2026-10-07 16:17:36.524+00:00 | EthScheduler-Workers-0 | INFO  | PersistBlockTask | Block 83 (0xe7bf9aab519a9ecddb9b390b4ebbf4cc595eb7707191ef0f80b4b6de0e5706da) is already imported
2026-10-07 16:17:36.524+00:00 | BftProcessorExecutor-QBFT-0 | INFO  | QbftBesuControllerBuilder | Imported #83 / 8 tx / 2 pending / 1,935,760 (0.0%) gas / (0xe7bf9aab519a9ecddb9b390b4ebbf4cc595eb7707191ef0f80b4b6de0e5706da)
2026-10-07 16:17:38.387+00:00 | BftProcessorExecutor-QBFT-0 | INFO  | QbftBesuControllerBuilder | Imported #84 / 2 tx / 0 pending / 483,940 (0.0%) gas / (0x686a0acf2fa174b458b97504f1f26627c30c3d06e5eb3c9f37fcb557956a277d)
2026-10-07 16:17:40.228+00:00 | BftProcessorExecutor-QBFT-0 | INFO  | QbftBesuControllerBuilder | Imported #85 / 0 tx / 0 pending / 0 (0.0%) gas / (0x8c51d9018ad772b4f11ebcab18b25b62a99c20958fa4a4ce74ab868bc5c7bf69)
2026-10-07 16:17:42.294+00:00 | EthScheduler-Workers-0 | INFO  | PersistBlockTask | Block 86 (0x8752194004bf37f150b520b43c3162b1d392874639f79ef01e8f006cebf14ad8) is already imported
2026-10-07 16:17:42.295+00:00 | BftProcessorExecutor-QBFT-0 | INFO  | QbftBesuControllerBuilder | Imported #86 / 1 tx / 15 pending / 153,630 (0.0%) gas / (0x8752194004bf37f150b520b43c3162b1d392874639f79ef01e8f006cebf14ad8)
2026-10-07 16:17:44.296+00:00 | BftProcessorExecutor-QBFT-0 | INFO  | QbftBesuControllerBuilder | Imported #87 / 1 tx / 14 pending / 153,630 (0.0%) gas / (0x518ea755bec2cf9c21aa9b64652d407b11ccf83850f8b0c441d3b51b28e138d7)
2026-10-07 16:17:46.289+00:00 | EthScheduler-Workers-0 | INFO  | PersistBlockTask | Block 88 (0x0e2dfe8a2326b2b914a8e0f6ae0ca1530a13cef02cfab9ef50cd51d74a3d9d51) is already imported
2026-10-07 16:17:46.290+00:00 | BftProcessorExecutor-QBFT-0 | INFO  | QbftBesuControllerBuilder | Imported #88 / 1 tx / 13 pending / 153,650 (0.0%) gas / (0x0e2dfe8a2326b2b914a8e0f6ae0ca1530a13cef02cfab9ef50cd51d74a3d9d51)
2026-10-07 16:17:48.271+00:00 | BftProcessorExecutor-QBFT-0 | INFO  | QbftBesuControllerBuilder | Imported #89 / 1 tx / 12 pending / 153,630 (0.0%) gas / (0xf911fc863019429494f92873259e2b071b8b1931da2a29a25c3c03de943d51a7)
2026-10-07 16:17:50.249+00:00 | BftProcessorExecutor-QBFT-0 | INFO  | QbftBesuControllerBuilder | Produced #90 / 2 tx / 10 pending / 307,288 (0.0%) gas / (0x1478ce046b3dd2487bcc72867b15ee45f23801630c60d59bc80dcdc462e47a2c)
2026-10-07 16:17:52.261+00:00 | BftProcessorExecutor-QBFT-0 | INFO  | QbftBesuControllerBuilder | Imported #91 / 1 tx / 9 pending / 153,618 (0.0%) gas / (0x44a29e9c2c909faa97a066e7bf856f8e6bc805ec0368875f7ef5985314c20f40)
2026-10-07 16:17:54.278+00:00 | BftProcessorExecutor-QBFT-0 | INFO  | QbftBesuControllerBuilder | Imported #92 / 1 tx / 8 pending / 153,650 (0.0%) gas / (0x3c1ace8885bc702cebe6102bec42cd6a24f6abbd0eb0a82616ccceb8a1f93c01)
2026-10-07 16:17:56.311+00:00 | EthScheduler-Workers-0 | INFO  | PersistBlockTask | Block 93 (0x6048fd131f6ea39001bd595eaaf8276289c1be9fd698696f6b62d5a27f7f4d3f) is already imported
2026-10-07 16:17:56.311+00:00 | BftProcessorExecutor-QBFT-0 | INFO  | QbftBesuControllerBuilder | Imported #93 / 1 tx / 7 pending / 153,650 (0.0%) gas / (0x6048fd131f6ea39001bd595eaaf8276289c1be9fd698696f6b62d5a27f7f4d3f)
2026-10-07 16:17:58.288+00:00 | BftProcessorExecutor-QBFT-0 | INFO  | QbftBesuControllerBuilder | Imported #94 / 1 tx / 6 pending / 153,630 (0.0%) gas / (0x811ebcfc96ef00376b1b2e6049631ff5c1886f1bb78ea8a8c4bef6d2cac824eb)
2026-10-07 16:17:58.291+00:00 | EthScheduler-Workers-0 | INFO  | PersistBlockTask | Block 94 (0x811ebcfc96ef00376b1b2e6049631ff5c1886f1bb78ea8a8c4bef6d2cac824eb) is already imported
2026-10-07 16:18:00.251+00:00 | EthScheduler-Workers-0 | INFO  | PersistBlockTask | Block 95 (0x4c184641cba089e0a7bb1ab5beedeffc6640f3e2c24db94509fa866f8ff7d3ea) is already imported
2026-10-07 16:18:00.252+00:00 | BftProcessorExecutor-QBFT-0 | INFO  | QbftBesuControllerBuilder | Imported #95 / 1 tx / 5 pending / 153,630 (0.0%) gas / (0x4c184641cba089e0a7bb1ab5beedeffc6640f3e2c24db94509fa866f8ff7d3ea)
2026-10-07 16:18:02.286+00:00 | EthScheduler-Workers-0 | INFO  | PersistBlockTask | Block 96 (0xbcec39f79ba89715ff63e6afcdba22be370e625a7e10a448d77cbeea9f3c35c1) is already imported
2026-10-07 16:18:02.287+00:00 | BftProcessorExecutor-QBFT-0 | INFO  | QbftBesuControllerBuilder | Imported #96 / 1 tx / 4 pending / 153,650 (0.0%) gas / (0xbcec39f79ba89715ff63e6afcdba22be370e625a7e10a448d77cbeea9f3c35c1)
2026-10-07 16:18:04.274+00:00 | EthScheduler-Workers-0 | INFO  | PersistBlockTask | Block 97 (0xfe36ff15aa0aa824513109376f167e0a371dbe6bcf8781c7dfd3782d33da2e79) is already imported
2026-10-07 16:18:04.275+00:00 | BftProcessorExecutor-QBFT-0 | INFO  | QbftBesuControllerBuilder | Imported #97 / 1 tx / 3 pending / 153,650 (0.0%) gas / (0xfe36ff15aa0aa824513109376f167e0a371dbe6bcf8781c7dfd3782d33da2e79)
2026-10-07 16:18:06.343+00:00 | EthScheduler-Workers-0 | INFO  | PersistBlockTask | Block 98 (0x99520e5575ad8015c0b6890e7547811a3aec2f7a0f09f48ca4ccb5e5fb0c6765) is already imported
2026-10-07 16:18:06.343+00:00 | BftProcessorExecutor-QBFT-0 | INFO  | QbftBesuControllerBuilder | Imported #98 / 1 tx / 2 pending / 153,650 (0.0%) gas / (0x99520e5575ad8015c0b6890e7547811a3aec2f7a0f09f48ca4ccb5e5fb0c6765)
2026-10-07 16:18:08.269+00:00 | BftProcessorExecutor-QBFT-0 | INFO  | QbftBesuControllerBuilder | Imported #99 / 1 tx / 1 pending / 153,630 (0.0%) gas / (0x413b0bce884cb2a77891790275c811f784f39439abc65cf9fc417cb362575700)
2026-10-07 16:18:10.256+00:00 | BftProcessorExecutor-QBFT-0 | INFO  | QbftBesuControllerBuilder | Imported #100 / 1 tx / 0 pending / 153,650 (0.0%) gas / (0x0c5712967d1effabdb589bb168ab8e120a2cab92c1cbb7f42994e51a34b78fa8)
2026-10-07 16:18:12.434+00:00 | EthScheduler-Workers-0 | INFO  | PersistBlockTask | Block 101 (0xf789f0a5e4d1bb722171c79b0c7223738f2390768de78a333ac6f7bb2dc3ffd7) is already imported
2026-10-07 16:18:12.434+00:00 | BftProcessorExecutor-QBFT-0 | INFO  | QbftBesuControllerBuilder | Imported #101 / 8 tx / 120 pending / 1,935,760 (0.0%) gas / (0xf789f0a5e4d1bb722171c79b0c7223738f2390768de78a333ac6f7bb2dc3ffd7)
2026-10-07 16:18:14.467+00:00 | EthScheduler-Workers-0 | INFO  | PersistBlockTask | Block 102 (0xb936afca035d3aa9bc3fe305abdf380eeee27c16a15fdcd0cbbfc38e88514b69) is already imported
2026-10-07 16:18:14.467+00:00 | BftProcessorExecutor-QBFT-0 | INFO  | QbftBesuControllerBuilder | Imported #102 / 8 tx / 112 pending / 1,935,760 (0.0%) gas / (0xb936afca035d3aa9bc3fe305abdf380eeee27c16a15fdcd0cbbfc38e88514b69)
2026-10-07 16:18:16.477+00:00 | BftProcessorExecutor-QBFT-0 | INFO  | QbftBesuControllerBuilder | Imported #103 / 8 tx / 104 pending / 1,935,760 (0.0%) gas / (0xd505154d688112bef9ecac0e99e8136962736ba4da3895701b89b54f137cbdfa)
2026-10-07 16:18:18.459+00:00 | BftProcessorExecutor-QBFT-0 | INFO  | QbftBesuControllerBuilder | Imported #104 / 8 tx / 96 pending / 1,935,760 (0.0%) gas / (0x3207b044f3e3fdead2d8701eb72c95a23b965a7e021546af8047309d757fff1a)
2026-10-07 16:18:20.425+00:00 | BftProcessorExecutor-QBFT-0 | INFO  | QbftBesuControllerBuilder | Produced #105 / 9 tx / 87 pending / 2,177,730 (0.0%) gas / (0x82a00e7afbc55b9436fa069c8e330503fac2542b175e35b8a90c0d2e14d8c43e)
2026-10-07 16:18:20.426+00:00 | EthScheduler-Workers-0 | INFO  | PersistBlockTask | Block 105 (0x82a00e7afbc55b9436fa069c8e330503fac2542b175e35b8a90c0d2e14d8c43e) is already imported
2026-10-07 16:18:22.479+00:00 | BftProcessorExecutor-QBFT-0 | INFO  | QbftBesuControllerBuilder | Imported #106 / 9 tx / 78 pending / 2,177,730 (0.0%) gas / (0xb9ce5b9b2a00be717bae822c87b7dde1e87f97534c58333888801870fd46766d)
2026-10-07 16:18:24.501+00:00 | EthScheduler-Workers-0 | INFO  | PersistBlockTask | Block 107 (0xc054400ffbbdd5e1a28953289b8a2d129694a41aa50608bd5f045eaca4db4a5c) is already imported
2026-10-07 16:18:24.501+00:00 | BftProcessorExecutor-QBFT-0 | INFO  | QbftBesuControllerBuilder | Imported #107 / 9 tx / 69 pending / 2,177,730 (0.0%) gas / (0xc054400ffbbdd5e1a28953289b8a2d129694a41aa50608bd5f045eaca4db4a5c)
2026-10-07 16:18:26.551+00:00 | EthScheduler-Workers-0 | INFO  | PersistBlockTask | Block 108 (0xde9bdf6168e58baeb336d842110a6dcdcfc5f0a39acf2d161cf2bcb5b525ee63) is already imported
2026-10-07 16:18:26.551+00:00 | BftProcessorExecutor-QBFT-0 | INFO  | QbftBesuControllerBuilder | Imported #108 / 9 tx / 60 pending / 2,177,730 (0.0%) gas / (0xde9bdf6168e58baeb336d842110a6dcdcfc5f0a39acf2d161cf2bcb5b525ee63)
2026-10-07 16:18:28.514+00:00 | BftProcessorExecutor-QBFT-0 | INFO  | QbftBesuControllerBuilder | Imported #109 / 9 tx / 51 pending / 2,177,730 (0.0%) gas / (0x3e8ddf5bc2bf009b4bc029e1c750d9db81f828baf1c6b7af84e16aafdf625d71)
2026-10-07 16:18:30.500+00:00 | BftProcessorExecutor-QBFT-0 | INFO  | QbftBesuControllerBuilder | Imported #110 / 9 tx / 42 pending / 2,177,730 (0.0%) gas / (0x2530a91860869153da05127250049b05d08399cf52e8687393711430457e8cb0)
2026-10-07 16:18:32.436+00:00 | BftProcessorExecutor-QBFT-0 | INFO  | QbftBesuControllerBuilder | Imported #111 / 9 tx / 33 pending / 2,177,730 (0.0%) gas / (0xc49d8ce3da7d15c2f5aa948cfd2ad77e007be098f6431cb11c425e75c06205f2)
2026-10-07 16:18:34.427+00:00 | BftProcessorExecutor-QBFT-0 | INFO  | QbftBesuControllerBuilder | Imported #112 / 9 tx / 24 pending / 2,177,730 (0.0%) gas / (0x31080f8a8f1fd26f1c7f9c07c5ef6e1e0c8049153f0360856ef7f41c210453fe)
2026-10-07 16:18:36.489+00:00 | BftProcessorExecutor-QBFT-0 | INFO  | QbftBesuControllerBuilder | Imported #113 / 8 tx / 16 pending / 1,935,760 (0.0%) gas / (0x24b6f6ecb0d20cef3c6eeaf05a002c73f9d1d559c24ce6d2202ef351678f7c5a)
2026-10-07 16:18:38.488+00:00 | BftProcessorExecutor-QBFT-0 | INFO  | QbftBesuControllerBuilder | Imported #114 / 8 tx / 8 pending / 1,935,760 (0.0%) gas / (0xc012696a943924918b0577f88d193b8b69d3be90b78a38a74a9079e20f3f4644)
2026-10-07 16:18:38.488+00:00 | EthScheduler-Workers-0 | INFO  | PersistBlockTask | Block 114 (0xc012696a943924918b0577f88d193b8b69d3be90b78a38a74a9079e20f3f4644) is already imported
2026-10-07 16:18:40.523+00:00 | BftProcessorExecutor-QBFT-0 | INFO  | QbftBesuControllerBuilder | Imported #115 / 8 tx / 0 pending / 1,935,760 (0.0%) gas / (0x396f5e5e01e82b25831f29ac2c138e4818b375cb29562a7454c28573c531887b)
2026-10-07 16:18:40.523+00:00 | EthScheduler-Workers-0 | INFO  | PersistBlockTask | Block 115 (0x396f5e5e01e82b25831f29ac2c138e4818b375cb29562a7454c28573c531887b) is already imported
2026-10-07 16:18:42.285+00:00 | BftProcessorExecutor-QBFT-0 | INFO  | QbftBesuControllerBuilder | Imported #116 / 0 tx / 0 pending / 0 (0.0%) gas / (0x9230aa9e8a74777cfa548f8ae240bbaf0d6729890b1ba2bb792ac9cedb64f598)
2026-10-07 16:18:44.254+00:00 | BftProcessorExecutor-QBFT-0 | INFO  | QbftBesuControllerBuilder | Imported #117 / 1 tx / 15 pending / 153,650 (0.0%) gas / (0xa239fb952c02decc1f7031d51eca9c9837bb29f38df77862aabf80b3c8f37945)
2026-10-07 16:18:46.342+00:00 | BftProcessorExecutor-QBFT-0 | INFO  | QbftBesuControllerBuilder | Imported #118 / 1 tx / 14 pending / 153,650 (0.0%) gas / (0x70f9ae70a38508b67099382e40acaaeba17dfc745b8f6cb4a329152423e5d668)
2026-10-07 16:18:48.272+00:00 | BftProcessorExecutor-QBFT-0 | INFO  | QbftBesuControllerBuilder | Imported #119 / 1 tx / 13 pending / 153,630 (0.0%) gas / (0x765a354418d61c691c04ca47074f9d61e7e297d41a324047b7af265227c2db1f)
2026-10-07 16:18:50.258+00:00 | EthScheduler-Workers-0 | INFO  | PersistBlockTask | Block 120 (0x1d36b601cb59a3a8e4507d3abb7ff94cdff9c0efdcd7a6f9a27b67a2a3f370f3) is already imported
2026-10-07 16:18:50.258+00:00 | BftProcessorExecutor-QBFT-0 | INFO  | QbftBesuControllerBuilder | Produced #120 / 2 tx / 11 pending / 307,300 (0.0%) gas / (0x1d36b601cb59a3a8e4507d3abb7ff94cdff9c0efdcd7a6f9a27b67a2a3f370f3)
2026-10-07 16:18:52.321+00:00 | EthScheduler-Workers-0 | INFO  | PersistBlockTask | Block 121 (0x62424ca760f765e107cef646f3ae901fc60e20f4d9eae30f8b37f6c78dec0fb6) is already imported
2026-10-07 16:18:52.321+00:00 | BftProcessorExecutor-QBFT-0 | INFO  | QbftBesuControllerBuilder | Imported #121 / 1 tx / 10 pending / 153,630 (0.0%) gas / (0x62424ca760f765e107cef646f3ae901fc60e20f4d9eae30f8b37f6c78dec0fb6)
2026-10-07 16:18:54.302+00:00 | BftProcessorExecutor-QBFT-0 | INFO  | QbftBesuControllerBuilder | Imported #122 / 1 tx / 9 pending / 153,630 (0.0%) gas / (0x9e4237f5176435703f33aa491ea18e5acc527ddb76f71ea065d874407226ba03)
2026-10-07 16:18:56.364+00:00 | BftProcessorExecutor-QBFT-0 | INFO  | QbftBesuControllerBuilder | Imported #123 / 1 tx / 8 pending / 153,626 (0.0%) gas / (0xd054e2d4c92dc77f4229a01e4ac46f150c5d531322b02b48442b68dc3aa9c16a)
2026-10-07 16:18:58.287+00:00 | EthScheduler-Workers-0 | INFO  | PersistBlockTask | Block 124 (0x4af99cff22aea5803fd366c09c632d9a27e13355e74b52ce556fc65bf09f6a46) is already imported
2026-10-07 16:18:58.288+00:00 | BftProcessorExecutor-QBFT-0 | INFO  | QbftBesuControllerBuilder | Imported #124 / 1 tx / 7 pending / 153,630 (0.0%) gas / (0x4af99cff22aea5803fd366c09c632d9a27e13355e74b52ce556fc65bf09f6a46)
2026-10-07 16:19:00.256+00:00 | BftProcessorExecutor-QBFT-0 | INFO  | QbftBesuControllerBuilder | Imported #125 / 1 tx / 6 pending / 153,630 (0.0%) gas / (0x05cb850518a972a8d70a2d33242e9a0980eacb7925de44a2f220409e873a52c1)
2026-10-07 16:19:00.256+00:00 | EthScheduler-Workers-0 | INFO  | PersistBlockTask | Block 125 (0x05cb850518a972a8d70a2d33242e9a0980eacb7925de44a2f220409e873a52c1) is already imported
2026-10-07 16:19:02.279+00:00 | EthScheduler-Workers-0 | INFO  | PersistBlockTask | Block 126 (0x4509e5d23ae6270f4c47fe1d9a9e700f93ed8850c4b08703bc29b85f530f44fe) is already imported
2026-10-07 16:19:02.279+00:00 | BftProcessorExecutor-QBFT-0 | INFO  | QbftBesuControllerBuilder | Imported #126 / 1 tx / 5 pending / 153,618 (0.0%) gas / (0x4509e5d23ae6270f4c47fe1d9a9e700f93ed8850c4b08703bc29b85f530f44fe)
2026-10-07 16:19:04.295+00:00 | BftProcessorExecutor-QBFT-0 | INFO  | QbftBesuControllerBuilder | Imported #127 / 1 tx / 4 pending / 153,650 (0.0%) gas / (0xcc499f08cd6af0ac1165274ea31ec0d8849077a279f37314f658876fdcc0e8c1)
2026-10-07 16:19:06.327+00:00 | BftProcessorExecutor-QBFT-0 | INFO  | QbftBesuControllerBuilder | Imported #128 / 1 tx / 3 pending / 153,630 (0.0%) gas / (0x8363c8924833a365f6016c0d9177f7df3543d1a7fb19641160e8406888ff88f7)
2026-10-07 16:19:08.266+00:00 | BftProcessorExecutor-QBFT-0 | INFO  | QbftBesuControllerBuilder | Imported #129 / 1 tx / 2 pending / 153,630 (0.0%) gas / (0xe7942f07cbdb81d283dc38a86819c577d8fa36ad7a0a12d3552ed715dc9b6e54)
2026-10-07 16:19:10.224+00:00 | BftProcessorExecutor-QBFT-0 | INFO  | QbftBesuControllerBuilder | Imported #130 / 1 tx / 1 pending / 153,606 (0.0%) gas / (0xd3d0e655bd7d0c456b275356fd08c43885603f9687ab2c83e0c33a95d4c508c6)
2026-10-07 16:19:12.268+00:00 | BftProcessorExecutor-QBFT-0 | INFO  | QbftBesuControllerBuilder | Imported #131 / 1 tx / 0 pending / 153,630 (0.0%) gas / (0xb2c8620e47a8d21e472c6e0a7969b47ab5a350cdee3eac03c827e5413aa1c248)
2026-10-07 16:19:14.307+00:00 | BftProcessorExecutor-QBFT-0 | INFO  | QbftBesuControllerBuilder | Imported #132 / 4 tx / 112 pending / 967,880 (0.0%) gas / (0xcd2624f7b4eec4db61449304c9e2ad89b6e2c0f2f73e96b076d52b64d428f6d4)
2026-10-07 16:19:16.515+00:00 | EthScheduler-Workers-0 | INFO  | PersistBlockTask | Block 133 (0xcf64b3ec73a4ad3fdc72b8d11b2c29488ce6e23ce141e759614c2a31aaabaecc) is already imported
2026-10-07 16:19:16.516+00:00 | BftProcessorExecutor-QBFT-0 | INFO  | QbftBesuControllerBuilder | Imported #133 / 8 tx / 116 pending / 1,935,760 (0.0%) gas / (0xcf64b3ec73a4ad3fdc72b8d11b2c29488ce6e23ce141e759614c2a31aaabaecc)
2026-10-07 16:19:18.448+00:00 | BftProcessorExecutor-QBFT-0 | INFO  | QbftBesuControllerBuilder | Imported #134 / 8 tx / 108 pending / 1,935,760 (0.0%) gas / (0xa6a9d653cbfc74727b21ccb7d19b612e86a73b7f13823771274e518fb090c33a)
2026-10-07 16:19:20.543+00:00 | EthScheduler-Workers-0 | INFO  | PersistBlockTask | Block 135 (0x44a423be02f71260d796b6f0fcf1952f7db4d19ab50de6a375b9474b782bc84a) is already imported
2026-10-07 16:19:20.545+00:00 | BftProcessorExecutor-QBFT-0 | INFO  | QbftBesuControllerBuilder | Produced #135 / 9 tx / 99 pending / 2,177,730 (0.0%) gas / (0x44a423be02f71260d796b6f0fcf1952f7db4d19ab50de6a375b9474b782bc84a)
2026-10-07 16:19:22.462+00:00 | BftProcessorExecutor-QBFT-0 | INFO  | QbftBesuControllerBuilder | Imported #136 / 9 tx / 90 pending / 2,177,730 (0.0%) gas / (0x5b327061cc493ad387732018a5c7194663a1f428fc621c4fb1349fa70cb7fd10)
2026-10-07 16:19:24.508+00:00 | BftProcessorExecutor-QBFT-0 | INFO  | QbftBesuControllerBuilder | Imported #137 / 9 tx / 81 pending / 2,177,730 (0.0%) gas / (0x1e25c2f48b7bc8b79580e5c5e2e70db060b558f09e7d43937cc76d52d344ffcd)
2026-10-07 16:19:26.497+00:00 | BftProcessorExecutor-QBFT-0 | INFO  | QbftBesuControllerBuilder | Imported #138 / 9 tx / 72 pending / 2,177,730 (0.0%) gas / (0xb8e1a42251a19416897616a0f70b3614117d918eb8da15e9c5b31c6889a596da)
2026-10-07 16:19:26.497+00:00 | EthScheduler-Workers-0 | INFO  | PersistBlockTask | Block 138 (0xb8e1a42251a19416897616a0f70b3614117d918eb8da15e9c5b31c6889a596da) is already imported
2026-10-07 16:19:28.477+00:00 | BftProcessorExecutor-QBFT-0 | INFO  | QbftBesuControllerBuilder | Imported #139 / 9 tx / 63 pending / 2,177,730 (0.0%) gas / (0xa2bc1fd4b5b304c3aa3eb176b89b186c4f07b498c1fb8c05568d99166e8d7a4f)
2026-10-07 16:19:30.494+00:00 | BftProcessorExecutor-QBFT-0 | INFO  | QbftBesuControllerBuilder | Imported #140 / 9 tx / 54 pending / 2,177,730 (0.0%) gas / (0x058b47e93d8060345654cb538b37ccce41736ed86a163f865d48480bbaefe324)
2026-10-07 16:19:30.494+00:00 | EthScheduler-Workers-0 | INFO  | PersistBlockTask | Block 140 (0x058b47e93d8060345654cb538b37ccce41736ed86a163f865d48480bbaefe324) is already imported
2026-10-07 16:19:32.489+00:00 | BftProcessorExecutor-QBFT-0 | INFO  | QbftBesuControllerBuilder | Imported #141 / 9 tx / 45 pending / 2,177,730 (0.0%) gas / (0x1daf33bab18254eed067616e8239711bbb7d7948c2bbd281ad417c6d030f2947)
2026-10-07 16:19:34.487+00:00 | BftProcessorExecutor-QBFT-0 | INFO  | QbftBesuControllerBuilder | Imported #142 / 9 tx / 36 pending / 2,177,730 (0.0%) gas / (0xa5b75c34f26b197b2776cfade42c27d2c7528485ae40b0433ed8b97cf5002edb)
2026-10-07 16:19:36.543+00:00 | BftProcessorExecutor-QBFT-0 | INFO  | QbftBesuControllerBuilder | Imported #143 / 8 tx / 28 pending / 1,935,760 (0.0%) gas / (0xd69ba3a1c309721b9d79f7740da4d0850fa4723544ad388c0968b020a697c454)
2026-10-07 16:19:36.543+00:00 | EthScheduler-Workers-0 | INFO  | PersistBlockTask | Block 143 (0xd69ba3a1c309721b9d79f7740da4d0850fa4723544ad388c0968b020a697c454) is already imported
2026-10-07 16:19:38.545+00:00 | BftProcessorExecutor-QBFT-0 | INFO  | QbftBesuControllerBuilder | Imported #144 / 8 tx / 20 pending / 1,935,760 (0.0%) gas / (0xce114a80a563aee5872b1b90790c01d1f246ea6441e6f6fa255e185f3aa6fec7)
2026-10-07 16:19:38.545+00:00 | EthScheduler-Workers-0 | INFO  | PersistBlockTask | Block 144 (0xce114a80a563aee5872b1b90790c01d1f246ea6441e6f6fa255e185f3aa6fec7) is already imported
2026-10-07 16:19:40.476+00:00 | BftProcessorExecutor-QBFT-0 | INFO  | QbftBesuControllerBuilder | Imported #145 / 8 tx / 12 pending / 1,935,760 (0.0%) gas / (0xa2e5cedfe5b7d51e68c2772d70e4ce53f79df56afac8714ae67d7af686f774af)
2026-10-07 16:19:42.483+00:00 | EthScheduler-Workers-0 | INFO  | PersistBlockTask | Block 146 (0xcf83fb25e0c75022ebff85144f29cc2ee349ee4cd60a907fb5c79a04501e60fa) is already imported
2026-10-07 16:19:42.483+00:00 | BftProcessorExecutor-QBFT-0 | INFO  | QbftBesuControllerBuilder | Imported #146 / 8 tx / 4 pending / 1,935,760 (0.0%) gas / (0xcf83fb25e0c75022ebff85144f29cc2ee349ee4cd60a907fb5c79a04501e60fa)
2026-10-07 16:19:44.380+00:00 | EthScheduler-Workers-0 | INFO  | PersistBlockTask | Block 147 (0x7bb26e66f6e4673696fd48c28c79a5fcc7876b536eab09426567415687e2a072) is already imported
2026-10-07 16:19:44.381+00:00 | BftProcessorExecutor-QBFT-0 | INFO  | QbftBesuControllerBuilder | Imported #147 / 4 tx / 0 pending / 967,880 (0.0%) gas / (0x7bb26e66f6e4673696fd48c28c79a5fcc7876b536eab09426567415687e2a072)
2026-10-07 16:19:46.341+00:00 | BftProcessorExecutor-QBFT-0 | INFO  | QbftBesuControllerBuilder | Imported #148 / 0 tx / 0 pending / 0 (0.0%) gas / (0x547d22af350e5392344808c2021e566fe31b6ec438a9dcac28f950c1f7e39ad2)
2026-10-07 16:19:48.289+00:00 | EthScheduler-Workers-0 | INFO  | PersistBlockTask | Block 149 (0x225a62892aaf43bfc33e22bf2ee98b51fc536656419935a430c2d104e9fb6289) is already imported
2026-10-07 16:19:48.290+00:00 | BftProcessorExecutor-QBFT-0 | INFO  | QbftBesuControllerBuilder | Imported #149 / 1 tx / 15 pending / 153,630 (0.0%) gas / (0x225a62892aaf43bfc33e22bf2ee98b51fc536656419935a430c2d104e9fb6289)
2026-10-07 16:19:50.263+00:00 | EthScheduler-Workers-0 | INFO  | PersistBlockTask | Block 150 (0x1632b94d156e4929ff02ca3949c7f89c9383a4454d32d4cd8a67348ccb933965) is already imported
2026-10-07 16:19:50.264+00:00 | BftProcessorExecutor-QBFT-0 | INFO  | QbftBesuControllerBuilder | Produced #150 / 2 tx / 13 pending / 307,276 (0.0%) gas / (0x1632b94d156e4929ff02ca3949c7f89c9383a4454d32d4cd8a67348ccb933965)
2026-10-07 16:19:52.273+00:00 | EthScheduler-Workers-0 | INFO  | PersistBlockTask | Block 151 (0xc09b93db5a5ae2a37f2267e125a735763c2ef39edee5918c384c7deaaff61e50) is already imported
2026-10-07 16:19:52.273+00:00 | BftProcessorExecutor-QBFT-0 | INFO  | QbftBesuControllerBuilder | Imported #151 / 1 tx / 12 pending / 153,638 (0.0%) gas / (0xc09b93db5a5ae2a37f2267e125a735763c2ef39edee5918c384c7deaaff61e50)
2026-10-07 16:19:54.265+00:00 | BftProcessorExecutor-QBFT-0 | INFO  | QbftBesuControllerBuilder | Imported #152 / 1 tx / 11 pending / 153,630 (0.0%) gas / (0x5e8f1ccd49831695b6077f6d9c70e60f9ba504bd949c780ccbf4d77839712718)
2026-10-07 16:19:56.285+00:00 | EthScheduler-Workers-0 | INFO  | PersistBlockTask | Block 153 (0xf1672d2c780aa38d1f351112f5a22d33f9a346dacf27727559b2984075c68ca3) is already imported
2026-10-07 16:19:56.286+00:00 | BftProcessorExecutor-QBFT-0 | INFO  | QbftBesuControllerBuilder | Imported #153 / 1 tx / 10 pending / 153,650 (0.0%) gas / (0xf1672d2c780aa38d1f351112f5a22d33f9a346dacf27727559b2984075c68ca3)
2026-10-07 16:19:58.303+00:00 | BftProcessorExecutor-QBFT-0 | INFO  | QbftBesuControllerBuilder | Imported #154 / 1 tx / 9 pending / 153,630 (0.0%) gas / (0x1f3ba9765b2a26dc2674570f0b519fba3e2cacfbcc2a5d33bfb5fcddf8e113c0)
2026-10-07 16:19:58.305+00:00 | EthScheduler-Workers-0 | INFO  | PersistBlockTask | Block 154 (0x1f3ba9765b2a26dc2674570f0b519fba3e2cacfbcc2a5d33bfb5fcddf8e113c0) is already imported
2026-10-07 16:20:00.240+00:00 | BftProcessorExecutor-QBFT-0 | INFO  | QbftBesuControllerBuilder | Imported #155 / 1 tx / 8 pending / 153,638 (0.0%) gas / (0xa9fdfdbfde1cd6595e47779758d1e343b57d42569ad66a394fd190338519309c)
2026-10-07 16:20:02.309+00:00 | EthScheduler-Workers-0 | INFO  | PersistBlockTask | Block 156 (0x21a332cf94bcfd26194ee579db87222a7589ed14d4851213d2f4cbf0c07bf847) is already imported
2026-10-07 16:20:02.309+00:00 | BftProcessorExecutor-QBFT-0 | INFO  | QbftBesuControllerBuilder | Imported #156 / 1 tx / 7 pending / 153,606 (0.0%) gas / (0x21a332cf94bcfd26194ee579db87222a7589ed14d4851213d2f4cbf0c07bf847)
2026-10-07 16:20:04.269+00:00 | EthScheduler-Workers-0 | INFO  | PersistBlockTask | Block 157 (0xb3e41a989b8e0070845780c4f3fcd8c8ebc1a2d04060cb8c5106cd40f9a71bbb) is already imported
2026-10-07 16:20:04.269+00:00 | BftProcessorExecutor-QBFT-0 | INFO  | QbftBesuControllerBuilder | Imported #157 / 1 tx / 6 pending / 153,630 (0.0%) gas / (0xb3e41a989b8e0070845780c4f3fcd8c8ebc1a2d04060cb8c5106cd40f9a71bbb)
2026-10-07 16:20:06.341+00:00 | BftProcessorExecutor-QBFT-0 | INFO  | QbftBesuControllerBuilder | Imported #158 / 1 tx / 5 pending / 153,630 (0.0%) gas / (0x51d8a27004151db1c3691563a18255117e8d707128619486f611a0a8b87f83bb)
2026-10-07 16:20:08.303+00:00 | EthScheduler-Workers-0 | INFO  | PersistBlockTask | Block 159 (0x28ff04b78b34232ffebcad31f5e25dccbc1f11bdefb13e8121df5ccb2f903793) is already imported
2026-10-07 16:20:08.303+00:00 | BftProcessorExecutor-QBFT-0 | INFO  | QbftBesuControllerBuilder | Imported #159 / 1 tx / 4 pending / 153,630 (0.0%) gas / (0x28ff04b78b34232ffebcad31f5e25dccbc1f11bdefb13e8121df5ccb2f903793)
2026-10-07 16:20:10.247+00:00 | BftProcessorExecutor-QBFT-0 | INFO  | QbftBesuControllerBuilder | Imported #160 / 1 tx / 3 pending / 153,650 (0.0%) gas / (0x6399e57c7f15f58c52fce5748589232cbfa4289d4fe950aa11d67f93a14fafe8)
2026-10-07 16:20:12.322+00:00 | BftProcessorExecutor-QBFT-0 | INFO  | QbftBesuControllerBuilder | Imported #161 / 1 tx / 2 pending / 153,630 (0.0%) gas / (0xd940af8b351decd991303bced7c05365f9370d30f6becf7fa339f9085c9f8eaf)
2026-10-07 16:20:12.322+00:00 | EthScheduler-Workers-0 | INFO  | PersistBlockTask | Block 161 (0xd940af8b351decd991303bced7c05365f9370d30f6becf7fa339f9085c9f8eaf) is already imported
2026-10-07 16:20:14.238+00:00 | BftProcessorExecutor-QBFT-0 | INFO  | QbftBesuControllerBuilder | Imported #162 / 1 tx / 1 pending / 153,618 (0.0%) gas / (0xdce2c206f660f3512bb57fc45466140f04fe5d3f2de5f89e7c4eb984335a685e)
2026-10-07 16:20:16.345+00:00 | EthScheduler-Workers-0 | INFO  | PersistBlockTask | Block 163 (0x74193d37d667a2f44b6aeb2bdd3d50ef38590962924b4ecea48abf48cc2a5217) is already imported
2026-10-07 16:20:16.345+00:00 | BftProcessorExecutor-QBFT-0 | INFO  | QbftBesuControllerBuilder | Imported #163 / 1 tx / 0 pending / 153,638 (0.0%) gas / (0x74193d37d667a2f44b6aeb2bdd3d50ef38590962924b4ecea48abf48cc2a5217)
2026-10-07 16:20:18.449+00:00 | EthScheduler-Workers-0 | INFO  | PersistBlockTask | Block 164 (0xfd58157f3455873756ff1f0a23e4fe91d6d7b353a18c6c8fd012eb8138e48bd9) is already imported
2026-10-07 16:20:18.449+00:00 | BftProcessorExecutor-QBFT-0 | INFO  | QbftBesuControllerBuilder | Imported #164 / 7 tx / 121 pending / 1,693,790 (0.0%) gas / (0xfd58157f3455873756ff1f0a23e4fe91d6d7b353a18c6c8fd012eb8138e48bd9)
2026-10-07 16:20:20.518+00:00 | BftProcessorExecutor-QBFT-0 | INFO  | QbftBesuControllerBuilder | Produced #165 / 9 tx / 112 pending / 2,177,730 (0.0%) gas / (0x837f5740a407fc84e4ee19b80e9e8e6cb8fccd28d1e37eb1dc377e6e42e0cd33)
2026-10-07 16:20:20.518+00:00 | EthScheduler-Workers-0 | INFO  | PersistBlockTask | Block 165 (0x837f5740a407fc84e4ee19b80e9e8e6cb8fccd28d1e37eb1dc377e6e42e0cd33) is already imported
2026-10-07 16:20:22.526+00:00 | BftProcessorExecutor-QBFT-0 | INFO  | QbftBesuControllerBuilder | Imported #166 / 9 tx / 103 pending / 2,177,730 (0.0%) gas / (0x369d515e1ae0c07d39a060d9631f8a1f296b1c92d5710074e25a7401cffa2193)
2026-10-07 16:20:22.526+00:00 | EthScheduler-Workers-0 | INFO  | PersistBlockTask | Block 166 (0x369d515e1ae0c07d39a060d9631f8a1f296b1c92d5710074e25a7401cffa2193) is already imported
2026-10-07 16:20:24.522+00:00 | BftProcessorExecutor-QBFT-0 | INFO  | QbftBesuControllerBuilder | Imported #167 / 9 tx / 94 pending / 2,177,730 (0.0%) gas / (0x3d771fa8bfeffa59f3d73a15912817114317d762bc2360bb6f3190665bb336f5)
2026-10-07 16:20:26.562+00:00 | BftProcessorExecutor-QBFT-0 | INFO  | QbftBesuControllerBuilder | Imported #168 / 9 tx / 85 pending / 2,177,730 (0.0%) gas / (0xa444e0a3d50cc98413e307b5ac375825efceda6c42f2c0f21273ed5d431ee4ee)
2026-10-07 16:20:26.562+00:00 | EthScheduler-Workers-0 | INFO  | PersistBlockTask | Block 168 (0xa444e0a3d50cc98413e307b5ac375825efceda6c42f2c0f21273ed5d431ee4ee) is already imported
2026-10-07 16:20:28.530+00:00 | EthScheduler-Workers-0 | INFO  | PersistBlockTask | Block 169 (0xf5ef54381fe592bb54e298d5656b05d5990b83f0b60abfe80b7453d5645d6f9c) is already imported
2026-10-07 16:20:28.531+00:00 | BftProcessorExecutor-QBFT-0 | INFO  | QbftBesuControllerBuilder | Imported #169 / 9 tx / 76 pending / 2,177,730 (0.0%) gas / (0xf5ef54381fe592bb54e298d5656b05d5990b83f0b60abfe80b7453d5645d6f9c)
2026-10-07 16:20:30.563+00:00 | BftProcessorExecutor-QBFT-0 | INFO  | QbftBesuControllerBuilder | Imported #170 / 9 tx / 67 pending / 2,177,730 (0.0%) gas / (0xb2e87dd985523ea612182a8a1ae105d30312cbe225f9d744613a07d49826ed54)
2026-10-07 16:20:30.563+00:00 | EthScheduler-Workers-0 | INFO  | PersistBlockTask | Block 170 (0xb2e87dd985523ea612182a8a1ae105d30312cbe225f9d744613a07d49826ed54) is already imported
2026-10-07 16:20:32.517+00:00 | EthScheduler-Workers-0 | INFO  | PersistBlockTask | Block 171 (0xec583ea70d8a6c69f90a6a37753b78bac132da6766e57c17df54c6ad3fdc5cef) is already imported
2026-10-07 16:20:32.517+00:00 | BftProcessorExecutor-QBFT-0 | INFO  | QbftBesuControllerBuilder | Imported #171 / 9 tx / 58 pending / 2,177,730 (0.0%) gas / (0xec583ea70d8a6c69f90a6a37753b78bac132da6766e57c17df54c6ad3fdc5cef)
2026-10-07 16:20:34.477+00:00 | EthScheduler-Workers-0 | INFO  | PersistBlockTask | Block 172 (0x9d782d975c3a2c2182295b3f3d7a4fcb6434d70b088fc7d0c2881d56b60a38ee) is already imported
2026-10-07 16:20:34.477+00:00 | BftProcessorExecutor-QBFT-0 | INFO  | QbftBesuControllerBuilder | Imported #172 / 9 tx / 49 pending / 2,177,730 (0.0%) gas / (0x9d782d975c3a2c2182295b3f3d7a4fcb6434d70b088fc7d0c2881d56b60a38ee)
2026-10-07 16:20:36.490+00:00 | BftProcessorExecutor-QBFT-0 | INFO  | QbftBesuControllerBuilder | Imported #173 / 8 tx / 41 pending / 1,935,760 (0.0%) gas / (0xd8911258e032d9f5d1a10463ea1acf2b1fd2bee01ae2ba1c9b40429d24eeb4ab)
2026-10-07 16:20:38.514+00:00 | BftProcessorExecutor-QBFT-0 | INFO  | QbftBesuControllerBuilder | Imported #174 / 8 tx / 33 pending / 1,935,760 (0.0%) gas / (0x3e15ecb00f141f76ead2a1b7839b1746ec35fb7bf6ad1289552c81eb96428ae5)
2026-10-07 16:20:40.513+00:00 | BftProcessorExecutor-QBFT-0 | INFO  | QbftBesuControllerBuilder | Imported #175 / 8 tx / 25 pending / 1,935,760 (0.0%) gas / (0xefcd396060b53272be646ff1ac017adec7502ff00cc033f3e12ed84733dbc738)
2026-10-07 16:20:40.513+00:00 | EthScheduler-Workers-0 | INFO  | PersistBlockTask | Block 175 (0xefcd396060b53272be646ff1ac017adec7502ff00cc033f3e12ed84733dbc738) is already imported
2026-10-07 16:20:42.480+00:00 | EthScheduler-Workers-0 | INFO  | PersistBlockTask | Block 176 (0xed8436721698c10e5c77689145bf0940bd2f3a21f45d38d8e883d4c520616efb) is already imported
2026-10-07 16:20:42.481+00:00 | BftProcessorExecutor-QBFT-0 | INFO  | QbftBesuControllerBuilder | Imported #176 / 8 tx / 17 pending / 1,935,760 (0.0%) gas / (0xed8436721698c10e5c77689145bf0940bd2f3a21f45d38d8e883d4c520616efb)
2026-10-07 16:20:44.520+00:00 | EthScheduler-Workers-0 | INFO  | PersistBlockTask | Block 177 (0x68074f9944840cf72d04a202af78e00e57e7ad0f1c1347a7cf76412af9b524c7) is already imported
2026-10-07 16:20:44.520+00:00 | BftProcessorExecutor-QBFT-0 | INFO  | QbftBesuControllerBuilder | Imported #177 / 8 tx / 9 pending / 1,935,760 (0.0%) gas / (0x68074f9944840cf72d04a202af78e00e57e7ad0f1c1347a7cf76412af9b524c7)
2026-10-07 16:20:46.535+00:00 | EthScheduler-Workers-0 | INFO  | PersistBlockTask | Block 178 (0x7997f3db868858eb418c30843851ed760bd43c0406a553d48d3b4ac25813c15b) is already imported
2026-10-07 16:20:46.535+00:00 | BftProcessorExecutor-QBFT-0 | INFO  | QbftBesuControllerBuilder | Imported #178 / 8 tx / 1 pending / 1,935,760 (0.0%) gas / (0x7997f3db868858eb418c30843851ed760bd43c0406a553d48d3b4ac25813c15b)
2026-10-07 16:20:48.299+00:00 | BftProcessorExecutor-QBFT-0 | INFO  | QbftBesuControllerBuilder | Imported #179 / 1 tx / 0 pending / 241,970 (0.0%) gas / (0x7449c826c9ad7f2d490e51e943f9c078796ead0965bb48e888f053c5ddfa1109)
2026-10-07 16:20:50.232+00:00 | BftProcessorExecutor-QBFT-0 | INFO  | QbftBesuControllerBuilder | Produced #180 / 0 tx / 0 pending / 0 (0.0%) gas / (0xe23a20204bab4a345dc1a83eb4a457a17312a6fc355053336bf4aad6ff4f91cc)
2026-10-07 16:20:50.232+00:00 | EthScheduler-Workers-0 | INFO  | PersistBlockTask | Block 180 (0xe23a20204bab4a345dc1a83eb4a457a17312a6fc355053336bf4aad6ff4f91cc) is already imported
2026-10-07 16:20:52.246+00:00 | BftProcessorExecutor-QBFT-0 | INFO  | QbftBesuControllerBuilder | Imported #181 / 1 tx / 15 pending / 153,618 (0.0%) gas / (0xd7d74a6d6f1cfc90b178f859d08ee4b4c8284a392591653caa7b5b89486bd433)
2026-10-07 16:20:54.264+00:00 | EthScheduler-Workers-0 | INFO  | PersistBlockTask | Block 182 (0x5b3a30e8104563ac29e1178abad70a7167b5271432cd1f10d21fa497ce5ccd6f) is already imported
2026-10-07 16:20:54.264+00:00 | BftProcessorExecutor-QBFT-0 | INFO  | QbftBesuControllerBuilder | Imported #182 / 1 tx / 14 pending / 153,650 (0.0%) gas / (0x5b3a30e8104563ac29e1178abad70a7167b5271432cd1f10d21fa497ce5ccd6f)
2026-10-07 16:20:56.354+00:00 | BftProcessorExecutor-QBFT-0 | INFO  | QbftBesuControllerBuilder | Imported #183 / 1 tx / 13 pending / 153,650 (0.0%) gas / (0x8198735ad8a7f7bf1346f1ebb602038e8236b4747003fa67b546f863e4371326)
2026-10-07 16:20:58.272+00:00 | BftProcessorExecutor-QBFT-0 | INFO  | QbftBesuControllerBuilder | Imported #184 / 1 tx / 12 pending / 153,650 (0.0%) gas / (0x2677ea69f1edab669be4bd8c139a83614fd523cd5941342f957d1f868bce28f1)
2026-10-07 16:21:00.262+00:00 | BftProcessorExecutor-QBFT-0 | INFO  | QbftBesuControllerBuilder | Imported #185 / 1 tx / 11 pending / 153,606 (0.0%) gas / (0x9abd7675e0bff7f6a47f4fd65e45c99ba373336842ec7f8b508e6bbdeb3104c2)
2026-10-07 16:21:00.261+00:00 | EthScheduler-Workers-0 | INFO  | PersistBlockTask | Block 185 (0x9abd7675e0bff7f6a47f4fd65e45c99ba373336842ec7f8b508e6bbdeb3104c2) is already imported
2026-10-07 16:21:02.315+00:00 | EthScheduler-Workers-0 | INFO  | PersistBlockTask | Block 186 (0x57a4ce3e5db07e6596744cf33c1fc514df349cf1c8dec228b2492cb4ae8f6000) is already imported
2026-10-07 16:21:02.315+00:00 | BftProcessorExecutor-QBFT-0 | INFO  | QbftBesuControllerBuilder | Imported #186 / 1 tx / 10 pending / 153,638 (0.0%) gas / (0x57a4ce3e5db07e6596744cf33c1fc514df349cf1c8dec228b2492cb4ae8f6000)
2026-10-07 16:21:04.273+00:00 | EthScheduler-Workers-0 | INFO  | PersistBlockTask | Block 187 (0x4b8f3ac2edb4d8ebe2cd40761ff75773df56ee67536ac612d926219435c793a7) is already imported
2026-10-07 16:21:04.274+00:00 | BftProcessorExecutor-QBFT-0 | INFO  | QbftBesuControllerBuilder | Imported #187 / 1 tx / 9 pending / 153,626 (0.0%) gas / (0x4b8f3ac2edb4d8ebe2cd40761ff75773df56ee67536ac612d926219435c793a7)
2026-10-07 16:21:06.353+00:00 | BftProcessorExecutor-QBFT-0 | INFO  | QbftBesuControllerBuilder | Imported #188 / 1 tx / 8 pending / 153,638 (0.0%) gas / (0x9abae1033c9d082c6b7211f60555218f893000a7852118fd49894bef95c7dbd8)
2026-10-07 16:21:08.293+00:00 | EthScheduler-Workers-0 | INFO  | PersistBlockTask | Block 189 (0x2d128c722500c43c30369c17810159fcf79b6e5c97083a89723c8d38d7f1cd36) is already imported
2026-10-07 16:21:08.293+00:00 | BftProcessorExecutor-QBFT-0 | INFO  | QbftBesuControllerBuilder | Imported #189 / 1 tx / 7 pending / 153,618 (0.0%) gas / (0x2d128c722500c43c30369c17810159fcf79b6e5c97083a89723c8d38d7f1cd36)
2026-10-07 16:21:10.239+00:00 | BftProcessorExecutor-QBFT-0 | INFO  | QbftBesuControllerBuilder | Imported #190 / 1 tx / 6 pending / 153,638 (0.0%) gas / (0x5deca293b4b6a1d051d3987e47f4884950302a4909945dbc1b6923941deee243)
2026-10-07 16:21:12.264+00:00 | EthScheduler-Workers-0 | INFO  | PersistBlockTask | Block 191 (0x767fc2afa08bd34bf49175a878a62adb4061eba14662fa9586deba518bb329a2) is already imported
2026-10-07 16:21:12.264+00:00 | BftProcessorExecutor-QBFT-0 | INFO  | QbftBesuControllerBuilder | Imported #191 / 1 tx / 5 pending / 153,650 (0.0%) gas / (0x767fc2afa08bd34bf49175a878a62adb4061eba14662fa9586deba518bb329a2)
2026-10-07 16:21:14.292+00:00 | EthScheduler-Workers-0 | INFO  | PersistBlockTask | Block 192 (0x3d59a93aa229581ec7db5989dfaa86ef70cf96a44a55ff18d13f359d4315fef8) is already imported
2026-10-07 16:21:14.292+00:00 | BftProcessorExecutor-QBFT-0 | INFO  | QbftBesuControllerBuilder | Imported #192 / 1 tx / 4 pending / 153,630 (0.0%) gas / (0x3d59a93aa229581ec7db5989dfaa86ef70cf96a44a55ff18d13f359d4315fef8)
2026-10-07 16:21:16.281+00:00 | EthScheduler-Workers-0 | INFO  | PersistBlockTask | Block 193 (0xa31d27acdbcd37dac29c02bc2ff8dcc3f303995f4eb8d222de5af1cfa00bfd80) is already imported
2026-10-07 16:21:16.281+00:00 | BftProcessorExecutor-QBFT-0 | INFO  | QbftBesuControllerBuilder | Imported #193 / 1 tx / 3 pending / 153,650 (0.0%) gas / (0xa31d27acdbcd37dac29c02bc2ff8dcc3f303995f4eb8d222de5af1cfa00bfd80)
2026-10-07 16:21:18.275+00:00 | BftProcessorExecutor-QBFT-0 | INFO  | QbftBesuControllerBuilder | Imported #194 / 1 tx / 2 pending / 153,630 (0.0%) gas / (0x68df023e97b14ecb560bc380c55420f0e13904bbb65f6e7efa097e73b85c987e)
2026-10-07 16:21:18.280+00:00 | EthScheduler-Workers-0 | INFO  | PersistBlockTask | Block 194 (0x68df023e97b14ecb560bc380c55420f0e13904bbb65f6e7efa097e73b85c987e) is already imported
2026-10-07 16:21:20.248+00:00 | BftProcessorExecutor-QBFT-0 | INFO  | QbftBesuControllerBuilder | Produced #195 / 2 tx / 0 pending / 307,260 (0.0%) gas / (0x23937101aee4aa600250131eefc15eb539c07f42a609342c8c701c3bd035ad0a)
2026-10-07 16:21:22.277+00:00 | BftProcessorExecutor-QBFT-0 | INFO  | QbftBesuControllerBuilder | Imported #196 / 0 tx / 0 pending / 0 (0.0%) gas / (0x36ec4c7bf1ab3b82ea0367ec8ff992449ed76b9402477b653dd3bae96000401c)
2026-10-07 16:21:24.242+00:00 | EthScheduler-Workers-0 | INFO  | PersistBlockTask | Block 197 (0xb1a7ce1297553bea3f56bc63b8e807e0d5b5241259436b769e4661e3f3be3244) is already imported
2026-10-07 16:21:24.243+00:00 | BftProcessorExecutor-QBFT-0 | INFO  | QbftBesuControllerBuilder | Imported #197 / 0 tx / 0 pending / 0 (0.0%) gas / (0xb1a7ce1297553bea3f56bc63b8e807e0d5b5241259436b769e4661e3f3be3244)
2026-10-07 16:21:26.349+00:00 | BftProcessorExecutor-QBFT-0 | INFO  | QbftBesuControllerBuilder | Imported #198 / 0 tx / 0 pending / 0 (0.0%) gas / (0xb9a6557f8e78b6774e28563158e2e115a520d1717f4ec5e9ca072111d1cef6a5)
2026-10-07 16:21:26.349+00:00 | EthScheduler-Workers-0 | INFO  | PersistBlockTask | Block 198 (0xb9a6557f8e78b6774e28563158e2e115a520d1717f4ec5e9ca072111d1cef6a5) is already imported
2026-10-07 16:21:28.252+00:00 | BftProcessorExecutor-QBFT-0 | INFO  | QbftBesuControllerBuilder | Imported #199 / 0 tx / 0 pending / 0 (0.0%) gas / (0xfdeebfcfd60c52020a4693c8e82131e61f08f24aa87d78a52a75681acc46e977)
2026-10-07 16:21:28.257+00:00 | EthScheduler-Workers-0 | INFO  | PersistBlockTask | Block 199 (0xfdeebfcfd60c52020a4693c8e82131e61f08f24aa87d78a52a75681acc46e977) is already imported
2026-10-07 16:21:30.215+00:00 | BftProcessorExecutor-QBFT-0 | INFO  | QbftBesuControllerBuilder | Imported #200 / 0 tx / 0 pending / 0 (0.0%) gas / (0xa743421608ea601eb23e31131482b47b398ca20c74f31b79168bf9e277d040fb)
2026-10-07 16:21:32.239+00:00 | BftProcessorExecutor-QBFT-0 | INFO  | QbftBesuControllerBuilder | Imported #201 / 0 tx / 0 pending / 0 (0.0%) gas / (0x5f8b5c45acd1f5cc70f908e8c56e6485ab26bdd0de3083698793dd8c84e9b174)
2026-10-07 16:21:34.229+00:00 | EthScheduler-Workers-0 | INFO  | PersistBlockTask | Block 202 (0xe66f64e1632ebf36e72355638b7e44c3c1b7a397c9b615e178062ac5734c13fa) is already imported
2026-10-07 16:21:34.229+00:00 | BftProcessorExecutor-QBFT-0 | INFO  | QbftBesuControllerBuilder | Imported #202 / 0 tx / 0 pending / 0 (0.0%) gas / (0xe66f64e1632ebf36e72355638b7e44c3c1b7a397c9b615e178062ac5734c13fa)
2026-10-07 16:21:36.333+00:00 | EthScheduler-Workers-0 | INFO  | PersistBlockTask | Block 203 (0x8dcdfb362b130b9e2632fd25e0403384b62fb2f959ce74aa96cbffa3fb94637b) is already imported
2026-10-07 16:21:36.333+00:00 | BftProcessorExecutor-QBFT-0 | INFO  | QbftBesuControllerBuilder | Imported #203 / 0 tx / 0 pending / 0 (0.0%) gas / (0x8dcdfb362b130b9e2632fd25e0403384b62fb2f959ce74aa96cbffa3fb94637b)
2026-10-07 16:21:38.257+00:00 | BftProcessorExecutor-QBFT-0 | INFO  | QbftBesuControllerBuilder | Imported #204 / 0 tx / 0 pending / 0 (0.0%) gas / (0x7119c94191a2692e2871e947d1aefd17539d83b57f0ead250e8ccab89196c401)
2026-10-07 16:21:38.260+00:00 | EthScheduler-Workers-0 | INFO  | PersistBlockTask | Block 204 (0x7119c94191a2692e2871e947d1aefd17539d83b57f0ead250e8ccab89196c401) is already imported
2026-10-07 16:21:40.215+00:00 | BftProcessorExecutor-QBFT-0 | INFO  | QbftBesuControllerBuilder | Imported #205 / 0 tx / 0 pending / 0 (0.0%) gas / (0x5a736630cb4723d9e87bb0886c448bfb8dccd613cbbc5b9b745e39477518e35c)
2026-10-07 16:21:40.218+00:00 | EthScheduler-Workers-0 | INFO  | PersistBlockTask | Block 205 (0x5a736630cb4723d9e87bb0886c448bfb8dccd613cbbc5b9b745e39477518e35c) is already imported
2026-10-07 16:21:42.271+00:00 | BftProcessorExecutor-QBFT-0 | INFO  | QbftBesuControllerBuilder | Imported #206 / 0 tx / 0 pending / 0 (0.0%) gas / (0xf0c2367b606ae78bc46dc719da89ba1132c0ef4f2965ae77bf2e5a88f9250bc7)
2026-10-07 16:21:42.273+00:00 | EthScheduler-Workers-0 | INFO  | PersistBlockTask | Block 206 (0xf0c2367b606ae78bc46dc719da89ba1132c0ef4f2965ae77bf2e5a88f9250bc7) is already imported
2026-10-07 16:21:44.286+00:00 | BftProcessorExecutor-QBFT-0 | INFO  | QbftBesuControllerBuilder | Imported #207 / 0 tx / 0 pending / 0 (0.0%) gas / (0x8738ad28210e5d6cbaaa912b14317a73eeb6955eb7b091520419cdf9b6895a6a)
