[node06] network interface=eth0
[node06] tier=core applying P2P-only tc netem:  delay=10ms(+/-0ms) rate=100mbit loss=0%
[node06] tc rules applied:
qdisc htb 1: root refcnt 257 r2q 10 default 0x1 direct_packets_stat 0 direct_qlen 1000
qdisc netem 110: parent 1:10 limit 1000 delay 10ms
Setting logging level to INFO
2026-10-07 19:06:48.140+00:00 | main | INFO  | Besu | Starting Besu
2026-10-07 19:06:48.523+00:00 | main | WARN  | Besu | --graphql-http-host has been ignored because --graphql-http-enabled was not defined on the command line.
2026-10-07 19:06:48.638+00:00 | main | INFO  | Besu | Connecting to 0 static nodes.
2026-10-07 19:06:48.642+00:00 | main | INFO  | Besu | Forcing price bump for transaction replacement to 0, since min-gas-price is set to 0
2026-10-07 19:06:48.643+00:00 | main | WARN  | Besu | Forcing tx-pool-min-gas-price=0, since it cannot be greater than the value of min-gas-price
2026-10-07 19:06:49.077+00:00 | main | INFO  | Besu | 
####################################################################################################
#                                                                                                  #
# Besu version 24.7.0                                                                              #
#                                                                                                  #
# Configuration:                                                                                   #
# Network: Custom genesis file                                                                     #
# /config/genesis.json                                                                             #
# Network Id: 1337                                                                                 #
# Data storage: Bonsai                                                                             #
# Sync mode: Full                                                                                  #
# RPC HTTP APIs: ETH,QBFT,NET,ADMIN,WEB3                                                           #
# RPC HTTP port: 8545                                                                              #
# Using LAYERED transaction pool implementation                                                    #
# Using STACKED worldstate update mode                                                             #
# Limit trie logs enabled: retention: 512; prune window: 30000                                     #
#                                                                                                  #
# Host:                                                                                            #
# Java: openjdk-java-21                                                                            #
# Maximum heap size: 29.50 GB                                                                      #
# OS: linux-x86_64                                                                                 #
# glibc: 2.39                                                                                      #
# jemalloc: 5.3.0-0-g54eaed1d8b56b1aa528be3bdd1877e59c56fa90c                                      #
# Total memory: 1007.68 GB                                                                         #
# CPU cores: 256                                                                                   #
#                                                                                                  #
# Plugin Registration Summary:                                                                     #
# No plugins have been registered.                                                                 #
# TOTAL = 0 of 0 plugins successfully registered.                                                  #
#                                                                                                  #
####################################################################################################
2026-10-07 19:06:49.077+00:00 | main | INFO  | Besu | Security Module: localfile
2026-10-07 19:06:49.080+00:00 | main | INFO  | VersionMetadata | Lookup version metadata file in data directory: /data
2026-10-07 19:06:49.080+00:00 | main | INFO  | VersionMetadata | No version data detected. Writing Besu version 24.7.0 to metadata file
2026-10-07 19:06:49.188+00:00 | main | INFO  | Besu | Using the native implementation of alt bn128
2026-10-07 19:06:49.282+00:00 | main | INFO  | Besu | Using the native implementation of modexp
2026-10-07 19:06:49.282+00:00 | main | INFO  | Besu | Using the native implementation of the signature algorithm
2026-10-07 19:06:49.291+00:00 | main | INFO  | Besu | Using the native implementation of the blake2bf algorithm
2026-10-07 19:06:49.405+00:00 | main | INFO  | Besu | Forcing price bump for transaction replacement to 0, since min-gas-price is set to 0
2026-10-07 19:06:49.406+00:00 | main | WARN  | Besu | Forcing tx-pool-min-gas-price=0, since it cannot be greater than the value of min-gas-price
2026-10-07 19:06:49.408+00:00 | main | INFO  | KeyPairUtil | Attempting to load public key from /data/key.priv
2026-10-07 19:06:49.429+00:00 | main | INFO  | KeyPairUtil | Loaded public key 0x5b36944ec93e9d63001cfa022145e8e6ed33c355bcc6202c62e33dbeb2d0c4e909c71feff2e056c0ba3ad0cf286d56c395ca0090ee3d936ecaae43e95b5131bc from /data/key.priv
2026-10-07 19:06:49.602+00:00 | main | INFO  | ProtocolScheduleBuilder | Protocol schedule created with milestones: [Berlin:0]
2026-10-07 19:06:49.606+00:00 | main | INFO  | RocksDBKeyValueStorageFactory | No existing database at /data. Using default metadata for new db versionedStorageFormat=BaseVersionedStorageFormat{format=BONSAI, version=2}
2026-10-07 19:06:49.885+00:00 | main | INFO  | FlatDbStrategyProvider | Bonsai flat db mode found FULL
2026-10-07 19:06:49.890+00:00 | main | INFO  | FlatDbStrategyProvider | Bonsai db mode with code stored using code hash enabled = true
2026-10-07 19:06:49.904+00:00 | main | INFO  | FlatDbStrategyProvider | Bonsai flat db mode found FULL
2026-10-07 19:06:49.906+00:00 | main | INFO  | FlatDbStrategyProvider | Bonsai db mode with code stored using code hash enabled = true
2026-10-07 19:06:50.395+00:00 | main | INFO  | TransactionPoolFactory | Enabling transaction pool
2026-10-07 19:06:50.414+00:00 | main | INFO  | BesuControllerBuilder | TTD difficulty is not present, creating initial sync phase for PoW
2026-10-07 19:06:50.471+00:00 | main | INFO  | TrieLogPruner | Loading first 30000 trie logs from database...
2026-10-07 19:06:50.472+00:00 | main | INFO  | TrieLogPruner | Loaded 1 trie logs from database
2026-10-07 19:06:50.480+00:00 | main | INFO  | RunnerBuilder | Resolved 3 bootnodes.
2026-10-07 19:06:50.487+00:00 | main | INFO  | RunnerBuilder | Detecting NAT service.
2026-10-07 19:06:50.690+00:00 | main | INFO  | Runner | Starting external services ... 
2026-10-07 19:06:50.690+00:00 | main | INFO  | JsonRpcHttpService | Starting JSON-RPC service on 0.0.0.0:8545
2026-10-07 19:06:50.848+00:00 | main | INFO  | WebSocketService | Starting Websocket service on 0.0.0.0:8546
2026-10-07 19:06:50.850+00:00 | vert.x-eventloop-thread-1 | INFO  | JsonRpcHttpService | JSON-RPC service started and listening on 0.0.0.0:8545
2026-10-07 19:06:50.851+00:00 | vert.x-eventloop-thread-1 | INFO  | WebSocketService | Websocket service started and listening on 0.0.0.0:8546
2026-10-07 19:06:50.854+00:00 | main | INFO  | AutoTransactionLogBloomCachingService | Starting auto transaction log bloom caching service.
2026-10-07 19:06:50.855+00:00 | main | INFO  | LogBloomCacheMetadata | Lookup cache metadata file in data directory: /data/caches
2026-10-07 19:06:50.864+00:00 | main | INFO  | Runner | Starting Ethereum main loop ... 
2026-10-07 19:06:50.864+00:00 | main | INFO  | NatService | No NAT environment detected so no service could be started
2026-10-07 19:06:50.864+00:00 | main | INFO  | NetworkRunner | Starting Network.
2026-10-07 19:06:50.875+00:00 | nioEventLoopGroup-2-1 | INFO  | RlpxAgent | P2P RLPx agent started and listening on /[0:0:0:0:0:0:0:0]:30303.
2026-10-07 19:06:50.876+00:00 | main | INFO  | PeerDiscoveryAgent | Starting peer discovery agent on host=0.0.0.0, port=30303. IPv6 available.
2026-10-07 19:06:50.894+00:00 | vert.x-eventloop-thread-1 | INFO  | VertxPeerDiscoveryAgent | Started peer discovery agent successfully, on effective host=0:0:0:0:0:0:0:0%0 and port=30303
2026-10-07 19:06:50.897+00:00 | vert.x-eventloop-thread-1 | INFO  | PeerDiscoveryAgent | P2P peer discovery agent started and listening on /[0:0:0:0:0:0:0:0%0]:30303
2026-10-07 19:06:50.960+00:00 | vert.x-eventloop-thread-1 | INFO  | PeerDiscoveryAgent | Writing node record to disk. NodeRecord{seq=1, publicKey=0x025b36944ec93e9d63001cfa022145e8e6ed33c355bcc6202c62e33dbeb2d0c4e9, udpAddress=Optional[/0.0.0.0:30303], tcpAddress=Optional[/0.0.0.0:30303], asBase64=-Je4QL-QMJVQgVWpamlfuh1bZFhMwPKFo18tPk8Dp1P34D6ma4cWyaSnDBdMyDXSUkaigEkaQX0-CY_r2FeZEzEmQlwBg2V0aMfGhNxrvViAgmlkgnY0gmlwhAAAAACJc2VjcDI1NmsxoQJbNpROyT6dYwAc-gIhRejm7TPDVbzGICxi4z2-stDE6YN0Y3CCdl-DdWRwgnZf, nodeId=0x10f24354fca4f716e333dd6d8be1f9c03d62ccf4f7f184bf1b9ce53e847c83e9, customFields={tcp=30303, udp=30303, ip=0x00000000, eth=[[0xdc6bbd58, 0x]], id=V4, secp256k1=0x025b36944ec93e9d63001cfa022145e8e6ed33c355bcc6202c62e33dbeb2d0c4e9}}
2026-10-07 19:06:50.997+00:00 | main | INFO  | DefaultP2PNetwork | Enode URL enode://5b36944ec93e9d63001cfa022145e8e6ed33c355bcc6202c62e33dbeb2d0c4e909c71feff2e056c0ba3ad0cf286d56c395ca0090ee3d936ecaae43e95b5131bc@0.0.0.0:30303
2026-10-07 19:06:50.997+00:00 | main | INFO  | DefaultP2PNetwork | Node address 0x8be1f9c03d62ccf4f7f184bf1b9ce53e847c83e9
2026-10-07 19:06:51.026+00:00 | main | INFO  | NetworkRunner | Supported capabilities: [eth/62, eth/63, eth/64, eth/65, eth/66, eth/67, eth/68], [istanbul/100], [snap/1]
2026-10-07 19:06:51.026+00:00 | main | INFO  | DefaultSynchronizer | Starting synchronizer.
2026-10-07 19:06:51.028+00:00 | main | INFO  | TransactionPoolFactory | Enabling transaction handling following initial sync
2026-10-07 19:06:51.028+00:00 | main | INFO  | QbftBesuControllerBuilder | Starting QBFT mining coordinator following initial sync
2026-10-07 19:06:51.040+00:00 | main | INFO  | FullSyncDownloader | Starting full sync.
2026-10-07 19:06:51.041+00:00 | main | INFO  | FullSyncTargetManager | Unable to find sync target. Currently checking 0 peers for usefulness
2026-10-07 19:06:51.049+00:00 | main | INFO  | Runner | Ethereum main loop is up.
2026-10-07 19:06:51.262+00:00 | nioEventLoopGroup-3-2 | INFO  | FullSyncTargetManager | Unable to find sync target. Currently checking 3 peers for usefulness
2026-10-07 19:06:53.231+00:00 | nioEventLoopGroup-3-7 | INFO  | FullSyncTargetManager | Unable to find sync target. Currently checking 4 peers for usefulness
2026-10-07 19:06:53.233+00:00 | nioEventLoopGroup-3-8 | INFO  | FullSyncTargetManager | Unable to find sync target. Currently checking 5 peers for usefulness
2026-10-07 19:06:53.236+00:00 | nioEventLoopGroup-3-9 | INFO  | FullSyncTargetManager | Unable to find sync target. Currently checking 6 peers for usefulness
2026-10-07 19:06:53.485+00:00 | nioEventLoopGroup-3-4 | INFO  | FullSyncTargetManager | Unable to find sync target. Currently checking 7 peers for usefulness
2026-10-07 19:06:55.642+00:00 | nioEventLoopGroup-3-6 | INFO  | FullSyncTargetManager | Unable to find sync target. Currently checking 8 peers for usefulness
2026-10-07 19:06:59.729+00:00 | nioEventLoopGroup-3-7 | INFO  | FullSyncTargetManager | Unable to find sync target. Currently checking 9 peers for usefulness
2026-10-07 19:07:02.023+00:00 | nioEventLoopGroup-3-10 | INFO  | FullSyncTargetManager | Unable to find sync target. Currently checking 10 peers for usefulness
2026-10-07 19:07:04.356+00:00 | nioEventLoopGroup-3-1 | INFO  | FullSyncTargetManager | Unable to find sync target. Currently checking 11 peers for usefulness
2026-10-07 19:07:04.524+00:00 | nioEventLoopGroup-3-3 | INFO  | FullSyncTargetManager | Unable to find sync target. Currently checking 12 peers for usefulness
2026-10-07 19:07:07.068+00:00 | nioEventLoopGroup-3-6 | INFO  | FullSyncTargetManager | Unable to find sync target. Currently checking 13 peers for usefulness
2026-10-07 19:07:07.802+00:00 | BftProcessorExecutor-QBFT-0 | INFO  | QbftRound | Importing proposed block to chain. round=ConsensusRoundIdentifier{Sequence=1, Round=1}, hash=0x070ff9922c76ea5ec1c8f540c203aa6d8e45b8b29841cd1673f39f9c2d8191ce
2026-10-07 19:07:07.818+00:00 | EthScheduler-Workers-0 | INFO  | PersistBlockTask | Block 1 (0x070ff9922c76ea5ec1c8f540c203aa6d8e45b8b29841cd1673f39f9c2d8191ce) is already imported
2026-10-07 19:07:07.820+00:00 | BftProcessorExecutor-QBFT-0 | INFO  | QbftBesuControllerBuilder | Imported #1 / 0 tx / 0 pending / 0 (0.0%) gas / (0x070ff9922c76ea5ec1c8f540c203aa6d8e45b8b29841cd1673f39f9c2d8191ce)
2026-10-07 19:07:09.133+00:00 | BftProcessorExecutor-QBFT-0 | INFO  | QbftBesuControllerBuilder | Imported #2 / 0 tx / 0 pending / 0 (0.0%) gas / (0x51bbef45ce5e49b948bb80458874a5a4c23e9a5482745fb1ed2c314411692978)
2026-10-07 19:07:11.130+00:00 | BftProcessorExecutor-QBFT-0 | INFO  | QbftBesuControllerBuilder | Imported #3 / 0 tx / 0 pending / 0 (0.0%) gas / (0xb70a66ced2803f35fef94915ee54eebfb9adf83f6d7d0d434bf5b2e8584a7ad0)
2026-10-07 19:07:13.149+00:00 | BftProcessorExecutor-QBFT-0 | INFO  | QbftBesuControllerBuilder | Imported #4 / 0 tx / 0 pending / 0 (0.0%) gas / (0xad369d535761074f90c2082c1eb5d430b7a9ea4cdfada578662eba56d43fff6c)
2026-10-07 19:07:15.169+00:00 | EthScheduler-Workers-0 | INFO  | PersistBlockTask | Block 5 (0x0ebf9a4888c48f6d3a2ab85634c0fc379fca6c72b60109d0388a1ae3b69c561c) is already imported
2026-10-07 19:07:15.169+00:00 | BftProcessorExecutor-QBFT-0 | INFO  | QbftBesuControllerBuilder | Imported #5 / 0 tx / 1 pending / 0 (0.0%) gas / (0x0ebf9a4888c48f6d3a2ab85634c0fc379fca6c72b60109d0388a1ae3b69c561c)
2026-10-07 19:07:17.159+00:00 | BftProcessorExecutor-QBFT-0 | INFO  | QbftBesuControllerBuilder | Produced #6 / 0 tx / 1 pending / 0 (0.0%) gas / (0x8507fb0582e362c6949882c513374f83f48501382234e4e490e9d48a698a1fad)
2026-10-07 19:07:19.166+00:00 | EthScheduler-Workers-0 | INFO  | PersistBlockTask | Imported #7 / 0 tx / 0 om / 0 (0.0%) gas / (0x5697c071daabba97f0481cf6cd97bfbaa597dc0719b2c6bc6d8e856af3eff17b) in 0.001s. Peers: 14
2026-10-07 19:07:21.157+00:00 | EthScheduler-Workers-0 | INFO  | PersistBlockTask | Imported #8 / 0 tx / 0 om / 0 (0.0%) gas / (0x4d91c566bbcca206f44d28dec1292bb61392cb2cc75f9bc2b76df28d9f1071de) in 0.007s. Peers: 14
2026-10-07 19:07:23.156+00:00 | EthScheduler-Workers-0 | INFO  | PersistBlockTask | Imported #9 / 0 tx / 0 om / 0 (0.0%) gas / (0x60e6a21d270661d25b15c74944e3201afdc7e291b12cecbd5af0a9b7c29a24c7) in 0.005s. Peers: 14
2026-10-07 19:07:25.184+00:00 | BftProcessorExecutor-QBFT-0 | INFO  | QbftBesuControllerBuilder | Imported #10 / 0 tx / 1 pending / 0 (0.0%) gas / (0x4faf3170c5f067be4ae2c7dedcf06ff6c4856552e29cc0b94415556bfb314a68)
2026-10-07 19:07:27.123+00:00 | EthScheduler-Workers-0 | INFO  | PersistBlockTask | Imported #11 / 0 tx / 0 om / 0 (0.0%) gas / (0x8f76ac751be713846a6328a709655a106ec54c01fcf539137bd3fbc01aa0a101) in 0.001s. Peers: 14
2026-10-07 19:07:29.164+00:00 | BftProcessorExecutor-QBFT-0 | INFO  | QbftBesuControllerBuilder | Imported #12 / 0 tx / 1 pending / 0 (0.0%) gas / (0xa145c87eeed820f235238b38081f4239b594ce15be1a34142c26db0358bfc68e)
2026-10-07 19:07:31.167+00:00 | BftProcessorExecutor-QBFT-0 | INFO  | QbftBesuControllerBuilder | Imported #13 / 0 tx / 1 pending / 0 (0.0%) gas / (0x1382ec2a1affbe91a6bf07da323742a76004ad5e067693fa53f997ef39440846)
2026-10-07 19:07:33.188+00:00 | EthScheduler-Workers-0 | INFO  | PersistBlockTask | Imported #14 / 0 tx / 0 om / 0 (0.0%) gas / (0xaa334a88537c1655dccbb7e76262835836532a3850931e9040587595ab5fda62) in 0.004s. Peers: 14
2026-10-07 19:07:35.249+00:00 | EthScheduler-Workers-0 | INFO  | PersistBlockTask | Block 15 (0x3f86bf135e17c4d72df2e2821c6f969024aa9670e0655791acb79fe860582148) is already imported
2026-10-07 19:07:35.251+00:00 | BftProcessorExecutor-QBFT-0 | INFO  | QbftBesuControllerBuilder | Imported #15 / 1 tx / 0 pending / 465,218 (0.0%) gas / (0x3f86bf135e17c4d72df2e2821c6f969024aa9670e0655791acb79fe860582148)
2026-10-07 19:07:37.071+00:00 | BftProcessorExecutor-QBFT-0 | INFO  | QbftBesuControllerBuilder | Imported #16 / 0 tx / 1 pending / 0 (0.0%) gas / (0x4ef336df0aa06ea8f663eef30c68de759a7ef00b064f04dee00f2f62f875bd85)
2026-10-07 19:07:39.084+00:00 | EthScheduler-Workers-0 | INFO  | PersistBlockTask | Imported #17 / 0 tx / 0 om / 0 (0.0%) gas / (0x146258cc6e1c6468b67da7540d72e3526e24d08f4a83cac1595675ca38a2ef15) in 0.003s. Peers: 14
2026-10-07 19:07:39.085+00:00 | BftProcessorExecutor-QBFT-0 | INFO  | QbftBesuControllerBuilder | Imported #17 / 0 tx / 1 pending / 0 (0.0%) gas / (0x146258cc6e1c6468b67da7540d72e3526e24d08f4a83cac1595675ca38a2ef15)
2026-10-07 19:07:41.078+00:00 | BftProcessorExecutor-QBFT-0 | INFO  | QbftBesuControllerBuilder | Imported #18 / 0 tx / 1 pending / 0 (0.0%) gas / (0x6a80458be1e130cdb54dae7d691c9cbdb8ad7917d8b730c0a2562f076fafa26f)
2026-10-07 19:07:43.074+00:00 | BftProcessorExecutor-QBFT-0 | INFO  | QbftBesuControllerBuilder | Imported #19 / 0 tx / 1 pending / 0 (0.0%) gas / (0x370ba8134a1045ac37f0b5787064b76d20bde863b703197493c23bd3df6bd0c1)
2026-10-07 19:07:45.087+00:00 | BftProcessorExecutor-QBFT-0 | INFO  | QbftBesuControllerBuilder | Imported #20 / 0 tx / 1 pending / 0 (0.0%) gas / (0xd6427dc6427b7700fb6e854cc1b2bc74fb43ccab8208d172bac315b7ddb5f87b)
2026-10-07 19:07:47.104+00:00 | EthScheduler-Workers-0 | INFO  | PersistBlockTask | Block 21 (0xb0453af085fc2f84d11f9c7efa6ea205b5fdba5625b40ae8324bd5f7bcd009b6) is already imported
2026-10-07 19:07:47.107+00:00 | BftProcessorExecutor-QBFT-0 | INFO  | QbftBesuControllerBuilder | Produced #21 / 0 tx / 1 pending / 0 (0.0%) gas / (0xb0453af085fc2f84d11f9c7efa6ea205b5fdba5625b40ae8324bd5f7bcd009b6)
2026-10-07 19:07:49.070+00:00 | BftProcessorExecutor-QBFT-0 | INFO  | QbftBesuControllerBuilder | Imported #22 / 0 tx / 1 pending / 0 (0.0%) gas / (0x496aa418968ab8c8e5607915a171514b64a9bd36900946bab3de88e0c48f2e0c)
2026-10-07 19:07:51.087+00:00 | BftProcessorExecutor-QBFT-0 | INFO  | QbftBesuControllerBuilder | Imported #23 / 0 tx / 1 pending / 0 (0.0%) gas / (0xfa419666b47e9de0d923fa838d398d4c885da4592cff254575421d602bac6b07)
2026-10-07 19:07:53.077+00:00 | BftProcessorExecutor-QBFT-0 | INFO  | QbftBesuControllerBuilder | Imported #24 / 0 tx / 1 pending / 0 (0.0%) gas / (0x1e694a7a1f61332cfbf334ce2a3df9f0aff3b20775cdeeb6775528f1f0e3492a)
2026-10-07 19:07:55.085+00:00 | BftProcessorExecutor-QBFT-0 | INFO  | QbftBesuControllerBuilder | Imported #25 / 0 tx / 1 pending / 0 (0.0%) gas / (0x6d5901ffa194ba81c424427f27156593e3cd835ede8512636dae43a4e890bc9f)
2026-10-07 19:07:57.099+00:00 | EthScheduler-Workers-0 | INFO  | PersistBlockTask | Block 26 (0x26e5bfb3548399eb61498dc1fe9e7a77c5caed184f7d1e9f18812259a4d0f279) is already imported
2026-10-07 19:07:57.100+00:00 | BftProcessorExecutor-QBFT-0 | INFO  | QbftBesuControllerBuilder | Imported #26 / 0 tx / 1 pending / 0 (0.0%) gas / (0x26e5bfb3548399eb61498dc1fe9e7a77c5caed184f7d1e9f18812259a4d0f279)
2026-10-07 19:07:59.063+00:00 | BftProcessorExecutor-QBFT-0 | INFO  | QbftBesuControllerBuilder | Imported #27 / 0 tx / 1 pending / 0 (0.0%) gas / (0x1c910d7973038c632bf69b8722ab8017e5965792150eb3b5aaed574f519b479d)
2026-10-07 19:08:01.079+00:00 | BftProcessorExecutor-QBFT-0 | INFO  | QbftBesuControllerBuilder | Imported #28 / 0 tx / 1 pending / 0 (0.0%) gas / (0xac54c69adfd7728a8450eb0d511bd24b67c4a7aa7d1a7d958983491ec183a33e)
2026-10-07 19:08:03.084+00:00 | EthScheduler-Workers-0 | INFO  | PersistBlockTask | Block 29 (0x33c92984d062a1c71b86a020805ec54533c2cb090f9729a2326d5aba8cee4e63) is already imported
2026-10-07 19:08:03.084+00:00 | BftProcessorExecutor-QBFT-0 | INFO  | QbftBesuControllerBuilder | Imported #29 / 0 tx / 1 pending / 0 (0.0%) gas / (0x33c92984d062a1c71b86a020805ec54533c2cb090f9729a2326d5aba8cee4e63)
2026-10-07 19:08:05.166+00:00 | BftProcessorExecutor-QBFT-0 | INFO  | QbftBesuControllerBuilder | Imported #30 / 1 tx / 0 pending / 1,832,981 (0.0%) gas / (0x6152a1f999187ab46e1c1991b3a268e02a672fa83e5375a0a9f01f0cacd7f20b)
2026-10-07 19:08:05.166+00:00 | EthScheduler-Workers-0 | INFO  | PersistBlockTask | Block 30 (0x6152a1f999187ab46e1c1991b3a268e02a672fa83e5375a0a9f01f0cacd7f20b) is already imported
2026-10-07 19:08:07.072+00:00 | BftProcessorExecutor-QBFT-0 | INFO  | QbftBesuControllerBuilder | Imported #31 / 0 tx / 0 pending / 0 (0.0%) gas / (0x8e23c06fc62baa7d923877b3832ea00cfa1a6c07313b8f2da8a5121de7c3f611)
2026-10-07 19:08:09.094+00:00 | EthScheduler-Workers-0 | INFO  | PersistBlockTask | Block 32 (0x4546ac6cf008463cab7c0527ea9844c13db38483cce9223a92a7219c822972f2) is already imported
2026-10-07 19:08:09.095+00:00 | BftProcessorExecutor-QBFT-0 | INFO  | QbftBesuControllerBuilder | Imported #32 / 0 tx / 0 pending / 0 (0.0%) gas / (0x4546ac6cf008463cab7c0527ea9844c13db38483cce9223a92a7219c822972f2)
2026-10-07 19:08:11.089+00:00 | BftProcessorExecutor-QBFT-0 | INFO  | QbftBesuControllerBuilder | Imported #33 / 0 tx / 0 pending / 0 (0.0%) gas / (0xbd6eb9819f43664b58bb968b8b6ca4370b499f60a5c30fda0986daeae75801ed)
2026-10-07 19:08:13.088+00:00 | BftProcessorExecutor-QBFT-0 | INFO  | QbftBesuControllerBuilder | Imported #34 / 0 tx / 0 pending / 0 (0.0%) gas / (0x5197d634a959168621306802ecbd414a4cba6fd715dbf186229ad9f3b4263271)
2026-10-07 19:08:13.092+00:00 | EthScheduler-Workers-0 | INFO  | PersistBlockTask | Block 34 (0x5197d634a959168621306802ecbd414a4cba6fd715dbf186229ad9f3b4263271) is already imported
2026-10-07 19:08:15.100+00:00 | EthScheduler-Workers-0 | INFO  | PersistBlockTask | Block 35 (0x721b714721ee801ca03b8d26548b2d5bea329f2095825e87e694477d6d3787a9) is already imported
2026-10-07 19:08:15.101+00:00 | BftProcessorExecutor-QBFT-0 | INFO  | QbftBesuControllerBuilder | Imported #35 / 0 tx / 0 pending / 0 (0.0%) gas / (0x721b714721ee801ca03b8d26548b2d5bea329f2095825e87e694477d6d3787a9)
2026-10-07 19:08:17.071+00:00 | BftProcessorExecutor-QBFT-0 | INFO  | QbftBesuControllerBuilder | Produced #36 / 0 tx / 0 pending / 0 (0.0%) gas / (0x20217829ea4ca39e9f73ede57268b578b9db57141ea6af6906f0dd98593e1a0c)
2026-10-07 19:08:19.072+00:00 | BftProcessorExecutor-QBFT-0 | INFO  | QbftBesuControllerBuilder | Imported #37 / 0 tx / 0 pending / 0 (0.0%) gas / (0xf54d13609c4ff307cd8ecb4d095dc049bf5fc69835445e007313ff1b599577eb)
2026-10-07 19:08:21.070+00:00 | BftProcessorExecutor-QBFT-0 | INFO  | QbftBesuControllerBuilder | Imported #38 / 0 tx / 0 pending / 0 (0.0%) gas / (0xe355e6041d59b5e8a9589ae2221e139927c938a7d0bf7cb2e6e6f9588c3cd374)
2026-10-07 19:08:24.147+00:00 | EthScheduler-Workers-0 | INFO  | PersistBlockTask | Block 39 (0x443c8c33e61fede8971515a5acc6ab0cdc956171aa51ee6b2ee27367ec749830) is already imported
2026-10-07 19:08:24.149+00:00 | BftProcessorExecutor-QBFT-0 | INFO  | QbftBesuControllerBuilder | Imported #39 / 37 tx / 954 pending / 8,952,890 (0.0%) gas / (0x443c8c33e61fede8971515a5acc6ab0cdc956171aa51ee6b2ee27367ec749830)
2026-10-07 19:08:26.310+00:00 | EthScheduler-Workers-0 | INFO  | PersistBlockTask | Block 40 (0xc9509a8ddb4955e9d6a961a4c42f9ae90251fe0f1fd6e6ae9634f49ba199ca1b) is already imported
2026-10-07 19:08:26.313+00:00 | BftProcessorExecutor-QBFT-0 | INFO  | QbftBesuControllerBuilder | Imported #40 / 68 tx / 919 pending / 16,453,960 (0.0%) gas / (0xc9509a8ddb4955e9d6a961a4c42f9ae90251fe0f1fd6e6ae9634f49ba199ca1b)
2026-10-07 19:08:28.188+00:00 | EthScheduler-Workers-0 | INFO  | PersistBlockTask | Block 41 (0x924a7840f86c936ce9b6f128eac95a2ba4d92523db9c1d32eac480a2ac71fe7d) is already imported
2026-10-07 19:08:28.191+00:00 | BftProcessorExecutor-QBFT-0 | INFO  | QbftBesuControllerBuilder | Imported #41 / 68 tx / 851 pending / 16,453,960 (0.0%) gas / (0x924a7840f86c936ce9b6f128eac95a2ba4d92523db9c1d32eac480a2ac71fe7d)
2026-10-07 19:08:30.170+00:00 | EthScheduler-Workers-0 | INFO  | PersistBlockTask | Block 42 (0x8ff9168a2c484b7dbf1c22bd0bef9312692ad0b9b1cfc42b7754a7901ff24d69) is already imported
2026-10-07 19:08:30.172+00:00 | BftProcessorExecutor-QBFT-0 | INFO  | QbftBesuControllerBuilder | Imported #42 / 68 tx / 783 pending / 16,453,960 (0.0%) gas / (0x8ff9168a2c484b7dbf1c22bd0bef9312692ad0b9b1cfc42b7754a7901ff24d69)
2026-10-07 19:08:32.147+00:00 | EthScheduler-Workers-0 | INFO  | PersistBlockTask | Block 43 (0x4d6b343f15a65b9a894e34e73c53e189a96953cdfa8e92c57074f3fadbb2f2a8) is already imported
2026-10-07 19:08:32.147+00:00 | BftProcessorExecutor-QBFT-0 | INFO  | QbftBesuControllerBuilder | Imported #43 / 68 tx / 715 pending / 16,453,960 (0.0%) gas / (0x4d6b343f15a65b9a894e34e73c53e189a96953cdfa8e92c57074f3fadbb2f2a8)
2026-10-07 19:08:34.172+00:00 | BftProcessorExecutor-QBFT-0 | INFO  | QbftBesuControllerBuilder | Imported #44 / 68 tx / 647 pending / 16,453,960 (0.0%) gas / (0x90b408582a1c289038918eb757003a47669077d86edc3604f9346ff151ade6d8)
2026-10-07 19:08:36.151+00:00 | EthScheduler-Workers-0 | INFO  | PersistBlockTask | Block 45 (0xd91e20e8735fc32ed897def5c7d6f2b9186e1aab84d8345b44315fabd95542e2) is already imported
2026-10-07 19:08:36.152+00:00 | BftProcessorExecutor-QBFT-0 | INFO  | QbftBesuControllerBuilder | Imported #45 / 69 tx / 578 pending / 16,695,930 (0.0%) gas / (0xd91e20e8735fc32ed897def5c7d6f2b9186e1aab84d8345b44315fabd95542e2)
2026-10-07 19:08:38.102+00:00 | BftProcessorExecutor-QBFT-0 | INFO  | QbftBesuControllerBuilder | Imported #46 / 69 tx / 509 pending / 16,695,930 (0.0%) gas / (0xa27e9f3bbc278563682d50098ceb411a07274f85352c15aec0e62fd812441296)
2026-10-07 19:08:40.162+00:00 | EthScheduler-Workers-0 | INFO  | PersistBlockTask | Block 47 (0x19f65fb376e8f140119d78189a2983734be5035f27537a968b78aa37d27ac231) is already imported
2026-10-07 19:08:40.166+00:00 | BftProcessorExecutor-QBFT-0 | INFO  | QbftBesuControllerBuilder | Imported #47 / 69 tx / 440 pending / 16,695,930 (0.0%) gas / (0x19f65fb376e8f140119d78189a2983734be5035f27537a968b78aa37d27ac231)
2026-10-07 19:08:42.140+00:00 | BftProcessorExecutor-QBFT-0 | INFO  | QbftBesuControllerBuilder | Imported #48 / 69 tx / 371 pending / 16,695,930 (0.0%) gas / (0xba8b3e358dd293b511384b19adddb354edf465c88b1d42c19d68e63478c6dead)
2026-10-07 19:08:44.098+00:00 | EthScheduler-Workers-0 | INFO  | PersistBlockTask | Block 49 (0x02a89ce5a2e3cf31a0efbc60e646c5a94a9f41a33d4e63eef14fa4718cd430b9) is already imported
2026-10-07 19:08:44.099+00:00 | BftProcessorExecutor-QBFT-0 | INFO  | QbftBesuControllerBuilder | Imported #49 / 68 tx / 303 pending / 16,453,960 (0.0%) gas / (0x02a89ce5a2e3cf31a0efbc60e646c5a94a9f41a33d4e63eef14fa4718cd430b9)
2026-10-07 19:08:46.113+00:00 | BftProcessorExecutor-QBFT-0 | INFO  | QbftBesuControllerBuilder | Imported #50 / 68 tx / 235 pending / 16,453,960 (0.0%) gas / (0xc97ba439e9eb5b5ef0b01bfab481db1d315fd0fc38d2626ab2ca7c3455060fb1)
2026-10-07 19:08:48.079+00:00 | EthScheduler-Workers-0 | INFO  | PersistBlockTask | Block 51 (0x8b29290d3fe26d6cb1c28a8eae9b306731f03e3c33a931bc103ada48c2bfa5fd) is already imported
2026-10-07 19:08:48.080+00:00 | BftProcessorExecutor-QBFT-0 | INFO  | QbftBesuControllerBuilder | Produced #51 / 68 tx / 167 pending / 16,453,960 (0.0%) gas / (0x8b29290d3fe26d6cb1c28a8eae9b306731f03e3c33a931bc103ada48c2bfa5fd)
2026-10-07 19:08:50.098+00:00 | BftProcessorExecutor-QBFT-0 | INFO  | QbftBesuControllerBuilder | Imported #52 / 68 tx / 99 pending / 16,453,960 (0.0%) gas / (0xabeee617f66f0ebafefb17be3107bdb4026a58e2f73258f3fd029a4c4688ffea)
2026-10-07 19:08:50.097+00:00 | EthScheduler-Workers-0 | INFO  | PersistBlockTask | Block 52 (0xabeee617f66f0ebafefb17be3107bdb4026a58e2f73258f3fd029a4c4688ffea) is already imported
2026-10-07 19:08:52.096+00:00 | EthScheduler-Workers-0 | INFO  | PersistBlockTask | Block 53 (0x531a138cc824c06f6b8adce5ac9c8931ef01c1efbe92c82d1d91780884269a91) is already imported
2026-10-07 19:08:52.096+00:00 | BftProcessorExecutor-QBFT-0 | INFO  | QbftBesuControllerBuilder | Imported #53 / 68 tx / 31 pending / 16,453,960 (0.0%) gas / (0x531a138cc824c06f6b8adce5ac9c8931ef01c1efbe92c82d1d91780884269a91)
2026-10-07 19:08:53.534+00:00 | BftProcessorExecutor-QBFT-0 | INFO  | QbftBesuControllerBuilder | Imported #54 / 31 tx / 0 pending / 7,501,070 (0.0%) gas / (0x89d539da0abf68081c5cd32c89aeed2a22bad6a40350723d2e3d6b7c15f9313d)
2026-10-07 19:08:55.054+00:00 | BftProcessorExecutor-QBFT-0 | INFO  | QbftBesuControllerBuilder | Imported #55 / 0 tx / 0 pending / 0 (0.0%) gas / (0x9dea6b3f7090a8ea0538a5b4404d27ca3eff4aa502f9646b93d9b4e592ea07ba)
2026-10-07 19:08:57.074+00:00 | BftProcessorExecutor-QBFT-0 | INFO  | QbftBesuControllerBuilder | Imported #56 / 0 tx / 0 pending / 0 (0.0%) gas / (0x9bc67b4bd1f5f5cb1f845de87d571da928dcc76337068a0146c2e8aa73521913)
2026-10-07 19:08:59.086+00:00 | EthScheduler-Workers-0 | INFO  | PersistBlockTask | Block 57 (0x0cfff4a84b4fc9199f349bfece28201199245207e5aec21c4dd39248759afbea) is already imported
2026-10-07 19:08:59.086+00:00 | BftProcessorExecutor-QBFT-0 | INFO  | QbftBesuControllerBuilder | Imported #57 / 0 tx / 0 pending / 0 (0.0%) gas / (0x0cfff4a84b4fc9199f349bfece28201199245207e5aec21c4dd39248759afbea)
2026-10-07 19:09:01.094+00:00 | BftProcessorExecutor-QBFT-0 | INFO  | QbftBesuControllerBuilder | Imported #58 / 0 tx / 0 pending / 0 (0.0%) gas / (0xe83e7f00433af12e302b58ae31a5f11be036d6b78f989875e1a78be90bc9ca65)
2026-10-07 19:09:03.075+00:00 | BftProcessorExecutor-QBFT-0 | INFO  | QbftBesuControllerBuilder | Imported #59 / 0 tx / 0 pending / 0 (0.0%) gas / (0xd7aab08ef8a2d2f934516a24e99c58573261a5b084b13f4369fe4298c0cd5a96)
2026-10-07 19:09:05.078+00:00 | BftProcessorExecutor-QBFT-0 | INFO  | QbftBesuControllerBuilder | Imported #60 / 0 tx / 0 pending / 0 (0.0%) gas / (0x94e372efb6c6442dc21ed8ff9e9a46d2b5d441c68c64bca5a555b60bf2016f48)
2026-10-07 19:09:07.096+00:00 | BftProcessorExecutor-QBFT-0 | INFO  | QbftBesuControllerBuilder | Imported #61 / 2 tx / 42 pending / 307,300 (0.0%) gas / (0x2721644255d1a427955679792441a1511ba109b94b620d3d1d39250f1c8a59f8)
2026-10-07 19:09:09.120+00:00 | BftProcessorExecutor-QBFT-0 | INFO  | QbftBesuControllerBuilder | Imported #62 / 9 tx / 117 pending / 1,382,646 (0.0%) gas / (0x350068d02fe2bc31ac0ec443abf577af179af2baf8a1ef0087b3ed1e341d4cd8)
2026-10-07 19:09:11.115+00:00 | BftProcessorExecutor-QBFT-0 | INFO  | QbftBesuControllerBuilder | Imported #63 / 9 tx / 108 pending / 1,382,678 (0.0%) gas / (0x6aa03ac101086519c04251ccf7e86250a81a7b053f661effe008a2a2a0477b26)
2026-10-07 19:09:13.106+00:00 | BftProcessorExecutor-QBFT-0 | INFO  | QbftBesuControllerBuilder | Imported #64 / 9 tx / 99 pending / 1,382,702 (0.0%) gas / (0x0c7ba7fa70f103a7fe179ea52edf768831f8e63586ce5ba4cee9f668fa80f9f0)
2026-10-07 19:09:15.113+00:00 | BftProcessorExecutor-QBFT-0 | INFO  | QbftBesuControllerBuilder | Imported #65 / 9 tx / 90 pending / 1,382,754 (0.0%) gas / (0x89d9de0082648c77c9d7de8a7752129ba82e550f6eb81aaef1d7169ae0762b76)
2026-10-07 19:09:15.113+00:00 | EthScheduler-Workers-0 | INFO  | PersistBlockTask | Block 65 (0x89d9de0082648c77c9d7de8a7752129ba82e550f6eb81aaef1d7169ae0762b76) is already imported
2026-10-07 19:09:17.113+00:00 | BftProcessorExecutor-QBFT-0 | INFO  | QbftBesuControllerBuilder | Produced #66 / 9 tx / 81 pending / 1,382,726 (0.0%) gas / (0x4c41ff1f3b036180b355c713b34bdbceda20700b5febc7872fbce6e6af643bba)
2026-10-07 19:09:19.107+00:00 | EthScheduler-Workers-0 | INFO  | PersistBlockTask | Block 67 (0xde1cf9c50b165b0e20ea365c12b5723f381440257b93416632c8c6801dd112a4) is already imported
2026-10-07 19:09:19.107+00:00 | BftProcessorExecutor-QBFT-0 | INFO  | QbftBesuControllerBuilder | Imported #67 / 9 tx / 72 pending / 1,382,726 (0.0%) gas / (0xde1cf9c50b165b0e20ea365c12b5723f381440257b93416632c8c6801dd112a4)
2026-10-07 19:09:21.106+00:00 | EthScheduler-Workers-0 | INFO  | PersistBlockTask | Block 68 (0x6adcfc542ec890e3bf6b00f11e6fd498ce0de2bf1a635ff4bb346a716143eefc) is already imported
2026-10-07 19:09:21.106+00:00 | BftProcessorExecutor-QBFT-0 | INFO  | QbftBesuControllerBuilder | Imported #68 / 8 tx / 64 pending / 1,229,052 (0.0%) gas / (0x6adcfc542ec890e3bf6b00f11e6fd498ce0de2bf1a635ff4bb346a716143eefc)
2026-10-07 19:09:23.128+00:00 | EthScheduler-Workers-0 | INFO  | PersistBlockTask | Imported #69 / 8 tx / 0 om / 1,229,044 (0.0%) gas / (0xa51d719f84eba4a58f6daefbe3fc6296dd393c52337d2382bcef5aae5c7d73b3) in 0.010s. Peers: 14
2026-10-07 19:09:23.129+00:00 | BftProcessorExecutor-QBFT-0 | INFO  | QbftBesuControllerBuilder | Imported #69 / 8 tx / 56 pending / 1,229,044 (0.0%) gas / (0xa51d719f84eba4a58f6daefbe3fc6296dd393c52337d2382bcef5aae5c7d73b3)
2026-10-07 19:09:25.100+00:00 | BftProcessorExecutor-QBFT-0 | INFO  | QbftBesuControllerBuilder | Imported #70 / 8 tx / 48 pending / 1,229,144 (0.0%) gas / (0x533720472f2dae120564cfa1afe2f755bce0184d1a268469d078d2cb28432857)
2026-10-07 19:09:27.093+00:00 | BftProcessorExecutor-QBFT-0 | INFO  | QbftBesuControllerBuilder | Imported #71 / 8 tx / 40 pending / 1,229,072 (0.0%) gas / (0x9a6005c2cb188687ed1b99262d90a45846a8232bd5efa1f84216ca93b1191f1d)
2026-10-07 19:09:29.104+00:00 | BftProcessorExecutor-QBFT-0 | INFO  | QbftBesuControllerBuilder | Imported #72 / 8 tx / 32 pending / 1,229,044 (0.0%) gas / (0x9fcb31ce24063da4c071cebf3a1fec8acc2bf04c2a339579aa0618fed363ae68)
2026-10-07 19:09:31.106+00:00 | BftProcessorExecutor-QBFT-0 | INFO  | QbftBesuControllerBuilder | Imported #73 / 8 tx / 24 pending / 1,229,012 (0.0%) gas / (0x63f6bfd13e05008f28f9d1612add1824bb1fc2a37b1f37782d2a97e068f9b150)
2026-10-07 19:09:33.144+00:00 | EthScheduler-Workers-0 | INFO  | PersistBlockTask | Block 74 (0x243e16c51ffb9a830d6a7320b5cf8d988eb61aa0c76b4e0868032dc884cb0da6) is already imported
2026-10-07 19:09:33.145+00:00 | BftProcessorExecutor-QBFT-0 | INFO  | QbftBesuControllerBuilder | Imported #74 / 8 tx / 16 pending / 1,229,044 (0.0%) gas / (0x243e16c51ffb9a830d6a7320b5cf8d988eb61aa0c76b4e0868032dc884cb0da6)
2026-10-07 19:09:35.116+00:00 | BftProcessorExecutor-QBFT-0 | INFO  | QbftBesuControllerBuilder | Imported #75 / 9 tx / 7 pending / 1,382,746 (0.0%) gas / (0xd71f281fa27e9e6d9c5cff14e3311b517b96fdb4a0079e8045679d9a20dbb883)
2026-10-07 19:09:37.133+00:00 | EthScheduler-Workers-0 | INFO  | PersistBlockTask | Block 76 (0x943e6b13ee7ef5cae3f7aa46d186858e490f6bf90eb3a99edead256bdf30422f) is already imported
2026-10-07 19:09:37.133+00:00 | BftProcessorExecutor-QBFT-0 | INFO  | QbftBesuControllerBuilder | Imported #76 / 7 tx / 0 pending / 1,075,402 (0.0%) gas / (0x943e6b13ee7ef5cae3f7aa46d186858e490f6bf90eb3a99edead256bdf30422f)
2026-10-07 19:09:39.079+00:00 | BftProcessorExecutor-QBFT-0 | INFO  | QbftBesuControllerBuilder | Imported #77 / 0 tx / 0 pending / 0 (0.0%) gas / (0x4e0e3ccfa90e4f8ea38f03dbc67f5cd6b29075b7a6d9f107c9738bb0ef3e279e)
2026-10-07 19:09:41.079+00:00 | EthScheduler-Workers-0 | INFO  | PersistBlockTask | Block 78 (0x961ab2912bbc576e76cd6928fc7342f4457209203ebf0539048c008bb465cba6) is already imported
2026-10-07 19:09:41.079+00:00 | BftProcessorExecutor-QBFT-0 | INFO  | QbftBesuControllerBuilder | Imported #78 / 0 tx / 0 pending / 0 (0.0%) gas / (0x961ab2912bbc576e76cd6928fc7342f4457209203ebf0539048c008bb465cba6)
2026-10-07 19:09:43.084+00:00 | EthScheduler-Workers-0 | INFO  | PersistBlockTask | Block 79 (0x7c9f2fd282d56438fbf81f8d6749d3ed1ceaadc4071c5ca2d6f364aff7b2b2dd) is already imported
2026-10-07 19:09:43.085+00:00 | BftProcessorExecutor-QBFT-0 | INFO  | QbftBesuControllerBuilder | Imported #79 / 0 tx / 0 pending / 0 (0.0%) gas / (0x7c9f2fd282d56438fbf81f8d6749d3ed1ceaadc4071c5ca2d6f364aff7b2b2dd)
2026-10-07 19:09:45.610+00:00 | EthScheduler-Workers-0 | INFO  | PersistBlockTask | Block 80 (0xeb7608f64770063792455f66859841ed527f5aa363e026929faaea1058536e51) is already imported
2026-10-07 19:09:45.612+00:00 | BftProcessorExecutor-QBFT-0 | INFO  | QbftBesuControllerBuilder | Imported #80 / 36 tx / 707 pending / 8,710,920 (0.0%) gas / (0xeb7608f64770063792455f66859841ed527f5aa363e026929faaea1058536e51)
2026-10-07 19:09:48.080+00:00 | BftProcessorExecutor-QBFT-0 | INFO  | QbftBesuControllerBuilder | Produced #81 / 68 tx / 920 pending / 16,453,960 (0.0%) gas / (0xf3b64b3c09696242c7f20716a561fb0b4c30eb8d87283db8bac68e16a1ae5be6)
2026-10-07 19:09:50.028+00:00 | BftProcessorExecutor-QBFT-0 | INFO  | QbftBesuControllerBuilder | Imported #82 / 68 tx / 852 pending / 16,453,960 (0.0%) gas / (0x08435262045381f7e3668ffbe0de459f67280fc7145e3d288b315ebc68754486)
2026-10-07 19:09:52.087+00:00 | BftProcessorExecutor-QBFT-0 | INFO  | QbftBesuControllerBuilder | Imported #83 / 68 tx / 784 pending / 16,453,960 (0.0%) gas / (0x64e211b3b750c10377351ff138922c78e3b2dcc494b3f9e71df7a12a4ad81790)
2026-10-07 19:09:54.039+00:00 | BftProcessorExecutor-QBFT-0 | INFO  | QbftBesuControllerBuilder | Imported #84 / 68 tx / 716 pending / 16,453,960 (0.0%) gas / (0x70ab3281839eae61e6413085469bcc55df8eff2bb3d8979a2de1974a0d9565a4)
2026-10-07 19:09:56.045+00:00 | EthScheduler-Workers-0 | INFO  | PersistBlockTask | Block 85 (0x84c8ae5cc0117402b3d3f4e32a48f1ae05db134b6b34d1a19bbc2f339c440da9) is already imported
2026-10-07 19:09:56.046+00:00 | BftProcessorExecutor-QBFT-0 | INFO  | QbftBesuControllerBuilder | Imported #85 / 68 tx / 648 pending / 16,453,960 (0.0%) gas / (0x84c8ae5cc0117402b3d3f4e32a48f1ae05db134b6b34d1a19bbc2f339c440da9)
2026-10-07 19:09:58.062+00:00 | EthScheduler-Workers-0 | INFO  | PersistBlockTask | Block 86 (0xd887d5d2b43f90ea5f1a589e4f46f285658ce119d01040f959beedb1d8cc0925) is already imported
2026-10-07 19:09:58.063+00:00 | BftProcessorExecutor-QBFT-0 | INFO  | QbftBesuControllerBuilder | Imported #86 / 68 tx / 580 pending / 16,453,960 (0.0%) gas / (0xd887d5d2b43f90ea5f1a589e4f46f285658ce119d01040f959beedb1d8cc0925)
2026-10-07 19:10:00.052+00:00 | BftProcessorExecutor-QBFT-0 | INFO  | QbftBesuControllerBuilder | Imported #87 / 68 tx / 580 pending / 16,453,960 (0.0%) gas / (0x575f8893c7722b01925033b7e92e482d36ab2b9d113c60e4e250599a64e3eee5)
2026-10-07 19:10:02.092+00:00 | BftProcessorExecutor-QBFT-0 | INFO  | QbftBesuControllerBuilder | Imported #88 / 68 tx / 444 pending / 16,453,960 (0.0%) gas / (0xc9680bc83b92ab4b04bfb1b58f5c763c4f1e2dd0afba5bb7d987b6eb16725257)
2026-10-07 19:10:04.039+00:00 | BftProcessorExecutor-QBFT-0 | INFO  | QbftBesuControllerBuilder | Imported #89 / 68 tx / 376 pending / 16,453,960 (0.0%) gas / (0xeb35ba869dad2017bd02b0775e9088f75150859a8f54e6c8b5c7b4c5eb53a21d)
2026-10-07 19:10:06.061+00:00 | BftProcessorExecutor-QBFT-0 | INFO  | QbftBesuControllerBuilder | Imported #90 / 69 tx / 307 pending / 16,695,930 (0.0%) gas / (0x412ea7cbdcba185ddc247d228bb2ef56da21fa4f95fce688bc1053707bc4af64)
2026-10-07 19:10:08.163+00:00 | BftProcessorExecutor-QBFT-0 | INFO  | QbftBesuControllerBuilder | Imported #91 / 69 tx / 238 pending / 16,695,930 (0.0%) gas / (0x4fcf9a8f30489a334e9fb4fa04ebbfacbd9dbc928e3a5342e895f1ee1db720fe)
2026-10-07 19:10:10.130+00:00 | BftProcessorExecutor-QBFT-0 | INFO  | QbftBesuControllerBuilder | Imported #92 / 69 tx / 169 pending / 16,695,930 (0.0%) gas / (0xaeda6bc7851d03415a5c166dcdd6a5eb2438aaa5af12df9b06510531f89a8b95)
2026-10-07 19:10:12.166+00:00 | EthScheduler-Workers-0 | INFO  | PersistBlockTask | Block 93 (0x05cd21210d6b277c86597e58b83188294895fc26677050532cc16ef4e90ed90b) is already imported
2026-10-07 19:10:12.167+00:00 | BftProcessorExecutor-QBFT-0 | INFO  | QbftBesuControllerBuilder | Imported #93 / 69 tx / 100 pending / 16,695,930 (0.0%) gas / (0x05cd21210d6b277c86597e58b83188294895fc26677050532cc16ef4e90ed90b)
2026-10-07 19:10:14.105+00:00 | BftProcessorExecutor-QBFT-0 | INFO  | QbftBesuControllerBuilder | Imported #94 / 68 tx / 32 pending / 16,453,960 (0.0%) gas / (0x3073eac1e3c9c325b86054a76568f54e9d1b7aa85e3d9cadebfcf249433591db)
2026-10-07 19:10:15.506+00:00 | BftProcessorExecutor-QBFT-0 | INFO  | QbftBesuControllerBuilder | Imported #95 / 32 tx / 0 pending / 7,743,040 (0.0%) gas / (0xd338b73536f84da0b59187d1f744cb4d0636bc911d969c2e7831d3621da5b816)
2026-10-07 19:10:17.067+00:00 | BftProcessorExecutor-QBFT-0 | INFO  | QbftBesuControllerBuilder | Produced #96 / 0 tx / 0 pending / 0 (0.0%) gas / (0x40bd1c35ff1b470af69fd2049d1a69a6caaff43313ef5d0fbe4a1c45e4ea2bc4)
2026-10-07 19:10:19.081+00:00 | EthScheduler-Workers-0 | INFO  | PersistBlockTask | Block 97 (0xf8a6722f499395349454663c64f2f33f67a8e60a4a55b61b3113b7dfbcbde32d) is already imported
2026-10-07 19:10:19.081+00:00 | BftProcessorExecutor-QBFT-0 | INFO  | QbftBesuControllerBuilder | Imported #97 / 0 tx / 0 pending / 0 (0.0%) gas / (0xf8a6722f499395349454663c64f2f33f67a8e60a4a55b61b3113b7dfbcbde32d)
2026-10-07 19:10:21.074+00:00 | BftProcessorExecutor-QBFT-0 | INFO  | QbftBesuControllerBuilder | Imported #98 / 0 tx / 0 pending / 0 (0.0%) gas / (0x42aa42ef3ce05d7b8c4d3b0de11c2603d5c82a784a02aa1032236f776ecdfba9)
2026-10-07 19:10:21.074+00:00 | EthScheduler-Workers-0 | INFO  | PersistBlockTask | Block 98 (0x42aa42ef3ce05d7b8c4d3b0de11c2603d5c82a784a02aa1032236f776ecdfba9) is already imported
2026-10-07 19:10:23.084+00:00 | EthScheduler-Workers-0 | INFO  | PersistBlockTask | Block 99 (0xadb2eec63e82bd989e3bcc219e5dfe759bbb91f8d4502be9f35b4dbc541987ef) is already imported
2026-10-07 19:10:23.084+00:00 | BftProcessorExecutor-QBFT-0 | INFO  | QbftBesuControllerBuilder | Imported #99 / 0 tx / 0 pending / 0 (0.0%) gas / (0xadb2eec63e82bd989e3bcc219e5dfe759bbb91f8d4502be9f35b4dbc541987ef)
2026-10-07 19:10:25.074+00:00 | EthScheduler-Workers-0 | INFO  | PersistBlockTask | Block 100 (0x6181aa9b4b9350dedb1963c5d4357bf45d5e4603e893b6908b66050ddb24cee3) is already imported
2026-10-07 19:10:25.075+00:00 | BftProcessorExecutor-QBFT-0 | INFO  | QbftBesuControllerBuilder | Imported #100 / 0 tx / 0 pending / 0 (0.0%) gas / (0x6181aa9b4b9350dedb1963c5d4357bf45d5e4603e893b6908b66050ddb24cee3)
2026-10-07 19:10:27.074+00:00 | EthScheduler-Workers-0 | INFO  | PersistBlockTask | Block 101 (0xa6d6eee20acecc806866205c060d0fc9813f763dc66b283880239ca4ee61a740) is already imported
2026-10-07 19:10:27.075+00:00 | BftProcessorExecutor-QBFT-0 | INFO  | QbftBesuControllerBuilder | Imported #101 / 0 tx / 0 pending / 0 (0.0%) gas / (0xa6d6eee20acecc806866205c060d0fc9813f763dc66b283880239ca4ee61a740)
2026-10-07 19:10:29.080+00:00 | BftProcessorExecutor-QBFT-0 | INFO  | QbftBesuControllerBuilder | Imported #102 / 4 tx / 80 pending / 614,504 (0.0%) gas / (0x96362750592c6f6a24ee4b0fd7849a3676f245e8718b6c9086a95f7d6ef86763)
2026-10-07 19:10:31.116+00:00 | EthScheduler-Workers-0 | INFO  | PersistBlockTask | Block 103 (0xfc53e6a8aa3c6b04f0ddb32095229f9771f87c5a67a2809dcd0994e1be1459a1) is already imported
2026-10-07 19:10:31.116+00:00 | BftProcessorExecutor-QBFT-0 | INFO  | QbftBesuControllerBuilder | Imported #103 / 8 tx / 116 pending / 1,229,080 (0.0%) gas / (0xfc53e6a8aa3c6b04f0ddb32095229f9771f87c5a67a2809dcd0994e1be1459a1)
2026-10-07 19:10:33.113+00:00 | EthScheduler-Workers-0 | INFO  | PersistBlockTask | Block 104 (0xe99a775eb16a5cd9ef0606d86344f23dabd34b8b5d55936563a637b0373a9b3f) is already imported
2026-10-07 19:10:33.113+00:00 | BftProcessorExecutor-QBFT-0 | INFO  | QbftBesuControllerBuilder | Imported #104 / 8 tx / 108 pending / 1,229,040 (0.0%) gas / (0xe99a775eb16a5cd9ef0606d86344f23dabd34b8b5d55936563a637b0373a9b3f)
2026-10-07 19:10:35.133+00:00 | BftProcessorExecutor-QBFT-0 | INFO  | QbftBesuControllerBuilder | Imported #105 / 9 tx / 99 pending / 1,382,706 (0.0%) gas / (0xd715721789864b5e9709e7d4424af253d828765703361e8b2981aaccc66d7921)
2026-10-07 19:10:35.133+00:00 | EthScheduler-Workers-0 | INFO  | PersistBlockTask | Block 105 (0xd715721789864b5e9709e7d4424af253d828765703361e8b2981aaccc66d7921) is already imported
2026-10-07 19:10:37.126+00:00 | EthScheduler-Workers-0 | INFO  | PersistBlockTask | Block 106 (0x49218265ce18082a67b44afc776f6ffb6947c7ee3e125aa5a2c144b568ef01e8) is already imported
2026-10-07 19:10:37.126+00:00 | BftProcessorExecutor-QBFT-0 | INFO  | QbftBesuControllerBuilder | Imported #106 / 9 tx / 90 pending / 1,382,774 (0.0%) gas / (0x49218265ce18082a67b44afc776f6ffb6947c7ee3e125aa5a2c144b568ef01e8)
2026-10-07 19:10:39.116+00:00 | BftProcessorExecutor-QBFT-0 | INFO  | QbftBesuControllerBuilder | Imported #107 / 9 tx / 81 pending / 1,382,778 (0.0%) gas / (0x4e783a8d04e64984486e7fc3a8ad68b632e78f52f4f4fc2cef8cd818582bee8e)
2026-10-07 19:10:39.117+00:00 | EthScheduler-Workers-0 | INFO  | PersistBlockTask | Block 107 (0x4e783a8d04e64984486e7fc3a8ad68b632e78f52f4f4fc2cef8cd818582bee8e) is already imported
2026-10-07 19:10:41.101+00:00 | BftProcessorExecutor-QBFT-0 | INFO  | QbftBesuControllerBuilder | Imported #108 / 9 tx / 72 pending / 1,382,750 (0.0%) gas / (0x576cfe128df89434714d41835f8a16f32b52b7b676a5a02816f6807a924570b9)
2026-10-07 19:10:43.125+00:00 | EthScheduler-Workers-0 | INFO  | PersistBlockTask | Block 109 (0x4b13b4094bedb1032a5c9fa072ef2003c82a46560325315c83af0093b8eed572) is already imported
2026-10-07 19:10:43.126+00:00 | BftProcessorExecutor-QBFT-0 | INFO  | QbftBesuControllerBuilder | Imported #109 / 9 tx / 63 pending / 1,382,758 (0.0%) gas / (0x4b13b4094bedb1032a5c9fa072ef2003c82a46560325315c83af0093b8eed572)
2026-10-07 19:10:45.129+00:00 | BftProcessorExecutor-QBFT-0 | INFO  | QbftBesuControllerBuilder | Imported #110 / 9 tx / 54 pending / 1,382,702 (0.0%) gas / (0x58786675428063f89b720e6cc98786908014a69c46370781f41adac0ad05b07b)
2026-10-07 19:10:45.129+00:00 | EthScheduler-Workers-0 | INFO  | PersistBlockTask | Block 110 (0x58786675428063f89b720e6cc98786908014a69c46370781f41adac0ad05b07b) is already imported
2026-10-07 19:10:47.115+00:00 | BftProcessorExecutor-QBFT-0 | INFO  | QbftBesuControllerBuilder | Produced #111 / 9 tx / 45 pending / 1,382,734 (0.0%) gas / (0x3b3059e6bdf5d7fce08d734fd120cccb3347f8edfe27a8530c7f368981f31634)
2026-10-07 19:10:49.109+00:00 | BftProcessorExecutor-QBFT-0 | INFO  | QbftBesuControllerBuilder | Imported #112 / 9 tx / 36 pending / 1,382,654 (0.0%) gas / (0xc049463a1c771299351d9e592acf5044cce3788a135fdfc944363aa4c3ab03b1)
2026-10-07 19:10:51.126+00:00 | BftProcessorExecutor-QBFT-0 | INFO  | QbftBesuControllerBuilder | Imported #113 / 8 tx / 28 pending / 1,229,060 (0.0%) gas / (0x41d8013dd58a68b346512f3a7e305f194c6ca31c1f0b30841e71cfd7959dd8fe)
2026-10-07 19:10:51.126+00:00 | EthScheduler-Workers-0 | INFO  | PersistBlockTask | Block 113 (0x41d8013dd58a68b346512f3a7e305f194c6ca31c1f0b30841e71cfd7959dd8fe) is already imported
2026-10-07 19:10:53.127+00:00 | EthScheduler-Workers-0 | INFO  | PersistBlockTask | Block 114 (0xab2bdded7136a9eed25bd3a48ad5a67f629256b4677a2288cedeb2b71584d840) is already imported
2026-10-07 19:10:53.127+00:00 | BftProcessorExecutor-QBFT-0 | INFO  | QbftBesuControllerBuilder | Imported #114 / 8 tx / 20 pending / 1,229,076 (0.0%) gas / (0xab2bdded7136a9eed25bd3a48ad5a67f629256b4677a2288cedeb2b71584d840)
2026-10-07 19:10:55.140+00:00 | EthScheduler-Workers-0 | INFO  | PersistBlockTask | Block 115 (0x6a48864d7a7ee73b24caab99dc75c14043e8d8188a8a98e46a7696177ad22d7c) is already imported
2026-10-07 19:10:55.141+00:00 | BftProcessorExecutor-QBFT-0 | INFO  | QbftBesuControllerBuilder | Imported #115 / 8 tx / 12 pending / 1,229,068 (0.0%) gas / (0x6a48864d7a7ee73b24caab99dc75c14043e8d8188a8a98e46a7696177ad22d7c)
2026-10-07 19:10:57.118+00:00 | EthScheduler-Workers-0 | INFO  | PersistBlockTask | Block 116 (0x7e157e6702d4ca2eb3374d563ffbfd22d038348bbc0cdbba6f1893b0df7412f6) is already imported
2026-10-07 19:10:57.119+00:00 | BftProcessorExecutor-QBFT-0 | INFO  | QbftBesuControllerBuilder | Imported #116 / 8 tx / 4 pending / 1,229,084 (0.0%) gas / (0x7e157e6702d4ca2eb3374d563ffbfd22d038348bbc0cdbba6f1893b0df7412f6)
2026-10-07 19:10:59.103+00:00 | EthScheduler-Workers-0 | INFO  | PersistBlockTask | Block 117 (0xfc2179b6ca89deb25365c133aff89e41e996d2bfbc74670fb96e732ff69fa6c7) is already imported
2026-10-07 19:10:59.103+00:00 | BftProcessorExecutor-QBFT-0 | INFO  | QbftBesuControllerBuilder | Imported #117 / 4 tx / 0 pending / 614,556 (0.0%) gas / (0xfc2179b6ca89deb25365c133aff89e41e996d2bfbc74670fb96e732ff69fa6c7)
2026-10-07 19:11:01.076+00:00 | BftProcessorExecutor-QBFT-0 | INFO  | QbftBesuControllerBuilder | Imported #118 / 0 tx / 0 pending / 0 (0.0%) gas / (0x7f331cd6a51a58daf042d292db91ac9e34f86185fdb56c5b1191a845243948aa)
2026-10-07 19:11:03.080+00:00 | EthScheduler-Workers-0 | INFO  | PersistBlockTask | Block 119 (0x1e8a7aa13d85a379325f27749e756b069227b42784eff0c0fdfe232cd75d4077) is already imported
2026-10-07 19:11:03.080+00:00 | BftProcessorExecutor-QBFT-0 | INFO  | QbftBesuControllerBuilder | Imported #119 / 0 tx / 0 pending / 0 (0.0%) gas / (0x1e8a7aa13d85a379325f27749e756b069227b42784eff0c0fdfe232cd75d4077)
2026-10-07 19:11:05.082+00:00 | BftProcessorExecutor-QBFT-0 | INFO  | QbftBesuControllerBuilder | Imported #120 / 0 tx / 0 pending / 0 (0.0%) gas / (0x9fc417e6fc868807667db1131f6289256d456a4fdd5d19c31159acd9840c1e75)
2026-10-07 19:11:05.082+00:00 | EthScheduler-Workers-0 | INFO  | PersistBlockTask | Block 120 (0x9fc417e6fc868807667db1131f6289256d456a4fdd5d19c31159acd9840c1e75) is already imported
2026-10-07 19:11:07.392+00:00 | EthScheduler-Workers-0 | INFO  | PersistBlockTask | Block 121 (0xaf36a002018180d5a4ca358e2e128b95412adbb5c533abf6a37a59ff172b38c1) is already imported
2026-10-07 19:11:07.392+00:00 | BftProcessorExecutor-QBFT-0 | INFO  | QbftBesuControllerBuilder | Imported #121 / 16 tx / 356 pending / 3,871,520 (0.0%) gas / (0xaf36a002018180d5a4ca358e2e128b95412adbb5c533abf6a37a59ff172b38c1)
2026-10-07 19:11:10.055+00:00 | BftProcessorExecutor-QBFT-0 | INFO  | QbftBesuControllerBuilder | Imported #122 / 69 tx / 939 pending / 16,695,930 (0.0%) gas / (0xbb9fbdc076a37080c48d9de8f4f0a22fe38f1f823f92e5f40598c1d8124f955d)
2026-10-07 19:11:12.065+00:00 | EthScheduler-Workers-0 | INFO  | PersistBlockTask | Block 123 (0x02d8b5a5e175698f5301aad18075ca660561de46b41d9151848c1338286d7058) is already imported
2026-10-07 19:11:12.066+00:00 | BftProcessorExecutor-QBFT-0 | INFO  | QbftBesuControllerBuilder | Imported #123 / 69 tx / 870 pending / 16,695,930 (0.0%) gas / (0x02d8b5a5e175698f5301aad18075ca660561de46b41d9151848c1338286d7058)
2026-10-07 19:11:14.105+00:00 | BftProcessorExecutor-QBFT-0 | INFO  | QbftBesuControllerBuilder | Imported #124 / 68 tx / 802 pending / 16,453,960 (0.0%) gas / (0x3f4e420ca1b0138a30384adafcca8d4cd09a1c42b90320f2bf49d435bfc1d2f5)
2026-10-07 19:11:16.091+00:00 | BftProcessorExecutor-QBFT-0 | INFO  | QbftBesuControllerBuilder | Imported #125 / 68 tx / 734 pending / 16,453,960 (0.0%) gas / (0x5f53f29ffd6d55bde6ed8ee3d44c0538b4da024963deda25cc36d3cc05f143b8)
2026-10-07 19:11:18.076+00:00 | BftProcessorExecutor-QBFT-0 | INFO  | QbftBesuControllerBuilder | Produced #126 / 68 tx / 666 pending / 16,453,960 (0.0%) gas / (0x5bbf79d4f3c3069c26bfe775e1b7339aaaf3f7bbe1657dd68034360a5271123a)
2026-10-07 19:11:20.098+00:00 | EthScheduler-Workers-0 | INFO  | PersistBlockTask | Block 127 (0x125f4046824a275eeff311bea475e9c7fc5d64cc64c3f2a486a4064950df2497) is already imported
2026-10-07 19:11:20.099+00:00 | BftProcessorExecutor-QBFT-0 | INFO  | QbftBesuControllerBuilder | Imported #127 / 68 tx / 598 pending / 16,453,960 (0.0%) gas / (0x125f4046824a275eeff311bea475e9c7fc5d64cc64c3f2a486a4064950df2497)
2026-10-07 19:11:22.030+00:00 | BftProcessorExecutor-QBFT-0 | INFO  | QbftBesuControllerBuilder | Imported #128 / 68 tx / 530 pending / 16,453,960 (0.0%) gas / (0xd387be7bca63042c27fb15fba0f6ebe3006eed33a54ba29208af7948635f17ac)
2026-10-07 19:11:24.013+00:00 | BftProcessorExecutor-QBFT-0 | INFO  | QbftBesuControllerBuilder | Imported #129 / 68 tx / 462 pending / 16,453,960 (0.0%) gas / (0x7d99ab8098bc8af035732216b4a2b8650956a798ce05011764432e76cbad9cea)
2026-10-07 19:11:26.047+00:00 | BftProcessorExecutor-QBFT-0 | INFO  | QbftBesuControllerBuilder | Imported #130 / 68 tx / 394 pending / 16,453,960 (0.0%) gas / (0x85b0641ae13f62a66685a05ea12c14a805cde7d59d88ad6ee9e0c6d864f54ff7)
2026-10-07 19:11:28.085+00:00 | BftProcessorExecutor-QBFT-0 | INFO  | QbftBesuControllerBuilder | Imported #131 / 68 tx / 326 pending / 16,453,960 (0.0%) gas / (0x6a533753f9445825cb58fcf17b4286bdc163e5beaf5415134c6005ab851684d9)
2026-10-07 19:11:30.037+00:00 | BftProcessorExecutor-QBFT-0 | INFO  | QbftBesuControllerBuilder | Imported #132 / 68 tx / 258 pending / 16,453,960 (0.0%) gas / (0x3eb18627348a7aa84b989a2bb41eb026df404a0a6bbc19600ee7bb72a4e4008f)
2026-10-07 19:11:32.078+00:00 | BftProcessorExecutor-QBFT-0 | INFO  | QbftBesuControllerBuilder | Imported #133 / 68 tx / 190 pending / 16,453,960 (0.0%) gas / (0x54422ddabf711f253d2c1ade362d7db2366fff37c9b52d08fe76766218f2683c)
2026-10-07 19:11:34.094+00:00 | BftProcessorExecutor-QBFT-0 | INFO  | QbftBesuControllerBuilder | Imported #134 / 68 tx / 122 pending / 16,453,960 (0.0%) gas / (0xef96fd2661500b47d74694c40a430b7c89e27c7665a5e349ae82176c86e27050)
2026-10-07 19:11:36.071+00:00 | EthScheduler-Workers-0 | INFO  | PersistBlockTask | Block 135 (0x74b5c929c0ac1459e73509d5a112a879b9f9276bc6a726ddcc5fb5d9f2868314) is already imported
2026-10-07 19:11:36.073+00:00 | BftProcessorExecutor-QBFT-0 | INFO  | QbftBesuControllerBuilder | Imported #135 / 69 tx / 53 pending / 16,695,930 (0.0%) gas / (0x74b5c929c0ac1459e73509d5a112a879b9f9276bc6a726ddcc5fb5d9f2868314)
2026-10-07 19:11:37.805+00:00 | BftProcessorExecutor-QBFT-0 | INFO  | QbftBesuControllerBuilder | Imported #136 / 53 tx / 0 pending / 12,824,410 (0.0%) gas / (0xbba4a36f20aba8b7979949cbddbcc32252e2bb89b5debc53e76e34becb94b37b)
2026-10-07 19:11:39.066+00:00 | BftProcessorExecutor-QBFT-0 | INFO  | QbftBesuControllerBuilder | Imported #137 / 0 tx / 0 pending / 0 (0.0%) gas / (0x42468e41f76858e4b20c0930cb25d4cd08825b6322848f40039893cc65f71afd)
2026-10-07 19:11:41.073+00:00 | BftProcessorExecutor-QBFT-0 | INFO  | QbftBesuControllerBuilder | Imported #138 / 0 tx / 0 pending / 0 (0.0%) gas / (0x8175af1b5df127693c60b9bfcecb281f3b79cf11dc8d0be5e7276b98fb600554)
2026-10-07 19:11:43.077+00:00 | EthScheduler-Workers-0 | INFO  | PersistBlockTask | Imported #139 / 0 tx / 0 om / 0 (0.0%) gas / (0x79a0a1a3bf98bc970f2c1a9587136729301c9060fd9a1c0f80d9798f76a6d2a1) in 0.001s. Peers: 14
2026-10-07 19:11:45.083+00:00 | EthScheduler-Workers-0 | INFO  | PersistBlockTask | Block 140 (0x4807eacbdda5754f73cb5ce55b489004bda247009ce9d79b7893fba6e80003bc) is already imported
2026-10-07 19:11:45.083+00:00 | BftProcessorExecutor-QBFT-0 | INFO  | QbftBesuControllerBuilder | Imported #140 / 0 tx / 0 pending / 0 (0.0%) gas / (0x4807eacbdda5754f73cb5ce55b489004bda247009ce9d79b7893fba6e80003bc)
2026-10-07 19:11:47.089+00:00 | EthScheduler-Workers-0 | INFO  | PersistBlockTask | Block 141 (0xb765db16e778fae8fa353f2e6033f4ec890d879a50a263db86e5f1a04443894e) is already imported
2026-10-07 19:11:47.089+00:00 | BftProcessorExecutor-QBFT-0 | INFO  | QbftBesuControllerBuilder | Produced #141 / 0 tx / 0 pending / 0 (0.0%) gas / (0xb765db16e778fae8fa353f2e6033f4ec890d879a50a263db86e5f1a04443894e)
2026-10-07 19:11:49.086+00:00 | BftProcessorExecutor-QBFT-0 | INFO  | QbftBesuControllerBuilder | Imported #142 / 0 tx / 0 pending / 0 (0.0%) gas / (0xafd226ac5929e5f5f45ea8740a83b8a58c292adbdfa8159cffd5d078ed48ac05)
2026-10-07 19:11:51.079+00:00 | EthScheduler-Workers-0 | INFO  | PersistBlockTask | Block 143 (0x069bb703e2dfd2bb23f1a72ce5ff7aace54c0670b23eefc9800667b744801c16) is already imported
2026-10-07 19:11:51.079+00:00 | BftProcessorExecutor-QBFT-0 | INFO  | QbftBesuControllerBuilder | Imported #143 / 0 tx / 0 pending / 0 (0.0%) gas / (0x069bb703e2dfd2bb23f1a72ce5ff7aace54c0670b23eefc9800667b744801c16)
2026-10-07 19:11:53.073+00:00 | BftProcessorExecutor-QBFT-0 | INFO  | QbftBesuControllerBuilder | Imported #144 / 0 tx / 0 pending / 0 (0.0%) gas / (0x22a9f7bb08c98984c6f140daea2a652c83f764ffdd0a58e329d8000f7fa2bdbe)
2026-10-07 19:11:55.109+00:00 | EthScheduler-Workers-0 | INFO  | PersistBlockTask | Block 145 (0xe674b964512fb32f78eaeaef1ca11635d1cff29aed6e7ca8b084e923cfa3c266) is already imported
2026-10-07 19:11:55.109+00:00 | BftProcessorExecutor-QBFT-0 | INFO  | QbftBesuControllerBuilder | Imported #145 / 8 tx / 120 pending / 1,229,056 (0.0%) gas / (0xe674b964512fb32f78eaeaef1ca11635d1cff29aed6e7ca8b084e923cfa3c266)
2026-10-07 19:11:57.117+00:00 | EthScheduler-Workers-0 | INFO  | PersistBlockTask | Block 146 (0x9cef13a542af4493ba57eea7a4bd587e89507e610e446aee7e08f15800c41204) is already imported
2026-10-07 19:11:57.117+00:00 | BftProcessorExecutor-QBFT-0 | INFO  | QbftBesuControllerBuilder | Imported #146 / 8 tx / 112 pending / 1,229,128 (0.0%) gas / (0x9cef13a542af4493ba57eea7a4bd587e89507e610e446aee7e08f15800c41204)
2026-10-07 19:11:59.135+00:00 | EthScheduler-Workers-0 | INFO  | PersistBlockTask | Block 147 (0x2ce0211a1ecbad25ac0b7b9d0582b4d17099dc848d3aaf133114c00bea33f37b) is already imported
2026-10-07 19:11:59.136+00:00 | BftProcessorExecutor-QBFT-0 | INFO  | QbftBesuControllerBuilder | Imported #147 / 8 tx / 104 pending / 1,229,052 (0.0%) gas / (0x2ce0211a1ecbad25ac0b7b9d0582b4d17099dc848d3aaf133114c00bea33f37b)
2026-10-07 19:12:01.132+00:00 | EthScheduler-Workers-0 | INFO  | PersistBlockTask | Block 148 (0x1cbd9d66dc7aa5e32c4c289bb3616ad486bf2b738699b1a1e63f2051176fc267) is already imported
2026-10-07 19:12:01.132+00:00 | BftProcessorExecutor-QBFT-0 | INFO  | QbftBesuControllerBuilder | Imported #148 / 8 tx / 96 pending / 1,229,076 (0.0%) gas / (0x1cbd9d66dc7aa5e32c4c289bb3616ad486bf2b738699b1a1e63f2051176fc267)
2026-10-07 19:12:03.117+00:00 | EthScheduler-Workers-0 | INFO  | PersistBlockTask | Block 149 (0xc219b020eec6adeb57ffd0c4cc01394cd901a295b6606698237413d241a97e88) is already imported
2026-10-07 19:12:03.117+00:00 | BftProcessorExecutor-QBFT-0 | INFO  | QbftBesuControllerBuilder | Imported #149 / 8 tx / 88 pending / 1,229,060 (0.0%) gas / (0xc219b020eec6adeb57ffd0c4cc01394cd901a295b6606698237413d241a97e88)
2026-10-07 19:12:05.121+00:00 | EthScheduler-Workers-0 | INFO  | PersistBlockTask | Block 150 (0x5a7f2dee8ace9ecc43346244810a6f022c31078528f6d7c1445fcfe30d713b4f) is already imported
2026-10-07 19:12:05.121+00:00 | BftProcessorExecutor-QBFT-0 | INFO  | QbftBesuControllerBuilder | Imported #150 / 9 tx / 79 pending / 1,382,722 (0.0%) gas / (0x5a7f2dee8ace9ecc43346244810a6f022c31078528f6d7c1445fcfe30d713b4f)
2026-10-07 19:12:07.119+00:00 | EthScheduler-Workers-0 | INFO  | PersistBlockTask | Block 151 (0xe6634979c62e4cff713c75d04b0d2118688634f11cfda9c721b9109ebb7babf2) is already imported
2026-10-07 19:12:07.119+00:00 | BftProcessorExecutor-QBFT-0 | INFO  | QbftBesuControllerBuilder | Imported #151 / 9 tx / 70 pending / 1,382,682 (0.0%) gas / (0xe6634979c62e4cff713c75d04b0d2118688634f11cfda9c721b9109ebb7babf2)
2026-10-07 19:12:09.140+00:00 | EthScheduler-Workers-0 | INFO  | PersistBlockTask | Block 152 (0x492719d5e30afd4e040aff776451e7da42f9e2eb511c9afcf61843a62e497a8d) is already imported
2026-10-07 19:12:09.140+00:00 | BftProcessorExecutor-QBFT-0 | INFO  | QbftBesuControllerBuilder | Imported #152 / 9 tx / 61 pending / 1,382,746 (0.0%) gas / (0x492719d5e30afd4e040aff776451e7da42f9e2eb511c9afcf61843a62e497a8d)
2026-10-07 19:12:11.113+00:00 | EthScheduler-Workers-0 | INFO  | PersistBlockTask | Block 153 (0xcd3a545d59863ed1e170b5308cfaf232a9031a42a13b892dd76fa4d2784c0400) is already imported
2026-10-07 19:12:11.113+00:00 | BftProcessorExecutor-QBFT-0 | INFO  | QbftBesuControllerBuilder | Imported #153 / 9 tx / 52 pending / 1,382,650 (0.0%) gas / (0xcd3a545d59863ed1e170b5308cfaf232a9031a42a13b892dd76fa4d2784c0400)
2026-10-07 19:12:13.123+00:00 | EthScheduler-Workers-0 | INFO  | PersistBlockTask | Block 154 (0xe777e8ca0aa2636991d748aae176d1bab4f6db3b3d37ec29443d1156a7ee9e20) is already imported
2026-10-07 19:12:13.124+00:00 | BftProcessorExecutor-QBFT-0 | INFO  | QbftBesuControllerBuilder | Imported #154 / 9 tx / 43 pending / 1,382,606 (0.0%) gas / (0xe777e8ca0aa2636991d748aae176d1bab4f6db3b3d37ec29443d1156a7ee9e20)
2026-10-07 19:12:15.132+00:00 | EthScheduler-Workers-0 | INFO  | PersistBlockTask | Block 155 (0x1d70ed0c197cb043b606458e225b1048ca50d08a2eb2dc69fda2e7348cca3def) is already imported
2026-10-07 19:12:15.132+00:00 | BftProcessorExecutor-QBFT-0 | INFO  | QbftBesuControllerBuilder | Imported #155 / 9 tx / 34 pending / 1,382,682 (0.0%) gas / (0x1d70ed0c197cb043b606458e225b1048ca50d08a2eb2dc69fda2e7348cca3def)
2026-10-07 19:12:17.108+00:00 | BftProcessorExecutor-QBFT-0 | INFO  | QbftBesuControllerBuilder | Produced #156 / 9 tx / 25 pending / 1,382,718 (0.0%) gas / (0xefd8bdd29bd71d64ffa9cfdc13ce6831747bc22635958915b1a4b013d9bee515)
2026-10-07 19:12:19.150+00:00 | EthScheduler-Workers-0 | INFO  | PersistBlockTask | Block 157 (0x9c85ed92c482c19c4e5f9b03e4734a8c6ecc6b4414dfd6ba0e3f3db5a3ab3b9a) is already imported
2026-10-07 19:12:19.150+00:00 | BftProcessorExecutor-QBFT-0 | INFO  | QbftBesuControllerBuilder | Imported #157 / 9 tx / 16 pending / 1,382,622 (0.0%) gas / (0x9c85ed92c482c19c4e5f9b03e4734a8c6ecc6b4414dfd6ba0e3f3db5a3ab3b9a)
2026-10-07 19:12:21.146+00:00 | EthScheduler-Workers-0 | INFO  | PersistBlockTask | Block 158 (0xdd9d7cfad6d5c9cba058bd339b0643a8a757a42522d175390cbb668fff93e141) is already imported
2026-10-07 19:12:21.146+00:00 | BftProcessorExecutor-QBFT-0 | INFO  | QbftBesuControllerBuilder | Imported #158 / 8 tx / 8 pending / 1,229,000 (0.0%) gas / (0xdd9d7cfad6d5c9cba058bd339b0643a8a757a42522d175390cbb668fff93e141)
2026-10-07 19:12:23.125+00:00 | EthScheduler-Workers-0 | INFO  | PersistBlockTask | Block 159 (0xc037703bbcd2610b724e74ada074416b5d19151b54f7335c3d5a122921096dd5) is already imported
2026-10-07 19:12:23.126+00:00 | BftProcessorExecutor-QBFT-0 | INFO  | QbftBesuControllerBuilder | Imported #159 / 8 tx / 0 pending / 1,229,128 (0.0%) gas / (0xc037703bbcd2610b724e74ada074416b5d19151b54f7335c3d5a122921096dd5)
2026-10-07 19:12:25.081+00:00 | EthScheduler-Workers-0 | INFO  | PersistBlockTask | Block 160 (0xca4759a7f5e516a6506e3af88fe8fbbd4a02ff734ad7de9ab39e5a6dd01eaba0) is already imported
2026-10-07 19:12:25.081+00:00 | BftProcessorExecutor-QBFT-0 | INFO  | QbftBesuControllerBuilder | Imported #160 / 0 tx / 0 pending / 0 (0.0%) gas / (0xca4759a7f5e516a6506e3af88fe8fbbd4a02ff734ad7de9ab39e5a6dd01eaba0)
2026-10-07 19:12:27.070+00:00 | BftProcessorExecutor-QBFT-0 | INFO  | QbftBesuControllerBuilder | Imported #161 / 0 tx / 0 pending / 0 (0.0%) gas / (0x761b163391a5001e1f26a57eece3ee1a232eec9d8afa0af216207c00077d17d5)
2026-10-07 19:12:27.070+00:00 | EthScheduler-Workers-0 | INFO  | PersistBlockTask | Block 161 (0x761b163391a5001e1f26a57eece3ee1a232eec9d8afa0af216207c00077d17d5) is already imported
2026-10-07 19:12:29.072+00:00 | BftProcessorExecutor-QBFT-0 | INFO  | QbftBesuControllerBuilder | Imported #162 / 0 tx / 0 pending / 0 (0.0%) gas / (0xce3680de79a991ac6e893dcf5b426c3c2b0b0511ac268f084f1f77c461e77559)
2026-10-07 19:12:31.407+00:00 | EthScheduler-Workers-0 | INFO  | PersistBlockTask | Block 163 (0xbe199e8af2586897c63c7ed8da205b591c84779c7b1400e15b84d0c1b86c7672) is already imported
2026-10-07 19:12:31.408+00:00 | BftProcessorExecutor-QBFT-0 | INFO  | QbftBesuControllerBuilder | Imported #163 / 16 tx / 327 pending / 3,871,520 (0.0%) gas / (0xbe199e8af2586897c63c7ed8da205b591c84779c7b1400e15b84d0c1b86c7672)
2026-10-07 19:12:33.979+00:00 | BftProcessorExecutor-QBFT-0 | INFO  | QbftBesuControllerBuilder | Imported #164 / 65 tx / 943 pending / 15,728,050 (0.0%) gas / (0xe562556473bd7ecdcd29af2573e8e840bbbbd14292a58e3283eec6b7d8beb399)
2026-10-07 19:12:36.107+00:00 | BftProcessorExecutor-QBFT-0 | INFO  | QbftBesuControllerBuilder | Imported #165 / 69 tx / 874 pending / 16,695,930 (0.0%) gas / (0x1264a3800d09aae0707cdfba25cec3a3d0c53616045935d1fbf386cf82545baf)
2026-10-07 19:12:38.043+00:00 | BftProcessorExecutor-QBFT-0 | INFO  | QbftBesuControllerBuilder | Imported #166 / 69 tx / 805 pending / 16,695,930 (0.0%) gas / (0xb909b095fa70cb8655a8f14a151d7eed1ce8398d784018f1d493b4fb28ba3510)
2026-10-07 19:12:40.072+00:00 | BftProcessorExecutor-QBFT-0 | INFO  | QbftBesuControllerBuilder | Imported #167 / 69 tx / 736 pending / 16,695,930 (0.0%) gas / (0x579a07c045eba704dcec48cdf8b1e5972bff83836591f1bbb609648b3b62176b)
2026-10-07 19:12:42.073+00:00 | BftProcessorExecutor-QBFT-0 | INFO  | QbftBesuControllerBuilder | Imported #168 / 69 tx / 667 pending / 16,695,930 (0.0%) gas / (0x49d955217b7b4de78b0b4a8aa9523867e7e6d1317af90da1924e8fc1e81a17fb)
2026-10-07 19:12:44.096+00:00 | BftProcessorExecutor-QBFT-0 | INFO  | QbftBesuControllerBuilder | Imported #169 / 68 tx / 599 pending / 16,453,960 (0.0%) gas / (0x4f42e8544077a38b536e0cbd92af9f4e8be99985176626e09e8b31e603b4fb05)
2026-10-07 19:12:46.041+00:00 | BftProcessorExecutor-QBFT-0 | INFO  | QbftBesuControllerBuilder | Imported #170 / 68 tx / 531 pending / 16,453,960 (0.0%) gas / (0x0e9c5bdf62d0b4b14108120c47451ffbfa50e172812a9ba1c40e1002b588c289)
2026-10-07 19:12:48.050+00:00 | EthScheduler-Workers-0 | INFO  | PersistBlockTask | Block 171 (0x1b33b7419875074ddf47e181d118ca781000bcdb4a25e76140fb998bbf7c38ca) is already imported
2026-10-07 19:12:48.050+00:00 | BftProcessorExecutor-QBFT-0 | INFO  | QbftBesuControllerBuilder | Produced #171 / 68 tx / 463 pending / 16,453,960 (0.0%) gas / (0x1b33b7419875074ddf47e181d118ca781000bcdb4a25e76140fb998bbf7c38ca)
2026-10-07 19:12:50.060+00:00 | BftProcessorExecutor-QBFT-0 | INFO  | QbftBesuControllerBuilder | Imported #172 / 68 tx / 395 pending / 16,453,960 (0.0%) gas / (0x19f7ec8a2f9dd562639d518aa52f36309a4f9784d5575d178fa5a4c903c0edb8)
2026-10-07 19:12:52.046+00:00 | BftProcessorExecutor-QBFT-0 | INFO  | QbftBesuControllerBuilder | Imported #173 / 68 tx / 327 pending / 16,453,960 (0.0%) gas / (0xe5157241a7b56c52c6a70285ac93b65e8ac18995f117df96873999654ce9d755)
2026-10-07 19:12:54.068+00:00 | BftProcessorExecutor-QBFT-0 | INFO  | QbftBesuControllerBuilder | Imported #174 / 68 tx / 259 pending / 16,453,960 (0.0%) gas / (0xeb3d5346f60bc336318b9582fad4738d0c66152f70f6eefed8048e368714a6dc)
2026-10-07 19:12:56.073+00:00 | BftProcessorExecutor-QBFT-0 | INFO  | QbftBesuControllerBuilder | Imported #175 / 68 tx / 191 pending / 16,453,960 (0.0%) gas / (0x2d71fa5e6ed0d14abc7ac461a1cff4b8c9970b932d9e77df39c4e01ba0b37beb)
2026-10-07 19:12:58.061+00:00 | EthScheduler-Workers-0 | INFO  | PersistBlockTask | Block 176 (0x37a1430f1d221318e3e5c19e2c90b9880508cf4329742f172e457b16ef0ba479) is already imported
2026-10-07 19:12:58.061+00:00 | BftProcessorExecutor-QBFT-0 | INFO  | QbftBesuControllerBuilder | Imported #176 / 68 tx / 123 pending / 16,453,960 (0.0%) gas / (0x37a1430f1d221318e3e5c19e2c90b9880508cf4329742f172e457b16ef0ba479)
2026-10-07 19:13:00.100+00:00 | BftProcessorExecutor-QBFT-0 | INFO  | QbftBesuControllerBuilder | Imported #177 / 68 tx / 55 pending / 16,453,960 (0.0%) gas / (0x17a949964c231f0bd090934e301287c6c9a103eeecadd151687b51af0528a10b)
2026-10-07 19:13:01.782+00:00 | BftProcessorExecutor-QBFT-0 | INFO  | QbftBesuControllerBuilder | Imported #178 / 52 tx / 3 pending / 12,582,440 (0.0%) gas / (0x244c48e79f4167ccf2ab36b36fcba9c767a214dae60147eb83788b56b07ca827)
2026-10-07 19:13:03.134+00:00 | EthScheduler-Workers-0 | INFO  | PersistBlockTask | Block 179 (0x86dc7a3301cfffec947b3342b1ccda3403205d044842c755af831258e1cf1e69) is already imported
2026-10-07 19:13:03.134+00:00 | BftProcessorExecutor-QBFT-0 | INFO  | QbftBesuControllerBuilder | Imported #179 / 3 tx / 0 pending / 725,910 (0.0%) gas / (0x86dc7a3301cfffec947b3342b1ccda3403205d044842c755af831258e1cf1e69)
2026-10-07 19:13:05.068+00:00 | BftProcessorExecutor-QBFT-0 | INFO  | QbftBesuControllerBuilder | Imported #180 / 0 tx / 0 pending / 0 (0.0%) gas / (0x02b52b75b28e4daeccf8a1dae1da89fc9d24983b4ce8d3e20d0c82696ba98ac5)
2026-10-07 19:13:07.084+00:00 | BftProcessorExecutor-QBFT-0 | INFO  | QbftBesuControllerBuilder | Imported #181 / 0 tx / 0 pending / 0 (0.0%) gas / (0x5a919e1c79dd04fc9a6cfbf939bf3bbfa708fede1fa68aae8b94268b255b3fa3)
2026-10-07 19:13:09.069+00:00 | BftProcessorExecutor-QBFT-0 | INFO  | QbftBesuControllerBuilder | Imported #182 / 0 tx / 0 pending / 0 (0.0%) gas / (0x767b433fee74782f98c18d7959bd098e124c579af8ed219e864ab8fa320864b6)
2026-10-07 19:13:11.077+00:00 | BftProcessorExecutor-QBFT-0 | INFO  | QbftBesuControllerBuilder | Imported #183 / 0 tx / 0 pending / 0 (0.0%) gas / (0xd6fa857b5797b7fce0774fe10b7e1124d452fe085f7aa99f323adb0e8b712c8f)
2026-10-07 19:13:13.093+00:00 | EthScheduler-Workers-0 | INFO  | PersistBlockTask | Imported #184 / 0 tx / 0 om / 0 (0.0%) gas / (0x393fea84bb06485159e51de994c9e81ac5cdcdb5d4678d11ea91bcec149ca8b8) in 0.002s. Peers: 14
2026-10-07 19:13:15.077+00:00 | EthScheduler-Workers-0 | INFO  | PersistBlockTask | Block 185 (0x5d6d5d90d41984c541331cecd1e0af96c2d2948c4659d802390618559069aa9f) is already imported
2026-10-07 19:13:15.077+00:00 | BftProcessorExecutor-QBFT-0 | INFO  | QbftBesuControllerBuilder | Imported #185 / 0 tx / 0 pending / 0 (0.0%) gas / (0x5d6d5d90d41984c541331cecd1e0af96c2d2948c4659d802390618559069aa9f)
2026-10-07 19:13:17.076+00:00 | BftProcessorExecutor-QBFT-0 | INFO  | QbftBesuControllerBuilder | Produced #186 / 0 tx / 0 pending / 0 (0.0%) gas / (0x0f6c3b6ca119da9712e2d3c720a12f75e0f51c2524b6688f10b3bafee6790311)
2026-10-07 19:13:19.120+00:00 | BftProcessorExecutor-QBFT-0 | INFO  | QbftBesuControllerBuilder | Imported #187 / 9 tx / 119 pending / 1,382,714 (0.0%) gas / (0xbd1c0aa2f53bbac275d105d7567282e38e2a00d8e6e954597a478c9ac533779d)
2026-10-07 19:13:19.120+00:00 | EthScheduler-Workers-0 | INFO  | PersistBlockTask | Imported #187 / 9 tx / 0 om / 1,382,714 (0.0%) gas / (0xbd1c0aa2f53bbac275d105d7567282e38e2a00d8e6e954597a478c9ac533779d) in 0.017s. Peers: 14
2026-10-07 19:13:21.119+00:00 | EthScheduler-Workers-0 | INFO  | PersistBlockTask | Block 188 (0x3034ca0becb5d983dd776f282f74a5bad84c536f87ae806d06a422d17c0e49f2) is already imported
2026-10-07 19:13:21.119+00:00 | BftProcessorExecutor-QBFT-0 | INFO  | QbftBesuControllerBuilder | Imported #188 / 8 tx / 111 pending / 1,229,048 (0.0%) gas / (0x3034ca0becb5d983dd776f282f74a5bad84c536f87ae806d06a422d17c0e49f2)
2026-10-07 19:13:23.080+00:00 | BftProcessorExecutor-QBFT-0 | INFO  | QbftBesuControllerBuilder | Imported #189 / 8 tx / 103 pending / 1,229,072 (0.0%) gas / (0x5447f828efd2c06b86e40aaff9d48304b2bce99cfbbc5ca9d11a43618ebd5305)
2026-10-07 19:13:25.105+00:00 | BftProcessorExecutor-QBFT-0 | INFO  | QbftBesuControllerBuilder | Imported #190 / 8 tx / 95 pending / 1,229,064 (0.0%) gas / (0x09bf8f93fa022f0c3ba88ee0db3649756929cca498e8af7d2c99e94a9a2abd01)
2026-10-07 19:13:27.096+00:00 | BftProcessorExecutor-QBFT-0 | INFO  | QbftBesuControllerBuilder | Imported #191 / 8 tx / 87 pending / 1,229,000 (0.0%) gas / (0xdaa06d8ed33617964ff9ae06c91ce343c6d9be75fff00501eaf6f6c247348cf9)
2026-10-07 19:13:29.104+00:00 | BftProcessorExecutor-QBFT-0 | INFO  | QbftBesuControllerBuilder | Imported #192 / 8 tx / 79 pending / 1,229,000 (0.0%) gas / (0xb6710b950520e977abf4dc75563fafd0ecbbfec07b28128ae2c7a1965cfa60ec)
2026-10-07 19:13:31.092+00:00 | BftProcessorExecutor-QBFT-0 | INFO  | QbftBesuControllerBuilder | Imported #193 / 8 tx / 71 pending / 1,229,132 (0.0%) gas / (0x23e310f07fa54edad972df7d950844394cf34bf4a51de2cb256f33eb43aac63f)
2026-10-07 19:13:33.106+00:00 | BftProcessorExecutor-QBFT-0 | INFO  | QbftBesuControllerBuilder | Imported #194 / 8 tx / 63 pending / 1,229,092 (0.0%) gas / (0xe09d8fa9958890093209dc540cc72fcbd35bc8c3c4d9397849fe5172dcee7120)
2026-10-07 19:13:35.121+00:00 | EthScheduler-Workers-0 | INFO  | PersistBlockTask | Block 195 (0x8f4bee55aacb5b13a98fa40a9fd2d637bde3452286907b1c2c977467707b7b97) is already imported
2026-10-07 19:13:35.121+00:00 | BftProcessorExecutor-QBFT-0 | INFO  | QbftBesuControllerBuilder | Imported #195 / 9 tx / 54 pending / 1,382,646 (0.0%) gas / (0x8f4bee55aacb5b13a98fa40a9fd2d637bde3452286907b1c2c977467707b7b97)
2026-10-07 19:13:37.122+00:00 | EthScheduler-Workers-0 | INFO  | PersistBlockTask | Block 196 (0x1beb8560c11936e2358c6f2c6c211e35f883d67e5da6af1b7f1e7f5c055d07a3) is already imported
2026-10-07 19:13:37.122+00:00 | BftProcessorExecutor-QBFT-0 | INFO  | QbftBesuControllerBuilder | Imported #196 / 9 tx / 45 pending / 1,382,722 (0.0%) gas / (0x1beb8560c11936e2358c6f2c6c211e35f883d67e5da6af1b7f1e7f5c055d07a3)
2026-10-07 19:13:39.098+00:00 | BftProcessorExecutor-QBFT-0 | INFO  | QbftBesuControllerBuilder | Imported #197 / 9 tx / 36 pending / 1,382,714 (0.0%) gas / (0xd66b04f4c7bfbbfeaf6b673ea22de8e700631010b44ae996b2ce82e4dd88e812)
2026-10-07 19:13:41.134+00:00 | EthScheduler-Workers-0 | INFO  | PersistBlockTask | Block 198 (0x6de4a961c367d7b367a507a37b4cb0c0b826d096a284a05ce6435813c2bc2eee) is already imported
2026-10-07 19:13:41.134+00:00 | BftProcessorExecutor-QBFT-0 | INFO  | QbftBesuControllerBuilder | Imported #198 / 9 tx / 27 pending / 1,382,718 (0.0%) gas / (0x6de4a961c367d7b367a507a37b4cb0c0b826d096a284a05ce6435813c2bc2eee)
2026-10-07 19:13:43.117+00:00 | EthScheduler-Workers-0 | INFO  | PersistBlockTask | Block 199 (0xa1766d8b73550ccc9f65fe93e1c482a4d1f76bdcfa619e3f96410193e4285799) is already imported
2026-10-07 19:13:43.117+00:00 | BftProcessorExecutor-QBFT-0 | INFO  | QbftBesuControllerBuilder | Imported #199 / 9 tx / 18 pending / 1,382,662 (0.0%) gas / (0xa1766d8b73550ccc9f65fe93e1c482a4d1f76bdcfa619e3f96410193e4285799)
2026-10-07 19:13:45.109+00:00 | BftProcessorExecutor-QBFT-0 | INFO  | QbftBesuControllerBuilder | Imported #200 / 9 tx / 9 pending / 1,382,670 (0.0%) gas / (0x5653cd4021cb01201ee5c968c5937b6602a3e87b79161f2c02eb04e268926759)
2026-10-07 19:13:45.110+00:00 | EthScheduler-Workers-0 | INFO  | PersistBlockTask | Block 200 (0x5653cd4021cb01201ee5c968c5937b6602a3e87b79161f2c02eb04e268926759) is already imported
2026-10-07 19:13:47.103+00:00 | BftProcessorExecutor-QBFT-0 | INFO  | QbftBesuControllerBuilder | Produced #201 / 9 tx / 0 pending / 1,382,670 (0.0%) gas / (0x6491f5b4001363bc661dfd109880e9a079067428abac5db06548cd25abd256ce)
2026-10-07 19:13:47.104+00:00 | EthScheduler-Workers-0 | INFO  | PersistBlockTask | Block 201 (0x6491f5b4001363bc661dfd109880e9a079067428abac5db06548cd25abd256ce) is already imported
2026-10-07 19:13:49.074+00:00 | BftProcessorExecutor-QBFT-0 | INFO  | QbftBesuControllerBuilder | Imported #202 / 0 tx / 0 pending / 0 (0.0%) gas / (0xc5dcfcec94a079d3a0fc90c6b030c47d25b59e264a2b02d9a8ef4592ed90c159)
2026-10-07 19:13:51.084+00:00 | EthScheduler-Workers-0 | INFO  | PersistBlockTask | Block 203 (0x6df901703b805712b7a5117aef6398d3b6e1dbedbf9c2fb870721729ae95c98b) is already imported
2026-10-07 19:13:51.083+00:00 | BftProcessorExecutor-QBFT-0 | INFO  | QbftBesuControllerBuilder | Imported #203 / 0 tx / 0 pending / 0 (0.0%) gas / (0x6df901703b805712b7a5117aef6398d3b6e1dbedbf9c2fb870721729ae95c98b)
2026-10-07 19:13:53.072+00:00 | BftProcessorExecutor-QBFT-0 | INFO  | QbftBesuControllerBuilder | Imported #204 / 0 tx / 0 pending / 0 (0.0%) gas / (0xad68c3ab24ca2e96fec19e518e04076395f3eee657087cd778f5b782fd63d948)
2026-10-07 19:13:55.474+00:00 | BftProcessorExecutor-QBFT-0 | INFO  | QbftBesuControllerBuilder | Imported #205 / 24 tx / 492 pending / 5,807,280 (0.0%) gas / (0x86749c4fb83459cb99d0c2c40b4642d52b447bef2997f797864dcaf97299d1a3)
2026-10-07 19:13:58.064+00:00 | EthScheduler-Workers-0 | INFO  | PersistBlockTask | Block 206 (0x109ecb32044b22b41d6b83ad8c3695d1b67c0a2a9606a7136778d18c8f76191d) is already imported
2026-10-07 19:13:58.067+00:00 | BftProcessorExecutor-QBFT-0 | INFO  | QbftBesuControllerBuilder | Imported #206 / 68 tx / 932 pending / 16,453,960 (0.0%) gas / (0x109ecb32044b22b41d6b83ad8c3695d1b67c0a2a9606a7136778d18c8f76191d)
2026-10-07 19:14:00.042+00:00 | BftProcessorExecutor-QBFT-0 | INFO  | QbftBesuControllerBuilder | Imported #207 / 68 tx / 864 pending / 16,453,960 (0.0%) gas / (0x2aed49b7b6800ff7ca3c52e2d2d931ac7164266ae21d46f6e1e6723eb55ceea6)
2026-10-07 19:14:02.029+00:00 | BftProcessorExecutor-QBFT-0 | INFO  | QbftBesuControllerBuilder | Imported #208 / 68 tx / 796 pending / 16,453,960 (0.0%) gas / (0x1099031a94db06d580644dc55f7bc544f19bbe532bcb69dc2a5db362b925bbef)
2026-10-07 19:14:04.044+00:00 | BftProcessorExecutor-QBFT-0 | INFO  | QbftBesuControllerBuilder | Imported #209 / 68 tx / 728 pending / 16,453,960 (0.0%) gas / (0xd13704b126d8bc19dabd8c19b006e52946dfe98b7d3826ad8841cec6da4facb3)
2026-10-07 19:14:06.047+00:00 | BftProcessorExecutor-QBFT-0 | INFO  | QbftBesuControllerBuilder | Imported #210 / 69 tx / 659 pending / 16,695,930 (0.0%) gas / (0x9f3b1af91e2783db9cba21feb9991a7141369be46ce55cf57de66718e0df54ff)
2026-10-07 19:14:08.130+00:00 | BftProcessorExecutor-QBFT-0 | INFO  | QbftBesuControllerBuilder | Imported #211 / 69 tx / 590 pending / 16,695,930 (0.0%) gas / (0xde4ce1854b0814a479eadadabf9b41d274063df990382416d817921e8737f80c)
2026-10-07 19:14:10.126+00:00 | BftProcessorExecutor-QBFT-0 | INFO  | QbftBesuControllerBuilder | Imported #212 / 69 tx / 521 pending / 16,695,930 (0.0%) gas / (0x6336437f8f49bbde6535fd39fa74a4a85fdf133de4c62deb0e745c6e16382502)
2026-10-07 19:14:10.126+00:00 | EthScheduler-Workers-0 | INFO  | PersistBlockTask | Block 212 (0x6336437f8f49bbde6535fd39fa74a4a85fdf133de4c62deb0e745c6e16382502) is already imported
2026-10-07 19:14:12.077+00:00 | BftProcessorExecutor-QBFT-0 | INFO  | QbftBesuControllerBuilder | Imported #213 / 69 tx / 452 pending / 16,695,930 (0.0%) gas / (0xef3ec5ffad9b3ba972dc9258379330c60a7416b4d0ed1d062411dec8ad44f0fa)
2026-10-07 19:14:14.072+00:00 | EthScheduler-Workers-0 | INFO  | PersistBlockTask | Block 214 (0xc910292ced5b7165554bb621011bffe8c7d176bb8e0eed1497a6369f71fb6cfa) is already imported
2026-10-07 19:14:14.072+00:00 | BftProcessorExecutor-QBFT-0 | INFO  | QbftBesuControllerBuilder | Imported #214 / 68 tx / 384 pending / 16,453,960 (0.0%) gas / (0xc910292ced5b7165554bb621011bffe8c7d176bb8e0eed1497a6369f71fb6cfa)
2026-10-07 19:14:16.041+00:00 | BftProcessorExecutor-QBFT-0 | INFO  | QbftBesuControllerBuilder | Imported #215 / 68 tx / 316 pending / 16,453,960 (0.0%) gas / (0x66ee69dd3014f76d8922995c5e4cd030144b7720526864208dfa2d54a07ee281)
2026-10-07 19:14:18.083+00:00 | BftProcessorExecutor-QBFT-0 | INFO  | QbftBesuControllerBuilder | Produced #216 / 68 tx / 248 pending / 16,453,960 (0.0%) gas / (0x7d248bf0e44ddc190914754c2eda6195b348564cd6ff98575e21ed8ad13aca87)
2026-10-07 19:14:20.048+00:00 | BftProcessorExecutor-QBFT-0 | INFO  | QbftBesuControllerBuilder | Imported #217 / 68 tx / 180 pending / 16,453,960 (0.0%) gas / (0xcb25cf6be38e06f5813250368de288046e679a0ff7551b11e47ed998b96fc2fe)
2026-10-07 19:14:22.036+00:00 | BftProcessorExecutor-QBFT-0 | INFO  | QbftBesuControllerBuilder | Imported #218 / 68 tx / 112 pending / 16,453,960 (0.0%) gas / (0x0e223281facb67f57cf6828aa9aec51576a221beaeae0490ad7ca7bc04372475)
2026-10-07 19:14:24.058+00:00 | BftProcessorExecutor-QBFT-0 | INFO  | QbftBesuControllerBuilder | Imported #219 / 68 tx / 44 pending / 16,453,960 (0.0%) gas / (0x7040a89629bbe1de501cb1f559ddd6db3fef0adf70ee3c012a4f61d37ca7c3c6)
2026-10-07 19:14:25.697+00:00 | EthScheduler-Workers-0 | INFO  | PersistBlockTask | Block 220 (0x2dc5506f6bb2763a9895c7065b9ced464cbb99d55da3fcb14226d01598bd3b31) is already imported
2026-10-07 19:14:25.697+00:00 | BftProcessorExecutor-QBFT-0 | INFO  | QbftBesuControllerBuilder | Imported #220 / 44 tx / 0 pending / 10,646,680 (0.0%) gas / (0x2dc5506f6bb2763a9895c7065b9ced464cbb99d55da3fcb14226d01598bd3b31)
2026-10-07 19:14:27.066+00:00 | EthScheduler-Workers-0 | INFO  | PersistBlockTask | Block 221 (0x1f41605dc0de2d51175dabce976c80a4e348460b9209d17e5d9aecea100c97ac) is already imported
2026-10-07 19:14:27.067+00:00 | BftProcessorExecutor-QBFT-0 | INFO  | QbftBesuControllerBuilder | Imported #221 / 0 tx / 0 pending / 0 (0.0%) gas / (0x1f41605dc0de2d51175dabce976c80a4e348460b9209d17e5d9aecea100c97ac)
2026-10-07 19:14:29.081+00:00 | EthScheduler-Workers-0 | INFO  | PersistBlockTask | Block 222 (0x37fca3c274ebd79b97033b06a0487cdd006b4cc9a072d5c1558e0c6a7f457579) is already imported
2026-10-07 19:14:29.081+00:00 | BftProcessorExecutor-QBFT-0 | INFO  | QbftBesuControllerBuilder | Imported #222 / 0 tx / 0 pending / 0 (0.0%) gas / (0x37fca3c274ebd79b97033b06a0487cdd006b4cc9a072d5c1558e0c6a7f457579)
2026-10-07 19:14:31.075+00:00 | EthScheduler-Workers-0 | INFO  | PersistBlockTask | Block 223 (0x5382c84bd4168f52a5284ae2bef5144a103eae916d8e2e19f5971bed5b670d53) is already imported
2026-10-07 19:14:31.075+00:00 | BftProcessorExecutor-QBFT-0 | INFO  | QbftBesuControllerBuilder | Imported #223 / 0 tx / 0 pending / 0 (0.0%) gas / (0x5382c84bd4168f52a5284ae2bef5144a103eae916d8e2e19f5971bed5b670d53)
2026-10-07 19:14:33.081+00:00 | BftProcessorExecutor-QBFT-0 | INFO  | QbftBesuControllerBuilder | Imported #224 / 0 tx / 0 pending / 0 (0.0%) gas / (0xff670ae1a845ee8c2d13449a84030adf1c3cee0eed24da99e68efc181a1fe8a4)
2026-10-07 19:14:35.078+00:00 | BftProcessorExecutor-QBFT-0 | INFO  | QbftBesuControllerBuilder | Imported #225 / 0 tx / 0 pending / 0 (0.0%) gas / (0x90749af38cf0263c2e2bc1b2c6502616201e206e5e335ad7e820d893e8b33bfb)
2026-10-07 19:14:37.079+00:00 | BftProcessorExecutor-QBFT-0 | INFO  | QbftBesuControllerBuilder | Imported #226 / 0 tx / 0 pending / 0 (0.0%) gas / (0x5abba7489d8907e0b2049fb987cd5a5c1d385593714c7ce056d07b2004482857)
2026-10-07 19:14:37.079+00:00 | EthScheduler-Workers-0 | INFO  | PersistBlockTask | Block 226 (0x5abba7489d8907e0b2049fb987cd5a5c1d385593714c7ce056d07b2004482857) is already imported
2026-10-07 19:14:39.080+00:00 | EthScheduler-Workers-0 | INFO  | PersistBlockTask | Block 227 (0x2620ad5e5a4c296160fed5d2ac970878065e6a3a655982007f5f0b0447193fec) is already imported
2026-10-07 19:14:39.080+00:00 | BftProcessorExecutor-QBFT-0 | INFO  | QbftBesuControllerBuilder | Imported #227 / 0 tx / 0 pending / 0 (0.0%) gas / (0x2620ad5e5a4c296160fed5d2ac970878065e6a3a655982007f5f0b0447193fec)
2026-10-07 19:14:41.091+00:00 | BftProcessorExecutor-QBFT-0 | INFO  | QbftBesuControllerBuilder | Imported #228 / 9 tx / 119 pending / 1,382,658 (0.0%) gas / (0xf7c07ab3625b2e6c81c6b1c51e3e0596db45907a387fcc5848d20b059bec2e06)
2026-10-07 19:14:43.113+00:00 | EthScheduler-Workers-0 | INFO  | PersistBlockTask | Block 229 (0xc378705502645c7a2f21381b1385cb4cd855969ed197bd80acb3a5c4c026c1e4) is already imported
2026-10-07 19:14:43.114+00:00 | BftProcessorExecutor-QBFT-0 | INFO  | QbftBesuControllerBuilder | Imported #229 / 9 tx / 110 pending / 1,382,790 (0.0%) gas / (0xc378705502645c7a2f21381b1385cb4cd855969ed197bd80acb3a5c4c026c1e4)
2026-10-07 19:14:45.124+00:00 | EthScheduler-Workers-0 | INFO  | PersistBlockTask | Block 230 (0x5bb1d6d16045b6fdc2630ba251ce78bf4d2f5608d2c6328e47db0dbf259c6550) is already imported
2026-10-07 19:14:45.124+00:00 | BftProcessorExecutor-QBFT-0 | INFO  | QbftBesuControllerBuilder | Imported #230 / 9 tx / 101 pending / 1,382,642 (0.0%) gas / (0x5bb1d6d16045b6fdc2630ba251ce78bf4d2f5608d2c6328e47db0dbf259c6550)
2026-10-07 19:14:47.126+00:00 | EthScheduler-Workers-0 | INFO  | PersistBlockTask | Block 231 (0xfc276c7ab61f63ab5b8bed0f71e100553a85c4090e2571f1ec02455ac7a2c737) is already imported
2026-10-07 19:14:47.126+00:00 | BftProcessorExecutor-QBFT-0 | INFO  | QbftBesuControllerBuilder | Produced #231 / 9 tx / 92 pending / 1,382,774 (0.0%) gas / (0xfc276c7ab61f63ab5b8bed0f71e100553a85c4090e2571f1ec02455ac7a2c737)
2026-10-07 19:14:49.110+00:00 | EthScheduler-Workers-0 | INFO  | PersistBlockTask | Block 232 (0x07359bf20f09ca0d5b7851c5e1e2cef2926aff32cbe107b93decc8b9f9226cdb) is already imported
2026-10-07 19:14:49.110+00:00 | BftProcessorExecutor-QBFT-0 | INFO  | QbftBesuControllerBuilder | Imported #232 / 9 tx / 83 pending / 1,382,710 (0.0%) gas / (0x07359bf20f09ca0d5b7851c5e1e2cef2926aff32cbe107b93decc8b9f9226cdb)
2026-10-07 19:14:51.128+00:00 | EthScheduler-Workers-0 | INFO  | PersistBlockTask | Block 233 (0x093a283fcb97d0319e2deb44421f3a7ec057c3020f1d6caa3460d1bf1aebce8a) is already imported
2026-10-07 19:14:51.128+00:00 | BftProcessorExecutor-QBFT-0 | INFO  | QbftBesuControllerBuilder | Imported #233 / 8 tx / 75 pending / 1,229,124 (0.0%) gas / (0x093a283fcb97d0319e2deb44421f3a7ec057c3020f1d6caa3460d1bf1aebce8a)
2026-10-07 19:14:53.141+00:00 | EthScheduler-Workers-0 | INFO  | PersistBlockTask | Block 234 (0x5169cb1520a8665f4c17913b9516d19444624eec9e70640226a0d914ef5d385d) is already imported
2026-10-07 19:14:53.141+00:00 | BftProcessorExecutor-QBFT-0 | INFO  | QbftBesuControllerBuilder | Imported #234 / 8 tx / 67 pending / 1,229,068 (0.0%) gas / (0x5169cb1520a8665f4c17913b9516d19444624eec9e70640226a0d914ef5d385d)
2026-10-07 19:14:55.144+00:00 | EthScheduler-Workers-0 | INFO  | PersistBlockTask | Block 235 (0x60260e89c71ff2c1cfb02b5b79d5dfd24e3e1b4ec00d4b1b1ac134b0496aac4a) is already imported
2026-10-07 19:14:55.144+00:00 | BftProcessorExecutor-QBFT-0 | INFO  | QbftBesuControllerBuilder | Imported #235 / 8 tx / 59 pending / 1,229,056 (0.0%) gas / (0x60260e89c71ff2c1cfb02b5b79d5dfd24e3e1b4ec00d4b1b1ac134b0496aac4a)
2026-10-07 19:14:57.132+00:00 | EthScheduler-Workers-0 | INFO  | PersistBlockTask | Block 236 (0x01d126a53b03b294bfc681e8430ff1f404b8684d10a953500641959f5e182f01) is already imported
2026-10-07 19:14:57.133+00:00 | BftProcessorExecutor-QBFT-0 | INFO  | QbftBesuControllerBuilder | Imported #236 / 8 tx / 51 pending / 1,229,060 (0.0%) gas / (0x01d126a53b03b294bfc681e8430ff1f404b8684d10a953500641959f5e182f01)
2026-10-07 19:14:59.134+00:00 | EthScheduler-Workers-0 | INFO  | PersistBlockTask | Block 237 (0x6e485eacf0e09c3068a14cdc82c01f4d2364219ee532bb70c92287c6f27d6aa2) is already imported
2026-10-07 19:14:59.134+00:00 | BftProcessorExecutor-QBFT-0 | INFO  | QbftBesuControllerBuilder | Imported #237 / 8 tx / 43 pending / 1,229,052 (0.0%) gas / (0x6e485eacf0e09c3068a14cdc82c01f4d2364219ee532bb70c92287c6f27d6aa2)
2026-10-07 19:15:01.091+00:00 | BftProcessorExecutor-QBFT-0 | INFO  | QbftBesuControllerBuilder | Imported #238 / 8 tx / 35 pending / 1,229,044 (0.0%) gas / (0x36b2ef6b23f49662cd0fbe12efce49b4633e84b40d11c233ccf9c524c8b5e3ca)
2026-10-07 19:15:03.095+00:00 | BftProcessorExecutor-QBFT-0 | INFO  | QbftBesuControllerBuilder | Imported #239 / 8 tx / 27 pending / 1,229,092 (0.0%) gas / (0xcfaf5e480996125f81a72c283edfb6e7e6b786c400fb9682348d4fe1c2313d1e)
2026-10-07 19:15:05.126+00:00 | BftProcessorExecutor-QBFT-0 | INFO  | QbftBesuControllerBuilder | Imported #240 / 9 tx / 18 pending / 1,382,710 (0.0%) gas / (0x6a24fc3c52030ad533d8f4956210e100916a5903a3b15a0f14a668c300f77045)
2026-10-07 19:15:05.128+00:00 | EthScheduler-Workers-0 | INFO  | PersistBlockTask | Block 240 (0x6a24fc3c52030ad533d8f4956210e100916a5903a3b15a0f14a668c300f77045) is already imported
2026-10-07 19:15:07.136+00:00 | EthScheduler-Workers-0 | INFO  | PersistBlockTask | Block 241 (0x90bfaafd3221c33ed2e7550be5fcae22c978736dc55e48c476a080c9be208a44) is already imported
2026-10-07 19:15:07.136+00:00 | BftProcessorExecutor-QBFT-0 | INFO  | QbftBesuControllerBuilder | Imported #241 / 9 tx / 9 pending / 1,382,710 (0.0%) gas / (0x90bfaafd3221c33ed2e7550be5fcae22c978736dc55e48c476a080c9be208a44)
2026-10-07 19:15:09.112+00:00 | BftProcessorExecutor-QBFT-0 | INFO  | QbftBesuControllerBuilder | Imported #242 / 9 tx / 0 pending / 1,382,670 (0.0%) gas / (0x460cb5af8457c3f00c6b8289f63ce74a1d2a36857a26ad7ee3cb6ac48a5773e6)
2026-10-07 19:15:09.112+00:00 | EthScheduler-Workers-0 | INFO  | PersistBlockTask | Block 242 (0x460cb5af8457c3f00c6b8289f63ce74a1d2a36857a26ad7ee3cb6ac48a5773e6) is already imported
2026-10-07 19:15:11.056+00:00 | BftProcessorExecutor-QBFT-0 | INFO  | QbftBesuControllerBuilder | Imported #243 / 0 tx / 0 pending / 0 (0.0%) gas / (0x909bfb2863d46bbb0d3895593a06d9f5f48d95df6cff9858cd09e88a6072b147)
2026-10-07 19:15:13.083+00:00 | BftProcessorExecutor-QBFT-0 | INFO  | QbftBesuControllerBuilder | Imported #244 / 0 tx / 0 pending / 0 (0.0%) gas / (0x0606a99f5fb730625c3775c45bf6d3bd7ef9aae13c8f0e1164002441b862410b)
2026-10-07 19:15:13.085+00:00 | EthScheduler-Workers-0 | INFO  | PersistBlockTask | Block 244 (0x0606a99f5fb730625c3775c45bf6d3bd7ef9aae13c8f0e1164002441b862410b) is already imported
2026-10-07 19:15:15.081+00:00 | EthScheduler-Workers-0 | INFO  | PersistBlockTask | Block 245 (0xa4311b0e6727522b27610364af237058abe45eeb38052a5a3fb5d5fe4e5fbee8) is already imported
2026-10-07 19:15:15.081+00:00 | BftProcessorExecutor-QBFT-0 | INFO  | QbftBesuControllerBuilder | Imported #245 / 0 tx / 0 pending / 0 (0.0%) gas / (0xa4311b0e6727522b27610364af237058abe45eeb38052a5a3fb5d5fe4e5fbee8)
2026-10-07 19:15:17.059+00:00 | BftProcessorExecutor-QBFT-0 | INFO  | QbftBesuControllerBuilder | Produced #246 / 0 tx / 0 pending / 0 (0.0%) gas / (0xb4c36f4f437c4b02b49954c6a1f87fe334afd857301d03eef9f7c56cce4f458e)
2026-10-07 19:15:19.064+00:00 | BftProcessorExecutor-QBFT-0 | INFO  | QbftBesuControllerBuilder | Imported #247 / 0 tx / 0 pending / 0 (0.0%) gas / (0x73dd479ba307bc9c70068449799e799b25a4c3e74d2a37daeedef24d4699dfa8)
2026-10-07 19:15:21.072+00:00 | EthScheduler-Workers-0 | INFO  | PersistBlockTask | Block 248 (0xff7f681c7e032b44aba628b3ee287acc8180cf44860cad05aed07d344ff9fce7) is already imported
2026-10-07 19:15:21.072+00:00 | BftProcessorExecutor-QBFT-0 | INFO  | QbftBesuControllerBuilder | Imported #248 / 0 tx / 0 pending / 0 (0.0%) gas / (0xff7f681c7e032b44aba628b3ee287acc8180cf44860cad05aed07d344ff9fce7)
2026-10-07 19:15:23.075+00:00 | BftProcessorExecutor-QBFT-0 | INFO  | QbftBesuControllerBuilder | Imported #249 / 0 tx / 0 pending / 0 (0.0%) gas / (0xd8e46abb2ce22deb223836ed856768b6a2027af6922c7ed3ad6172fe26ea5396)
2026-10-07 19:15:25.058+00:00 | BftProcessorExecutor-QBFT-0 | INFO  | QbftBesuControllerBuilder | Imported #250 / 0 tx / 0 pending / 0 (0.0%) gas / (0x6b84403c50ac6960b0e149ca4ffb37180aa75822cbf0d0ca366f061133652bf5)
2026-10-07 19:15:27.053+00:00 | BftProcessorExecutor-QBFT-0 | INFO  | QbftBesuControllerBuilder | Imported #251 / 0 tx / 0 pending / 0 (0.0%) gas / (0x6777194994a7265db8bd7687305d32d3ccd7426c84c44c9af9bd9d068b1a36ec)
2026-10-07 19:15:29.079+00:00 | BftProcessorExecutor-QBFT-0 | INFO  | QbftBesuControllerBuilder | Imported #252 / 0 tx / 0 pending / 0 (0.0%) gas / (0x7011d2710d46eb3647ad5164fe4855097b68b6e5716c607d4a91bdd1a08195d8)
2026-10-07 19:15:31.073+00:00 | EthScheduler-Workers-0 | INFO  | PersistBlockTask | Block 253 (0x44b0b7a3c70efa7dc5a3c04d54af9482f867673ed59f2a00aa044aa780137f97) is already imported
2026-10-07 19:15:31.074+00:00 | BftProcessorExecutor-QBFT-0 | INFO  | QbftBesuControllerBuilder | Imported #253 / 0 tx / 0 pending / 0 (0.0%) gas / (0x44b0b7a3c70efa7dc5a3c04d54af9482f867673ed59f2a00aa044aa780137f97)
2026-10-07 19:15:33.068+00:00 | EthScheduler-Workers-0 | INFO  | PersistBlockTask | Imported #254 / 0 tx / 0 om / 0 (0.0%) gas / (0x7b87985221b4648f54a2bc7e145bcac667ce56404641b1490cc4645e64aa34b6) in 0.003s. Peers: 14
2026-10-07 19:15:35.052+00:00 | BftProcessorExecutor-QBFT-0 | INFO  | QbftBesuControllerBuilder | Imported #255 / 0 tx / 0 pending / 0 (0.0%) gas / (0xa574ed22aa500a4492134d0df9bf7a1428dc479107e2780bebe1742ea1fef1a7)
