Setting logging level to INFO
2026-10-07 18:26:26.332+00:00 | main | INFO  | Besu | Starting Besu
2026-10-07 18:26:26.789+00:00 | main | WARN  | Besu | --graphql-http-host has been ignored because --graphql-http-enabled was not defined on the command line.
2026-10-07 18:26:26.921+00:00 | main | INFO  | Besu | Connecting to 0 static nodes.
2026-10-07 18:26:26.925+00:00 | main | INFO  | Besu | Forcing price bump for transaction replacement to 0, since min-gas-price is set to 0
2026-10-07 18:26:26.926+00:00 | main | WARN  | Besu | Forcing tx-pool-min-gas-price=0, since it cannot be greater than the value of min-gas-price
2026-10-07 18:26:27.373+00:00 | main | INFO  | Besu | 
####################################################################################################
#                                                                                                  #
# Besu version 24.7.0                                                                              #
#                                                                                                  #
# Configuration:                                                                                   #
# Network: Custom genesis file                                                                     #
# /config/genesis.json                                                                             #
# Network Id: 1337                                                                                 #
# Data storage: Bonsai                                                                             #
# Sync mode: Full                                                                                  #
# RPC HTTP APIs: ETH,QBFT,NET,ADMIN,WEB3                                                           #
# RPC HTTP port: 8545                                                                              #
# Using LAYERED transaction pool implementation                                                    #
# Using STACKED worldstate update mode                                                             #
# Limit trie logs enabled: retention: 512; prune window: 30000                                     #
#                                                                                                  #
# Host:                                                                                            #
# Java: openjdk-java-21                                                                            #
# Maximum heap size: 29.50 GB                                                                      #
# OS: linux-x86_64                                                                                 #
# glibc: 2.39                                                                                      #
# jemalloc: 5.3.0-0-g54eaed1d8b56b1aa528be3bdd1877e59c56fa90c                                      #
# Total memory: 1007.68 GB                                                                         #
# CPU cores: 256                                                                                   #
#                                                                                                  #
# Plugin Registration Summary:                                                                     #
# No plugins have been registered.                                                                 #
# TOTAL = 0 of 0 plugins successfully registered.                                                  #
#                                                                                                  #
####################################################################################################
2026-10-07 18:26:27.374+00:00 | main | INFO  | Besu | Security Module: localfile
2026-10-07 18:26:27.377+00:00 | main | INFO  | VersionMetadata | Lookup version metadata file in data directory: /data
2026-10-07 18:26:27.378+00:00 | main | INFO  | VersionMetadata | No version data detected. Writing Besu version 24.7.0 to metadata file
2026-10-07 18:26:27.500+00:00 | main | INFO  | Besu | Using the native implementation of alt bn128
2026-10-07 18:26:27.575+00:00 | main | INFO  | Besu | Using the native implementation of modexp
2026-10-07 18:26:27.575+00:00 | main | INFO  | Besu | Using the native implementation of the signature algorithm
2026-10-07 18:26:27.582+00:00 | main | INFO  | Besu | Using the native implementation of the blake2bf algorithm
2026-10-07 18:26:27.684+00:00 | main | INFO  | Besu | Forcing price bump for transaction replacement to 0, since min-gas-price is set to 0
2026-10-07 18:26:27.685+00:00 | main | WARN  | Besu | Forcing tx-pool-min-gas-price=0, since it cannot be greater than the value of min-gas-price
2026-10-07 18:26:27.689+00:00 | main | INFO  | KeyPairUtil | Attempting to load public key from /data/key.priv
2026-10-07 18:26:27.717+00:00 | main | INFO  | KeyPairUtil | Loaded public key 0x32b233d24b95443800b9ddc5222b174c9fa8983ff64a6ddd440bfdb194f60379050de39104515c7f32a52b00b942e4eb9268b0e5588fe720ab6a0db6381ae90d from /data/key.priv
2026-10-07 18:26:27.914+00:00 | main | INFO  | ProtocolScheduleBuilder | Protocol schedule created with milestones: [Berlin:0]
2026-10-07 18:26:27.924+00:00 | main | INFO  | RocksDBKeyValueStorageFactory | No existing database at /data. Using default metadata for new db versionedStorageFormat=BaseVersionedStorageFormat{format=BONSAI, version=2}
2026-10-07 18:26:28.222+00:00 | main | INFO  | FlatDbStrategyProvider | Bonsai flat db mode found FULL
2026-10-07 18:26:28.227+00:00 | main | INFO  | FlatDbStrategyProvider | Bonsai db mode with code stored using code hash enabled = true
2026-10-07 18:26:28.241+00:00 | main | INFO  | FlatDbStrategyProvider | Bonsai flat db mode found FULL
2026-10-07 18:26:28.244+00:00 | main | INFO  | FlatDbStrategyProvider | Bonsai db mode with code stored using code hash enabled = true
2026-10-07 18:26:28.725+00:00 | main | INFO  | TransactionPoolFactory | Enabling transaction pool
2026-10-07 18:26:28.744+00:00 | main | INFO  | BesuControllerBuilder | TTD difficulty is not present, creating initial sync phase for PoW
2026-10-07 18:26:28.785+00:00 | main | INFO  | TrieLogPruner | Loading first 30000 trie logs from database...
2026-10-07 18:26:28.786+00:00 | main | INFO  | TrieLogPruner | Loaded 1 trie logs from database
2026-10-07 18:26:28.794+00:00 | main | INFO  | RunnerBuilder | Resolved 3 bootnodes.
2026-10-07 18:26:28.800+00:00 | main | INFO  | RunnerBuilder | Detecting NAT service.
2026-10-07 18:26:29.034+00:00 | main | INFO  | Runner | Starting external services ... 
2026-10-07 18:26:29.035+00:00 | main | INFO  | JsonRpcHttpService | Starting JSON-RPC service on 0.0.0.0:8545
2026-10-07 18:26:29.174+00:00 | vert.x-eventloop-thread-1 | INFO  | JsonRpcHttpService | JSON-RPC service started and listening on 0.0.0.0:8545
2026-10-07 18:26:29.182+00:00 | main | INFO  | WebSocketService | Starting Websocket service on 0.0.0.0:8546
2026-10-07 18:26:29.185+00:00 | vert.x-eventloop-thread-1 | INFO  | WebSocketService | Websocket service started and listening on 0.0.0.0:8546
2026-10-07 18:26:29.188+00:00 | main | INFO  | AutoTransactionLogBloomCachingService | Starting auto transaction log bloom caching service.
2026-10-07 18:26:29.190+00:00 | main | INFO  | LogBloomCacheMetadata | Lookup cache metadata file in data directory: /data/caches
2026-10-07 18:26:29.199+00:00 | main | INFO  | Runner | Starting Ethereum main loop ... 
2026-10-07 18:26:29.199+00:00 | main | INFO  | NatService | No NAT environment detected so no service could be started
2026-10-07 18:26:29.199+00:00 | main | INFO  | NetworkRunner | Starting Network.
2026-10-07 18:26:29.211+00:00 | nioEventLoopGroup-2-1 | INFO  | RlpxAgent | P2P RLPx agent started and listening on /[0:0:0:0:0:0:0:0]:30303.
2026-10-07 18:26:29.212+00:00 | main | INFO  | PeerDiscoveryAgent | Starting peer discovery agent on host=0.0.0.0, port=30303. IPv6 available.
2026-10-07 18:26:29.227+00:00 | vert.x-eventloop-thread-1 | INFO  | VertxPeerDiscoveryAgent | Started peer discovery agent successfully, on effective host=0:0:0:0:0:0:0:0%0 and port=30303
2026-10-07 18:26:29.228+00:00 | vert.x-eventloop-thread-1 | INFO  | PeerDiscoveryAgent | P2P peer discovery agent started and listening on /[0:0:0:0:0:0:0:0%0]:30303
2026-10-07 18:26:29.287+00:00 | vert.x-eventloop-thread-1 | INFO  | PeerDiscoveryAgent | Writing node record to disk. NodeRecord{seq=1, publicKey=0x0332b233d24b95443800b9ddc5222b174c9fa8983ff64a6ddd440bfdb194f60379, udpAddress=Optional[/0.0.0.0:30303], tcpAddress=Optional[/0.0.0.0:30303], asBase64=-Je4QP5Pk1t1eqb2Ejj80uQoCuBQ6kG_zEyCQ4pMHMnsC131Gvmu3C28MZ2jTOEGKLr2OPjp9oBfDycZ8N5toEu9AhMBg2V0aMfGhJYI97aAgmlkgnY0gmlwhAAAAACJc2VjcDI1NmsxoQMysjPSS5VEOAC53cUiKxdMn6iYP_ZKbd1EC_2xlPYDeYN0Y3CCdl-DdWRwgnZf, nodeId=0xb586722289d12def91a3a708994cc9e606b82321787493495e5c4fd51ad830b1, customFields={tcp=30303, udp=30303, ip=0x00000000, eth=[[0x9608f7b6, 0x]], id=V4, secp256k1=0x0332b233d24b95443800b9ddc5222b174c9fa8983ff64a6ddd440bfdb194f60379}}
2026-10-07 18:26:29.330+00:00 | main | INFO  | DefaultP2PNetwork | Enode URL enode://32b233d24b95443800b9ddc5222b174c9fa8983ff64a6ddd440bfdb194f60379050de39104515c7f32a52b00b942e4eb9268b0e5588fe720ab6a0db6381ae90d@0.0.0.0:30303
2026-10-07 18:26:29.331+00:00 | main | INFO  | DefaultP2PNetwork | Node address 0x994cc9e606b82321787493495e5c4fd51ad830b1
2026-10-07 18:26:29.358+00:00 | main | INFO  | NetworkRunner | Supported capabilities: [eth/62, eth/63, eth/64, eth/65, eth/66, eth/67, eth/68], [istanbul/100], [snap/1]
2026-10-07 18:26:29.359+00:00 | main | INFO  | DefaultSynchronizer | Starting synchronizer.
2026-10-07 18:26:29.361+00:00 | main | INFO  | TransactionPoolFactory | Enabling transaction handling following initial sync
2026-10-07 18:26:29.361+00:00 | main | INFO  | QbftBesuControllerBuilder | Starting QBFT mining coordinator following initial sync
2026-10-07 18:26:29.380+00:00 | main | INFO  | FullSyncDownloader | Starting full sync.
2026-10-07 18:26:29.381+00:00 | main | INFO  | FullSyncTargetManager | Unable to find sync target. Currently checking 0 peers for usefulness
2026-10-07 18:26:29.393+00:00 | main | INFO  | Runner | Ethereum main loop is up.
2026-10-07 18:26:29.648+00:00 | nioEventLoopGroup-3-10 | INFO  | FullSyncTargetManager | Unable to find sync target. Currently checking 6 peers for usefulness
2026-10-07 18:26:29.651+00:00 | nioEventLoopGroup-3-10 | INFO  | FullSyncTargetManager | Unable to find sync target. Currently checking 7 peers for usefulness
2026-10-07 18:26:29.701+00:00 | nioEventLoopGroup-3-3 | INFO  | FullSyncTargetManager | Unable to find sync target. Currently checking 10 peers for usefulness
2026-10-07 18:26:29.705+00:00 | nioEventLoopGroup-3-1 | INFO  | FullSyncTargetManager | Unable to find sync target. Currently checking 11 peers for usefulness
2026-10-07 18:26:29.707+00:00 | nioEventLoopGroup-3-4 | INFO  | FullSyncTargetManager | Unable to find sync target. Currently checking 12 peers for usefulness
2026-10-07 18:26:31.383+00:00 | nioEventLoopGroup-3-5 | INFO  | FullSyncTargetManager | Unable to find sync target. Currently checking 13 peers for usefulness
2026-10-07 18:26:33.599+00:00 | BftProcessorExecutor-QBFT-0 | INFO  | QbftRound | Importing proposed block to chain. round=ConsensusRoundIdentifier{Sequence=1, Round=1}, hash=0x57e6665369cfbd7ad08cb7c2e4ef3380f262f810d8dc0e4a1ef7e27969d93f69
2026-10-07 18:26:33.617+00:00 | EthScheduler-Workers-0 | INFO  | PersistBlockTask | Imported #1 / 0 tx / 0 om / 0 (0.0%) gas / (0x57e6665369cfbd7ad08cb7c2e4ef3380f262f810d8dc0e4a1ef7e27969d93f69) in 0.018s. Peers: 13
2026-10-07 18:26:33.619+00:00 | BftProcessorExecutor-QBFT-0 | INFO  | QbftBesuControllerBuilder | Imported #1 / 0 tx / 0 pending / 0 (0.0%) gas / (0x57e6665369cfbd7ad08cb7c2e4ef3380f262f810d8dc0e4a1ef7e27969d93f69)
2026-10-07 18:26:34.064+00:00 | nioEventLoopGroup-3-8 | INFO  | FullSyncTargetManager | Unable to find sync target. Currently checking 14 peers for usefulness
2026-10-07 18:26:35.105+00:00 | BftProcessorExecutor-QBFT-0 | INFO  | QbftBesuControllerBuilder | Imported #2 / 0 tx / 0 pending / 0 (0.0%) gas / (0x5f714fa59731562451bb9bb7128f23ae4d23dbeaa7823acbf36f2c0eaba95324)
2026-10-07 18:26:37.150+00:00 | EthScheduler-Workers-0 | INFO  | PersistBlockTask | Block 3 (0xabf747d2989a26c01199ae5f71e02e83a4232f442edd7e2d888875aaa66fca21) is already imported
2026-10-07 18:26:37.149+00:00 | BftProcessorExecutor-QBFT-0 | INFO  | QbftBesuControllerBuilder | Imported #3 / 0 tx / 0 pending / 0 (0.0%) gas / (0xabf747d2989a26c01199ae5f71e02e83a4232f442edd7e2d888875aaa66fca21)
2026-10-07 18:26:39.171+00:00 | EthScheduler-Workers-0 | INFO  | PersistBlockTask | Block 4 (0x84776c9988d9aa3c84b1d262d2a9bbd74430c5734c442dd812ef918b9bc8edbf) is already imported
2026-10-07 18:26:39.173+00:00 | BftProcessorExecutor-QBFT-0 | INFO  | QbftBesuControllerBuilder | Imported #4 / 0 tx / 0 pending / 0 (0.0%) gas / (0x84776c9988d9aa3c84b1d262d2a9bbd74430c5734c442dd812ef918b9bc8edbf)
2026-10-07 18:26:41.176+00:00 | EthScheduler-Workers-0 | INFO  | PersistBlockTask | Imported #5 / 0 tx / 0 om / 0 (0.0%) gas / (0x163f47cd3cdfe61cbbdd9d44362278aa04e5edcad22e3add3b592761a948cdf3) in 0.002s. Peers: 14
2026-10-07 18:26:43.131+00:00 | BftProcessorExecutor-QBFT-0 | INFO  | QbftBesuControllerBuilder | Imported #6 / 0 tx / 1 pending / 0 (0.0%) gas / (0x14957827166b310c22072a5b554ec0a9125f64c7f5c32a19f9858fae0150e919)
2026-10-07 18:26:45.156+00:00 | BftProcessorExecutor-QBFT-0 | INFO  | QbftBesuControllerBuilder | Imported #7 / 0 tx / 1 pending / 0 (0.0%) gas / (0x9ccdb814c4f084e15690f59e4072d1f47ad06b839cef0f2ec81cf456fd851c77)
2026-10-07 18:26:47.174+00:00 | EthScheduler-Workers-0 | INFO  | PersistBlockTask | Imported #8 / 0 tx / 0 om / 0 (0.0%) gas / (0x424d1a1f6bf9694aa2bfbd091083d1ef5e89e6fcd521e25c67fe9f64a6b87f7a) in 0.002s. Peers: 14
2026-10-07 18:26:47.175+00:00 | BftProcessorExecutor-QBFT-0 | INFO  | QbftBesuControllerBuilder | Imported #8 / 0 tx / 1 pending / 0 (0.0%) gas / (0x424d1a1f6bf9694aa2bfbd091083d1ef5e89e6fcd521e25c67fe9f64a6b87f7a)
2026-10-07 18:26:49.157+00:00 | EthScheduler-Workers-0 | INFO  | PersistBlockTask | Imported #9 / 0 tx / 0 om / 0 (0.0%) gas / (0x661edf221eaf14a55f0f6c0cf9fbb68dbf3f9a9fbaf9914b8e05e0425972aa0e) in 0.002s. Peers: 14
2026-10-07 18:26:51.170+00:00 | EthScheduler-Workers-0 | INFO  | PersistBlockTask | Imported #10 / 0 tx / 0 om / 0 (0.0%) gas / (0x65ed25b3a2b7fb5d3c83c41a7ef86f2ca5629b798f4dadd7ca054e8395eeed03) in 0.003s. Peers: 14
2026-10-07 18:26:53.194+00:00 | BftProcessorExecutor-QBFT-0 | INFO  | QbftBesuControllerBuilder | Imported #11 / 0 tx / 1 pending / 0 (0.0%) gas / (0x5fe3e653b1957e3c5e8d08cce8cb5e98fc5e72aecff6348f84d045cad10233ad)
2026-10-07 18:26:55.184+00:00 | EthScheduler-Workers-0 | INFO  | PersistBlockTask | Block 12 (0x60cd12d33dc9fc74f15408363d8e47bd297cb84eef0673d043bc0325f6609a2a) is already imported
2026-10-07 18:26:55.184+00:00 | BftProcessorExecutor-QBFT-0 | INFO  | QbftBesuControllerBuilder | Produced #12 / 0 tx / 1 pending / 0 (0.0%) gas / (0x60cd12d33dc9fc74f15408363d8e47bd297cb84eef0673d043bc0325f6609a2a)
2026-10-07 18:26:57.136+00:00 | BftProcessorExecutor-QBFT-0 | INFO  | QbftBesuControllerBuilder | Imported #13 / 0 tx / 1 pending / 0 (0.0%) gas / (0xe485b2c19dfda3210f5b0523ee5ecb90653dd00fe2e5bf8e4b63382d3ebf22d8)
2026-10-07 18:26:59.167+00:00 | BftProcessorExecutor-QBFT-0 | INFO  | QbftBesuControllerBuilder | Imported #14 / 0 tx / 1 pending / 0 (0.0%) gas / (0x092b10bad0aba5be8c465ad19c0263669111d1f3260de1804544bc064d980c62)
2026-10-07 18:27:01.210+00:00 | BftProcessorExecutor-QBFT-0 | INFO  | QbftBesuControllerBuilder | Imported #15 / 1 tx / 0 pending / 465,218 (0.0%) gas / (0x003d5c55a675b4beacc69525c759a0c3e7a8e5aa3a67be4e59548c4fd7753523)
2026-10-07 18:27:03.083+00:00 | EthScheduler-Workers-0 | INFO  | PersistBlockTask | Imported #16 / 0 tx / 0 om / 0 (0.0%) gas / (0x9b3e40e86fb3a020e02ff31b8029d03b4c5cbb6de6aeecfb2671a87be4da0010) in 0.001s. Peers: 14
2026-10-07 18:27:05.098+00:00 | BftProcessorExecutor-QBFT-0 | INFO  | QbftBesuControllerBuilder | Imported #17 / 0 tx / 1 pending / 0 (0.0%) gas / (0x187b24abce56c1476a4f519e647ee622792e13aebe502ab663e6d4ca081e93be)
2026-10-07 18:27:07.080+00:00 | BftProcessorExecutor-QBFT-0 | INFO  | QbftBesuControllerBuilder | Imported #18 / 0 tx / 1 pending / 0 (0.0%) gas / (0x1d9cd7caf72f6e88063c73b0fc57e788074ce156c4baa78f296fab208e635681)
2026-10-07 18:27:09.077+00:00 | EthScheduler-Workers-0 | INFO  | PersistBlockTask | Block 19 (0x51b7a553148a1fada333a782e7901abf91d3961ba4e3ee7822744fdc08d4f68a) is already imported
2026-10-07 18:27:09.078+00:00 | BftProcessorExecutor-QBFT-0 | INFO  | QbftBesuControllerBuilder | Imported #19 / 0 tx / 1 pending / 0 (0.0%) gas / (0x51b7a553148a1fada333a782e7901abf91d3961ba4e3ee7822744fdc08d4f68a)
2026-10-07 18:27:11.102+00:00 | EthScheduler-Workers-0 | INFO  | PersistBlockTask | Block 20 (0x8deba284a98d91742c12c50e49b3d66a399d0c891f8eebc6757b740c2c028989) is already imported
2026-10-07 18:27:11.103+00:00 | BftProcessorExecutor-QBFT-0 | INFO  | QbftBesuControllerBuilder | Imported #20 / 0 tx / 1 pending / 0 (0.0%) gas / (0x8deba284a98d91742c12c50e49b3d66a399d0c891f8eebc6757b740c2c028989)
2026-10-07 18:27:13.072+00:00 | BftProcessorExecutor-QBFT-0 | INFO  | QbftBesuControllerBuilder | Imported #21 / 0 tx / 1 pending / 0 (0.0%) gas / (0x8a0def8d5b47a68ee19a130b56a94a237eb3b60c48f6175a332b1dab77f547a7)
2026-10-07 18:27:15.074+00:00 | BftProcessorExecutor-QBFT-0 | INFO  | QbftBesuControllerBuilder | Imported #22 / 0 tx / 1 pending / 0 (0.0%) gas / (0x291088def8413a8ccfac2b309488d8353fbca1caf53e82ecd03b897b36364035)
2026-10-07 18:27:17.117+00:00 | EthScheduler-Workers-0 | INFO  | PersistBlockTask | Imported #23 / 0 tx / 0 om / 0 (0.0%) gas / (0x48e36c5e7201b68b60055e4b835ac566705b2648babdb30e2cbd401a9a43edb1) in 0.001s. Peers: 14
2026-10-07 18:27:17.118+00:00 | BftProcessorExecutor-QBFT-0 | INFO  | QbftBesuControllerBuilder | Imported #23 / 0 tx / 1 pending / 0 (0.0%) gas / (0x48e36c5e7201b68b60055e4b835ac566705b2648babdb30e2cbd401a9a43edb1)
2026-10-07 18:27:19.104+00:00 | BftProcessorExecutor-QBFT-0 | INFO  | QbftBesuControllerBuilder | Imported #24 / 0 tx / 1 pending / 0 (0.0%) gas / (0x2c1b04cd65c9e7a4c9ae5877106c683219aec5ee777ed54b4430a7f18cff67e3)
2026-10-07 18:27:21.090+00:00 | EthScheduler-Workers-0 | INFO  | PersistBlockTask | Block 25 (0xfcecc2c93363f9a70b6db80518a86fb3d341723e2d043a51ebe1a2e2a26b8927) is already imported
2026-10-07 18:27:21.090+00:00 | BftProcessorExecutor-QBFT-0 | INFO  | QbftBesuControllerBuilder | Imported #25 / 0 tx / 1 pending / 0 (0.0%) gas / (0xfcecc2c93363f9a70b6db80518a86fb3d341723e2d043a51ebe1a2e2a26b8927)
2026-10-07 18:27:23.089+00:00 | EthScheduler-Workers-0 | INFO  | PersistBlockTask | Block 26 (0x2eb011cb2e946343bc53bef859d85b84533ca2f1a4a995383b15dad342262736) is already imported
2026-10-07 18:27:23.090+00:00 | BftProcessorExecutor-QBFT-0 | INFO  | QbftBesuControllerBuilder | Imported #26 / 0 tx / 1 pending / 0 (0.0%) gas / (0x2eb011cb2e946343bc53bef859d85b84533ca2f1a4a995383b15dad342262736)
2026-10-07 18:27:25.087+00:00 | EthScheduler-Workers-0 | INFO  | PersistBlockTask | Imported #27 / 0 tx / 0 om / 0 (0.0%) gas / (0xae40073ca2a9761521eb2a643b0da70e744668bcbd4248327c357a031d8f4f9e) in 0.002s. Peers: 14
2026-10-07 18:27:25.088+00:00 | BftProcessorExecutor-QBFT-0 | INFO  | QbftBesuControllerBuilder | Produced #27 / 0 tx / 1 pending / 0 (0.0%) gas / (0xae40073ca2a9761521eb2a643b0da70e744668bcbd4248327c357a031d8f4f9e)
2026-10-07 18:27:27.079+00:00 | BftProcessorExecutor-QBFT-0 | INFO  | QbftBesuControllerBuilder | Imported #28 / 0 tx / 1 pending / 0 (0.0%) gas / (0x918f1363a2c1107fa9c40a5fc7c4db487eec4059baaa3aff0151447a50aaae04)
2026-10-07 18:27:29.091+00:00 | EthScheduler-Workers-0 | INFO  | PersistBlockTask | Block 29 (0x6825395cff0a51aedac24eeaf996893919c473c15aa468bbda75a3817874647d) is already imported
2026-10-07 18:27:29.092+00:00 | BftProcessorExecutor-QBFT-0 | INFO  | QbftBesuControllerBuilder | Imported #29 / 0 tx / 1 pending / 0 (0.0%) gas / (0x6825395cff0a51aedac24eeaf996893919c473c15aa468bbda75a3817874647d)
2026-10-07 18:27:31.138+00:00 | EthScheduler-Workers-0 | INFO  | PersistBlockTask | Block 30 (0x122d807c57724c36f2555193b3efe15dd43ab8b3550d02c406ecfce17bc36166) is already imported
2026-10-07 18:27:31.140+00:00 | BftProcessorExecutor-QBFT-0 | INFO  | QbftBesuControllerBuilder | Imported #30 / 1 tx / 0 pending / 1,832,981 (0.0%) gas / (0x122d807c57724c36f2555193b3efe15dd43ab8b3550d02c406ecfce17bc36166)
2026-10-07 18:27:33.082+00:00 | EthScheduler-Workers-0 | INFO  | PersistBlockTask | Block 31 (0x87e45220a45a9d4b489b8b3e6a3a6cafcb7d21de2f6043c72f998e7eab75cf05) is already imported
2026-10-07 18:27:33.082+00:00 | BftProcessorExecutor-QBFT-0 | INFO  | QbftBesuControllerBuilder | Imported #31 / 0 tx / 0 pending / 0 (0.0%) gas / (0x87e45220a45a9d4b489b8b3e6a3a6cafcb7d21de2f6043c72f998e7eab75cf05)
2026-10-07 18:27:35.092+00:00 | EthScheduler-Workers-0 | INFO  | PersistBlockTask | Imported #32 / 0 tx / 0 om / 0 (0.0%) gas / (0x68c00d70f69a6039764e64240dec53b80ffc6beb27e58d98bc950c0aa65f8b65) in 0.001s. Peers: 14
2026-10-07 18:27:35.093+00:00 | BftProcessorExecutor-QBFT-0 | INFO  | QbftBesuControllerBuilder | Imported #32 / 0 tx / 0 pending / 0 (0.0%) gas / (0x68c00d70f69a6039764e64240dec53b80ffc6beb27e58d98bc950c0aa65f8b65)
2026-10-07 18:27:37.080+00:00 | BftProcessorExecutor-QBFT-0 | INFO  | QbftBesuControllerBuilder | Imported #33 / 0 tx / 0 pending / 0 (0.0%) gas / (0xc51cd278baba8275e3c1637859bbe8d9cf3d80bf3366ad0134ed7d8c1b602beb)
2026-10-07 18:27:39.085+00:00 | EthScheduler-Workers-0 | INFO  | PersistBlockTask | Imported #34 / 0 tx / 0 om / 0 (0.0%) gas / (0x4cfd398103b9ccdcb403f6b2b00e5830081f25a1ea6acaddcd9b1cbb807595d5) in 0.002s. Peers: 14
2026-10-07 18:27:41.075+00:00 | BftProcessorExecutor-QBFT-0 | INFO  | QbftBesuControllerBuilder | Imported #35 / 0 tx / 0 pending / 0 (0.0%) gas / (0x6e3ad65e9919d0e64037423efe124264c0d4d02d4164ac6edc6bec8c8d458311)
2026-10-07 18:27:43.076+00:00 | BftProcessorExecutor-QBFT-0 | INFO  | QbftBesuControllerBuilder | Imported #36 / 0 tx / 0 pending / 0 (0.0%) gas / (0x0d133dbbdd3911c2acda26748f9d89f43812a3b4c26cb478b48984458dc48b04)
2026-10-07 18:27:45.081+00:00 | BftProcessorExecutor-QBFT-0 | INFO  | QbftBesuControllerBuilder | Imported #37 / 0 tx / 0 pending / 0 (0.0%) gas / (0xea2ed590b03d38256f790626f263483d6f2527b93721ec9d7fdf11170362e699)
2026-10-07 18:27:47.085+00:00 | BftProcessorExecutor-QBFT-0 | INFO  | QbftBesuControllerBuilder | Imported #38 / 0 tx / 0 pending / 0 (0.0%) gas / (0x5776078aaaa18e71abbfb54794d3b2266be908305d969b97a09146420542afea)
2026-10-07 18:27:47.088+00:00 | EthScheduler-Workers-0 | INFO  | PersistBlockTask | Block 38 (0x5776078aaaa18e71abbfb54794d3b2266be908305d969b97a09146420542afea) is already imported
2026-10-07 18:27:49.385+00:00 | BftProcessorExecutor-QBFT-0 | INFO  | QbftBesuControllerBuilder | Imported #39 / 4 tx / 60 pending / 967,880 (0.0%) gas / (0x2e89e928b8c20519985fc20f44184608bcec68bfdc77a6f9d42dc75e67193585)
2026-10-07 18:27:51.263+00:00 | BftProcessorExecutor-QBFT-0 | INFO  | QbftBesuControllerBuilder | Imported #40 / 4 tx / 56 pending / 967,880 (0.0%) gas / (0xc88f5d8aa1400cac54f88045107b9a222a555f782749f98c18c1ba357b0c4e88)
2026-10-07 18:27:51.264+00:00 | EthScheduler-Workers-0 | INFO  | PersistBlockTask | Block 40 (0xc88f5d8aa1400cac54f88045107b9a222a555f782749f98c18c1ba357b0c4e88) is already imported
2026-10-07 18:27:53.291+00:00 | BftProcessorExecutor-QBFT-0 | INFO  | QbftBesuControllerBuilder | Imported #41 / 4 tx / 52 pending / 967,880 (0.0%) gas / (0xf9678c3510b53a167259cd893320f6300be0c33c1fa322e39542519eebe3098c)
2026-10-07 18:27:55.253+00:00 | BftProcessorExecutor-QBFT-0 | INFO  | QbftBesuControllerBuilder | Produced #42 / 4 tx / 48 pending / 967,880 (0.0%) gas / (0xdba2d354db4ec48846bc06f1aae58f8ad5c7c06e9b287ad87fc4991590cd8aaa)
2026-10-07 18:27:55.253+00:00 | EthScheduler-Workers-0 | INFO  | PersistBlockTask | Block 42 (0xdba2d354db4ec48846bc06f1aae58f8ad5c7c06e9b287ad87fc4991590cd8aaa) is already imported
2026-10-07 18:27:57.200+00:00 | EthScheduler-Workers-0 | INFO  | PersistBlockTask | Block 43 (0x3d1f22ec55c64001526cbdc5cc4017e19c43afed6967cea6bf233f26db64309c) is already imported
2026-10-07 18:27:57.200+00:00 | BftProcessorExecutor-QBFT-0 | INFO  | QbftBesuControllerBuilder | Imported #43 / 4 tx / 44 pending / 967,880 (0.0%) gas / (0x3d1f22ec55c64001526cbdc5cc4017e19c43afed6967cea6bf233f26db64309c)
2026-10-07 18:27:59.249+00:00 | EthScheduler-Workers-0 | INFO  | PersistBlockTask | Block 44 (0xb995ae486ae14ad32e4030ff5b11e709bd13b50d710566765639352ad93d0a26) is already imported
2026-10-07 18:27:59.249+00:00 | BftProcessorExecutor-QBFT-0 | INFO  | QbftBesuControllerBuilder | Imported #44 / 4 tx / 40 pending / 967,880 (0.0%) gas / (0xb995ae486ae14ad32e4030ff5b11e709bd13b50d710566765639352ad93d0a26)
2026-10-07 18:28:01.236+00:00 | EthScheduler-Workers-0 | INFO  | PersistBlockTask | Block 45 (0xf16472b11dcb2f671c24c067b9bb126799487a0d53c1ac044cd265f4621f900d) is already imported
2026-10-07 18:28:01.236+00:00 | BftProcessorExecutor-QBFT-0 | INFO  | QbftBesuControllerBuilder | Imported #45 / 5 tx / 35 pending / 1,209,850 (0.0%) gas / (0xf16472b11dcb2f671c24c067b9bb126799487a0d53c1ac044cd265f4621f900d)
2026-10-07 18:28:03.253+00:00 | BftProcessorExecutor-QBFT-0 | INFO  | QbftBesuControllerBuilder | Imported #46 / 5 tx / 30 pending / 1,209,850 (0.0%) gas / (0x3043b60d8b9fbe8c54faa1e078236c43bfe89f9bf105e03a8a29e975041f505e)
2026-10-07 18:28:03.253+00:00 | EthScheduler-Workers-0 | INFO  | PersistBlockTask | Block 46 (0x3043b60d8b9fbe8c54faa1e078236c43bfe89f9bf105e03a8a29e975041f505e) is already imported
2026-10-07 18:28:05.261+00:00 | EthScheduler-Workers-0 | INFO  | PersistBlockTask | Block 47 (0xdcf192ee0cf68520a4de1945aeea61b1af9bce5f41128f91ddcb33fcae362cde) is already imported
2026-10-07 18:28:05.261+00:00 | BftProcessorExecutor-QBFT-0 | INFO  | QbftBesuControllerBuilder | Imported #47 / 5 tx / 25 pending / 1,209,850 (0.0%) gas / (0xdcf192ee0cf68520a4de1945aeea61b1af9bce5f41128f91ddcb33fcae362cde)
2026-10-07 18:28:07.275+00:00 | EthScheduler-Workers-0 | INFO  | PersistBlockTask | Block 48 (0x6630062fb89a3a0f64a3c30e74a7510bf0905c32f4b3436654a0926ea892289a) is already imported
2026-10-07 18:28:07.275+00:00 | BftProcessorExecutor-QBFT-0 | INFO  | QbftBesuControllerBuilder | Imported #48 / 5 tx / 20 pending / 1,209,850 (0.0%) gas / (0x6630062fb89a3a0f64a3c30e74a7510bf0905c32f4b3436654a0926ea892289a)
2026-10-07 18:28:09.214+00:00 | EthScheduler-Workers-0 | INFO  | PersistBlockTask | Block 49 (0xe53ae533a832b122958a03e1f27bc038424899dceb5996f1d2e78ada38f2c7e6) is already imported
2026-10-07 18:28:09.214+00:00 | BftProcessorExecutor-QBFT-0 | INFO  | QbftBesuControllerBuilder | Imported #49 / 4 tx / 16 pending / 967,880 (0.0%) gas / (0xe53ae533a832b122958a03e1f27bc038424899dceb5996f1d2e78ada38f2c7e6)
2026-10-07 18:28:11.249+00:00 | EthScheduler-Workers-0 | INFO  | PersistBlockTask | Block 50 (0xb842fd7e16232d39eb4459e5912e66c6034e15e401f21a9f8a30f2550e4a9a87) is already imported
2026-10-07 18:28:11.249+00:00 | BftProcessorExecutor-QBFT-0 | INFO  | QbftBesuControllerBuilder | Imported #50 / 4 tx / 12 pending / 967,880 (0.0%) gas / (0xb842fd7e16232d39eb4459e5912e66c6034e15e401f21a9f8a30f2550e4a9a87)
2026-10-07 18:28:13.311+00:00 | EthScheduler-Workers-0 | INFO  | PersistBlockTask | Block 51 (0xd9913669e8c361caa59fe3e4cabfc3e79848f2ce86f931d2f1b603c14fa11b2d) is already imported
2026-10-07 18:28:13.311+00:00 | BftProcessorExecutor-QBFT-0 | INFO  | QbftBesuControllerBuilder | Imported #51 / 4 tx / 8 pending / 967,880 (0.0%) gas / (0xd9913669e8c361caa59fe3e4cabfc3e79848f2ce86f931d2f1b603c14fa11b2d)
2026-10-07 18:28:15.258+00:00 | EthScheduler-Workers-0 | INFO  | PersistBlockTask | Block 52 (0x30cee1ba926e77db3471cdae21cb5f4e2b5735c2bac0db28b5ce3281a1e275a2) is already imported
2026-10-07 18:28:15.258+00:00 | BftProcessorExecutor-QBFT-0 | INFO  | QbftBesuControllerBuilder | Imported #52 / 4 tx / 4 pending / 967,880 (0.0%) gas / (0x30cee1ba926e77db3471cdae21cb5f4e2b5735c2bac0db28b5ce3281a1e275a2)
2026-10-07 18:28:17.261+00:00 | EthScheduler-Workers-0 | INFO  | PersistBlockTask | Block 53 (0xdca44fd508926ffcb3ea4d430b6d86558753618b9fd2e787e9ae78ea96001e61) is already imported
2026-10-07 18:28:17.261+00:00 | BftProcessorExecutor-QBFT-0 | INFO  | QbftBesuControllerBuilder | Imported #53 / 4 tx / 0 pending / 967,880 (0.0%) gas / (0xdca44fd508926ffcb3ea4d430b6d86558753618b9fd2e787e9ae78ea96001e61)
2026-10-07 18:28:19.075+00:00 | EthScheduler-Workers-0 | INFO  | PersistBlockTask | Block 54 (0xc16380ac6f6e8f29c4682e93cab65fab6c2017e422fb22bc8a97c3e3291d933e) is already imported
2026-10-07 18:28:19.075+00:00 | BftProcessorExecutor-QBFT-0 | INFO  | QbftBesuControllerBuilder | Imported #54 / 0 tx / 8 pending / 0 (0.0%) gas / (0xc16380ac6f6e8f29c4682e93cab65fab6c2017e422fb22bc8a97c3e3291d933e)
2026-10-07 18:28:21.078+00:00 | BftProcessorExecutor-QBFT-0 | INFO  | QbftBesuControllerBuilder | Imported #55 / 0 tx / 8 pending / 0 (0.0%) gas / (0xcf92424ea0ca65e65098bbaa6b99740f2b9daec99f9759d1f53f9fbe08649693)
2026-10-07 18:28:23.080+00:00 | BftProcessorExecutor-QBFT-0 | INFO  | QbftBesuControllerBuilder | Imported #56 / 0 tx / 8 pending / 0 (0.0%) gas / (0x763e1f8c10fb54f6edd7f125c8ddade9a0ad154686f9d758533bfe6fdad83309)
2026-10-07 18:28:25.087+00:00 | BftProcessorExecutor-QBFT-0 | INFO  | QbftBesuControllerBuilder | Produced #57 / 0 tx / 8 pending / 0 (0.0%) gas / (0x7fa89a53d001e866660cf97cbaffdef54fc8834bb7857b7aa1ba7634d85bb11b)
2026-10-07 18:28:25.093+00:00 | EthScheduler-Workers-0 | INFO  | PersistBlockTask | Block 57 (0x7fa89a53d001e866660cf97cbaffdef54fc8834bb7857b7aa1ba7634d85bb11b) is already imported
2026-10-07 18:28:27.081+00:00 | BftProcessorExecutor-QBFT-0 | INFO  | QbftBesuControllerBuilder | Imported #58 / 0 tx / 8 pending / 0 (0.0%) gas / (0xd286ec5708ac7aa4714d9be4e6ec5dd92ab203af106b69896facc08210bd9d1d)
2026-10-07 18:28:29.067+00:00 | BftProcessorExecutor-QBFT-0 | INFO  | QbftBesuControllerBuilder | Imported #59 / 0 tx / 8 pending / 0 (0.0%) gas / (0x12534e9a23a2bdcb28cb85d0b873dcaa6ac9fcdf36242309caf350c4a979dca9)
2026-10-07 18:28:31.090+00:00 | BftProcessorExecutor-QBFT-0 | INFO  | QbftBesuControllerBuilder | Imported #60 / 1 tx / 7 pending / 153,618 (0.0%) gas / (0x2408f73dea5b58387b411b84aa0df7b278dd34be60997fa2854e5540d3f39e1e)
2026-10-07 18:28:33.087+00:00 | BftProcessorExecutor-QBFT-0 | INFO  | QbftBesuControllerBuilder | Imported #61 / 1 tx / 6 pending / 153,618 (0.0%) gas / (0x7a5e9d77bb5735457c3fa798f21ddbf97fbd13e75363f009431129cf0adeaf29)
2026-10-07 18:28:35.090+00:00 | EthScheduler-Workers-0 | INFO  | PersistBlockTask | Block 62 (0x52825294beb4e45fd1e63780606061503f40d3add06a8a3023c07b405e1c961c) is already imported
2026-10-07 18:28:35.090+00:00 | BftProcessorExecutor-QBFT-0 | INFO  | QbftBesuControllerBuilder | Imported #62 / 1 tx / 5 pending / 153,638 (0.0%) gas / (0x52825294beb4e45fd1e63780606061503f40d3add06a8a3023c07b405e1c961c)
2026-10-07 18:28:37.094+00:00 | BftProcessorExecutor-QBFT-0 | INFO  | QbftBesuControllerBuilder | Imported #63 / 1 tx / 4 pending / 153,638 (0.0%) gas / (0x96b7fd5882582bfa224055f903a4fe211de9e375755f818a71c6ba3959149eca)
2026-10-07 18:28:37.094+00:00 | EthScheduler-Workers-0 | INFO  | PersistBlockTask | Block 63 (0x96b7fd5882582bfa224055f903a4fe211de9e375755f818a71c6ba3959149eca) is already imported
2026-10-07 18:28:39.082+00:00 | BftProcessorExecutor-QBFT-0 | INFO  | QbftBesuControllerBuilder | Imported #64 / 1 tx / 3 pending / 153,638 (0.0%) gas / (0xe722710720ae8df4573ba92726b507ae21fbdab41d6585ddec9c9575fae29557)
2026-10-07 18:28:41.096+00:00 | EthScheduler-Workers-0 | INFO  | PersistBlockTask | Block 65 (0xcc22e5ebf9e2ebb3ec92319dd9c2254f8060b68ab5bfc415afb67b1c5e48e048) is already imported
2026-10-07 18:28:41.096+00:00 | BftProcessorExecutor-QBFT-0 | INFO  | QbftBesuControllerBuilder | Imported #65 / 1 tx / 2 pending / 153,630 (0.0%) gas / (0xcc22e5ebf9e2ebb3ec92319dd9c2254f8060b68ab5bfc415afb67b1c5e48e048)
2026-10-07 18:28:43.099+00:00 | BftProcessorExecutor-QBFT-0 | INFO  | QbftBesuControllerBuilder | Imported #66 / 1 tx / 1 pending / 153,630 (0.0%) gas / (0x27d18cfcfd9cdc4b87ff916c8644f7c027820848e54f837f7f4ea5e5156a9a13)
2026-10-07 18:28:45.103+00:00 | BftProcessorExecutor-QBFT-0 | INFO  | QbftBesuControllerBuilder | Imported #67 / 1 tx / 0 pending / 153,618 (0.0%) gas / (0x4cf1bf0b856d860cde8f91f7061d95749dc544aa1acdfa11d0e8e07da766fd04)
2026-10-07 18:28:47.200+00:00 | EthScheduler-Workers-0 | INFO  | PersistBlockTask | Block 68 (0xf5a26cb3e8152a4e266e3d0fd20fcad8c2fbccd985c50904fff754578c47e795) is already imported
2026-10-07 18:28:47.200+00:00 | BftProcessorExecutor-QBFT-0 | INFO  | QbftBesuControllerBuilder | Imported #68 / 4 tx / 60 pending / 967,880 (0.0%) gas / (0xf5a26cb3e8152a4e266e3d0fd20fcad8c2fbccd985c50904fff754578c47e795)
2026-10-07 18:28:49.210+00:00 | BftProcessorExecutor-QBFT-0 | INFO  | QbftBesuControllerBuilder | Imported #69 / 4 tx / 56 pending / 967,880 (0.0%) gas / (0x4e3cb93fea95713f44b50f16e547e71206ff6d99c47e507c921d41bae5021677)
2026-10-07 18:28:51.224+00:00 | BftProcessorExecutor-QBFT-0 | INFO  | QbftBesuControllerBuilder | Imported #70 / 4 tx / 52 pending / 967,880 (0.0%) gas / (0xc54e0786101696670a286538f0cf254fb726669f016c82262723bdae1b2503be)
2026-10-07 18:28:53.230+00:00 | EthScheduler-Workers-0 | INFO  | PersistBlockTask | Block 71 (0xdb9ecd64cf1ab3727595f15cf3e83ab9b8dd2e58a8f66057243d5909144822ae) is already imported
2026-10-07 18:28:53.230+00:00 | BftProcessorExecutor-QBFT-0 | INFO  | QbftBesuControllerBuilder | Imported #71 / 4 tx / 48 pending / 967,880 (0.0%) gas / (0xdb9ecd64cf1ab3727595f15cf3e83ab9b8dd2e58a8f66057243d5909144822ae)
2026-10-07 18:28:55.238+00:00 | BftProcessorExecutor-QBFT-0 | INFO  | QbftBesuControllerBuilder | Produced #72 / 4 tx / 44 pending / 967,880 (0.0%) gas / (0xebdb6df3cc875ed9fc465257243a46ae6b33e15d981afb8b53207a0b6fc05766)
2026-10-07 18:28:55.238+00:00 | EthScheduler-Workers-0 | INFO  | PersistBlockTask | Block 72 (0xebdb6df3cc875ed9fc465257243a46ae6b33e15d981afb8b53207a0b6fc05766) is already imported
2026-10-07 18:28:57.201+00:00 | BftProcessorExecutor-QBFT-0 | INFO  | QbftBesuControllerBuilder | Imported #73 / 4 tx / 40 pending / 967,880 (0.0%) gas / (0x444d70dbe6b6c6c6e2e70f25906c8bcf0a697bf26445b45590b69e4000b89330)
2026-10-07 18:28:59.218+00:00 | BftProcessorExecutor-QBFT-0 | INFO  | QbftBesuControllerBuilder | Imported #74 / 4 tx / 36 pending / 967,880 (0.0%) gas / (0x384610300c9aeda980370140c4abf7db553e3a3dd7007786b670dec876710fe4)
2026-10-07 18:29:01.222+00:00 | BftProcessorExecutor-QBFT-0 | INFO  | QbftBesuControllerBuilder | Imported #75 / 5 tx / 31 pending / 1,209,850 (0.0%) gas / (0x95b01394d651111bcf9d2dbbc0c420ad214fe2f8a0ba77d44b258353744de665)
2026-10-07 18:29:01.221+00:00 | EthScheduler-Workers-0 | INFO  | PersistBlockTask | Block 75 (0x95b01394d651111bcf9d2dbbc0c420ad214fe2f8a0ba77d44b258353744de665) is already imported
2026-10-07 18:29:03.231+00:00 | EthScheduler-Workers-0 | INFO  | PersistBlockTask | Block 76 (0x595dc60db71ba7fdec014696c94bbe392116e8f601a505adc223124bb0c00c5c) is already imported
2026-10-07 18:29:03.231+00:00 | BftProcessorExecutor-QBFT-0 | INFO  | QbftBesuControllerBuilder | Imported #76 / 5 tx / 26 pending / 1,209,850 (0.0%) gas / (0x595dc60db71ba7fdec014696c94bbe392116e8f601a505adc223124bb0c00c5c)
2026-10-07 18:29:05.262+00:00 | EthScheduler-Workers-0 | INFO  | PersistBlockTask | Block 77 (0x486e7282f83e2ff9f2b08f95b8ce702b748a750ec1899d5783afdc3edefbe21e) is already imported
2026-10-07 18:29:05.263+00:00 | BftProcessorExecutor-QBFT-0 | INFO  | QbftBesuControllerBuilder | Imported #77 / 5 tx / 21 pending / 1,209,850 (0.0%) gas / (0x486e7282f83e2ff9f2b08f95b8ce702b748a750ec1899d5783afdc3edefbe21e)
2026-10-07 18:29:07.229+00:00 | BftProcessorExecutor-QBFT-0 | INFO  | QbftBesuControllerBuilder | Imported #78 / 5 tx / 16 pending / 1,209,850 (0.0%) gas / (0xf7a6b1db852631a00c4118a2b5a8e558f28871a4f7688c485e722c42fba9406b)
2026-10-07 18:29:09.223+00:00 | EthScheduler-Workers-0 | INFO  | PersistBlockTask | Block 79 (0x7873a06dcf8f1b0ccee552b73897e1f5b1a736b9a51f852ea220122da0a091a6) is already imported
2026-10-07 18:29:09.223+00:00 | BftProcessorExecutor-QBFT-0 | INFO  | QbftBesuControllerBuilder | Imported #79 / 4 tx / 12 pending / 967,880 (0.0%) gas / (0x7873a06dcf8f1b0ccee552b73897e1f5b1a736b9a51f852ea220122da0a091a6)
2026-10-07 18:29:11.208+00:00 | BftProcessorExecutor-QBFT-0 | INFO  | QbftBesuControllerBuilder | Imported #80 / 4 tx / 8 pending / 967,880 (0.0%) gas / (0xb8c47178768db0c23da094f2c771b348363d1250d236b169b156fdf896d989e3)
2026-10-07 18:29:13.204+00:00 | BftProcessorExecutor-QBFT-0 | INFO  | QbftBesuControllerBuilder | Imported #81 / 4 tx / 4 pending / 967,880 (0.0%) gas / (0xda15e08f1b8f0453884395a0069a0c089898bef4868292093d056d246a5172d0)
2026-10-07 18:29:13.204+00:00 | EthScheduler-Workers-0 | INFO  | PersistBlockTask | Block 81 (0xda15e08f1b8f0453884395a0069a0c089898bef4868292093d056d246a5172d0) is already imported
2026-10-07 18:29:15.280+00:00 | EthScheduler-Workers-0 | INFO  | PersistBlockTask | Block 82 (0xe83c62e4d6287c12b76cd3136051e3ad1dfa4a9913ec13fb4cc812639fac21ad) is already imported
2026-10-07 18:29:15.280+00:00 | BftProcessorExecutor-QBFT-0 | INFO  | QbftBesuControllerBuilder | Imported #82 / 4 tx / 0 pending / 967,880 (0.0%) gas / (0xe83c62e4d6287c12b76cd3136051e3ad1dfa4a9913ec13fb4cc812639fac21ad)
2026-10-07 18:29:17.068+00:00 | BftProcessorExecutor-QBFT-0 | INFO  | QbftBesuControllerBuilder | Imported #83 / 0 tx / 6 pending / 0 (0.0%) gas / (0xdcb9b3e535b3f0931d373ea01d3a351b84a5a300fb7b93ada3115f85a681c2f5)
2026-10-07 18:29:19.075+00:00 | BftProcessorExecutor-QBFT-0 | INFO  | QbftBesuControllerBuilder | Imported #84 / 0 tx / 8 pending / 0 (0.0%) gas / (0x61f5735025004671b9d32e377f8e3b7d0c833639d5938ad38121ec3a64aeb81c)
2026-10-07 18:29:19.076+00:00 | EthScheduler-Workers-0 | INFO  | PersistBlockTask | Block 84 (0x61f5735025004671b9d32e377f8e3b7d0c833639d5938ad38121ec3a64aeb81c) is already imported
2026-10-07 18:29:21.082+00:00 | EthScheduler-Workers-0 | INFO  | PersistBlockTask | Block 85 (0xc67436be79ec6d9d819ca9294533f61b56d6848cd3f189bd4328eca0d1e12f32) is already imported
2026-10-07 18:29:21.082+00:00 | BftProcessorExecutor-QBFT-0 | INFO  | QbftBesuControllerBuilder | Imported #85 / 0 tx / 8 pending / 0 (0.0%) gas / (0xc67436be79ec6d9d819ca9294533f61b56d6848cd3f189bd4328eca0d1e12f32)
2026-10-07 18:29:23.071+00:00 | BftProcessorExecutor-QBFT-0 | INFO  | QbftBesuControllerBuilder | Imported #86 / 0 tx / 8 pending / 0 (0.0%) gas / (0xfeb118635ac444eae358cc0e53487763ba95b76203a1f121cb5dd6cf53f7472e)
2026-10-07 18:29:25.071+00:00 | BftProcessorExecutor-QBFT-0 | INFO  | QbftBesuControllerBuilder | Produced #87 / 0 tx / 8 pending / 0 (0.0%) gas / (0xdbca065e3c97fa63efaa43b2f07b04e70d03cb02771e70a4aa4bc53acd6435d3)
2026-10-07 18:29:27.077+00:00 | BftProcessorExecutor-QBFT-0 | INFO  | QbftBesuControllerBuilder | Imported #88 / 0 tx / 8 pending / 0 (0.0%) gas / (0xb65167577489a44950cd87279da0ccad9d37efef5d1c7f3fb7bdcd80dd7b4658)
2026-10-07 18:29:29.089+00:00 | EthScheduler-Workers-0 | INFO  | PersistBlockTask | Imported #89 / 0 tx / 0 om / 0 (0.0%) gas / (0x0426d10a615139f1618b7677f4d2a4742fbe2a3e17c85fec148f5223f3833f67) in 0.005s. Peers: 14
2026-10-07 18:29:31.079+00:00 | BftProcessorExecutor-QBFT-0 | INFO  | QbftBesuControllerBuilder | Imported #90 / 1 tx / 7 pending / 153,650 (0.0%) gas / (0x635cd11402c3393f8a6aac64eb71f8f9acf514c719d779a763cdbbf727db53f0)
2026-10-07 18:29:33.102+00:00 | EthScheduler-Workers-0 | INFO  | PersistBlockTask | Imported #91 / 1 tx / 0 om / 153,638 (0.0%) gas / (0xc126c39bafcb448abef2a3058479245874596d3d40b73662fd787e5187eb4d12) in 0.005s. Peers: 14
2026-10-07 18:29:33.102+00:00 | BftProcessorExecutor-QBFT-0 | INFO  | QbftBesuControllerBuilder | Imported #91 / 1 tx / 6 pending / 153,638 (0.0%) gas / (0xc126c39bafcb448abef2a3058479245874596d3d40b73662fd787e5187eb4d12)
2026-10-07 18:29:35.087+00:00 | EthScheduler-Workers-0 | INFO  | PersistBlockTask | Block 92 (0xedf13eb0c46bd176e1d9c24ce0533422161e9c4f39bfb4bfe5bd8b8ec38e3821) is already imported
2026-10-07 18:29:35.087+00:00 | BftProcessorExecutor-QBFT-0 | INFO  | QbftBesuControllerBuilder | Imported #92 / 1 tx / 5 pending / 153,650 (0.0%) gas / (0xedf13eb0c46bd176e1d9c24ce0533422161e9c4f39bfb4bfe5bd8b8ec38e3821)
2026-10-07 18:29:37.078+00:00 | BftProcessorExecutor-QBFT-0 | INFO  | QbftBesuControllerBuilder | Imported #93 / 1 tx / 4 pending / 153,630 (0.0%) gas / (0xa0147cf4827998efd5a9e51a34503d456f78dffb1f2a6b1e6edb246c350f48d0)
2026-10-07 18:29:39.080+00:00 | BftProcessorExecutor-QBFT-0 | INFO  | QbftBesuControllerBuilder | Imported #94 / 1 tx / 3 pending / 153,650 (0.0%) gas / (0xc2cfe24deb336ba2e5a7279a4368d4257bd7a74bd4708a24c0dab6f511af78b4)
2026-10-07 18:29:41.111+00:00 | EthScheduler-Workers-0 | INFO  | PersistBlockTask | Block 95 (0xcf401d7b26c60aadbdcc5b1fb178f92df7c009419e4f075f1a39c215ef7a9083) is already imported
2026-10-07 18:29:41.111+00:00 | BftProcessorExecutor-QBFT-0 | INFO  | QbftBesuControllerBuilder | Imported #95 / 1 tx / 2 pending / 153,650 (0.0%) gas / (0xcf401d7b26c60aadbdcc5b1fb178f92df7c009419e4f075f1a39c215ef7a9083)
2026-10-07 18:29:43.080+00:00 | BftProcessorExecutor-QBFT-0 | INFO  | QbftBesuControllerBuilder | Imported #96 / 1 tx / 1 pending / 153,618 (0.0%) gas / (0x7e7f2bb38cb7285c39c313ec8999a4fee40616751661d7f8d144507de25d32b7)
2026-10-07 18:29:45.079+00:00 | BftProcessorExecutor-QBFT-0 | INFO  | QbftBesuControllerBuilder | Imported #97 / 1 tx / 1 pending / 153,618 (0.0%) gas / (0xffb2dee7c3b8d331c589e9ff2370c1420dcf6b37c1b0f42b5b0cd2383def3fcf)
2026-10-07 18:29:47.272+00:00 | EthScheduler-Workers-0 | INFO  | PersistBlockTask | Block 98 (0x8dfac8128485abf64faabb89d8f678e1fbd293909ce7d33ed49eb4fc7bf60cdb) is already imported
2026-10-07 18:29:47.272+00:00 | BftProcessorExecutor-QBFT-0 | INFO  | QbftBesuControllerBuilder | Imported #98 / 4 tx / 60 pending / 967,880 (0.0%) gas / (0x8dfac8128485abf64faabb89d8f678e1fbd293909ce7d33ed49eb4fc7bf60cdb)
2026-10-07 18:29:49.206+00:00 | BftProcessorExecutor-QBFT-0 | INFO  | QbftBesuControllerBuilder | Imported #99 / 4 tx / 56 pending / 967,880 (0.0%) gas / (0x3145e528b2dc81f754ae5a96e0f05193764647381ab802e277b958e1a758c462)
2026-10-07 18:29:51.202+00:00 | BftProcessorExecutor-QBFT-0 | INFO  | QbftBesuControllerBuilder | Imported #100 / 4 tx / 52 pending / 967,880 (0.0%) gas / (0xbb128a910d0170746b4abce2293a24c99bff25a03768517144572214f4e56a47)
2026-10-07 18:29:53.212+00:00 | BftProcessorExecutor-QBFT-0 | INFO  | QbftBesuControllerBuilder | Imported #101 / 4 tx / 48 pending / 967,880 (0.0%) gas / (0x605ae7b16e86063b02bddff93d5a75ac202a6da9eacdc7af9f183f390fe3b993)
2026-10-07 18:29:53.212+00:00 | EthScheduler-Workers-0 | INFO  | PersistBlockTask | Block 101 (0x605ae7b16e86063b02bddff93d5a75ac202a6da9eacdc7af9f183f390fe3b993) is already imported
2026-10-07 18:29:55.208+00:00 | EthScheduler-Workers-0 | INFO  | PersistBlockTask | Block 102 (0x40acd106ebfc831c8d28594ffb5f1cd0a6b1c8c9cfd25b1d9519e936c6919e8a) is already imported
2026-10-07 18:29:55.208+00:00 | BftProcessorExecutor-QBFT-0 | INFO  | QbftBesuControllerBuilder | Produced #102 / 4 tx / 44 pending / 967,880 (0.0%) gas / (0x40acd106ebfc831c8d28594ffb5f1cd0a6b1c8c9cfd25b1d9519e936c6919e8a)
2026-10-07 18:29:57.216+00:00 | EthScheduler-Workers-0 | INFO  | PersistBlockTask | Block 103 (0x72941db65b4257fef688594fc3de605560a77f479ebaa836a5e8cf5f3ff253fd) is already imported
2026-10-07 18:29:57.216+00:00 | BftProcessorExecutor-QBFT-0 | INFO  | QbftBesuControllerBuilder | Imported #103 / 4 tx / 40 pending / 967,880 (0.0%) gas / (0x72941db65b4257fef688594fc3de605560a77f479ebaa836a5e8cf5f3ff253fd)
2026-10-07 18:29:59.206+00:00 | BftProcessorExecutor-QBFT-0 | INFO  | QbftBesuControllerBuilder | Imported #104 / 4 tx / 36 pending / 967,880 (0.0%) gas / (0x9d29a56b58970a94d50807d00e78fc1ebf8755e14970f3f6274659a081e3b2cd)
2026-10-07 18:29:59.206+00:00 | EthScheduler-Workers-0 | INFO  | PersistBlockTask | Block 104 (0x9d29a56b58970a94d50807d00e78fc1ebf8755e14970f3f6274659a081e3b2cd) is already imported
2026-10-07 18:30:01.216+00:00 | EthScheduler-Workers-0 | INFO  | PersistBlockTask | Block 105 (0x17423391df8fc54c831d49114d0930ba162f61851c5d02ae0312fd78c81a4c73) is already imported
2026-10-07 18:30:01.216+00:00 | BftProcessorExecutor-QBFT-0 | INFO  | QbftBesuControllerBuilder | Imported #105 / 5 tx / 31 pending / 1,209,850 (0.0%) gas / (0x17423391df8fc54c831d49114d0930ba162f61851c5d02ae0312fd78c81a4c73)
2026-10-07 18:30:03.249+00:00 | BftProcessorExecutor-QBFT-0 | INFO  | QbftBesuControllerBuilder | Imported #106 / 5 tx / 26 pending / 1,209,850 (0.0%) gas / (0x32fd64494fa9d8be4b391adaaf406faea5b5c7eed394fb986deaf9e955d577b6)
2026-10-07 18:30:05.251+00:00 | EthScheduler-Workers-0 | INFO  | PersistBlockTask | Block 107 (0x6a93cc1319e298862d35af7d3ee325d97b2b24857a15ffe5aaccf39a1187e729) is already imported
2026-10-07 18:30:05.253+00:00 | BftProcessorExecutor-QBFT-0 | INFO  | QbftBesuControllerBuilder | Imported #107 / 5 tx / 21 pending / 1,209,850 (0.0%) gas / (0x6a93cc1319e298862d35af7d3ee325d97b2b24857a15ffe5aaccf39a1187e729)
2026-10-07 18:30:07.197+00:00 | BftProcessorExecutor-QBFT-0 | INFO  | QbftBesuControllerBuilder | Imported #108 / 5 tx / 16 pending / 1,209,850 (0.0%) gas / (0x20ca942bb5c817210a2ac83dca86d62b0bbdfeab288a615f1f4a63747b12273c)
2026-10-07 18:30:09.208+00:00 | EthScheduler-Workers-0 | INFO  | PersistBlockTask | Block 109 (0xd4e713aede684908ba143b36a95b9b93239dfaee1a7670dd1d8e72f82b13c849) is already imported
2026-10-07 18:30:09.208+00:00 | BftProcessorExecutor-QBFT-0 | INFO  | QbftBesuControllerBuilder | Imported #109 / 4 tx / 12 pending / 967,880 (0.0%) gas / (0xd4e713aede684908ba143b36a95b9b93239dfaee1a7670dd1d8e72f82b13c849)
2026-10-07 18:30:11.247+00:00 | BftProcessorExecutor-QBFT-0 | INFO  | QbftBesuControllerBuilder | Imported #110 / 4 tx / 8 pending / 967,880 (0.0%) gas / (0xdbca7854bb90e4060fd9f7a80645d3b4c886b8ee63d54f54c005a795be9badae)
2026-10-07 18:30:11.248+00:00 | EthScheduler-Workers-0 | INFO  | PersistBlockTask | Block 110 (0xdbca7854bb90e4060fd9f7a80645d3b4c886b8ee63d54f54c005a795be9badae) is already imported
2026-10-07 18:30:13.239+00:00 | EthScheduler-Workers-0 | INFO  | PersistBlockTask | Block 111 (0xc9017337ce90a7d3b33b3e0e79d7868b73f4ac8114fa2f6dc280946b85b5de5a) is already imported
2026-10-07 18:30:13.239+00:00 | BftProcessorExecutor-QBFT-0 | INFO  | QbftBesuControllerBuilder | Imported #111 / 4 tx / 4 pending / 967,880 (0.0%) gas / (0xc9017337ce90a7d3b33b3e0e79d7868b73f4ac8114fa2f6dc280946b85b5de5a)
2026-10-07 18:30:15.213+00:00 | BftProcessorExecutor-QBFT-0 | INFO  | QbftBesuControllerBuilder | Imported #112 / 4 tx / 0 pending / 967,880 (0.0%) gas / (0x1c3df1e67d05369f85b3c697d3cf67cf894c0a04f67708898317f03ea87f61b5)
2026-10-07 18:30:17.064+00:00 | BftProcessorExecutor-QBFT-0 | INFO  | QbftBesuControllerBuilder | Imported #113 / 0 tx / 8 pending / 0 (0.0%) gas / (0xc82baf264393a7a6ec54817a751afa4e3ac6f742733a242ff235d78f05a644a2)
2026-10-07 18:30:19.074+00:00 | BftProcessorExecutor-QBFT-0 | INFO  | QbftBesuControllerBuilder | Imported #114 / 0 tx / 8 pending / 0 (0.0%) gas / (0xe056eedf30e03e8bfa2cabc09ddadf7bd5e989656e83accfaf90feb9d79a4cbf)
2026-10-07 18:30:21.076+00:00 | BftProcessorExecutor-QBFT-0 | INFO  | QbftBesuControllerBuilder | Imported #115 / 0 tx / 8 pending / 0 (0.0%) gas / (0x440206b2e0dfa061ebc25fc3bcca96855137a94b79934f90b57537d592ca9940)
2026-10-07 18:30:23.085+00:00 | EthScheduler-Workers-0 | INFO  | PersistBlockTask | Block 116 (0x8bc6f1e4301aaa2d94fea9f8829d51b9adbd63a5924406e7965ba2f6b7caaf83) is already imported
2026-10-07 18:30:23.085+00:00 | BftProcessorExecutor-QBFT-0 | INFO  | QbftBesuControllerBuilder | Imported #116 / 0 tx / 8 pending / 0 (0.0%) gas / (0x8bc6f1e4301aaa2d94fea9f8829d51b9adbd63a5924406e7965ba2f6b7caaf83)
2026-10-07 18:30:25.066+00:00 | BftProcessorExecutor-QBFT-0 | INFO  | QbftBesuControllerBuilder | Produced #117 / 0 tx / 8 pending / 0 (0.0%) gas / (0x502ae8a7d3c436bfbad04ef7afb113c8144cb9c0884734b31cc6b6c45c4a5fe3)
2026-10-07 18:30:27.070+00:00 | BftProcessorExecutor-QBFT-0 | INFO  | QbftBesuControllerBuilder | Imported #118 / 0 tx / 8 pending / 0 (0.0%) gas / (0xbb55c1d5e1568d9bb6c6a9807598bca9fb32a3a315df51c9605bfe8b970befd6)
2026-10-07 18:30:29.082+00:00 | EthScheduler-Workers-0 | INFO  | PersistBlockTask | Block 119 (0xb8078e7f471932079afdff11eb49ef11d36f10c91e3e41a2de59a5d3e87e7a61) is already imported
2026-10-07 18:30:29.082+00:00 | BftProcessorExecutor-QBFT-0 | INFO  | QbftBesuControllerBuilder | Imported #119 / 0 tx / 8 pending / 0 (0.0%) gas / (0xb8078e7f471932079afdff11eb49ef11d36f10c91e3e41a2de59a5d3e87e7a61)
2026-10-07 18:30:31.105+00:00 | EthScheduler-Workers-0 | INFO  | PersistBlockTask | Block 120 (0x5d5edb067215b1c0380ded098f5389a79f5d292af4b408056b97d7955d94949e) is already imported
2026-10-07 18:30:31.105+00:00 | BftProcessorExecutor-QBFT-0 | INFO  | QbftBesuControllerBuilder | Imported #120 / 1 tx / 7 pending / 153,650 (0.0%) gas / (0x5d5edb067215b1c0380ded098f5389a79f5d292af4b408056b97d7955d94949e)
2026-10-07 18:30:33.099+00:00 | BftProcessorExecutor-QBFT-0 | INFO  | QbftBesuControllerBuilder | Imported #121 / 1 tx / 6 pending / 153,638 (0.0%) gas / (0x332edd330d89f15c6398db23f79f0f517c2d9083803627143aaaf896310ec3c1)
2026-10-07 18:30:35.109+00:00 | EthScheduler-Workers-0 | INFO  | PersistBlockTask | Block 122 (0x67b29e494ca5cb755c9acf9305ace1877a845ec95b5ce10ef327eaec855897c8) is already imported
2026-10-07 18:30:35.109+00:00 | BftProcessorExecutor-QBFT-0 | INFO  | QbftBesuControllerBuilder | Imported #122 / 1 tx / 5 pending / 153,650 (0.0%) gas / (0x67b29e494ca5cb755c9acf9305ace1877a845ec95b5ce10ef327eaec855897c8)
2026-10-07 18:30:37.092+00:00 | EthScheduler-Workers-0 | INFO  | PersistBlockTask | Block 123 (0x148ceca39bdd65296910663c0027d9deb7e9600d07a09727c4b38f204970dd21) is already imported
2026-10-07 18:30:37.093+00:00 | BftProcessorExecutor-QBFT-0 | INFO  | QbftBesuControllerBuilder | Imported #123 / 1 tx / 4 pending / 153,630 (0.0%) gas / (0x148ceca39bdd65296910663c0027d9deb7e9600d07a09727c4b38f204970dd21)
2026-10-07 18:30:39.079+00:00 | EthScheduler-Workers-0 | INFO  | PersistBlockTask | Imported #124 / 1 tx / 0 om / 153,638 (0.0%) gas / (0x0e808d69fd2875dadac5c6f42e46cab4eb81c9e38498da57b94771d423d1f920) in 0.004s. Peers: 14
2026-10-07 18:30:41.072+00:00 | BftProcessorExecutor-QBFT-0 | INFO  | QbftBesuControllerBuilder | Imported #125 / 1 tx / 2 pending / 153,650 (0.0%) gas / (0x41b8c90e6934c9abb3d0907b7d109a37824da1a2f66c9dda83a4800e2244b177)
2026-10-07 18:30:43.096+00:00 | EthScheduler-Workers-0 | INFO  | PersistBlockTask | Block 126 (0x3ed4fc0f2d272c9f90ccd584a08f8a9c922b0fdb7702ad334f8b9f543e0c5616) is already imported
2026-10-07 18:30:43.096+00:00 | BftProcessorExecutor-QBFT-0 | INFO  | QbftBesuControllerBuilder | Imported #126 / 1 tx / 1 pending / 153,630 (0.0%) gas / (0x3ed4fc0f2d272c9f90ccd584a08f8a9c922b0fdb7702ad334f8b9f543e0c5616)
2026-10-07 18:30:45.076+00:00 | BftProcessorExecutor-QBFT-0 | INFO  | QbftBesuControllerBuilder | Imported #127 / 1 tx / 0 pending / 153,650 (0.0%) gas / (0x13c9efed1d6dc9c68ff23e3d6cd94dc45c3bcd0422069d719df222bf0b27d472)
2026-10-07 18:30:47.241+00:00 | EthScheduler-Workers-0 | INFO  | PersistBlockTask | Block 128 (0xdc455ea457554b023ef9b413e1022312b87ea5304fa50dfd50663a982df85758) is already imported
2026-10-07 18:30:47.241+00:00 | BftProcessorExecutor-QBFT-0 | INFO  | QbftBesuControllerBuilder | Imported #128 / 4 tx / 60 pending / 967,880 (0.0%) gas / (0xdc455ea457554b023ef9b413e1022312b87ea5304fa50dfd50663a982df85758)
2026-10-07 18:30:49.229+00:00 | BftProcessorExecutor-QBFT-0 | INFO  | QbftBesuControllerBuilder | Imported #129 / 4 tx / 56 pending / 967,880 (0.0%) gas / (0xec7881cf3c42bd5f2963a61daf640683bc0cf0630f468c99ab575e4bba48fe17)
2026-10-07 18:30:51.233+00:00 | EthScheduler-Workers-0 | INFO  | PersistBlockTask | Block 130 (0x39c2183c30b4bf616e8ec9e948a88aa2f88cd42d1970268cba72cc2d3c9579bd) is already imported
2026-10-07 18:30:51.233+00:00 | BftProcessorExecutor-QBFT-0 | INFO  | QbftBesuControllerBuilder | Imported #130 / 4 tx / 52 pending / 967,880 (0.0%) gas / (0x39c2183c30b4bf616e8ec9e948a88aa2f88cd42d1970268cba72cc2d3c9579bd)
2026-10-07 18:30:53.256+00:00 | EthScheduler-Workers-0 | INFO  | PersistBlockTask | Block 131 (0x5dc2efb26e780c9e7662774c1f2abbb199e1519e1cdb6145652e519ae8847121) is already imported
2026-10-07 18:30:53.257+00:00 | BftProcessorExecutor-QBFT-0 | INFO  | QbftBesuControllerBuilder | Imported #131 / 4 tx / 48 pending / 967,880 (0.0%) gas / (0x5dc2efb26e780c9e7662774c1f2abbb199e1519e1cdb6145652e519ae8847121)
2026-10-07 18:30:55.206+00:00 | EthScheduler-Workers-0 | INFO  | PersistBlockTask | Block 132 (0xe52338e2db2b98d096579ed4d34267f8c7f6b8dd4f94a5abb3458cfdfd539ad9) is already imported
2026-10-07 18:30:55.206+00:00 | BftProcessorExecutor-QBFT-0 | INFO  | QbftBesuControllerBuilder | Produced #132 / 4 tx / 44 pending / 967,880 (0.0%) gas / (0xe52338e2db2b98d096579ed4d34267f8c7f6b8dd4f94a5abb3458cfdfd539ad9)
2026-10-07 18:30:57.164+00:00 | BftProcessorExecutor-QBFT-0 | INFO  | QbftBesuControllerBuilder | Imported #133 / 4 tx / 40 pending / 967,880 (0.0%) gas / (0xefeb294458b6e52acdff71c3debf1165746fa832f1735fd58fce601433ad124e)
2026-10-07 18:30:59.212+00:00 | EthScheduler-Workers-0 | INFO  | PersistBlockTask | Block 134 (0xd1a7d43346aaeb143894c21aa390d5889cca0b251dca6231f74d91511742eec0) is already imported
2026-10-07 18:30:59.212+00:00 | BftProcessorExecutor-QBFT-0 | INFO  | QbftBesuControllerBuilder | Imported #134 / 4 tx / 36 pending / 967,880 (0.0%) gas / (0xd1a7d43346aaeb143894c21aa390d5889cca0b251dca6231f74d91511742eec0)
2026-10-07 18:31:01.287+00:00 | EthScheduler-Workers-0 | INFO  | PersistBlockTask | Block 135 (0x69f67f7a521e2300d67ef8dd3dcaf02b7f166d6c1fef38022cf1f65976ad79a8) is already imported
2026-10-07 18:31:01.287+00:00 | BftProcessorExecutor-QBFT-0 | INFO  | QbftBesuControllerBuilder | Imported #135 / 5 tx / 31 pending / 1,209,850 (0.0%) gas / (0x69f67f7a521e2300d67ef8dd3dcaf02b7f166d6c1fef38022cf1f65976ad79a8)
2026-10-07 18:31:03.227+00:00 | BftProcessorExecutor-QBFT-0 | INFO  | QbftBesuControllerBuilder | Imported #136 / 5 tx / 26 pending / 1,209,850 (0.0%) gas / (0xb9453c5e891190f3a07b288a71c977098c3db274fe7629d690a0824ada576cf2)
2026-10-07 18:31:05.269+00:00 | EthScheduler-Workers-0 | INFO  | PersistBlockTask | Block 137 (0x6d1139ad76858a040b3821edb4d40b8eee93e3f673453627292f375626ac9976) is already imported
2026-10-07 18:31:05.269+00:00 | BftProcessorExecutor-QBFT-0 | INFO  | QbftBesuControllerBuilder | Imported #137 / 5 tx / 21 pending / 1,209,850 (0.0%) gas / (0x6d1139ad76858a040b3821edb4d40b8eee93e3f673453627292f375626ac9976)
2026-10-07 18:31:07.215+00:00 | EthScheduler-Workers-0 | INFO  | PersistBlockTask | Block 138 (0xfdf5808eda8cdb9fc4612c46a193efef5ac45b12857522a859b066ac25fd5300) is already imported
2026-10-07 18:31:07.215+00:00 | BftProcessorExecutor-QBFT-0 | INFO  | QbftBesuControllerBuilder | Imported #138 / 5 tx / 16 pending / 1,209,850 (0.0%) gas / (0xfdf5808eda8cdb9fc4612c46a193efef5ac45b12857522a859b066ac25fd5300)
2026-10-07 18:31:09.185+00:00 | BftProcessorExecutor-QBFT-0 | INFO  | QbftBesuControllerBuilder | Imported #139 / 4 tx / 12 pending / 967,880 (0.0%) gas / (0x41bece274b529d8d98e57e7fb01c90695028b938c28ffcab81431c2021ae50d5)
2026-10-07 18:31:09.185+00:00 | EthScheduler-Workers-0 | INFO  | PersistBlockTask | Block 139 (0x41bece274b529d8d98e57e7fb01c90695028b938c28ffcab81431c2021ae50d5) is already imported
2026-10-07 18:31:11.187+00:00 | BftProcessorExecutor-QBFT-0 | INFO  | QbftBesuControllerBuilder | Imported #140 / 4 tx / 8 pending / 967,880 (0.0%) gas / (0x35ae8f6bcefe6706375c90955781f41c21bcee1baa7cc0c4f9d88c8403b4b1a5)
2026-10-07 18:31:13.200+00:00 | BftProcessorExecutor-QBFT-0 | INFO  | QbftBesuControllerBuilder | Imported #141 / 4 tx / 4 pending / 967,880 (0.0%) gas / (0x78f971dd069ba475a15ed5cf277fadd762c08304c80426de0c1944ecf8130295)
2026-10-07 18:31:15.246+00:00 | BftProcessorExecutor-QBFT-0 | INFO  | QbftBesuControllerBuilder | Imported #142 / 4 tx / 0 pending / 967,880 (0.0%) gas / (0x82e40ab24bf08db25042aa10cc1873fece008742fee6345f09e932a507b717e3)
2026-10-07 18:31:15.247+00:00 | EthScheduler-Workers-0 | INFO  | PersistBlockTask | Block 142 (0x82e40ab24bf08db25042aa10cc1873fece008742fee6345f09e932a507b717e3) is already imported
2026-10-07 18:31:17.071+00:00 | EthScheduler-Workers-0 | INFO  | PersistBlockTask | Imported #143 / 0 tx / 0 om / 0 (0.0%) gas / (0x2e1f21aefafc8c7120c8302db171e26b8d30cadb41b227e3e3a20703f16ab1d5) in 0.003s. Peers: 14
2026-10-07 18:31:17.072+00:00 | BftProcessorExecutor-QBFT-0 | INFO  | QbftBesuControllerBuilder | Imported #143 / 0 tx / 8 pending / 0 (0.0%) gas / (0x2e1f21aefafc8c7120c8302db171e26b8d30cadb41b227e3e3a20703f16ab1d5)
2026-10-07 18:31:19.085+00:00 | EthScheduler-Workers-0 | INFO  | PersistBlockTask | Block 144 (0x8f0568990f69b48b5b24e5c8d84cc7042e26dcba55349eb4be29f94042c87f14) is already imported
2026-10-07 18:31:19.085+00:00 | BftProcessorExecutor-QBFT-0 | INFO  | QbftBesuControllerBuilder | Imported #144 / 0 tx / 8 pending / 0 (0.0%) gas / (0x8f0568990f69b48b5b24e5c8d84cc7042e26dcba55349eb4be29f94042c87f14)
2026-10-07 18:31:21.082+00:00 | EthScheduler-Workers-0 | INFO  | PersistBlockTask | Block 145 (0xe7a13b8dd58497b294d1bc5d69eb8065ffdaa6b1c64ffa1210ecacb0035fc012) is already imported
2026-10-07 18:31:21.082+00:00 | BftProcessorExecutor-QBFT-0 | INFO  | QbftBesuControllerBuilder | Imported #145 / 0 tx / 8 pending / 0 (0.0%) gas / (0xe7a13b8dd58497b294d1bc5d69eb8065ffdaa6b1c64ffa1210ecacb0035fc012)
2026-10-07 18:31:23.085+00:00 | EthScheduler-Workers-0 | INFO  | PersistBlockTask | Block 146 (0x4fef663663c4f49c02de54c875df4b9c73ed939e2eff843b3a929c4bf586659a) is already imported
2026-10-07 18:31:23.085+00:00 | BftProcessorExecutor-QBFT-0 | INFO  | QbftBesuControllerBuilder | Imported #146 / 0 tx / 8 pending / 0 (0.0%) gas / (0x4fef663663c4f49c02de54c875df4b9c73ed939e2eff843b3a929c4bf586659a)
2026-10-07 18:31:25.087+00:00 | EthScheduler-Workers-0 | INFO  | PersistBlockTask | Block 147 (0x4500a0ac9771e433e5868c22aafdca990b0a90989684953d394c039d9f19f2f5) is already imported
2026-10-07 18:31:25.088+00:00 | BftProcessorExecutor-QBFT-0 | INFO  | QbftBesuControllerBuilder | Produced #147 / 0 tx / 8 pending / 0 (0.0%) gas / (0x4500a0ac9771e433e5868c22aafdca990b0a90989684953d394c039d9f19f2f5)
2026-10-07 18:31:27.080+00:00 | EthScheduler-Workers-0 | INFO  | PersistBlockTask | Block 148 (0x36971d5f8fdc50d6dc125d9b4608313d026b3c5ca59016b07c0d7b580d4d9b5a) is already imported
2026-10-07 18:31:27.081+00:00 | BftProcessorExecutor-QBFT-0 | INFO  | QbftBesuControllerBuilder | Imported #148 / 0 tx / 8 pending / 0 (0.0%) gas / (0x36971d5f8fdc50d6dc125d9b4608313d026b3c5ca59016b07c0d7b580d4d9b5a)
2026-10-07 18:31:29.083+00:00 | BftProcessorExecutor-QBFT-0 | INFO  | QbftBesuControllerBuilder | Imported #149 / 0 tx / 8 pending / 0 (0.0%) gas / (0x589d354a3efc294bbdb243e06bd2b2edb48a784fc405d860084ea917b9002f09)
2026-10-07 18:31:29.085+00:00 | EthScheduler-Workers-0 | INFO  | PersistBlockTask | Block 149 (0x589d354a3efc294bbdb243e06bd2b2edb48a784fc405d860084ea917b9002f09) is already imported
2026-10-07 18:31:31.093+00:00 | BftProcessorExecutor-QBFT-0 | INFO  | QbftBesuControllerBuilder | Imported #150 / 1 tx / 7 pending / 153,626 (0.0%) gas / (0xdc559ae454fb33a68804f5fa1d03c85aad37bae4594f14c1436df9b0cf2eaad2)
2026-10-07 18:31:33.103+00:00 | EthScheduler-Workers-0 | INFO  | PersistBlockTask | Block 151 (0x2865cbb95ba48fd3e8d7670fac5ba7245d7cfdb6acfb65f7a3b6439b6f548a4e) is already imported
2026-10-07 18:31:33.104+00:00 | BftProcessorExecutor-QBFT-0 | INFO  | QbftBesuControllerBuilder | Imported #151 / 1 tx / 6 pending / 153,630 (0.0%) gas / (0x2865cbb95ba48fd3e8d7670fac5ba7245d7cfdb6acfb65f7a3b6439b6f548a4e)
2026-10-07 18:31:35.103+00:00 | EthScheduler-Workers-0 | INFO  | PersistBlockTask | Block 152 (0xb2b67f08d0d29ed402d422b712a7caf99c659a8c3172cdfd7e64431bce53ca3b) is already imported
2026-10-07 18:31:35.103+00:00 | BftProcessorExecutor-QBFT-0 | INFO  | QbftBesuControllerBuilder | Imported #152 / 1 tx / 5 pending / 153,606 (0.0%) gas / (0xb2b67f08d0d29ed402d422b712a7caf99c659a8c3172cdfd7e64431bce53ca3b)
2026-10-07 18:31:37.105+00:00 | EthScheduler-Workers-0 | INFO  | PersistBlockTask | Block 153 (0x6642c0df637be9438d9d51e84f5a3b734cebba3800bd5d37149a2d507f65fa2c) is already imported
2026-10-07 18:31:37.105+00:00 | BftProcessorExecutor-QBFT-0 | INFO  | QbftBesuControllerBuilder | Imported #153 / 1 tx / 4 pending / 153,650 (0.0%) gas / (0x6642c0df637be9438d9d51e84f5a3b734cebba3800bd5d37149a2d507f65fa2c)
2026-10-07 18:31:39.078+00:00 | BftProcessorExecutor-QBFT-0 | INFO  | QbftBesuControllerBuilder | Imported #154 / 1 tx / 3 pending / 153,630 (0.0%) gas / (0x89e9e70fcc37d8dd620a72f2756c1b652a92efd7fb68c7249eeb9cddcf207fa0)
2026-10-07 18:31:41.083+00:00 | BftProcessorExecutor-QBFT-0 | INFO  | QbftBesuControllerBuilder | Imported #155 / 1 tx / 2 pending / 153,606 (0.0%) gas / (0x1ebac5ff2fbdfd1280ebfaa4d90a2d67df1e79319087a639d120346f8dbbda6a)
2026-10-07 18:31:41.083+00:00 | EthScheduler-Workers-0 | INFO  | PersistBlockTask | Block 155 (0x1ebac5ff2fbdfd1280ebfaa4d90a2d67df1e79319087a639d120346f8dbbda6a) is already imported
2026-10-07 18:31:43.084+00:00 | EthScheduler-Workers-0 | INFO  | PersistBlockTask | Block 156 (0x9c6a58f156fe0ce12e9ca195671eb02d55ec2c1f03a68cf81a32efc03a1e111b) is already imported
2026-10-07 18:31:43.084+00:00 | BftProcessorExecutor-QBFT-0 | INFO  | QbftBesuControllerBuilder | Imported #156 / 1 tx / 1 pending / 153,630 (0.0%) gas / (0x9c6a58f156fe0ce12e9ca195671eb02d55ec2c1f03a68cf81a32efc03a1e111b)
2026-10-07 18:31:45.096+00:00 | BftProcessorExecutor-QBFT-0 | INFO  | QbftBesuControllerBuilder | Imported #157 / 1 tx / 0 pending / 153,618 (0.0%) gas / (0xfa46cbe16f78256389f5e5ddd326d10a329e4d48e8bef4b8cf0c127ed39d2daf)
2026-10-07 18:31:47.179+00:00 | EthScheduler-Workers-0 | INFO  | PersistBlockTask | Block 158 (0xae36400cc4d97216882d6883e87ebe52c74fd0f27a97c5e3ed78ce3437ec2957) is already imported
2026-10-07 18:31:47.179+00:00 | BftProcessorExecutor-QBFT-0 | INFO  | QbftBesuControllerBuilder | Imported #158 / 4 tx / 60 pending / 967,880 (0.0%) gas / (0xae36400cc4d97216882d6883e87ebe52c74fd0f27a97c5e3ed78ce3437ec2957)
2026-10-07 18:31:49.200+00:00 | EthScheduler-Workers-0 | INFO  | PersistBlockTask | Block 159 (0x4990ff77e42fbc1380c2514ca3e8e6d1d7042f86930402a0a4ec7d666e641b7b) is already imported
2026-10-07 18:31:49.200+00:00 | BftProcessorExecutor-QBFT-0 | INFO  | QbftBesuControllerBuilder | Imported #159 / 4 tx / 56 pending / 967,880 (0.0%) gas / (0x4990ff77e42fbc1380c2514ca3e8e6d1d7042f86930402a0a4ec7d666e641b7b)
2026-10-07 18:31:51.205+00:00 | BftProcessorExecutor-QBFT-0 | INFO  | QbftBesuControllerBuilder | Imported #160 / 4 tx / 52 pending / 967,880 (0.0%) gas / (0xd6506d07ec768b858740cef66020b5124cb2d4ef67d50845ea24517ce13c4ef0)
2026-10-07 18:31:53.185+00:00 | BftProcessorExecutor-QBFT-0 | INFO  | QbftBesuControllerBuilder | Imported #161 / 4 tx / 48 pending / 967,880 (0.0%) gas / (0x84bd6588fb38219116aa7dd6ce93875a29b1e43e420a8f4434bf324bcf8a41a6)
2026-10-07 18:31:55.210+00:00 | BftProcessorExecutor-QBFT-0 | INFO  | QbftBesuControllerBuilder | Produced #162 / 4 tx / 44 pending / 967,880 (0.0%) gas / (0xbbc7c4a196c3d8a400bcc1eaf7caddd3274ba8ef38402b76dec11af80c6902a1)
2026-10-07 18:31:57.166+00:00 | EthScheduler-Workers-0 | INFO  | PersistBlockTask | Block 163 (0x915475b40caed9cd152c794118e872a1a609241a127c904181389932b0ccfbcd) is already imported
2026-10-07 18:31:57.166+00:00 | BftProcessorExecutor-QBFT-0 | INFO  | QbftBesuControllerBuilder | Imported #163 / 4 tx / 40 pending / 967,880 (0.0%) gas / (0x915475b40caed9cd152c794118e872a1a609241a127c904181389932b0ccfbcd)
2026-10-07 18:31:59.223+00:00 | BftProcessorExecutor-QBFT-0 | INFO  | QbftBesuControllerBuilder | Imported #164 / 4 tx / 36 pending / 967,880 (0.0%) gas / (0xbb6018f32a5136c183d22d9d34b88b96f95dcf07754fda60c4102f82451e0920)
2026-10-07 18:31:59.223+00:00 | EthScheduler-Workers-0 | INFO  | PersistBlockTask | Block 164 (0xbb6018f32a5136c183d22d9d34b88b96f95dcf07754fda60c4102f82451e0920) is already imported
2026-10-07 18:32:01.223+00:00 | BftProcessorExecutor-QBFT-0 | INFO  | QbftBesuControllerBuilder | Imported #165 / 5 tx / 31 pending / 1,209,850 (0.0%) gas / (0x90e4b6f9c6cd8f3d76da776be2c88310c0b48f89705bde4e9422ccaa418ee9f7)
2026-10-07 18:32:01.223+00:00 | EthScheduler-Workers-0 | INFO  | PersistBlockTask | Block 165 (0x90e4b6f9c6cd8f3d76da776be2c88310c0b48f89705bde4e9422ccaa418ee9f7) is already imported
2026-10-07 18:32:03.263+00:00 | EthScheduler-Workers-0 | INFO  | PersistBlockTask | Block 166 (0x419520f9be05e05703e396c14da1295b628cc071226d6a7068086ca1f1be98f9) is already imported
2026-10-07 18:32:03.263+00:00 | BftProcessorExecutor-QBFT-0 | INFO  | QbftBesuControllerBuilder | Imported #166 / 5 tx / 26 pending / 1,209,850 (0.0%) gas / (0x419520f9be05e05703e396c14da1295b628cc071226d6a7068086ca1f1be98f9)
2026-10-07 18:32:05.276+00:00 | EthScheduler-Workers-0 | INFO  | PersistBlockTask | Block 167 (0xa2c048c4a45afb750be569992751d5ecf9249001e3498d259d7b5b67f7b40fe8) is already imported
2026-10-07 18:32:05.276+00:00 | BftProcessorExecutor-QBFT-0 | INFO  | QbftBesuControllerBuilder | Imported #167 / 5 tx / 21 pending / 1,209,850 (0.0%) gas / (0xa2c048c4a45afb750be569992751d5ecf9249001e3498d259d7b5b67f7b40fe8)
2026-10-07 18:32:07.253+00:00 | EthScheduler-Workers-0 | INFO  | PersistBlockTask | Block 168 (0xbcad9b367f5f8c2cfa04736b6fda6c2604369e1a0fafbade1a82ead6e12331c9) is already imported
2026-10-07 18:32:07.253+00:00 | BftProcessorExecutor-QBFT-0 | INFO  | QbftBesuControllerBuilder | Imported #168 / 5 tx / 16 pending / 1,209,850 (0.0%) gas / (0xbcad9b367f5f8c2cfa04736b6fda6c2604369e1a0fafbade1a82ead6e12331c9)
2026-10-07 18:32:09.228+00:00 | EthScheduler-Workers-0 | INFO  | PersistBlockTask | Block 169 (0x34f925748ad0fee94d2fb907edb0b743b781f21fddef97933f13f15ac21fe18e) is already imported
2026-10-07 18:32:09.229+00:00 | BftProcessorExecutor-QBFT-0 | INFO  | QbftBesuControllerBuilder | Imported #169 / 4 tx / 12 pending / 967,880 (0.0%) gas / (0x34f925748ad0fee94d2fb907edb0b743b781f21fddef97933f13f15ac21fe18e)
2026-10-07 18:32:11.226+00:00 | EthScheduler-Workers-0 | INFO  | PersistBlockTask | Block 170 (0x1a8af6234177a73dd73010a3df71a24f3249bc9803ca90233c5259d11ca82967) is already imported
2026-10-07 18:32:11.226+00:00 | BftProcessorExecutor-QBFT-0 | INFO  | QbftBesuControllerBuilder | Imported #170 / 4 tx / 8 pending / 967,880 (0.0%) gas / (0x1a8af6234177a73dd73010a3df71a24f3249bc9803ca90233c5259d11ca82967)
2026-10-07 18:32:13.258+00:00 | EthScheduler-Workers-0 | INFO  | PersistBlockTask | Block 171 (0xe4f0e20d737360857ed192bd8719f6db0b21c57ca0a875d5b4c2efa7f69d76f0) is already imported
2026-10-07 18:32:13.258+00:00 | BftProcessorExecutor-QBFT-0 | INFO  | QbftBesuControllerBuilder | Imported #171 / 4 tx / 4 pending / 967,880 (0.0%) gas / (0xe4f0e20d737360857ed192bd8719f6db0b21c57ca0a875d5b4c2efa7f69d76f0)
2026-10-07 18:32:15.143+00:00 | BftProcessorExecutor-QBFT-0 | INFO  | QbftBesuControllerBuilder | Imported #172 / 4 tx / 0 pending / 967,880 (0.0%) gas / (0x08978e198db4344972ee5c7622e8243324209b40ee95d558d71661a0caa49937)
2026-10-07 18:32:17.072+00:00 | EthScheduler-Workers-0 | INFO  | PersistBlockTask | Block 173 (0x00c3407b9a1af9ec76a74894610cc39cca52b3f6a0bd2ecffd8ca4de2f7c46fe) is already imported
2026-10-07 18:32:17.072+00:00 | BftProcessorExecutor-QBFT-0 | INFO  | QbftBesuControllerBuilder | Imported #173 / 0 tx / 8 pending / 0 (0.0%) gas / (0x00c3407b9a1af9ec76a74894610cc39cca52b3f6a0bd2ecffd8ca4de2f7c46fe)
2026-10-07 18:32:19.083+00:00 | EthScheduler-Workers-0 | INFO  | PersistBlockTask | Block 174 (0xae4362e43ebce0c1d1d713a485cda5448269735d972813b7132328ee7be2bcc1) is already imported
2026-10-07 18:32:19.084+00:00 | BftProcessorExecutor-QBFT-0 | INFO  | QbftBesuControllerBuilder | Imported #174 / 0 tx / 8 pending / 0 (0.0%) gas / (0xae4362e43ebce0c1d1d713a485cda5448269735d972813b7132328ee7be2bcc1)
2026-10-07 18:32:21.083+00:00 | BftProcessorExecutor-QBFT-0 | INFO  | QbftBesuControllerBuilder | Imported #175 / 0 tx / 8 pending / 0 (0.0%) gas / (0x6a636d62397b1f236173274ee3207dcd38657e7e9dd46a8c225c5da024442a5c)
2026-10-07 18:32:23.090+00:00 | EthScheduler-Workers-0 | INFO  | PersistBlockTask | Block 176 (0x8e9ebe0dd351f747fdf747a24a1c0206845344fe8a454d93270eb470b5d42766) is already imported
2026-10-07 18:32:23.090+00:00 | BftProcessorExecutor-QBFT-0 | INFO  | QbftBesuControllerBuilder | Imported #176 / 0 tx / 8 pending / 0 (0.0%) gas / (0x8e9ebe0dd351f747fdf747a24a1c0206845344fe8a454d93270eb470b5d42766)
2026-10-07 18:32:25.088+00:00 | EthScheduler-Workers-0 | INFO  | PersistBlockTask | Imported #177 / 0 tx / 0 om / 0 (0.0%) gas / (0xd4babe938ce54932d408e134b6d7b651668c38ad067e4b6fe5b816f07cd77acd) in 0.002s. Peers: 14
2026-10-07 18:32:25.089+00:00 | BftProcessorExecutor-QBFT-0 | INFO  | QbftBesuControllerBuilder | Produced #177 / 0 tx / 8 pending / 0 (0.0%) gas / (0xd4babe938ce54932d408e134b6d7b651668c38ad067e4b6fe5b816f07cd77acd)
2026-10-07 18:32:27.074+00:00 | BftProcessorExecutor-QBFT-0 | INFO  | QbftBesuControllerBuilder | Imported #178 / 0 tx / 8 pending / 0 (0.0%) gas / (0xb38ef27a129e3d6eec815a49c08e29bb6ff0f7abcbad79f83f7b1331245f4468)
2026-10-07 18:32:29.086+00:00 | EthScheduler-Workers-0 | INFO  | PersistBlockTask | Block 179 (0x0f79281a9bb0392af3bd415afbc6541023a6e092f0e964dd0b521fa6245a13a0) is already imported
2026-10-07 18:32:29.086+00:00 | BftProcessorExecutor-QBFT-0 | INFO  | QbftBesuControllerBuilder | Imported #179 / 0 tx / 8 pending / 0 (0.0%) gas / (0x0f79281a9bb0392af3bd415afbc6541023a6e092f0e964dd0b521fa6245a13a0)
2026-10-07 18:32:31.060+00:00 | BftProcessorExecutor-QBFT-0 | INFO  | QbftBesuControllerBuilder | Imported #180 / 1 tx / 7 pending / 153,630 (0.0%) gas / (0x60e0b80d2244ad75a8ac7eda2f00a2c07b9f81e9b8a55c628dae90d59f3ec130)
2026-10-07 18:32:33.086+00:00 | BftProcessorExecutor-QBFT-0 | INFO  | QbftBesuControllerBuilder | Imported #181 / 1 tx / 6 pending / 153,614 (0.0%) gas / (0xd5afa3077f956fc8537924e691ef3093b2e300814a45bba77c5fe74f1ccdf162)
2026-10-07 18:32:35.093+00:00 | EthScheduler-Workers-0 | INFO  | PersistBlockTask | Block 182 (0x7238265f4187b043a7989e031a3567fba46bc91845ca08b911ba564a34d56c46) is already imported
2026-10-07 18:32:35.093+00:00 | BftProcessorExecutor-QBFT-0 | INFO  | QbftBesuControllerBuilder | Imported #182 / 1 tx / 5 pending / 153,650 (0.0%) gas / (0x7238265f4187b043a7989e031a3567fba46bc91845ca08b911ba564a34d56c46)
2026-10-07 18:32:37.095+00:00 | EthScheduler-Workers-0 | INFO  | PersistBlockTask | Block 183 (0x7793f08d7dfa7e758ccc96c7bec8927b8094a20d0c72ba85e6be1fefaf1b4d97) is already imported
2026-10-07 18:32:37.096+00:00 | BftProcessorExecutor-QBFT-0 | INFO  | QbftBesuControllerBuilder | Imported #183 / 1 tx / 4 pending / 153,618 (0.0%) gas / (0x7793f08d7dfa7e758ccc96c7bec8927b8094a20d0c72ba85e6be1fefaf1b4d97)
2026-10-07 18:32:39.080+00:00 | BftProcessorExecutor-QBFT-0 | INFO  | QbftBesuControllerBuilder | Imported #184 / 1 tx / 3 pending / 153,618 (0.0%) gas / (0x5de01b6c9c94a22550df18bf25b60b7247bd69865c3c46dd8b298d3abe750169)
2026-10-07 18:32:39.083+00:00 | EthScheduler-Workers-0 | INFO  | PersistBlockTask | Block 184 (0x5de01b6c9c94a22550df18bf25b60b7247bd69865c3c46dd8b298d3abe750169) is already imported
2026-10-07 18:32:41.067+00:00 | BftProcessorExecutor-QBFT-0 | INFO  | QbftBesuControllerBuilder | Imported #185 / 1 tx / 2 pending / 153,638 (0.0%) gas / (0xaf8cc63a3151b029b8db9c3d2e0d3af7d09bf00b1ad06839b99777706ea0ed82)
2026-10-07 18:32:43.090+00:00 | EthScheduler-Workers-0 | INFO  | PersistBlockTask | Imported #186 / 1 tx / 0 om / 153,650 (0.0%) gas / (0xdee987f931ece2e630c220f0a0290e8bea902a5b53163cf3f5d49628aa4bbf7f) in 0.005s. Peers: 14
2026-10-07 18:32:43.090+00:00 | BftProcessorExecutor-QBFT-0 | INFO  | QbftBesuControllerBuilder | Imported #186 / 1 tx / 1 pending / 153,650 (0.0%) gas / (0xdee987f931ece2e630c220f0a0290e8bea902a5b53163cf3f5d49628aa4bbf7f)
2026-10-07 18:32:45.093+00:00 | BftProcessorExecutor-QBFT-0 | INFO  | QbftBesuControllerBuilder | Imported #187 / 1 tx / 0 pending / 153,626 (0.0%) gas / (0x1fcf012d55cfcd12481b9ba193e4c76722224bd2bd30c907a774d697ec03f159)
2026-10-07 18:32:47.077+00:00 | BftProcessorExecutor-QBFT-0 | INFO  | QbftBesuControllerBuilder | Imported #188 / 0 tx / 0 pending / 0 (0.0%) gas / (0xada541a5f9f0dffd3cc7267674ccc2ee642a00748e807b3ea93072987a882072)
2026-10-07 18:32:49.066+00:00 | BftProcessorExecutor-QBFT-0 | INFO  | QbftBesuControllerBuilder | Imported #189 / 0 tx / 0 pending / 0 (0.0%) gas / (0xe388ff02df140a7b59d6e81ea17e97a8ea5251090bea9375387216907a40effb)
2026-10-07 18:32:49.066+00:00 | EthScheduler-Workers-0 | INFO  | PersistBlockTask | Block 189 (0xe388ff02df140a7b59d6e81ea17e97a8ea5251090bea9375387216907a40effb) is already imported
2026-10-07 18:32:51.076+00:00 | EthScheduler-Workers-0 | INFO  | PersistBlockTask | Block 190 (0xfd05936c590c0cb876ee58368fc62241ce0a465eefe487ccfe93b67800ce183b) is already imported
2026-10-07 18:32:51.076+00:00 | BftProcessorExecutor-QBFT-0 | INFO  | QbftBesuControllerBuilder | Imported #190 / 0 tx / 0 pending / 0 (0.0%) gas / (0xfd05936c590c0cb876ee58368fc62241ce0a465eefe487ccfe93b67800ce183b)
2026-10-07 18:32:53.056+00:00 | BftProcessorExecutor-QBFT-0 | INFO  | QbftBesuControllerBuilder | Imported #191 / 0 tx / 0 pending / 0 (0.0%) gas / (0x2ffd42c095d82fab7846014b8ba349c32c49cf7511c9229c33d48cd8daf52340)
2026-10-07 18:32:55.051+00:00 | BftProcessorExecutor-QBFT-0 | INFO  | QbftBesuControllerBuilder | Produced #192 / 0 tx / 0 pending / 0 (0.0%) gas / (0xa89e085ad331c5921cda7c2fbf14d1e686e30b5d0e3be987366833ae0c3585b9)
2026-10-07 18:32:57.060+00:00 | BftProcessorExecutor-QBFT-0 | INFO  | QbftBesuControllerBuilder | Imported #193 / 0 tx / 0 pending / 0 (0.0%) gas / (0xa4cbc9c526a17009db46fcc94c272082ded36449da77b09178057f7a9a25fbe1)
2026-10-07 18:32:59.060+00:00 | BftProcessorExecutor-QBFT-0 | INFO  | QbftBesuControllerBuilder | Imported #194 / 0 tx / 0 pending / 0 (0.0%) gas / (0x7622f87539b5072dd32b5d78819a3d8296ebfee1f53b7d5b5e825f6088402e1f)
2026-10-07 18:33:01.090+00:00 | EthScheduler-Workers-0 | INFO  | PersistBlockTask | Block 195 (0xac28181c8545eacc06d67dc01aae93d90838325eb27ace5263921f33ea5448fd) is already imported
2026-10-07 18:33:01.090+00:00 | BftProcessorExecutor-QBFT-0 | INFO  | QbftBesuControllerBuilder | Imported #195 / 0 tx / 0 pending / 0 (0.0%) gas / (0xac28181c8545eacc06d67dc01aae93d90838325eb27ace5263921f33ea5448fd)
2026-10-07 18:33:03.086+00:00 | EthScheduler-Workers-0 | INFO  | PersistBlockTask | Imported #196 / 0 tx / 0 om / 0 (0.0%) gas / (0x49efd98b1173da82b6099abbc841f2de75e6075a24b8a6644abba212e522f316) in 0.001s. Peers: 14
2026-10-07 18:33:05.054+00:00 | BftProcessorExecutor-QBFT-0 | INFO  | QbftBesuControllerBuilder | Imported #197 / 0 tx / 0 pending / 0 (0.0%) gas / (0xf196d3f836d0b7bb8effe26ac766cbf7f613c1ad040bb5312eaa43c1f8400cc7)
2026-10-07 18:33:07.066+00:00 | BftProcessorExecutor-QBFT-0 | INFO  | QbftBesuControllerBuilder | Imported #198 / 0 tx / 0 pending / 0 (0.0%) gas / (0x6261fb013e4ef755a4eccb31ad9d7bdfc1d7a8d859c8902c181e417104fe7018)
2026-10-07 18:33:09.058+00:00 | BftProcessorExecutor-QBFT-0 | INFO  | QbftBesuControllerBuilder | Imported #199 / 0 tx / 0 pending / 0 (0.0%) gas / (0x819ec10184f9fa63668ab72246dbc1b4deb5382334c475e047155f106c8b236f)
