
$ bash scripts/04c-run-network-apptainer.sh heterogeneous
=== Step 0: stop the previous zkRoam Apptainer network ===
$ apptainer exec --cleanenv /tmp/zkroam-hw-22072-QwfJVj/net-heterogeneity/zkroam-besu.sif ip -o link show
$ apptainer exec --cleanenv /tmp/zkroam-hw-22072-QwfJVj/net-heterogeneity/zkroam-besu.sif ip link delete zkroam0
=== Step 1: generate genesis, validator keys, and accounts ===
==========================================
Generating QBFT test network
==========================================

Validators : 15
Client accounts : 2000
Balance/account : 1000000000000000000000 wei

[1/5] Cleaning previous network files...
[2/5] Generating QBFT validators and genesis...
2026-10-07 14:25:28.700+00:00 | main | INFO  | GenerateBlockchainConfig | Generating 15 nodes keys.
2026-10-07 14:25:28.703+00:00 | main | INFO  | GenerateBlockchainConfig | Generating keypair for node 0.
2026-10-07 14:25:28.760+00:00 | main | INFO  | GenerateBlockchainConfig | Generating keypair for node 1.
2026-10-07 14:25:28.764+00:00 | main | INFO  | GenerateBlockchainConfig | Generating keypair for node 2.
2026-10-07 14:25:28.767+00:00 | main | INFO  | GenerateBlockchainConfig | Generating keypair for node 3.
2026-10-07 14:25:28.770+00:00 | main | INFO  | GenerateBlockchainConfig | Generating keypair for node 4.
2026-10-07 14:25:28.771+00:00 | main | INFO  | GenerateBlockchainConfig | Generating keypair for node 5.
2026-10-07 14:25:28.773+00:00 | main | INFO  | GenerateBlockchainConfig | Generating keypair for node 6.
2026-10-07 14:25:28.777+00:00 | main | INFO  | GenerateBlockchainConfig | Generating keypair for node 7.
2026-10-07 14:25:28.780+00:00 | main | INFO  | GenerateBlockchainConfig | Generating keypair for node 8.
2026-10-07 14:25:28.781+00:00 | main | INFO  | GenerateBlockchainConfig | Generating keypair for node 9.
2026-10-07 14:25:28.782+00:00 | main | INFO  | GenerateBlockchainConfig | Generating keypair for node 10.
2026-10-07 14:25:28.783+00:00 | main | INFO  | GenerateBlockchainConfig | Generating keypair for node 11.
2026-10-07 14:25:28.784+00:00 | main | INFO  | GenerateBlockchainConfig | Generating keypair for node 12.
2026-10-07 14:25:28.785+00:00 | main | INFO  | GenerateBlockchainConfig | Generating keypair for node 13.
2026-10-07 14:25:28.786+00:00 | main | INFO  | GenerateBlockchainConfig | Generating keypair for node 14.
2026-10-07 14:25:28.788+00:00 | main | INFO  | GenerateBlockchainConfig | Generating QBFT extra data.
2026-10-07 14:25:28.792+00:00 | main | INFO  | GenerateBlockchainConfig | Writing genesis file.
[3/5] Generating 2000 funded client accounts...
Generating 2000 funded accounts...

Generated 2000 accounts.
Saved to: /tmp/zkroam-hw-22072-QwfJVj/net-heterogeneity/accounts/accounts.json
[4/5] Updating genesis alloc...
Existing configured alloc accounts: 2
Generated workload accounts: 2000

Final genesis alloc contains 2002 accounts.
[5/5] Verifying generated network...

==========================================
QBFT network generation complete
==========================================

Genesis:
  /tmp/zkroam-hw-22072-QwfJVj/net-heterogeneity/networkFiles/genesis.json

Validators:
  /tmp/zkroam-hw-22072-QwfJVj/net-heterogeneity/networkFiles/keys/

Client accounts:
  /tmp/zkroam-hw-22072-QwfJVj/net-heterogeneity/accounts/accounts.json

Validator count:
15

Client account count:
2000

Genesis alloc count:
2002

First 10 client accounts:
000 0x509A56fb566d2963a8c5Eb34445330874A71E9fF balance=1000000000000000000000
001 0x74741378001BbC3facB32e2F918394D2Ae9F2a4D balance=1000000000000000000000
002 0xA1bdDB13e392d27a6ABca3c7124342981b32Bf7b balance=1000000000000000000000
003 0x8F9bF7aD5688dD7F22b854836a1E74dC8C410e4a balance=1000000000000000000000
004 0x57Ca30270C0BdB0F02cb99C6086f3DdE3956a4ED balance=1000000000000000000000
005 0xA4CE42eA20dF4b19E3e51ce1cb0c0547D6F6be7D balance=1000000000000000000000
006 0x17C3d113C9494c86423EB21A2A8aF390B3B28A11 balance=1000000000000000000000
007 0xE13a0cDB17049afc0061344B8AB39613bf80278D balance=1000000000000000000000
008 0x7708D824B6Cd6d040943D35F7F8F5111f75033C6 balance=1000000000000000000000
009 0xb2993B25e03b973B7B972ec0F81d2A756eed6fff balance=1000000000000000000000

==========================================
IMPORTANT
==========================================

Client private keys are stored in:
  /tmp/zkroam-hw-22072-QwfJVj/net-heterogeneity/accounts/accounts.json

Do NOT commit this file to Git.

=== Step 2: generate the heterogeneous topology ===
Wrote /tmp/zkroam-hw-22072-QwfJVj/net-heterogeneity/networkFiles/topology.json
Tier distribution: {'core': 6, 'edge': 6, 'mobile': 3}
=== Step 3: start 15 isolated Apptainer-backed validators ===
$ apptainer exec --cleanenv /Utilisateurs/abellach/zkRoam/net-heterogeneity/zkroam-besu.sif ip -o link show
$ apptainer exec --cleanenv /Utilisateurs/abellach/zkRoam/net-heterogeneity/zkroam-besu.sif ip link delete zkroam0
$ apptainer exec --cleanenv /Utilisateurs/abellach/zkRoam/net-heterogeneity/zkroam-besu.sif ip link add zkroam0 type bridge
$ apptainer exec --cleanenv /Utilisateurs/abellach/zkRoam/net-heterogeneity/zkroam-besu.sif ip addr add 172.28.0.1/24 dev zkroam0
$ apptainer exec --cleanenv /Utilisateurs/abellach/zkRoam/net-heterogeneity/zkroam-besu.sif ip link set zkroam0 up
$ apptainer exec --cleanenv /Utilisateurs/abellach/zkRoam/net-heterogeneity/zkroam-besu.sif ip link delete zkh00
$ apptainer exec --cleanenv /Utilisateurs/abellach/zkRoam/net-heterogeneity/zkroam-besu.sif ip link add zkh00 type veth peer name eth0
$ apptainer exec --cleanenv /Utilisateurs/abellach/zkRoam/net-heterogeneity/zkroam-besu.sif ip link set zkh00 master zkroam0
$ apptainer exec --cleanenv /Utilisateurs/abellach/zkRoam/net-heterogeneity/zkroam-besu.sif ip link set zkh00 up
$ apptainer exec --cleanenv /Utilisateurs/abellach/zkRoam/net-heterogeneity/zkroam-besu.sif ip link set eth0 netns 1396732
$ nsenter -t 1396732 -n apptainer exec --cleanenv /Utilisateurs/abellach/zkRoam/net-heterogeneity/zkroam-besu.sif ip link set lo up
$ nsenter -t 1396732 -n apptainer exec --cleanenv /Utilisateurs/abellach/zkRoam/net-heterogeneity/zkroam-besu.sif ip addr add 172.28.0.10/24 dev eth0
$ nsenter -t 1396732 -n apptainer exec --cleanenv /Utilisateurs/abellach/zkRoam/net-heterogeneity/zkroam-besu.sif ip link set eth0 up
$ nsenter -t 1396732 -n apptainer exec --cleanenv /Utilisateurs/abellach/zkRoam/net-heterogeneity/zkroam-besu.sif ip route add default via 172.28.0.1
$ apptainer exec --cleanenv /Utilisateurs/abellach/zkRoam/net-heterogeneity/zkroam-besu.sif ip link delete zkh01
$ apptainer exec --cleanenv /Utilisateurs/abellach/zkRoam/net-heterogeneity/zkroam-besu.sif ip link add zkh01 type veth peer name eth0
$ apptainer exec --cleanenv /Utilisateurs/abellach/zkRoam/net-heterogeneity/zkroam-besu.sif ip link set zkh01 master zkroam0
$ apptainer exec --cleanenv /Utilisateurs/abellach/zkRoam/net-heterogeneity/zkroam-besu.sif ip link set zkh01 up
$ apptainer exec --cleanenv /Utilisateurs/abellach/zkRoam/net-heterogeneity/zkroam-besu.sif ip link set eth0 netns 1397212
$ nsenter -t 1397212 -n apptainer exec --cleanenv /Utilisateurs/abellach/zkRoam/net-heterogeneity/zkroam-besu.sif ip link set lo up
$ nsenter -t 1397212 -n apptainer exec --cleanenv /Utilisateurs/abellach/zkRoam/net-heterogeneity/zkroam-besu.sif ip addr add 172.28.0.11/24 dev eth0
$ nsenter -t 1397212 -n apptainer exec --cleanenv /Utilisateurs/abellach/zkRoam/net-heterogeneity/zkroam-besu.sif ip link set eth0 up
$ nsenter -t 1397212 -n apptainer exec --cleanenv /Utilisateurs/abellach/zkRoam/net-heterogeneity/zkroam-besu.sif ip route add default via 172.28.0.1
$ apptainer exec --cleanenv /Utilisateurs/abellach/zkRoam/net-heterogeneity/zkroam-besu.sif ip link delete zkh02
$ apptainer exec --cleanenv /Utilisateurs/abellach/zkRoam/net-heterogeneity/zkroam-besu.sif ip link add zkh02 type veth peer name eth0
$ apptainer exec --cleanenv /Utilisateurs/abellach/zkRoam/net-heterogeneity/zkroam-besu.sif ip link set zkh02 master zkroam0
$ apptainer exec --cleanenv /Utilisateurs/abellach/zkRoam/net-heterogeneity/zkroam-besu.sif ip link set zkh02 up
$ apptainer exec --cleanenv /Utilisateurs/abellach/zkRoam/net-heterogeneity/zkroam-besu.sif ip link set eth0 netns 1397799
$ nsenter -t 1397799 -n apptainer exec --cleanenv /Utilisateurs/abellach/zkRoam/net-heterogeneity/zkroam-besu.sif ip link set lo up
$ nsenter -t 1397799 -n apptainer exec --cleanenv /Utilisateurs/abellach/zkRoam/net-heterogeneity/zkroam-besu.sif ip addr add 172.28.0.12/24 dev eth0
$ nsenter -t 1397799 -n apptainer exec --cleanenv /Utilisateurs/abellach/zkRoam/net-heterogeneity/zkroam-besu.sif ip link set eth0 up
$ nsenter -t 1397799 -n apptainer exec --cleanenv /Utilisateurs/abellach/zkRoam/net-heterogeneity/zkroam-besu.sif ip route add default via 172.28.0.1
$ apptainer exec --cleanenv /Utilisateurs/abellach/zkRoam/net-heterogeneity/zkroam-besu.sif ip link delete zkh03
$ apptainer exec --cleanenv /Utilisateurs/abellach/zkRoam/net-heterogeneity/zkroam-besu.sif ip link add zkh03 type veth peer name eth0
$ apptainer exec --cleanenv /Utilisateurs/abellach/zkRoam/net-heterogeneity/zkroam-besu.sif ip link set zkh03 master zkroam0
$ apptainer exec --cleanenv /Utilisateurs/abellach/zkRoam/net-heterogeneity/zkroam-besu.sif ip link set zkh03 up
$ apptainer exec --cleanenv /Utilisateurs/abellach/zkRoam/net-heterogeneity/zkroam-besu.sif ip link set eth0 netns 1398451
$ nsenter -t 1398451 -n apptainer exec --cleanenv /Utilisateurs/abellach/zkRoam/net-heterogeneity/zkroam-besu.sif ip link set lo up
$ nsenter -t 1398451 -n apptainer exec --cleanenv /Utilisateurs/abellach/zkRoam/net-heterogeneity/zkroam-besu.sif ip addr add 172.28.0.13/24 dev eth0
$ nsenter -t 1398451 -n apptainer exec --cleanenv /Utilisateurs/abellach/zkRoam/net-heterogeneity/zkroam-besu.sif ip link set eth0 up
$ nsenter -t 1398451 -n apptainer exec --cleanenv /Utilisateurs/abellach/zkRoam/net-heterogeneity/zkroam-besu.sif ip route add default via 172.28.0.1
$ apptainer exec --cleanenv /Utilisateurs/abellach/zkRoam/net-heterogeneity/zkroam-besu.sif ip link delete zkh04
$ apptainer exec --cleanenv /Utilisateurs/abellach/zkRoam/net-heterogeneity/zkroam-besu.sif ip link add zkh04 type veth peer name eth0
$ apptainer exec --cleanenv /Utilisateurs/abellach/zkRoam/net-heterogeneity/zkroam-besu.sif ip link set zkh04 master zkroam0
$ apptainer exec --cleanenv /Utilisateurs/abellach/zkRoam/net-heterogeneity/zkroam-besu.sif ip link set zkh04 up
$ apptainer exec --cleanenv /Utilisateurs/abellach/zkRoam/net-heterogeneity/zkroam-besu.sif ip link set eth0 netns 1399218
$ nsenter -t 1399218 -n apptainer exec --cleanenv /Utilisateurs/abellach/zkRoam/net-heterogeneity/zkroam-besu.sif ip link set lo up
$ nsenter -t 1399218 -n apptainer exec --cleanenv /Utilisateurs/abellach/zkRoam/net-heterogeneity/zkroam-besu.sif ip addr add 172.28.0.14/24 dev eth0
$ nsenter -t 1399218 -n apptainer exec --cleanenv /Utilisateurs/abellach/zkRoam/net-heterogeneity/zkroam-besu.sif ip link set eth0 up
$ nsenter -t 1399218 -n apptainer exec --cleanenv /Utilisateurs/abellach/zkRoam/net-heterogeneity/zkroam-besu.sif ip route add default via 172.28.0.1
$ apptainer exec --cleanenv /Utilisateurs/abellach/zkRoam/net-heterogeneity/zkroam-besu.sif ip link delete zkh05
$ apptainer exec --cleanenv /Utilisateurs/abellach/zkRoam/net-heterogeneity/zkroam-besu.sif ip link add zkh05 type veth peer name eth0
$ apptainer exec --cleanenv /Utilisateurs/abellach/zkRoam/net-heterogeneity/zkroam-besu.sif ip link set zkh05 master zkroam0
$ apptainer exec --cleanenv /Utilisateurs/abellach/zkRoam/net-heterogeneity/zkroam-besu.sif ip link set zkh05 up
$ apptainer exec --cleanenv /Utilisateurs/abellach/zkRoam/net-heterogeneity/zkroam-besu.sif ip link set eth0 netns 1400022
$ nsenter -t 1400022 -n apptainer exec --cleanenv /Utilisateurs/abellach/zkRoam/net-heterogeneity/zkroam-besu.sif ip link set lo up
$ nsenter -t 1400022 -n apptainer exec --cleanenv /Utilisateurs/abellach/zkRoam/net-heterogeneity/zkroam-besu.sif ip addr add 172.28.0.15/24 dev eth0
$ nsenter -t 1400022 -n apptainer exec --cleanenv /Utilisateurs/abellach/zkRoam/net-heterogeneity/zkroam-besu.sif ip link set eth0 up
$ nsenter -t 1400022 -n apptainer exec --cleanenv /Utilisateurs/abellach/zkRoam/net-heterogeneity/zkroam-besu.sif ip route add default via 172.28.0.1
$ apptainer exec --cleanenv /Utilisateurs/abellach/zkRoam/net-heterogeneity/zkroam-besu.sif ip link delete zkh06
$ apptainer exec --cleanenv /Utilisateurs/abellach/zkRoam/net-heterogeneity/zkroam-besu.sif ip link add zkh06 type veth peer name eth0
$ apptainer exec --cleanenv /Utilisateurs/abellach/zkRoam/net-heterogeneity/zkroam-besu.sif ip link set zkh06 master zkroam0
$ apptainer exec --cleanenv /Utilisateurs/abellach/zkRoam/net-heterogeneity/zkroam-besu.sif ip link set zkh06 up
$ apptainer exec --cleanenv /Utilisateurs/abellach/zkRoam/net-heterogeneity/zkroam-besu.sif ip link set eth0 netns 1400791
$ nsenter -t 1400791 -n apptainer exec --cleanenv /Utilisateurs/abellach/zkRoam/net-heterogeneity/zkroam-besu.sif ip link set lo up
$ nsenter -t 1400791 -n apptainer exec --cleanenv /Utilisateurs/abellach/zkRoam/net-heterogeneity/zkroam-besu.sif ip addr add 172.28.0.16/24 dev eth0
$ nsenter -t 1400791 -n apptainer exec --cleanenv /Utilisateurs/abellach/zkRoam/net-heterogeneity/zkroam-besu.sif ip link set eth0 up
$ nsenter -t 1400791 -n apptainer exec --cleanenv /Utilisateurs/abellach/zkRoam/net-heterogeneity/zkroam-besu.sif ip route add default via 172.28.0.1
$ apptainer exec --cleanenv /Utilisateurs/abellach/zkRoam/net-heterogeneity/zkroam-besu.sif ip link delete zkh07
$ apptainer exec --cleanenv /Utilisateurs/abellach/zkRoam/net-heterogeneity/zkroam-besu.sif ip link add zkh07 type veth peer name eth0
$ apptainer exec --cleanenv /Utilisateurs/abellach/zkRoam/net-heterogeneity/zkroam-besu.sif ip link set zkh07 master zkroam0
$ apptainer exec --cleanenv /Utilisateurs/abellach/zkRoam/net-heterogeneity/zkroam-besu.sif ip link set zkh07 up
$ apptainer exec --cleanenv /Utilisateurs/abellach/zkRoam/net-heterogeneity/zkroam-besu.sif ip link set eth0 netns 1401652
$ nsenter -t 1401652 -n apptainer exec --cleanenv /Utilisateurs/abellach/zkRoam/net-heterogeneity/zkroam-besu.sif ip link set lo up
$ nsenter -t 1401652 -n apptainer exec --cleanenv /Utilisateurs/abellach/zkRoam/net-heterogeneity/zkroam-besu.sif ip addr add 172.28.0.17/24 dev eth0
$ nsenter -t 1401652 -n apptainer exec --cleanenv /Utilisateurs/abellach/zkRoam/net-heterogeneity/zkroam-besu.sif ip link set eth0 up
$ nsenter -t 1401652 -n apptainer exec --cleanenv /Utilisateurs/abellach/zkRoam/net-heterogeneity/zkroam-besu.sif ip route add default via 172.28.0.1
$ apptainer exec --cleanenv /Utilisateurs/abellach/zkRoam/net-heterogeneity/zkroam-besu.sif ip link delete zkh08
$ apptainer exec --cleanenv /Utilisateurs/abellach/zkRoam/net-heterogeneity/zkroam-besu.sif ip link add zkh08 type veth peer name eth0
$ apptainer exec --cleanenv /Utilisateurs/abellach/zkRoam/net-heterogeneity/zkroam-besu.sif ip link set zkh08 master zkroam0
$ apptainer exec --cleanenv /Utilisateurs/abellach/zkRoam/net-heterogeneity/zkroam-besu.sif ip link set zkh08 up
$ apptainer exec --cleanenv /Utilisateurs/abellach/zkRoam/net-heterogeneity/zkroam-besu.sif ip link set eth0 netns 1402417
$ nsenter -t 1402417 -n apptainer exec --cleanenv /Utilisateurs/abellach/zkRoam/net-heterogeneity/zkroam-besu.sif ip link set lo up
$ nsenter -t 1402417 -n apptainer exec --cleanenv /Utilisateurs/abellach/zkRoam/net-heterogeneity/zkroam-besu.sif ip addr add 172.28.0.18/24 dev eth0
$ nsenter -t 1402417 -n apptainer exec --cleanenv /Utilisateurs/abellach/zkRoam/net-heterogeneity/zkroam-besu.sif ip link set eth0 up
$ nsenter -t 1402417 -n apptainer exec --cleanenv /Utilisateurs/abellach/zkRoam/net-heterogeneity/zkroam-besu.sif ip route add default via 172.28.0.1
$ apptainer exec --cleanenv /Utilisateurs/abellach/zkRoam/net-heterogeneity/zkroam-besu.sif ip link delete zkh09
$ apptainer exec --cleanenv /Utilisateurs/abellach/zkRoam/net-heterogeneity/zkroam-besu.sif ip link add zkh09 type veth peer name eth0
$ apptainer exec --cleanenv /Utilisateurs/abellach/zkRoam/net-heterogeneity/zkroam-besu.sif ip link set zkh09 master zkroam0
$ apptainer exec --cleanenv /Utilisateurs/abellach/zkRoam/net-heterogeneity/zkroam-besu.sif ip link set zkh09 up
$ apptainer exec --cleanenv /Utilisateurs/abellach/zkRoam/net-heterogeneity/zkroam-besu.sif ip link set eth0 netns 1403210
$ nsenter -t 1403210 -n apptainer exec --cleanenv /Utilisateurs/abellach/zkRoam/net-heterogeneity/zkroam-besu.sif ip link set lo up
$ nsenter -t 1403210 -n apptainer exec --cleanenv /Utilisateurs/abellach/zkRoam/net-heterogeneity/zkroam-besu.sif ip addr add 172.28.0.19/24 dev eth0
$ nsenter -t 1403210 -n apptainer exec --cleanenv /Utilisateurs/abellach/zkRoam/net-heterogeneity/zkroam-besu.sif ip link set eth0 up
$ nsenter -t 1403210 -n apptainer exec --cleanenv /Utilisateurs/abellach/zkRoam/net-heterogeneity/zkroam-besu.sif ip route add default via 172.28.0.1
$ apptainer exec --cleanenv /Utilisateurs/abellach/zkRoam/net-heterogeneity/zkroam-besu.sif ip link delete zkh10
$ apptainer exec --cleanenv /Utilisateurs/abellach/zkRoam/net-heterogeneity/zkroam-besu.sif ip link add zkh10 type veth peer name eth0
$ apptainer exec --cleanenv /Utilisateurs/abellach/zkRoam/net-heterogeneity/zkroam-besu.sif ip link set zkh10 master zkroam0
$ apptainer exec --cleanenv /Utilisateurs/abellach/zkRoam/net-heterogeneity/zkroam-besu.sif ip link set zkh10 up
$ apptainer exec --cleanenv /Utilisateurs/abellach/zkRoam/net-heterogeneity/zkroam-besu.sif ip link set eth0 netns 1403992
$ nsenter -t 1403992 -n apptainer exec --cleanenv /Utilisateurs/abellach/zkRoam/net-heterogeneity/zkroam-besu.sif ip link set lo up
$ nsenter -t 1403992 -n apptainer exec --cleanenv /Utilisateurs/abellach/zkRoam/net-heterogeneity/zkroam-besu.sif ip addr add 172.28.0.20/24 dev eth0
$ nsenter -t 1403992 -n apptainer exec --cleanenv /Utilisateurs/abellach/zkRoam/net-heterogeneity/zkroam-besu.sif ip link set eth0 up
$ nsenter -t 1403992 -n apptainer exec --cleanenv /Utilisateurs/abellach/zkRoam/net-heterogeneity/zkroam-besu.sif ip route add default via 172.28.0.1
$ apptainer exec --cleanenv /Utilisateurs/abellach/zkRoam/net-heterogeneity/zkroam-besu.sif ip link delete zkh11
$ apptainer exec --cleanenv /Utilisateurs/abellach/zkRoam/net-heterogeneity/zkroam-besu.sif ip link add zkh11 type veth peer name eth0
$ apptainer exec --cleanenv /Utilisateurs/abellach/zkRoam/net-heterogeneity/zkroam-besu.sif ip link set zkh11 master zkroam0
$ apptainer exec --cleanenv /Utilisateurs/abellach/zkRoam/net-heterogeneity/zkroam-besu.sif ip link set zkh11 up
$ apptainer exec --cleanenv /Utilisateurs/abellach/zkRoam/net-heterogeneity/zkroam-besu.sif ip link set eth0 netns 1404785
$ nsenter -t 1404785 -n apptainer exec --cleanenv /Utilisateurs/abellach/zkRoam/net-heterogeneity/zkroam-besu.sif ip link set lo up
$ nsenter -t 1404785 -n apptainer exec --cleanenv /Utilisateurs/abellach/zkRoam/net-heterogeneity/zkroam-besu.sif ip addr add 172.28.0.21/24 dev eth0
$ nsenter -t 1404785 -n apptainer exec --cleanenv /Utilisateurs/abellach/zkRoam/net-heterogeneity/zkroam-besu.sif ip link set eth0 up
$ nsenter -t 1404785 -n apptainer exec --cleanenv /Utilisateurs/abellach/zkRoam/net-heterogeneity/zkroam-besu.sif ip route add default via 172.28.0.1
$ apptainer exec --cleanenv /Utilisateurs/abellach/zkRoam/net-heterogeneity/zkroam-besu.sif ip link delete zkh12
$ apptainer exec --cleanenv /Utilisateurs/abellach/zkRoam/net-heterogeneity/zkroam-besu.sif ip link add zkh12 type veth peer name eth0
$ apptainer exec --cleanenv /Utilisateurs/abellach/zkRoam/net-heterogeneity/zkroam-besu.sif ip link set zkh12 master zkroam0
$ apptainer exec --cleanenv /Utilisateurs/abellach/zkRoam/net-heterogeneity/zkroam-besu.sif ip link set zkh12 up
$ apptainer exec --cleanenv /Utilisateurs/abellach/zkRoam/net-heterogeneity/zkroam-besu.sif ip link set eth0 netns 1405578
$ nsenter -t 1405578 -n apptainer exec --cleanenv /Utilisateurs/abellach/zkRoam/net-heterogeneity/zkroam-besu.sif ip link set lo up
$ nsenter -t 1405578 -n apptainer exec --cleanenv /Utilisateurs/abellach/zkRoam/net-heterogeneity/zkroam-besu.sif ip addr add 172.28.0.22/24 dev eth0
$ nsenter -t 1405578 -n apptainer exec --cleanenv /Utilisateurs/abellach/zkRoam/net-heterogeneity/zkroam-besu.sif ip link set eth0 up
$ nsenter -t 1405578 -n apptainer exec --cleanenv /Utilisateurs/abellach/zkRoam/net-heterogeneity/zkroam-besu.sif ip route add default via 172.28.0.1
$ apptainer exec --cleanenv /Utilisateurs/abellach/zkRoam/net-heterogeneity/zkroam-besu.sif ip link delete zkh13
$ apptainer exec --cleanenv /Utilisateurs/abellach/zkRoam/net-heterogeneity/zkroam-besu.sif ip link add zkh13 type veth peer name eth0
$ apptainer exec --cleanenv /Utilisateurs/abellach/zkRoam/net-heterogeneity/zkroam-besu.sif ip link set zkh13 master zkroam0
$ apptainer exec --cleanenv /Utilisateurs/abellach/zkRoam/net-heterogeneity/zkroam-besu.sif ip link set zkh13 up
$ apptainer exec --cleanenv /Utilisateurs/abellach/zkRoam/net-heterogeneity/zkroam-besu.sif ip link set eth0 netns 1406377
$ nsenter -t 1406377 -n apptainer exec --cleanenv /Utilisateurs/abellach/zkRoam/net-heterogeneity/zkroam-besu.sif ip link set lo up
$ nsenter -t 1406377 -n apptainer exec --cleanenv /Utilisateurs/abellach/zkRoam/net-heterogeneity/zkroam-besu.sif ip addr add 172.28.0.23/24 dev eth0
$ nsenter -t 1406377 -n apptainer exec --cleanenv /Utilisateurs/abellach/zkRoam/net-heterogeneity/zkroam-besu.sif ip link set eth0 up
$ nsenter -t 1406377 -n apptainer exec --cleanenv /Utilisateurs/abellach/zkRoam/net-heterogeneity/zkroam-besu.sif ip route add default via 172.28.0.1
$ apptainer exec --cleanenv /Utilisateurs/abellach/zkRoam/net-heterogeneity/zkroam-besu.sif ip link delete zkh14
$ apptainer exec --cleanenv /Utilisateurs/abellach/zkRoam/net-heterogeneity/zkroam-besu.sif ip link add zkh14 type veth peer name eth0
$ apptainer exec --cleanenv /Utilisateurs/abellach/zkRoam/net-heterogeneity/zkroam-besu.sif ip link set zkh14 master zkroam0
$ apptainer exec --cleanenv /Utilisateurs/abellach/zkRoam/net-heterogeneity/zkroam-besu.sif ip link set zkh14 up
$ apptainer exec --cleanenv /Utilisateurs/abellach/zkRoam/net-heterogeneity/zkroam-besu.sif ip link set eth0 netns 1407177
$ nsenter -t 1407177 -n apptainer exec --cleanenv /Utilisateurs/abellach/zkRoam/net-heterogeneity/zkroam-besu.sif ip link set lo up
$ nsenter -t 1407177 -n apptainer exec --cleanenv /Utilisateurs/abellach/zkRoam/net-heterogeneity/zkroam-besu.sif ip addr add 172.28.0.24/24 dev eth0
$ nsenter -t 1407177 -n apptainer exec --cleanenv /Utilisateurs/abellach/zkRoam/net-heterogeneity/zkroam-besu.sif ip link set eth0 up
$ nsenter -t 1407177 -n apptainer exec --cleanenv /Utilisateurs/abellach/zkRoam/net-heterogeneity/zkroam-besu.sif ip route add default via 172.28.0.1
Started 15 Apptainer-backed validators.
=== Step 4: wait for every validator RPC and peer set ===
{
  "node00": {
    "block": 2,
    "peers": 14
  },
  "node01": {
    "block": 2,
    "peers": 14
  },
  "node02": {
    "block": 2,
    "peers": 14
  },
  "node03": {
    "block": 2,
    "peers": 13
  },
  "node04": {
    "block": 2,
    "peers": 13
  },
  "node05": {
    "block": 2,
    "peers": 13
  },
  "node06": {
    "block": 2,
    "peers": 13
  },
  "node07": {
    "block": 2,
    "peers": 13
  },
  "node08": {
    "block": 2,
    "peers": 13
  },
  "node09": {
    "block": 2,
    "peers": 13
  },
  "node10": {
    "block": 2,
    "peers": 13
  },
  "node11": {
    "block": 2,
    "peers": 13
  },
  "node12": {
    "block": 2,
    "peers": 13
  },
  "node13": {
    "block": 2,
    "peers": 13
  },
  "node14": {
    "block": 2,
    "peers": 12
  }
}
All 15 nodes are ready.
Apptainer heterogeneous network is up.

$ /Utilisateurs/abellach/zkRoam/net-heterogeneity/venv/bin/python3 workload/deploy_verifiers.py --topology networkFiles/topology.json --accounts accounts/accounts.json
Discovered RPC endpoints:
------------------------------------------
  node00     -> http://172.28.0.10:8545
  node01     -> http://172.28.0.11:8545
  node02     -> http://172.28.0.12:8545
  node03     -> http://172.28.0.13:8545
  node04     -> http://172.28.0.14:8545
  node05     -> http://172.28.0.15:8545
  node06     -> http://172.28.0.16:8545
  node07     -> http://172.28.0.17:8545
  node08     -> http://172.28.0.18:8545
  node09     -> http://172.28.0.19:8545
  node10     -> http://172.28.0.20:8545
  node11     -> http://172.28.0.21:8545
  node12     -> http://172.28.0.22:8545
  node13     -> http://172.28.0.23:8545
  node14     -> http://172.28.0.24:8545
------------------------------------------
Connecting to node00 (http://172.28.0.10:8545)...
  Connected. chain_id=1337
Connecting to node01 (http://172.28.0.11:8545)...
  Connected. chain_id=1337
Connecting to node02 (http://172.28.0.12:8545)...
  Connected. chain_id=1337
Connecting to node03 (http://172.28.0.13:8545)...
  Connected. chain_id=1337
Connecting to node04 (http://172.28.0.14:8545)...
  Connected. chain_id=1337
Connecting to node05 (http://172.28.0.15:8545)...
  Connected. chain_id=1337
Connecting to node06 (http://172.28.0.16:8545)...
  Connected. chain_id=1337
Connecting to node07 (http://172.28.0.17:8545)...
  Connected. chain_id=1337
Connecting to node08 (http://172.28.0.18:8545)...
  Connected. chain_id=1337
Connecting to node09 (http://172.28.0.19:8545)...
  Connected. chain_id=1337
Connecting to node10 (http://172.28.0.20:8545)...
  Connected. chain_id=1337
Connecting to node11 (http://172.28.0.21:8545)...
  Connected. chain_id=1337
Connecting to node12 (http://172.28.0.22:8545)...
  Connected. chain_id=1337
Connecting to node13 (http://172.28.0.23:8545)...
  Connected. chain_id=1337
Connecting to node14 (http://172.28.0.24:8545)...
  Connected. chain_id=1337

Deploying from 0x509A56fb566d2963a8c5Eb34445330874A71E9fF via http://172.28.0.10:8545 (chain_id=1337)

Compiling CDRVerifier.sol ...
Deploying CDRVerifier ...
  submitted deploy tx 4f0913acf9d7457f1d6a58a0ae0724e348ad1075287a7efd31455125d68611b4, waiting for receipt...
  deployed at 0xF203969d21AdcBcf704bC75D246aB36A541fcda4  (gasUsed=465218)

Compiling SnarkPackAggregateAnchor.sol ...
Deploying SnarkPackAggregateAnchor ...
  submitted deploy tx 21a91c2b4f3ec0b4c14e60ee466c64db3f42430d3378d49727b1c93784c18920, waiting for receipt...
  deployed at 0xC79B72094a4fa5E45887058231a319E28D2742e5  (gasUsed=1832981)

verifier-pool-size=1: only accounts[0] is authorized as a verifier - fine as-is if you're relaying via relayAggregateProof (submission load spreads across the full account pool regardless of verifier count). Only increase this if you want multiple independent verifier keys for redundancy/threshold, or if you plan to use the direct anchorAggregateProof(onlyVerifier) path at any real volume.

Wrote: deployed_contracts.json

$ /Utilisateurs/abellach/zkRoam/net-heterogeneity/venv/bin/python3 workload/zkroam_workload.py --config results/hardware-proof-scaling/l3icalcul07/heterogeneous-8vmnos-w48-rw48-rate500/nproof-128/zkroam-heterogeneous-8vmnos/config.yml
Discovered RPC endpoints:
------------------------------------------
  node00     -> http://172.28.0.10:8545
  node01     -> http://172.28.0.11:8545
  node02     -> http://172.28.0.12:8545
  node03     -> http://172.28.0.13:8545
  node04     -> http://172.28.0.14:8545
  node05     -> http://172.28.0.15:8545
  node06     -> http://172.28.0.16:8545
  node07     -> http://172.28.0.17:8545
  node08     -> http://172.28.0.18:8545
  node09     -> http://172.28.0.19:8545
  node10     -> http://172.28.0.20:8545
  node11     -> http://172.28.0.21:8545
  node12     -> http://172.28.0.22:8545
  node13     -> http://172.28.0.23:8545
  node14     -> http://172.28.0.24:8545
------------------------------------------
Connecting to node00 (http://172.28.0.10:8545)...
  Connected. chain_id=1337
Connecting to node01 (http://172.28.0.11:8545)...
  Connected. chain_id=1337
Connecting to node02 (http://172.28.0.12:8545)...
  Connected. chain_id=1337
Connecting to node03 (http://172.28.0.13:8545)...
  Connected. chain_id=1337
Connecting to node04 (http://172.28.0.14:8545)...
  Connected. chain_id=1337
Connecting to node05 (http://172.28.0.15:8545)...
  Connected. chain_id=1337
Connecting to node06 (http://172.28.0.16:8545)...
  Connected. chain_id=1337
Connecting to node07 (http://172.28.0.17:8545)...
  Connected. chain_id=1337
Connecting to node08 (http://172.28.0.18:8545)...
  Connected. chain_id=1337
Connecting to node09 (http://172.28.0.19:8545)...
  Connected. chain_id=1337
Connecting to node10 (http://172.28.0.20:8545)...
  Connected. chain_id=1337
Connecting to node11 (http://172.28.0.21:8545)...
  Connected. chain_id=1337
Connecting to node12 (http://172.28.0.22:8545)...
  Connected. chain_id=1337
Connecting to node13 (http://172.28.0.23:8545)...
  Connected. chain_id=1337
Connecting to node14 (http://172.28.0.24:8545)...
  Connected. chain_id=1337

Reading pending nonce for 2000 accounts (parallel)...


Using real proof from fixtures/proof.json / fixtures/public.json
individual leg -> real verifyProof() calls on 0xF203969d21AdcBcf704bC75D246aB36A541fcda4
aggregate leg  -> real anchorAggregateProof() calls on 0xC79B72094a4fa5E45887058231a319E28D2742e5

workload.num_vmnos = 8 (total VMNO settlements submitted per sweep point; nproofs below is per-VMNO batch size, not workload size)

============================================================
nproofs/vmno=128  num_vmnos=8  run=1  (off-chain source: reference_fallback)
============================================================

>>> on-chain leg: individual_n128_vmnos8_r1 (1024 tx total, 420B calldata, gas/tx=278265, to=0xF203969d21AdcBcf704bC75D246aB36A541fcda4)

Starting transaction producer...
Target submission rate : 500.00 tx/s
Submission workers      : 48


Producer finished.
------------------------------------------
Submitted : 1024/1024
Failed    : 0/1024
Duration  : 2.773s
Rate      : 369.34 tx/s
------------------------------------------

Starting receipt polling...
------------------------------------------
Transactions to confirm : 1024
Receipt workers         : 48
Receipt timeout         : 120.0s
------------------------------------------

Confirmed: 10/1024 | Reverted: 0 | Pending: 1014
Confirmed: 94/1024 | Reverted: 0 | Pending: 930
Confirmed: 223/1024 | Reverted: 0 | Pending: 801
Confirmed: 321/1024 | Reverted: 0 | Pending: 703
Confirmed: 428/1024 | Reverted: 0 | Pending: 596
Confirmed: 496/1024 | Reverted: 0 | Pending: 528
Confirmed: 569/1024 | Reverted: 0 | Pending: 455
Confirmed: 628/1024 | Reverted: 0 | Pending: 396
Confirmed: 686/1024 | Reverted: 0 | Pending: 338
Confirmed: 753/1024 | Reverted: 0 | Pending: 271
Confirmed: 772/1024 | Reverted: 0 | Pending: 252
Confirmed: 822/1024 | Reverted: 0 | Pending: 202
Confirmed: 834/1024 | Reverted: 0 | Pending: 190
Confirmed: 890/1024 | Reverted: 0 | Pending: 134
Confirmed: 890/1024 | Reverted: 0 | Pending: 134
Confirmed: 958/1024 | Reverted: 0 | Pending: 66
Confirmed: 958/1024 | Reverted: 0 | Pending: 66
Confirmed: 958/1024 | Reverted: 0 | Pending: 66
Confirmed: 1016/1024 | Reverted: 0 | Pending: 8
Confirmed: 1016/1024 | Reverted: 0 | Pending: 8
Confirmed: 1016/1024 | Reverted: 0 | Pending: 8
Confirmed: 1024/1024 | Reverted: 0 | Pending: 0

Receipt polling finished.
------------------------------------------
Confirmed : 1024
Reverted  : 0
Timeout   : 0
Duration  : 32.790s
------------------------------------------

>>> on-chain leg: aggregate_n128_vmnos8_r1 (8 tx total, 420B/tx x 8 distinct payloads, gas/tx=176674, to=0xC79B72094a4fa5E45887058231a319E28D2742e5)

Starting transaction producer...
Target submission rate : 500.00 tx/s
Submission workers      : 48


Producer finished.
------------------------------------------
Submitted : 8/8
Failed    : 0/8
Duration  : 0.030s
Rate      : 267.93 tx/s
------------------------------------------

Starting receipt polling...
------------------------------------------
Transactions to confirm : 8
Receipt workers         : 48
Receipt timeout         : 120.0s
------------------------------------------

Confirmed: 0/8 | Reverted: 0 | Pending: 8
Confirmed: 0/8 | Reverted: 0 | Pending: 8
Confirmed: 1/8 | Reverted: 0 | Pending: 7
Confirmed: 1/8 | Reverted: 0 | Pending: 7
Confirmed: 1/8 | Reverted: 0 | Pending: 7
Confirmed: 1/8 | Reverted: 0 | Pending: 7
Confirmed: 1/8 | Reverted: 0 | Pending: 7
Confirmed: 1/8 | Reverted: 0 | Pending: 7
Confirmed: 2/8 | Reverted: 0 | Pending: 6
Confirmed: 2/8 | Reverted: 0 | Pending: 6
Confirmed: 2/8 | Reverted: 0 | Pending: 6
Confirmed: 2/8 | Reverted: 0 | Pending: 6
Confirmed: 2/8 | Reverted: 0 | Pending: 6
Confirmed: 2/8 | Reverted: 0 | Pending: 6
Confirmed: 2/8 | Reverted: 0 | Pending: 6
Confirmed: 2/8 | Reverted: 0 | Pending: 6
Confirmed: 2/8 | Reverted: 0 | Pending: 6
Confirmed: 2/8 | Reverted: 0 | Pending: 6
Confirmed: 2/8 | Reverted: 0 | Pending: 6
Confirmed: 2/8 | Reverted: 0 | Pending: 6
Confirmed: 2/8 | Reverted: 0 | Pending: 6
Confirmed: 2/8 | Reverted: 0 | Pending: 6
Confirmed: 2/8 | Reverted: 0 | Pending: 6
Confirmed: 2/8 | Reverted: 0 | Pending: 6
Confirmed: 2/8 | Reverted: 0 | Pending: 6
Confirmed: 2/8 | Reverted: 0 | Pending: 6
Confirmed: 2/8 | Reverted: 0 | Pending: 6
Confirmed: 2/8 | Reverted: 0 | Pending: 6
Confirmed: 2/8 | Reverted: 0 | Pending: 6
Confirmed: 2/8 | Reverted: 0 | Pending: 6
Confirmed: 2/8 | Reverted: 0 | Pending: 6
Confirmed: 2/8 | Reverted: 0 | Pending: 6
Confirmed: 2/8 | Reverted: 0 | Pending: 6
Confirmed: 2/8 | Reverted: 0 | Pending: 6
Confirmed: 2/8 | Reverted: 0 | Pending: 6
Confirmed: 2/8 | Reverted: 0 | Pending: 6
Confirmed: 2/8 | Reverted: 0 | Pending: 6
Confirmed: 2/8 | Reverted: 0 | Pending: 6
Confirmed: 2/8 | Reverted: 0 | Pending: 6
Confirmed: 2/8 | Reverted: 0 | Pending: 6
Confirmed: 2/8 | Reverted: 0 | Pending: 6
Confirmed: 2/8 | Reverted: 0 | Pending: 6
Confirmed: 2/8 | Reverted: 0 | Pending: 6
Confirmed: 2/8 | Reverted: 0 | Pending: 6
Confirmed: 2/8 | Reverted: 0 | Pending: 6
Confirmed: 2/8 | Reverted: 0 | Pending: 6
Confirmed: 2/8 | Reverted: 0 | Pending: 6
Confirmed: 2/8 | Reverted: 0 | Pending: 6
Confirmed: 2/8 | Reverted: 0 | Pending: 6
Confirmed: 2/8 | Reverted: 0 | Pending: 6
Confirmed: 2/8 | Reverted: 0 | Pending: 6
Confirmed: 2/8 | Reverted: 0 | Pending: 6
Confirmed: 2/8 | Reverted: 0 | Pending: 6
Confirmed: 2/8 | Reverted: 0 | Pending: 6
Confirmed: 2/8 | Reverted: 0 | Pending: 6
Confirmed: 2/8 | Reverted: 0 | Pending: 6
Confirmed: 2/8 | Reverted: 0 | Pending: 6
Confirmed: 2/8 | Reverted: 0 | Pending: 6
Confirmed: 2/8 | Reverted: 0 | Pending: 6
Confirmed: 2/8 | Reverted: 0 | Pending: 6
Confirmed: 2/8 | Reverted: 0 | Pending: 6
Confirmed: 3/8 | Reverted: 0 | Pending: 5
Confirmed: 3/8 | Reverted: 0 | Pending: 5
Confirmed: 3/8 | Reverted: 0 | Pending: 5
Confirmed: 3/8 | Reverted: 0 | Pending: 5
Confirmed: 3/8 | Reverted: 0 | Pending: 5
Confirmed: 3/8 | Reverted: 0 | Pending: 5
Confirmed: 4/8 | Reverted: 0 | Pending: 4
Confirmed: 4/8 | Reverted: 0 | Pending: 4
Confirmed: 4/8 | Reverted: 0 | Pending: 4
Confirmed: 4/8 | Reverted: 0 | Pending: 4
Confirmed: 4/8 | Reverted: 0 | Pending: 4
Confirmed: 4/8 | Reverted: 0 | Pending: 4
Confirmed: 4/8 | Reverted: 0 | Pending: 4
Confirmed: 5/8 | Reverted: 0 | Pending: 3
Confirmed: 5/8 | Reverted: 0 | Pending: 3
Confirmed: 5/8 | Reverted: 0 | Pending: 3
Confirmed: 5/8 | Reverted: 0 | Pending: 3
Confirmed: 5/8 | Reverted: 0 | Pending: 3
Confirmed: 5/8 | Reverted: 0 | Pending: 3
Confirmed: 5/8 | Reverted: 0 | Pending: 3
Confirmed: 6/8 | Reverted: 0 | Pending: 2
Confirmed: 6/8 | Reverted: 0 | Pending: 2
Confirmed: 6/8 | Reverted: 0 | Pending: 2
Confirmed: 6/8 | Reverted: 0 | Pending: 2
Confirmed: 6/8 | Reverted: 0 | Pending: 2
Confirmed: 6/8 | Reverted: 0 | Pending: 2
Confirmed: 6/8 | Reverted: 0 | Pending: 2
Confirmed: 6/8 | Reverted: 0 | Pending: 2
Confirmed: 7/8 | Reverted: 0 | Pending: 1
Confirmed: 7/8 | Reverted: 0 | Pending: 1
Confirmed: 7/8 | Reverted: 0 | Pending: 1
Confirmed: 7/8 | Reverted: 0 | Pending: 1
Confirmed: 7/8 | Reverted: 0 | Pending: 1
Confirmed: 7/8 | Reverted: 0 | Pending: 1
Confirmed: 7/8 | Reverted: 0 | Pending: 1
Confirmed: 7/8 | Reverted: 0 | Pending: 1
Confirmed: 8/8 | Reverted: 0 | Pending: 0

Receipt polling finished.
------------------------------------------
Confirmed : 8
Reverted  : 0
Timeout   : 0
Duration  : 28.643s
------------------------------------------

============================================================
nproofs/vmno=128  num_vmnos=8  run=2  (off-chain source: reference_fallback)
============================================================

>>> on-chain leg: individual_n128_vmnos8_r2 (1024 tx total, 420B calldata, gas/tx=278265, to=0xF203969d21AdcBcf704bC75D246aB36A541fcda4)

Starting transaction producer...
Target submission rate : 500.00 tx/s
Submission workers      : 48


Producer finished.
------------------------------------------
Submitted : 1024/1024
Failed    : 0/1024
Duration  : 3.533s
Rate      : 289.87 tx/s
------------------------------------------

Starting receipt polling...
------------------------------------------
Transactions to confirm : 1024
Receipt workers         : 48
Receipt timeout         : 120.0s
------------------------------------------

Confirmed: 69/1024 | Reverted: 0 | Pending: 955
Confirmed: 193/1024 | Reverted: 0 | Pending: 831
Confirmed: 309/1024 | Reverted: 0 | Pending: 715
Confirmed: 429/1024 | Reverted: 0 | Pending: 595
Confirmed: 522/1024 | Reverted: 0 | Pending: 502
Confirmed: 603/1024 | Reverted: 0 | Pending: 421
Confirmed: 681/1024 | Reverted: 0 | Pending: 343
Confirmed: 716/1024 | Reverted: 0 | Pending: 308
Confirmed: 749/1024 | Reverted: 0 | Pending: 275
Confirmed: 817/1024 | Reverted: 0 | Pending: 207
Confirmed: 823/1024 | Reverted: 0 | Pending: 201
Confirmed: 885/1024 | Reverted: 0 | Pending: 139
Confirmed: 885/1024 | Reverted: 0 | Pending: 139
Confirmed: 953/1024 | Reverted: 0 | Pending: 71
Confirmed: 953/1024 | Reverted: 0 | Pending: 71
Confirmed: 972/1024 | Reverted: 0 | Pending: 52
Confirmed: 1010/1024 | Reverted: 0 | Pending: 14
Confirmed: 1010/1024 | Reverted: 0 | Pending: 14
Confirmed: 1010/1024 | Reverted: 0 | Pending: 14
Confirmed: 1024/1024 | Reverted: 0 | Pending: 0

Receipt polling finished.
------------------------------------------
Confirmed : 1024
Reverted  : 0
Timeout   : 0
Duration  : 30.082s
------------------------------------------

>>> on-chain leg: aggregate_n128_vmnos8_r2 (8 tx total, 420B/tx x 8 distinct payloads, gas/tx=176697, to=0xC79B72094a4fa5E45887058231a319E28D2742e5)

Starting transaction producer...
Target submission rate : 500.00 tx/s
Submission workers      : 48


Producer finished.
------------------------------------------
Submitted : 8/8
Failed    : 0/8
Duration  : 0.047s
Rate      : 169.94 tx/s
------------------------------------------

Starting receipt polling...
------------------------------------------
Transactions to confirm : 8
Receipt workers         : 48
Receipt timeout         : 120.0s
------------------------------------------

Confirmed: 0/8 | Reverted: 0 | Pending: 8
Confirmed: 0/8 | Reverted: 0 | Pending: 8
Confirmed: 0/8 | Reverted: 0 | Pending: 8
Confirmed: 0/8 | Reverted: 0 | Pending: 8
Confirmed: 0/8 | Reverted: 0 | Pending: 8
Confirmed: 0/8 | Reverted: 0 | Pending: 8
Confirmed: 1/8 | Reverted: 0 | Pending: 7
Confirmed: 1/8 | Reverted: 0 | Pending: 7
Confirmed: 1/8 | Reverted: 0 | Pending: 7
Confirmed: 1/8 | Reverted: 0 | Pending: 7
Confirmed: 1/8 | Reverted: 0 | Pending: 7
Confirmed: 1/8 | Reverted: 0 | Pending: 7
Confirmed: 2/8 | Reverted: 0 | Pending: 6
Confirmed: 2/8 | Reverted: 0 | Pending: 6
Confirmed: 2/8 | Reverted: 0 | Pending: 6
Confirmed: 2/8 | Reverted: 0 | Pending: 6
Confirmed: 2/8 | Reverted: 0 | Pending: 6
Confirmed: 2/8 | Reverted: 0 | Pending: 6
Confirmed: 2/8 | Reverted: 0 | Pending: 6
Confirmed: 3/8 | Reverted: 0 | Pending: 5
Confirmed: 3/8 | Reverted: 0 | Pending: 5
Confirmed: 3/8 | Reverted: 0 | Pending: 5
Confirmed: 3/8 | Reverted: 0 | Pending: 5
Confirmed: 3/8 | Reverted: 0 | Pending: 5
Confirmed: 3/8 | Reverted: 0 | Pending: 5
Confirmed: 3/8 | Reverted: 0 | Pending: 5
Confirmed: 4/8 | Reverted: 0 | Pending: 4
Confirmed: 4/8 | Reverted: 0 | Pending: 4
Confirmed: 4/8 | Reverted: 0 | Pending: 4
Confirmed: 4/8 | Reverted: 0 | Pending: 4
Confirmed: 4/8 | Reverted: 0 | Pending: 4
Confirmed: 4/8 | Reverted: 0 | Pending: 4
Confirmed: 4/8 | Reverted: 0 | Pending: 4
Confirmed: 5/8 | Reverted: 0 | Pending: 3
Confirmed: 5/8 | Reverted: 0 | Pending: 3
Confirmed: 5/8 | Reverted: 0 | Pending: 3
Confirmed: 5/8 | Reverted: 0 | Pending: 3
Confirmed: 5/8 | Reverted: 0 | Pending: 3
Confirmed: 5/8 | Reverted: 0 | Pending: 3
Confirmed: 5/8 | Reverted: 0 | Pending: 3
Confirmed: 6/8 | Reverted: 0 | Pending: 2
Confirmed: 6/8 | Reverted: 0 | Pending: 2
Confirmed: 6/8 | Reverted: 0 | Pending: 2
Confirmed: 6/8 | Reverted: 0 | Pending: 2
Confirmed: 6/8 | Reverted: 0 | Pending: 2
Confirmed: 6/8 | Reverted: 0 | Pending: 2
Confirmed: 6/8 | Reverted: 0 | Pending: 2
Confirmed: 7/8 | Reverted: 0 | Pending: 1
Confirmed: 7/8 | Reverted: 0 | Pending: 1
Confirmed: 7/8 | Reverted: 0 | Pending: 1
Confirmed: 7/8 | Reverted: 0 | Pending: 1
Confirmed: 7/8 | Reverted: 0 | Pending: 1
Confirmed: 7/8 | Reverted: 0 | Pending: 1
Confirmed: 7/8 | Reverted: 0 | Pending: 1
Confirmed: 7/8 | Reverted: 0 | Pending: 1
Confirmed: 7/8 | Reverted: 0 | Pending: 1
Confirmed: 7/8 | Reverted: 0 | Pending: 1
Confirmed: 7/8 | Reverted: 0 | Pending: 1
Confirmed: 7/8 | Reverted: 0 | Pending: 1
Confirmed: 7/8 | Reverted: 0 | Pending: 1
Confirmed: 7/8 | Reverted: 0 | Pending: 1
Confirmed: 7/8 | Reverted: 0 | Pending: 1
Confirmed: 7/8 | Reverted: 0 | Pending: 1
Confirmed: 7/8 | Reverted: 0 | Pending: 1
Confirmed: 7/8 | Reverted: 0 | Pending: 1
Confirmed: 7/8 | Reverted: 0 | Pending: 1
Confirmed: 7/8 | Reverted: 0 | Pending: 1
Confirmed: 7/8 | Reverted: 0 | Pending: 1
Confirmed: 7/8 | Reverted: 0 | Pending: 1
Confirmed: 7/8 | Reverted: 0 | Pending: 1
Confirmed: 7/8 | Reverted: 0 | Pending: 1
Confirmed: 7/8 | Reverted: 0 | Pending: 1
Confirmed: 7/8 | Reverted: 0 | Pending: 1
Confirmed: 7/8 | Reverted: 0 | Pending: 1
Confirmed: 7/8 | Reverted: 0 | Pending: 1
Confirmed: 7/8 | Reverted: 0 | Pending: 1
Confirmed: 7/8 | Reverted: 0 | Pending: 1
Confirmed: 7/8 | Reverted: 0 | Pending: 1
Confirmed: 7/8 | Reverted: 0 | Pending: 1
Confirmed: 7/8 | Reverted: 0 | Pending: 1
Confirmed: 7/8 | Reverted: 0 | Pending: 1
Confirmed: 7/8 | Reverted: 0 | Pending: 1
Confirmed: 7/8 | Reverted: 0 | Pending: 1
Confirmed: 7/8 | Reverted: 0 | Pending: 1
Confirmed: 7/8 | Reverted: 0 | Pending: 1
Confirmed: 7/8 | Reverted: 0 | Pending: 1
Confirmed: 7/8 | Reverted: 0 | Pending: 1
Confirmed: 7/8 | Reverted: 0 | Pending: 1
Confirmed: 7/8 | Reverted: 0 | Pending: 1
Confirmed: 7/8 | Reverted: 0 | Pending: 1
Confirmed: 7/8 | Reverted: 0 | Pending: 1
Confirmed: 7/8 | Reverted: 0 | Pending: 1
Confirmed: 7/8 | Reverted: 0 | Pending: 1
Confirmed: 7/8 | Reverted: 0 | Pending: 1
Confirmed: 7/8 | Reverted: 0 | Pending: 1
Confirmed: 7/8 | Reverted: 0 | Pending: 1
Confirmed: 7/8 | Reverted: 0 | Pending: 1
Confirmed: 7/8 | Reverted: 0 | Pending: 1
Confirmed: 7/8 | Reverted: 0 | Pending: 1
Confirmed: 7/8 | Reverted: 0 | Pending: 1
Confirmed: 7/8 | Reverted: 0 | Pending: 1
Confirmed: 7/8 | Reverted: 0 | Pending: 1
Confirmed: 7/8 | Reverted: 0 | Pending: 1
Confirmed: 7/8 | Reverted: 0 | Pending: 1
Confirmed: 7/8 | Reverted: 0 | Pending: 1
Confirmed: 7/8 | Reverted: 0 | Pending: 1
Confirmed: 7/8 | Reverted: 0 | Pending: 1
Confirmed: 7/8 | Reverted: 0 | Pending: 1
Confirmed: 8/8 | Reverted: 0 | Pending: 0

Receipt polling finished.
------------------------------------------
Confirmed : 8
Reverted  : 0
Timeout   : 0
Duration  : 29.848s
------------------------------------------

============================================================
nproofs/vmno=128  num_vmnos=8  run=3  (off-chain source: reference_fallback)
============================================================

>>> on-chain leg: individual_n128_vmnos8_r3 (1024 tx total, 420B calldata, gas/tx=278265, to=0xF203969d21AdcBcf704bC75D246aB36A541fcda4)

Starting transaction producer...
Target submission rate : 500.00 tx/s
Submission workers      : 48


Producer finished.
------------------------------------------
Submitted : 1024/1024
Failed    : 0/1024
Duration  : 3.457s
Rate      : 296.23 tx/s
------------------------------------------

Starting receipt polling...
------------------------------------------
Transactions to confirm : 1024
Receipt workers         : 48
Receipt timeout         : 120.0s
------------------------------------------

Confirmed: 78/1024 | Reverted: 0 | Pending: 946
Confirmed: 204/1024 | Reverted: 0 | Pending: 820
Confirmed: 312/1024 | Reverted: 0 | Pending: 712
Confirmed: 408/1024 | Reverted: 0 | Pending: 616
Confirmed: 502/1024 | Reverted: 0 | Pending: 522
Confirmed: 574/1024 | Reverted: 0 | Pending: 450
Confirmed: 652/1024 | Reverted: 0 | Pending: 372
Confirmed: 707/1024 | Reverted: 0 | Pending: 317
Confirmed: 762/1024 | Reverted: 0 | Pending: 262
Confirmed: 799/1024 | Reverted: 0 | Pending: 225
Confirmed: 867/1024 | Reverted: 0 | Pending: 157
Confirmed: 868/1024 | Reverted: 0 | Pending: 156
Confirmed: 932/1024 | Reverted: 0 | Pending: 92
Confirmed: 937/1024 | Reverted: 0 | Pending: 87
Confirmed: 937/1024 | Reverted: 0 | Pending: 87
Confirmed: 1000/1024 | Reverted: 0 | Pending: 24
Confirmed: 1000/1024 | Reverted: 0 | Pending: 24
Confirmed: 1000/1024 | Reverted: 0 | Pending: 24
Confirmed: 1024/1024 | Reverted: 0 | Pending: 0

Receipt polling finished.
------------------------------------------
Confirmed : 1024
Reverted  : 0
Timeout   : 0
Duration  : 30.023s
------------------------------------------

>>> on-chain leg: aggregate_n128_vmnos8_r3 (8 tx total, 420B/tx x 8 distinct payloads, gas/tx=176697, to=0xC79B72094a4fa5E45887058231a319E28D2742e5)

Starting transaction producer...
Target submission rate : 500.00 tx/s
Submission workers      : 48


Producer finished.
------------------------------------------
Submitted : 8/8
Failed    : 0/8
Duration  : 0.037s
Rate      : 214.27 tx/s
------------------------------------------

Starting receipt polling...
------------------------------------------
Transactions to confirm : 8
Receipt workers         : 48
Receipt timeout         : 120.0s
------------------------------------------

Confirmed: 0/8 | Reverted: 0 | Pending: 8
Confirmed: 0/8 | Reverted: 0 | Pending: 8
Confirmed: 0/8 | Reverted: 0 | Pending: 8
Confirmed: 0/8 | Reverted: 0 | Pending: 8
Confirmed: 0/8 | Reverted: 0 | Pending: 8
Confirmed: 0/8 | Reverted: 0 | Pending: 8
Confirmed: 0/8 | Reverted: 0 | Pending: 8
Confirmed: 0/8 | Reverted: 0 | Pending: 8
Confirmed: 0/8 | Reverted: 0 | Pending: 8
Confirmed: 0/8 | Reverted: 0 | Pending: 8
Confirmed: 0/8 | Reverted: 0 | Pending: 8
Confirmed: 0/8 | Reverted: 0 | Pending: 8
Confirmed: 0/8 | Reverted: 0 | Pending: 8
Confirmed: 0/8 | Reverted: 0 | Pending: 8
Confirmed: 0/8 | Reverted: 0 | Pending: 8
Confirmed: 0/8 | Reverted: 0 | Pending: 8
Confirmed: 0/8 | Reverted: 0 | Pending: 8
Confirmed: 0/8 | Reverted: 0 | Pending: 8
Confirmed: 0/8 | Reverted: 0 | Pending: 8
Confirmed: 0/8 | Reverted: 0 | Pending: 8
Confirmed: 0/8 | Reverted: 0 | Pending: 8
Confirmed: 0/8 | Reverted: 0 | Pending: 8
Confirmed: 0/8 | Reverted: 0 | Pending: 8
Confirmed: 0/8 | Reverted: 0 | Pending: 8
Confirmed: 0/8 | Reverted: 0 | Pending: 8
Confirmed: 1/8 | Reverted: 0 | Pending: 7
Confirmed: 1/8 | Reverted: 0 | Pending: 7
Confirmed: 1/8 | Reverted: 0 | Pending: 7
Confirmed: 1/8 | Reverted: 0 | Pending: 7
Confirmed: 1/8 | Reverted: 0 | Pending: 7
Confirmed: 1/8 | Reverted: 0 | Pending: 7
Confirmed: 2/8 | Reverted: 0 | Pending: 6
Confirmed: 2/8 | Reverted: 0 | Pending: 6
Confirmed: 2/8 | Reverted: 0 | Pending: 6
Confirmed: 2/8 | Reverted: 0 | Pending: 6
Confirmed: 2/8 | Reverted: 0 | Pending: 6
Confirmed: 2/8 | Reverted: 0 | Pending: 6
Confirmed: 2/8 | Reverted: 0 | Pending: 6
Confirmed: 3/8 | Reverted: 0 | Pending: 5
Confirmed: 3/8 | Reverted: 0 | Pending: 5
Confirmed: 3/8 | Reverted: 0 | Pending: 5
Confirmed: 3/8 | Reverted: 0 | Pending: 5
Confirmed: 3/8 | Reverted: 0 | Pending: 5
Confirmed: 3/8 | Reverted: 0 | Pending: 5
Confirmed: 4/8 | Reverted: 0 | Pending: 4
Confirmed: 4/8 | Reverted: 0 | Pending: 4
Confirmed: 4/8 | Reverted: 0 | Pending: 4
Confirmed: 4/8 | Reverted: 0 | Pending: 4
Confirmed: 4/8 | Reverted: 0 | Pending: 4
Confirmed: 4/8 | Reverted: 0 | Pending: 4
Confirmed: 4/8 | Reverted: 0 | Pending: 4
Confirmed: 5/8 | Reverted: 0 | Pending: 3
Confirmed: 5/8 | Reverted: 0 | Pending: 3
Confirmed: 5/8 | Reverted: 0 | Pending: 3
Confirmed: 5/8 | Reverted: 0 | Pending: 3
Confirmed: 5/8 | Reverted: 0 | Pending: 3
Confirmed: 5/8 | Reverted: 0 | Pending: 3
Confirmed: 5/8 | Reverted: 0 | Pending: 3
Confirmed: 6/8 | Reverted: 0 | Pending: 2
Confirmed: 6/8 | Reverted: 0 | Pending: 2
Confirmed: 6/8 | Reverted: 0 | Pending: 2
Confirmed: 6/8 | Reverted: 0 | Pending: 2
Confirmed: 6/8 | Reverted: 0 | Pending: 2
Confirmed: 6/8 | Reverted: 0 | Pending: 2
Confirmed: 6/8 | Reverted: 0 | Pending: 2
Confirmed: 6/8 | Reverted: 0 | Pending: 2
Confirmed: 7/8 | Reverted: 0 | Pending: 1
Confirmed: 7/8 | Reverted: 0 | Pending: 1
Confirmed: 7/8 | Reverted: 0 | Pending: 1
Confirmed: 7/8 | Reverted: 0 | Pending: 1
Confirmed: 7/8 | Reverted: 0 | Pending: 1
Confirmed: 7/8 | Reverted: 0 | Pending: 1
Confirmed: 7/8 | Reverted: 0 | Pending: 1
Confirmed: 7/8 | Reverted: 0 | Pending: 1
Confirmed: 8/8 | Reverted: 0 | Pending: 0

Receipt polling finished.
------------------------------------------
Confirmed : 8
Reverted  : 0
Timeout   : 0
Duration  : 22.221s
------------------------------------------

============================================================
nproofs/vmno=128  num_vmnos=8  run=4  (off-chain source: reference_fallback)
============================================================

>>> on-chain leg: individual_n128_vmnos8_r4 (1024 tx total, 420B calldata, gas/tx=278265, to=0xF203969d21AdcBcf704bC75D246aB36A541fcda4)

Starting transaction producer...
Target submission rate : 500.00 tx/s
Submission workers      : 48


Producer finished.
------------------------------------------
Submitted : 1024/1024
Failed    : 0/1024
Duration  : 3.447s
Rate      : 297.03 tx/s
------------------------------------------

Starting receipt polling...
------------------------------------------
Transactions to confirm : 1024
Receipt workers         : 48
Receipt timeout         : 120.0s
------------------------------------------

Confirmed: 44/1024 | Reverted: 0 | Pending: 980
Confirmed: 147/1024 | Reverted: 0 | Pending: 877
Confirmed: 280/1024 | Reverted: 0 | Pending: 744
Confirmed: 403/1024 | Reverted: 0 | Pending: 621
Confirmed: 490/1024 | Reverted: 0 | Pending: 534
Confirmed: 580/1024 | Reverted: 0 | Pending: 444
Confirmed: 646/1024 | Reverted: 0 | Pending: 378
Confirmed: 709/1024 | Reverted: 0 | Pending: 315
Confirmed: 753/1024 | Reverted: 0 | Pending: 271
Confirmed: 796/1024 | Reverted: 0 | Pending: 228
Confirmed: 851/1024 | Reverted: 0 | Pending: 173
Confirmed: 864/1024 | Reverted: 0 | Pending: 160
Confirmed: 882/1024 | Reverted: 0 | Pending: 142
Confirmed: 932/1024 | Reverted: 0 | Pending: 92
Confirmed: 932/1024 | Reverted: 0 | Pending: 92
Confirmed: 997/1024 | Reverted: 0 | Pending: 27
Confirmed: 997/1024 | Reverted: 0 | Pending: 27
Confirmed: 1024/1024 | Reverted: 0 | Pending: 0

Receipt polling finished.
------------------------------------------
Confirmed : 1024
Reverted  : 0
Timeout   : 0
Duration  : 31.868s
------------------------------------------

>>> on-chain leg: aggregate_n128_vmnos8_r4 (8 tx total, 420B/tx x 8 distinct payloads, gas/tx=176660, to=0xC79B72094a4fa5E45887058231a319E28D2742e5)

Starting transaction producer...
Target submission rate : 500.00 tx/s
Submission workers      : 48


Producer finished.
------------------------------------------
Submitted : 8/8
Failed    : 0/8
Duration  : 0.060s
Rate      : 132.64 tx/s
------------------------------------------

Starting receipt polling...
------------------------------------------
Transactions to confirm : 8
Receipt workers         : 48
Receipt timeout         : 120.0s
------------------------------------------

Confirmed: 0/8 | Reverted: 0 | Pending: 8
Confirmed: 0/8 | Reverted: 0 | Pending: 8
Confirmed: 0/8 | Reverted: 0 | Pending: 8
Confirmed: 0/8 | Reverted: 0 | Pending: 8
Confirmed: 0/8 | Reverted: 0 | Pending: 8
Confirmed: 0/8 | Reverted: 0 | Pending: 8
Confirmed: 0/8 | Reverted: 0 | Pending: 8
Confirmed: 1/8 | Reverted: 0 | Pending: 7
Confirmed: 1/8 | Reverted: 0 | Pending: 7
Confirmed: 1/8 | Reverted: 0 | Pending: 7
Confirmed: 1/8 | Reverted: 0 | Pending: 7
Confirmed: 1/8 | Reverted: 0 | Pending: 7
Confirmed: 1/8 | Reverted: 0 | Pending: 7
Confirmed: 1/8 | Reverted: 0 | Pending: 7
Confirmed: 2/8 | Reverted: 0 | Pending: 6
Confirmed: 2/8 | Reverted: 0 | Pending: 6
Confirmed: 2/8 | Reverted: 0 | Pending: 6
Confirmed: 2/8 | Reverted: 0 | Pending: 6
Confirmed: 2/8 | Reverted: 0 | Pending: 6
Confirmed: 2/8 | Reverted: 0 | Pending: 6
Confirmed: 2/8 | Reverted: 0 | Pending: 6
Confirmed: 3/8 | Reverted: 0 | Pending: 5
Confirmed: 3/8 | Reverted: 0 | Pending: 5
Confirmed: 3/8 | Reverted: 0 | Pending: 5
Confirmed: 3/8 | Reverted: 0 | Pending: 5
Confirmed: 3/8 | Reverted: 0 | Pending: 5
Confirmed: 3/8 | Reverted: 0 | Pending: 5
Confirmed: 3/8 | Reverted: 0 | Pending: 5
Confirmed: 4/8 | Reverted: 0 | Pending: 4
Confirmed: 4/8 | Reverted: 0 | Pending: 4
Confirmed: 4/8 | Reverted: 0 | Pending: 4
Confirmed: 4/8 | Reverted: 0 | Pending: 4
Confirmed: 4/8 | Reverted: 0 | Pending: 4
Confirmed: 4/8 | Reverted: 0 | Pending: 4
Confirmed: 5/8 | Reverted: 0 | Pending: 3
Confirmed: 5/8 | Reverted: 0 | Pending: 3
Confirmed: 5/8 | Reverted: 0 | Pending: 3
Confirmed: 5/8 | Reverted: 0 | Pending: 3
Confirmed: 5/8 | Reverted: 0 | Pending: 3
Confirmed: 5/8 | Reverted: 0 | Pending: 3
Confirmed: 5/8 | Reverted: 0 | Pending: 3
Confirmed: 5/8 | Reverted: 0 | Pending: 3
Confirmed: 5/8 | Reverted: 0 | Pending: 3
Confirmed: 5/8 | Reverted: 0 | Pending: 3
Confirmed: 5/8 | Reverted: 0 | Pending: 3
Confirmed: 5/8 | Reverted: 0 | Pending: 3
Confirmed: 5/8 | Reverted: 0 | Pending: 3
Confirmed: 5/8 | Reverted: 0 | Pending: 3
Confirmed: 5/8 | Reverted: 0 | Pending: 3
Confirmed: 5/8 | Reverted: 0 | Pending: 3
Confirmed: 5/8 | Reverted: 0 | Pending: 3
Confirmed: 5/8 | Reverted: 0 | Pending: 3
Confirmed: 5/8 | Reverted: 0 | Pending: 3
Confirmed: 5/8 | Reverted: 0 | Pending: 3
Confirmed: 5/8 | Reverted: 0 | Pending: 3
Confirmed: 5/8 | Reverted: 0 | Pending: 3
Confirmed: 5/8 | Reverted: 0 | Pending: 3
Confirmed: 5/8 | Reverted: 0 | Pending: 3
Confirmed: 5/8 | Reverted: 0 | Pending: 3
Confirmed: 5/8 | Reverted: 0 | Pending: 3
Confirmed: 5/8 | Reverted: 0 | Pending: 3
Confirmed: 5/8 | Reverted: 0 | Pending: 3
Confirmed: 5/8 | Reverted: 0 | Pending: 3
Confirmed: 5/8 | Reverted: 0 | Pending: 3
Confirmed: 5/8 | Reverted: 0 | Pending: 3
Confirmed: 5/8 | Reverted: 0 | Pending: 3
Confirmed: 5/8 | Reverted: 0 | Pending: 3
Confirmed: 5/8 | Reverted: 0 | Pending: 3
Confirmed: 5/8 | Reverted: 0 | Pending: 3
Confirmed: 5/8 | Reverted: 0 | Pending: 3
Confirmed: 5/8 | Reverted: 0 | Pending: 3
Confirmed: 5/8 | Reverted: 0 | Pending: 3
Confirmed: 5/8 | Reverted: 0 | Pending: 3
Confirmed: 5/8 | Reverted: 0 | Pending: 3
Confirmed: 5/8 | Reverted: 0 | Pending: 3
Confirmed: 5/8 | Reverted: 0 | Pending: 3
Confirmed: 5/8 | Reverted: 0 | Pending: 3
Confirmed: 5/8 | Reverted: 0 | Pending: 3
Confirmed: 5/8 | Reverted: 0 | Pending: 3
Confirmed: 5/8 | Reverted: 0 | Pending: 3
Confirmed: 5/8 | Reverted: 0 | Pending: 3
Confirmed: 5/8 | Reverted: 0 | Pending: 3
Confirmed: 5/8 | Reverted: 0 | Pending: 3
Confirmed: 5/8 | Reverted: 0 | Pending: 3
Confirmed: 5/8 | Reverted: 0 | Pending: 3
Confirmed: 5/8 | Reverted: 0 | Pending: 3
Confirmed: 5/8 | Reverted: 0 | Pending: 3
Confirmed: 5/8 | Reverted: 0 | Pending: 3
Confirmed: 5/8 | Reverted: 0 | Pending: 3
Confirmed: 5/8 | Reverted: 0 | Pending: 3
Confirmed: 5/8 | Reverted: 0 | Pending: 3
Confirmed: 5/8 | Reverted: 0 | Pending: 3
Confirmed: 6/8 | Reverted: 0 | Pending: 2
Confirmed: 6/8 | Reverted: 0 | Pending: 2
Confirmed: 6/8 | Reverted: 0 | Pending: 2
Confirmed: 6/8 | Reverted: 0 | Pending: 2
Confirmed: 6/8 | Reverted: 0 | Pending: 2
Confirmed: 6/8 | Reverted: 0 | Pending: 2
Confirmed: 6/8 | Reverted: 0 | Pending: 2
Confirmed: 7/8 | Reverted: 0 | Pending: 1
Confirmed: 7/8 | Reverted: 0 | Pending: 1
Confirmed: 7/8 | Reverted: 0 | Pending: 1
Confirmed: 7/8 | Reverted: 0 | Pending: 1
Confirmed: 7/8 | Reverted: 0 | Pending: 1
Confirmed: 7/8 | Reverted: 0 | Pending: 1
Confirmed: 7/8 | Reverted: 0 | Pending: 1
Confirmed: 7/8 | Reverted: 0 | Pending: 1
Confirmed: 8/8 | Reverted: 0 | Pending: 0

Receipt polling finished.
------------------------------------------
Confirmed : 8
Reverted  : 0
Timeout   : 0
Duration  : 30.212s
------------------------------------------

============================================================
nproofs/vmno=128  num_vmnos=8  run=5  (off-chain source: reference_fallback)
============================================================

>>> on-chain leg: individual_n128_vmnos8_r5 (1024 tx total, 420B calldata, gas/tx=278265, to=0xF203969d21AdcBcf704bC75D246aB36A541fcda4)

Starting transaction producer...
Target submission rate : 500.00 tx/s
Submission workers      : 48


Producer finished.
------------------------------------------
Submitted : 1024/1024
Failed    : 0/1024
Duration  : 3.313s
Rate      : 309.09 tx/s
------------------------------------------

Starting receipt polling...
------------------------------------------
Transactions to confirm : 1024
Receipt workers         : 48
Receipt timeout         : 120.0s
------------------------------------------

Confirmed: 68/1024 | Reverted: 0 | Pending: 956
Confirmed: 190/1024 | Reverted: 0 | Pending: 834
Confirmed: 302/1024 | Reverted: 0 | Pending: 722
Confirmed: 420/1024 | Reverted: 0 | Pending: 604
Confirmed: 512/1024 | Reverted: 0 | Pending: 512
Confirmed: 588/1024 | Reverted: 0 | Pending: 436
Confirmed: 671/1024 | Reverted: 0 | Pending: 353
Confirmed: 740/1024 | Reverted: 0 | Pending: 284
Confirmed: 780/1024 | Reverted: 0 | Pending: 244
Confirmed: 809/1024 | Reverted: 0 | Pending: 215
Confirmed: 878/1024 | Reverted: 0 | Pending: 146
Confirmed: 878/1024 | Reverted: 0 | Pending: 146
Confirmed: 946/1024 | Reverted: 0 | Pending: 78
Confirmed: 946/1024 | Reverted: 0 | Pending: 78
Confirmed: 1006/1024 | Reverted: 0 | Pending: 18
Confirmed: 1006/1024 | Reverted: 0 | Pending: 18
Confirmed: 1006/1024 | Reverted: 0 | Pending: 18
Confirmed: 1007/1024 | Reverted: 0 | Pending: 17
Confirmed: 1024/1024 | Reverted: 0 | Pending: 0

Receipt polling finished.
------------------------------------------
Confirmed : 1024
Reverted  : 0
Timeout   : 0
Duration  : 30.280s
------------------------------------------

>>> on-chain leg: aggregate_n128_vmnos8_r5 (8 tx total, 420B/tx x 8 distinct payloads, gas/tx=176697, to=0xC79B72094a4fa5E45887058231a319E28D2742e5)

Starting transaction producer...
Target submission rate : 500.00 tx/s
Submission workers      : 48


Producer finished.
------------------------------------------
Submitted : 8/8
Failed    : 0/8
Duration  : 0.058s
Rate      : 137.10 tx/s
------------------------------------------

Starting receipt polling...
------------------------------------------
Transactions to confirm : 8
Receipt workers         : 48
Receipt timeout         : 120.0s
------------------------------------------

Confirmed: 0/8 | Reverted: 0 | Pending: 8
Confirmed: 0/8 | Reverted: 0 | Pending: 8
Confirmed: 0/8 | Reverted: 0 | Pending: 8
Confirmed: 0/8 | Reverted: 0 | Pending: 8
Confirmed: 0/8 | Reverted: 0 | Pending: 8
Confirmed: 0/8 | Reverted: 0 | Pending: 8
Confirmed: 0/8 | Reverted: 0 | Pending: 8
Confirmed: 0/8 | Reverted: 0 | Pending: 8
Confirmed: 0/8 | Reverted: 0 | Pending: 8
Confirmed: 0/8 | Reverted: 0 | Pending: 8
Confirmed: 0/8 | Reverted: 0 | Pending: 8
Confirmed: 1/8 | Reverted: 0 | Pending: 7
Confirmed: 1/8 | Reverted: 0 | Pending: 7
Confirmed: 1/8 | Reverted: 0 | Pending: 7
Confirmed: 1/8 | Reverted: 0 | Pending: 7
Confirmed: 1/8 | Reverted: 0 | Pending: 7
Confirmed: 1/8 | Reverted: 0 | Pending: 7
Confirmed: 1/8 | Reverted: 0 | Pending: 7
Confirmed: 2/8 | Reverted: 0 | Pending: 6
Confirmed: 2/8 | Reverted: 0 | Pending: 6
Confirmed: 2/8 | Reverted: 0 | Pending: 6
Confirmed: 2/8 | Reverted: 0 | Pending: 6
Confirmed: 2/8 | Reverted: 0 | Pending: 6
Confirmed: 2/8 | Reverted: 0 | Pending: 6
Confirmed: 3/8 | Reverted: 0 | Pending: 5
Confirmed: 3/8 | Reverted: 0 | Pending: 5
Confirmed: 3/8 | Reverted: 0 | Pending: 5
Confirmed: 3/8 | Reverted: 0 | Pending: 5
Confirmed: 3/8 | Reverted: 0 | Pending: 5
Confirmed: 3/8 | Reverted: 0 | Pending: 5
Confirmed: 3/8 | Reverted: 0 | Pending: 5
Confirmed: 4/8 | Reverted: 0 | Pending: 4
Confirmed: 4/8 | Reverted: 0 | Pending: 4
Confirmed: 4/8 | Reverted: 0 | Pending: 4
Confirmed: 4/8 | Reverted: 0 | Pending: 4
Confirmed: 4/8 | Reverted: 0 | Pending: 4
Confirmed: 4/8 | Reverted: 0 | Pending: 4
Confirmed: 4/8 | Reverted: 0 | Pending: 4
Confirmed: 5/8 | Reverted: 0 | Pending: 3
Confirmed: 5/8 | Reverted: 0 | Pending: 3
Confirmed: 5/8 | Reverted: 0 | Pending: 3
Confirmed: 5/8 | Reverted: 0 | Pending: 3
Confirmed: 5/8 | Reverted: 0 | Pending: 3
Confirmed: 5/8 | Reverted: 0 | Pending: 3
Confirmed: 5/8 | Reverted: 0 | Pending: 3
Confirmed: 6/8 | Reverted: 0 | Pending: 2
Confirmed: 6/8 | Reverted: 0 | Pending: 2
Confirmed: 6/8 | Reverted: 0 | Pending: 2
Confirmed: 6/8 | Reverted: 0 | Pending: 2
Confirmed: 6/8 | Reverted: 0 | Pending: 2
Confirmed: 6/8 | Reverted: 0 | Pending: 2
Confirmed: 6/8 | Reverted: 0 | Pending: 2
Confirmed: 6/8 | Reverted: 0 | Pending: 2
Confirmed: 7/8 | Reverted: 0 | Pending: 1
Confirmed: 7/8 | Reverted: 0 | Pending: 1
Confirmed: 7/8 | Reverted: 0 | Pending: 1
Confirmed: 7/8 | Reverted: 0 | Pending: 1
Confirmed: 7/8 | Reverted: 0 | Pending: 1
Confirmed: 7/8 | Reverted: 0 | Pending: 1
Confirmed: 7/8 | Reverted: 0 | Pending: 1
Confirmed: 8/8 | Reverted: 0 | Pending: 0

Receipt polling finished.
------------------------------------------
Confirmed : 8
Reverted  : 0
Timeout   : 0
Duration  : 17.627s
------------------------------------------
Wrote: results/hardware-proof-scaling/l3icalcul07/heterogeneous-8vmnos-w48-rw48-rate500/nproof-128/zkroam-heterogeneous-8vmnos/zkroam_heterogeneous_8vmnos_8_500.0_48_48_resource_usage.csv

Wrote: results/hardware-proof-scaling/l3icalcul07/heterogeneous-8vmnos-w48-rw48-rate500/nproof-128/zkroam-heterogeneous-8vmnos/zkroam_heterogeneous_8vmnos_8_500.0_48_48_sweep_summary.csv

============================================================================
SWEEP HIGHLIGHTS (median across runs per nproofs/VMNO level)
============================================================================
 nproofs  num_vmnos  ind_gas_total  agg_gas_total gas_save_%  pipeline_x
     128          8    247,777,280      1,229,040      99.5%       1.73x
============================================================================

$ /Utilisateurs/abellach/zkRoam/net-heterogeneity/venv/bin/python3 monitoring/collect_metrics.py --logs-dir logs --rpc http://172.28.0.10:8545 --start-block 30 --end-block 232 --log-offsets results/hardware-proof-scaling/l3icalcul07/heterogeneous-8vmnos-w48-rw48-rate500/nproof-128/zkroam-heterogeneous-8vmnos/log_offsets_at_workload_start.json --out results/hardware-proof-scaling/l3icalcul07/heterogeneous-8vmnos-w48-rw48-rate500/nproof-128/zkroam-heterogeneous-8vmnos/consensus_robustness.csv
Total view changes across all nodes: 0
Blocks exceeding 2x block period (stall indicator): 0/203
Wrote results/hardware-proof-scaling/l3icalcul07/heterogeneous-8vmnos-w48-rw48-rate500/nproof-128/zkroam-heterogeneous-8vmnos/consensus_robustness.csv

$ /Utilisateurs/abellach/zkRoam/net-heterogeneity/venv/bin/python3 scripts/apptainer-network.py snapshot --out results/hardware-proof-scaling/l3icalcul07/heterogeneous-8vmnos-w48-rw48-rate500/nproof-128/zkroam-heterogeneous-8vmnos/runtime_snapshot
$ nsenter -t 1396732 -n apptainer exec --cleanenv /Utilisateurs/abellach/zkRoam/net-heterogeneity/zkroam-besu.sif tc -s qdisc show
$ nsenter -t 1396732 -n apptainer exec --cleanenv /Utilisateurs/abellach/zkRoam/net-heterogeneity/zkroam-besu.sif tc -s class show
$ nsenter -t 1396732 -n apptainer exec --cleanenv /Utilisateurs/abellach/zkRoam/net-heterogeneity/zkroam-besu.sif tc -s filter show
$ nsenter -t 1396732 -n apptainer exec --cleanenv /Utilisateurs/abellach/zkRoam/net-heterogeneity/zkroam-besu.sif ip -o addr show
$ nsenter -t 1397212 -n apptainer exec --cleanenv /Utilisateurs/abellach/zkRoam/net-heterogeneity/zkroam-besu.sif tc -s qdisc show
$ nsenter -t 1397212 -n apptainer exec --cleanenv /Utilisateurs/abellach/zkRoam/net-heterogeneity/zkroam-besu.sif tc -s class show
$ nsenter -t 1397212 -n apptainer exec --cleanenv /Utilisateurs/abellach/zkRoam/net-heterogeneity/zkroam-besu.sif tc -s filter show
$ nsenter -t 1397212 -n apptainer exec --cleanenv /Utilisateurs/abellach/zkRoam/net-heterogeneity/zkroam-besu.sif ip -o addr show
$ nsenter -t 1397799 -n apptainer exec --cleanenv /Utilisateurs/abellach/zkRoam/net-heterogeneity/zkroam-besu.sif tc -s qdisc show
$ nsenter -t 1397799 -n apptainer exec --cleanenv /Utilisateurs/abellach/zkRoam/net-heterogeneity/zkroam-besu.sif tc -s class show
$ nsenter -t 1397799 -n apptainer exec --cleanenv /Utilisateurs/abellach/zkRoam/net-heterogeneity/zkroam-besu.sif tc -s filter show
$ nsenter -t 1397799 -n apptainer exec --cleanenv /Utilisateurs/abellach/zkRoam/net-heterogeneity/zkroam-besu.sif ip -o addr show
$ nsenter -t 1398451 -n apptainer exec --cleanenv /Utilisateurs/abellach/zkRoam/net-heterogeneity/zkroam-besu.sif tc -s qdisc show
$ nsenter -t 1398451 -n apptainer exec --cleanenv /Utilisateurs/abellach/zkRoam/net-heterogeneity/zkroam-besu.sif tc -s class show
$ nsenter -t 1398451 -n apptainer exec --cleanenv /Utilisateurs/abellach/zkRoam/net-heterogeneity/zkroam-besu.sif tc -s filter show
$ nsenter -t 1398451 -n apptainer exec --cleanenv /Utilisateurs/abellach/zkRoam/net-heterogeneity/zkroam-besu.sif ip -o addr show
$ nsenter -t 1399218 -n apptainer exec --cleanenv /Utilisateurs/abellach/zkRoam/net-heterogeneity/zkroam-besu.sif tc -s qdisc show
$ nsenter -t 1399218 -n apptainer exec --cleanenv /Utilisateurs/abellach/zkRoam/net-heterogeneity/zkroam-besu.sif tc -s class show
$ nsenter -t 1399218 -n apptainer exec --cleanenv /Utilisateurs/abellach/zkRoam/net-heterogeneity/zkroam-besu.sif tc -s filter show
$ nsenter -t 1399218 -n apptainer exec --cleanenv /Utilisateurs/abellach/zkRoam/net-heterogeneity/zkroam-besu.sif ip -o addr show
$ nsenter -t 1400022 -n apptainer exec --cleanenv /Utilisateurs/abellach/zkRoam/net-heterogeneity/zkroam-besu.sif tc -s qdisc show
$ nsenter -t 1400022 -n apptainer exec --cleanenv /Utilisateurs/abellach/zkRoam/net-heterogeneity/zkroam-besu.sif tc -s class show
$ nsenter -t 1400022 -n apptainer exec --cleanenv /Utilisateurs/abellach/zkRoam/net-heterogeneity/zkroam-besu.sif tc -s filter show
$ nsenter -t 1400022 -n apptainer exec --cleanenv /Utilisateurs/abellach/zkRoam/net-heterogeneity/zkroam-besu.sif ip -o addr show
$ nsenter -t 1400791 -n apptainer exec --cleanenv /Utilisateurs/abellach/zkRoam/net-heterogeneity/zkroam-besu.sif tc -s qdisc show
$ nsenter -t 1400791 -n apptainer exec --cleanenv /Utilisateurs/abellach/zkRoam/net-heterogeneity/zkroam-besu.sif tc -s class show
$ nsenter -t 1400791 -n apptainer exec --cleanenv /Utilisateurs/abellach/zkRoam/net-heterogeneity/zkroam-besu.sif tc -s filter show
$ nsenter -t 1400791 -n apptainer exec --cleanenv /Utilisateurs/abellach/zkRoam/net-heterogeneity/zkroam-besu.sif ip -o addr show
$ nsenter -t 1401652 -n apptainer exec --cleanenv /Utilisateurs/abellach/zkRoam/net-heterogeneity/zkroam-besu.sif tc -s qdisc show
$ nsenter -t 1401652 -n apptainer exec --cleanenv /Utilisateurs/abellach/zkRoam/net-heterogeneity/zkroam-besu.sif tc -s class show
$ nsenter -t 1401652 -n apptainer exec --cleanenv /Utilisateurs/abellach/zkRoam/net-heterogeneity/zkroam-besu.sif tc -s filter show
$ nsenter -t 1401652 -n apptainer exec --cleanenv /Utilisateurs/abellach/zkRoam/net-heterogeneity/zkroam-besu.sif ip -o addr show
$ nsenter -t 1402417 -n apptainer exec --cleanenv /Utilisateurs/abellach/zkRoam/net-heterogeneity/zkroam-besu.sif tc -s qdisc show
$ nsenter -t 1402417 -n apptainer exec --cleanenv /Utilisateurs/abellach/zkRoam/net-heterogeneity/zkroam-besu.sif tc -s class show
$ nsenter -t 1402417 -n apptainer exec --cleanenv /Utilisateurs/abellach/zkRoam/net-heterogeneity/zkroam-besu.sif tc -s filter show
$ nsenter -t 1402417 -n apptainer exec --cleanenv /Utilisateurs/abellach/zkRoam/net-heterogeneity/zkroam-besu.sif ip -o addr show
$ nsenter -t 1403210 -n apptainer exec --cleanenv /Utilisateurs/abellach/zkRoam/net-heterogeneity/zkroam-besu.sif tc -s qdisc show
$ nsenter -t 1403210 -n apptainer exec --cleanenv /Utilisateurs/abellach/zkRoam/net-heterogeneity/zkroam-besu.sif tc -s class show
$ nsenter -t 1403210 -n apptainer exec --cleanenv /Utilisateurs/abellach/zkRoam/net-heterogeneity/zkroam-besu.sif tc -s filter show
$ nsenter -t 1403210 -n apptainer exec --cleanenv /Utilisateurs/abellach/zkRoam/net-heterogeneity/zkroam-besu.sif ip -o addr show
$ nsenter -t 1403992 -n apptainer exec --cleanenv /Utilisateurs/abellach/zkRoam/net-heterogeneity/zkroam-besu.sif tc -s qdisc show
$ nsenter -t 1403992 -n apptainer exec --cleanenv /Utilisateurs/abellach/zkRoam/net-heterogeneity/zkroam-besu.sif tc -s class show
$ nsenter -t 1403992 -n apptainer exec --cleanenv /Utilisateurs/abellach/zkRoam/net-heterogeneity/zkroam-besu.sif tc -s filter show
$ nsenter -t 1403992 -n apptainer exec --cleanenv /Utilisateurs/abellach/zkRoam/net-heterogeneity/zkroam-besu.sif ip -o addr show
$ nsenter -t 1404785 -n apptainer exec --cleanenv /Utilisateurs/abellach/zkRoam/net-heterogeneity/zkroam-besu.sif tc -s qdisc show
$ nsenter -t 1404785 -n apptainer exec --cleanenv /Utilisateurs/abellach/zkRoam/net-heterogeneity/zkroam-besu.sif tc -s class show
$ nsenter -t 1404785 -n apptainer exec --cleanenv /Utilisateurs/abellach/zkRoam/net-heterogeneity/zkroam-besu.sif tc -s filter show
$ nsenter -t 1404785 -n apptainer exec --cleanenv /Utilisateurs/abellach/zkRoam/net-heterogeneity/zkroam-besu.sif ip -o addr show
$ nsenter -t 1405578 -n apptainer exec --cleanenv /Utilisateurs/abellach/zkRoam/net-heterogeneity/zkroam-besu.sif tc -s qdisc show
$ nsenter -t 1405578 -n apptainer exec --cleanenv /Utilisateurs/abellach/zkRoam/net-heterogeneity/zkroam-besu.sif tc -s class show
$ nsenter -t 1405578 -n apptainer exec --cleanenv /Utilisateurs/abellach/zkRoam/net-heterogeneity/zkroam-besu.sif tc -s filter show
$ nsenter -t 1405578 -n apptainer exec --cleanenv /Utilisateurs/abellach/zkRoam/net-heterogeneity/zkroam-besu.sif ip -o addr show
$ nsenter -t 1406377 -n apptainer exec --cleanenv /Utilisateurs/abellach/zkRoam/net-heterogeneity/zkroam-besu.sif tc -s qdisc show
$ nsenter -t 1406377 -n apptainer exec --cleanenv /Utilisateurs/abellach/zkRoam/net-heterogeneity/zkroam-besu.sif tc -s class show
$ nsenter -t 1406377 -n apptainer exec --cleanenv /Utilisateurs/abellach/zkRoam/net-heterogeneity/zkroam-besu.sif tc -s filter show
$ nsenter -t 1406377 -n apptainer exec --cleanenv /Utilisateurs/abellach/zkRoam/net-heterogeneity/zkroam-besu.sif ip -o addr show
$ nsenter -t 1407177 -n apptainer exec --cleanenv /Utilisateurs/abellach/zkRoam/net-heterogeneity/zkroam-besu.sif tc -s qdisc show
$ nsenter -t 1407177 -n apptainer exec --cleanenv /Utilisateurs/abellach/zkRoam/net-heterogeneity/zkroam-besu.sif tc -s class show
$ nsenter -t 1407177 -n apptainer exec --cleanenv /Utilisateurs/abellach/zkRoam/net-heterogeneity/zkroam-besu.sif tc -s filter show
$ nsenter -t 1407177 -n apptainer exec --cleanenv /Utilisateurs/abellach/zkRoam/net-heterogeneity/zkroam-besu.sif ip -o addr show
$ apptainer exec --cleanenv /Utilisateurs/abellach/zkRoam/net-heterogeneity/zkroam-besu.sif ip -details addr show zkroam0

$ /Utilisateurs/abellach/zkRoam/net-heterogeneity/venv/bin/python3 scripts/apptainer-network.py stop
$ apptainer exec --cleanenv /Utilisateurs/abellach/zkRoam/net-heterogeneity/zkroam-besu.sif ip -o link show
$ apptainer exec --cleanenv /Utilisateurs/abellach/zkRoam/net-heterogeneity/zkroam-besu.sif ip link delete zkh00
$ apptainer exec --cleanenv /Utilisateurs/abellach/zkRoam/net-heterogeneity/zkroam-besu.sif ip link delete zkh01
$ apptainer exec --cleanenv /Utilisateurs/abellach/zkRoam/net-heterogeneity/zkroam-besu.sif ip link delete zkh02
$ apptainer exec --cleanenv /Utilisateurs/abellach/zkRoam/net-heterogeneity/zkroam-besu.sif ip link delete zkh03
$ apptainer exec --cleanenv /Utilisateurs/abellach/zkRoam/net-heterogeneity/zkroam-besu.sif ip link delete zkh04
$ apptainer exec --cleanenv /Utilisateurs/abellach/zkRoam/net-heterogeneity/zkroam-besu.sif ip link delete zkh05
$ apptainer exec --cleanenv /Utilisateurs/abellach/zkRoam/net-heterogeneity/zkroam-besu.sif ip link delete zkh06
$ apptainer exec --cleanenv /Utilisateurs/abellach/zkRoam/net-heterogeneity/zkroam-besu.sif ip link delete zkh07
$ apptainer exec --cleanenv /Utilisateurs/abellach/zkRoam/net-heterogeneity/zkroam-besu.sif ip link delete zkh08
$ apptainer exec --cleanenv /Utilisateurs/abellach/zkRoam/net-heterogeneity/zkroam-besu.sif ip link delete zkh09
$ apptainer exec --cleanenv /Utilisateurs/abellach/zkRoam/net-heterogeneity/zkroam-besu.sif ip link delete zkh10
$ apptainer exec --cleanenv /Utilisateurs/abellach/zkRoam/net-heterogeneity/zkroam-besu.sif ip link delete zkh11
$ apptainer exec --cleanenv /Utilisateurs/abellach/zkRoam/net-heterogeneity/zkroam-besu.sif ip link delete zkh12
$ apptainer exec --cleanenv /Utilisateurs/abellach/zkRoam/net-heterogeneity/zkroam-besu.sif ip link delete zkh13
$ apptainer exec --cleanenv /Utilisateurs/abellach/zkRoam/net-heterogeneity/zkroam-besu.sif ip link delete zkh14
$ apptainer exec --cleanenv /Utilisateurs/abellach/zkRoam/net-heterogeneity/zkroam-besu.sif ip link delete zkroam0
