[node05] network interface=eth0
[node05] tier=core applying P2P-only tc netem:  delay=10ms(+/-0ms) rate=100mbit loss=0%
[node05] tc rules applied:
qdisc htb 1: root refcnt 257 r2q 10 default 0x1 direct_packets_stat 0 direct_qlen 1000
qdisc netem 110: parent 1:10 limit 1000 delay 10ms
Setting logging level to INFO
2026-10-07 20:53:50.332+00:00 | main | INFO  | Besu | Starting Besu
2026-10-07 20:53:50.714+00:00 | main | WARN  | Besu | --graphql-http-host has been ignored because --graphql-http-enabled was not defined on the command line.
2026-10-07 20:53:50.818+00:00 | main | INFO  | Besu | Connecting to 0 static nodes.
2026-10-07 20:53:50.822+00:00 | main | INFO  | Besu | Forcing price bump for transaction replacement to 0, since min-gas-price is set to 0
2026-10-07 20:53:50.822+00:00 | main | WARN  | Besu | Forcing tx-pool-min-gas-price=0, since it cannot be greater than the value of min-gas-price
2026-10-07 20:53:51.270+00:00 | main | INFO  | Besu | 
####################################################################################################
#                                                                                                  #
# Besu version 24.7.0                                                                              #
#                                                                                                  #
# Configuration:                                                                                   #
# Network: Custom genesis file                                                                     #
# /config/genesis.json                                                                             #
# Network Id: 1337                                                                                 #
# Data storage: Bonsai                                                                             #
# Sync mode: Full                                                                                  #
# RPC HTTP APIs: ETH,QBFT,NET,ADMIN,WEB3                                                           #
# RPC HTTP port: 8545                                                                              #
# Using LAYERED transaction pool implementation                                                    #
# Using STACKED worldstate update mode                                                             #
# Limit trie logs enabled: retention: 512; prune window: 30000                                     #
#                                                                                                  #
# Host:                                                                                            #
# Java: openjdk-java-21                                                                            #
# Maximum heap size: 29.50 GB                                                                      #
# OS: linux-x86_64                                                                                 #
# glibc: 2.39                                                                                      #
# jemalloc: 5.3.0-0-g54eaed1d8b56b1aa528be3bdd1877e59c56fa90c                                      #
# Total memory: 1007.68 GB                                                                         #
# CPU cores: 256                                                                                   #
#                                                                                                  #
# Plugin Registration Summary:                                                                     #
# No plugins have been registered.                                                                 #
# TOTAL = 0 of 0 plugins successfully registered.                                                  #
#                                                                                                  #
####################################################################################################
2026-10-07 20:53:51.270+00:00 | main | INFO  | Besu | Security Module: localfile
2026-10-07 20:53:51.272+00:00 | main | INFO  | VersionMetadata | Lookup version metadata file in data directory: /data
2026-10-07 20:53:51.273+00:00 | main | INFO  | VersionMetadata | No version data detected. Writing Besu version 24.7.0 to metadata file
2026-10-07 20:53:51.379+00:00 | main | INFO  | Besu | Using the native implementation of alt bn128
2026-10-07 20:53:51.461+00:00 | main | INFO  | Besu | Using the native implementation of modexp
2026-10-07 20:53:51.461+00:00 | main | INFO  | Besu | Using the native implementation of the signature algorithm
2026-10-07 20:53:51.474+00:00 | main | INFO  | Besu | Using the native implementation of the blake2bf algorithm
2026-10-07 20:53:51.573+00:00 | main | INFO  | Besu | Forcing price bump for transaction replacement to 0, since min-gas-price is set to 0
2026-10-07 20:53:51.575+00:00 | main | WARN  | Besu | Forcing tx-pool-min-gas-price=0, since it cannot be greater than the value of min-gas-price
2026-10-07 20:53:51.577+00:00 | main | INFO  | KeyPairUtil | Attempting to load public key from /data/key.priv
2026-10-07 20:53:51.604+00:00 | main | INFO  | KeyPairUtil | Loaded public key 0x4cc6c65cd8e0bbd088e4254e068a4726997b600ec57b8e9d48f5d03f6e7adce50a251b91ad47ca2ea644282c2e00f271be7d624acca6f6eedbca0309a1b78b2b from /data/key.priv
2026-10-07 20:53:51.790+00:00 | main | INFO  | ProtocolScheduleBuilder | Protocol schedule created with milestones: [Berlin:0]
2026-10-07 20:53:51.794+00:00 | main | INFO  | RocksDBKeyValueStorageFactory | No existing database at /data. Using default metadata for new db versionedStorageFormat=BaseVersionedStorageFormat{format=BONSAI, version=2}
2026-10-07 20:53:52.117+00:00 | main | INFO  | FlatDbStrategyProvider | Bonsai flat db mode found FULL
2026-10-07 20:53:52.121+00:00 | main | INFO  | FlatDbStrategyProvider | Bonsai db mode with code stored using code hash enabled = true
2026-10-07 20:53:52.139+00:00 | main | INFO  | FlatDbStrategyProvider | Bonsai flat db mode found FULL
2026-10-07 20:53:52.143+00:00 | main | INFO  | FlatDbStrategyProvider | Bonsai db mode with code stored using code hash enabled = true
2026-10-07 20:53:52.582+00:00 | main | INFO  | TransactionPoolFactory | Enabling transaction pool
2026-10-07 20:53:52.601+00:00 | main | INFO  | BesuControllerBuilder | TTD difficulty is not present, creating initial sync phase for PoW
2026-10-07 20:53:52.657+00:00 | main | INFO  | TrieLogPruner | Loading first 30000 trie logs from database...
2026-10-07 20:53:52.658+00:00 | main | INFO  | TrieLogPruner | Loaded 1 trie logs from database
2026-10-07 20:53:52.666+00:00 | main | INFO  | RunnerBuilder | Resolved 3 bootnodes.
2026-10-07 20:53:52.675+00:00 | main | INFO  | RunnerBuilder | Detecting NAT service.
2026-10-07 20:53:52.894+00:00 | main | INFO  | Runner | Starting external services ... 
2026-10-07 20:53:52.895+00:00 | main | INFO  | JsonRpcHttpService | Starting JSON-RPC service on 0.0.0.0:8545
2026-10-07 20:53:53.030+00:00 | main | INFO  | WebSocketService | Starting Websocket service on 0.0.0.0:8546
2026-10-07 20:53:53.028+00:00 | vert.x-eventloop-thread-1 | INFO  | JsonRpcHttpService | JSON-RPC service started and listening on 0.0.0.0:8545
2026-10-07 20:53:53.032+00:00 | vert.x-eventloop-thread-1 | INFO  | WebSocketService | Websocket service started and listening on 0.0.0.0:8546
2026-10-07 20:53:53.036+00:00 | main | INFO  | AutoTransactionLogBloomCachingService | Starting auto transaction log bloom caching service.
2026-10-07 20:53:53.040+00:00 | main | INFO  | LogBloomCacheMetadata | Lookup cache metadata file in data directory: /data/caches
2026-10-07 20:53:53.051+00:00 | main | INFO  | Runner | Starting Ethereum main loop ... 
2026-10-07 20:53:53.051+00:00 | main | INFO  | NatService | No NAT environment detected so no service could be started
2026-10-07 20:53:53.051+00:00 | main | INFO  | NetworkRunner | Starting Network.
2026-10-07 20:53:53.069+00:00 | nioEventLoopGroup-2-1 | INFO  | RlpxAgent | P2P RLPx agent started and listening on /[0:0:0:0:0:0:0:0]:30303.
2026-10-07 20:53:53.070+00:00 | main | INFO  | PeerDiscoveryAgent | Starting peer discovery agent on host=0.0.0.0, port=30303. IPv6 available.
2026-10-07 20:53:53.083+00:00 | vert.x-eventloop-thread-1 | INFO  | VertxPeerDiscoveryAgent | Started peer discovery agent successfully, on effective host=0:0:0:0:0:0:0:0%0 and port=30303
2026-10-07 20:53:53.084+00:00 | vert.x-eventloop-thread-1 | INFO  | PeerDiscoveryAgent | P2P peer discovery agent started and listening on /[0:0:0:0:0:0:0:0%0]:30303
2026-10-07 20:53:53.161+00:00 | vert.x-eventloop-thread-1 | INFO  | PeerDiscoveryAgent | Writing node record to disk. NodeRecord{seq=1, publicKey=0x034cc6c65cd8e0bbd088e4254e068a4726997b600ec57b8e9d48f5d03f6e7adce5, udpAddress=Optional[/0.0.0.0:30303], tcpAddress=Optional[/0.0.0.0:30303], asBase64=-Je4QN1A4Wl2wvaatqyQmOzBEV1JErkOQSth9uZeDHXHNuUDRva5B5mbZDI5aw2i5LO8dPxfN-VX2-kAFiQnYhE8K9QBg2V0aMfGhPA2timAgmlkgnY0gmlwhAAAAACJc2VjcDI1NmsxoQNMxsZc2OC70IjkJU4GikcmmXtgDsV7jp1I9dA_bnrc5YN0Y3CCdl-DdWRwgnZf, nodeId=0xd1c73f8234aa671aa18651c77c40b00dcf55baadb0931dd4cff6e21f00057e91, customFields={tcp=30303, udp=30303, ip=0x00000000, eth=[[0xf036b629, 0x]], id=V4, secp256k1=0x034cc6c65cd8e0bbd088e4254e068a4726997b600ec57b8e9d48f5d03f6e7adce5}}
2026-10-07 20:53:53.197+00:00 | main | INFO  | DefaultP2PNetwork | Enode URL enode://4cc6c65cd8e0bbd088e4254e068a4726997b600ec57b8e9d48f5d03f6e7adce50a251b91ad47ca2ea644282c2e00f271be7d624acca6f6eedbca0309a1b78b2b@0.0.0.0:30303
2026-10-07 20:53:53.197+00:00 | main | INFO  | DefaultP2PNetwork | Node address 0x7c40b00dcf55baadb0931dd4cff6e21f00057e91
2026-10-07 20:53:53.230+00:00 | main | INFO  | NetworkRunner | Supported capabilities: [eth/62, eth/63, eth/64, eth/65, eth/66, eth/67, eth/68], [istanbul/100], [snap/1]
2026-10-07 20:53:53.230+00:00 | main | INFO  | DefaultSynchronizer | Starting synchronizer.
2026-10-07 20:53:53.232+00:00 | main | INFO  | TransactionPoolFactory | Enabling transaction handling following initial sync
2026-10-07 20:53:53.232+00:00 | main | INFO  | QbftBesuControllerBuilder | Starting QBFT mining coordinator following initial sync
2026-10-07 20:53:53.244+00:00 | main | INFO  | FullSyncDownloader | Starting full sync.
2026-10-07 20:53:53.245+00:00 | main | INFO  | FullSyncTargetManager | Unable to find sync target. Currently checking 0 peers for usefulness
2026-10-07 20:53:53.254+00:00 | main | INFO  | Runner | Ethereum main loop is up.
2026-10-07 20:53:53.471+00:00 | nioEventLoopGroup-3-7 | INFO  | FullSyncTargetManager | Unable to find sync target. Currently checking 5 peers for usefulness
2026-10-07 20:53:58.274+00:00 | nioEventLoopGroup-3-2 | INFO  | FullSyncTargetManager | Unable to find sync target. Currently checking 6 peers for usefulness
2026-10-07 20:54:00.588+00:00 | nioEventLoopGroup-3-3 | INFO  | FullSyncTargetManager | Unable to find sync target. Currently checking 7 peers for usefulness
2026-10-07 20:54:02.654+00:00 | nioEventLoopGroup-3-6 | INFO  | FullSyncTargetManager | Unable to find sync target. Currently checking 8 peers for usefulness
2026-10-07 20:54:04.863+00:00 | nioEventLoopGroup-3-7 | INFO  | FullSyncTargetManager | Unable to find sync target. Currently checking 9 peers for usefulness
2026-10-07 20:54:06.998+00:00 | nioEventLoopGroup-3-9 | INFO  | FullSyncTargetManager | Unable to find sync target. Currently checking 10 peers for usefulness
2026-10-07 20:54:09.506+00:00 | nioEventLoopGroup-3-1 | INFO  | FullSyncTargetManager | Unable to find sync target. Currently checking 11 peers for usefulness
2026-10-07 20:54:12.455+00:00 | BftProcessorExecutor-QBFT-0 | INFO  | QbftRound | Importing proposed block to chain. round=ConsensusRoundIdentifier{Sequence=1, Round=1}, hash=0xffa337327f7ca0c0513f49bcae84a4319d292117f7eda9058a6faa9d208c60ca
2026-10-07 20:54:12.481+00:00 | BftProcessorExecutor-QBFT-0 | INFO  | QbftBesuControllerBuilder | Imported #1 / 0 tx / 0 pending / 0 (0.0%) gas / (0xffa337327f7ca0c0513f49bcae84a4319d292117f7eda9058a6faa9d208c60ca)
2026-10-07 20:54:13.315+00:00 | nioEventLoopGroup-3-3 | INFO  | FullSyncTargetManager | Unable to find sync target. Currently checking 12 peers for usefulness
2026-10-07 20:54:14.278+00:00 | BftProcessorExecutor-QBFT-0 | INFO  | QbftBesuControllerBuilder | Imported #2 / 0 tx / 0 pending / 0 (0.0%) gas / (0x3a6a5fa227aaf089a847d97d425cecf6e4db3c021f0a75fb54cd1582d8d746fb)
2026-10-07 20:54:14.287+00:00 | EthScheduler-Workers-0 | INFO  | PersistBlockTask | Block 2 (0x3a6a5fa227aaf089a847d97d425cecf6e4db3c021f0a75fb54cd1582d8d746fb) is already imported
2026-10-07 20:54:16.271+00:00 | BftProcessorExecutor-QBFT-0 | INFO  | QbftBesuControllerBuilder | Imported #3 / 0 tx / 0 pending / 0 (0.0%) gas / (0x75be778bab7a3c941b2d00dd346aabd47ab21dfa018db9f49e3e6f5c15e5ecc6)
2026-10-07 20:54:18.328+00:00 | BftProcessorExecutor-QBFT-0 | INFO  | QbftBesuControllerBuilder | Imported #4 / 0 tx / 0 pending / 0 (0.0%) gas / (0xa76b107a36c7e03dc6b0d4943d0329583864ab2bb98643a2e2b809f3923aa888)
2026-10-07 20:54:20.264+00:00 | BftProcessorExecutor-QBFT-0 | INFO  | QbftBesuControllerBuilder | Produced #5 / 0 tx / 0 pending / 0 (0.0%) gas / (0xd2585bc072b769fb82752f220cb74cd8d76539b93806fb551561d6e403e1c859)
2026-10-07 20:54:22.367+00:00 | BftProcessorExecutor-QBFT-0 | INFO  | QbftBesuControllerBuilder | Imported #6 / 0 tx / 0 pending / 0 (0.0%) gas / (0xdc80c747d16d5a827ed8b5a16ba068637ffc13feba3d50c3bcf140491d661c0e)
2026-10-07 20:54:24.364+00:00 | BftProcessorExecutor-QBFT-0 | INFO  | QbftBesuControllerBuilder | Imported #7 / 0 tx / 1 pending / 0 (0.0%) gas / (0xa52e063f5d487642623a2c02214628cee5b9b84db50d56a46c4f64446a135bab)
2026-10-07 20:54:26.404+00:00 | BftProcessorExecutor-QBFT-0 | INFO  | QbftBesuControllerBuilder | Imported #8 / 0 tx / 1 pending / 0 (0.0%) gas / (0xa9b05d736111ab0c71ff59e5a2555e92c7911946922099d594a238d2f92681a3)
2026-10-07 20:54:28.413+00:00 | BftProcessorExecutor-QBFT-0 | INFO  | QbftBesuControllerBuilder | Imported #9 / 0 tx / 1 pending / 0 (0.0%) gas / (0x25398bf34f98a1ab9d8b789e078816e9106ec6ff5094a85ff86db8d86a90ddfb)
2026-10-07 20:54:30.431+00:00 | BftProcessorExecutor-QBFT-0 | INFO  | QbftBesuControllerBuilder | Imported #10 / 0 tx / 1 pending / 0 (0.0%) gas / (0x65b124adac09cdbfe34b2ca6c922d25cc64f3d988f7135c8838cc959d700dc6e)
2026-10-07 20:54:32.427+00:00 | BftProcessorExecutor-QBFT-0 | INFO  | QbftBesuControllerBuilder | Imported #11 / 0 tx / 1 pending / 0 (0.0%) gas / (0x7d4e09803c53a8b42aaddced0d350cc0a27fac73839e8d692472c40bc0d0b90c)
2026-10-07 20:54:34.595+00:00 | BftProcessorExecutor-QBFT-0 | INFO  | QbftBesuControllerBuilder | Imported #12 / 0 tx / 1 pending / 0 (0.0%) gas / (0xf6f76562cbff7bd012b127e8c21412b22b8270cc7578b220c6eda77aad4f305b)
2026-10-07 20:54:36.500+00:00 | BftProcessorExecutor-QBFT-0 | INFO  | QbftBesuControllerBuilder | Imported #13 / 0 tx / 1 pending / 0 (0.0%) gas / (0xe6c34eba94b7ab2302c6ce1f84d716bd081678e80863a898158bcb80c60b3844)
2026-10-07 20:54:38.616+00:00 | BftProcessorExecutor-QBFT-0 | INFO  | QbftBesuControllerBuilder | Imported #14 / 0 tx / 1 pending / 0 (0.0%) gas / (0xe5a896e08f425a64d61ce5dd31b78f3eb823bf89c402459bc9a0f15c2eda7121)
2026-10-07 20:54:40.351+00:00 | BftProcessorExecutor-QBFT-0 | INFO  | QbftBesuControllerBuilder | Imported #15 / 1 tx / 0 pending / 465,218 (0.0%) gas / (0x64045feb6f6c1d500ee07eab985f4feacd019007b54be79e762388e82ddaaa14)
2026-10-07 20:54:42.250+00:00 | EthScheduler-Workers-0 | INFO  | PersistBlockTask | Block 16 (0x8261996c204151e71352f9ce416cf49465fadfbbbadce894c41e1ccf32ccbfba) is already imported
2026-10-07 20:54:42.250+00:00 | BftProcessorExecutor-QBFT-0 | INFO  | QbftBesuControllerBuilder | Imported #16 / 0 tx / 1 pending / 0 (0.0%) gas / (0x8261996c204151e71352f9ce416cf49465fadfbbbadce894c41e1ccf32ccbfba)
2026-10-07 20:54:44.243+00:00 | BftProcessorExecutor-QBFT-0 | INFO  | QbftBesuControllerBuilder | Imported #17 / 0 tx / 1 pending / 0 (0.0%) gas / (0xe067e30acb219c401278f16d077737f8b794c27ef63ba85f0ed5e2b592f96927)
2026-10-07 20:54:46.238+00:00 | BftProcessorExecutor-QBFT-0 | INFO  | QbftBesuControllerBuilder | Imported #18 / 0 tx / 1 pending / 0 (0.0%) gas / (0x07fd61e5668b94fd5a990339a624c110225287640caf8d9cf1913030e1d28af1)
2026-10-07 20:54:48.259+00:00 | EthScheduler-Workers-0 | INFO  | PersistBlockTask | Block 19 (0x7dd6743fc54f61f193bd0f279d843b4528dd0589a4b9133c7ec57846be804ac0) is already imported
2026-10-07 20:54:48.260+00:00 | BftProcessorExecutor-QBFT-0 | INFO  | QbftBesuControllerBuilder | Imported #19 / 0 tx / 1 pending / 0 (0.0%) gas / (0x7dd6743fc54f61f193bd0f279d843b4528dd0589a4b9133c7ec57846be804ac0)
2026-10-07 20:54:50.247+00:00 | BftProcessorExecutor-QBFT-0 | INFO  | QbftBesuControllerBuilder | Produced #20 / 0 tx / 1 pending / 0 (0.0%) gas / (0x298ca000e8a828e6afc3fc085129a5176a8c6f9eb8787eac2668a558e6b48b2c)
2026-10-07 20:54:52.314+00:00 | BftProcessorExecutor-QBFT-0 | INFO  | QbftBesuControllerBuilder | Imported #21 / 0 tx / 1 pending / 0 (0.0%) gas / (0xa4372f974cdc4acf7bdde3520fcbf6dc163b37c44ef94ac17e3f25c943c9e40f)
2026-10-07 20:54:54.337+00:00 | BftProcessorExecutor-QBFT-0 | INFO  | QbftBesuControllerBuilder | Imported #22 / 0 tx / 1 pending / 0 (0.0%) gas / (0xeba36bdc446b9d2b750c83d31e047ef2aebce8e6997ac8e3b1da8ca88dba5458)
2026-10-07 20:54:56.340+00:00 | BftProcessorExecutor-QBFT-0 | INFO  | QbftBesuControllerBuilder | Imported #23 / 0 tx / 1 pending / 0 (0.0%) gas / (0xd34287117e77b3572390bda246b6537dd9556f6766a71e3b894d426a431129eb)
2026-10-07 20:54:56.340+00:00 | EthScheduler-Workers-0 | INFO  | PersistBlockTask | Block 23 (0xd34287117e77b3572390bda246b6537dd9556f6766a71e3b894d426a431129eb) is already imported
2026-10-07 20:54:58.354+00:00 | BftProcessorExecutor-QBFT-0 | INFO  | QbftBesuControllerBuilder | Imported #24 / 0 tx / 1 pending / 0 (0.0%) gas / (0x76da622740adc732c28b87fc2e09c19692ca9d084f9f75ac780bdd6fdec6e6d3)
2026-10-07 20:55:00.317+00:00 | BftProcessorExecutor-QBFT-0 | INFO  | QbftBesuControllerBuilder | Imported #25 / 0 tx / 1 pending / 0 (0.0%) gas / (0x600799da949adc3ac2e314453a6ba7ad74b3d1e0867812dfb148cf9858cb3f3a)
2026-10-07 20:55:02.342+00:00 | BftProcessorExecutor-QBFT-0 | INFO  | QbftBesuControllerBuilder | Imported #26 / 0 tx / 1 pending / 0 (0.0%) gas / (0xc82cde32de5113fea89e214453385a2502c23ac61657778aeb042f63eb1daa57)
2026-10-07 20:55:04.480+00:00 | BftProcessorExecutor-QBFT-0 | INFO  | QbftBesuControllerBuilder | Imported #27 / 0 tx / 1 pending / 0 (0.0%) gas / (0x58db164cf00a69a9559c4eb7797c99de09dc39edbfbf00023166c231b660f4de)
2026-10-07 20:55:06.428+00:00 | BftProcessorExecutor-QBFT-0 | INFO  | QbftBesuControllerBuilder | Imported #28 / 0 tx / 1 pending / 0 (0.0%) gas / (0x11fe86de842164879d9ff9fedb57e5332f14505eb961ca319a9ae06e9c61aa85)
2026-10-07 20:55:08.484+00:00 | EthScheduler-Workers-0 | INFO  | PersistBlockTask | Block 29 (0x9bbdced60203c52727cbe25a9b84f4da447dd63d0920ff06faa8dd3fa3e87402) is already imported
2026-10-07 20:55:08.485+00:00 | BftProcessorExecutor-QBFT-0 | INFO  | QbftBesuControllerBuilder | Imported #29 / 0 tx / 1 pending / 0 (0.0%) gas / (0x9bbdced60203c52727cbe25a9b84f4da447dd63d0920ff06faa8dd3fa3e87402)
2026-10-07 20:55:10.302+00:00 | BftProcessorExecutor-QBFT-0 | INFO  | QbftBesuControllerBuilder | Imported #30 / 1 tx / 0 pending / 1,832,981 (0.0%) gas / (0x2be72d7eea1e18d70a724d6e5cb34766958d6cd7e235c5bb9d602e5c9570529b)
2026-10-07 20:55:12.243+00:00 | BftProcessorExecutor-QBFT-0 | INFO  | QbftBesuControllerBuilder | Imported #31 / 0 tx / 0 pending / 0 (0.0%) gas / (0x14e9470d98dceb817ba5aa73cb2ffc4101b781d417f8ae52470d828bab6ccca9)
2026-10-07 20:55:14.243+00:00 | BftProcessorExecutor-QBFT-0 | INFO  | QbftBesuControllerBuilder | Imported #32 / 0 tx / 0 pending / 0 (0.0%) gas / (0x53b85080c1f1c3a9e60ef24015bf8e5b2c542ced29e305b5c34dc04f7128c44e)
2026-10-07 20:55:16.275+00:00 | BftProcessorExecutor-QBFT-0 | INFO  | QbftBesuControllerBuilder | Imported #33 / 0 tx / 0 pending / 0 (0.0%) gas / (0x17d03848598b85d494272ab997682625e9ecf68c978d6e0343711dec398deaaa)
2026-10-07 20:55:18.253+00:00 | BftProcessorExecutor-QBFT-0 | INFO  | QbftBesuControllerBuilder | Imported #34 / 0 tx / 0 pending / 0 (0.0%) gas / (0x982331683accbbf9cf17899c6a0c2e150cea65f463734042173dd9245a7e2626)
2026-10-07 20:55:20.270+00:00 | BftProcessorExecutor-QBFT-0 | INFO  | QbftBesuControllerBuilder | Produced #35 / 0 tx / 0 pending / 0 (0.0%) gas / (0xcb678cb8531662ad44f1476ee9b2a95e77e389c34a9b1dba0edbc0a5c8758b93)
2026-10-07 20:55:22.330+00:00 | BftProcessorExecutor-QBFT-0 | INFO  | QbftBesuControllerBuilder | Imported #36 / 0 tx / 0 pending / 0 (0.0%) gas / (0x5fecfa0e00fa9a5b53a0ea080eaec8d12c2e834e21a021506a05a83fd9fe9987)
2026-10-07 20:55:24.345+00:00 | BftProcessorExecutor-QBFT-0 | INFO  | QbftBesuControllerBuilder | Imported #37 / 0 tx / 0 pending / 0 (0.0%) gas / (0x0f7991a4deb36337b6c9ace69a74f93e428a41dc0116f885f590587757e235dc)
2026-10-07 20:55:26.329+00:00 | EthScheduler-Workers-0 | INFO  | PersistBlockTask | Block 38 (0x380871206d564995edcb489966cb1620c786aaa7788991c2fec9cef4ccfbbeb5) is already imported
2026-10-07 20:55:26.330+00:00 | BftProcessorExecutor-QBFT-0 | INFO  | QbftBesuControllerBuilder | Imported #38 / 0 tx / 0 pending / 0 (0.0%) gas / (0x380871206d564995edcb489966cb1620c786aaa7788991c2fec9cef4ccfbbeb5)
2026-10-07 20:55:28.656+00:00 | BftProcessorExecutor-QBFT-0 | INFO  | QbftBesuControllerBuilder | Imported #39 / 4 tx / 60 pending / 967,880 (0.0%) gas / (0x10b3904af9a01b3459db8858be6a41921a8b6397c06e5f5e34416844e5e3000b)
2026-10-07 20:55:30.559+00:00 | BftProcessorExecutor-QBFT-0 | INFO  | QbftBesuControllerBuilder | Imported #40 / 4 tx / 56 pending / 967,880 (0.0%) gas / (0x6ed1d2d192afbe6d0e2b17f2f938f400e7aeda53c38b7ffa340f69a3f301e8b7)
2026-10-07 20:55:32.587+00:00 | EthScheduler-Workers-0 | INFO  | PersistBlockTask | Block 41 (0x10ec3d86848aa367a0baeed739c17591e40081e8327a03759d0846097709f61d) is already imported
2026-10-07 20:55:32.588+00:00 | BftProcessorExecutor-QBFT-0 | INFO  | QbftBesuControllerBuilder | Imported #41 / 4 tx / 52 pending / 967,880 (0.0%) gas / (0x10ec3d86848aa367a0baeed739c17591e40081e8327a03759d0846097709f61d)
2026-10-07 20:55:34.705+00:00 | EthScheduler-Workers-0 | INFO  | PersistBlockTask | Block 42 (0x7a3c63875dcc50573da82d730505c5e697a7ee1e6d15f26e8f7c8da3c4af3214) is already imported
2026-10-07 20:55:34.705+00:00 | BftProcessorExecutor-QBFT-0 | INFO  | QbftBesuControllerBuilder | Imported #42 / 4 tx / 48 pending / 967,880 (0.0%) gas / (0x7a3c63875dcc50573da82d730505c5e697a7ee1e6d15f26e8f7c8da3c4af3214)
2026-10-07 20:55:36.688+00:00 | EthScheduler-Workers-0 | INFO  | PersistBlockTask | Block 43 (0xb6850ba64c6674f8b16820259936b907a41f0e512381bb0bcd72eb8bdedda8bb) is already imported
2026-10-07 20:55:36.689+00:00 | BftProcessorExecutor-QBFT-0 | INFO  | QbftBesuControllerBuilder | Imported #43 / 4 tx / 44 pending / 967,880 (0.0%) gas / (0xb6850ba64c6674f8b16820259936b907a41f0e512381bb0bcd72eb8bdedda8bb)
2026-10-07 20:55:38.638+00:00 | BftProcessorExecutor-QBFT-0 | INFO  | QbftBesuControllerBuilder | Imported #44 / 4 tx / 40 pending / 967,880 (0.0%) gas / (0xa4cc653738328acccf553d58cbeffd626bf4cf46c562666ce7009e6b4021bc21)
2026-10-07 20:55:38.638+00:00 | EthScheduler-Workers-0 | INFO  | PersistBlockTask | Block 44 (0xa4cc653738328acccf553d58cbeffd626bf4cf46c562666ce7009e6b4021bc21) is already imported
2026-10-07 20:55:40.442+00:00 | EthScheduler-Workers-0 | INFO  | PersistBlockTask | Block 45 (0x33c26e698544d5fe7c790cf0181a7cef4e9391a41fc704cf494a3d76819a90e6) is already imported
2026-10-07 20:55:40.443+00:00 | BftProcessorExecutor-QBFT-0 | INFO  | QbftBesuControllerBuilder | Imported #45 / 5 tx / 35 pending / 1,209,850 (0.0%) gas / (0x33c26e698544d5fe7c790cf0181a7cef4e9391a41fc704cf494a3d76819a90e6)
2026-10-07 20:55:42.459+00:00 | EthScheduler-Workers-0 | INFO  | PersistBlockTask | Block 46 (0x85f8a442806fb9a503f74a695f78ef6c8691fc6997689fa16ee02c86225e534d) is already imported
2026-10-07 20:55:42.460+00:00 | BftProcessorExecutor-QBFT-0 | INFO  | QbftBesuControllerBuilder | Imported #46 / 5 tx / 30 pending / 1,209,850 (0.0%) gas / (0x85f8a442806fb9a503f74a695f78ef6c8691fc6997689fa16ee02c86225e534d)
2026-10-07 20:55:44.449+00:00 | EthScheduler-Workers-0 | INFO  | PersistBlockTask | Block 47 (0x0005f84f0260b05a208e0ca7b387aa62cd9a185c065a1a1b0572ec7a5d6a69c5) is already imported
2026-10-07 20:55:44.449+00:00 | BftProcessorExecutor-QBFT-0 | INFO  | QbftBesuControllerBuilder | Imported #47 / 5 tx / 25 pending / 1,209,850 (0.0%) gas / (0x0005f84f0260b05a208e0ca7b387aa62cd9a185c065a1a1b0572ec7a5d6a69c5)
2026-10-07 20:55:46.470+00:00 | EthScheduler-Workers-0 | INFO  | PersistBlockTask | Block 48 (0x2b14f19d1a3d3c7a4395bfd667ee067a1852a096ffa2496e533546a6bc2b952d) is already imported
2026-10-07 20:55:46.470+00:00 | BftProcessorExecutor-QBFT-0 | INFO  | QbftBesuControllerBuilder | Imported #48 / 5 tx / 20 pending / 1,209,850 (0.0%) gas / (0x2b14f19d1a3d3c7a4395bfd667ee067a1852a096ffa2496e533546a6bc2b952d)
2026-10-07 20:55:48.447+00:00 | BftProcessorExecutor-QBFT-0 | INFO  | QbftBesuControllerBuilder | Imported #49 / 4 tx / 16 pending / 967,880 (0.0%) gas / (0xeadea3c55f3eccd4faaa99a56e50518d74cebf996523f94bcbc44399c313ab8a)
2026-10-07 20:55:50.416+00:00 | EthScheduler-Workers-0 | INFO  | PersistBlockTask | Block 50 (0x766cbeb7dc14f0d119c48880a955cb273e2c18962fdb2e01462bc0b6bbac9d09) is already imported
2026-10-07 20:55:50.417+00:00 | BftProcessorExecutor-QBFT-0 | INFO  | QbftBesuControllerBuilder | Produced #50 / 4 tx / 12 pending / 967,880 (0.0%) gas / (0x766cbeb7dc14f0d119c48880a955cb273e2c18962fdb2e01462bc0b6bbac9d09)
2026-10-07 20:55:52.569+00:00 | BftProcessorExecutor-QBFT-0 | INFO  | QbftBesuControllerBuilder | Imported #51 / 4 tx / 8 pending / 967,880 (0.0%) gas / (0x53a23fe0e4c0fd21f4b5baee25fc7aea029678108618712c665c5a3bee2c6251)
2026-10-07 20:55:52.569+00:00 | EthScheduler-Workers-0 | INFO  | PersistBlockTask | Block 51 (0x53a23fe0e4c0fd21f4b5baee25fc7aea029678108618712c665c5a3bee2c6251) is already imported
2026-10-07 20:55:54.476+00:00 | BftProcessorExecutor-QBFT-0 | INFO  | QbftBesuControllerBuilder | Imported #52 / 4 tx / 4 pending / 967,880 (0.0%) gas / (0xdee415c61a327b9d33451cd0152403654635430d5071741166d058bc9e647a90)
2026-10-07 20:55:56.445+00:00 | BftProcessorExecutor-QBFT-0 | INFO  | QbftBesuControllerBuilder | Imported #53 / 4 tx / 0 pending / 967,880 (0.0%) gas / (0x96278a0b0a1e829cd95b05c0deac6368a93ccb7287f0ae52e7554c822cb3cffa)
2026-10-07 20:55:58.340+00:00 | BftProcessorExecutor-QBFT-0 | INFO  | QbftBesuControllerBuilder | Imported #54 / 0 tx / 0 pending / 0 (0.0%) gas / (0xaa47b84a8eaf2bd2bb3d3208defc803db76f6ad5364f82d7a9bd40256f076baf)
2026-10-07 20:56:00.348+00:00 | EthScheduler-Workers-0 | INFO  | PersistBlockTask | Block 55 (0xf9b175e58d5394071a261f13f1030660e5e178210e9486129549676cfda70a09) is already imported
2026-10-07 20:56:00.348+00:00 | BftProcessorExecutor-QBFT-0 | INFO  | QbftBesuControllerBuilder | Imported #55 / 0 tx / 8 pending / 0 (0.0%) gas / (0xf9b175e58d5394071a261f13f1030660e5e178210e9486129549676cfda70a09)
2026-10-07 20:56:02.363+00:00 | EthScheduler-Workers-0 | INFO  | PersistBlockTask | Block 56 (0xf899a183b875abeaac8e7e89b13e951a92a445a70670ae6ef25304bf2e6ec65c) is already imported
2026-10-07 20:56:02.363+00:00 | BftProcessorExecutor-QBFT-0 | INFO  | QbftBesuControllerBuilder | Imported #56 / 0 tx / 8 pending / 0 (0.0%) gas / (0xf899a183b875abeaac8e7e89b13e951a92a445a70670ae6ef25304bf2e6ec65c)
2026-10-07 20:56:04.511+00:00 | EthScheduler-Workers-0 | INFO  | PersistBlockTask | Block 57 (0x18873098f11971a15ace6b1073d6a09ffed3e3e1344de6d6dd60dcef239f5950) is already imported
2026-10-07 20:56:04.512+00:00 | BftProcessorExecutor-QBFT-0 | INFO  | QbftBesuControllerBuilder | Imported #57 / 0 tx / 8 pending / 0 (0.0%) gas / (0x18873098f11971a15ace6b1073d6a09ffed3e3e1344de6d6dd60dcef239f5950)
2026-10-07 20:56:06.493+00:00 | BftProcessorExecutor-QBFT-0 | INFO  | QbftBesuControllerBuilder | Imported #58 / 0 tx / 8 pending / 0 (0.0%) gas / (0x6502ee828f241bccfa841cd5d105ad15d18cdeef7f94d3bc4cb6656b775c6c9f)
2026-10-07 20:56:08.489+00:00 | BftProcessorExecutor-QBFT-0 | INFO  | QbftBesuControllerBuilder | Imported #59 / 0 tx / 8 pending / 0 (0.0%) gas / (0x3b1c204f0a12d69e16dfb2fb7792ec355569bdc27964caa1e267cfb4ffffa7f5)
2026-10-07 20:56:10.294+00:00 | BftProcessorExecutor-QBFT-0 | INFO  | QbftBesuControllerBuilder | Imported #60 / 1 tx / 7 pending / 153,630 (0.0%) gas / (0x4fa6d9ce392b28c2d58424a7a7631fe132473aeb40a4d03faa883b95362321fe)
2026-10-07 20:56:12.257+00:00 | BftProcessorExecutor-QBFT-0 | INFO  | QbftBesuControllerBuilder | Imported #61 / 1 tx / 6 pending / 153,638 (0.0%) gas / (0x6272a06a0425856efbfe357a5300df27124f829c15b28c96fa12d39c6036427a)
2026-10-07 20:56:14.274+00:00 | EthScheduler-Workers-0 | INFO  | PersistBlockTask | Block 62 (0x7184d1d0e5877ded65edb38fed9f2b5f3de3498bf65848ce541afc117b94848f) is already imported
2026-10-07 20:56:14.275+00:00 | BftProcessorExecutor-QBFT-0 | INFO  | QbftBesuControllerBuilder | Imported #62 / 1 tx / 5 pending / 153,618 (0.0%) gas / (0x7184d1d0e5877ded65edb38fed9f2b5f3de3498bf65848ce541afc117b94848f)
2026-10-07 20:56:16.308+00:00 | BftProcessorExecutor-QBFT-0 | INFO  | QbftBesuControllerBuilder | Imported #63 / 1 tx / 4 pending / 153,630 (0.0%) gas / (0x9af5162177ecdb2616f8e90c49bb9fd7643e3cc6d94a02ee1fda15cacc0d9bae)
2026-10-07 20:56:16.308+00:00 | EthScheduler-Workers-0 | INFO  | PersistBlockTask | Block 63 (0x9af5162177ecdb2616f8e90c49bb9fd7643e3cc6d94a02ee1fda15cacc0d9bae) is already imported
2026-10-07 20:56:18.280+00:00 | BftProcessorExecutor-QBFT-0 | INFO  | QbftBesuControllerBuilder | Imported #64 / 1 tx / 3 pending / 153,638 (0.0%) gas / (0x09807418703250e8e2e6d701ea637bcfb5ce6d4d744fff503072970d4b434a5c)
2026-10-07 20:56:18.281+00:00 | EthScheduler-Workers-0 | INFO  | PersistBlockTask | Block 64 (0x09807418703250e8e2e6d701ea637bcfb5ce6d4d744fff503072970d4b434a5c) is already imported
2026-10-07 20:56:20.278+00:00 | EthScheduler-Workers-0 | INFO  | PersistBlockTask | Block 65 (0x3969535738c92498e905b1d4a972e9f8bcb31e0a0ce810501d53a2a67f3af37c) is already imported
2026-10-07 20:56:20.280+00:00 | BftProcessorExecutor-QBFT-0 | INFO  | QbftBesuControllerBuilder | Produced #65 / 1 tx / 2 pending / 153,618 (0.0%) gas / (0x3969535738c92498e905b1d4a972e9f8bcb31e0a0ce810501d53a2a67f3af37c)
2026-10-07 20:56:22.351+00:00 | BftProcessorExecutor-QBFT-0 | INFO  | QbftBesuControllerBuilder | Imported #66 / 1 tx / 1 pending / 153,630 (0.0%) gas / (0x6d1e577fb7c779a5106aa09126f8b5907dba440e932612e7dc28edc6396ed9d9)
2026-10-07 20:56:24.346+00:00 | BftProcessorExecutor-QBFT-0 | INFO  | QbftBesuControllerBuilder | Imported #67 / 1 tx / 0 pending / 153,606 (0.0%) gas / (0x96ca05ae1af53b469b41e579037ec0291e9466070755d54772f385382170a0ab)
2026-10-07 20:56:26.411+00:00 | BftProcessorExecutor-QBFT-0 | INFO  | QbftBesuControllerBuilder | Imported #68 / 4 tx / 60 pending / 967,880 (0.0%) gas / (0x062ce351881540df80f19de238eb8c69c4870d2c63eaf56fe7d0c1c83a6ab3eb)
2026-10-07 20:56:28.470+00:00 | BftProcessorExecutor-QBFT-0 | INFO  | QbftBesuControllerBuilder | Imported #69 / 4 tx / 56 pending / 967,880 (0.0%) gas / (0x7749fc579d8c9bde40cc71cffb01704d691dbb46c4f138183034232e1931482a)
2026-10-07 20:56:30.442+00:00 | EthScheduler-Workers-0 | INFO  | PersistBlockTask | Block 70 (0x73bf76d90327fdcaad6c230fb80e9ed439321c619cdac9d2026d4ee07b63015b) is already imported
2026-10-07 20:56:30.442+00:00 | BftProcessorExecutor-QBFT-0 | INFO  | QbftBesuControllerBuilder | Imported #70 / 4 tx / 52 pending / 967,880 (0.0%) gas / (0x73bf76d90327fdcaad6c230fb80e9ed439321c619cdac9d2026d4ee07b63015b)
2026-10-07 20:56:32.437+00:00 | BftProcessorExecutor-QBFT-0 | INFO  | QbftBesuControllerBuilder | Imported #71 / 4 tx / 48 pending / 967,880 (0.0%) gas / (0x5199c3e50e07ad133db65c2bec459fc2ca2fe9a2abb9ea2f83ac920f8f098b98)
2026-10-07 20:56:34.568+00:00 | BftProcessorExecutor-QBFT-0 | INFO  | QbftBesuControllerBuilder | Imported #72 / 4 tx / 44 pending / 967,880 (0.0%) gas / (0x16b861fe1321ebb441ff1ed05d0dbe761b87f4681118ce25774f6e1f42f0bb07)
2026-10-07 20:56:36.675+00:00 | EthScheduler-Workers-0 | INFO  | PersistBlockTask | Block 73 (0x09d6d81e446898bf70bf3b6d6da4381bc18b276effbdc66fcb048dc7b3b30266) is already imported
2026-10-07 20:56:36.676+00:00 | BftProcessorExecutor-QBFT-0 | INFO  | QbftBesuControllerBuilder | Imported #73 / 4 tx / 40 pending / 967,880 (0.0%) gas / (0x09d6d81e446898bf70bf3b6d6da4381bc18b276effbdc66fcb048dc7b3b30266)
2026-10-07 20:56:38.576+00:00 | BftProcessorExecutor-QBFT-0 | INFO  | QbftBesuControllerBuilder | Imported #74 / 4 tx / 36 pending / 967,880 (0.0%) gas / (0x8e4f453911d68c22d0bad1fd0e7ca92cdee36eae94a7737bded0ca43ff8223fa)
2026-10-07 20:56:40.438+00:00 | EthScheduler-Workers-0 | INFO  | PersistBlockTask | Block 75 (0x73a003bcaf28173ec8bb49361502807280cf3d7e52811f7ad64eadf051673016) is already imported
2026-10-07 20:56:40.439+00:00 | BftProcessorExecutor-QBFT-0 | INFO  | QbftBesuControllerBuilder | Imported #75 / 5 tx / 31 pending / 1,209,850 (0.0%) gas / (0x73a003bcaf28173ec8bb49361502807280cf3d7e52811f7ad64eadf051673016)
2026-10-07 20:56:42.515+00:00 | EthScheduler-Workers-0 | INFO  | PersistBlockTask | Block 76 (0xca8d7bd2ca333d642e41e5f92f124df3657c61cfa096c838d1ab8288bbec6339) is already imported
2026-10-07 20:56:42.515+00:00 | BftProcessorExecutor-QBFT-0 | INFO  | QbftBesuControllerBuilder | Imported #76 / 5 tx / 26 pending / 1,209,850 (0.0%) gas / (0xca8d7bd2ca333d642e41e5f92f124df3657c61cfa096c838d1ab8288bbec6339)
2026-10-07 20:56:44.560+00:00 | EthScheduler-Workers-0 | INFO  | PersistBlockTask | Block 77 (0xd6a6c5233e0c64946652ebbcf643cc5f1c17ef606e477c4c358af9a6588d19ca) is already imported
2026-10-07 20:56:44.560+00:00 | BftProcessorExecutor-QBFT-0 | INFO  | QbftBesuControllerBuilder | Imported #77 / 5 tx / 21 pending / 1,209,850 (0.0%) gas / (0xd6a6c5233e0c64946652ebbcf643cc5f1c17ef606e477c4c358af9a6588d19ca)
2026-10-07 20:56:46.442+00:00 | EthScheduler-Workers-0 | INFO  | PersistBlockTask | Block 78 (0xc50dc1213bd720162e2de62a6cfa06728f800793f0c15764ff371ecd41077f83) is already imported
2026-10-07 20:56:46.442+00:00 | BftProcessorExecutor-QBFT-0 | INFO  | QbftBesuControllerBuilder | Imported #78 / 5 tx / 16 pending / 1,209,850 (0.0%) gas / (0xc50dc1213bd720162e2de62a6cfa06728f800793f0c15764ff371ecd41077f83)
2026-10-07 20:56:48.536+00:00 | EthScheduler-Workers-0 | INFO  | PersistBlockTask | Block 79 (0xdcb56d7e994aef56cc48bbf1bbc95a3441686760091aa476f0bb53b9b92ac914) is already imported
2026-10-07 20:56:48.536+00:00 | BftProcessorExecutor-QBFT-0 | INFO  | QbftBesuControllerBuilder | Imported #79 / 4 tx / 12 pending / 967,880 (0.0%) gas / (0xdcb56d7e994aef56cc48bbf1bbc95a3441686760091aa476f0bb53b9b92ac914)
2026-10-07 20:56:50.439+00:00 | EthScheduler-Workers-0 | INFO  | PersistBlockTask | Block 80 (0x13a6b6989c6b519beebdf0f29d02810999a7fcff8cee1f26b02978111c865d65) is already imported
2026-10-07 20:56:50.439+00:00 | BftProcessorExecutor-QBFT-0 | INFO  | QbftBesuControllerBuilder | Produced #80 / 4 tx / 8 pending / 967,880 (0.0%) gas / (0x13a6b6989c6b519beebdf0f29d02810999a7fcff8cee1f26b02978111c865d65)
2026-10-07 20:56:52.512+00:00 | EthScheduler-Workers-0 | INFO  | PersistBlockTask | Block 81 (0x5e1450ed913c8a7e46e7387a4ae04ae15c56f03b8cda40e0eb035c94f5f3dbbd) is already imported
2026-10-07 20:56:52.512+00:00 | BftProcessorExecutor-QBFT-0 | INFO  | QbftBesuControllerBuilder | Imported #81 / 4 tx / 4 pending / 967,880 (0.0%) gas / (0x5e1450ed913c8a7e46e7387a4ae04ae15c56f03b8cda40e0eb035c94f5f3dbbd)
2026-10-07 20:56:54.501+00:00 | EthScheduler-Workers-0 | INFO  | PersistBlockTask | Block 82 (0x51b577bb0e24388f49ceb46c80b06cce8283b3bf563be715305e78f775b7f1f3) is already imported
2026-10-07 20:56:54.502+00:00 | BftProcessorExecutor-QBFT-0 | INFO  | QbftBesuControllerBuilder | Imported #82 / 4 tx / 0 pending / 967,880 (0.0%) gas / (0x51b577bb0e24388f49ceb46c80b06cce8283b3bf563be715305e78f775b7f1f3)
2026-10-07 20:56:56.326+00:00 | BftProcessorExecutor-QBFT-0 | INFO  | QbftBesuControllerBuilder | Imported #83 / 0 tx / 0 pending / 0 (0.0%) gas / (0xc7130df10ac1981382268bc8f500aab4dcd37a32a135a94d59ae8fa01074a28b)
2026-10-07 20:56:58.336+00:00 | BftProcessorExecutor-QBFT-0 | INFO  | QbftBesuControllerBuilder | Imported #84 / 0 tx / 8 pending / 0 (0.0%) gas / (0xd9e420d2c1d6f153d3ad4da2f758153c5237f1c5e16f604b3a51e54288e690c2)
2026-10-07 20:57:00.349+00:00 | BftProcessorExecutor-QBFT-0 | INFO  | QbftBesuControllerBuilder | Imported #85 / 0 tx / 8 pending / 0 (0.0%) gas / (0x1ec893085e4a6b7a54854c8e80dcc11300433c354b5562617906542f165de8f0)
2026-10-07 20:57:02.348+00:00 | BftProcessorExecutor-QBFT-0 | INFO  | QbftBesuControllerBuilder | Imported #86 / 0 tx / 8 pending / 0 (0.0%) gas / (0x532266ee476022fd0bcee85b359cb6c923af8f53f13ad03b1ad5ba074392f9b6)
2026-10-07 20:57:04.513+00:00 | BftProcessorExecutor-QBFT-0 | INFO  | QbftBesuControllerBuilder | Imported #87 / 0 tx / 8 pending / 0 (0.0%) gas / (0xb17c30a333431dd51ba60adf9d0975490449b7b5d1e16757bc3fbcf2cff309ff)
2026-10-07 20:57:06.511+00:00 | BftProcessorExecutor-QBFT-0 | INFO  | QbftBesuControllerBuilder | Imported #88 / 0 tx / 8 pending / 0 (0.0%) gas / (0xacb187ff0587d05227f809f44b249997adab1cd7a413b8f24bf78e4c406a4e71)
2026-10-07 20:57:08.524+00:00 | EthScheduler-Workers-0 | INFO  | PersistBlockTask | Block 89 (0x54812ef8a531ecd97d9d05bfd5edaa81f4b8cb16dbaba151fdc485cdcb94596b) is already imported
2026-10-07 20:57:08.525+00:00 | BftProcessorExecutor-QBFT-0 | INFO  | QbftBesuControllerBuilder | Imported #89 / 0 tx / 8 pending / 0 (0.0%) gas / (0x54812ef8a531ecd97d9d05bfd5edaa81f4b8cb16dbaba151fdc485cdcb94596b)
2026-10-07 20:57:10.259+00:00 | BftProcessorExecutor-QBFT-0 | INFO  | QbftBesuControllerBuilder | Imported #90 / 1 tx / 7 pending / 153,638 (0.0%) gas / (0x68952bb4b593114c22ee00c6a31868bc29f2a689e5abfcfb892fefdcf0311a74)
2026-10-07 20:57:12.275+00:00 | EthScheduler-Workers-0 | INFO  | PersistBlockTask | Block 91 (0xb69e10316a6189bb45a8e66dc8206d323c0bbbea387f3a754e216edc83184702) is already imported
2026-10-07 20:57:12.275+00:00 | BftProcessorExecutor-QBFT-0 | INFO  | QbftBesuControllerBuilder | Imported #91 / 1 tx / 6 pending / 153,606 (0.0%) gas / (0xb69e10316a6189bb45a8e66dc8206d323c0bbbea387f3a754e216edc83184702)
2026-10-07 20:57:14.266+00:00 | EthScheduler-Workers-0 | INFO  | PersistBlockTask | Block 92 (0x957dc6567a28bd261515167d2063bd2925d2752750532d6ff1e19fe7717e8fee) is already imported
2026-10-07 20:57:14.266+00:00 | BftProcessorExecutor-QBFT-0 | INFO  | QbftBesuControllerBuilder | Imported #92 / 1 tx / 5 pending / 153,630 (0.0%) gas / (0x957dc6567a28bd261515167d2063bd2925d2752750532d6ff1e19fe7717e8fee)
2026-10-07 20:57:16.269+00:00 | BftProcessorExecutor-QBFT-0 | INFO  | QbftBesuControllerBuilder | Imported #93 / 1 tx / 4 pending / 153,630 (0.0%) gas / (0xe1969678e2e711bb6551d3bc06612e6fb2dac267d2eb87ac47c0920110e7a4ac)
2026-10-07 20:57:16.271+00:00 | EthScheduler-Workers-0 | INFO  | PersistBlockTask | Block 93 (0xe1969678e2e711bb6551d3bc06612e6fb2dac267d2eb87ac47c0920110e7a4ac) is already imported
2026-10-07 20:57:18.275+00:00 | BftProcessorExecutor-QBFT-0 | INFO  | QbftBesuControllerBuilder | Imported #94 / 1 tx / 3 pending / 153,630 (0.0%) gas / (0x12ba10943fe36062f94d2123e15242948a1c22db53402c6797c5eaeb29f4eec5)
2026-10-07 20:57:18.274+00:00 | EthScheduler-Workers-0 | INFO  | PersistBlockTask | Block 94 (0x12ba10943fe36062f94d2123e15242948a1c22db53402c6797c5eaeb29f4eec5) is already imported
2026-10-07 20:57:20.262+00:00 | BftProcessorExecutor-QBFT-0 | INFO  | QbftBesuControllerBuilder | Produced #95 / 1 tx / 2 pending / 153,630 (0.0%) gas / (0x71ea46ddf62bd945d8e1fb0dc01710e82f4bd1c13a7c64740d05961705b6c5bc)
2026-10-07 20:57:22.361+00:00 | EthScheduler-Workers-0 | INFO  | PersistBlockTask | Block 96 (0x13dbba41148370ecfe8dc455fc3d2f77b90b9b81150622b60b49ca7a2987c96e) is already imported
2026-10-07 20:57:22.361+00:00 | BftProcessorExecutor-QBFT-0 | INFO  | QbftBesuControllerBuilder | Imported #96 / 1 tx / 1 pending / 153,650 (0.0%) gas / (0x13dbba41148370ecfe8dc455fc3d2f77b90b9b81150622b60b49ca7a2987c96e)
2026-10-07 20:57:24.362+00:00 | BftProcessorExecutor-QBFT-0 | INFO  | QbftBesuControllerBuilder | Imported #97 / 1 tx / 0 pending / 153,650 (0.0%) gas / (0xbee19668d4cd0be1b02daac9a521b09739c746f434b405c23b88e0553d940806)
2026-10-07 20:57:26.542+00:00 | EthScheduler-Workers-0 | INFO  | PersistBlockTask | Block 98 (0x27e39384cdd00036a7e7d65966cd406f083a930046ac4b560a9a3827e8bef767) is already imported
2026-10-07 20:57:26.542+00:00 | BftProcessorExecutor-QBFT-0 | INFO  | QbftBesuControllerBuilder | Imported #98 / 4 tx / 60 pending / 967,880 (0.0%) gas / (0x27e39384cdd00036a7e7d65966cd406f083a930046ac4b560a9a3827e8bef767)
2026-10-07 20:57:28.459+00:00 | BftProcessorExecutor-QBFT-0 | INFO  | QbftBesuControllerBuilder | Imported #99 / 4 tx / 56 pending / 967,880 (0.0%) gas / (0xef26f6d124fb828e8b2fd8432188174c2ff9f4a404e9c2837f69292a32439e27)
2026-10-07 20:57:30.471+00:00 | EthScheduler-Workers-0 | INFO  | PersistBlockTask | Block 100 (0x4cb6d2632d1292d53c03a2c200ee30663cf870266f97118d4fcecec5217f3668) is already imported
2026-10-07 20:57:30.473+00:00 | BftProcessorExecutor-QBFT-0 | INFO  | QbftBesuControllerBuilder | Imported #100 / 4 tx / 52 pending / 967,880 (0.0%) gas / (0x4cb6d2632d1292d53c03a2c200ee30663cf870266f97118d4fcecec5217f3668)
2026-10-07 20:57:32.476+00:00 | EthScheduler-Workers-0 | INFO  | PersistBlockTask | Block 101 (0x1cb6fdd6c26aecd133371b7ee212c156dc79316d1e11023a2fd49a340cbc9ad0) is already imported
2026-10-07 20:57:32.477+00:00 | BftProcessorExecutor-QBFT-0 | INFO  | QbftBesuControllerBuilder | Imported #101 / 4 tx / 48 pending / 967,880 (0.0%) gas / (0x1cb6fdd6c26aecd133371b7ee212c156dc79316d1e11023a2fd49a340cbc9ad0)
2026-10-07 20:57:34.540+00:00 | EthScheduler-Workers-0 | INFO  | PersistBlockTask | Block 102 (0x703e4c15a5a231ee6e2df4a9237deffa78ec24f1582f28762d241e8c1bab567b) is already imported
2026-10-07 20:57:34.540+00:00 | BftProcessorExecutor-QBFT-0 | INFO  | QbftBesuControllerBuilder | Imported #102 / 4 tx / 44 pending / 967,880 (0.0%) gas / (0x703e4c15a5a231ee6e2df4a9237deffa78ec24f1582f28762d241e8c1bab567b)
2026-10-07 20:57:36.683+00:00 | BftProcessorExecutor-QBFT-0 | INFO  | QbftBesuControllerBuilder | Imported #103 / 4 tx / 40 pending / 967,880 (0.0%) gas / (0x419d84f5894adee8eebbe9a76a8b6cd9288e3defa9dabf26840cac8a3d5632ca)
2026-10-07 20:57:36.683+00:00 | EthScheduler-Workers-0 | INFO  | PersistBlockTask | Block 103 (0x419d84f5894adee8eebbe9a76a8b6cd9288e3defa9dabf26840cac8a3d5632ca) is already imported
2026-10-07 20:57:38.556+00:00 | BftProcessorExecutor-QBFT-0 | INFO  | QbftBesuControllerBuilder | Imported #104 / 4 tx / 36 pending / 967,880 (0.0%) gas / (0x8ffb31c62f1244e51f02b4f2ce45c3416d6df2780633e6d623fe72cc98baa6c4)
2026-10-07 20:57:40.446+00:00 | EthScheduler-Workers-0 | INFO  | PersistBlockTask | Block 105 (0x7a9f7a2b3d91db37e419267e78a4abaed42c8500e05861cc9a8ef8e9b482b095) is already imported
2026-10-07 20:57:40.446+00:00 | BftProcessorExecutor-QBFT-0 | INFO  | QbftBesuControllerBuilder | Imported #105 / 5 tx / 31 pending / 1,209,850 (0.0%) gas / (0x7a9f7a2b3d91db37e419267e78a4abaed42c8500e05861cc9a8ef8e9b482b095)
2026-10-07 20:57:42.494+00:00 | EthScheduler-Workers-0 | INFO  | PersistBlockTask | Block 106 (0x438b378856f586b17d761b5ec5859265cf526c23becef00fef4f7ca74f272a38) is already imported
2026-10-07 20:57:42.494+00:00 | BftProcessorExecutor-QBFT-0 | INFO  | QbftBesuControllerBuilder | Imported #106 / 5 tx / 26 pending / 1,209,850 (0.0%) gas / (0x438b378856f586b17d761b5ec5859265cf526c23becef00fef4f7ca74f272a38)
2026-10-07 20:57:44.412+00:00 | BftProcessorExecutor-QBFT-0 | INFO  | QbftBesuControllerBuilder | Imported #107 / 5 tx / 21 pending / 1,209,850 (0.0%) gas / (0x3202d24452e7060b5b160f9913accb87ce8f1a31858426fcd2fb22330f6c12c6)
2026-10-07 20:57:46.462+00:00 | BftProcessorExecutor-QBFT-0 | INFO  | QbftBesuControllerBuilder | Imported #108 / 5 tx / 16 pending / 1,209,850 (0.0%) gas / (0x27cc74a49c6989799616d63c8e8bd25801bc37985d39e6435abbb415beff045b)
2026-10-07 20:57:48.456+00:00 | EthScheduler-Workers-0 | INFO  | PersistBlockTask | Block 109 (0x249cec9b9a6e275e76208ff5a68d8abd7e321a4fa9920db9e39bcab7c3e3e6cf) is already imported
2026-10-07 20:57:48.456+00:00 | BftProcessorExecutor-QBFT-0 | INFO  | QbftBesuControllerBuilder | Imported #109 / 4 tx / 12 pending / 967,880 (0.0%) gas / (0x249cec9b9a6e275e76208ff5a68d8abd7e321a4fa9920db9e39bcab7c3e3e6cf)
2026-10-07 20:57:50.491+00:00 | EthScheduler-Workers-0 | INFO  | PersistBlockTask | Block 110 (0x6ea85e34b8dd9be277e75cc03438541a1e4ac0127f4c9eac6bf5be16ce96c356) is already imported
2026-10-07 20:57:50.491+00:00 | BftProcessorExecutor-QBFT-0 | INFO  | QbftBesuControllerBuilder | Produced #110 / 4 tx / 8 pending / 967,880 (0.0%) gas / (0x6ea85e34b8dd9be277e75cc03438541a1e4ac0127f4c9eac6bf5be16ce96c356)
2026-10-07 20:57:52.616+00:00 | EthScheduler-Workers-0 | INFO  | PersistBlockTask | Block 111 (0x5fb5192fe355510a05f7d81a23c85d0facfe5f30a05d0f4fd1371711da06cd13) is already imported
2026-10-07 20:57:52.616+00:00 | BftProcessorExecutor-QBFT-0 | INFO  | QbftBesuControllerBuilder | Imported #111 / 4 tx / 4 pending / 967,880 (0.0%) gas / (0x5fb5192fe355510a05f7d81a23c85d0facfe5f30a05d0f4fd1371711da06cd13)
2026-10-07 20:57:54.520+00:00 | EthScheduler-Workers-0 | INFO  | PersistBlockTask | Block 112 (0xca832f8c0b4ce719679acddf2847787775e7afa696590ca993c4826982c2dda0) is already imported
2026-10-07 20:57:54.520+00:00 | BftProcessorExecutor-QBFT-0 | INFO  | QbftBesuControllerBuilder | Imported #112 / 4 tx / 0 pending / 967,880 (0.0%) gas / (0xca832f8c0b4ce719679acddf2847787775e7afa696590ca993c4826982c2dda0)
2026-10-07 20:57:56.325+00:00 | BftProcessorExecutor-QBFT-0 | INFO  | QbftBesuControllerBuilder | Imported #113 / 0 tx / 8 pending / 0 (0.0%) gas / (0xaff30e40004dfd67c53a2bcdc2a07853bb3c7ff5b026bea5b4b47af1feb64ac4)
2026-10-07 20:57:58.340+00:00 | BftProcessorExecutor-QBFT-0 | INFO  | QbftBesuControllerBuilder | Imported #114 / 0 tx / 8 pending / 0 (0.0%) gas / (0xf2e1777d217335b967dd9945b92d907c3178f1e4a3c26a24bd0ccac72be32ca9)
2026-10-07 20:58:00.344+00:00 | BftProcessorExecutor-QBFT-0 | INFO  | QbftBesuControllerBuilder | Imported #115 / 0 tx / 8 pending / 0 (0.0%) gas / (0x666782f6216104ddc9b88cc51e54f6c9ed195f495017c7317fc6d6a29dad9899)
2026-10-07 20:58:02.343+00:00 | BftProcessorExecutor-QBFT-0 | INFO  | QbftBesuControllerBuilder | Imported #116 / 0 tx / 8 pending / 0 (0.0%) gas / (0xc957e2572fda49e7621c429eb3c2024dbe53b280cc41b87bb18bf2be6db0614a)
2026-10-07 20:58:04.496+00:00 | BftProcessorExecutor-QBFT-0 | INFO  | QbftBesuControllerBuilder | Imported #117 / 0 tx / 8 pending / 0 (0.0%) gas / (0xdb8e247446d106555b5d6583d29aba9c46161a95f41d3c12de3c2b63b2feb328)
2026-10-07 20:58:06.461+00:00 | BftProcessorExecutor-QBFT-0 | INFO  | QbftBesuControllerBuilder | Imported #118 / 0 tx / 8 pending / 0 (0.0%) gas / (0x220c171b411b818c921201a6d8d290a935669810ea54c63c8c48e8d2d41cdcd1)
2026-10-07 20:58:08.537+00:00 | EthScheduler-Workers-0 | INFO  | PersistBlockTask | Block 119 (0x7f18414c83697e5070e4955fd71273e5d16a6c676adeab3347d6e6605be1bc03) is already imported
2026-10-07 20:58:08.537+00:00 | BftProcessorExecutor-QBFT-0 | INFO  | QbftBesuControllerBuilder | Imported #119 / 0 tx / 8 pending / 0 (0.0%) gas / (0x7f18414c83697e5070e4955fd71273e5d16a6c676adeab3347d6e6605be1bc03)
2026-10-07 20:58:10.286+00:00 | EthScheduler-Workers-0 | INFO  | PersistBlockTask | Block 120 (0xd8d33451833c0ecb73d285bf1d02cc61db92e19e8dc8fcf103142de67dc6f33f) is already imported
2026-10-07 20:58:10.286+00:00 | BftProcessorExecutor-QBFT-0 | INFO  | QbftBesuControllerBuilder | Imported #120 / 1 tx / 7 pending / 153,638 (0.0%) gas / (0xd8d33451833c0ecb73d285bf1d02cc61db92e19e8dc8fcf103142de67dc6f33f)
2026-10-07 20:58:12.272+00:00 | BftProcessorExecutor-QBFT-0 | INFO  | QbftBesuControllerBuilder | Imported #121 / 1 tx / 6 pending / 153,638 (0.0%) gas / (0xbd816e792fd33c8be9e85b90b553aa02d9d7ad3ffb763c830bb3a1a159dc9ad6)
2026-10-07 20:58:14.262+00:00 | BftProcessorExecutor-QBFT-0 | INFO  | QbftBesuControllerBuilder | Imported #122 / 1 tx / 5 pending / 153,630 (0.0%) gas / (0x0d39e2d1208ad112616c7a3844847d8384811b48bb392ebcb55509a81cfb24df)
2026-10-07 20:58:16.274+00:00 | EthScheduler-Workers-0 | INFO  | PersistBlockTask | Block 123 (0xa0c1ed1667428f3a57b5eccb713576dfd96a856049c25ca24f0af22630e144e0) is already imported
2026-10-07 20:58:16.275+00:00 | BftProcessorExecutor-QBFT-0 | INFO  | QbftBesuControllerBuilder | Imported #123 / 1 tx / 4 pending / 153,650 (0.0%) gas / (0xa0c1ed1667428f3a57b5eccb713576dfd96a856049c25ca24f0af22630e144e0)
2026-10-07 20:58:18.270+00:00 | EthScheduler-Workers-0 | INFO  | PersistBlockTask | Block 124 (0xcbcd1c51ceee39583f92b5db5904c8521dd2531151d1d93f15566c0740ee98e7) is already imported
2026-10-07 20:58:18.271+00:00 | BftProcessorExecutor-QBFT-0 | INFO  | QbftBesuControllerBuilder | Imported #124 / 1 tx / 3 pending / 153,606 (0.0%) gas / (0xcbcd1c51ceee39583f92b5db5904c8521dd2531151d1d93f15566c0740ee98e7)
2026-10-07 20:58:20.268+00:00 | BftProcessorExecutor-QBFT-0 | INFO  | QbftBesuControllerBuilder | Produced #125 / 1 tx / 2 pending / 153,650 (0.0%) gas / (0xe9f4b4e9d081ad288cdd661cbfaf4bafa2f4a55630f9f0cb6d5873e311204c5c)
2026-10-07 20:58:20.268+00:00 | EthScheduler-Workers-0 | INFO  | PersistBlockTask | Block 125 (0xe9f4b4e9d081ad288cdd661cbfaf4bafa2f4a55630f9f0cb6d5873e311204c5c) is already imported
2026-10-07 20:58:22.347+00:00 | BftProcessorExecutor-QBFT-0 | INFO  | QbftBesuControllerBuilder | Imported #126 / 1 tx / 1 pending / 153,618 (0.0%) gas / (0x35067640b988a45343bf1d770e3e5388e75d7207fa54310e1559f3c459e78da3)
2026-10-07 20:58:24.343+00:00 | EthScheduler-Workers-0 | INFO  | PersistBlockTask | Block 127 (0xece7a329fa3bd966a352561c9d96fe75655b6459a5b34876ebd75c85d1a8a926) is already imported
2026-10-07 20:58:24.344+00:00 | BftProcessorExecutor-QBFT-0 | INFO  | QbftBesuControllerBuilder | Imported #127 / 1 tx / 0 pending / 153,630 (0.0%) gas / (0xece7a329fa3bd966a352561c9d96fe75655b6459a5b34876ebd75c85d1a8a926)
2026-10-07 20:58:26.411+00:00 | BftProcessorExecutor-QBFT-0 | INFO  | QbftBesuControllerBuilder | Imported #128 / 4 tx / 60 pending / 967,880 (0.0%) gas / (0x6b1868b4e5f41a36a65a6e0b11a05d38268354a7e71577d497991b504a4497aa)
2026-10-07 20:58:28.460+00:00 | BftProcessorExecutor-QBFT-0 | INFO  | QbftBesuControllerBuilder | Imported #129 / 4 tx / 56 pending / 967,880 (0.0%) gas / (0xa27c9972310d42eec44e0c20a7df45770127d7bf11cea426a5013836ca18bc21)
2026-10-07 20:58:28.460+00:00 | EthScheduler-Workers-0 | INFO  | PersistBlockTask | Block 129 (0xa27c9972310d42eec44e0c20a7df45770127d7bf11cea426a5013836ca18bc21) is already imported
2026-10-07 20:58:30.520+00:00 | BftProcessorExecutor-QBFT-0 | INFO  | QbftBesuControllerBuilder | Imported #130 / 4 tx / 52 pending / 967,880 (0.0%) gas / (0x954c5ce651d4119378d9b6b7a65d3d70a825dde4ad04f6dba87ca4ea91f862bb)
2026-10-07 20:58:32.476+00:00 | BftProcessorExecutor-QBFT-0 | INFO  | QbftBesuControllerBuilder | Imported #131 / 4 tx / 48 pending / 967,880 (0.0%) gas / (0x0d1c9c52cbdc12d1330cf8a29524baf30a5101f785d406f375fa44932c9d6197)
2026-10-07 20:58:34.600+00:00 | BftProcessorExecutor-QBFT-0 | INFO  | QbftBesuControllerBuilder | Imported #132 / 4 tx / 44 pending / 967,880 (0.0%) gas / (0x6b1b4b13acc6fd34b6cdc7e819994d368331fceecb460f79ce4ce342c4ad1089)
2026-10-07 20:58:34.600+00:00 | EthScheduler-Workers-0 | INFO  | PersistBlockTask | Block 132 (0x6b1b4b13acc6fd34b6cdc7e819994d368331fceecb460f79ce4ce342c4ad1089) is already imported
2026-10-07 20:58:36.624+00:00 | BftProcessorExecutor-QBFT-0 | INFO  | QbftBesuControllerBuilder | Imported #133 / 4 tx / 40 pending / 967,880 (0.0%) gas / (0x134e363a5f147f70ca50895656ebf76522dbf8fcd124711eb751416a0b53bcd5)
2026-10-07 20:58:36.624+00:00 | EthScheduler-Workers-0 | INFO  | PersistBlockTask | Block 133 (0x134e363a5f147f70ca50895656ebf76522dbf8fcd124711eb751416a0b53bcd5) is already imported
2026-10-07 20:58:38.625+00:00 | EthScheduler-Workers-0 | INFO  | PersistBlockTask | Block 134 (0x6de27503bae3ab57bff83c3a16da859bb2ced0775fcd9fa56023c7891168e6c6) is already imported
2026-10-07 20:58:38.625+00:00 | BftProcessorExecutor-QBFT-0 | INFO  | QbftBesuControllerBuilder | Imported #134 / 4 tx / 36 pending / 967,880 (0.0%) gas / (0x6de27503bae3ab57bff83c3a16da859bb2ced0775fcd9fa56023c7891168e6c6)
2026-10-07 20:58:40.467+00:00 | EthScheduler-Workers-0 | INFO  | PersistBlockTask | Block 135 (0xdf7162c5c6af8983021803b70d078a27cf9ea9cca7fe6f7501c671be548cca82) is already imported
2026-10-07 20:58:40.467+00:00 | BftProcessorExecutor-QBFT-0 | INFO  | QbftBesuControllerBuilder | Imported #135 / 5 tx / 31 pending / 1,209,850 (0.0%) gas / (0xdf7162c5c6af8983021803b70d078a27cf9ea9cca7fe6f7501c671be548cca82)
2026-10-07 20:58:42.538+00:00 | BftProcessorExecutor-QBFT-0 | INFO  | QbftBesuControllerBuilder | Imported #136 / 5 tx / 26 pending / 1,209,850 (0.0%) gas / (0x5aa8d6360b8acc985be43d237fbe8d89fdfa75952ac6210129da784f6e93a4a9)
2026-10-07 20:58:42.538+00:00 | EthScheduler-Workers-0 | INFO  | PersistBlockTask | Block 136 (0x5aa8d6360b8acc985be43d237fbe8d89fdfa75952ac6210129da784f6e93a4a9) is already imported
2026-10-07 20:58:44.418+00:00 | BftProcessorExecutor-QBFT-0 | INFO  | QbftBesuControllerBuilder | Imported #137 / 5 tx / 21 pending / 1,209,850 (0.0%) gas / (0x5b95ae6bca1ceef3f45462f1185d8ec11f7746462ecebdda979305751f9489ae)
2026-10-07 20:58:46.467+00:00 | EthScheduler-Workers-0 | INFO  | PersistBlockTask | Block 138 (0xf6c3a297e07d496e24fd424984286da8b527d4a89db234fb37b7fd4e46ff9e68) is already imported
2026-10-07 20:58:46.468+00:00 | BftProcessorExecutor-QBFT-0 | INFO  | QbftBesuControllerBuilder | Imported #138 / 5 tx / 16 pending / 1,209,850 (0.0%) gas / (0xf6c3a297e07d496e24fd424984286da8b527d4a89db234fb37b7fd4e46ff9e68)
2026-10-07 20:58:48.418+00:00 | BftProcessorExecutor-QBFT-0 | INFO  | QbftBesuControllerBuilder | Imported #139 / 4 tx / 12 pending / 967,880 (0.0%) gas / (0xd61154996ef78ff10027f39d016522f3ef84daca9dc2a40e005024cd81003aaf)
2026-10-07 20:58:50.434+00:00 | BftProcessorExecutor-QBFT-0 | INFO  | QbftBesuControllerBuilder | Produced #140 / 4 tx / 8 pending / 967,880 (0.0%) gas / (0x0cc26fbcf9ffc8a69e9658d6c3312869d515f4fa0c9f0b36a9afb0644d60e785)
2026-10-07 20:58:50.435+00:00 | EthScheduler-Workers-0 | INFO  | PersistBlockTask | Block 140 (0x0cc26fbcf9ffc8a69e9658d6c3312869d515f4fa0c9f0b36a9afb0644d60e785) is already imported
2026-10-07 20:58:52.544+00:00 | EthScheduler-Workers-0 | INFO  | PersistBlockTask | Block 141 (0x5ead9170bfbc04de31ef652cba3f6f49a5be91f3e9e936138a1893212ccf1bc0) is already imported
2026-10-07 20:58:52.544+00:00 | BftProcessorExecutor-QBFT-0 | INFO  | QbftBesuControllerBuilder | Imported #141 / 4 tx / 4 pending / 967,880 (0.0%) gas / (0x5ead9170bfbc04de31ef652cba3f6f49a5be91f3e9e936138a1893212ccf1bc0)
2026-10-07 20:58:54.476+00:00 | BftProcessorExecutor-QBFT-0 | INFO  | QbftBesuControllerBuilder | Imported #142 / 4 tx / 0 pending / 967,880 (0.0%) gas / (0xc5b603f85076786d035325e5e931bca71befad44e6ec40ded5bb4e9d84924d7b)
2026-10-07 20:58:56.338+00:00 | BftProcessorExecutor-QBFT-0 | INFO  | QbftBesuControllerBuilder | Imported #143 / 0 tx / 7 pending / 0 (0.0%) gas / (0x45871d898af7fea3951f420e8ab5833f8e63faeac2ee024294c1477a74f338be)
2026-10-07 20:58:56.340+00:00 | EthScheduler-Workers-0 | INFO  | PersistBlockTask | Block 143 (0x45871d898af7fea3951f420e8ab5833f8e63faeac2ee024294c1477a74f338be) is already imported
2026-10-07 20:58:58.328+00:00 | BftProcessorExecutor-QBFT-0 | INFO  | QbftBesuControllerBuilder | Imported #144 / 0 tx / 8 pending / 0 (0.0%) gas / (0x1a25c3d94ced738a7e5084c772b720abf635d28e2d770ad9ba2609937fb5d0fd)
2026-10-07 20:59:00.324+00:00 | BftProcessorExecutor-QBFT-0 | INFO  | QbftBesuControllerBuilder | Imported #145 / 0 tx / 8 pending / 0 (0.0%) gas / (0x814e41d39da87d5e3fafb97a29ae7b9a8b7419b076428fcce211dced6ab9d946)
2026-10-07 20:59:02.327+00:00 | BftProcessorExecutor-QBFT-0 | INFO  | QbftBesuControllerBuilder | Imported #146 / 0 tx / 8 pending / 0 (0.0%) gas / (0xff3d3e7a8da6cc827399cfe5e760f361842e2f39e6e498f3b000a10ea0cedddc)
2026-10-07 20:59:04.484+00:00 | BftProcessorExecutor-QBFT-0 | INFO  | QbftBesuControllerBuilder | Imported #147 / 0 tx / 8 pending / 0 (0.0%) gas / (0x8c7a9f8eeecb5f63a94544c521bcec79ad87298801e2c9c5cc81d4b7f10c248d)
2026-10-07 20:59:06.522+00:00 | BftProcessorExecutor-QBFT-0 | INFO  | QbftBesuControllerBuilder | Imported #148 / 0 tx / 8 pending / 0 (0.0%) gas / (0x217cfa18293f7e2d4a089070256959a03759329dd3ecca51b1dc1dff10ecb712)
2026-10-07 20:59:08.533+00:00 | BftProcessorExecutor-QBFT-0 | INFO  | QbftBesuControllerBuilder | Imported #149 / 0 tx / 8 pending / 0 (0.0%) gas / (0x2004ab19797583dfafc7a33d90918ca0b1f02b6d5adad361b7e1c8cf1334f0f2)
2026-10-07 20:59:08.537+00:00 | EthScheduler-Workers-0 | INFO  | PersistBlockTask | Block 149 (0x2004ab19797583dfafc7a33d90918ca0b1f02b6d5adad361b7e1c8cf1334f0f2) is already imported
2026-10-07 20:59:10.285+00:00 | EthScheduler-Workers-0 | INFO  | PersistBlockTask | Block 150 (0xa14b2f7aba14bb5d48724286e36683ef1af1da6ba2135c9d91d3def01dca9784) is already imported
2026-10-07 20:59:10.285+00:00 | BftProcessorExecutor-QBFT-0 | INFO  | QbftBesuControllerBuilder | Imported #150 / 1 tx / 7 pending / 153,626 (0.0%) gas / (0xa14b2f7aba14bb5d48724286e36683ef1af1da6ba2135c9d91d3def01dca9784)
2026-10-07 20:59:12.273+00:00 | EthScheduler-Workers-0 | INFO  | PersistBlockTask | Block 151 (0xda4864aaff076368a2c4d9f06f9b92b6f45cbde4e4fbe98cb5a6cca2615e8b35) is already imported
2026-10-07 20:59:12.273+00:00 | BftProcessorExecutor-QBFT-0 | INFO  | QbftBesuControllerBuilder | Imported #151 / 1 tx / 6 pending / 153,650 (0.0%) gas / (0xda4864aaff076368a2c4d9f06f9b92b6f45cbde4e4fbe98cb5a6cca2615e8b35)
2026-10-07 20:59:14.277+00:00 | BftProcessorExecutor-QBFT-0 | INFO  | QbftBesuControllerBuilder | Imported #152 / 1 tx / 5 pending / 153,630 (0.0%) gas / (0xada7f95bd423a07c57140e599344cc3d408d8b1aba2209351bee59f840417d20)
2026-10-07 20:59:16.272+00:00 | EthScheduler-Workers-0 | INFO  | PersistBlockTask | Block 153 (0xcced101e95c982a48af67af2e3d870b93b0a0da4b33190889c8474f4e510a74d) is already imported
2026-10-07 20:59:16.273+00:00 | BftProcessorExecutor-QBFT-0 | INFO  | QbftBesuControllerBuilder | Imported #153 / 1 tx / 4 pending / 153,650 (0.0%) gas / (0xcced101e95c982a48af67af2e3d870b93b0a0da4b33190889c8474f4e510a74d)
2026-10-07 20:59:18.270+00:00 | BftProcessorExecutor-QBFT-0 | INFO  | QbftBesuControllerBuilder | Imported #154 / 1 tx / 3 pending / 153,630 (0.0%) gas / (0x8f4a91b04ecac368e417eaffee348dac4d72e7c4a9c3c0eb7d19ecd67b1ab072)
2026-10-07 20:59:20.268+00:00 | BftProcessorExecutor-QBFT-0 | INFO  | QbftBesuControllerBuilder | Produced #155 / 1 tx / 2 pending / 153,618 (0.0%) gas / (0x3fdfb512a0a51af30c8e9236d1093bd95e548fad37ac44b5860c7c3862907008)
2026-10-07 20:59:22.345+00:00 | BftProcessorExecutor-QBFT-0 | INFO  | QbftBesuControllerBuilder | Imported #156 / 1 tx / 1 pending / 153,630 (0.0%) gas / (0xffead62f9c7f1aa472c263d291878bf5db5cbe6ca51aa666ec59c673df619c52)
2026-10-07 20:59:24.349+00:00 | EthScheduler-Workers-0 | INFO  | PersistBlockTask | Block 157 (0x3fd688b2e2b61bfc2866e86c2e3f6522b741ac85cf973ccc427d7ac9e1d7ed06) is already imported
2026-10-07 20:59:24.349+00:00 | BftProcessorExecutor-QBFT-0 | INFO  | QbftBesuControllerBuilder | Imported #157 / 1 tx / 0 pending / 153,650 (0.0%) gas / (0x3fd688b2e2b61bfc2866e86c2e3f6522b741ac85cf973ccc427d7ac9e1d7ed06)
2026-10-07 20:59:26.477+00:00 | EthScheduler-Workers-0 | INFO  | PersistBlockTask | Block 158 (0x42e626fbf06819daecc7c706924ac3d53353cf5195c677d968a36e39551c86f5) is already imported
2026-10-07 20:59:26.477+00:00 | BftProcessorExecutor-QBFT-0 | INFO  | QbftBesuControllerBuilder | Imported #158 / 4 tx / 60 pending / 967,880 (0.0%) gas / (0x42e626fbf06819daecc7c706924ac3d53353cf5195c677d968a36e39551c86f5)
2026-10-07 20:59:28.502+00:00 | EthScheduler-Workers-0 | INFO  | PersistBlockTask | Block 159 (0x2154dc13021f5955dc947e9ae8083df77f4dcbbdbbe6360931847b6892103482) is already imported
2026-10-07 20:59:28.502+00:00 | BftProcessorExecutor-QBFT-0 | INFO  | QbftBesuControllerBuilder | Imported #159 / 4 tx / 56 pending / 967,880 (0.0%) gas / (0x2154dc13021f5955dc947e9ae8083df77f4dcbbdbbe6360931847b6892103482)
2026-10-07 20:59:30.517+00:00 | EthScheduler-Workers-0 | INFO  | PersistBlockTask | Block 160 (0xfe1cd3cd4ffbea65e86cab0ae5027d190cf02c27be7e790ecd484acf4e0ae64f) is already imported
2026-10-07 20:59:30.517+00:00 | BftProcessorExecutor-QBFT-0 | INFO  | QbftBesuControllerBuilder | Imported #160 / 4 tx / 52 pending / 967,880 (0.0%) gas / (0xfe1cd3cd4ffbea65e86cab0ae5027d190cf02c27be7e790ecd484acf4e0ae64f)
2026-10-07 20:59:32.457+00:00 | BftProcessorExecutor-QBFT-0 | INFO  | QbftBesuControllerBuilder | Imported #161 / 4 tx / 48 pending / 967,880 (0.0%) gas / (0xf5d09a0f08afca9e15b0933dd05698c031074001bd37844e87b2276d433671df)
2026-10-07 20:59:34.521+00:00 | BftProcessorExecutor-QBFT-0 | INFO  | QbftBesuControllerBuilder | Imported #162 / 4 tx / 44 pending / 967,880 (0.0%) gas / (0x4e6a884e38ebd98cc46f7626c80e0463dfcbbd676960ceb02f02644528b8074e)
2026-10-07 20:59:36.574+00:00 | BftProcessorExecutor-QBFT-0 | INFO  | QbftBesuControllerBuilder | Imported #163 / 4 tx / 40 pending / 967,880 (0.0%) gas / (0x701676164deb3c6978849bf257f63d712afb8b1a5f72b52dc76c791b46ffd64d)
2026-10-07 20:59:38.543+00:00 | BftProcessorExecutor-QBFT-0 | INFO  | QbftBesuControllerBuilder | Imported #164 / 4 tx / 36 pending / 967,880 (0.0%) gas / (0x9e400948be430f65cd33c1c2ca222f4d22379cff8203cea966dd0e123b1707d0)
2026-10-07 20:59:40.440+00:00 | EthScheduler-Workers-0 | INFO  | PersistBlockTask | Block 165 (0x5267a7673b405a789608ab5ec7b212be37121933ab494692dfae28d656156c55) is already imported
2026-10-07 20:59:40.440+00:00 | BftProcessorExecutor-QBFT-0 | INFO  | QbftBesuControllerBuilder | Imported #165 / 5 tx / 31 pending / 1,209,850 (0.0%) gas / (0x5267a7673b405a789608ab5ec7b212be37121933ab494692dfae28d656156c55)
2026-10-07 20:59:42.430+00:00 | BftProcessorExecutor-QBFT-0 | INFO  | QbftBesuControllerBuilder | Imported #166 / 5 tx / 26 pending / 1,209,850 (0.0%) gas / (0xc2bb8b58a49429ac51923c46d253546725b63c4934adb08f39e7aed3855e8e79)
2026-10-07 20:59:44.511+00:00 | EthScheduler-Workers-0 | INFO  | PersistBlockTask | Block 167 (0xdc897ad75b903aee2880b811d45e453fa4c2dbd4888acad7373babc2515e582e) is already imported
2026-10-07 20:59:44.511+00:00 | BftProcessorExecutor-QBFT-0 | INFO  | QbftBesuControllerBuilder | Imported #167 / 5 tx / 21 pending / 1,209,850 (0.0%) gas / (0xdc897ad75b903aee2880b811d45e453fa4c2dbd4888acad7373babc2515e582e)
2026-10-07 20:59:46.512+00:00 | EthScheduler-Workers-0 | INFO  | PersistBlockTask | Block 168 (0xfe6f9a4b1777465ef334a6112ed2cbf2e03bdb858da72b829501317dfd8cdb48) is already imported
2026-10-07 20:59:46.512+00:00 | BftProcessorExecutor-QBFT-0 | INFO  | QbftBesuControllerBuilder | Imported #168 / 5 tx / 16 pending / 1,209,850 (0.0%) gas / (0xfe6f9a4b1777465ef334a6112ed2cbf2e03bdb858da72b829501317dfd8cdb48)
2026-10-07 20:59:48.462+00:00 | BftProcessorExecutor-QBFT-0 | INFO  | QbftBesuControllerBuilder | Imported #169 / 4 tx / 12 pending / 967,880 (0.0%) gas / (0x67f8cd03a3935e890b58680b885c6b8c67cc0d4d91d4d3852e2e13107d1d0f69)
2026-10-07 20:59:48.462+00:00 | EthScheduler-Workers-0 | INFO  | PersistBlockTask | Block 169 (0x67f8cd03a3935e890b58680b885c6b8c67cc0d4d91d4d3852e2e13107d1d0f69) is already imported
2026-10-07 20:59:50.412+00:00 | BftProcessorExecutor-QBFT-0 | INFO  | QbftBesuControllerBuilder | Produced #170 / 4 tx / 8 pending / 967,880 (0.0%) gas / (0x42b0e9350e16ee2e46c9a065c0e9bda20feb5f7bf76d540fd11165eba248980f)
2026-10-07 20:59:52.497+00:00 | BftProcessorExecutor-QBFT-0 | INFO  | QbftBesuControllerBuilder | Imported #171 / 4 tx / 4 pending / 967,880 (0.0%) gas / (0x88ff7336a94133da9d6a45b19f3f7091c0ec07ba0cc8e5b74a7b17946b5a1a8e)
2026-10-07 20:59:52.497+00:00 | EthScheduler-Workers-0 | INFO  | PersistBlockTask | Block 171 (0x88ff7336a94133da9d6a45b19f3f7091c0ec07ba0cc8e5b74a7b17946b5a1a8e) is already imported
2026-10-07 20:59:54.507+00:00 | EthScheduler-Workers-0 | INFO  | PersistBlockTask | Block 172 (0x45b9ab1fb056f0f8b3a778438fbbba1b33ee09b618c307413cd9d099f8dc3a6e) is already imported
2026-10-07 20:59:54.507+00:00 | BftProcessorExecutor-QBFT-0 | INFO  | QbftBesuControllerBuilder | Imported #172 / 4 tx / 0 pending / 967,880 (0.0%) gas / (0x45b9ab1fb056f0f8b3a778438fbbba1b33ee09b618c307413cd9d099f8dc3a6e)
2026-10-07 20:59:56.326+00:00 | BftProcessorExecutor-QBFT-0 | INFO  | QbftBesuControllerBuilder | Imported #173 / 0 tx / 0 pending / 0 (0.0%) gas / (0x59ea01858218b47586a9d1d9bbdcaf568bb944ee8fae5cb171aba0b51480cbb8)
2026-10-07 20:59:58.335+00:00 | BftProcessorExecutor-QBFT-0 | INFO  | QbftBesuControllerBuilder | Imported #174 / 0 tx / 8 pending / 0 (0.0%) gas / (0x9e6f3cba0863c96631b758f79ba3be73df8a4876c8c90de0005e0c760b68896b)
2026-10-07 21:00:00.331+00:00 | BftProcessorExecutor-QBFT-0 | INFO  | QbftBesuControllerBuilder | Imported #175 / 0 tx / 8 pending / 0 (0.0%) gas / (0x111cf0eb47f8e73536dcb93070105225bba672782d2a29d283607415e4852463)
2026-10-07 21:00:02.335+00:00 | BftProcessorExecutor-QBFT-0 | INFO  | QbftBesuControllerBuilder | Imported #176 / 0 tx / 8 pending / 0 (0.0%) gas / (0x14228541c307df31f51a43b293d52804b264458bd31427c31e6d3ce9e46f67ac)
2026-10-07 21:00:04.475+00:00 | BftProcessorExecutor-QBFT-0 | INFO  | QbftBesuControllerBuilder | Imported #177 / 0 tx / 8 pending / 0 (0.0%) gas / (0xc23b6e1507d4ae0e9eb0b8fc5beb71dd3d5a6190f604907d2b1ff15ca184f28d)
2026-10-07 21:00:06.481+00:00 | BftProcessorExecutor-QBFT-0 | INFO  | QbftBesuControllerBuilder | Imported #178 / 0 tx / 8 pending / 0 (0.0%) gas / (0x93c94ec4a7717fa01e224ff9377bbd813ae8f12d513edd031d2b95fbc8014f31)
2026-10-07 21:00:08.480+00:00 | BftProcessorExecutor-QBFT-0 | INFO  | QbftBesuControllerBuilder | Imported #179 / 0 tx / 8 pending / 0 (0.0%) gas / (0x5b80afec789944ad5d928e7623fe852eb4b8a68439f2974642a1e6bac597586f)
2026-10-07 21:00:10.274+00:00 | BftProcessorExecutor-QBFT-0 | INFO  | QbftBesuControllerBuilder | Imported #180 / 1 tx / 7 pending / 153,630 (0.0%) gas / (0x180762d179d0e75adbe145e4adda5ff6a438d957e986f416ddbfbfde099311df)
2026-10-07 21:00:12.263+00:00 | BftProcessorExecutor-QBFT-0 | INFO  | QbftBesuControllerBuilder | Imported #181 / 1 tx / 6 pending / 153,606 (0.0%) gas / (0x258087458159690d6e185d5cb901564bab8d88a5ca7e3e4726dfbfb678a520f1)
2026-10-07 21:00:14.273+00:00 | BftProcessorExecutor-QBFT-0 | INFO  | QbftBesuControllerBuilder | Imported #182 / 1 tx / 5 pending / 153,630 (0.0%) gas / (0xe8aa6a066491bb0b281dc4184a2e68f149b1e84be3fb4c9c88cd240e65f256ca)
2026-10-07 21:00:16.252+00:00 | BftProcessorExecutor-QBFT-0 | INFO  | QbftBesuControllerBuilder | Imported #183 / 1 tx / 4 pending / 153,614 (0.0%) gas / (0xe8a43089bd6b4918e8f5fec429b86cc2dc38a00759d0807a1ebe85e9e84a55dc)
2026-10-07 21:00:18.258+00:00 | BftProcessorExecutor-QBFT-0 | INFO  | QbftBesuControllerBuilder | Imported #184 / 1 tx / 3 pending / 153,650 (0.0%) gas / (0x0ee2b8da070a08cd81fc2836edc036184491cbe3d9d3a476135b71d158974a8d)
2026-10-07 21:00:20.258+00:00 | BftProcessorExecutor-QBFT-0 | INFO  | QbftBesuControllerBuilder | Produced #185 / 1 tx / 2 pending / 153,606 (0.0%) gas / (0x2960de7e87ea05aa8d511d2e84d38769d88506547bce6292f9196c6bffc77d8b)
2026-10-07 21:00:22.339+00:00 | EthScheduler-Workers-0 | INFO  | PersistBlockTask | Block 186 (0x447431d720aac0fbc7d8d911f8891bd08d3e9b26582cc92d4515c205b88e74ea) is already imported
2026-10-07 21:00:22.339+00:00 | BftProcessorExecutor-QBFT-0 | INFO  | QbftBesuControllerBuilder | Imported #186 / 1 tx / 1 pending / 153,618 (0.0%) gas / (0x447431d720aac0fbc7d8d911f8891bd08d3e9b26582cc92d4515c205b88e74ea)
2026-10-07 21:00:24.341+00:00 | BftProcessorExecutor-QBFT-0 | INFO  | QbftBesuControllerBuilder | Imported #187 / 1 tx / 0 pending / 153,618 (0.0%) gas / (0x1bec671adfddf7abaa73c3461c0f14c21bf28e85a30fb1705d92189594e8f17d)
2026-10-07 21:00:26.336+00:00 | BftProcessorExecutor-QBFT-0 | INFO  | QbftBesuControllerBuilder | Imported #188 / 0 tx / 0 pending / 0 (0.0%) gas / (0xc68928f2a2ecc1cafb9594b46a1065227691e86b69514cf0291ec942db53dd30)
2026-10-07 21:00:28.331+00:00 | BftProcessorExecutor-QBFT-0 | INFO  | QbftBesuControllerBuilder | Imported #189 / 0 tx / 0 pending / 0 (0.0%) gas / (0xe68dc51acd77468e93ebe03406a740c62c1f9a7b88f9d341f9068b0f9e53fc40)
2026-10-07 21:00:30.306+00:00 | BftProcessorExecutor-QBFT-0 | INFO  | QbftBesuControllerBuilder | Imported #190 / 0 tx / 0 pending / 0 (0.0%) gas / (0x267976df4432f36e255c76d2cd6ec97b1452cdb57cb7c112a1ae2623d4691aa3)
2026-10-07 21:00:32.324+00:00 | BftProcessorExecutor-QBFT-0 | INFO  | QbftBesuControllerBuilder | Imported #191 / 0 tx / 0 pending / 0 (0.0%) gas / (0x534bd211410ea5ed8183814bdc8f1c7ffcce60b4ee3cc88d79041c9f827b2364)
2026-10-07 21:00:34.502+00:00 | BftProcessorExecutor-QBFT-0 | INFO  | QbftBesuControllerBuilder | Imported #192 / 0 tx / 0 pending / 0 (0.0%) gas / (0xa2554e22e7b9c4ca552d2d74d067d0157c7ecf7b664ba2b5c04a43d8be766601)
2026-10-07 21:00:36.474+00:00 | BftProcessorExecutor-QBFT-0 | INFO  | QbftBesuControllerBuilder | Imported #193 / 0 tx / 0 pending / 0 (0.0%) gas / (0x6235c32d2b0d9fae6e179b37c48e1fd409faeff236609c3b0b60e474ce3d2f34)
2026-10-07 21:00:38.390+00:00 | BftProcessorExecutor-QBFT-0 | INFO  | QbftBesuControllerBuilder | Imported #194 / 0 tx / 0 pending / 0 (0.0%) gas / (0x165537b4467ea6627b8349d5789c8ffb421f0419cf37fcc64f432db4f8dc9a9d)
2026-10-07 21:00:40.243+00:00 | BftProcessorExecutor-QBFT-0 | INFO  | QbftBesuControllerBuilder | Imported #195 / 0 tx / 0 pending / 0 (0.0%) gas / (0xaa9577085a7597ef53f6551bb6bfffaea78fef04c0cf2add6e486b08e502cf12)
2026-10-07 21:00:40.243+00:00 | EthScheduler-Workers-0 | INFO  | PersistBlockTask | Block 195 (0xaa9577085a7597ef53f6551bb6bfffaea78fef04c0cf2add6e486b08e502cf12) is already imported
2026-10-07 21:00:42.241+00:00 | BftProcessorExecutor-QBFT-0 | INFO  | QbftBesuControllerBuilder | Imported #196 / 0 tx / 0 pending / 0 (0.0%) gas / (0x829781489da2e62b78c6b13681f5aeec379b598ccb6f504a684b4cb123227750)
2026-10-07 21:00:44.240+00:00 | BftProcessorExecutor-QBFT-0 | INFO  | QbftBesuControllerBuilder | Imported #197 / 0 tx / 0 pending / 0 (0.0%) gas / (0x4812c850a982292f4f4b21c5332305ea21df44f017d57c7621386062bb8705a6)
2026-10-07 21:00:46.249+00:00 | EthScheduler-Workers-0 | INFO  | PersistBlockTask | Block 198 (0x0368763b1c082e8a48e06b9ee213f3154b56740b4e7c67853a40006f214a8653) is already imported
2026-10-07 21:00:46.250+00:00 | BftProcessorExecutor-QBFT-0 | INFO  | QbftBesuControllerBuilder | Imported #198 / 0 tx / 0 pending / 0 (0.0%) gas / (0x0368763b1c082e8a48e06b9ee213f3154b56740b4e7c67853a40006f214a8653)
