
$ bash scripts/04c-run-network-apptainer.sh wan
=== Step 0: stop the previous zkRoam Apptainer network ===
$ apptainer exec --cleanenv /tmp/zkroam-hw-22073-TarIRJ/net-heterogeneity/zkroam-besu.sif ip -o link show
$ apptainer exec --cleanenv /tmp/zkroam-hw-22073-TarIRJ/net-heterogeneity/zkroam-besu.sif ip link delete zkroam0
=== Step 1: generate genesis, validator keys, and accounts ===
==========================================
Generating QBFT test network
==========================================

Validators : 15
Client accounts : 2000
Balance/account : 1000000000000000000000 wei

[1/5] Cleaning previous network files...
[2/5] Generating QBFT validators and genesis...
2026-10-07 16:22:01.014+00:00 | main | INFO  | GenerateBlockchainConfig | Generating 15 nodes keys.
2026-10-07 16:22:01.017+00:00 | main | INFO  | GenerateBlockchainConfig | Generating keypair for node 0.
2026-10-07 16:22:01.068+00:00 | main | INFO  | GenerateBlockchainConfig | Generating keypair for node 1.
2026-10-07 16:22:01.071+00:00 | main | INFO  | GenerateBlockchainConfig | Generating keypair for node 2.
2026-10-07 16:22:01.073+00:00 | main | INFO  | GenerateBlockchainConfig | Generating keypair for node 3.
2026-10-07 16:22:01.075+00:00 | main | INFO  | GenerateBlockchainConfig | Generating keypair for node 4.
2026-10-07 16:22:01.076+00:00 | main | INFO  | GenerateBlockchainConfig | Generating keypair for node 5.
2026-10-07 16:22:01.077+00:00 | main | INFO  | GenerateBlockchainConfig | Generating keypair for node 6.
2026-10-07 16:22:01.078+00:00 | main | INFO  | GenerateBlockchainConfig | Generating keypair for node 7.
2026-10-07 16:22:01.079+00:00 | main | INFO  | GenerateBlockchainConfig | Generating keypair for node 8.
2026-10-07 16:22:01.081+00:00 | main | INFO  | GenerateBlockchainConfig | Generating keypair for node 9.
2026-10-07 16:22:01.081+00:00 | main | INFO  | GenerateBlockchainConfig | Generating keypair for node 10.
2026-10-07 16:22:01.082+00:00 | main | INFO  | GenerateBlockchainConfig | Generating keypair for node 11.
2026-10-07 16:22:01.083+00:00 | main | INFO  | GenerateBlockchainConfig | Generating keypair for node 12.
2026-10-07 16:22:01.084+00:00 | main | INFO  | GenerateBlockchainConfig | Generating keypair for node 13.
2026-10-07 16:22:01.085+00:00 | main | INFO  | GenerateBlockchainConfig | Generating keypair for node 14.
2026-10-07 16:22:01.086+00:00 | main | INFO  | GenerateBlockchainConfig | Generating QBFT extra data.
2026-10-07 16:22:01.090+00:00 | main | INFO  | GenerateBlockchainConfig | Writing genesis file.
[3/5] Generating 2000 funded client accounts...
Generating 2000 funded accounts...

Generated 2000 accounts.
Saved to: /tmp/zkroam-hw-22073-TarIRJ/net-heterogeneity/accounts/accounts.json
[4/5] Updating genesis alloc...
Existing configured alloc accounts: 2
Generated workload accounts: 2000

Final genesis alloc contains 2002 accounts.
[5/5] Verifying generated network...

==========================================
QBFT network generation complete
==========================================

Genesis:
  /tmp/zkroam-hw-22073-TarIRJ/net-heterogeneity/networkFiles/genesis.json

Validators:
  /tmp/zkroam-hw-22073-TarIRJ/net-heterogeneity/networkFiles/keys/

Client accounts:
  /tmp/zkroam-hw-22073-TarIRJ/net-heterogeneity/accounts/accounts.json

Validator count:
15

Client account count:
2000

Genesis alloc count:
2002

First 10 client accounts:
000 0xA707C0eD3695591b474784242D504bA8c5cB17Ea balance=1000000000000000000000
001 0x6Cfff75B86d564EADe4A0F8A7223cb0cF5a0a7F5 balance=1000000000000000000000
002 0xCAecE974B895799E416b88098e191002A9720A6D balance=1000000000000000000000
003 0x8a0e8C25368696aBe616C3B1A81cd75989c34fc9 balance=1000000000000000000000
004 0x2e9F7cdb1Afa96Bb7857A95148dC9d825F710A70 balance=1000000000000000000000
005 0x4fc73d793D2D0C175A1165466dbfbCFBcE9FD400 balance=1000000000000000000000
006 0x5Cc717B5ac94cBACfD2c40e3ecfD1Dcea8b65125 balance=1000000000000000000000
007 0xf109D66e1A17ce5Be48766f04632662D25EE60F3 balance=1000000000000000000000
008 0xf40eAB8E2876247c2880012c8B7677A4e0BDBc74 balance=1000000000000000000000
009 0x99c4dEFD27B4c7fA46E71B258AB4f27a0952C488 balance=1000000000000000000000

==========================================
IMPORTANT
==========================================

Client private keys are stored in:
  /tmp/zkroam-hw-22073-TarIRJ/net-heterogeneity/accounts/accounts.json

Do NOT commit this file to Git.

=== Step 2: generate the wan topology ===
Wrote /tmp/zkroam-hw-22073-TarIRJ/net-heterogeneity/networkFiles/topology.json
Region distribution: {'us-east': 3, 'us-west': 3, 'eu-west': 3, 'ap-southeast': 3, 'sa-east': 3}
=== Step 3: start 15 isolated Apptainer-backed validators ===
$ apptainer exec --cleanenv /Utilisateurs/abellach/zkRoam/net-heterogeneity/zkroam-besu.sif ip -o link show
$ apptainer exec --cleanenv /Utilisateurs/abellach/zkRoam/net-heterogeneity/zkroam-besu.sif ip link delete zkroam0
$ apptainer exec --cleanenv /Utilisateurs/abellach/zkRoam/net-heterogeneity/zkroam-besu.sif ip link add zkroam0 type bridge
$ apptainer exec --cleanenv /Utilisateurs/abellach/zkRoam/net-heterogeneity/zkroam-besu.sif ip addr add 172.28.0.1/24 dev zkroam0
$ apptainer exec --cleanenv /Utilisateurs/abellach/zkRoam/net-heterogeneity/zkroam-besu.sif ip link set zkroam0 up
$ apptainer exec --cleanenv /Utilisateurs/abellach/zkRoam/net-heterogeneity/zkroam-besu.sif ip link delete zkh00
$ apptainer exec --cleanenv /Utilisateurs/abellach/zkRoam/net-heterogeneity/zkroam-besu.sif ip link add zkh00 type veth peer name eth0
$ apptainer exec --cleanenv /Utilisateurs/abellach/zkRoam/net-heterogeneity/zkroam-besu.sif ip link set zkh00 master zkroam0
$ apptainer exec --cleanenv /Utilisateurs/abellach/zkRoam/net-heterogeneity/zkroam-besu.sif ip link set zkh00 up
$ apptainer exec --cleanenv /Utilisateurs/abellach/zkRoam/net-heterogeneity/zkroam-besu.sif ip link set eth0 netns 1554500
$ nsenter -t 1554500 -n apptainer exec --cleanenv /Utilisateurs/abellach/zkRoam/net-heterogeneity/zkroam-besu.sif ip link set lo up
$ nsenter -t 1554500 -n apptainer exec --cleanenv /Utilisateurs/abellach/zkRoam/net-heterogeneity/zkroam-besu.sif ip addr add 172.28.0.10/24 dev eth0
$ nsenter -t 1554500 -n apptainer exec --cleanenv /Utilisateurs/abellach/zkRoam/net-heterogeneity/zkroam-besu.sif ip link set eth0 up
$ nsenter -t 1554500 -n apptainer exec --cleanenv /Utilisateurs/abellach/zkRoam/net-heterogeneity/zkroam-besu.sif ip route add default via 172.28.0.1
$ apptainer exec --cleanenv /Utilisateurs/abellach/zkRoam/net-heterogeneity/zkroam-besu.sif ip link delete zkh01
$ apptainer exec --cleanenv /Utilisateurs/abellach/zkRoam/net-heterogeneity/zkroam-besu.sif ip link add zkh01 type veth peer name eth0
$ apptainer exec --cleanenv /Utilisateurs/abellach/zkRoam/net-heterogeneity/zkroam-besu.sif ip link set zkh01 master zkroam0
$ apptainer exec --cleanenv /Utilisateurs/abellach/zkRoam/net-heterogeneity/zkroam-besu.sif ip link set zkh01 up
$ apptainer exec --cleanenv /Utilisateurs/abellach/zkRoam/net-heterogeneity/zkroam-besu.sif ip link set eth0 netns 1554985
$ nsenter -t 1554985 -n apptainer exec --cleanenv /Utilisateurs/abellach/zkRoam/net-heterogeneity/zkroam-besu.sif ip link set lo up
$ nsenter -t 1554985 -n apptainer exec --cleanenv /Utilisateurs/abellach/zkRoam/net-heterogeneity/zkroam-besu.sif ip addr add 172.28.0.11/24 dev eth0
$ nsenter -t 1554985 -n apptainer exec --cleanenv /Utilisateurs/abellach/zkRoam/net-heterogeneity/zkroam-besu.sif ip link set eth0 up
$ nsenter -t 1554985 -n apptainer exec --cleanenv /Utilisateurs/abellach/zkRoam/net-heterogeneity/zkroam-besu.sif ip route add default via 172.28.0.1
$ apptainer exec --cleanenv /Utilisateurs/abellach/zkRoam/net-heterogeneity/zkroam-besu.sif ip link delete zkh02
$ apptainer exec --cleanenv /Utilisateurs/abellach/zkRoam/net-heterogeneity/zkroam-besu.sif ip link add zkh02 type veth peer name eth0
$ apptainer exec --cleanenv /Utilisateurs/abellach/zkRoam/net-heterogeneity/zkroam-besu.sif ip link set zkh02 master zkroam0
$ apptainer exec --cleanenv /Utilisateurs/abellach/zkRoam/net-heterogeneity/zkroam-besu.sif ip link set zkh02 up
$ apptainer exec --cleanenv /Utilisateurs/abellach/zkRoam/net-heterogeneity/zkroam-besu.sif ip link set eth0 netns 1555627
$ nsenter -t 1555627 -n apptainer exec --cleanenv /Utilisateurs/abellach/zkRoam/net-heterogeneity/zkroam-besu.sif ip link set lo up
$ nsenter -t 1555627 -n apptainer exec --cleanenv /Utilisateurs/abellach/zkRoam/net-heterogeneity/zkroam-besu.sif ip addr add 172.28.0.12/24 dev eth0
$ nsenter -t 1555627 -n apptainer exec --cleanenv /Utilisateurs/abellach/zkRoam/net-heterogeneity/zkroam-besu.sif ip link set eth0 up
$ nsenter -t 1555627 -n apptainer exec --cleanenv /Utilisateurs/abellach/zkRoam/net-heterogeneity/zkroam-besu.sif ip route add default via 172.28.0.1
$ apptainer exec --cleanenv /Utilisateurs/abellach/zkRoam/net-heterogeneity/zkroam-besu.sif ip link delete zkh03
$ apptainer exec --cleanenv /Utilisateurs/abellach/zkRoam/net-heterogeneity/zkroam-besu.sif ip link add zkh03 type veth peer name eth0
$ apptainer exec --cleanenv /Utilisateurs/abellach/zkRoam/net-heterogeneity/zkroam-besu.sif ip link set zkh03 master zkroam0
$ apptainer exec --cleanenv /Utilisateurs/abellach/zkRoam/net-heterogeneity/zkroam-besu.sif ip link set zkh03 up
$ apptainer exec --cleanenv /Utilisateurs/abellach/zkRoam/net-heterogeneity/zkroam-besu.sif ip link set eth0 netns 1556321
$ nsenter -t 1556321 -n apptainer exec --cleanenv /Utilisateurs/abellach/zkRoam/net-heterogeneity/zkroam-besu.sif ip link set lo up
$ nsenter -t 1556321 -n apptainer exec --cleanenv /Utilisateurs/abellach/zkRoam/net-heterogeneity/zkroam-besu.sif ip addr add 172.28.0.13/24 dev eth0
$ nsenter -t 1556321 -n apptainer exec --cleanenv /Utilisateurs/abellach/zkRoam/net-heterogeneity/zkroam-besu.sif ip link set eth0 up
$ nsenter -t 1556321 -n apptainer exec --cleanenv /Utilisateurs/abellach/zkRoam/net-heterogeneity/zkroam-besu.sif ip route add default via 172.28.0.1
$ apptainer exec --cleanenv /Utilisateurs/abellach/zkRoam/net-heterogeneity/zkroam-besu.sif ip link delete zkh04
$ apptainer exec --cleanenv /Utilisateurs/abellach/zkRoam/net-heterogeneity/zkroam-besu.sif ip link add zkh04 type veth peer name eth0
$ apptainer exec --cleanenv /Utilisateurs/abellach/zkRoam/net-heterogeneity/zkroam-besu.sif ip link set zkh04 master zkroam0
$ apptainer exec --cleanenv /Utilisateurs/abellach/zkRoam/net-heterogeneity/zkroam-besu.sif ip link set zkh04 up
$ apptainer exec --cleanenv /Utilisateurs/abellach/zkRoam/net-heterogeneity/zkroam-besu.sif ip link set eth0 netns 1557141
$ nsenter -t 1557141 -n apptainer exec --cleanenv /Utilisateurs/abellach/zkRoam/net-heterogeneity/zkroam-besu.sif ip link set lo up
$ nsenter -t 1557141 -n apptainer exec --cleanenv /Utilisateurs/abellach/zkRoam/net-heterogeneity/zkroam-besu.sif ip addr add 172.28.0.14/24 dev eth0
$ nsenter -t 1557141 -n apptainer exec --cleanenv /Utilisateurs/abellach/zkRoam/net-heterogeneity/zkroam-besu.sif ip link set eth0 up
$ nsenter -t 1557141 -n apptainer exec --cleanenv /Utilisateurs/abellach/zkRoam/net-heterogeneity/zkroam-besu.sif ip route add default via 172.28.0.1
$ apptainer exec --cleanenv /Utilisateurs/abellach/zkRoam/net-heterogeneity/zkroam-besu.sif ip link delete zkh05
$ apptainer exec --cleanenv /Utilisateurs/abellach/zkRoam/net-heterogeneity/zkroam-besu.sif ip link add zkh05 type veth peer name eth0
$ apptainer exec --cleanenv /Utilisateurs/abellach/zkRoam/net-heterogeneity/zkroam-besu.sif ip link set zkh05 master zkroam0
$ apptainer exec --cleanenv /Utilisateurs/abellach/zkRoam/net-heterogeneity/zkroam-besu.sif ip link set zkh05 up
$ apptainer exec --cleanenv /Utilisateurs/abellach/zkRoam/net-heterogeneity/zkroam-besu.sif ip link set eth0 netns 1557961
$ nsenter -t 1557961 -n apptainer exec --cleanenv /Utilisateurs/abellach/zkRoam/net-heterogeneity/zkroam-besu.sif ip link set lo up
$ nsenter -t 1557961 -n apptainer exec --cleanenv /Utilisateurs/abellach/zkRoam/net-heterogeneity/zkroam-besu.sif ip addr add 172.28.0.15/24 dev eth0
$ nsenter -t 1557961 -n apptainer exec --cleanenv /Utilisateurs/abellach/zkRoam/net-heterogeneity/zkroam-besu.sif ip link set eth0 up
$ nsenter -t 1557961 -n apptainer exec --cleanenv /Utilisateurs/abellach/zkRoam/net-heterogeneity/zkroam-besu.sif ip route add default via 172.28.0.1
$ apptainer exec --cleanenv /Utilisateurs/abellach/zkRoam/net-heterogeneity/zkroam-besu.sif ip link delete zkh06
$ apptainer exec --cleanenv /Utilisateurs/abellach/zkRoam/net-heterogeneity/zkroam-besu.sif ip link add zkh06 type veth peer name eth0
$ apptainer exec --cleanenv /Utilisateurs/abellach/zkRoam/net-heterogeneity/zkroam-besu.sif ip link set zkh06 master zkroam0
$ apptainer exec --cleanenv /Utilisateurs/abellach/zkRoam/net-heterogeneity/zkroam-besu.sif ip link set zkh06 up
$ apptainer exec --cleanenv /Utilisateurs/abellach/zkRoam/net-heterogeneity/zkroam-besu.sif ip link set eth0 netns 1558795
$ nsenter -t 1558795 -n apptainer exec --cleanenv /Utilisateurs/abellach/zkRoam/net-heterogeneity/zkroam-besu.sif ip link set lo up
$ nsenter -t 1558795 -n apptainer exec --cleanenv /Utilisateurs/abellach/zkRoam/net-heterogeneity/zkroam-besu.sif ip addr add 172.28.0.16/24 dev eth0
$ nsenter -t 1558795 -n apptainer exec --cleanenv /Utilisateurs/abellach/zkRoam/net-heterogeneity/zkroam-besu.sif ip link set eth0 up
$ nsenter -t 1558795 -n apptainer exec --cleanenv /Utilisateurs/abellach/zkRoam/net-heterogeneity/zkroam-besu.sif ip route add default via 172.28.0.1
$ apptainer exec --cleanenv /Utilisateurs/abellach/zkRoam/net-heterogeneity/zkroam-besu.sif ip link delete zkh07
$ apptainer exec --cleanenv /Utilisateurs/abellach/zkRoam/net-heterogeneity/zkroam-besu.sif ip link add zkh07 type veth peer name eth0
$ apptainer exec --cleanenv /Utilisateurs/abellach/zkRoam/net-heterogeneity/zkroam-besu.sif ip link set zkh07 master zkroam0
$ apptainer exec --cleanenv /Utilisateurs/abellach/zkRoam/net-heterogeneity/zkroam-besu.sif ip link set zkh07 up
$ apptainer exec --cleanenv /Utilisateurs/abellach/zkRoam/net-heterogeneity/zkroam-besu.sif ip link set eth0 netns 1559678
$ nsenter -t 1559678 -n apptainer exec --cleanenv /Utilisateurs/abellach/zkRoam/net-heterogeneity/zkroam-besu.sif ip link set lo up
$ nsenter -t 1559678 -n apptainer exec --cleanenv /Utilisateurs/abellach/zkRoam/net-heterogeneity/zkroam-besu.sif ip addr add 172.28.0.17/24 dev eth0
$ nsenter -t 1559678 -n apptainer exec --cleanenv /Utilisateurs/abellach/zkRoam/net-heterogeneity/zkroam-besu.sif ip link set eth0 up
$ nsenter -t 1559678 -n apptainer exec --cleanenv /Utilisateurs/abellach/zkRoam/net-heterogeneity/zkroam-besu.sif ip route add default via 172.28.0.1
$ apptainer exec --cleanenv /Utilisateurs/abellach/zkRoam/net-heterogeneity/zkroam-besu.sif ip link delete zkh08
$ apptainer exec --cleanenv /Utilisateurs/abellach/zkRoam/net-heterogeneity/zkroam-besu.sif ip link add zkh08 type veth peer name eth0
$ apptainer exec --cleanenv /Utilisateurs/abellach/zkRoam/net-heterogeneity/zkroam-besu.sif ip link set zkh08 master zkroam0
$ apptainer exec --cleanenv /Utilisateurs/abellach/zkRoam/net-heterogeneity/zkroam-besu.sif ip link set zkh08 up
$ apptainer exec --cleanenv /Utilisateurs/abellach/zkRoam/net-heterogeneity/zkroam-besu.sif ip link set eth0 netns 1560518
$ nsenter -t 1560518 -n apptainer exec --cleanenv /Utilisateurs/abellach/zkRoam/net-heterogeneity/zkroam-besu.sif ip link set lo up
$ nsenter -t 1560518 -n apptainer exec --cleanenv /Utilisateurs/abellach/zkRoam/net-heterogeneity/zkroam-besu.sif ip addr add 172.28.0.18/24 dev eth0
$ nsenter -t 1560518 -n apptainer exec --cleanenv /Utilisateurs/abellach/zkRoam/net-heterogeneity/zkroam-besu.sif ip link set eth0 up
$ nsenter -t 1560518 -n apptainer exec --cleanenv /Utilisateurs/abellach/zkRoam/net-heterogeneity/zkroam-besu.sif ip route add default via 172.28.0.1
$ apptainer exec --cleanenv /Utilisateurs/abellach/zkRoam/net-heterogeneity/zkroam-besu.sif ip link delete zkh09
$ apptainer exec --cleanenv /Utilisateurs/abellach/zkRoam/net-heterogeneity/zkroam-besu.sif ip link add zkh09 type veth peer name eth0
$ apptainer exec --cleanenv /Utilisateurs/abellach/zkRoam/net-heterogeneity/zkroam-besu.sif ip link set zkh09 master zkroam0
$ apptainer exec --cleanenv /Utilisateurs/abellach/zkRoam/net-heterogeneity/zkroam-besu.sif ip link set zkh09 up
$ apptainer exec --cleanenv /Utilisateurs/abellach/zkRoam/net-heterogeneity/zkroam-besu.sif ip link set eth0 netns 1561380
$ nsenter -t 1561380 -n apptainer exec --cleanenv /Utilisateurs/abellach/zkRoam/net-heterogeneity/zkroam-besu.sif ip link set lo up
$ nsenter -t 1561380 -n apptainer exec --cleanenv /Utilisateurs/abellach/zkRoam/net-heterogeneity/zkroam-besu.sif ip addr add 172.28.0.19/24 dev eth0
$ nsenter -t 1561380 -n apptainer exec --cleanenv /Utilisateurs/abellach/zkRoam/net-heterogeneity/zkroam-besu.sif ip link set eth0 up
$ nsenter -t 1561380 -n apptainer exec --cleanenv /Utilisateurs/abellach/zkRoam/net-heterogeneity/zkroam-besu.sif ip route add default via 172.28.0.1
$ apptainer exec --cleanenv /Utilisateurs/abellach/zkRoam/net-heterogeneity/zkroam-besu.sif ip link delete zkh10
$ apptainer exec --cleanenv /Utilisateurs/abellach/zkRoam/net-heterogeneity/zkroam-besu.sif ip link add zkh10 type veth peer name eth0
$ apptainer exec --cleanenv /Utilisateurs/abellach/zkRoam/net-heterogeneity/zkroam-besu.sif ip link set zkh10 master zkroam0
$ apptainer exec --cleanenv /Utilisateurs/abellach/zkRoam/net-heterogeneity/zkroam-besu.sif ip link set zkh10 up
$ apptainer exec --cleanenv /Utilisateurs/abellach/zkRoam/net-heterogeneity/zkroam-besu.sif ip link set eth0 netns 1562216
$ nsenter -t 1562216 -n apptainer exec --cleanenv /Utilisateurs/abellach/zkRoam/net-heterogeneity/zkroam-besu.sif ip link set lo up
$ nsenter -t 1562216 -n apptainer exec --cleanenv /Utilisateurs/abellach/zkRoam/net-heterogeneity/zkroam-besu.sif ip addr add 172.28.0.20/24 dev eth0
$ nsenter -t 1562216 -n apptainer exec --cleanenv /Utilisateurs/abellach/zkRoam/net-heterogeneity/zkroam-besu.sif ip link set eth0 up
$ nsenter -t 1562216 -n apptainer exec --cleanenv /Utilisateurs/abellach/zkRoam/net-heterogeneity/zkroam-besu.sif ip route add default via 172.28.0.1
$ apptainer exec --cleanenv /Utilisateurs/abellach/zkRoam/net-heterogeneity/zkroam-besu.sif ip link delete zkh11
$ apptainer exec --cleanenv /Utilisateurs/abellach/zkRoam/net-heterogeneity/zkroam-besu.sif ip link add zkh11 type veth peer name eth0
$ apptainer exec --cleanenv /Utilisateurs/abellach/zkRoam/net-heterogeneity/zkroam-besu.sif ip link set zkh11 master zkroam0
$ apptainer exec --cleanenv /Utilisateurs/abellach/zkRoam/net-heterogeneity/zkroam-besu.sif ip link set zkh11 up
$ apptainer exec --cleanenv /Utilisateurs/abellach/zkRoam/net-heterogeneity/zkroam-besu.sif ip link set eth0 netns 1563034
$ nsenter -t 1563034 -n apptainer exec --cleanenv /Utilisateurs/abellach/zkRoam/net-heterogeneity/zkroam-besu.sif ip link set lo up
$ nsenter -t 1563034 -n apptainer exec --cleanenv /Utilisateurs/abellach/zkRoam/net-heterogeneity/zkroam-besu.sif ip addr add 172.28.0.21/24 dev eth0
$ nsenter -t 1563034 -n apptainer exec --cleanenv /Utilisateurs/abellach/zkRoam/net-heterogeneity/zkroam-besu.sif ip link set eth0 up
$ nsenter -t 1563034 -n apptainer exec --cleanenv /Utilisateurs/abellach/zkRoam/net-heterogeneity/zkroam-besu.sif ip route add default via 172.28.0.1
$ apptainer exec --cleanenv /Utilisateurs/abellach/zkRoam/net-heterogeneity/zkroam-besu.sif ip link delete zkh12
$ apptainer exec --cleanenv /Utilisateurs/abellach/zkRoam/net-heterogeneity/zkroam-besu.sif ip link add zkh12 type veth peer name eth0
$ apptainer exec --cleanenv /Utilisateurs/abellach/zkRoam/net-heterogeneity/zkroam-besu.sif ip link set zkh12 master zkroam0
$ apptainer exec --cleanenv /Utilisateurs/abellach/zkRoam/net-heterogeneity/zkroam-besu.sif ip link set zkh12 up
$ apptainer exec --cleanenv /Utilisateurs/abellach/zkRoam/net-heterogeneity/zkroam-besu.sif ip link set eth0 netns 1563862
$ nsenter -t 1563862 -n apptainer exec --cleanenv /Utilisateurs/abellach/zkRoam/net-heterogeneity/zkroam-besu.sif ip link set lo up
$ nsenter -t 1563862 -n apptainer exec --cleanenv /Utilisateurs/abellach/zkRoam/net-heterogeneity/zkroam-besu.sif ip addr add 172.28.0.22/24 dev eth0
$ nsenter -t 1563862 -n apptainer exec --cleanenv /Utilisateurs/abellach/zkRoam/net-heterogeneity/zkroam-besu.sif ip link set eth0 up
$ nsenter -t 1563862 -n apptainer exec --cleanenv /Utilisateurs/abellach/zkRoam/net-heterogeneity/zkroam-besu.sif ip route add default via 172.28.0.1
$ apptainer exec --cleanenv /Utilisateurs/abellach/zkRoam/net-heterogeneity/zkroam-besu.sif ip link delete zkh13
$ apptainer exec --cleanenv /Utilisateurs/abellach/zkRoam/net-heterogeneity/zkroam-besu.sif ip link add zkh13 type veth peer name eth0
$ apptainer exec --cleanenv /Utilisateurs/abellach/zkRoam/net-heterogeneity/zkroam-besu.sif ip link set zkh13 master zkroam0
$ apptainer exec --cleanenv /Utilisateurs/abellach/zkRoam/net-heterogeneity/zkroam-besu.sif ip link set zkh13 up
$ apptainer exec --cleanenv /Utilisateurs/abellach/zkRoam/net-heterogeneity/zkroam-besu.sif ip link set eth0 netns 1564731
$ nsenter -t 1564731 -n apptainer exec --cleanenv /Utilisateurs/abellach/zkRoam/net-heterogeneity/zkroam-besu.sif ip link set lo up
$ nsenter -t 1564731 -n apptainer exec --cleanenv /Utilisateurs/abellach/zkRoam/net-heterogeneity/zkroam-besu.sif ip addr add 172.28.0.23/24 dev eth0
$ nsenter -t 1564731 -n apptainer exec --cleanenv /Utilisateurs/abellach/zkRoam/net-heterogeneity/zkroam-besu.sif ip link set eth0 up
$ nsenter -t 1564731 -n apptainer exec --cleanenv /Utilisateurs/abellach/zkRoam/net-heterogeneity/zkroam-besu.sif ip route add default via 172.28.0.1
$ apptainer exec --cleanenv /Utilisateurs/abellach/zkRoam/net-heterogeneity/zkroam-besu.sif ip link delete zkh14
$ apptainer exec --cleanenv /Utilisateurs/abellach/zkRoam/net-heterogeneity/zkroam-besu.sif ip link add zkh14 type veth peer name eth0
$ apptainer exec --cleanenv /Utilisateurs/abellach/zkRoam/net-heterogeneity/zkroam-besu.sif ip link set zkh14 master zkroam0
$ apptainer exec --cleanenv /Utilisateurs/abellach/zkRoam/net-heterogeneity/zkroam-besu.sif ip link set zkh14 up
$ apptainer exec --cleanenv /Utilisateurs/abellach/zkRoam/net-heterogeneity/zkroam-besu.sif ip link set eth0 netns 1565555
$ nsenter -t 1565555 -n apptainer exec --cleanenv /Utilisateurs/abellach/zkRoam/net-heterogeneity/zkroam-besu.sif ip link set lo up
$ nsenter -t 1565555 -n apptainer exec --cleanenv /Utilisateurs/abellach/zkRoam/net-heterogeneity/zkroam-besu.sif ip addr add 172.28.0.24/24 dev eth0
$ nsenter -t 1565555 -n apptainer exec --cleanenv /Utilisateurs/abellach/zkRoam/net-heterogeneity/zkroam-besu.sif ip link set eth0 up
$ nsenter -t 1565555 -n apptainer exec --cleanenv /Utilisateurs/abellach/zkRoam/net-heterogeneity/zkroam-besu.sif ip route add default via 172.28.0.1
Started 15 Apptainer-backed validators.
=== Step 4: wait for every validator RPC and peer set ===
{
  "node00": {
    "block": 2,
    "peers": 14
  },
  "node01": {
    "block": 2,
    "peers": 14
  },
  "node02": {
    "block": 2,
    "peers": 14
  },
  "node03": {
    "block": 2,
    "peers": 14
  },
  "node04": {
    "block": 2,
    "peers": 14
  },
  "node05": {
    "block": 2,
    "peers": 14
  },
  "node06": {
    "block": 2,
    "peers": 14
  },
  "node07": {
    "block": 2,
    "peers": 14
  },
  "node08": {
    "block": 2,
    "peers": 13
  },
  "node09": {
    "block": 2,
    "peers": 14
  },
  "node10": {
    "block": 2,
    "peers": 14
  },
  "node11": {
    "block": 2,
    "peers": 14
  },
  "node12": {
    "block": 2,
    "peers": 14
  },
  "node13": {
    "block": 2,
    "peers": 13
  },
  "node14": {
    "block": 3,
    "peers": 14
  }
}
All 15 nodes are ready.
Apptainer wan network is up.

$ /Utilisateurs/abellach/zkRoam/net-heterogeneity/venv/bin/python3 workload/deploy_verifiers.py --topology networkFiles/topology.json --accounts accounts/accounts.json
Discovered RPC endpoints:
------------------------------------------
  node00     -> http://172.28.0.10:8545
  node01     -> http://172.28.0.11:8545
  node02     -> http://172.28.0.12:8545
  node03     -> http://172.28.0.13:8545
  node04     -> http://172.28.0.14:8545
  node05     -> http://172.28.0.15:8545
  node06     -> http://172.28.0.16:8545
  node07     -> http://172.28.0.17:8545
  node08     -> http://172.28.0.18:8545
  node09     -> http://172.28.0.19:8545
  node10     -> http://172.28.0.20:8545
  node11     -> http://172.28.0.21:8545
  node12     -> http://172.28.0.22:8545
  node13     -> http://172.28.0.23:8545
  node14     -> http://172.28.0.24:8545
------------------------------------------
Connecting to node00 (http://172.28.0.10:8545)...
  Connected. chain_id=1337
Connecting to node01 (http://172.28.0.11:8545)...
  Connected. chain_id=1337
Connecting to node02 (http://172.28.0.12:8545)...
  Connected. chain_id=1337
Connecting to node03 (http://172.28.0.13:8545)...
  Connected. chain_id=1337
Connecting to node04 (http://172.28.0.14:8545)...
  Connected. chain_id=1337
Connecting to node05 (http://172.28.0.15:8545)...
  Connected. chain_id=1337
Connecting to node06 (http://172.28.0.16:8545)...
  Connected. chain_id=1337
Connecting to node07 (http://172.28.0.17:8545)...
  Connected. chain_id=1337
Connecting to node08 (http://172.28.0.18:8545)...
  Connected. chain_id=1337
Connecting to node09 (http://172.28.0.19:8545)...
  Connected. chain_id=1337
Connecting to node10 (http://172.28.0.20:8545)...
  Connected. chain_id=1337
Connecting to node11 (http://172.28.0.21:8545)...
  Connected. chain_id=1337
Connecting to node12 (http://172.28.0.22:8545)...
  Connected. chain_id=1337
Connecting to node13 (http://172.28.0.23:8545)...
  Connected. chain_id=1337
Connecting to node14 (http://172.28.0.24:8545)...
  Connected. chain_id=1337

Deploying from 0xA707C0eD3695591b474784242D504bA8c5cB17Ea via http://172.28.0.10:8545 (chain_id=1337)

Compiling CDRVerifier.sol ...
Deploying CDRVerifier ...
  submitted deploy tx b03f6bb2dd63d39b62e5917bd8de1460d74a41d2a8a17be180f50bf296ad0352, waiting for receipt...
  deployed at 0x407db2D868D1DA9E8218DA49E9344051371c9c2e  (gasUsed=465218)

Compiling SnarkPackAggregateAnchor.sol ...
Deploying SnarkPackAggregateAnchor ...
  submitted deploy tx 3c4f0c9f98778115116972b852d16c2c117f91be3c1a154a53aced4ff46c30e0, waiting for receipt...
  deployed at 0x4Cc4c3465539d185A5C605AE06ba76e15CC21839  (gasUsed=1832981)

verifier-pool-size=1: only accounts[0] is authorized as a verifier - fine as-is if you're relaying via relayAggregateProof (submission load spreads across the full account pool regardless of verifier count). Only increase this if you want multiple independent verifier keys for redundancy/threshold, or if you plan to use the direct anchorAggregateProof(onlyVerifier) path at any real volume.

Wrote: deployed_contracts.json

$ /Utilisateurs/abellach/zkRoam/net-heterogeneity/venv/bin/python3 workload/zkroam_workload.py --config results/hardware-vmno-scaling/l3icalcul07/wan-nproof8-w48-rw48-rate500/vmnos-32/zkroam-wan-32vmnos/config.yml
Discovered RPC endpoints:
------------------------------------------
  node00     -> http://172.28.0.10:8545
  node01     -> http://172.28.0.11:8545
  node02     -> http://172.28.0.12:8545
  node03     -> http://172.28.0.13:8545
  node04     -> http://172.28.0.14:8545
  node05     -> http://172.28.0.15:8545
  node06     -> http://172.28.0.16:8545
  node07     -> http://172.28.0.17:8545
  node08     -> http://172.28.0.18:8545
  node09     -> http://172.28.0.19:8545
  node10     -> http://172.28.0.20:8545
  node11     -> http://172.28.0.21:8545
  node12     -> http://172.28.0.22:8545
  node13     -> http://172.28.0.23:8545
  node14     -> http://172.28.0.24:8545
------------------------------------------
Connecting to node00 (http://172.28.0.10:8545)...
  Connected. chain_id=1337
Connecting to node01 (http://172.28.0.11:8545)...
  Connected. chain_id=1337
Connecting to node02 (http://172.28.0.12:8545)...
  Connected. chain_id=1337
Connecting to node03 (http://172.28.0.13:8545)...
  Connected. chain_id=1337
Connecting to node04 (http://172.28.0.14:8545)...
  Connected. chain_id=1337
Connecting to node05 (http://172.28.0.15:8545)...
  Connected. chain_id=1337
Connecting to node06 (http://172.28.0.16:8545)...
  Connected. chain_id=1337
Connecting to node07 (http://172.28.0.17:8545)...
  Connected. chain_id=1337
Connecting to node08 (http://172.28.0.18:8545)...
  Connected. chain_id=1337
Connecting to node09 (http://172.28.0.19:8545)...
  Connected. chain_id=1337
Connecting to node10 (http://172.28.0.20:8545)...
  Connected. chain_id=1337
Connecting to node11 (http://172.28.0.21:8545)...
  Connected. chain_id=1337
Connecting to node12 (http://172.28.0.22:8545)...
  Connected. chain_id=1337
Connecting to node13 (http://172.28.0.23:8545)...
  Connected. chain_id=1337
Connecting to node14 (http://172.28.0.24:8545)...
  Connected. chain_id=1337

Reading pending nonce for 2000 accounts (parallel)...


Using real proof from fixtures/proof.json / fixtures/public.json
individual leg -> real verifyProof() calls on 0x407db2D868D1DA9E8218DA49E9344051371c9c2e
aggregate leg  -> real anchorAggregateProof() calls on 0x4Cc4c3465539d185A5C605AE06ba76e15CC21839

workload.num_vmnos = 32 (total VMNO settlements submitted per sweep point; nproofs below is per-VMNO batch size, not workload size)

============================================================
nproofs/vmno=8  num_vmnos=32  run=1  (off-chain source: reference_fallback)
============================================================

>>> on-chain leg: individual_n8_vmnos32_r1 (256 tx total, 420B calldata, gas/tx=278265, to=0x407db2D868D1DA9E8218DA49E9344051371c9c2e)

Starting transaction producer...
Target submission rate : 500.00 tx/s
Submission workers      : 48


Producer finished.
------------------------------------------
Submitted : 256/256
Failed    : 0/256
Duration  : 0.781s
Rate      : 327.95 tx/s
------------------------------------------

Starting receipt polling...
------------------------------------------
Transactions to confirm : 256
Receipt workers         : 48
Receipt timeout         : 120.0s
------------------------------------------

Confirmed: 0/256 | Reverted: 0 | Pending: 256
Confirmed: 14/256 | Reverted: 0 | Pending: 242
Confirmed: 19/256 | Reverted: 0 | Pending: 237
Confirmed: 34/256 | Reverted: 0 | Pending: 222
Confirmed: 51/256 | Reverted: 0 | Pending: 205
Confirmed: 51/256 | Reverted: 0 | Pending: 205
Confirmed: 68/256 | Reverted: 0 | Pending: 188
Confirmed: 68/256 | Reverted: 0 | Pending: 188
Confirmed: 85/256 | Reverted: 0 | Pending: 171
Confirmed: 85/256 | Reverted: 0 | Pending: 171
Confirmed: 102/256 | Reverted: 0 | Pending: 154
Confirmed: 102/256 | Reverted: 0 | Pending: 154
Confirmed: 119/256 | Reverted: 0 | Pending: 137
Confirmed: 119/256 | Reverted: 0 | Pending: 137
Confirmed: 122/256 | Reverted: 0 | Pending: 134
Confirmed: 137/256 | Reverted: 0 | Pending: 119
Confirmed: 137/256 | Reverted: 0 | Pending: 119
Confirmed: 154/256 | Reverted: 0 | Pending: 102
Confirmed: 154/256 | Reverted: 0 | Pending: 102
Confirmed: 154/256 | Reverted: 0 | Pending: 102
Confirmed: 171/256 | Reverted: 0 | Pending: 85
Confirmed: 171/256 | Reverted: 0 | Pending: 85
Confirmed: 171/256 | Reverted: 0 | Pending: 85
Confirmed: 188/256 | Reverted: 0 | Pending: 68
Confirmed: 188/256 | Reverted: 0 | Pending: 68
Confirmed: 188/256 | Reverted: 0 | Pending: 68
Confirmed: 205/256 | Reverted: 0 | Pending: 51
Confirmed: 205/256 | Reverted: 0 | Pending: 51
Confirmed: 205/256 | Reverted: 0 | Pending: 51
Confirmed: 205/256 | Reverted: 0 | Pending: 51
Confirmed: 222/256 | Reverted: 0 | Pending: 34
Confirmed: 222/256 | Reverted: 0 | Pending: 34
Confirmed: 222/256 | Reverted: 0 | Pending: 34
Confirmed: 222/256 | Reverted: 0 | Pending: 34
Confirmed: 232/256 | Reverted: 0 | Pending: 24
Confirmed: 239/256 | Reverted: 0 | Pending: 17
Confirmed: 239/256 | Reverted: 0 | Pending: 17
Confirmed: 239/256 | Reverted: 0 | Pending: 17
Confirmed: 239/256 | Reverted: 0 | Pending: 17
Confirmed: 239/256 | Reverted: 0 | Pending: 17
Confirmed: 256/256 | Reverted: 0 | Pending: 0

Receipt polling finished.
------------------------------------------
Confirmed : 256
Reverted  : 0
Timeout   : 0
Duration  : 29.480s
------------------------------------------

>>> on-chain leg: aggregate_n8_vmnos32_r1 (32 tx total, 420B/tx x 32 distinct payloads, gas/tx=176660, to=0x4Cc4c3465539d185A5C605AE06ba76e15CC21839)

Starting transaction producer...
Target submission rate : 500.00 tx/s
Submission workers      : 48


Producer finished.
------------------------------------------
Submitted : 32/32
Failed    : 0/32
Duration  : 0.155s
Rate      : 206.86 tx/s
------------------------------------------

Starting receipt polling...
------------------------------------------
Transactions to confirm : 32
Receipt workers         : 48
Receipt timeout         : 120.0s
------------------------------------------

Confirmed: 0/32 | Reverted: 0 | Pending: 32
Confirmed: 0/32 | Reverted: 0 | Pending: 32
Confirmed: 0/32 | Reverted: 0 | Pending: 32
Confirmed: 2/32 | Reverted: 0 | Pending: 30
Confirmed: 2/32 | Reverted: 0 | Pending: 30
Confirmed: 2/32 | Reverted: 0 | Pending: 30
Confirmed: 2/32 | Reverted: 0 | Pending: 30
Confirmed: 2/32 | Reverted: 0 | Pending: 30
Confirmed: 4/32 | Reverted: 0 | Pending: 28
Confirmed: 4/32 | Reverted: 0 | Pending: 28
Confirmed: 4/32 | Reverted: 0 | Pending: 28
Confirmed: 4/32 | Reverted: 0 | Pending: 28
Confirmed: 6/32 | Reverted: 0 | Pending: 26
Confirmed: 6/32 | Reverted: 0 | Pending: 26
Confirmed: 6/32 | Reverted: 0 | Pending: 26
Confirmed: 6/32 | Reverted: 0 | Pending: 26
Confirmed: 6/32 | Reverted: 0 | Pending: 26
Confirmed: 8/32 | Reverted: 0 | Pending: 24
Confirmed: 8/32 | Reverted: 0 | Pending: 24
Confirmed: 8/32 | Reverted: 0 | Pending: 24
Confirmed: 8/32 | Reverted: 0 | Pending: 24
Confirmed: 10/32 | Reverted: 0 | Pending: 22
Confirmed: 10/32 | Reverted: 0 | Pending: 22
Confirmed: 10/32 | Reverted: 0 | Pending: 22
Confirmed: 10/32 | Reverted: 0 | Pending: 22
Confirmed: 10/32 | Reverted: 0 | Pending: 22
Confirmed: 13/32 | Reverted: 0 | Pending: 19
Confirmed: 13/32 | Reverted: 0 | Pending: 19
Confirmed: 13/32 | Reverted: 0 | Pending: 19
Confirmed: 13/32 | Reverted: 0 | Pending: 19
Confirmed: 13/32 | Reverted: 0 | Pending: 19
Confirmed: 13/32 | Reverted: 0 | Pending: 19
Confirmed: 16/32 | Reverted: 0 | Pending: 16
Confirmed: 16/32 | Reverted: 0 | Pending: 16
Confirmed: 16/32 | Reverted: 0 | Pending: 16
Confirmed: 16/32 | Reverted: 0 | Pending: 16
Confirmed: 16/32 | Reverted: 0 | Pending: 16
Confirmed: 18/32 | Reverted: 0 | Pending: 14
Confirmed: 18/32 | Reverted: 0 | Pending: 14
Confirmed: 18/32 | Reverted: 0 | Pending: 14
Confirmed: 18/32 | Reverted: 0 | Pending: 14
Confirmed: 18/32 | Reverted: 0 | Pending: 14
Confirmed: 20/32 | Reverted: 0 | Pending: 12
Confirmed: 20/32 | Reverted: 0 | Pending: 12
Confirmed: 20/32 | Reverted: 0 | Pending: 12
Confirmed: 20/32 | Reverted: 0 | Pending: 12
Confirmed: 20/32 | Reverted: 0 | Pending: 12
Confirmed: 20/32 | Reverted: 0 | Pending: 12
Confirmed: 22/32 | Reverted: 0 | Pending: 10
Confirmed: 22/32 | Reverted: 0 | Pending: 10
Confirmed: 22/32 | Reverted: 0 | Pending: 10
Confirmed: 22/32 | Reverted: 0 | Pending: 10
Confirmed: 22/32 | Reverted: 0 | Pending: 10
Confirmed: 22/32 | Reverted: 0 | Pending: 10
Confirmed: 24/32 | Reverted: 0 | Pending: 8
Confirmed: 24/32 | Reverted: 0 | Pending: 8
Confirmed: 24/32 | Reverted: 0 | Pending: 8
Confirmed: 24/32 | Reverted: 0 | Pending: 8
Confirmed: 24/32 | Reverted: 0 | Pending: 8
Confirmed: 24/32 | Reverted: 0 | Pending: 8
Confirmed: 26/32 | Reverted: 0 | Pending: 6
Confirmed: 26/32 | Reverted: 0 | Pending: 6
Confirmed: 26/32 | Reverted: 0 | Pending: 6
Confirmed: 26/32 | Reverted: 0 | Pending: 6
Confirmed: 26/32 | Reverted: 0 | Pending: 6
Confirmed: 26/32 | Reverted: 0 | Pending: 6
Confirmed: 28/32 | Reverted: 0 | Pending: 4
Confirmed: 28/32 | Reverted: 0 | Pending: 4
Confirmed: 28/32 | Reverted: 0 | Pending: 4
Confirmed: 28/32 | Reverted: 0 | Pending: 4
Confirmed: 28/32 | Reverted: 0 | Pending: 4
Confirmed: 28/32 | Reverted: 0 | Pending: 4
Confirmed: 28/32 | Reverted: 0 | Pending: 4
Confirmed: 30/32 | Reverted: 0 | Pending: 2
Confirmed: 30/32 | Reverted: 0 | Pending: 2
Confirmed: 30/32 | Reverted: 0 | Pending: 2
Confirmed: 30/32 | Reverted: 0 | Pending: 2
Confirmed: 30/32 | Reverted: 0 | Pending: 2
Confirmed: 30/32 | Reverted: 0 | Pending: 2
Confirmed: 30/32 | Reverted: 0 | Pending: 2
Confirmed: 32/32 | Reverted: 0 | Pending: 0

Receipt polling finished.
------------------------------------------
Confirmed : 32
Reverted  : 0
Timeout   : 0
Duration  : 29.474s
------------------------------------------

============================================================
nproofs/vmno=8  num_vmnos=32  run=2  (off-chain source: reference_fallback)
============================================================

>>> on-chain leg: individual_n8_vmnos32_r2 (256 tx total, 420B calldata, gas/tx=278265, to=0x407db2D868D1DA9E8218DA49E9344051371c9c2e)

Starting transaction producer...
Target submission rate : 500.00 tx/s
Submission workers      : 48


Producer finished.
------------------------------------------
Submitted : 256/256
Failed    : 0/256
Duration  : 0.808s
Rate      : 316.84 tx/s
------------------------------------------

Starting receipt polling...
------------------------------------------
Transactions to confirm : 256
Receipt workers         : 48
Receipt timeout         : 120.0s
------------------------------------------

Confirmed: 0/256 | Reverted: 0 | Pending: 256
Confirmed: 17/256 | Reverted: 0 | Pending: 239
Confirmed: 23/256 | Reverted: 0 | Pending: 233
Confirmed: 34/256 | Reverted: 0 | Pending: 222
Confirmed: 51/256 | Reverted: 0 | Pending: 205
Confirmed: 57/256 | Reverted: 0 | Pending: 199
Confirmed: 68/256 | Reverted: 0 | Pending: 188
Confirmed: 84/256 | Reverted: 0 | Pending: 172
Confirmed: 86/256 | Reverted: 0 | Pending: 170
Confirmed: 103/256 | Reverted: 0 | Pending: 153
Confirmed: 115/256 | Reverted: 0 | Pending: 141
Confirmed: 120/256 | Reverted: 0 | Pending: 136
Confirmed: 126/256 | Reverted: 0 | Pending: 130
Confirmed: 137/256 | Reverted: 0 | Pending: 119
Confirmed: 144/256 | Reverted: 0 | Pending: 112
Confirmed: 154/256 | Reverted: 0 | Pending: 102
Confirmed: 154/256 | Reverted: 0 | Pending: 102
Confirmed: 171/256 | Reverted: 0 | Pending: 85
Confirmed: 171/256 | Reverted: 0 | Pending: 85
Confirmed: 177/256 | Reverted: 0 | Pending: 79
Confirmed: 188/256 | Reverted: 0 | Pending: 68
Confirmed: 188/256 | Reverted: 0 | Pending: 68
Confirmed: 188/256 | Reverted: 0 | Pending: 68
Confirmed: 205/256 | Reverted: 0 | Pending: 51
Confirmed: 205/256 | Reverted: 0 | Pending: 51
Confirmed: 205/256 | Reverted: 0 | Pending: 51
Confirmed: 222/256 | Reverted: 0 | Pending: 34
Confirmed: 222/256 | Reverted: 0 | Pending: 34
Confirmed: 222/256 | Reverted: 0 | Pending: 34
Confirmed: 222/256 | Reverted: 0 | Pending: 34
Confirmed: 239/256 | Reverted: 0 | Pending: 17
Confirmed: 239/256 | Reverted: 0 | Pending: 17
Confirmed: 239/256 | Reverted: 0 | Pending: 17
Confirmed: 239/256 | Reverted: 0 | Pending: 17
Confirmed: 239/256 | Reverted: 0 | Pending: 17
Confirmed: 256/256 | Reverted: 0 | Pending: 0

Receipt polling finished.
------------------------------------------
Confirmed : 256
Reverted  : 0
Timeout   : 0
Duration  : 29.583s
------------------------------------------

>>> on-chain leg: aggregate_n8_vmnos32_r2 (32 tx total, 420B/tx x 32 distinct payloads, gas/tx=176674, to=0x4Cc4c3465539d185A5C605AE06ba76e15CC21839)

Starting transaction producer...
Target submission rate : 500.00 tx/s
Submission workers      : 48


Producer finished.
------------------------------------------
Submitted : 32/32
Failed    : 0/32
Duration  : 0.113s
Rate      : 282.32 tx/s
------------------------------------------

Starting receipt polling...
------------------------------------------
Transactions to confirm : 32
Receipt workers         : 48
Receipt timeout         : 120.0s
------------------------------------------

Confirmed: 0/32 | Reverted: 0 | Pending: 32
Confirmed: 0/32 | Reverted: 0 | Pending: 32
Confirmed: 0/32 | Reverted: 0 | Pending: 32
Confirmed: 0/32 | Reverted: 0 | Pending: 32
Confirmed: 2/32 | Reverted: 0 | Pending: 30
Confirmed: 2/32 | Reverted: 0 | Pending: 30
Confirmed: 2/32 | Reverted: 0 | Pending: 30
Confirmed: 2/32 | Reverted: 0 | Pending: 30
Confirmed: 4/32 | Reverted: 0 | Pending: 28
Confirmed: 4/32 | Reverted: 0 | Pending: 28
Confirmed: 4/32 | Reverted: 0 | Pending: 28
Confirmed: 4/32 | Reverted: 0 | Pending: 28
Confirmed: 4/32 | Reverted: 0 | Pending: 28
Confirmed: 7/32 | Reverted: 0 | Pending: 25
Confirmed: 7/32 | Reverted: 0 | Pending: 25
Confirmed: 7/32 | Reverted: 0 | Pending: 25
Confirmed: 7/32 | Reverted: 0 | Pending: 25
Confirmed: 10/32 | Reverted: 0 | Pending: 22
Confirmed: 10/32 | Reverted: 0 | Pending: 22
Confirmed: 10/32 | Reverted: 0 | Pending: 22
Confirmed: 10/32 | Reverted: 0 | Pending: 22
Confirmed: 11/32 | Reverted: 0 | Pending: 21
Confirmed: 12/32 | Reverted: 0 | Pending: 20
Confirmed: 12/32 | Reverted: 0 | Pending: 20
Confirmed: 12/32 | Reverted: 0 | Pending: 20
Confirmed: 12/32 | Reverted: 0 | Pending: 20
Confirmed: 14/32 | Reverted: 0 | Pending: 18
Confirmed: 14/32 | Reverted: 0 | Pending: 18
Confirmed: 14/32 | Reverted: 0 | Pending: 18
Confirmed: 14/32 | Reverted: 0 | Pending: 18
Confirmed: 15/32 | Reverted: 0 | Pending: 17
Confirmed: 16/32 | Reverted: 0 | Pending: 16
Confirmed: 16/32 | Reverted: 0 | Pending: 16
Confirmed: 16/32 | Reverted: 0 | Pending: 16
Confirmed: 16/32 | Reverted: 0 | Pending: 16
Confirmed: 17/32 | Reverted: 0 | Pending: 15
Confirmed: 18/32 | Reverted: 0 | Pending: 14
Confirmed: 18/32 | Reverted: 0 | Pending: 14
Confirmed: 18/32 | Reverted: 0 | Pending: 14
Confirmed: 18/32 | Reverted: 0 | Pending: 14
Confirmed: 19/32 | Reverted: 0 | Pending: 13
Confirmed: 20/32 | Reverted: 0 | Pending: 12
Confirmed: 20/32 | Reverted: 0 | Pending: 12
Confirmed: 20/32 | Reverted: 0 | Pending: 12
Confirmed: 20/32 | Reverted: 0 | Pending: 12
Confirmed: 20/32 | Reverted: 0 | Pending: 12
Confirmed: 22/32 | Reverted: 0 | Pending: 10
Confirmed: 22/32 | Reverted: 0 | Pending: 10
Confirmed: 22/32 | Reverted: 0 | Pending: 10
Confirmed: 22/32 | Reverted: 0 | Pending: 10
Confirmed: 22/32 | Reverted: 0 | Pending: 10
Confirmed: 22/32 | Reverted: 0 | Pending: 10
Confirmed: 24/32 | Reverted: 0 | Pending: 8
Confirmed: 24/32 | Reverted: 0 | Pending: 8
Confirmed: 24/32 | Reverted: 0 | Pending: 8
Confirmed: 24/32 | Reverted: 0 | Pending: 8
Confirmed: 24/32 | Reverted: 0 | Pending: 8
Confirmed: 24/32 | Reverted: 0 | Pending: 8
Confirmed: 25/32 | Reverted: 0 | Pending: 7
Confirmed: 26/32 | Reverted: 0 | Pending: 6
Confirmed: 26/32 | Reverted: 0 | Pending: 6
Confirmed: 26/32 | Reverted: 0 | Pending: 6
Confirmed: 26/32 | Reverted: 0 | Pending: 6
Confirmed: 26/32 | Reverted: 0 | Pending: 6
Confirmed: 26/32 | Reverted: 0 | Pending: 6
Confirmed: 28/32 | Reverted: 0 | Pending: 4
Confirmed: 28/32 | Reverted: 0 | Pending: 4
Confirmed: 28/32 | Reverted: 0 | Pending: 4
Confirmed: 28/32 | Reverted: 0 | Pending: 4
Confirmed: 28/32 | Reverted: 0 | Pending: 4
Confirmed: 28/32 | Reverted: 0 | Pending: 4
Confirmed: 28/32 | Reverted: 0 | Pending: 4
Confirmed: 30/32 | Reverted: 0 | Pending: 2
Confirmed: 30/32 | Reverted: 0 | Pending: 2
Confirmed: 30/32 | Reverted: 0 | Pending: 2
Confirmed: 30/32 | Reverted: 0 | Pending: 2
Confirmed: 30/32 | Reverted: 0 | Pending: 2
Confirmed: 30/32 | Reverted: 0 | Pending: 2
Confirmed: 30/32 | Reverted: 0 | Pending: 2
Confirmed: 32/32 | Reverted: 0 | Pending: 0

Receipt polling finished.
------------------------------------------
Confirmed : 32
Reverted  : 0
Timeout   : 0
Duration  : 29.642s
------------------------------------------

============================================================
nproofs/vmno=8  num_vmnos=32  run=3  (off-chain source: reference_fallback)
============================================================

>>> on-chain leg: individual_n8_vmnos32_r3 (256 tx total, 420B calldata, gas/tx=278265, to=0x407db2D868D1DA9E8218DA49E9344051371c9c2e)

Starting transaction producer...
Target submission rate : 500.00 tx/s
Submission workers      : 48


Producer finished.
------------------------------------------
Submitted : 256/256
Failed    : 0/256
Duration  : 0.830s
Rate      : 308.25 tx/s
------------------------------------------

Starting receipt polling...
------------------------------------------
Transactions to confirm : 256
Receipt workers         : 48
Receipt timeout         : 120.0s
------------------------------------------

Confirmed: 0/256 | Reverted: 0 | Pending: 256
Confirmed: 16/256 | Reverted: 0 | Pending: 240
Confirmed: 26/256 | Reverted: 0 | Pending: 230
Confirmed: 35/256 | Reverted: 0 | Pending: 221
Confirmed: 52/256 | Reverted: 0 | Pending: 204
Confirmed: 62/256 | Reverted: 0 | Pending: 194
Confirmed: 69/256 | Reverted: 0 | Pending: 187
Confirmed: 86/256 | Reverted: 0 | Pending: 170
Confirmed: 96/256 | Reverted: 0 | Pending: 160
Confirmed: 103/256 | Reverted: 0 | Pending: 153
Confirmed: 118/256 | Reverted: 0 | Pending: 138
Confirmed: 120/256 | Reverted: 0 | Pending: 136
Confirmed: 131/256 | Reverted: 0 | Pending: 125
Confirmed: 137/256 | Reverted: 0 | Pending: 119
Confirmed: 151/256 | Reverted: 0 | Pending: 105
Confirmed: 154/256 | Reverted: 0 | Pending: 102
Confirmed: 159/256 | Reverted: 0 | Pending: 97
Confirmed: 171/256 | Reverted: 0 | Pending: 85
Confirmed: 171/256 | Reverted: 0 | Pending: 85
Confirmed: 186/256 | Reverted: 0 | Pending: 70
Confirmed: 188/256 | Reverted: 0 | Pending: 68
Confirmed: 188/256 | Reverted: 0 | Pending: 68
Confirmed: 205/256 | Reverted: 0 | Pending: 51
Confirmed: 205/256 | Reverted: 0 | Pending: 51
Confirmed: 205/256 | Reverted: 0 | Pending: 51
Confirmed: 212/256 | Reverted: 0 | Pending: 44
Confirmed: 222/256 | Reverted: 0 | Pending: 34
Confirmed: 222/256 | Reverted: 0 | Pending: 34
Confirmed: 222/256 | Reverted: 0 | Pending: 34
Confirmed: 222/256 | Reverted: 0 | Pending: 34
Confirmed: 239/256 | Reverted: 0 | Pending: 17
Confirmed: 239/256 | Reverted: 0 | Pending: 17
Confirmed: 239/256 | Reverted: 0 | Pending: 17
Confirmed: 239/256 | Reverted: 0 | Pending: 17
Confirmed: 239/256 | Reverted: 0 | Pending: 17
Confirmed: 256/256 | Reverted: 0 | Pending: 0

Receipt polling finished.
------------------------------------------
Confirmed : 256
Reverted  : 0
Timeout   : 0
Duration  : 29.945s
------------------------------------------

>>> on-chain leg: aggregate_n8_vmnos32_r3 (32 tx total, 420B/tx x 32 distinct payloads, gas/tx=176660, to=0x4Cc4c3465539d185A5C605AE06ba76e15CC21839)

Starting transaction producer...
Target submission rate : 500.00 tx/s
Submission workers      : 48


Producer finished.
------------------------------------------
Submitted : 32/32
Failed    : 0/32
Duration  : 0.152s
Rate      : 210.83 tx/s
------------------------------------------

Starting receipt polling...
------------------------------------------
Transactions to confirm : 32
Receipt workers         : 48
Receipt timeout         : 120.0s
------------------------------------------

Confirmed: 0/32 | Reverted: 0 | Pending: 32
Confirmed: 0/32 | Reverted: 0 | Pending: 32
Confirmed: 3/32 | Reverted: 0 | Pending: 29
Confirmed: 3/32 | Reverted: 0 | Pending: 29
Confirmed: 3/32 | Reverted: 0 | Pending: 29
Confirmed: 3/32 | Reverted: 0 | Pending: 29
Confirmed: 3/32 | Reverted: 0 | Pending: 29
Confirmed: 5/32 | Reverted: 0 | Pending: 27
Confirmed: 5/32 | Reverted: 0 | Pending: 27
Confirmed: 5/32 | Reverted: 0 | Pending: 27
Confirmed: 5/32 | Reverted: 0 | Pending: 27
Confirmed: 7/32 | Reverted: 0 | Pending: 25
Confirmed: 7/32 | Reverted: 0 | Pending: 25
Confirmed: 7/32 | Reverted: 0 | Pending: 25
Confirmed: 7/32 | Reverted: 0 | Pending: 25
Confirmed: 9/32 | Reverted: 0 | Pending: 23
Confirmed: 9/32 | Reverted: 0 | Pending: 23
Confirmed: 9/32 | Reverted: 0 | Pending: 23
Confirmed: 9/32 | Reverted: 0 | Pending: 23
Confirmed: 11/32 | Reverted: 0 | Pending: 21
Confirmed: 11/32 | Reverted: 0 | Pending: 21
Confirmed: 11/32 | Reverted: 0 | Pending: 21
Confirmed: 11/32 | Reverted: 0 | Pending: 21
Confirmed: 11/32 | Reverted: 0 | Pending: 21
Confirmed: 13/32 | Reverted: 0 | Pending: 19
Confirmed: 13/32 | Reverted: 0 | Pending: 19
Confirmed: 13/32 | Reverted: 0 | Pending: 19
Confirmed: 13/32 | Reverted: 0 | Pending: 19
Confirmed: 13/32 | Reverted: 0 | Pending: 19
Confirmed: 15/32 | Reverted: 0 | Pending: 17
Confirmed: 15/32 | Reverted: 0 | Pending: 17
Confirmed: 15/32 | Reverted: 0 | Pending: 17
Confirmed: 15/32 | Reverted: 0 | Pending: 17
Confirmed: 15/32 | Reverted: 0 | Pending: 17
Confirmed: 17/32 | Reverted: 0 | Pending: 15
Confirmed: 17/32 | Reverted: 0 | Pending: 15
Confirmed: 17/32 | Reverted: 0 | Pending: 15
Confirmed: 17/32 | Reverted: 0 | Pending: 15
Confirmed: 17/32 | Reverted: 0 | Pending: 15
Confirmed: 17/32 | Reverted: 0 | Pending: 15
Confirmed: 19/32 | Reverted: 0 | Pending: 13
Confirmed: 19/32 | Reverted: 0 | Pending: 13
Confirmed: 19/32 | Reverted: 0 | Pending: 13
Confirmed: 19/32 | Reverted: 0 | Pending: 13
Confirmed: 19/32 | Reverted: 0 | Pending: 13
Confirmed: 21/32 | Reverted: 0 | Pending: 11
Confirmed: 21/32 | Reverted: 0 | Pending: 11
Confirmed: 21/32 | Reverted: 0 | Pending: 11
Confirmed: 21/32 | Reverted: 0 | Pending: 11
Confirmed: 21/32 | Reverted: 0 | Pending: 11
Confirmed: 23/32 | Reverted: 0 | Pending: 9
Confirmed: 23/32 | Reverted: 0 | Pending: 9
Confirmed: 23/32 | Reverted: 0 | Pending: 9
Confirmed: 23/32 | Reverted: 0 | Pending: 9
Confirmed: 23/32 | Reverted: 0 | Pending: 9
Confirmed: 23/32 | Reverted: 0 | Pending: 9
Confirmed: 25/32 | Reverted: 0 | Pending: 7
Confirmed: 25/32 | Reverted: 0 | Pending: 7
Confirmed: 25/32 | Reverted: 0 | Pending: 7
Confirmed: 25/32 | Reverted: 0 | Pending: 7
Confirmed: 25/32 | Reverted: 0 | Pending: 7
Confirmed: 25/32 | Reverted: 0 | Pending: 7
Confirmed: 27/32 | Reverted: 0 | Pending: 5
Confirmed: 27/32 | Reverted: 0 | Pending: 5
Confirmed: 27/32 | Reverted: 0 | Pending: 5
Confirmed: 27/32 | Reverted: 0 | Pending: 5
Confirmed: 27/32 | Reverted: 0 | Pending: 5
Confirmed: 27/32 | Reverted: 0 | Pending: 5
Confirmed: 27/32 | Reverted: 0 | Pending: 5
Confirmed: 29/32 | Reverted: 0 | Pending: 3
Confirmed: 29/32 | Reverted: 0 | Pending: 3
Confirmed: 29/32 | Reverted: 0 | Pending: 3
Confirmed: 29/32 | Reverted: 0 | Pending: 3
Confirmed: 29/32 | Reverted: 0 | Pending: 3
Confirmed: 29/32 | Reverted: 0 | Pending: 3
Confirmed: 29/32 | Reverted: 0 | Pending: 3
Confirmed: 32/32 | Reverted: 0 | Pending: 0

Receipt polling finished.
------------------------------------------
Confirmed : 32
Reverted  : 0
Timeout   : 0
Duration  : 28.937s
------------------------------------------

============================================================
nproofs/vmno=8  num_vmnos=32  run=4  (off-chain source: reference_fallback)
============================================================

>>> on-chain leg: individual_n8_vmnos32_r4 (256 tx total, 420B calldata, gas/tx=278265, to=0x407db2D868D1DA9E8218DA49E9344051371c9c2e)

Starting transaction producer...
Target submission rate : 500.00 tx/s
Submission workers      : 48


Producer finished.
------------------------------------------
Submitted : 256/256
Failed    : 0/256
Duration  : 1.012s
Rate      : 252.97 tx/s
------------------------------------------

Starting receipt polling...
------------------------------------------
Transactions to confirm : 256
Receipt workers         : 48
Receipt timeout         : 120.0s
------------------------------------------

Confirmed: 0/256 | Reverted: 0 | Pending: 256
Confirmed: 17/256 | Reverted: 0 | Pending: 239
Confirmed: 32/256 | Reverted: 0 | Pending: 224
Confirmed: 34/256 | Reverted: 0 | Pending: 222
Confirmed: 51/256 | Reverted: 0 | Pending: 205
Confirmed: 59/256 | Reverted: 0 | Pending: 197
Confirmed: 68/256 | Reverted: 0 | Pending: 188
Confirmed: 85/256 | Reverted: 0 | Pending: 171
Confirmed: 101/256 | Reverted: 0 | Pending: 155
Confirmed: 102/256 | Reverted: 0 | Pending: 154
Confirmed: 119/256 | Reverted: 0 | Pending: 137
Confirmed: 133/256 | Reverted: 0 | Pending: 123
Confirmed: 136/256 | Reverted: 0 | Pending: 120
Confirmed: 151/256 | Reverted: 0 | Pending: 105
Confirmed: 153/256 | Reverted: 0 | Pending: 103
Confirmed: 160/256 | Reverted: 0 | Pending: 96
Confirmed: 170/256 | Reverted: 0 | Pending: 86
Confirmed: 170/256 | Reverted: 0 | Pending: 86
Confirmed: 179/256 | Reverted: 0 | Pending: 77
Confirmed: 187/256 | Reverted: 0 | Pending: 69
Confirmed: 187/256 | Reverted: 0 | Pending: 69
Confirmed: 196/256 | Reverted: 0 | Pending: 60
Confirmed: 204/256 | Reverted: 0 | Pending: 52
Confirmed: 204/256 | Reverted: 0 | Pending: 52
Confirmed: 204/256 | Reverted: 0 | Pending: 52
Confirmed: 220/256 | Reverted: 0 | Pending: 36
Confirmed: 221/256 | Reverted: 0 | Pending: 35
Confirmed: 221/256 | Reverted: 0 | Pending: 35
Confirmed: 221/256 | Reverted: 0 | Pending: 35
Confirmed: 229/256 | Reverted: 0 | Pending: 27
Confirmed: 239/256 | Reverted: 0 | Pending: 17
Confirmed: 239/256 | Reverted: 0 | Pending: 17
Confirmed: 239/256 | Reverted: 0 | Pending: 17
Confirmed: 239/256 | Reverted: 0 | Pending: 17
Confirmed: 239/256 | Reverted: 0 | Pending: 17
Confirmed: 256/256 | Reverted: 0 | Pending: 0

Receipt polling finished.
------------------------------------------
Confirmed : 256
Reverted  : 0
Timeout   : 0
Duration  : 29.435s
------------------------------------------

>>> on-chain leg: aggregate_n8_vmnos32_r4 (32 tx total, 420B/tx x 32 distinct payloads, gas/tx=176697, to=0x4Cc4c3465539d185A5C605AE06ba76e15CC21839)

Starting transaction producer...
Target submission rate : 500.00 tx/s
Submission workers      : 48


Producer finished.
------------------------------------------
Submitted : 32/32
Failed    : 0/32
Duration  : 0.137s
Rate      : 233.88 tx/s
------------------------------------------

Starting receipt polling...
------------------------------------------
Transactions to confirm : 32
Receipt workers         : 48
Receipt timeout         : 120.0s
------------------------------------------

Confirmed: 0/32 | Reverted: 0 | Pending: 32
Confirmed: 0/32 | Reverted: 0 | Pending: 32
Confirmed: 2/32 | Reverted: 0 | Pending: 30
Confirmed: 2/32 | Reverted: 0 | Pending: 30
Confirmed: 2/32 | Reverted: 0 | Pending: 30
Confirmed: 2/32 | Reverted: 0 | Pending: 30
Confirmed: 3/32 | Reverted: 0 | Pending: 29
Confirmed: 4/32 | Reverted: 0 | Pending: 28
Confirmed: 4/32 | Reverted: 0 | Pending: 28
Confirmed: 4/32 | Reverted: 0 | Pending: 28
Confirmed: 4/32 | Reverted: 0 | Pending: 28
Confirmed: 6/32 | Reverted: 0 | Pending: 26
Confirmed: 6/32 | Reverted: 0 | Pending: 26
Confirmed: 6/32 | Reverted: 0 | Pending: 26
Confirmed: 6/32 | Reverted: 0 | Pending: 26
Confirmed: 8/32 | Reverted: 0 | Pending: 24
Confirmed: 8/32 | Reverted: 0 | Pending: 24
Confirmed: 8/32 | Reverted: 0 | Pending: 24
Confirmed: 8/32 | Reverted: 0 | Pending: 24
Confirmed: 8/32 | Reverted: 0 | Pending: 24
Confirmed: 10/32 | Reverted: 0 | Pending: 22
Confirmed: 10/32 | Reverted: 0 | Pending: 22
Confirmed: 10/32 | Reverted: 0 | Pending: 22
Confirmed: 10/32 | Reverted: 0 | Pending: 22
Confirmed: 12/32 | Reverted: 0 | Pending: 20
Confirmed: 12/32 | Reverted: 0 | Pending: 20
Confirmed: 12/32 | Reverted: 0 | Pending: 20
Confirmed: 12/32 | Reverted: 0 | Pending: 20
Confirmed: 12/32 | Reverted: 0 | Pending: 20
Confirmed: 14/32 | Reverted: 0 | Pending: 18
Confirmed: 14/32 | Reverted: 0 | Pending: 18
Confirmed: 14/32 | Reverted: 0 | Pending: 18
Confirmed: 14/32 | Reverted: 0 | Pending: 18
Confirmed: 14/32 | Reverted: 0 | Pending: 18
Confirmed: 16/32 | Reverted: 0 | Pending: 16
Confirmed: 16/32 | Reverted: 0 | Pending: 16
Confirmed: 16/32 | Reverted: 0 | Pending: 16
Confirmed: 16/32 | Reverted: 0 | Pending: 16
Confirmed: 16/32 | Reverted: 0 | Pending: 16
Confirmed: 18/32 | Reverted: 0 | Pending: 14
Confirmed: 18/32 | Reverted: 0 | Pending: 14
Confirmed: 18/32 | Reverted: 0 | Pending: 14
Confirmed: 18/32 | Reverted: 0 | Pending: 14
Confirmed: 18/32 | Reverted: 0 | Pending: 14
Confirmed: 20/32 | Reverted: 0 | Pending: 12
Confirmed: 20/32 | Reverted: 0 | Pending: 12
Confirmed: 20/32 | Reverted: 0 | Pending: 12
Confirmed: 20/32 | Reverted: 0 | Pending: 12
Confirmed: 20/32 | Reverted: 0 | Pending: 12
Confirmed: 20/32 | Reverted: 0 | Pending: 12
Confirmed: 22/32 | Reverted: 0 | Pending: 10
Confirmed: 22/32 | Reverted: 0 | Pending: 10
Confirmed: 22/32 | Reverted: 0 | Pending: 10
Confirmed: 22/32 | Reverted: 0 | Pending: 10
Confirmed: 22/32 | Reverted: 0 | Pending: 10
Confirmed: 22/32 | Reverted: 0 | Pending: 10
Confirmed: 25/32 | Reverted: 0 | Pending: 7
Confirmed: 25/32 | Reverted: 0 | Pending: 7
Confirmed: 25/32 | Reverted: 0 | Pending: 7
Confirmed: 25/32 | Reverted: 0 | Pending: 7
Confirmed: 25/32 | Reverted: 0 | Pending: 7
Confirmed: 25/32 | Reverted: 0 | Pending: 7
Confirmed: 28/32 | Reverted: 0 | Pending: 4
Confirmed: 28/32 | Reverted: 0 | Pending: 4
Confirmed: 28/32 | Reverted: 0 | Pending: 4
Confirmed: 28/32 | Reverted: 0 | Pending: 4
Confirmed: 28/32 | Reverted: 0 | Pending: 4
Confirmed: 28/32 | Reverted: 0 | Pending: 4
Confirmed: 28/32 | Reverted: 0 | Pending: 4
Confirmed: 30/32 | Reverted: 0 | Pending: 2
Confirmed: 30/32 | Reverted: 0 | Pending: 2
Confirmed: 30/32 | Reverted: 0 | Pending: 2
Confirmed: 30/32 | Reverted: 0 | Pending: 2
Confirmed: 30/32 | Reverted: 0 | Pending: 2
Confirmed: 30/32 | Reverted: 0 | Pending: 2
Confirmed: 30/32 | Reverted: 0 | Pending: 2
Confirmed: 32/32 | Reverted: 0 | Pending: 0

Receipt polling finished.
------------------------------------------
Confirmed : 32
Reverted  : 0
Timeout   : 0
Duration  : 28.735s
------------------------------------------

============================================================
nproofs/vmno=8  num_vmnos=32  run=5  (off-chain source: reference_fallback)
============================================================

>>> on-chain leg: individual_n8_vmnos32_r5 (256 tx total, 420B calldata, gas/tx=278265, to=0x407db2D868D1DA9E8218DA49E9344051371c9c2e)

Starting transaction producer...
Target submission rate : 500.00 tx/s
Submission workers      : 48


Producer finished.
------------------------------------------
Submitted : 256/256
Failed    : 0/256
Duration  : 0.936s
Rate      : 273.37 tx/s
------------------------------------------

Starting receipt polling...
------------------------------------------
Transactions to confirm : 256
Receipt workers         : 48
Receipt timeout         : 120.0s
------------------------------------------

Confirmed: 0/256 | Reverted: 0 | Pending: 256
Confirmed: 17/256 | Reverted: 0 | Pending: 239
Confirmed: 31/256 | Reverted: 0 | Pending: 225
Confirmed: 43/256 | Reverted: 0 | Pending: 213
Confirmed: 51/256 | Reverted: 0 | Pending: 205
Confirmed: 68/256 | Reverted: 0 | Pending: 188
Confirmed: 75/256 | Reverted: 0 | Pending: 181
Confirmed: 85/256 | Reverted: 0 | Pending: 171
Confirmed: 98/256 | Reverted: 0 | Pending: 158
Confirmed: 102/256 | Reverted: 0 | Pending: 154
Confirmed: 119/256 | Reverted: 0 | Pending: 137
Confirmed: 119/256 | Reverted: 0 | Pending: 137
Confirmed: 136/256 | Reverted: 0 | Pending: 120
Confirmed: 136/256 | Reverted: 0 | Pending: 120
Confirmed: 153/256 | Reverted: 0 | Pending: 103
Confirmed: 153/256 | Reverted: 0 | Pending: 103
Confirmed: 170/256 | Reverted: 0 | Pending: 86
Confirmed: 170/256 | Reverted: 0 | Pending: 86
Confirmed: 170/256 | Reverted: 0 | Pending: 86
Confirmed: 188/256 | Reverted: 0 | Pending: 68
Confirmed: 188/256 | Reverted: 0 | Pending: 68
Confirmed: 196/256 | Reverted: 0 | Pending: 60
Confirmed: 205/256 | Reverted: 0 | Pending: 51
Confirmed: 205/256 | Reverted: 0 | Pending: 51
Confirmed: 205/256 | Reverted: 0 | Pending: 51
Confirmed: 222/256 | Reverted: 0 | Pending: 34
Confirmed: 222/256 | Reverted: 0 | Pending: 34
Confirmed: 222/256 | Reverted: 0 | Pending: 34
Confirmed: 222/256 | Reverted: 0 | Pending: 34
Confirmed: 239/256 | Reverted: 0 | Pending: 17
Confirmed: 239/256 | Reverted: 0 | Pending: 17
Confirmed: 239/256 | Reverted: 0 | Pending: 17
Confirmed: 239/256 | Reverted: 0 | Pending: 17
Confirmed: 239/256 | Reverted: 0 | Pending: 17
Confirmed: 256/256 | Reverted: 0 | Pending: 0

Receipt polling finished.
------------------------------------------
Confirmed : 256
Reverted  : 0
Timeout   : 0
Duration  : 29.207s
------------------------------------------

>>> on-chain leg: aggregate_n8_vmnos32_r5 (32 tx total, 420B/tx x 32 distinct payloads, gas/tx=176660, to=0x4Cc4c3465539d185A5C605AE06ba76e15CC21839)

Starting transaction producer...
Target submission rate : 500.00 tx/s
Submission workers      : 48


Producer finished.
------------------------------------------
Submitted : 32/32
Failed    : 0/32
Duration  : 0.173s
Rate      : 184.78 tx/s
------------------------------------------

Starting receipt polling...
------------------------------------------
Transactions to confirm : 32
Receipt workers         : 48
Receipt timeout         : 120.0s
------------------------------------------

Confirmed: 0/32 | Reverted: 0 | Pending: 32
Confirmed: 0/32 | Reverted: 0 | Pending: 32
Confirmed: 0/32 | Reverted: 0 | Pending: 32
Confirmed: 0/32 | Reverted: 0 | Pending: 32
Confirmed: 2/32 | Reverted: 0 | Pending: 30
Confirmed: 2/32 | Reverted: 0 | Pending: 30
Confirmed: 2/32 | Reverted: 0 | Pending: 30
Confirmed: 2/32 | Reverted: 0 | Pending: 30
Confirmed: 4/32 | Reverted: 0 | Pending: 28
Confirmed: 4/32 | Reverted: 0 | Pending: 28
Confirmed: 4/32 | Reverted: 0 | Pending: 28
Confirmed: 4/32 | Reverted: 0 | Pending: 28
Confirmed: 5/32 | Reverted: 0 | Pending: 27
Confirmed: 6/32 | Reverted: 0 | Pending: 26
Confirmed: 6/32 | Reverted: 0 | Pending: 26
Confirmed: 6/32 | Reverted: 0 | Pending: 26
Confirmed: 6/32 | Reverted: 0 | Pending: 26
Confirmed: 8/32 | Reverted: 0 | Pending: 24
Confirmed: 8/32 | Reverted: 0 | Pending: 24
Confirmed: 8/32 | Reverted: 0 | Pending: 24
Confirmed: 8/32 | Reverted: 0 | Pending: 24
Confirmed: 8/32 | Reverted: 0 | Pending: 24
Confirmed: 10/32 | Reverted: 0 | Pending: 22
Confirmed: 10/32 | Reverted: 0 | Pending: 22
Confirmed: 10/32 | Reverted: 0 | Pending: 22
Confirmed: 10/32 | Reverted: 0 | Pending: 22
Confirmed: 10/32 | Reverted: 0 | Pending: 22
Confirmed: 12/32 | Reverted: 0 | Pending: 20
Confirmed: 12/32 | Reverted: 0 | Pending: 20
Confirmed: 12/32 | Reverted: 0 | Pending: 20
Confirmed: 12/32 | Reverted: 0 | Pending: 20
Confirmed: 12/32 | Reverted: 0 | Pending: 20
Confirmed: 14/32 | Reverted: 0 | Pending: 18
Confirmed: 14/32 | Reverted: 0 | Pending: 18
Confirmed: 14/32 | Reverted: 0 | Pending: 18
Confirmed: 14/32 | Reverted: 0 | Pending: 18
Confirmed: 14/32 | Reverted: 0 | Pending: 18
Confirmed: 16/32 | Reverted: 0 | Pending: 16
Confirmed: 16/32 | Reverted: 0 | Pending: 16
Confirmed: 16/32 | Reverted: 0 | Pending: 16
Confirmed: 16/32 | Reverted: 0 | Pending: 16
Confirmed: 16/32 | Reverted: 0 | Pending: 16
Confirmed: 19/32 | Reverted: 0 | Pending: 13
Confirmed: 19/32 | Reverted: 0 | Pending: 13
Confirmed: 19/32 | Reverted: 0 | Pending: 13
Confirmed: 19/32 | Reverted: 0 | Pending: 13
Confirmed: 19/32 | Reverted: 0 | Pending: 13
Confirmed: 21/32 | Reverted: 0 | Pending: 11
Confirmed: 22/32 | Reverted: 0 | Pending: 10
Confirmed: 22/32 | Reverted: 0 | Pending: 10
Confirmed: 22/32 | Reverted: 0 | Pending: 10
Confirmed: 22/32 | Reverted: 0 | Pending: 10
Confirmed: 22/32 | Reverted: 0 | Pending: 10
Confirmed: 24/32 | Reverted: 0 | Pending: 8
Confirmed: 24/32 | Reverted: 0 | Pending: 8
Confirmed: 24/32 | Reverted: 0 | Pending: 8
Confirmed: 24/32 | Reverted: 0 | Pending: 8
Confirmed: 24/32 | Reverted: 0 | Pending: 8
Confirmed: 24/32 | Reverted: 0 | Pending: 8
Confirmed: 26/32 | Reverted: 0 | Pending: 6
Confirmed: 26/32 | Reverted: 0 | Pending: 6
Confirmed: 26/32 | Reverted: 0 | Pending: 6
Confirmed: 26/32 | Reverted: 0 | Pending: 6
Confirmed: 26/32 | Reverted: 0 | Pending: 6
Confirmed: 26/32 | Reverted: 0 | Pending: 6
Confirmed: 26/32 | Reverted: 0 | Pending: 6
Confirmed: 28/32 | Reverted: 0 | Pending: 4
Confirmed: 28/32 | Reverted: 0 | Pending: 4
Confirmed: 28/32 | Reverted: 0 | Pending: 4
Confirmed: 28/32 | Reverted: 0 | Pending: 4
Confirmed: 28/32 | Reverted: 0 | Pending: 4
Confirmed: 28/32 | Reverted: 0 | Pending: 4
Confirmed: 30/32 | Reverted: 0 | Pending: 2
Confirmed: 30/32 | Reverted: 0 | Pending: 2
Confirmed: 30/32 | Reverted: 0 | Pending: 2
Confirmed: 30/32 | Reverted: 0 | Pending: 2
Confirmed: 30/32 | Reverted: 0 | Pending: 2
Confirmed: 30/32 | Reverted: 0 | Pending: 2
Confirmed: 30/32 | Reverted: 0 | Pending: 2
Confirmed: 30/32 | Reverted: 0 | Pending: 2
Confirmed: 32/32 | Reverted: 0 | Pending: 0

Receipt polling finished.
------------------------------------------
Confirmed : 32
Reverted  : 0
Timeout   : 0
Duration  : 29.693s
------------------------------------------
Wrote: results/hardware-vmno-scaling/l3icalcul07/wan-nproof8-w48-rw48-rate500/vmnos-32/zkroam-wan-32vmnos/zkroam_wan_32vmnos_32_500.0_48_48_resource_usage.csv

Wrote: results/hardware-vmno-scaling/l3icalcul07/wan-nproof8-w48-rw48-rate500/vmnos-32/zkroam-wan-32vmnos/zkroam_wan_32vmnos_32_500.0_48_48_sweep_summary.csv

============================================================================
SWEEP HIGHLIGHTS (median across runs per nproofs/VMNO level)
============================================================================
 nproofs  num_vmnos  ind_gas_total  agg_gas_total gas_save_%  pipeline_x
       8         32     61,944,320      4,916,160      92.1%       1.57x
============================================================================

$ /Utilisateurs/abellach/zkRoam/net-heterogeneity/venv/bin/python3 monitoring/collect_metrics.py --logs-dir logs --rpc http://172.28.0.10:8545 --start-block 30 --end-block 201 --log-offsets results/hardware-vmno-scaling/l3icalcul07/wan-nproof8-w48-rw48-rate500/vmnos-32/zkroam-wan-32vmnos/log_offsets_at_workload_start.json --out results/hardware-vmno-scaling/l3icalcul07/wan-nproof8-w48-rw48-rate500/vmnos-32/zkroam-wan-32vmnos/consensus_robustness.csv
Total view changes across all nodes: 0
Blocks exceeding 2x block period (stall indicator): 0/172
Wrote results/hardware-vmno-scaling/l3icalcul07/wan-nproof8-w48-rw48-rate500/vmnos-32/zkroam-wan-32vmnos/consensus_robustness.csv

$ /Utilisateurs/abellach/zkRoam/net-heterogeneity/venv/bin/python3 scripts/apptainer-network.py snapshot --out results/hardware-vmno-scaling/l3icalcul07/wan-nproof8-w48-rw48-rate500/vmnos-32/zkroam-wan-32vmnos/runtime_snapshot
$ nsenter -t 1554500 -n apptainer exec --cleanenv /Utilisateurs/abellach/zkRoam/net-heterogeneity/zkroam-besu.sif tc -s qdisc show
$ nsenter -t 1554500 -n apptainer exec --cleanenv /Utilisateurs/abellach/zkRoam/net-heterogeneity/zkroam-besu.sif tc -s class show
$ nsenter -t 1554500 -n apptainer exec --cleanenv /Utilisateurs/abellach/zkRoam/net-heterogeneity/zkroam-besu.sif tc -s filter show
$ nsenter -t 1554500 -n apptainer exec --cleanenv /Utilisateurs/abellach/zkRoam/net-heterogeneity/zkroam-besu.sif ip -o addr show
$ nsenter -t 1554985 -n apptainer exec --cleanenv /Utilisateurs/abellach/zkRoam/net-heterogeneity/zkroam-besu.sif tc -s qdisc show
$ nsenter -t 1554985 -n apptainer exec --cleanenv /Utilisateurs/abellach/zkRoam/net-heterogeneity/zkroam-besu.sif tc -s class show
$ nsenter -t 1554985 -n apptainer exec --cleanenv /Utilisateurs/abellach/zkRoam/net-heterogeneity/zkroam-besu.sif tc -s filter show
$ nsenter -t 1554985 -n apptainer exec --cleanenv /Utilisateurs/abellach/zkRoam/net-heterogeneity/zkroam-besu.sif ip -o addr show
$ nsenter -t 1555627 -n apptainer exec --cleanenv /Utilisateurs/abellach/zkRoam/net-heterogeneity/zkroam-besu.sif tc -s qdisc show
$ nsenter -t 1555627 -n apptainer exec --cleanenv /Utilisateurs/abellach/zkRoam/net-heterogeneity/zkroam-besu.sif tc -s class show
$ nsenter -t 1555627 -n apptainer exec --cleanenv /Utilisateurs/abellach/zkRoam/net-heterogeneity/zkroam-besu.sif tc -s filter show
$ nsenter -t 1555627 -n apptainer exec --cleanenv /Utilisateurs/abellach/zkRoam/net-heterogeneity/zkroam-besu.sif ip -o addr show
$ nsenter -t 1556321 -n apptainer exec --cleanenv /Utilisateurs/abellach/zkRoam/net-heterogeneity/zkroam-besu.sif tc -s qdisc show
$ nsenter -t 1556321 -n apptainer exec --cleanenv /Utilisateurs/abellach/zkRoam/net-heterogeneity/zkroam-besu.sif tc -s class show
$ nsenter -t 1556321 -n apptainer exec --cleanenv /Utilisateurs/abellach/zkRoam/net-heterogeneity/zkroam-besu.sif tc -s filter show
$ nsenter -t 1556321 -n apptainer exec --cleanenv /Utilisateurs/abellach/zkRoam/net-heterogeneity/zkroam-besu.sif ip -o addr show
$ nsenter -t 1557141 -n apptainer exec --cleanenv /Utilisateurs/abellach/zkRoam/net-heterogeneity/zkroam-besu.sif tc -s qdisc show
$ nsenter -t 1557141 -n apptainer exec --cleanenv /Utilisateurs/abellach/zkRoam/net-heterogeneity/zkroam-besu.sif tc -s class show
$ nsenter -t 1557141 -n apptainer exec --cleanenv /Utilisateurs/abellach/zkRoam/net-heterogeneity/zkroam-besu.sif tc -s filter show
$ nsenter -t 1557141 -n apptainer exec --cleanenv /Utilisateurs/abellach/zkRoam/net-heterogeneity/zkroam-besu.sif ip -o addr show
$ nsenter -t 1557961 -n apptainer exec --cleanenv /Utilisateurs/abellach/zkRoam/net-heterogeneity/zkroam-besu.sif tc -s qdisc show
$ nsenter -t 1557961 -n apptainer exec --cleanenv /Utilisateurs/abellach/zkRoam/net-heterogeneity/zkroam-besu.sif tc -s class show
$ nsenter -t 1557961 -n apptainer exec --cleanenv /Utilisateurs/abellach/zkRoam/net-heterogeneity/zkroam-besu.sif tc -s filter show
$ nsenter -t 1557961 -n apptainer exec --cleanenv /Utilisateurs/abellach/zkRoam/net-heterogeneity/zkroam-besu.sif ip -o addr show
$ nsenter -t 1558795 -n apptainer exec --cleanenv /Utilisateurs/abellach/zkRoam/net-heterogeneity/zkroam-besu.sif tc -s qdisc show
$ nsenter -t 1558795 -n apptainer exec --cleanenv /Utilisateurs/abellach/zkRoam/net-heterogeneity/zkroam-besu.sif tc -s class show
$ nsenter -t 1558795 -n apptainer exec --cleanenv /Utilisateurs/abellach/zkRoam/net-heterogeneity/zkroam-besu.sif tc -s filter show
$ nsenter -t 1558795 -n apptainer exec --cleanenv /Utilisateurs/abellach/zkRoam/net-heterogeneity/zkroam-besu.sif ip -o addr show
$ nsenter -t 1559678 -n apptainer exec --cleanenv /Utilisateurs/abellach/zkRoam/net-heterogeneity/zkroam-besu.sif tc -s qdisc show
$ nsenter -t 1559678 -n apptainer exec --cleanenv /Utilisateurs/abellach/zkRoam/net-heterogeneity/zkroam-besu.sif tc -s class show
$ nsenter -t 1559678 -n apptainer exec --cleanenv /Utilisateurs/abellach/zkRoam/net-heterogeneity/zkroam-besu.sif tc -s filter show
$ nsenter -t 1559678 -n apptainer exec --cleanenv /Utilisateurs/abellach/zkRoam/net-heterogeneity/zkroam-besu.sif ip -o addr show
$ nsenter -t 1560518 -n apptainer exec --cleanenv /Utilisateurs/abellach/zkRoam/net-heterogeneity/zkroam-besu.sif tc -s qdisc show
$ nsenter -t 1560518 -n apptainer exec --cleanenv /Utilisateurs/abellach/zkRoam/net-heterogeneity/zkroam-besu.sif tc -s class show
$ nsenter -t 1560518 -n apptainer exec --cleanenv /Utilisateurs/abellach/zkRoam/net-heterogeneity/zkroam-besu.sif tc -s filter show
$ nsenter -t 1560518 -n apptainer exec --cleanenv /Utilisateurs/abellach/zkRoam/net-heterogeneity/zkroam-besu.sif ip -o addr show
$ nsenter -t 1561380 -n apptainer exec --cleanenv /Utilisateurs/abellach/zkRoam/net-heterogeneity/zkroam-besu.sif tc -s qdisc show
$ nsenter -t 1561380 -n apptainer exec --cleanenv /Utilisateurs/abellach/zkRoam/net-heterogeneity/zkroam-besu.sif tc -s class show
$ nsenter -t 1561380 -n apptainer exec --cleanenv /Utilisateurs/abellach/zkRoam/net-heterogeneity/zkroam-besu.sif tc -s filter show
$ nsenter -t 1561380 -n apptainer exec --cleanenv /Utilisateurs/abellach/zkRoam/net-heterogeneity/zkroam-besu.sif ip -o addr show
$ nsenter -t 1562216 -n apptainer exec --cleanenv /Utilisateurs/abellach/zkRoam/net-heterogeneity/zkroam-besu.sif tc -s qdisc show
$ nsenter -t 1562216 -n apptainer exec --cleanenv /Utilisateurs/abellach/zkRoam/net-heterogeneity/zkroam-besu.sif tc -s class show
$ nsenter -t 1562216 -n apptainer exec --cleanenv /Utilisateurs/abellach/zkRoam/net-heterogeneity/zkroam-besu.sif tc -s filter show
$ nsenter -t 1562216 -n apptainer exec --cleanenv /Utilisateurs/abellach/zkRoam/net-heterogeneity/zkroam-besu.sif ip -o addr show
$ nsenter -t 1563034 -n apptainer exec --cleanenv /Utilisateurs/abellach/zkRoam/net-heterogeneity/zkroam-besu.sif tc -s qdisc show
$ nsenter -t 1563034 -n apptainer exec --cleanenv /Utilisateurs/abellach/zkRoam/net-heterogeneity/zkroam-besu.sif tc -s class show
$ nsenter -t 1563034 -n apptainer exec --cleanenv /Utilisateurs/abellach/zkRoam/net-heterogeneity/zkroam-besu.sif tc -s filter show
$ nsenter -t 1563034 -n apptainer exec --cleanenv /Utilisateurs/abellach/zkRoam/net-heterogeneity/zkroam-besu.sif ip -o addr show
$ nsenter -t 1563862 -n apptainer exec --cleanenv /Utilisateurs/abellach/zkRoam/net-heterogeneity/zkroam-besu.sif tc -s qdisc show
$ nsenter -t 1563862 -n apptainer exec --cleanenv /Utilisateurs/abellach/zkRoam/net-heterogeneity/zkroam-besu.sif tc -s class show
$ nsenter -t 1563862 -n apptainer exec --cleanenv /Utilisateurs/abellach/zkRoam/net-heterogeneity/zkroam-besu.sif tc -s filter show
$ nsenter -t 1563862 -n apptainer exec --cleanenv /Utilisateurs/abellach/zkRoam/net-heterogeneity/zkroam-besu.sif ip -o addr show
$ nsenter -t 1564731 -n apptainer exec --cleanenv /Utilisateurs/abellach/zkRoam/net-heterogeneity/zkroam-besu.sif tc -s qdisc show
$ nsenter -t 1564731 -n apptainer exec --cleanenv /Utilisateurs/abellach/zkRoam/net-heterogeneity/zkroam-besu.sif tc -s class show
$ nsenter -t 1564731 -n apptainer exec --cleanenv /Utilisateurs/abellach/zkRoam/net-heterogeneity/zkroam-besu.sif tc -s filter show
$ nsenter -t 1564731 -n apptainer exec --cleanenv /Utilisateurs/abellach/zkRoam/net-heterogeneity/zkroam-besu.sif ip -o addr show
$ nsenter -t 1565555 -n apptainer exec --cleanenv /Utilisateurs/abellach/zkRoam/net-heterogeneity/zkroam-besu.sif tc -s qdisc show
$ nsenter -t 1565555 -n apptainer exec --cleanenv /Utilisateurs/abellach/zkRoam/net-heterogeneity/zkroam-besu.sif tc -s class show
$ nsenter -t 1565555 -n apptainer exec --cleanenv /Utilisateurs/abellach/zkRoam/net-heterogeneity/zkroam-besu.sif tc -s filter show
$ nsenter -t 1565555 -n apptainer exec --cleanenv /Utilisateurs/abellach/zkRoam/net-heterogeneity/zkroam-besu.sif ip -o addr show
$ apptainer exec --cleanenv /Utilisateurs/abellach/zkRoam/net-heterogeneity/zkroam-besu.sif ip -details addr show zkroam0

$ /Utilisateurs/abellach/zkRoam/net-heterogeneity/venv/bin/python3 scripts/apptainer-network.py stop
$ apptainer exec --cleanenv /Utilisateurs/abellach/zkRoam/net-heterogeneity/zkroam-besu.sif ip -o link show
$ apptainer exec --cleanenv /Utilisateurs/abellach/zkRoam/net-heterogeneity/zkroam-besu.sif ip link delete zkh00
$ apptainer exec --cleanenv /Utilisateurs/abellach/zkRoam/net-heterogeneity/zkroam-besu.sif ip link delete zkh01
$ apptainer exec --cleanenv /Utilisateurs/abellach/zkRoam/net-heterogeneity/zkroam-besu.sif ip link delete zkh02
$ apptainer exec --cleanenv /Utilisateurs/abellach/zkRoam/net-heterogeneity/zkroam-besu.sif ip link delete zkh03
$ apptainer exec --cleanenv /Utilisateurs/abellach/zkRoam/net-heterogeneity/zkroam-besu.sif ip link delete zkh04
$ apptainer exec --cleanenv /Utilisateurs/abellach/zkRoam/net-heterogeneity/zkroam-besu.sif ip link delete zkh05
$ apptainer exec --cleanenv /Utilisateurs/abellach/zkRoam/net-heterogeneity/zkroam-besu.sif ip link delete zkh06
$ apptainer exec --cleanenv /Utilisateurs/abellach/zkRoam/net-heterogeneity/zkroam-besu.sif ip link delete zkh07
$ apptainer exec --cleanenv /Utilisateurs/abellach/zkRoam/net-heterogeneity/zkroam-besu.sif ip link delete zkh08
$ apptainer exec --cleanenv /Utilisateurs/abellach/zkRoam/net-heterogeneity/zkroam-besu.sif ip link delete zkh09
$ apptainer exec --cleanenv /Utilisateurs/abellach/zkRoam/net-heterogeneity/zkroam-besu.sif ip link delete zkh10
$ apptainer exec --cleanenv /Utilisateurs/abellach/zkRoam/net-heterogeneity/zkroam-besu.sif ip link delete zkh11
$ apptainer exec --cleanenv /Utilisateurs/abellach/zkRoam/net-heterogeneity/zkroam-besu.sif ip link delete zkh12
$ apptainer exec --cleanenv /Utilisateurs/abellach/zkRoam/net-heterogeneity/zkroam-besu.sif ip link delete zkh13
$ apptainer exec --cleanenv /Utilisateurs/abellach/zkRoam/net-heterogeneity/zkroam-besu.sif ip link delete zkh14
$ apptainer exec --cleanenv /Utilisateurs/abellach/zkRoam/net-heterogeneity/zkroam-besu.sif ip link delete zkroam0
