[node13] network interface=eth0
[node13] region=ap-southeast applying per-destination WAN shaping from /config/tc.rules
[node13] tc rules applied:
qdisc htb 1: root refcnt 257 r2q 10 default 0x1 direct_packets_stat 0 direct_qlen 1000
qdisc netem 120: parent 1:20 limit 1000 delay 110ms  5.5ms loss 0.1%
qdisc netem 122: parent 1:22 limit 1000 delay 80ms  4ms loss 0.1%
qdisc netem 113: parent 1:13 limit 1000 delay 1ms  99us
qdisc netem 111: parent 1:11 limit 1000 delay 85ms  4.2ms loss 0.1%
qdisc netem 115: parent 1:15 limit 1000 delay 110ms  5.5ms loss 0.1%
qdisc netem 117: parent 1:17 limit 1000 delay 80ms  4ms loss 0.1%
qdisc netem 119: parent 1:19 limit 1000 delay 160ms  8ms loss 0.1%
qdisc netem 121: parent 1:21 limit 1000 delay 85ms  4.2ms loss 0.1%
qdisc netem 123: parent 1:23 limit 1000 delay 160ms  8ms loss 0.1%
qdisc netem 110: parent 1:10 limit 1000 delay 110ms  5.5ms loss 0.1%
qdisc netem 112: parent 1:12 limit 1000 delay 80ms  4ms loss 0.1%
qdisc netem 114: parent 1:14 limit 1000 delay 160ms  8ms loss 0.1%
qdisc netem 118: parent 1:18 limit 1000 delay 1ms  99us
qdisc netem 116: parent 1:16 limit 1000 delay 85ms  4.2ms loss 0.1%
Setting logging level to INFO
2026-10-07 16:22:46.563+00:00 | main | INFO  | Besu | Starting Besu
2026-10-07 16:22:47.014+00:00 | main | WARN  | Besu | --graphql-http-host has been ignored because --graphql-http-enabled was not defined on the command line.
2026-10-07 16:22:47.126+00:00 | main | INFO  | Besu | Connecting to 0 static nodes.
2026-10-07 16:22:47.129+00:00 | main | INFO  | Besu | Forcing price bump for transaction replacement to 0, since min-gas-price is set to 0
2026-10-07 16:22:47.130+00:00 | main | WARN  | Besu | Forcing tx-pool-min-gas-price=0, since it cannot be greater than the value of min-gas-price
2026-10-07 16:22:47.539+00:00 | main | INFO  | Besu | 
####################################################################################################
#                                                                                                  #
# Besu version 24.7.0                                                                              #
#                                                                                                  #
# Configuration:                                                                                   #
# Network: Custom genesis file                                                                     #
# /config/genesis.json                                                                             #
# Network Id: 1337                                                                                 #
# Data storage: Bonsai                                                                             #
# Sync mode: Full                                                                                  #
# RPC HTTP APIs: ETH,QBFT,NET,ADMIN,WEB3                                                           #
# RPC HTTP port: 8545                                                                              #
# Using LAYERED transaction pool implementation                                                    #
# Using STACKED worldstate update mode                                                             #
# Limit trie logs enabled: retention: 512; prune window: 30000                                     #
#                                                                                                  #
# Host:                                                                                            #
# Java: openjdk-java-21                                                                            #
# Maximum heap size: 29.50 GB                                                                      #
# OS: linux-x86_64                                                                                 #
# glibc: 2.39                                                                                      #
# jemalloc: 5.3.0-0-g54eaed1d8b56b1aa528be3bdd1877e59c56fa90c                                      #
# Total memory: 1007.68 GB                                                                         #
# CPU cores: 256                                                                                   #
#                                                                                                  #
# Plugin Registration Summary:                                                                     #
# No plugins have been registered.                                                                 #
# TOTAL = 0 of 0 plugins successfully registered.                                                  #
#                                                                                                  #
####################################################################################################
2026-10-07 16:22:47.540+00:00 | main | INFO  | Besu | Security Module: localfile
2026-10-07 16:22:47.542+00:00 | main | INFO  | VersionMetadata | Lookup version metadata file in data directory: /data
2026-10-07 16:22:47.542+00:00 | main | INFO  | VersionMetadata | No version data detected. Writing Besu version 24.7.0 to metadata file
2026-10-07 16:22:47.651+00:00 | main | INFO  | Besu | Using the native implementation of alt bn128
2026-10-07 16:22:47.737+00:00 | main | INFO  | Besu | Using the native implementation of modexp
2026-10-07 16:22:47.737+00:00 | main | INFO  | Besu | Using the native implementation of the signature algorithm
2026-10-07 16:22:47.749+00:00 | main | INFO  | Besu | Using the native implementation of the blake2bf algorithm
2026-10-07 16:22:47.844+00:00 | main | INFO  | Besu | Forcing price bump for transaction replacement to 0, since min-gas-price is set to 0
2026-10-07 16:22:47.845+00:00 | main | WARN  | Besu | Forcing tx-pool-min-gas-price=0, since it cannot be greater than the value of min-gas-price
2026-10-07 16:22:47.846+00:00 | main | INFO  | KeyPairUtil | Attempting to load public key from /data/key.priv
2026-10-07 16:22:47.870+00:00 | main | INFO  | KeyPairUtil | Loaded public key 0x74a1999155f3707d2d60bdc068f8beef31382f1cba688dfca796de7ae80535a9681826bf571ffe6941a0a3bf9e307be97d16db11a12824b5261ea9436b2b7a51 from /data/key.priv
2026-10-07 16:22:48.039+00:00 | main | INFO  | ProtocolScheduleBuilder | Protocol schedule created with milestones: [Berlin:0]
2026-10-07 16:22:48.043+00:00 | main | INFO  | RocksDBKeyValueStorageFactory | No existing database at /data. Using default metadata for new db versionedStorageFormat=BaseVersionedStorageFormat{format=BONSAI, version=2}
2026-10-07 16:22:48.349+00:00 | main | INFO  | FlatDbStrategyProvider | Bonsai flat db mode found FULL
2026-10-07 16:22:48.353+00:00 | main | INFO  | FlatDbStrategyProvider | Bonsai db mode with code stored using code hash enabled = true
2026-10-07 16:22:48.364+00:00 | main | INFO  | FlatDbStrategyProvider | Bonsai flat db mode found FULL
2026-10-07 16:22:48.366+00:00 | main | INFO  | FlatDbStrategyProvider | Bonsai db mode with code stored using code hash enabled = true
2026-10-07 16:22:48.834+00:00 | main | INFO  | TransactionPoolFactory | Enabling transaction pool
2026-10-07 16:22:48.852+00:00 | main | INFO  | BesuControllerBuilder | TTD difficulty is not present, creating initial sync phase for PoW
2026-10-07 16:22:48.895+00:00 | main | INFO  | TrieLogPruner | Loading first 30000 trie logs from database...
2026-10-07 16:22:48.896+00:00 | main | INFO  | TrieLogPruner | Loaded 1 trie logs from database
2026-10-07 16:22:48.904+00:00 | main | INFO  | RunnerBuilder | Resolved 5 bootnodes.
2026-10-07 16:22:48.910+00:00 | main | INFO  | RunnerBuilder | Detecting NAT service.
2026-10-07 16:22:49.105+00:00 | main | INFO  | Runner | Starting external services ... 
2026-10-07 16:22:49.105+00:00 | main | INFO  | JsonRpcHttpService | Starting JSON-RPC service on 0.0.0.0:8545
2026-10-07 16:22:49.268+00:00 | main | INFO  | WebSocketService | Starting Websocket service on 0.0.0.0:8546
2026-10-07 16:22:49.267+00:00 | vert.x-eventloop-thread-1 | INFO  | JsonRpcHttpService | JSON-RPC service started and listening on 0.0.0.0:8545
2026-10-07 16:22:49.272+00:00 | vert.x-eventloop-thread-1 | INFO  | WebSocketService | Websocket service started and listening on 0.0.0.0:8546
2026-10-07 16:22:49.275+00:00 | main | INFO  | AutoTransactionLogBloomCachingService | Starting auto transaction log bloom caching service.
2026-10-07 16:22:49.276+00:00 | main | INFO  | LogBloomCacheMetadata | Lookup cache metadata file in data directory: /data/caches
2026-10-07 16:22:49.285+00:00 | main | INFO  | Runner | Starting Ethereum main loop ... 
2026-10-07 16:22:49.286+00:00 | main | INFO  | NatService | No NAT environment detected so no service could be started
2026-10-07 16:22:49.286+00:00 | main | INFO  | NetworkRunner | Starting Network.
2026-10-07 16:22:49.303+00:00 | nioEventLoopGroup-2-1 | INFO  | RlpxAgent | P2P RLPx agent started and listening on /[0:0:0:0:0:0:0:0]:30303.
2026-10-07 16:22:49.303+00:00 | main | INFO  | PeerDiscoveryAgent | Starting peer discovery agent on host=0.0.0.0, port=30303. IPv6 available.
2026-10-07 16:22:49.317+00:00 | vert.x-eventloop-thread-1 | INFO  | VertxPeerDiscoveryAgent | Started peer discovery agent successfully, on effective host=0:0:0:0:0:0:0:0%0 and port=30303
2026-10-07 16:22:49.318+00:00 | vert.x-eventloop-thread-1 | INFO  | PeerDiscoveryAgent | P2P peer discovery agent started and listening on /[0:0:0:0:0:0:0:0%0]:30303
2026-10-07 16:22:49.370+00:00 | vert.x-eventloop-thread-1 | INFO  | PeerDiscoveryAgent | Writing node record to disk. NodeRecord{seq=1, publicKey=0x0374a1999155f3707d2d60bdc068f8beef31382f1cba688dfca796de7ae80535a9, udpAddress=Optional[/0.0.0.0:30303], tcpAddress=Optional[/0.0.0.0:30303], asBase64=-Je4QDdMbA6OSoU4bJfIW04hkxbi9n6_uDNMpK7LicVuhXk2UHWQoMbtmjws0J-xEwyxdtK1O9eXKaba3bc1fQSgrVwBg2V0aMfGhKDnnS2AgmlkgnY0gmlwhAAAAACJc2VjcDI1NmsxoQN0oZmRVfNwfS1gvcBo-L7vMTgvHLpojfynlt566AU1qYN0Y3CCdl-DdWRwgnZf, nodeId=0x442f78d1b783c7d1c8a6bba0e22d12254e7052e1aff1db8c9bdbfd9f6907a904, customFields={tcp=30303, udp=30303, ip=0x00000000, eth=[[0xa0e79d2d, 0x]], id=V4, secp256k1=0x0374a1999155f3707d2d60bdc068f8beef31382f1cba688dfca796de7ae80535a9}}
2026-10-07 16:22:49.419+00:00 | main | INFO  | DefaultP2PNetwork | Enode URL enode://74a1999155f3707d2d60bdc068f8beef31382f1cba688dfca796de7ae80535a9681826bf571ffe6941a0a3bf9e307be97d16db11a12824b5261ea9436b2b7a51@0.0.0.0:30303
2026-10-07 16:22:49.419+00:00 | main | INFO  | DefaultP2PNetwork | Node address 0xe22d12254e7052e1aff1db8c9bdbfd9f6907a904
2026-10-07 16:22:49.453+00:00 | main | INFO  | NetworkRunner | Supported capabilities: [eth/62, eth/63, eth/64, eth/65, eth/66, eth/67, eth/68], [istanbul/100], [snap/1]
2026-10-07 16:22:49.453+00:00 | main | INFO  | DefaultSynchronizer | Starting synchronizer.
2026-10-07 16:22:49.455+00:00 | main | INFO  | TransactionPoolFactory | Enabling transaction handling following initial sync
2026-10-07 16:22:49.455+00:00 | main | INFO  | QbftBesuControllerBuilder | Starting QBFT mining coordinator following initial sync
2026-10-07 16:22:49.472+00:00 | main | INFO  | FullSyncDownloader | Starting full sync.
2026-10-07 16:22:49.473+00:00 | main | INFO  | FullSyncTargetManager | Unable to find sync target. Currently checking 0 peers for usefulness
2026-10-07 16:22:49.486+00:00 | main | INFO  | Runner | Ethereum main loop is up.
2026-10-07 16:22:49.635+00:00 | nioEventLoopGroup-3-6 | INFO  | FullSyncTargetManager | Unable to find sync target. Currently checking 1 peers for usefulness
2026-10-07 16:22:50.089+00:00 | nioEventLoopGroup-3-2 | INFO  | FullSyncTargetManager | Unable to find sync target. Currently checking 2 peers for usefulness
2026-10-07 16:22:50.094+00:00 | nioEventLoopGroup-3-9 | INFO  | FullSyncTargetManager | Unable to find sync target. Currently checking 3 peers for usefulness
2026-10-07 16:22:50.257+00:00 | nioEventLoopGroup-3-4 | INFO  | FullSyncTargetManager | Unable to find sync target. Currently checking 4 peers for usefulness
2026-10-07 16:22:50.328+00:00 | nioEventLoopGroup-3-7 | INFO  | FullSyncTargetManager | Unable to find sync target. Currently checking 5 peers for usefulness
2026-10-07 16:22:50.750+00:00 | nioEventLoopGroup-3-2 | INFO  | FullSyncTargetManager | Unable to find sync target. Currently checking 6 peers for usefulness
2026-10-07 16:22:50.781+00:00 | nioEventLoopGroup-3-4 | INFO  | FullSyncTargetManager | Unable to find sync target. Currently checking 8 peers for usefulness
2026-10-07 16:22:50.796+00:00 | nioEventLoopGroup-3-5 | INFO  | FullSyncTargetManager | Unable to find sync target. Currently checking 9 peers for usefulness
2026-10-07 16:22:50.952+00:00 | nioEventLoopGroup-3-7 | INFO  | FullSyncTargetManager | Unable to find sync target. Currently checking 10 peers for usefulness
2026-10-07 16:22:50.968+00:00 | nioEventLoopGroup-3-6 | INFO  | FullSyncTargetManager | Unable to find sync target. Currently checking 11 peers for usefulness
2026-10-07 16:22:51.033+00:00 | BftProcessorExecutor-QBFT-0 | INFO  | QbftRound | Importing proposed block to chain. round=ConsensusRoundIdentifier{Sequence=1, Round=1}, hash=0x8427058522b3682ac6672da775d2007f3134d094dd047273f1465f262d223788
2026-10-07 16:22:51.054+00:00 | BftProcessorExecutor-QBFT-0 | INFO  | QbftBesuControllerBuilder | Imported #1 / 0 tx / 0 pending / 0 (0.0%) gas / (0x8427058522b3682ac6672da775d2007f3134d094dd047273f1465f262d223788)
2026-10-07 16:22:51.117+00:00 | nioEventLoopGroup-3-9 | INFO  | FullSyncTargetManager | Unable to find sync target. Currently checking 12 peers for usefulness
2026-10-07 16:22:51.322+00:00 | nioEventLoopGroup-3-8 | INFO  | FullSyncTargetManager | Unable to find sync target. Currently checking 13 peers for usefulness
2026-10-07 16:22:52.367+00:00 | BftProcessorExecutor-QBFT-0 | INFO  | QbftBesuControllerBuilder | Imported #2 / 0 tx / 0 pending / 0 (0.0%) gas / (0xf5331a0a41e9522bb35ac9a844275ee343487e4693371ccc0b317875972cf9c2)
2026-10-07 16:22:54.353+00:00 | BftProcessorExecutor-QBFT-0 | INFO  | QbftBesuControllerBuilder | Imported #3 / 0 tx / 0 pending / 0 (0.0%) gas / (0xd1a60a091d6f0ae570ea0a63d373693da78e57e4b3fddacdcad9cf4a674cb325)
2026-10-07 16:22:54.360+00:00 | EthScheduler-Workers-0 | INFO  | PersistBlockTask | Block 3 (0xd1a60a091d6f0ae570ea0a63d373693da78e57e4b3fddacdcad9cf4a674cb325) is already imported
2026-10-07 16:22:56.429+00:00 | BftProcessorExecutor-QBFT-0 | INFO  | QbftBesuControllerBuilder | Imported #4 / 0 tx / 0 pending / 0 (0.0%) gas / (0xb0ebbbbcb5d2c18f23bdd703fcd78af86f003b7a632b8f73d82b64d3697bea5d)
2026-10-07 16:22:58.376+00:00 | BftProcessorExecutor-QBFT-0 | INFO  | QbftBesuControllerBuilder | Imported #5 / 0 tx / 1 pending / 0 (0.0%) gas / (0x3a9e7e6446e475b45b86b3eb71ef6783e384ac4b15b2d4e981f0ab79f640f3f0)
2026-10-07 16:22:58.378+00:00 | EthScheduler-Workers-0 | INFO  | PersistBlockTask | Block 5 (0x3a9e7e6446e475b45b86b3eb71ef6783e384ac4b15b2d4e981f0ab79f640f3f0) is already imported
2026-10-07 16:23:00.383+00:00 | BftProcessorExecutor-QBFT-0 | INFO  | QbftBesuControllerBuilder | Imported #6 / 0 tx / 1 pending / 0 (0.0%) gas / (0x3d91b94f4b3c72cd3f360cee2ba937cbc031b85bac4cad42985080ccc6a14aae)
2026-10-07 16:23:02.417+00:00 | BftProcessorExecutor-QBFT-0 | INFO  | QbftBesuControllerBuilder | Imported #7 / 0 tx / 1 pending / 0 (0.0%) gas / (0x9130adb93556cb095d08a9cf7446db75f433aa4f47bc87359012d08867883f04)
2026-10-07 16:23:04.347+00:00 | BftProcessorExecutor-QBFT-0 | INFO  | QbftBesuControllerBuilder | Imported #8 / 0 tx / 1 pending / 0 (0.0%) gas / (0xf007844847676388bdd8f78ff36d2ca935ef4b287d29da62714a0e7fed85c64e)
2026-10-07 16:23:06.393+00:00 | BftProcessorExecutor-QBFT-0 | INFO  | QbftBesuControllerBuilder | Imported #9 / 0 tx / 1 pending / 0 (0.0%) gas / (0xf7867eacf3a6a43fb0add554b018da87190a6a4bc0e277cc02ca51d32608ebf2)
2026-10-07 16:23:08.376+00:00 | BftProcessorExecutor-QBFT-0 | INFO  | QbftBesuControllerBuilder | Imported #10 / 0 tx / 1 pending / 0 (0.0%) gas / (0x79931935b990abc289d23575fc59f1f131dcfe918f5dc2043a7f2c57905d0c90)
2026-10-07 16:23:10.422+00:00 | BftProcessorExecutor-QBFT-0 | INFO  | QbftBesuControllerBuilder | Imported #11 / 0 tx / 1 pending / 0 (0.0%) gas / (0xc13f4e4be113f8d980b914d6a6a4d554169a9323470e815b890f216fc562945d)
2026-10-07 16:23:12.359+00:00 | EthScheduler-Workers-0 | INFO  | PersistBlockTask | Block 12 (0xa3d517299348d17c7823c2b17312f4033de2f93ad3383b89cea511dcb84b13cb) is already imported
2026-10-07 16:23:12.359+00:00 | BftProcessorExecutor-QBFT-0 | INFO  | QbftBesuControllerBuilder | Imported #12 / 0 tx / 1 pending / 0 (0.0%) gas / (0xa3d517299348d17c7823c2b17312f4033de2f93ad3383b89cea511dcb84b13cb)
2026-10-07 16:23:14.347+00:00 | EthScheduler-Workers-0 | INFO  | PersistBlockTask | Block 13 (0xea9e8a22b27097b8195191126468c721b6405912854ac4d64c3378cdba762767) is already imported
2026-10-07 16:23:14.347+00:00 | BftProcessorExecutor-QBFT-0 | INFO  | QbftBesuControllerBuilder | Produced #13 / 0 tx / 1 pending / 0 (0.0%) gas / (0xea9e8a22b27097b8195191126468c721b6405912854ac4d64c3378cdba762767)
2026-10-07 16:23:16.387+00:00 | BftProcessorExecutor-QBFT-0 | INFO  | QbftBesuControllerBuilder | Imported #14 / 0 tx / 1 pending / 0 (0.0%) gas / (0x2123cac90ee1e1e83ad6ccbd2c30ccbb7e2b9acce6d3c181ce1ebe722c86ba19)
2026-10-07 16:23:18.418+00:00 | BftProcessorExecutor-QBFT-0 | INFO  | QbftBesuControllerBuilder | Imported #15 / 1 tx / 0 pending / 465,218 (0.0%) gas / (0x248b15b4ba8133323a146e0fc0f84ea193a04bb340514e1012025d8cd1bc00c5)
2026-10-07 16:23:20.322+00:00 | BftProcessorExecutor-QBFT-0 | INFO  | QbftBesuControllerBuilder | Imported #16 / 0 tx / 1 pending / 0 (0.0%) gas / (0xcb98a94446c454e570d8c06d2c2f8b76acaa62711748cde71b1347b8dfab99b1)
2026-10-07 16:23:22.339+00:00 | BftProcessorExecutor-QBFT-0 | INFO  | QbftBesuControllerBuilder | Imported #17 / 0 tx / 1 pending / 0 (0.0%) gas / (0xa5e30934595bffa3aaceae92c7469365cb85f7adb76f2e00ba6899058261b497)
2026-10-07 16:23:24.280+00:00 | EthScheduler-Workers-0 | INFO  | PersistBlockTask | Block 18 (0xb3f854716c733564683caa43915e41766489efc8f2c38a186cc4ed652338db28) is already imported
2026-10-07 16:23:24.280+00:00 | BftProcessorExecutor-QBFT-0 | INFO  | QbftBesuControllerBuilder | Imported #18 / 0 tx / 1 pending / 0 (0.0%) gas / (0xb3f854716c733564683caa43915e41766489efc8f2c38a186cc4ed652338db28)
2026-10-07 16:23:26.353+00:00 | BftProcessorExecutor-QBFT-0 | INFO  | QbftBesuControllerBuilder | Imported #19 / 0 tx / 1 pending / 0 (0.0%) gas / (0x453e7fb237df93aeef613b879583c6b7d0e6bb8351d848efcfcaa594c35d11dc)
2026-10-07 16:23:28.307+00:00 | EthScheduler-Workers-0 | INFO  | PersistBlockTask | Block 20 (0xf3f403429ee076727df251be78c58b06a9bf9a83c7e1b01d82157de613aaea28) is already imported
2026-10-07 16:23:28.308+00:00 | BftProcessorExecutor-QBFT-0 | INFO  | QbftBesuControllerBuilder | Imported #20 / 0 tx / 1 pending / 0 (0.0%) gas / (0xf3f403429ee076727df251be78c58b06a9bf9a83c7e1b01d82157de613aaea28)
2026-10-07 16:23:30.325+00:00 | EthScheduler-Workers-0 | INFO  | PersistBlockTask | Block 21 (0x8d39fc282b79ea48a9297d8a7e65d7071dc35ea9cd0f1057d806b777ba508899) is already imported
2026-10-07 16:23:30.326+00:00 | BftProcessorExecutor-QBFT-0 | INFO  | QbftBesuControllerBuilder | Imported #21 / 0 tx / 1 pending / 0 (0.0%) gas / (0x8d39fc282b79ea48a9297d8a7e65d7071dc35ea9cd0f1057d806b777ba508899)
2026-10-07 16:23:32.334+00:00 | BftProcessorExecutor-QBFT-0 | INFO  | QbftBesuControllerBuilder | Imported #22 / 0 tx / 1 pending / 0 (0.0%) gas / (0xb6fef688038ae833cc2318242f4ea6d4f26d58c8096f495775a126cc32ae1079)
2026-10-07 16:23:32.337+00:00 | EthScheduler-Workers-0 | INFO  | PersistBlockTask | Block 22 (0xb6fef688038ae833cc2318242f4ea6d4f26d58c8096f495775a126cc32ae1079) is already imported
2026-10-07 16:23:34.266+00:00 | EthScheduler-Workers-0 | INFO  | PersistBlockTask | Block 23 (0xc133525d7dd4b689a60d8d61af26ae18061321d764cc9b0e4e911ff3ff3a133e) is already imported
2026-10-07 16:23:34.266+00:00 | BftProcessorExecutor-QBFT-0 | INFO  | QbftBesuControllerBuilder | Imported #23 / 0 tx / 1 pending / 0 (0.0%) gas / (0xc133525d7dd4b689a60d8d61af26ae18061321d764cc9b0e4e911ff3ff3a133e)
2026-10-07 16:23:36.347+00:00 | BftProcessorExecutor-QBFT-0 | INFO  | QbftBesuControllerBuilder | Imported #24 / 0 tx / 1 pending / 0 (0.0%) gas / (0x019378e95c182f844d7a88df41137e51621de2151254fd57d2419507eda43669)
2026-10-07 16:23:38.294+00:00 | BftProcessorExecutor-QBFT-0 | INFO  | QbftBesuControllerBuilder | Imported #25 / 0 tx / 1 pending / 0 (0.0%) gas / (0x11524c83236e82db55350d8fa7f673e85a7790de999ceaae74f62e13852060e0)
2026-10-07 16:23:40.325+00:00 | BftProcessorExecutor-QBFT-0 | INFO  | QbftBesuControllerBuilder | Imported #26 / 0 tx / 1 pending / 0 (0.0%) gas / (0x26b8ed1438d331491c70eb901572337ee9131f5ea9de225255a275de52d434f8)
2026-10-07 16:23:42.338+00:00 | EthScheduler-Workers-0 | INFO  | PersistBlockTask | Block 27 (0x1b9cac10c9b3eb4fcbe5574018104212a454183e1119c4aa4ce730350e3f031a) is already imported
2026-10-07 16:23:42.338+00:00 | BftProcessorExecutor-QBFT-0 | INFO  | QbftBesuControllerBuilder | Imported #27 / 0 tx / 1 pending / 0 (0.0%) gas / (0x1b9cac10c9b3eb4fcbe5574018104212a454183e1119c4aa4ce730350e3f031a)
2026-10-07 16:23:44.287+00:00 | EthScheduler-Workers-0 | INFO  | PersistBlockTask | Block 28 (0xbac67792a0699d3f145c752adc8826778a3579fd8ec269822a5de373f5fafd9f) is already imported
2026-10-07 16:23:44.288+00:00 | BftProcessorExecutor-QBFT-0 | INFO  | QbftBesuControllerBuilder | Produced #28 / 0 tx / 1 pending / 0 (0.0%) gas / (0xbac67792a0699d3f145c752adc8826778a3579fd8ec269822a5de373f5fafd9f)
2026-10-07 16:23:46.358+00:00 | BftProcessorExecutor-QBFT-0 | INFO  | QbftBesuControllerBuilder | Imported #29 / 0 tx / 1 pending / 0 (0.0%) gas / (0x475ff3d0f674c1985529cbdfb8fe445a7c8ee524e6f86ca475cf4c398d414c50)
2026-10-07 16:23:48.340+00:00 | BftProcessorExecutor-QBFT-0 | INFO  | QbftBesuControllerBuilder | Imported #30 / 1 tx / 0 pending / 1,832,981 (0.0%) gas / (0x73a1f46b2de9685af90788a62dce20b5cbee80d3355f23c0e070957f533553f2)
2026-10-07 16:23:50.313+00:00 | BftProcessorExecutor-QBFT-0 | INFO  | QbftBesuControllerBuilder | Imported #31 / 0 tx / 0 pending / 0 (0.0%) gas / (0x853072b1f51b5495ccc0a427a9e1dda9df02b355a3ead3060e73a6829826cfbd)
2026-10-07 16:23:52.343+00:00 | BftProcessorExecutor-QBFT-0 | INFO  | QbftBesuControllerBuilder | Imported #32 / 0 tx / 0 pending / 0 (0.0%) gas / (0x1ea1ee9766d800b4a76a06fdf950816ec62cac5424e397f4b28582674118e734)
2026-10-07 16:23:54.268+00:00 | BftProcessorExecutor-QBFT-0 | INFO  | QbftBesuControllerBuilder | Imported #33 / 0 tx / 0 pending / 0 (0.0%) gas / (0x885d523a02426207d08463b6c0a2a79fb611cffcc3bf49e0d3d79f4a33f95e9f)
2026-10-07 16:23:56.348+00:00 | BftProcessorExecutor-QBFT-0 | INFO  | QbftBesuControllerBuilder | Imported #34 / 0 tx / 0 pending / 0 (0.0%) gas / (0x2382eb1493cbd966d6c03ce986402f26ea5ef623209614c18ded72676c6565a9)
2026-10-07 16:23:56.352+00:00 | EthScheduler-Workers-0 | INFO  | PersistBlockTask | Block 34 (0x2382eb1493cbd966d6c03ce986402f26ea5ef623209614c18ded72676c6565a9) is already imported
2026-10-07 16:23:58.326+00:00 | EthScheduler-Workers-0 | INFO  | PersistBlockTask | Block 35 (0x3cf2332a70e7152e863bff2cc57961d671efb01bec82a91a11c1e5cf295d8127) is already imported
2026-10-07 16:23:58.327+00:00 | BftProcessorExecutor-QBFT-0 | INFO  | QbftBesuControllerBuilder | Imported #35 / 0 tx / 0 pending / 0 (0.0%) gas / (0x3cf2332a70e7152e863bff2cc57961d671efb01bec82a91a11c1e5cf295d8127)
2026-10-07 16:24:00.323+00:00 | BftProcessorExecutor-QBFT-0 | INFO  | QbftBesuControllerBuilder | Imported #36 / 0 tx / 0 pending / 0 (0.0%) gas / (0x499a00f1ddf2f00ad27810c410ed17b54f1607c9816cd52f23c999f371865e38)
2026-10-07 16:24:02.334+00:00 | EthScheduler-Workers-0 | INFO  | PersistBlockTask | Block 37 (0x166d002270147ef5e1406964027f9e894f48a0ab3544121407d777f42c7a1d76) is already imported
2026-10-07 16:24:02.335+00:00 | BftProcessorExecutor-QBFT-0 | INFO  | QbftBesuControllerBuilder | Imported #37 / 0 tx / 0 pending / 0 (0.0%) gas / (0x166d002270147ef5e1406964027f9e894f48a0ab3544121407d777f42c7a1d76)
2026-10-07 16:24:04.750+00:00 | BftProcessorExecutor-QBFT-0 | INFO  | QbftBesuControllerBuilder | Imported #38 / 17 tx / 239 pending / 4,113,490 (0.0%) gas / (0x4c6babfd69651e6041bdf9c476ba2c611c166be7dd702c229bc0c5af44bba4db)
2026-10-07 16:24:06.723+00:00 | EthScheduler-Workers-0 | INFO  | PersistBlockTask | Block 39 (0x444e606bd8c168d1a9d3a50232ff62690e19eacd48313047fc8776e09fde4980) is already imported
2026-10-07 16:24:06.723+00:00 | BftProcessorExecutor-QBFT-0 | INFO  | QbftBesuControllerBuilder | Imported #39 / 17 tx / 222 pending / 4,113,490 (0.0%) gas / (0x444e606bd8c168d1a9d3a50232ff62690e19eacd48313047fc8776e09fde4980)
2026-10-07 16:24:08.657+00:00 | EthScheduler-Workers-0 | INFO  | PersistBlockTask | Block 40 (0x57c8fda81db4e53921b95e94d75b64ab0054df884ba6d2344a01292877a3033d) is already imported
2026-10-07 16:24:08.657+00:00 | BftProcessorExecutor-QBFT-0 | INFO  | QbftBesuControllerBuilder | Imported #40 / 17 tx / 205 pending / 4,113,490 (0.0%) gas / (0x57c8fda81db4e53921b95e94d75b64ab0054df884ba6d2344a01292877a3033d)
2026-10-07 16:24:10.677+00:00 | BftProcessorExecutor-QBFT-0 | INFO  | QbftBesuControllerBuilder | Imported #41 / 17 tx / 188 pending / 4,113,490 (0.0%) gas / (0x734fbf642a4760332338085de0b6823fd6d88ae7c16ed572d0324c6f3a51a652)
2026-10-07 16:24:12.622+00:00 | BftProcessorExecutor-QBFT-0 | INFO  | QbftBesuControllerBuilder | Imported #42 / 17 tx / 171 pending / 4,113,490 (0.0%) gas / (0x658d343a91197b756c4923d9419707cb904a2530e0e0825ac78f41ebee9dd21c)
2026-10-07 16:24:14.684+00:00 | EthScheduler-Workers-0 | INFO  | PersistBlockTask | Block 43 (0xdb2b179f022cb326b0702cfc91ad4ed27e3c5da777d272c7cd491424c66c7d01) is already imported
2026-10-07 16:24:14.685+00:00 | BftProcessorExecutor-QBFT-0 | INFO  | QbftBesuControllerBuilder | Produced #43 / 17 tx / 154 pending / 4,113,490 (0.0%) gas / (0xdb2b179f022cb326b0702cfc91ad4ed27e3c5da777d272c7cd491424c66c7d01)
2026-10-07 16:24:16.629+00:00 | BftProcessorExecutor-QBFT-0 | INFO  | QbftBesuControllerBuilder | Imported #44 / 17 tx / 137 pending / 4,113,490 (0.0%) gas / (0x10e612912c092ed2c5a4150b3563f6cf3c409a49828cf058d441b726e954fbad)
2026-10-07 16:24:18.775+00:00 | EthScheduler-Workers-0 | INFO  | PersistBlockTask | Block 45 (0xfdf2d54ec46c450edb5bb28aa14e021cb61ea48803d3c91343aec44ab70a647d) is already imported
2026-10-07 16:24:18.776+00:00 | BftProcessorExecutor-QBFT-0 | INFO  | QbftBesuControllerBuilder | Imported #45 / 18 tx / 119 pending / 4,355,460 (0.0%) gas / (0xfdf2d54ec46c450edb5bb28aa14e021cb61ea48803d3c91343aec44ab70a647d)
2026-10-07 16:24:20.622+00:00 | BftProcessorExecutor-QBFT-0 | INFO  | QbftBesuControllerBuilder | Imported #46 / 17 tx / 102 pending / 4,113,490 (0.0%) gas / (0x78b86ec9cec767f3eebc2a7f2df15616587a0336152d323af1802877b18d7c5f)
2026-10-07 16:24:22.662+00:00 | BftProcessorExecutor-QBFT-0 | INFO  | QbftBesuControllerBuilder | Imported #47 / 17 tx / 85 pending / 4,113,490 (0.0%) gas / (0x1cdfa01b127d5448e9e4eba6326d300dce4735401410ca904dec710698600c6d)
2026-10-07 16:24:24.740+00:00 | BftProcessorExecutor-QBFT-0 | INFO  | QbftBesuControllerBuilder | Imported #48 / 17 tx / 68 pending / 4,113,490 (0.0%) gas / (0x8d61e99b83841a8011b2cf61db44043ce727c2ed26fc52f5068044fe3f422389)
2026-10-07 16:24:26.673+00:00 | BftProcessorExecutor-QBFT-0 | INFO  | QbftBesuControllerBuilder | Imported #49 / 17 tx / 51 pending / 4,113,490 (0.0%) gas / (0x8fb87e5a88ca4085adb4e2d3eb6f721c84e2c85ecef3a702dcb3283da80c6f4e)
2026-10-07 16:24:28.683+00:00 | EthScheduler-Workers-0 | INFO  | PersistBlockTask | Block 50 (0xc969beb53b5ee7ee811ff36514b8921f98475b2f48551c94585d14e39697c0a4) is already imported
2026-10-07 16:24:28.683+00:00 | BftProcessorExecutor-QBFT-0 | INFO  | QbftBesuControllerBuilder | Imported #50 / 17 tx / 34 pending / 4,113,490 (0.0%) gas / (0xc969beb53b5ee7ee811ff36514b8921f98475b2f48551c94585d14e39697c0a4)
2026-10-07 16:24:30.622+00:00 | BftProcessorExecutor-QBFT-0 | INFO  | QbftBesuControllerBuilder | Imported #51 / 17 tx / 17 pending / 4,113,490 (0.0%) gas / (0x26c2c102ca6a7584d10dfc9f8b424a5e745f49af003237cac0104dbb96f8c87a)
2026-10-07 16:24:32.669+00:00 | BftProcessorExecutor-QBFT-0 | INFO  | QbftBesuControllerBuilder | Imported #52 / 17 tx / 0 pending / 4,113,490 (0.0%) gas / (0x9187fad72ebd1ef8e3cc56b6a3aa8c4a153b3726cc69dec2e07eee6e5f7f558e)
2026-10-07 16:24:34.273+00:00 | BftProcessorExecutor-QBFT-0 | INFO  | QbftBesuControllerBuilder | Imported #53 / 0 tx / 0 pending / 0 (0.0%) gas / (0x2880a7611616336d7356574475e8f5c25f1df3ad488a29bad7764398e0b8f4a5)
2026-10-07 16:24:36.355+00:00 | BftProcessorExecutor-QBFT-0 | INFO  | QbftBesuControllerBuilder | Imported #54 / 0 tx / 0 pending / 0 (0.0%) gas / (0xa4ab777d11e1fb6a641542c1bf48cec335bdfbce5a041722aa3edad62a168caf)
2026-10-07 16:24:36.355+00:00 | EthScheduler-Workers-0 | INFO  | PersistBlockTask | Block 54 (0xa4ab777d11e1fb6a641542c1bf48cec335bdfbce5a041722aa3edad62a168caf) is already imported
2026-10-07 16:24:38.314+00:00 | BftProcessorExecutor-QBFT-0 | INFO  | QbftBesuControllerBuilder | Imported #55 / 2 tx / 30 pending / 307,268 (0.0%) gas / (0x8dd246a7ec35a322f1b336b5916e550c131a4dacbab66697ceaad6beb7a7d073)
2026-10-07 16:24:40.336+00:00 | BftProcessorExecutor-QBFT-0 | INFO  | QbftBesuControllerBuilder | Imported #56 / 2 tx / 28 pending / 307,268 (0.0%) gas / (0xc6c7d6bb8f09a561d967d6889caa0e227a781501238957f833f56a46c93a79d1)
2026-10-07 16:24:42.328+00:00 | BftProcessorExecutor-QBFT-0 | INFO  | QbftBesuControllerBuilder | Imported #57 / 2 tx / 26 pending / 307,288 (0.0%) gas / (0xac2fdc8b0d638b34c9dff7d4637ed21e9d45b85a1fcd99836628bc06e3d09b3c)
2026-10-07 16:24:44.319+00:00 | BftProcessorExecutor-QBFT-0 | INFO  | QbftBesuControllerBuilder | Produced #58 / 2 tx / 24 pending / 307,256 (0.0%) gas / (0x05802fea9f2eec722793c68c5a7c2f89d085a264553022382b00096863c60962)
2026-10-07 16:24:44.319+00:00 | EthScheduler-Workers-0 | INFO  | PersistBlockTask | Block 58 (0x05802fea9f2eec722793c68c5a7c2f89d085a264553022382b00096863c60962) is already imported
2026-10-07 16:24:46.376+00:00 | BftProcessorExecutor-QBFT-0 | INFO  | QbftBesuControllerBuilder | Imported #59 / 2 tx / 22 pending / 307,260 (0.0%) gas / (0xeda3ffbcf35d9369cfe0824d632139ad2caa9363832a1ca44799eb28edc3955c)
2026-10-07 16:24:48.303+00:00 | BftProcessorExecutor-QBFT-0 | INFO  | QbftBesuControllerBuilder | Imported #60 / 3 tx / 19 pending / 460,898 (0.0%) gas / (0x8a5415206adcc448bde4da3d428488bc0f0ed8808d7cd029811c01c64e00bd4c)
2026-10-07 16:24:50.322+00:00 | BftProcessorExecutor-QBFT-0 | INFO  | QbftBesuControllerBuilder | Imported #61 / 3 tx / 16 pending / 460,894 (0.0%) gas / (0x949d295f65410fc77a412849964c33c6b8e86b8f757765b2b567de2722b9b666)
2026-10-07 16:24:52.348+00:00 | BftProcessorExecutor-QBFT-0 | INFO  | QbftBesuControllerBuilder | Imported #62 / 2 tx / 14 pending / 307,264 (0.0%) gas / (0x138b47906537c8cc5137d3a02572721477dd67a98b7c122b5f8a37ac4db22021)
2026-10-07 16:24:54.277+00:00 | EthScheduler-Workers-0 | INFO  | PersistBlockTask | Block 63 (0xbf9a12f3addc7d3a7b74226c59c0d78a8ba1aab7e5d4679e7c4660fe44c346a9) is already imported
2026-10-07 16:24:54.277+00:00 | BftProcessorExecutor-QBFT-0 | INFO  | QbftBesuControllerBuilder | Imported #63 / 2 tx / 12 pending / 307,268 (0.0%) gas / (0xbf9a12f3addc7d3a7b74226c59c0d78a8ba1aab7e5d4679e7c4660fe44c346a9)
2026-10-07 16:24:56.358+00:00 | BftProcessorExecutor-QBFT-0 | INFO  | QbftBesuControllerBuilder | Imported #64 / 2 tx / 10 pending / 307,268 (0.0%) gas / (0x80a89fae787276ff7068580bef4ffb645750ebb46cfb9f6366d6e5c5780df029)
2026-10-07 16:24:58.338+00:00 | BftProcessorExecutor-QBFT-0 | INFO  | QbftBesuControllerBuilder | Imported #65 / 2 tx / 8 pending / 307,276 (0.0%) gas / (0xd396048754ea27e6df05acdc2d7fd492f16dd5eeee360b3a9f020ecf9c93c86b)
2026-10-07 16:24:58.339+00:00 | EthScheduler-Workers-0 | INFO  | PersistBlockTask | Block 65 (0xd396048754ea27e6df05acdc2d7fd492f16dd5eeee360b3a9f020ecf9c93c86b) is already imported
2026-10-07 16:25:00.325+00:00 | BftProcessorExecutor-QBFT-0 | INFO  | QbftBesuControllerBuilder | Imported #66 / 2 tx / 6 pending / 307,280 (0.0%) gas / (0xce0e95b4b87cc58701e49b3e218703e49f163d3e1096245d934ea054a7e18987)
2026-10-07 16:25:02.370+00:00 | BftProcessorExecutor-QBFT-0 | INFO  | QbftBesuControllerBuilder | Imported #67 / 2 tx / 4 pending / 307,236 (0.0%) gas / (0x385b755a8539bf3dd4387e4fb6767c82b7a38b1471336dc4dde3519de34bc051)
2026-10-07 16:25:04.292+00:00 | BftProcessorExecutor-QBFT-0 | INFO  | QbftBesuControllerBuilder | Imported #68 / 2 tx / 2 pending / 307,256 (0.0%) gas / (0x5bf904762cbed8463c54d0bae1650fd32a7a61b2895dfe2738b386676f8e721a)
2026-10-07 16:25:06.375+00:00 | BftProcessorExecutor-QBFT-0 | INFO  | QbftBesuControllerBuilder | Imported #69 / 2 tx / 0 pending / 307,256 (0.0%) gas / (0xec0130f619792be56c3580e5e5786df8df027056da48225312e218ff2c92ebc1)
2026-10-07 16:25:08.310+00:00 | EthScheduler-Workers-0 | INFO  | PersistBlockTask | Block 70 (0xb40f50cce1fa7e46e378bb9f6fcf0d521e843ae32a864726e48d5c7b816cc957) is already imported
2026-10-07 16:25:08.310+00:00 | BftProcessorExecutor-QBFT-0 | INFO  | QbftBesuControllerBuilder | Imported #70 / 0 tx / 0 pending / 0 (0.0%) gas / (0xb40f50cce1fa7e46e378bb9f6fcf0d521e843ae32a864726e48d5c7b816cc957)
2026-10-07 16:25:10.603+00:00 | BftProcessorExecutor-QBFT-0 | INFO  | QbftBesuControllerBuilder | Imported #71 / 17 tx / 239 pending / 4,113,490 (0.0%) gas / (0xe95c6e3876dc005d8d649680a8799c9869b9fe26aba5a95bcb4484cd1cc927fe)
2026-10-07 16:25:12.644+00:00 | EthScheduler-Workers-0 | INFO  | PersistBlockTask | Block 72 (0x3ad40d931c459356ffe0a17b5ed52ed6c70763d1ef112d5ff803af9d37781afd) is already imported
2026-10-07 16:25:12.645+00:00 | BftProcessorExecutor-QBFT-0 | INFO  | QbftBesuControllerBuilder | Imported #72 / 17 tx / 222 pending / 4,113,490 (0.0%) gas / (0x3ad40d931c459356ffe0a17b5ed52ed6c70763d1ef112d5ff803af9d37781afd)
2026-10-07 16:25:14.756+00:00 | EthScheduler-Workers-0 | INFO  | PersistBlockTask | Block 73 (0x6570e594f0c5604587e5d045b401500a7e708bcbebf52a9b292435848b01a033) is already imported
2026-10-07 16:25:14.756+00:00 | BftProcessorExecutor-QBFT-0 | INFO  | QbftBesuControllerBuilder | Produced #73 / 17 tx / 205 pending / 4,113,490 (0.0%) gas / (0x6570e594f0c5604587e5d045b401500a7e708bcbebf52a9b292435848b01a033)
2026-10-07 16:25:16.635+00:00 | BftProcessorExecutor-QBFT-0 | INFO  | QbftBesuControllerBuilder | Imported #74 / 17 tx / 188 pending / 4,113,490 (0.0%) gas / (0x688e42b969546f1cb07e4bea964e0e3665e90df0ad09aa63d79f3f2f252d1559)
2026-10-07 16:25:18.648+00:00 | EthScheduler-Workers-0 | INFO  | PersistBlockTask | Block 75 (0x9bc96a46bf0e9756c65b0da4527c696376416581aaadf2f0dfdff6220e464f0e) is already imported
2026-10-07 16:25:18.648+00:00 | BftProcessorExecutor-QBFT-0 | INFO  | QbftBesuControllerBuilder | Imported #75 / 18 tx / 170 pending / 4,355,460 (0.0%) gas / (0x9bc96a46bf0e9756c65b0da4527c696376416581aaadf2f0dfdff6220e464f0e)
2026-10-07 16:25:20.590+00:00 | BftProcessorExecutor-QBFT-0 | INFO  | QbftBesuControllerBuilder | Imported #76 / 17 tx / 153 pending / 4,113,490 (0.0%) gas / (0xec6b5113d8f4265661d1bda2c0bbc1cfbc3258f59121268a39975cf2da162aa6)
2026-10-07 16:25:22.672+00:00 | EthScheduler-Workers-0 | INFO  | PersistBlockTask | Block 77 (0xd337f25a66285b99918eda4b73864560ad50cbd517a268fa1f18f462f927e78f) is already imported
2026-10-07 16:25:22.672+00:00 | BftProcessorExecutor-QBFT-0 | INFO  | QbftBesuControllerBuilder | Imported #77 / 17 tx / 136 pending / 4,113,490 (0.0%) gas / (0xd337f25a66285b99918eda4b73864560ad50cbd517a268fa1f18f462f927e78f)
2026-10-07 16:25:24.700+00:00 | BftProcessorExecutor-QBFT-0 | INFO  | QbftBesuControllerBuilder | Imported #78 / 17 tx / 119 pending / 4,113,490 (0.0%) gas / (0x3c1a38b4fce7175bc6e78336e2deed40328c5dfb648de38803c771bc6259ae6f)
2026-10-07 16:25:26.698+00:00 | EthScheduler-Workers-0 | INFO  | PersistBlockTask | Block 79 (0x807b4fd4e461d9dc794758ac32327aaff0a8e70bccf29c1f46803a6fc40397ea) is already imported
2026-10-07 16:25:26.698+00:00 | BftProcessorExecutor-QBFT-0 | INFO  | QbftBesuControllerBuilder | Imported #79 / 17 tx / 102 pending / 4,113,490 (0.0%) gas / (0x807b4fd4e461d9dc794758ac32327aaff0a8e70bccf29c1f46803a6fc40397ea)
2026-10-07 16:25:28.634+00:00 | BftProcessorExecutor-QBFT-0 | INFO  | QbftBesuControllerBuilder | Imported #80 / 17 tx / 85 pending / 4,113,490 (0.0%) gas / (0x452dd50f24cc31c88842c8657d3ffc2e69c48b90a82bd10efa23350793c6e187)
2026-10-07 16:25:28.634+00:00 | EthScheduler-Workers-0 | INFO  | PersistBlockTask | Block 80 (0x452dd50f24cc31c88842c8657d3ffc2e69c48b90a82bd10efa23350793c6e187) is already imported
2026-10-07 16:25:30.698+00:00 | EthScheduler-Workers-0 | INFO  | PersistBlockTask | Block 81 (0x27b43e0246e94177f17bc4c0070b22ec8147ff588cad9a0f541ff6e707861792) is already imported
2026-10-07 16:25:30.698+00:00 | BftProcessorExecutor-QBFT-0 | INFO  | QbftBesuControllerBuilder | Imported #81 / 17 tx / 68 pending / 4,113,490 (0.0%) gas / (0x27b43e0246e94177f17bc4c0070b22ec8147ff588cad9a0f541ff6e707861792)
2026-10-07 16:25:32.645+00:00 | BftProcessorExecutor-QBFT-0 | INFO  | QbftBesuControllerBuilder | Imported #82 / 17 tx / 51 pending / 4,113,490 (0.0%) gas / (0xfd29d81aa3540d2dcba594d1a42a4f8b435ef3f86ef7d60f2595ee25fb7480e9)
2026-10-07 16:25:34.632+00:00 | EthScheduler-Workers-0 | INFO  | PersistBlockTask | Block 83 (0x76807504e98d73e31711404b19701fd277b6defc0b4835d8590c8b4a0d97c8d4) is already imported
2026-10-07 16:25:34.632+00:00 | BftProcessorExecutor-QBFT-0 | INFO  | QbftBesuControllerBuilder | Imported #83 / 17 tx / 34 pending / 4,113,490 (0.0%) gas / (0x76807504e98d73e31711404b19701fd277b6defc0b4835d8590c8b4a0d97c8d4)
2026-10-07 16:25:36.671+00:00 | BftProcessorExecutor-QBFT-0 | INFO  | QbftBesuControllerBuilder | Imported #84 / 17 tx / 17 pending / 4,113,490 (0.0%) gas / (0x1a0007ad11e72496651f2afa220300c738c955f2ce28e6f6a9124fc35c9b3613)
2026-10-07 16:25:36.671+00:00 | EthScheduler-Workers-0 | INFO  | PersistBlockTask | Block 84 (0x1a0007ad11e72496651f2afa220300c738c955f2ce28e6f6a9124fc35c9b3613) is already imported
2026-10-07 16:25:38.717+00:00 | BftProcessorExecutor-QBFT-0 | INFO  | QbftBesuControllerBuilder | Imported #85 / 17 tx / 0 pending / 4,113,490 (0.0%) gas / (0x1ad4ebe07f79302dc2010973838b59227c0206a3bee3318349999b915e3cc031)
2026-10-07 16:25:38.717+00:00 | EthScheduler-Workers-0 | INFO  | PersistBlockTask | Block 85 (0x1ad4ebe07f79302dc2010973838b59227c0206a3bee3318349999b915e3cc031) is already imported
2026-10-07 16:25:40.307+00:00 | BftProcessorExecutor-QBFT-0 | INFO  | QbftBesuControllerBuilder | Imported #86 / 0 tx / 0 pending / 0 (0.0%) gas / (0x862b4668f0fc0e298c8d21b2e341b92d91056c268b4a3be8dc4f4754462ff755)
2026-10-07 16:25:42.336+00:00 | BftProcessorExecutor-QBFT-0 | INFO  | QbftBesuControllerBuilder | Imported #87 / 0 tx / 0 pending / 0 (0.0%) gas / (0x8541e912a0f20627e656a00cf929b341501cd65c5b305af23e5f33f911da2750)
2026-10-07 16:25:44.276+00:00 | BftProcessorExecutor-QBFT-0 | INFO  | QbftBesuControllerBuilder | Produced #88 / 2 tx / 30 pending / 307,276 (0.0%) gas / (0x0df5ce2a851090caafc8313f81f171456bb76fb19ccc495e6bb02e14c6189cc4)
2026-10-07 16:25:46.357+00:00 | BftProcessorExecutor-QBFT-0 | INFO  | QbftBesuControllerBuilder | Imported #89 / 2 tx / 28 pending / 307,280 (0.0%) gas / (0x67295dc8099bd86de6732c67a9c3adafde1052c4f1cc703d68a2a0d7205d5b1f)
2026-10-07 16:25:48.305+00:00 | BftProcessorExecutor-QBFT-0 | INFO  | QbftBesuControllerBuilder | Imported #90 / 3 tx / 25 pending / 460,862 (0.0%) gas / (0x160fe2430d218714d00b1aba080f406693e53d8232a2cf48f0819d9533066aff)
2026-10-07 16:25:50.340+00:00 | BftProcessorExecutor-QBFT-0 | INFO  | QbftBesuControllerBuilder | Imported #91 / 3 tx / 22 pending / 460,898 (0.0%) gas / (0x03a3ee4f9fed30a041e4365f1cabafd03e66ac3513fbb49cc7e14e13c4196a7f)
2026-10-07 16:25:50.345+00:00 | EthScheduler-Workers-0 | INFO  | PersistBlockTask | Block 91 (0x03a3ee4f9fed30a041e4365f1cabafd03e66ac3513fbb49cc7e14e13c4196a7f) is already imported
2026-10-07 16:25:52.339+00:00 | BftProcessorExecutor-QBFT-0 | INFO  | QbftBesuControllerBuilder | Imported #92 / 2 tx / 20 pending / 307,280 (0.0%) gas / (0x2c6050b2ea954fee8260420653bd98ee169bf7b5bfbfdd80e2a05a96a1968790)
2026-10-07 16:25:54.285+00:00 | BftProcessorExecutor-QBFT-0 | INFO  | QbftBesuControllerBuilder | Imported #93 / 2 tx / 18 pending / 307,264 (0.0%) gas / (0x4349e48d13172efa98211f71b36bfbf0c8099145675915e7fd297efedf954b72)
2026-10-07 16:25:56.358+00:00 | BftProcessorExecutor-QBFT-0 | INFO  | QbftBesuControllerBuilder | Imported #94 / 2 tx / 16 pending / 307,256 (0.0%) gas / (0x500bc86ba0a5038fab1ca639f5b64f3e49cb8dea76718274e2ff54b1d79190ae)
2026-10-07 16:25:58.330+00:00 | BftProcessorExecutor-QBFT-0 | INFO  | QbftBesuControllerBuilder | Imported #95 / 2 tx / 14 pending / 307,260 (0.0%) gas / (0xe88461d469b5ce9e5e683525fcb20dcba26a60f6b6707d887cb024ec3dd08939)
2026-10-07 16:25:58.332+00:00 | EthScheduler-Workers-0 | INFO  | PersistBlockTask | Block 95 (0xe88461d469b5ce9e5e683525fcb20dcba26a60f6b6707d887cb024ec3dd08939) is already imported
2026-10-07 16:26:00.325+00:00 | BftProcessorExecutor-QBFT-0 | INFO  | QbftBesuControllerBuilder | Imported #96 / 2 tx / 12 pending / 307,288 (0.0%) gas / (0xec208ad304c47716334e1cddcd53920a0307edf905c2750473cd6e3aa847a526)
2026-10-07 16:26:02.362+00:00 | BftProcessorExecutor-QBFT-0 | INFO  | QbftBesuControllerBuilder | Imported #97 / 2 tx / 10 pending / 307,288 (0.0%) gas / (0xed4a2c5a8b2e224c26ecb205ccb88a969f74999def7d4f59ad6487753e1263f0)
2026-10-07 16:26:02.362+00:00 | EthScheduler-Workers-0 | INFO  | PersistBlockTask | Block 97 (0xed4a2c5a8b2e224c26ecb205ccb88a969f74999def7d4f59ad6487753e1263f0) is already imported
2026-10-07 16:26:04.292+00:00 | BftProcessorExecutor-QBFT-0 | INFO  | QbftBesuControllerBuilder | Imported #98 / 2 tx / 8 pending / 307,260 (0.0%) gas / (0x59a569e0a4b903ed3278931a76ddc59a8c49b2c3346451213cfa920884d8d64f)
2026-10-07 16:26:06.365+00:00 | EthScheduler-Workers-0 | INFO  | PersistBlockTask | Block 99 (0x674f99c6d112f279e101b7bea54a0b398d74e191758b0cb69a82ed760dae2dc5) is already imported
2026-10-07 16:26:06.365+00:00 | BftProcessorExecutor-QBFT-0 | INFO  | QbftBesuControllerBuilder | Imported #99 / 2 tx / 6 pending / 307,268 (0.0%) gas / (0x674f99c6d112f279e101b7bea54a0b398d74e191758b0cb69a82ed760dae2dc5)
2026-10-07 16:26:08.327+00:00 | EthScheduler-Workers-0 | INFO  | PersistBlockTask | Block 100 (0x1a0c0bae576434019e9052b9082f383c3152797d90e8275470048962d695802a) is already imported
2026-10-07 16:26:08.327+00:00 | BftProcessorExecutor-QBFT-0 | INFO  | QbftBesuControllerBuilder | Imported #100 / 2 tx / 4 pending / 307,232 (0.0%) gas / (0x1a0c0bae576434019e9052b9082f383c3152797d90e8275470048962d695802a)
2026-10-07 16:26:10.345+00:00 | BftProcessorExecutor-QBFT-0 | INFO  | QbftBesuControllerBuilder | Imported #101 / 2 tx / 2 pending / 307,268 (0.0%) gas / (0x32a2088edfbf0c137ee7244ef3d38177bb13f2d994eb1bb2330a2b4abe2e7f68)
2026-10-07 16:26:10.351+00:00 | EthScheduler-Workers-0 | INFO  | PersistBlockTask | Block 101 (0x32a2088edfbf0c137ee7244ef3d38177bb13f2d994eb1bb2330a2b4abe2e7f68) is already imported
2026-10-07 16:26:12.336+00:00 | BftProcessorExecutor-QBFT-0 | INFO  | QbftBesuControllerBuilder | Imported #102 / 2 tx / 0 pending / 307,244 (0.0%) gas / (0x5e5b3b558fb9e3789e436bcd4344323d8afc16bdd82afeb4b197512f74f74176)
2026-10-07 16:26:12.341+00:00 | EthScheduler-Workers-0 | INFO  | PersistBlockTask | Block 102 (0x5e5b3b558fb9e3789e436bcd4344323d8afc16bdd82afeb4b197512f74f74176) is already imported
2026-10-07 16:26:14.276+00:00 | BftProcessorExecutor-QBFT-0 | INFO  | QbftBesuControllerBuilder | Produced #103 / 0 tx / 0 pending / 0 (0.0%) gas / (0xaf1537feafaaf188703358734b660303a1df9f3c4af61cb35f7b126194db2c5d)
2026-10-07 16:26:16.627+00:00 | EthScheduler-Workers-0 | INFO  | PersistBlockTask | Block 104 (0x7e30a7e25b4077bd84f301c16a4ac80568c203fde242894fe0993674355df026) is already imported
2026-10-07 16:26:16.628+00:00 | BftProcessorExecutor-QBFT-0 | INFO  | QbftBesuControllerBuilder | Imported #104 / 17 tx / 239 pending / 4,113,490 (0.0%) gas / (0x7e30a7e25b4077bd84f301c16a4ac80568c203fde242894fe0993674355df026)
2026-10-07 16:26:18.645+00:00 | EthScheduler-Workers-0 | INFO  | PersistBlockTask | Block 105 (0xbc9b369ba170e4bfbc9ca1089416074a5cdf184aea929c7212bd73c9481cdc7b) is already imported
2026-10-07 16:26:18.646+00:00 | BftProcessorExecutor-QBFT-0 | INFO  | QbftBesuControllerBuilder | Imported #105 / 18 tx / 221 pending / 4,355,460 (0.0%) gas / (0xbc9b369ba170e4bfbc9ca1089416074a5cdf184aea929c7212bd73c9481cdc7b)
2026-10-07 16:26:20.728+00:00 | EthScheduler-Workers-0 | INFO  | PersistBlockTask | Block 106 (0xbff4f6f57e04f881599576e13201df631f01bfd6c3b9e83ba0a019ef21708cdc) is already imported
2026-10-07 16:26:20.729+00:00 | BftProcessorExecutor-QBFT-0 | INFO  | QbftBesuControllerBuilder | Imported #106 / 17 tx / 204 pending / 4,113,490 (0.0%) gas / (0xbff4f6f57e04f881599576e13201df631f01bfd6c3b9e83ba0a019ef21708cdc)
2026-10-07 16:26:22.655+00:00 | BftProcessorExecutor-QBFT-0 | INFO  | QbftBesuControllerBuilder | Imported #107 / 17 tx / 187 pending / 4,113,490 (0.0%) gas / (0xfe6d1cdf2cf38e2b89b29144bbc3135dd722b214011979ece80b46a528ed1052)
2026-10-07 16:26:24.727+00:00 | EthScheduler-Workers-0 | INFO  | PersistBlockTask | Block 108 (0x13ef852001c93ac09992f07ba6562ca103431751b62b8311c7f7f9fa01a9ccc4) is already imported
2026-10-07 16:26:24.727+00:00 | BftProcessorExecutor-QBFT-0 | INFO  | QbftBesuControllerBuilder | Imported #108 / 17 tx / 170 pending / 4,113,490 (0.0%) gas / (0x13ef852001c93ac09992f07ba6562ca103431751b62b8311c7f7f9fa01a9ccc4)
2026-10-07 16:26:26.731+00:00 | EthScheduler-Workers-0 | INFO  | PersistBlockTask | Block 109 (0xff87d24ee42f74f2d30c225d66ff21b7f35bda58d35e81bcb317c77bc175e825) is already imported
2026-10-07 16:26:26.732+00:00 | BftProcessorExecutor-QBFT-0 | INFO  | QbftBesuControllerBuilder | Imported #109 / 17 tx / 153 pending / 4,113,490 (0.0%) gas / (0xff87d24ee42f74f2d30c225d66ff21b7f35bda58d35e81bcb317c77bc175e825)
2026-10-07 16:26:28.630+00:00 | BftProcessorExecutor-QBFT-0 | INFO  | QbftBesuControllerBuilder | Imported #110 / 17 tx / 136 pending / 4,113,490 (0.0%) gas / (0x1e56b253d160178ae4dc4ad463e8883d76855d62151006cd99f131a46c475cdf)
2026-10-07 16:26:28.630+00:00 | EthScheduler-Workers-0 | INFO  | PersistBlockTask | Block 110 (0x1e56b253d160178ae4dc4ad463e8883d76855d62151006cd99f131a46c475cdf) is already imported
2026-10-07 16:26:30.653+00:00 | BftProcessorExecutor-QBFT-0 | INFO  | QbftBesuControllerBuilder | Imported #111 / 17 tx / 119 pending / 4,113,490 (0.0%) gas / (0x5388458ccd7e439bdc4cc05d6b1582696caf3ef9277e1ec4558610a7a4b0ae9c)
2026-10-07 16:26:30.653+00:00 | EthScheduler-Workers-0 | INFO  | PersistBlockTask | Block 111 (0x5388458ccd7e439bdc4cc05d6b1582696caf3ef9277e1ec4558610a7a4b0ae9c) is already imported
2026-10-07 16:26:32.691+00:00 | BftProcessorExecutor-QBFT-0 | INFO  | QbftBesuControllerBuilder | Imported #112 / 17 tx / 102 pending / 4,113,490 (0.0%) gas / (0x6c6c0d593ce37aed9b6d3efa80db7888e104405955fb7e5cf4948feb421c2dac)
2026-10-07 16:26:32.691+00:00 | EthScheduler-Workers-0 | INFO  | PersistBlockTask | Block 112 (0x6c6c0d593ce37aed9b6d3efa80db7888e104405955fb7e5cf4948feb421c2dac) is already imported
2026-10-07 16:26:34.662+00:00 | BftProcessorExecutor-QBFT-0 | INFO  | QbftBesuControllerBuilder | Imported #113 / 17 tx / 85 pending / 4,113,490 (0.0%) gas / (0xd43a350f0775facdec0929ce03c29ea618a4b0e3ade6c4b758336c6fd395d56b)
2026-10-07 16:26:36.701+00:00 | BftProcessorExecutor-QBFT-0 | INFO  | QbftBesuControllerBuilder | Imported #114 / 17 tx / 68 pending / 4,113,490 (0.0%) gas / (0xb48358dea76f6d192022ae877e5f1b30fd6aae64a92243f166c0a6994af7f4ab)
2026-10-07 16:26:38.585+00:00 | BftProcessorExecutor-QBFT-0 | INFO  | QbftBesuControllerBuilder | Imported #115 / 17 tx / 51 pending / 4,113,490 (0.0%) gas / (0xe4c06b8281ea162c40eff8aaccd9ea4b395b5bf3882e570127b055532f714864)
2026-10-07 16:26:40.726+00:00 | EthScheduler-Workers-0 | INFO  | PersistBlockTask | Block 116 (0xcfc40b4aa4ebba21230145cd359018422fee09278124d173c2feb3f51884a1c2) is already imported
2026-10-07 16:26:40.726+00:00 | BftProcessorExecutor-QBFT-0 | INFO  | QbftBesuControllerBuilder | Imported #116 / 17 tx / 34 pending / 4,113,490 (0.0%) gas / (0xcfc40b4aa4ebba21230145cd359018422fee09278124d173c2feb3f51884a1c2)
2026-10-07 16:26:42.667+00:00 | BftProcessorExecutor-QBFT-0 | INFO  | QbftBesuControllerBuilder | Imported #117 / 17 tx / 17 pending / 4,113,490 (0.0%) gas / (0x9f29604bb12b122194c3a751483b5932048e8797209d9a9e4e7b872803664aa1)
2026-10-07 16:26:44.720+00:00 | BftProcessorExecutor-QBFT-0 | INFO  | QbftBesuControllerBuilder | Produced #118 / 17 tx / 0 pending / 4,113,490 (0.0%) gas / (0x6859ea860c684f35f4feae4861c815e9f764aeeeacea5ad909a3834abb9b3cfc)
2026-10-07 16:26:44.720+00:00 | EthScheduler-Workers-0 | INFO  | PersistBlockTask | Block 118 (0x6859ea860c684f35f4feae4861c815e9f764aeeeacea5ad909a3834abb9b3cfc) is already imported
2026-10-07 16:26:46.352+00:00 | BftProcessorExecutor-QBFT-0 | INFO  | QbftBesuControllerBuilder | Imported #119 / 0 tx / 0 pending / 0 (0.0%) gas / (0x97df0a67edf80896bffbd8042e2f50a65f845fca8c5d2e94454aceeabe0c3f7a)
2026-10-07 16:26:46.353+00:00 | EthScheduler-Workers-0 | INFO  | PersistBlockTask | Block 119 (0x97df0a67edf80896bffbd8042e2f50a65f845fca8c5d2e94454aceeabe0c3f7a) is already imported
2026-10-07 16:26:48.291+00:00 | BftProcessorExecutor-QBFT-0 | INFO  | QbftBesuControllerBuilder | Imported #120 / 0 tx / 0 pending / 0 (0.0%) gas / (0x76e517d629949c281cdb3b74b7cb9633d1828a192bfa48312747a5faadb90a3a)
2026-10-07 16:26:50.304+00:00 | BftProcessorExecutor-QBFT-0 | INFO  | QbftBesuControllerBuilder | Imported #121 / 3 tx / 29 pending / 460,898 (0.0%) gas / (0x154e02f591938c5d9296367478ef8191616961568646c3c7af0bac6db76258a5)
2026-10-07 16:26:50.305+00:00 | EthScheduler-Workers-0 | INFO  | PersistBlockTask | Block 121 (0x154e02f591938c5d9296367478ef8191616961568646c3c7af0bac6db76258a5) is already imported
2026-10-07 16:26:52.336+00:00 | BftProcessorExecutor-QBFT-0 | INFO  | QbftBesuControllerBuilder | Imported #122 / 2 tx / 27 pending / 307,268 (0.0%) gas / (0xdc0a7100fc8034e0ed975d9010dbcc3089aa3e1667f68df59f2e321c8a6a1a4f)
2026-10-07 16:26:54.312+00:00 | EthScheduler-Workers-0 | INFO  | PersistBlockTask | Block 123 (0x0e2aa2353b8cd045861306088668a91c3118a08d65b8b8d7557cbaab25e53ebd) is already imported
2026-10-07 16:26:54.313+00:00 | BftProcessorExecutor-QBFT-0 | INFO  | QbftBesuControllerBuilder | Imported #123 / 2 tx / 25 pending / 307,260 (0.0%) gas / (0x0e2aa2353b8cd045861306088668a91c3118a08d65b8b8d7557cbaab25e53ebd)
2026-10-07 16:26:56.362+00:00 | BftProcessorExecutor-QBFT-0 | INFO  | QbftBesuControllerBuilder | Imported #124 / 2 tx / 23 pending / 307,248 (0.0%) gas / (0x1caa9b873775aae6b2ccfa2cc12e4d6d6abc4532650a8bd55b153bd08c443978)
2026-10-07 16:26:56.364+00:00 | EthScheduler-Workers-0 | INFO  | PersistBlockTask | Block 124 (0x1caa9b873775aae6b2ccfa2cc12e4d6d6abc4532650a8bd55b153bd08c443978) is already imported
2026-10-07 16:26:58.324+00:00 | BftProcessorExecutor-QBFT-0 | INFO  | QbftBesuControllerBuilder | Imported #125 / 2 tx / 21 pending / 307,248 (0.0%) gas / (0xca263cae02e972c25b10e201632e481e56ef5e0d35cac765361dd5f0954f7979)
2026-10-07 16:27:00.349+00:00 | EthScheduler-Workers-0 | INFO  | PersistBlockTask | Block 126 (0x6c7a6bc0e387fa5760a108f0c45be3bb2b1982c0dbf189b353ea6ae086c68c6e) is already imported
2026-10-07 16:27:00.349+00:00 | BftProcessorExecutor-QBFT-0 | INFO  | QbftBesuControllerBuilder | Imported #126 / 2 tx / 19 pending / 307,256 (0.0%) gas / (0x6c7a6bc0e387fa5760a108f0c45be3bb2b1982c0dbf189b353ea6ae086c68c6e)
2026-10-07 16:27:02.352+00:00 | EthScheduler-Workers-0 | INFO  | PersistBlockTask | Block 127 (0x2e58ac28a21d25cb9bd047953c794deae23bae41a14257a71ecd1a90e0e9d5af) is already imported
2026-10-07 16:27:02.352+00:00 | BftProcessorExecutor-QBFT-0 | INFO  | QbftBesuControllerBuilder | Imported #127 / 2 tx / 17 pending / 307,288 (0.0%) gas / (0x2e58ac28a21d25cb9bd047953c794deae23bae41a14257a71ecd1a90e0e9d5af)
2026-10-07 16:27:04.292+00:00 | BftProcessorExecutor-QBFT-0 | INFO  | QbftBesuControllerBuilder | Imported #128 / 2 tx / 15 pending / 307,288 (0.0%) gas / (0x825294aca0ea3fe830674ffac556168520e558b2474ffbbfa10b60d0618297b3)
2026-10-07 16:27:06.353+00:00 | EthScheduler-Workers-0 | INFO  | PersistBlockTask | Block 129 (0xe96646dc073418018ddb4adfdd179e23cdcabaa86c89177b511ec40b10639d49) is already imported
2026-10-07 16:27:06.354+00:00 | BftProcessorExecutor-QBFT-0 | INFO  | QbftBesuControllerBuilder | Imported #129 / 2 tx / 13 pending / 307,260 (0.0%) gas / (0xe96646dc073418018ddb4adfdd179e23cdcabaa86c89177b511ec40b10639d49)
2026-10-07 16:27:08.320+00:00 | EthScheduler-Workers-0 | INFO  | PersistBlockTask | Block 130 (0xf247e469419870e106b3c670200a2d4b537421af74a60fbd27bd008d6d32cd75) is already imported
2026-10-07 16:27:08.320+00:00 | BftProcessorExecutor-QBFT-0 | INFO  | QbftBesuControllerBuilder | Imported #130 / 2 tx / 11 pending / 307,236 (0.0%) gas / (0xf247e469419870e106b3c670200a2d4b537421af74a60fbd27bd008d6d32cd75)
2026-10-07 16:27:10.341+00:00 | EthScheduler-Workers-0 | INFO  | PersistBlockTask | Block 131 (0xfb0788a1825c132340251f75c5b40b27be74bfc4e1cc2b7ea70935b50202e87e) is already imported
2026-10-07 16:27:10.341+00:00 | BftProcessorExecutor-QBFT-0 | INFO  | QbftBesuControllerBuilder | Imported #131 / 2 tx / 9 pending / 307,300 (0.0%) gas / (0xfb0788a1825c132340251f75c5b40b27be74bfc4e1cc2b7ea70935b50202e87e)
2026-10-07 16:27:12.339+00:00 | BftProcessorExecutor-QBFT-0 | INFO  | QbftBesuControllerBuilder | Imported #132 / 2 tx / 7 pending / 307,280 (0.0%) gas / (0x8f3568f7bd1a124616d71da73cc9eed55a5c097f47c80f9bf5e4208e5009c325)
2026-10-07 16:27:12.339+00:00 | EthScheduler-Workers-0 | INFO  | PersistBlockTask | Block 132 (0x8f3568f7bd1a124616d71da73cc9eed55a5c097f47c80f9bf5e4208e5009c325) is already imported
2026-10-07 16:27:14.268+00:00 | BftProcessorExecutor-QBFT-0 | INFO  | QbftBesuControllerBuilder | Produced #133 / 2 tx / 5 pending / 307,280 (0.0%) gas / (0xf0d2895c6aeef4c17475e89c1c9f02a092f0f831d857875ce58230ee3bde381a)
2026-10-07 16:27:16.369+00:00 | BftProcessorExecutor-QBFT-0 | INFO  | QbftBesuControllerBuilder | Imported #134 / 2 tx / 3 pending / 307,280 (0.0%) gas / (0x38e14db15bbf5dc4b8c67c6d1a7dbd5c5b282c4c009fc33df26b6971b63aca49)
2026-10-07 16:27:16.369+00:00 | EthScheduler-Workers-0 | INFO  | PersistBlockTask | Block 134 (0x38e14db15bbf5dc4b8c67c6d1a7dbd5c5b282c4c009fc33df26b6971b63aca49) is already imported
2026-10-07 16:27:18.343+00:00 | EthScheduler-Workers-0 | INFO  | PersistBlockTask | Block 135 (0xf19ebbfae33365480f255e1d5c9bbd8dfa588f243c4e9851f297835103b1ccb7) is already imported
2026-10-07 16:27:18.343+00:00 | BftProcessorExecutor-QBFT-0 | INFO  | QbftBesuControllerBuilder | Imported #135 / 3 tx / 0 pending / 460,906 (0.0%) gas / (0xf19ebbfae33365480f255e1d5c9bbd8dfa588f243c4e9851f297835103b1ccb7)
2026-10-07 16:27:20.329+00:00 | EthScheduler-Workers-0 | INFO  | PersistBlockTask | Block 136 (0xab7c35e348391c2c4d96fcc4af593e11e7e1fc2882cc1494eeef756fe22eb38e) is already imported
2026-10-07 16:27:20.329+00:00 | BftProcessorExecutor-QBFT-0 | INFO  | QbftBesuControllerBuilder | Imported #136 / 0 tx / 0 pending / 0 (0.0%) gas / (0xab7c35e348391c2c4d96fcc4af593e11e7e1fc2882cc1494eeef756fe22eb38e)
2026-10-07 16:27:22.631+00:00 | EthScheduler-Workers-0 | INFO  | PersistBlockTask | Block 137 (0x2f9a4703cac18f5c09eee6d5649a388c8804d8b1e7f0898ba365741019e0e78f) is already imported
2026-10-07 16:27:22.631+00:00 | BftProcessorExecutor-QBFT-0 | INFO  | QbftBesuControllerBuilder | Imported #137 / 17 tx / 239 pending / 4,113,490 (0.0%) gas / (0x2f9a4703cac18f5c09eee6d5649a388c8804d8b1e7f0898ba365741019e0e78f)
2026-10-07 16:27:24.675+00:00 | EthScheduler-Workers-0 | INFO  | PersistBlockTask | Block 138 (0x31d9106cf00d2da70f446b472d26051f259c96d49bb378e145d7c760b2b8bcbf) is already imported
2026-10-07 16:27:24.675+00:00 | BftProcessorExecutor-QBFT-0 | INFO  | QbftBesuControllerBuilder | Imported #138 / 17 tx / 222 pending / 4,113,490 (0.0%) gas / (0x31d9106cf00d2da70f446b472d26051f259c96d49bb378e145d7c760b2b8bcbf)
2026-10-07 16:27:26.619+00:00 | EthScheduler-Workers-0 | INFO  | PersistBlockTask | Block 139 (0x2a69e2ba5428034f50519f16b90fbfcbf06259cea831f8d7d336be605dcd92a5) is already imported
2026-10-07 16:27:26.619+00:00 | BftProcessorExecutor-QBFT-0 | INFO  | QbftBesuControllerBuilder | Imported #139 / 17 tx / 205 pending / 4,113,490 (0.0%) gas / (0x2a69e2ba5428034f50519f16b90fbfcbf06259cea831f8d7d336be605dcd92a5)
2026-10-07 16:27:28.588+00:00 | BftProcessorExecutor-QBFT-0 | INFO  | QbftBesuControllerBuilder | Imported #140 / 17 tx / 188 pending / 4,113,490 (0.0%) gas / (0x7c263cac9d22b1ca19a6c917748cdc8fb436c40e03eb498e2ece7db3ce8895e6)
2026-10-07 16:27:30.576+00:00 | BftProcessorExecutor-QBFT-0 | INFO  | QbftBesuControllerBuilder | Imported #141 / 17 tx / 171 pending / 4,113,490 (0.0%) gas / (0xf62ab5173259c23d2756f19d2de2a206a38059a82557f97bdf92dd4d5ad4943e)
2026-10-07 16:27:32.601+00:00 | BftProcessorExecutor-QBFT-0 | INFO  | QbftBesuControllerBuilder | Imported #142 / 17 tx / 154 pending / 4,113,490 (0.0%) gas / (0x83f09a1e951abbe21f40560f5a9bbbb62ca10301b4667ac7794bab20dd73e020)
2026-10-07 16:27:34.696+00:00 | EthScheduler-Workers-0 | INFO  | PersistBlockTask | Block 143 (0x4aee532b0798ed710cff640edc39bec66e4ca8c54f2420b527dbe97a07b5db6f) is already imported
2026-10-07 16:27:34.697+00:00 | BftProcessorExecutor-QBFT-0 | INFO  | QbftBesuControllerBuilder | Imported #143 / 17 tx / 137 pending / 4,113,490 (0.0%) gas / (0x4aee532b0798ed710cff640edc39bec66e4ca8c54f2420b527dbe97a07b5db6f)
2026-10-07 16:27:36.648+00:00 | EthScheduler-Workers-0 | INFO  | PersistBlockTask | Block 144 (0xc4aeb88418665a0d1f402c00d44f401a1f6413e76f9e8ea6dcb9a1597f1d366c) is already imported
2026-10-07 16:27:36.648+00:00 | BftProcessorExecutor-QBFT-0 | INFO  | QbftBesuControllerBuilder | Imported #144 / 17 tx / 120 pending / 4,113,490 (0.0%) gas / (0xc4aeb88418665a0d1f402c00d44f401a1f6413e76f9e8ea6dcb9a1597f1d366c)
2026-10-07 16:27:38.648+00:00 | BftProcessorExecutor-QBFT-0 | INFO  | QbftBesuControllerBuilder | Imported #145 / 17 tx / 103 pending / 4,113,490 (0.0%) gas / (0xfec111cc6c0be3f2067010bc2362e641ca28f128fd6c739ba72c251884fecc78)
2026-10-07 16:27:40.681+00:00 | BftProcessorExecutor-QBFT-0 | INFO  | QbftBesuControllerBuilder | Imported #146 / 17 tx / 86 pending / 4,113,490 (0.0%) gas / (0x90cef8abcae2c054d104d9b04944699b476220c73aef3bf30614812e5ca40ca8)
2026-10-07 16:27:42.630+00:00 | BftProcessorExecutor-QBFT-0 | INFO  | QbftBesuControllerBuilder | Imported #147 / 17 tx / 69 pending / 4,113,490 (0.0%) gas / (0x6be4ecac97f32a93325575959445ce90a9c9093a0948b7a6f536f2edf16b640d)
2026-10-07 16:27:44.677+00:00 | BftProcessorExecutor-QBFT-0 | INFO  | QbftBesuControllerBuilder | Produced #148 / 17 tx / 52 pending / 4,113,490 (0.0%) gas / (0x69d0633715c3f4ec2fa70bb311b0c11b256eeada0cd3e4c40ba30072705f3255)
2026-10-07 16:27:44.677+00:00 | EthScheduler-Workers-0 | INFO  | PersistBlockTask | Block 148 (0x69d0633715c3f4ec2fa70bb311b0c11b256eeada0cd3e4c40ba30072705f3255) is already imported
2026-10-07 16:27:46.697+00:00 | EthScheduler-Workers-0 | INFO  | PersistBlockTask | Block 149 (0xbb0d40d8ef1e048cc32c2a9ba0ea48ce321d3e75cd55980956f32a0a8edc3b51) is already imported
2026-10-07 16:27:46.698+00:00 | BftProcessorExecutor-QBFT-0 | INFO  | QbftBesuControllerBuilder | Imported #149 / 17 tx / 35 pending / 4,113,490 (0.0%) gas / (0xbb0d40d8ef1e048cc32c2a9ba0ea48ce321d3e75cd55980956f32a0a8edc3b51)
2026-10-07 16:27:48.694+00:00 | EthScheduler-Workers-0 | INFO  | PersistBlockTask | Block 150 (0x30471df11a7d2c82cae468cd37d093d388e92a57c114e9ae7c40d877e24b9d32) is already imported
2026-10-07 16:27:48.694+00:00 | BftProcessorExecutor-QBFT-0 | INFO  | QbftBesuControllerBuilder | Imported #150 / 18 tx / 17 pending / 4,355,460 (0.0%) gas / (0x30471df11a7d2c82cae468cd37d093d388e92a57c114e9ae7c40d877e24b9d32)
2026-10-07 16:27:50.670+00:00 | BftProcessorExecutor-QBFT-0 | INFO  | QbftBesuControllerBuilder | Imported #151 / 17 tx / 0 pending / 4,113,490 (0.0%) gas / (0x6d5c6da81e9ebc1810947b8a0f1a8afdfbc9cf7ad45741b1ca69d029bd6fb171)
2026-10-07 16:27:50.670+00:00 | EthScheduler-Workers-0 | INFO  | PersistBlockTask | Block 151 (0x6d5c6da81e9ebc1810947b8a0f1a8afdfbc9cf7ad45741b1ca69d029bd6fb171) is already imported
2026-10-07 16:27:52.334+00:00 | BftProcessorExecutor-QBFT-0 | INFO  | QbftBesuControllerBuilder | Imported #152 / 0 tx / 0 pending / 0 (0.0%) gas / (0x0c19c6007d346e35be408464f4be8d623deb32f20ab0e30a6fa9dd351dbe48a6)
2026-10-07 16:27:54.271+00:00 | BftProcessorExecutor-QBFT-0 | INFO  | QbftBesuControllerBuilder | Imported #153 / 0 tx / 0 pending / 0 (0.0%) gas / (0x579cc294bc7c863253ccb55e61ff7c91ce6f37b31af6b6aae838f70ecb9ec526)
2026-10-07 16:27:56.294+00:00 | BftProcessorExecutor-QBFT-0 | INFO  | QbftBesuControllerBuilder | Imported #154 / 2 tx / 30 pending / 307,268 (0.0%) gas / (0x4445d37039fa49f173e37de5e59db40a15ecea65cdac976ef83c024746ca6a64)
2026-10-07 16:27:56.294+00:00 | EthScheduler-Workers-0 | INFO  | PersistBlockTask | Block 154 (0x4445d37039fa49f173e37de5e59db40a15ecea65cdac976ef83c024746ca6a64) is already imported
2026-10-07 16:27:58.298+00:00 | BftProcessorExecutor-QBFT-0 | INFO  | QbftBesuControllerBuilder | Imported #155 / 2 tx / 28 pending / 307,256 (0.0%) gas / (0x9cf040cb720458635af0952df81da8ef27b4cebb1ddb94e583f320804101a70e)
2026-10-07 16:28:00.365+00:00 | BftProcessorExecutor-QBFT-0 | INFO  | QbftBesuControllerBuilder | Imported #156 / 2 tx / 26 pending / 307,276 (0.0%) gas / (0xe117e601c4ae285afb819eafe665da5f37db8c468b26bc2c26f0b1ac23b8abae)
2026-10-07 16:28:00.365+00:00 | EthScheduler-Workers-0 | INFO  | PersistBlockTask | Block 156 (0xe117e601c4ae285afb819eafe665da5f37db8c468b26bc2c26f0b1ac23b8abae) is already imported
2026-10-07 16:28:02.366+00:00 | EthScheduler-Workers-0 | INFO  | PersistBlockTask | Block 157 (0x93c38f79a7d2c0e6e63afa76982f44a9b2f14c677e7856c5b45a93b6cad600bb) is already imported
2026-10-07 16:28:02.368+00:00 | BftProcessorExecutor-QBFT-0 | INFO  | QbftBesuControllerBuilder | Imported #157 / 2 tx / 24 pending / 307,256 (0.0%) gas / (0x93c38f79a7d2c0e6e63afa76982f44a9b2f14c677e7856c5b45a93b6cad600bb)
2026-10-07 16:28:04.296+00:00 | EthScheduler-Workers-0 | INFO  | PersistBlockTask | Block 158 (0xeb5dd606025a61a0948c9ce2557c61eb2c4f0219cfafa89a3a67c31de26bc2cb) is already imported
2026-10-07 16:28:04.297+00:00 | BftProcessorExecutor-QBFT-0 | INFO  | QbftBesuControllerBuilder | Imported #158 / 2 tx / 22 pending / 307,276 (0.0%) gas / (0xeb5dd606025a61a0948c9ce2557c61eb2c4f0219cfafa89a3a67c31de26bc2cb)
2026-10-07 16:28:06.385+00:00 | EthScheduler-Workers-0 | INFO  | PersistBlockTask | Block 159 (0x3592d421dfd4c0fe5fcbbf02a8b2503cacf15df5a4e4b5a16096e1cffb5e9f91) is already imported
2026-10-07 16:28:06.385+00:00 | BftProcessorExecutor-QBFT-0 | INFO  | QbftBesuControllerBuilder | Imported #159 / 2 tx / 20 pending / 307,268 (0.0%) gas / (0x3592d421dfd4c0fe5fcbbf02a8b2503cacf15df5a4e4b5a16096e1cffb5e9f91)
2026-10-07 16:28:08.313+00:00 | EthScheduler-Workers-0 | INFO  | PersistBlockTask | Imported #160 / 2 tx / 0 om / 307,248 (0.0%) gas / (0x03445e3cf385e513409dfff255cc6aa11011fa886a58311a5fb6a41b53cf07a0) in 0.004s. Peers: 14
2026-10-07 16:28:08.314+00:00 | BftProcessorExecutor-QBFT-0 | INFO  | QbftBesuControllerBuilder | Imported #160 / 2 tx / 18 pending / 307,248 (0.0%) gas / (0x03445e3cf385e513409dfff255cc6aa11011fa886a58311a5fb6a41b53cf07a0)
2026-10-07 16:28:10.355+00:00 | EthScheduler-Workers-0 | INFO  | PersistBlockTask | Block 161 (0x2c1ce6d21ba8f9d83285b06e45e734fca4f72dc101da2895681ca7e014d72648) is already imported
2026-10-07 16:28:10.355+00:00 | BftProcessorExecutor-QBFT-0 | INFO  | QbftBesuControllerBuilder | Imported #161 / 2 tx / 18 pending / 307,280 (0.0%) gas / (0x2c1ce6d21ba8f9d83285b06e45e734fca4f72dc101da2895681ca7e014d72648)
2026-10-07 16:28:12.372+00:00 | EthScheduler-Workers-0 | INFO  | PersistBlockTask | Block 162 (0x123a0335605ff24436ea9d7fb3e6824660ca80ff01540f95e3b26c446a165ff0) is already imported
2026-10-07 16:28:12.373+00:00 | BftProcessorExecutor-QBFT-0 | INFO  | QbftBesuControllerBuilder | Imported #162 / 2 tx / 14 pending / 307,256 (0.0%) gas / (0x123a0335605ff24436ea9d7fb3e6824660ca80ff01540f95e3b26c446a165ff0)
2026-10-07 16:28:14.276+00:00 | BftProcessorExecutor-QBFT-0 | INFO  | QbftBesuControllerBuilder | Produced #163 / 2 tx / 12 pending / 307,260 (0.0%) gas / (0x4b7f09ffa75bb50a2f266f15200cb52cf95d82fe8ff9f11e3a7e8814794bf06f)
2026-10-07 16:28:14.281+00:00 | EthScheduler-Workers-0 | INFO  | PersistBlockTask | Block 163 (0x4b7f09ffa75bb50a2f266f15200cb52cf95d82fe8ff9f11e3a7e8814794bf06f) is already imported
2026-10-07 16:28:16.353+00:00 | BftProcessorExecutor-QBFT-0 | INFO  | QbftBesuControllerBuilder | Imported #164 / 2 tx / 10 pending / 307,300 (0.0%) gas / (0xe32af6309986cd8e0c1c35c09a30a3c2d7e0326eb85a726eea7c8a4f30825f7b)
2026-10-07 16:28:18.324+00:00 | EthScheduler-Workers-0 | INFO  | PersistBlockTask | Block 165 (0xfdb8f67df22762163594ff17dea76cf4aa88ee44b4c882c28d10bbb710eeac9b) is already imported
2026-10-07 16:28:18.324+00:00 | BftProcessorExecutor-QBFT-0 | INFO  | QbftBesuControllerBuilder | Imported #165 / 3 tx / 7 pending / 460,870 (0.0%) gas / (0xfdb8f67df22762163594ff17dea76cf4aa88ee44b4c882c28d10bbb710eeac9b)
2026-10-07 16:28:20.312+00:00 | BftProcessorExecutor-QBFT-0 | INFO  | QbftBesuControllerBuilder | Imported #166 / 3 tx / 4 pending / 460,874 (0.0%) gas / (0x0efa966b0dc31bdebc26a712d2aa80e77883edb2dfc00e429b3298b1ce83d48d)
2026-10-07 16:28:22.362+00:00 | EthScheduler-Workers-0 | INFO  | PersistBlockTask | Block 167 (0x124bf63719f0fb668efabab7a99a2626c0d81e96e2b817eb0071a642be55ea2c) is already imported
2026-10-07 16:28:22.362+00:00 | BftProcessorExecutor-QBFT-0 | INFO  | QbftBesuControllerBuilder | Imported #167 / 2 tx / 2 pending / 307,280 (0.0%) gas / (0x124bf63719f0fb668efabab7a99a2626c0d81e96e2b817eb0071a642be55ea2c)
2026-10-07 16:28:24.316+00:00 | BftProcessorExecutor-QBFT-0 | INFO  | QbftBesuControllerBuilder | Imported #168 / 2 tx / 0 pending / 307,280 (0.0%) gas / (0x5478f3e217728017f8c23f66e772adfb188516e355360ff671da90ce075a2d6d)
2026-10-07 16:28:26.359+00:00 | EthScheduler-Workers-0 | INFO  | PersistBlockTask | Block 169 (0x731bcec4291db3bb59aa29e4812aa1300ff2ba82a96164e972130ed80f282743) is already imported
2026-10-07 16:28:26.360+00:00 | BftProcessorExecutor-QBFT-0 | INFO  | QbftBesuControllerBuilder | Imported #169 / 0 tx / 0 pending / 0 (0.0%) gas / (0x731bcec4291db3bb59aa29e4812aa1300ff2ba82a96164e972130ed80f282743)
2026-10-07 16:28:28.580+00:00 | BftProcessorExecutor-QBFT-0 | INFO  | QbftBesuControllerBuilder | Imported #170 / 17 tx / 239 pending / 4,113,490 (0.0%) gas / (0x2bee7930b5c991dbe3570db62a0852db734616eeb44eac048a2db3d618ad7e71)
2026-10-07 16:28:30.627+00:00 | BftProcessorExecutor-QBFT-0 | INFO  | QbftBesuControllerBuilder | Imported #171 / 17 tx / 222 pending / 4,113,490 (0.0%) gas / (0x8bbd77a030d505bdedb27945609af4333186cc78743abd0838c7d40da8fc2db0)
2026-10-07 16:28:30.627+00:00 | EthScheduler-Workers-0 | INFO  | PersistBlockTask | Block 171 (0x8bbd77a030d505bdedb27945609af4333186cc78743abd0838c7d40da8fc2db0) is already imported
2026-10-07 16:28:32.629+00:00 | EthScheduler-Workers-0 | INFO  | PersistBlockTask | Block 172 (0x6301ca259b71496308982e8e63fec23fe1395ebda62c9d4ac8eac0ff866e3916) is already imported
2026-10-07 16:28:32.629+00:00 | BftProcessorExecutor-QBFT-0 | INFO  | QbftBesuControllerBuilder | Imported #172 / 17 tx / 205 pending / 4,113,490 (0.0%) gas / (0x6301ca259b71496308982e8e63fec23fe1395ebda62c9d4ac8eac0ff866e3916)
2026-10-07 16:28:34.701+00:00 | EthScheduler-Workers-0 | INFO  | PersistBlockTask | Block 173 (0xa01bfa1d443825d4c9216412fb920346d9a831735d7549a7ef011df9f562c9f7) is already imported
2026-10-07 16:28:34.701+00:00 | BftProcessorExecutor-QBFT-0 | INFO  | QbftBesuControllerBuilder | Imported #173 / 17 tx / 188 pending / 4,113,490 (0.0%) gas / (0xa01bfa1d443825d4c9216412fb920346d9a831735d7549a7ef011df9f562c9f7)
2026-10-07 16:28:36.616+00:00 | BftProcessorExecutor-QBFT-0 | INFO  | QbftBesuControllerBuilder | Imported #174 / 17 tx / 171 pending / 4,113,490 (0.0%) gas / (0x22f7a877a18b7d99fd62d6629405f66a1075d882cfdb3c6477f3e4387383a340)
2026-10-07 16:28:36.616+00:00 | EthScheduler-Workers-0 | INFO  | PersistBlockTask | Block 174 (0x22f7a877a18b7d99fd62d6629405f66a1075d882cfdb3c6477f3e4387383a340) is already imported
2026-10-07 16:28:38.635+00:00 | BftProcessorExecutor-QBFT-0 | INFO  | QbftBesuControllerBuilder | Imported #175 / 17 tx / 154 pending / 4,113,490 (0.0%) gas / (0x88e16d53c29d47178184249ea80bfc449df8c449787c27904194867c6ab8ceb1)
2026-10-07 16:28:40.627+00:00 | BftProcessorExecutor-QBFT-0 | INFO  | QbftBesuControllerBuilder | Imported #176 / 17 tx / 137 pending / 4,113,490 (0.0%) gas / (0x053e40f0ee89e6789e33af6f0575b2660d34bfe4475ceca5d9db3fac74a70182)
2026-10-07 16:28:42.664+00:00 | EthScheduler-Workers-0 | INFO  | PersistBlockTask | Block 177 (0x2229e4ff164dc611ee6ac05daf018fe0465b95f91e679c4fdd811bc5f94546ad) is already imported
2026-10-07 16:28:42.667+00:00 | BftProcessorExecutor-QBFT-0 | INFO  | QbftBesuControllerBuilder | Imported #177 / 17 tx / 120 pending / 4,113,490 (0.0%) gas / (0x2229e4ff164dc611ee6ac05daf018fe0465b95f91e679c4fdd811bc5f94546ad)
2026-10-07 16:28:44.676+00:00 | BftProcessorExecutor-QBFT-0 | INFO  | QbftBesuControllerBuilder | Produced #178 / 17 tx / 103 pending / 4,113,490 (0.0%) gas / (0x1415ee76a77c4846fef340c8903b2a56eb0ff3b77715b952578ab2f68bb2d8f6)
2026-10-07 16:28:46.644+00:00 | BftProcessorExecutor-QBFT-0 | INFO  | QbftBesuControllerBuilder | Imported #179 / 17 tx / 103 pending / 4,113,490 (0.0%) gas / (0x84afffe8b831721ccc086143a10bc1a4b043e37bc2debb7ab004f07d28ee9681)
2026-10-07 16:28:46.644+00:00 | EthScheduler-Workers-0 | INFO  | PersistBlockTask | Block 179 (0x84afffe8b831721ccc086143a10bc1a4b043e37bc2debb7ab004f07d28ee9681) is already imported
2026-10-07 16:28:48.634+00:00 | BftProcessorExecutor-QBFT-0 | INFO  | QbftBesuControllerBuilder | Imported #180 / 18 tx / 68 pending / 4,355,460 (0.0%) gas / (0x392d8102a3390336551614f8dc5208fb11fb9df9a15d8138bf7dd654f2fd98c3)
2026-10-07 16:28:50.613+00:00 | BftProcessorExecutor-QBFT-0 | INFO  | QbftBesuControllerBuilder | Imported #181 / 17 tx / 51 pending / 4,113,490 (0.0%) gas / (0xe95549b717b5b240ffd2792d9dcdc66c9dba6239ce75c943764174e682eabaf5)
2026-10-07 16:28:50.613+00:00 | EthScheduler-Workers-0 | INFO  | PersistBlockTask | Block 181 (0xe95549b717b5b240ffd2792d9dcdc66c9dba6239ce75c943764174e682eabaf5) is already imported
2026-10-07 16:28:52.690+00:00 | EthScheduler-Workers-0 | INFO  | PersistBlockTask | Block 182 (0xb456190e00926728c4a16a22657867e4587276c08f9fc8eda6d36f5c6b6aee9f) is already imported
2026-10-07 16:28:52.690+00:00 | BftProcessorExecutor-QBFT-0 | INFO  | QbftBesuControllerBuilder | Imported #182 / 17 tx / 34 pending / 4,113,490 (0.0%) gas / (0xb456190e00926728c4a16a22657867e4587276c08f9fc8eda6d36f5c6b6aee9f)
2026-10-07 16:28:54.747+00:00 | BftProcessorExecutor-QBFT-0 | INFO  | QbftBesuControllerBuilder | Imported #183 / 17 tx / 17 pending / 4,113,490 (0.0%) gas / (0x5ad234efd99eaae85545b304b69d9cfd5498268444e6def868018528ca2afc07)
2026-10-07 16:28:54.747+00:00 | EthScheduler-Workers-0 | INFO  | PersistBlockTask | Block 183 (0x5ad234efd99eaae85545b304b69d9cfd5498268444e6def868018528ca2afc07) is already imported
2026-10-07 16:28:56.648+00:00 | BftProcessorExecutor-QBFT-0 | INFO  | QbftBesuControllerBuilder | Imported #184 / 17 tx / 0 pending / 4,113,490 (0.0%) gas / (0xbd72ed35b32e754583af722d60e04c14f8ee1bd1973664d0aa421e55a6a637a6)
2026-10-07 16:28:58.286+00:00 | BftProcessorExecutor-QBFT-0 | INFO  | QbftBesuControllerBuilder | Imported #185 / 0 tx / 0 pending / 0 (0.0%) gas / (0x216628cb469b3b36d3254c8cb0092f9293700d23f69623d0d3a1084d8911f448)
2026-10-07 16:29:00.313+00:00 | EthScheduler-Workers-0 | INFO  | PersistBlockTask | Block 186 (0xcaf8dad4aff44f7089476413daa9fafdf48ba20a18ad386496700640873f7f5f) is already imported
2026-10-07 16:29:00.313+00:00 | BftProcessorExecutor-QBFT-0 | INFO  | QbftBesuControllerBuilder | Imported #186 / 0 tx / 0 pending / 0 (0.0%) gas / (0xcaf8dad4aff44f7089476413daa9fafdf48ba20a18ad386496700640873f7f5f)
2026-10-07 16:29:02.357+00:00 | EthScheduler-Workers-0 | INFO  | PersistBlockTask | Block 187 (0x74031810f54850650b6039b58a6f21b0f560250c2fd6af384c89f3cbfebdebcb) is already imported
2026-10-07 16:29:02.358+00:00 | BftProcessorExecutor-QBFT-0 | INFO  | QbftBesuControllerBuilder | Imported #187 / 2 tx / 30 pending / 307,224 (0.0%) gas / (0x74031810f54850650b6039b58a6f21b0f560250c2fd6af384c89f3cbfebdebcb)
2026-10-07 16:29:04.289+00:00 | BftProcessorExecutor-QBFT-0 | INFO  | QbftBesuControllerBuilder | Imported #188 / 2 tx / 28 pending / 307,280 (0.0%) gas / (0x23849589cedc4cbab8a9a06b5103578a61ccf22634ddd2ccc76084c3e0495cf6)
2026-10-07 16:29:04.290+00:00 | EthScheduler-Workers-0 | INFO  | PersistBlockTask | Block 188 (0x23849589cedc4cbab8a9a06b5103578a61ccf22634ddd2ccc76084c3e0495cf6) is already imported
2026-10-07 16:29:06.354+00:00 | BftProcessorExecutor-QBFT-0 | INFO  | QbftBesuControllerBuilder | Imported #189 / 2 tx / 26 pending / 307,288 (0.0%) gas / (0xe6a86dc1ee5f80a2ea2181d036d404a84d8029f5e2a07264d97e306d7ec52b5d)
2026-10-07 16:29:08.318+00:00 | BftProcessorExecutor-QBFT-0 | INFO  | QbftBesuControllerBuilder | Imported #190 / 2 tx / 24 pending / 307,268 (0.0%) gas / (0x8f0be062e2007b9fb02775155ee8187f8559f57365f2fd7b61620c17cb66b908)
2026-10-07 16:29:10.354+00:00 | BftProcessorExecutor-QBFT-0 | INFO  | QbftBesuControllerBuilder | Imported #191 / 2 tx / 22 pending / 307,256 (0.0%) gas / (0x20bd38d5b1a1b76759199096097b8b8e3377a7f198736a15d4487737470d3954)
2026-10-07 16:29:10.349+00:00 | EthScheduler-Workers-0 | INFO  | PersistBlockTask | Block 191 (0x20bd38d5b1a1b76759199096097b8b8e3377a7f198736a15d4487737470d3954) is already imported
2026-10-07 16:29:12.366+00:00 | EthScheduler-Workers-0 | INFO  | PersistBlockTask | Block 192 (0x047c0cd7ae35c4c5bea9b28cf433bbbe8022fa4b70483b0922d02d183f544ef5) is already imported
2026-10-07 16:29:12.366+00:00 | BftProcessorExecutor-QBFT-0 | INFO  | QbftBesuControllerBuilder | Imported #192 / 2 tx / 20 pending / 307,268 (0.0%) gas / (0x047c0cd7ae35c4c5bea9b28cf433bbbe8022fa4b70483b0922d02d183f544ef5)
2026-10-07 16:29:14.272+00:00 | BftProcessorExecutor-QBFT-0 | INFO  | QbftBesuControllerBuilder | Produced #193 / 2 tx / 18 pending / 307,260 (0.0%) gas / (0x66dd66462f4696394805eb545ef944f8edd942ab6484fb567521d883aee34993)
2026-10-07 16:29:16.368+00:00 | EthScheduler-Workers-0 | INFO  | PersistBlockTask | Block 194 (0x6238bd60522aecd0956678b56f6fed7df76076b3e164bbea5bfcb96e1b8fedd0) is already imported
2026-10-07 16:29:16.368+00:00 | BftProcessorExecutor-QBFT-0 | INFO  | QbftBesuControllerBuilder | Imported #194 / 2 tx / 16 pending / 307,300 (0.0%) gas / (0x6238bd60522aecd0956678b56f6fed7df76076b3e164bbea5bfcb96e1b8fedd0)
2026-10-07 16:29:18.305+00:00 | BftProcessorExecutor-QBFT-0 | INFO  | QbftBesuControllerBuilder | Imported #195 / 3 tx / 13 pending / 460,926 (0.0%) gas / (0x79d0958b33b0abf7456af2195428e8fb539b3df8606e14a512221fa5c4f08e56)
2026-10-07 16:29:20.327+00:00 | BftProcessorExecutor-QBFT-0 | INFO  | QbftBesuControllerBuilder | Imported #196 / 3 tx / 10 pending / 460,866 (0.0%) gas / (0x9011b29909b752594cb35eab9ee1751dc1fcd79ca6d25d3a95bc0901cc9ac5e8)
2026-10-07 16:29:22.352+00:00 | EthScheduler-Workers-0 | INFO  | PersistBlockTask | Block 197 (0x4db7a649d39485e2166bb0c700e2c0b741c667bca938abbec7a3715590fe50b5) is already imported
2026-10-07 16:29:22.353+00:00 | BftProcessorExecutor-QBFT-0 | INFO  | QbftBesuControllerBuilder | Imported #197 / 2 tx / 8 pending / 307,256 (0.0%) gas / (0x4db7a649d39485e2166bb0c700e2c0b741c667bca938abbec7a3715590fe50b5)
2026-10-07 16:29:24.296+00:00 | BftProcessorExecutor-QBFT-0 | INFO  | QbftBesuControllerBuilder | Imported #198 / 2 tx / 6 pending / 307,268 (0.0%) gas / (0xe169563a6db2f1cb13095dd169174b6b0b2ff17f7b38bd8159883911408d1179)
2026-10-07 16:29:26.352+00:00 | BftProcessorExecutor-QBFT-0 | INFO  | QbftBesuControllerBuilder | Imported #199 / 2 tx / 4 pending / 307,268 (0.0%) gas / (0xe4bdb7fd400fad667b04500783d590086f8a7977b2c3c6a88e6cc117c4249f83)
2026-10-07 16:29:28.345+00:00 | EthScheduler-Workers-0 | INFO  | PersistBlockTask | Block 200 (0x28033f3f476f0c40d057254654cdf35ae3075c771292d99018d14f01f7950378) is already imported
2026-10-07 16:29:28.345+00:00 | BftProcessorExecutor-QBFT-0 | INFO  | QbftBesuControllerBuilder | Imported #200 / 2 tx / 2 pending / 307,268 (0.0%) gas / (0x28033f3f476f0c40d057254654cdf35ae3075c771292d99018d14f01f7950378)
2026-10-07 16:29:30.346+00:00 | EthScheduler-Workers-0 | INFO  | PersistBlockTask | Block 201 (0x273b7d2a68881f18cd90ca5e3f132d39b9b5dc876ba32aba678de106eb6e2eec) is already imported
2026-10-07 16:29:30.346+00:00 | BftProcessorExecutor-QBFT-0 | INFO  | QbftBesuControllerBuilder | Imported #201 / 2 tx / 0 pending / 307,300 (0.0%) gas / (0x273b7d2a68881f18cd90ca5e3f132d39b9b5dc876ba32aba678de106eb6e2eec)
2026-10-07 16:29:32.339+00:00 | EthScheduler-Workers-0 | INFO  | PersistBlockTask | Block 202 (0x74867921d287c7726199871a3339dd22cacb559273980afcded63fe35cbb4075) is already imported
2026-10-07 16:29:32.340+00:00 | BftProcessorExecutor-QBFT-0 | INFO  | QbftBesuControllerBuilder | Imported #202 / 0 tx / 0 pending / 0 (0.0%) gas / (0x74867921d287c7726199871a3339dd22cacb559273980afcded63fe35cbb4075)
2026-10-07 16:29:34.257+00:00 | BftProcessorExecutor-QBFT-0 | INFO  | QbftBesuControllerBuilder | Imported #203 / 0 tx / 0 pending / 0 (0.0%) gas / (0x8a8d1d4f355c514f7981af2455795f5b77b5001d772837b2c866b91d9791aa94)
2026-10-07 16:29:36.318+00:00 | BftProcessorExecutor-QBFT-0 | INFO  | QbftBesuControllerBuilder | Imported #204 / 0 tx / 0 pending / 0 (0.0%) gas / (0x09c37c487e8bf48d665cef5dc80abe924046aac5036e67e0c5d9d8afcab593e4)
2026-10-07 16:29:38.289+00:00 | BftProcessorExecutor-QBFT-0 | INFO  | QbftBesuControllerBuilder | Imported #205 / 0 tx / 0 pending / 0 (0.0%) gas / (0x94d51085455830b0a5e732fc01eee9e40d7a9cffa584d7768a7bf197412a0fc8)
2026-10-07 16:29:40.318+00:00 | BftProcessorExecutor-QBFT-0 | INFO  | QbftBesuControllerBuilder | Imported #206 / 0 tx / 0 pending / 0 (0.0%) gas / (0xacbb05ba489fd2879a2603191975a0787c380abd2e8a0b86661bc2848f6ba29e)
2026-10-07 16:29:42.321+00:00 | BftProcessorExecutor-QBFT-0 | INFO  | QbftBesuControllerBuilder | Imported #207 / 0 tx / 0 pending / 0 (0.0%) gas / (0x62a2356d376032010c43ba2c9c6faf0870125b41d238cdc5a28de313d64a5cda)
2026-10-07 16:29:44.250+00:00 | BftProcessorExecutor-QBFT-0 | INFO  | QbftBesuControllerBuilder | Produced #208 / 0 tx / 0 pending / 0 (0.0%) gas / (0xf8cbc625a4801b167e56e78977fc4b8c6c294cf8e2916bb184fe4e696f76cd99)
2026-10-07 16:29:46.334+00:00 | BftProcessorExecutor-QBFT-0 | INFO  | QbftBesuControllerBuilder | Imported #209 / 0 tx / 0 pending / 0 (0.0%) gas / (0xbe1775fa0cbf4328fdcf8ccb7b0dc73ec4413fe6956b9c2b87814cae27124087)
2026-10-07 16:29:46.335+00:00 | EthScheduler-Workers-0 | INFO  | PersistBlockTask | Block 209 (0xbe1775fa0cbf4328fdcf8ccb7b0dc73ec4413fe6956b9c2b87814cae27124087) is already imported
2026-10-07 16:29:48.284+00:00 | BftProcessorExecutor-QBFT-0 | INFO  | QbftBesuControllerBuilder | Imported #210 / 0 tx / 0 pending / 0 (0.0%) gas / (0xefc80a015ab2dcade80b3f039a7b0720c34f5b4914bb19a3b0469beef6f4d27d)
2026-10-07 16:29:50.314+00:00 | BftProcessorExecutor-QBFT-0 | INFO  | QbftBesuControllerBuilder | Imported #211 / 0 tx / 0 pending / 0 (0.0%) gas / (0x5deb97b50b673f6836691e44346cc2a6fb3f5a15ce5fc548657cd560743d87e4)
2026-10-07 16:29:52.322+00:00 | EthScheduler-Workers-0 | INFO  | PersistBlockTask | Block 212 (0x7d73a8f8272056d0bb019ab4dd41e2a458aa95154df250f33c8bbd6c87d4c985) is already imported
2026-10-07 16:29:52.322+00:00 | BftProcessorExecutor-QBFT-0 | INFO  | QbftBesuControllerBuilder | Imported #212 / 0 tx / 0 pending / 0 (0.0%) gas / (0x7d73a8f8272056d0bb019ab4dd41e2a458aa95154df250f33c8bbd6c87d4c985)
2026-10-07 16:29:54.252+00:00 | BftProcessorExecutor-QBFT-0 | INFO  | QbftBesuControllerBuilder | Imported #213 / 0 tx / 0 pending / 0 (0.0%) gas / (0x10a235a2b3dfc5a03bf328a7761c773274c7d5bc75b9a7a9a7d2b759d30660ff)
