
$ bash scripts/04c-run-network-apptainer.sh baseline
=== Step 0: stop the previous zkRoam Apptainer network ===
$ apptainer exec --cleanenv /tmp/zkroam-hw-22073-TarIRJ/net-heterogeneity/zkroam-besu.sif ip -o link show
$ apptainer exec --cleanenv /tmp/zkroam-hw-22073-TarIRJ/net-heterogeneity/zkroam-besu.sif ip link delete zkroam0
=== Step 1: generate genesis, validator keys, and accounts ===
==========================================
Generating QBFT test network
==========================================

Validators : 15
Client accounts : 2000
Balance/account : 1000000000000000000000 wei

[1/5] Cleaning previous network files...
[2/5] Generating QBFT validators and genesis...
2026-10-07 18:57:29.216+00:00 | main | INFO  | GenerateBlockchainConfig | Generating 15 nodes keys.
2026-10-07 18:57:29.219+00:00 | main | INFO  | GenerateBlockchainConfig | Generating keypair for node 0.
2026-10-07 18:57:29.268+00:00 | main | INFO  | GenerateBlockchainConfig | Generating keypair for node 1.
2026-10-07 18:57:29.271+00:00 | main | INFO  | GenerateBlockchainConfig | Generating keypair for node 2.
2026-10-07 18:57:29.273+00:00 | main | INFO  | GenerateBlockchainConfig | Generating keypair for node 3.
2026-10-07 18:57:29.274+00:00 | main | INFO  | GenerateBlockchainConfig | Generating keypair for node 4.
2026-10-07 18:57:29.276+00:00 | main | INFO  | GenerateBlockchainConfig | Generating keypair for node 5.
2026-10-07 18:57:29.278+00:00 | main | INFO  | GenerateBlockchainConfig | Generating keypair for node 6.
2026-10-07 18:57:29.279+00:00 | main | INFO  | GenerateBlockchainConfig | Generating keypair for node 7.
2026-10-07 18:57:29.285+00:00 | main | INFO  | GenerateBlockchainConfig | Generating keypair for node 8.
2026-10-07 18:57:29.286+00:00 | main | INFO  | GenerateBlockchainConfig | Generating keypair for node 9.
2026-10-07 18:57:29.287+00:00 | main | INFO  | GenerateBlockchainConfig | Generating keypair for node 10.
2026-10-07 18:57:29.288+00:00 | main | INFO  | GenerateBlockchainConfig | Generating keypair for node 11.
2026-10-07 18:57:29.289+00:00 | main | INFO  | GenerateBlockchainConfig | Generating keypair for node 12.
2026-10-07 18:57:29.290+00:00 | main | INFO  | GenerateBlockchainConfig | Generating keypair for node 13.
2026-10-07 18:57:29.291+00:00 | main | INFO  | GenerateBlockchainConfig | Generating keypair for node 14.
2026-10-07 18:57:29.292+00:00 | main | INFO  | GenerateBlockchainConfig | Generating QBFT extra data.
2026-10-07 18:57:29.296+00:00 | main | INFO  | GenerateBlockchainConfig | Writing genesis file.
[3/5] Generating 2000 funded client accounts...
Generating 2000 funded accounts...

Generated 2000 accounts.
Saved to: /tmp/zkroam-hw-22073-TarIRJ/net-heterogeneity/accounts/accounts.json
[4/5] Updating genesis alloc...
Existing configured alloc accounts: 2
Generated workload accounts: 2000

Final genesis alloc contains 2002 accounts.
[5/5] Verifying generated network...

==========================================
QBFT network generation complete
==========================================

Genesis:
  /tmp/zkroam-hw-22073-TarIRJ/net-heterogeneity/networkFiles/genesis.json

Validators:
  /tmp/zkroam-hw-22073-TarIRJ/net-heterogeneity/networkFiles/keys/

Client accounts:
  /tmp/zkroam-hw-22073-TarIRJ/net-heterogeneity/accounts/accounts.json

Validator count:
15

Client account count:
2000

Genesis alloc count:
2002

First 10 client accounts:
000 0x47144232a0f3026aEA555848ffe7be0CA38c28C4 balance=1000000000000000000000
001 0x8f3C987316F06a0683A1A56BB2a6f0fcC474Adb6 balance=1000000000000000000000
002 0xD641eD73E702dB6a32d564BD3c38A7b63ffE1C03 balance=1000000000000000000000
003 0x1b2BA65942213e337C7E38988F8A42ae02aa36ef balance=1000000000000000000000
004 0x9C6424771FFb2803013f7145932dA6fE621Ca60f balance=1000000000000000000000
005 0x4CFb285FC9F44e49F6C4A0a3Ca07dAb7148b5F9c balance=1000000000000000000000
006 0x4e47Be9eba6Ce7be27823001578F111e840d5945 balance=1000000000000000000000
007 0x98453565D402eEd36247F2cB973DD87C4591906A balance=1000000000000000000000
008 0x0dC9c8701BA29e8845bE158DD7dbA41D1277b8FC balance=1000000000000000000000
009 0x9212C1b95D900C5694DB365Ea88228e8a7eB97E9 balance=1000000000000000000000

==========================================
IMPORTANT
==========================================

Client private keys are stored in:
  /tmp/zkroam-hw-22073-TarIRJ/net-heterogeneity/accounts/accounts.json

Do NOT commit this file to Git.

=== Step 2: generate the baseline topology ===
Wrote baseline topology (15 core-profile nodes) to /tmp/zkroam-hw-22073-TarIRJ/net-heterogeneity/networkFiles/topology.json
=== Step 3: start 15 isolated Apptainer-backed validators ===
$ apptainer exec --cleanenv /Utilisateurs/abellach/zkRoam/net-heterogeneity/zkroam-besu.sif ip -o link show
$ apptainer exec --cleanenv /Utilisateurs/abellach/zkRoam/net-heterogeneity/zkroam-besu.sif ip link delete zkroam0
$ apptainer exec --cleanenv /Utilisateurs/abellach/zkRoam/net-heterogeneity/zkroam-besu.sif ip link add zkroam0 type bridge
$ apptainer exec --cleanenv /Utilisateurs/abellach/zkRoam/net-heterogeneity/zkroam-besu.sif ip addr add 172.28.0.1/24 dev zkroam0
$ apptainer exec --cleanenv /Utilisateurs/abellach/zkRoam/net-heterogeneity/zkroam-besu.sif ip link set zkroam0 up
$ apptainer exec --cleanenv /Utilisateurs/abellach/zkRoam/net-heterogeneity/zkroam-besu.sif ip link delete zkh00
$ apptainer exec --cleanenv /Utilisateurs/abellach/zkRoam/net-heterogeneity/zkroam-besu.sif ip link add zkh00 type veth peer name eth0
$ apptainer exec --cleanenv /Utilisateurs/abellach/zkRoam/net-heterogeneity/zkroam-besu.sif ip link set zkh00 master zkroam0
$ apptainer exec --cleanenv /Utilisateurs/abellach/zkRoam/net-heterogeneity/zkroam-besu.sif ip link set zkh00 up
$ apptainer exec --cleanenv /Utilisateurs/abellach/zkRoam/net-heterogeneity/zkroam-besu.sif ip link set eth0 netns 1781749
$ nsenter -t 1781749 -n apptainer exec --cleanenv /Utilisateurs/abellach/zkRoam/net-heterogeneity/zkroam-besu.sif ip link set lo up
$ nsenter -t 1781749 -n apptainer exec --cleanenv /Utilisateurs/abellach/zkRoam/net-heterogeneity/zkroam-besu.sif ip addr add 172.28.0.10/24 dev eth0
$ nsenter -t 1781749 -n apptainer exec --cleanenv /Utilisateurs/abellach/zkRoam/net-heterogeneity/zkroam-besu.sif ip link set eth0 up
$ nsenter -t 1781749 -n apptainer exec --cleanenv /Utilisateurs/abellach/zkRoam/net-heterogeneity/zkroam-besu.sif ip route add default via 172.28.0.1
$ apptainer exec --cleanenv /Utilisateurs/abellach/zkRoam/net-heterogeneity/zkroam-besu.sif ip link delete zkh01
$ apptainer exec --cleanenv /Utilisateurs/abellach/zkRoam/net-heterogeneity/zkroam-besu.sif ip link add zkh01 type veth peer name eth0
$ apptainer exec --cleanenv /Utilisateurs/abellach/zkRoam/net-heterogeneity/zkroam-besu.sif ip link set zkh01 master zkroam0
$ apptainer exec --cleanenv /Utilisateurs/abellach/zkRoam/net-heterogeneity/zkroam-besu.sif ip link set zkh01 up
$ apptainer exec --cleanenv /Utilisateurs/abellach/zkRoam/net-heterogeneity/zkroam-besu.sif ip link set eth0 netns 1782233
$ nsenter -t 1782233 -n apptainer exec --cleanenv /Utilisateurs/abellach/zkRoam/net-heterogeneity/zkroam-besu.sif ip link set lo up
$ nsenter -t 1782233 -n apptainer exec --cleanenv /Utilisateurs/abellach/zkRoam/net-heterogeneity/zkroam-besu.sif ip addr add 172.28.0.11/24 dev eth0
$ nsenter -t 1782233 -n apptainer exec --cleanenv /Utilisateurs/abellach/zkRoam/net-heterogeneity/zkroam-besu.sif ip link set eth0 up
$ nsenter -t 1782233 -n apptainer exec --cleanenv /Utilisateurs/abellach/zkRoam/net-heterogeneity/zkroam-besu.sif ip route add default via 172.28.0.1
$ apptainer exec --cleanenv /Utilisateurs/abellach/zkRoam/net-heterogeneity/zkroam-besu.sif ip link delete zkh02
$ apptainer exec --cleanenv /Utilisateurs/abellach/zkRoam/net-heterogeneity/zkroam-besu.sif ip link add zkh02 type veth peer name eth0
$ apptainer exec --cleanenv /Utilisateurs/abellach/zkRoam/net-heterogeneity/zkroam-besu.sif ip link set zkh02 master zkroam0
$ apptainer exec --cleanenv /Utilisateurs/abellach/zkRoam/net-heterogeneity/zkroam-besu.sif ip link set zkh02 up
$ apptainer exec --cleanenv /Utilisateurs/abellach/zkRoam/net-heterogeneity/zkroam-besu.sif ip link set eth0 netns 1782828
$ nsenter -t 1782828 -n apptainer exec --cleanenv /Utilisateurs/abellach/zkRoam/net-heterogeneity/zkroam-besu.sif ip link set lo up
$ nsenter -t 1782828 -n apptainer exec --cleanenv /Utilisateurs/abellach/zkRoam/net-heterogeneity/zkroam-besu.sif ip addr add 172.28.0.12/24 dev eth0
$ nsenter -t 1782828 -n apptainer exec --cleanenv /Utilisateurs/abellach/zkRoam/net-heterogeneity/zkroam-besu.sif ip link set eth0 up
$ nsenter -t 1782828 -n apptainer exec --cleanenv /Utilisateurs/abellach/zkRoam/net-heterogeneity/zkroam-besu.sif ip route add default via 172.28.0.1
$ apptainer exec --cleanenv /Utilisateurs/abellach/zkRoam/net-heterogeneity/zkroam-besu.sif ip link delete zkh03
$ apptainer exec --cleanenv /Utilisateurs/abellach/zkRoam/net-heterogeneity/zkroam-besu.sif ip link add zkh03 type veth peer name eth0
$ apptainer exec --cleanenv /Utilisateurs/abellach/zkRoam/net-heterogeneity/zkroam-besu.sif ip link set zkh03 master zkroam0
$ apptainer exec --cleanenv /Utilisateurs/abellach/zkRoam/net-heterogeneity/zkroam-besu.sif ip link set zkh03 up
$ apptainer exec --cleanenv /Utilisateurs/abellach/zkRoam/net-heterogeneity/zkroam-besu.sif ip link set eth0 netns 1783488
$ nsenter -t 1783488 -n apptainer exec --cleanenv /Utilisateurs/abellach/zkRoam/net-heterogeneity/zkroam-besu.sif ip link set lo up
$ nsenter -t 1783488 -n apptainer exec --cleanenv /Utilisateurs/abellach/zkRoam/net-heterogeneity/zkroam-besu.sif ip addr add 172.28.0.13/24 dev eth0
$ nsenter -t 1783488 -n apptainer exec --cleanenv /Utilisateurs/abellach/zkRoam/net-heterogeneity/zkroam-besu.sif ip link set eth0 up
$ nsenter -t 1783488 -n apptainer exec --cleanenv /Utilisateurs/abellach/zkRoam/net-heterogeneity/zkroam-besu.sif ip route add default via 172.28.0.1
$ apptainer exec --cleanenv /Utilisateurs/abellach/zkRoam/net-heterogeneity/zkroam-besu.sif ip link delete zkh04
$ apptainer exec --cleanenv /Utilisateurs/abellach/zkRoam/net-heterogeneity/zkroam-besu.sif ip link add zkh04 type veth peer name eth0
$ apptainer exec --cleanenv /Utilisateurs/abellach/zkRoam/net-heterogeneity/zkroam-besu.sif ip link set zkh04 master zkroam0
$ apptainer exec --cleanenv /Utilisateurs/abellach/zkRoam/net-heterogeneity/zkroam-besu.sif ip link set zkh04 up
$ apptainer exec --cleanenv /Utilisateurs/abellach/zkRoam/net-heterogeneity/zkroam-besu.sif ip link set eth0 netns 1784264
$ nsenter -t 1784264 -n apptainer exec --cleanenv /Utilisateurs/abellach/zkRoam/net-heterogeneity/zkroam-besu.sif ip link set lo up
$ nsenter -t 1784264 -n apptainer exec --cleanenv /Utilisateurs/abellach/zkRoam/net-heterogeneity/zkroam-besu.sif ip addr add 172.28.0.14/24 dev eth0
$ nsenter -t 1784264 -n apptainer exec --cleanenv /Utilisateurs/abellach/zkRoam/net-heterogeneity/zkroam-besu.sif ip link set eth0 up
$ nsenter -t 1784264 -n apptainer exec --cleanenv /Utilisateurs/abellach/zkRoam/net-heterogeneity/zkroam-besu.sif ip route add default via 172.28.0.1
$ apptainer exec --cleanenv /Utilisateurs/abellach/zkRoam/net-heterogeneity/zkroam-besu.sif ip link delete zkh05
$ apptainer exec --cleanenv /Utilisateurs/abellach/zkRoam/net-heterogeneity/zkroam-besu.sif ip link add zkh05 type veth peer name eth0
$ apptainer exec --cleanenv /Utilisateurs/abellach/zkRoam/net-heterogeneity/zkroam-besu.sif ip link set zkh05 master zkroam0
$ apptainer exec --cleanenv /Utilisateurs/abellach/zkRoam/net-heterogeneity/zkroam-besu.sif ip link set zkh05 up
$ apptainer exec --cleanenv /Utilisateurs/abellach/zkRoam/net-heterogeneity/zkroam-besu.sif ip link set eth0 netns 1785046
$ nsenter -t 1785046 -n apptainer exec --cleanenv /Utilisateurs/abellach/zkRoam/net-heterogeneity/zkroam-besu.sif ip link set lo up
$ nsenter -t 1785046 -n apptainer exec --cleanenv /Utilisateurs/abellach/zkRoam/net-heterogeneity/zkroam-besu.sif ip addr add 172.28.0.15/24 dev eth0
$ nsenter -t 1785046 -n apptainer exec --cleanenv /Utilisateurs/abellach/zkRoam/net-heterogeneity/zkroam-besu.sif ip link set eth0 up
$ nsenter -t 1785046 -n apptainer exec --cleanenv /Utilisateurs/abellach/zkRoam/net-heterogeneity/zkroam-besu.sif ip route add default via 172.28.0.1
$ apptainer exec --cleanenv /Utilisateurs/abellach/zkRoam/net-heterogeneity/zkroam-besu.sif ip link delete zkh06
$ apptainer exec --cleanenv /Utilisateurs/abellach/zkRoam/net-heterogeneity/zkroam-besu.sif ip link add zkh06 type veth peer name eth0
$ apptainer exec --cleanenv /Utilisateurs/abellach/zkRoam/net-heterogeneity/zkroam-besu.sif ip link set zkh06 master zkroam0
$ apptainer exec --cleanenv /Utilisateurs/abellach/zkRoam/net-heterogeneity/zkroam-besu.sif ip link set zkh06 up
$ apptainer exec --cleanenv /Utilisateurs/abellach/zkRoam/net-heterogeneity/zkroam-besu.sif ip link set eth0 netns 1785835
$ nsenter -t 1785835 -n apptainer exec --cleanenv /Utilisateurs/abellach/zkRoam/net-heterogeneity/zkroam-besu.sif ip link set lo up
$ nsenter -t 1785835 -n apptainer exec --cleanenv /Utilisateurs/abellach/zkRoam/net-heterogeneity/zkroam-besu.sif ip addr add 172.28.0.16/24 dev eth0
$ nsenter -t 1785835 -n apptainer exec --cleanenv /Utilisateurs/abellach/zkRoam/net-heterogeneity/zkroam-besu.sif ip link set eth0 up
$ nsenter -t 1785835 -n apptainer exec --cleanenv /Utilisateurs/abellach/zkRoam/net-heterogeneity/zkroam-besu.sif ip route add default via 172.28.0.1
$ apptainer exec --cleanenv /Utilisateurs/abellach/zkRoam/net-heterogeneity/zkroam-besu.sif ip link delete zkh07
$ apptainer exec --cleanenv /Utilisateurs/abellach/zkRoam/net-heterogeneity/zkroam-besu.sif ip link add zkh07 type veth peer name eth0
$ apptainer exec --cleanenv /Utilisateurs/abellach/zkRoam/net-heterogeneity/zkroam-besu.sif ip link set zkh07 master zkroam0
$ apptainer exec --cleanenv /Utilisateurs/abellach/zkRoam/net-heterogeneity/zkroam-besu.sif ip link set zkh07 up
$ apptainer exec --cleanenv /Utilisateurs/abellach/zkRoam/net-heterogeneity/zkroam-besu.sif ip link set eth0 netns 1786654
$ nsenter -t 1786654 -n apptainer exec --cleanenv /Utilisateurs/abellach/zkRoam/net-heterogeneity/zkroam-besu.sif ip link set lo up
$ nsenter -t 1786654 -n apptainer exec --cleanenv /Utilisateurs/abellach/zkRoam/net-heterogeneity/zkroam-besu.sif ip addr add 172.28.0.17/24 dev eth0
$ nsenter -t 1786654 -n apptainer exec --cleanenv /Utilisateurs/abellach/zkRoam/net-heterogeneity/zkroam-besu.sif ip link set eth0 up
$ nsenter -t 1786654 -n apptainer exec --cleanenv /Utilisateurs/abellach/zkRoam/net-heterogeneity/zkroam-besu.sif ip route add default via 172.28.0.1
$ apptainer exec --cleanenv /Utilisateurs/abellach/zkRoam/net-heterogeneity/zkroam-besu.sif ip link delete zkh08
$ apptainer exec --cleanenv /Utilisateurs/abellach/zkRoam/net-heterogeneity/zkroam-besu.sif ip link add zkh08 type veth peer name eth0
$ apptainer exec --cleanenv /Utilisateurs/abellach/zkRoam/net-heterogeneity/zkroam-besu.sif ip link set zkh08 master zkroam0
$ apptainer exec --cleanenv /Utilisateurs/abellach/zkRoam/net-heterogeneity/zkroam-besu.sif ip link set zkh08 up
$ apptainer exec --cleanenv /Utilisateurs/abellach/zkRoam/net-heterogeneity/zkroam-besu.sif ip link set eth0 netns 1787466
$ nsenter -t 1787466 -n apptainer exec --cleanenv /Utilisateurs/abellach/zkRoam/net-heterogeneity/zkroam-besu.sif ip link set lo up
$ nsenter -t 1787466 -n apptainer exec --cleanenv /Utilisateurs/abellach/zkRoam/net-heterogeneity/zkroam-besu.sif ip addr add 172.28.0.18/24 dev eth0
$ nsenter -t 1787466 -n apptainer exec --cleanenv /Utilisateurs/abellach/zkRoam/net-heterogeneity/zkroam-besu.sif ip link set eth0 up
$ nsenter -t 1787466 -n apptainer exec --cleanenv /Utilisateurs/abellach/zkRoam/net-heterogeneity/zkroam-besu.sif ip route add default via 172.28.0.1
$ apptainer exec --cleanenv /Utilisateurs/abellach/zkRoam/net-heterogeneity/zkroam-besu.sif ip link delete zkh09
$ apptainer exec --cleanenv /Utilisateurs/abellach/zkRoam/net-heterogeneity/zkroam-besu.sif ip link add zkh09 type veth peer name eth0
$ apptainer exec --cleanenv /Utilisateurs/abellach/zkRoam/net-heterogeneity/zkroam-besu.sif ip link set zkh09 master zkroam0
$ apptainer exec --cleanenv /Utilisateurs/abellach/zkRoam/net-heterogeneity/zkroam-besu.sif ip link set zkh09 up
$ apptainer exec --cleanenv /Utilisateurs/abellach/zkRoam/net-heterogeneity/zkroam-besu.sif ip link set eth0 netns 1788269
$ nsenter -t 1788269 -n apptainer exec --cleanenv /Utilisateurs/abellach/zkRoam/net-heterogeneity/zkroam-besu.sif ip link set lo up
$ nsenter -t 1788269 -n apptainer exec --cleanenv /Utilisateurs/abellach/zkRoam/net-heterogeneity/zkroam-besu.sif ip addr add 172.28.0.19/24 dev eth0
$ nsenter -t 1788269 -n apptainer exec --cleanenv /Utilisateurs/abellach/zkRoam/net-heterogeneity/zkroam-besu.sif ip link set eth0 up
$ nsenter -t 1788269 -n apptainer exec --cleanenv /Utilisateurs/abellach/zkRoam/net-heterogeneity/zkroam-besu.sif ip route add default via 172.28.0.1
$ apptainer exec --cleanenv /Utilisateurs/abellach/zkRoam/net-heterogeneity/zkroam-besu.sif ip link delete zkh10
$ apptainer exec --cleanenv /Utilisateurs/abellach/zkRoam/net-heterogeneity/zkroam-besu.sif ip link add zkh10 type veth peer name eth0
$ apptainer exec --cleanenv /Utilisateurs/abellach/zkRoam/net-heterogeneity/zkroam-besu.sif ip link set zkh10 master zkroam0
$ apptainer exec --cleanenv /Utilisateurs/abellach/zkRoam/net-heterogeneity/zkroam-besu.sif ip link set zkh10 up
$ apptainer exec --cleanenv /Utilisateurs/abellach/zkRoam/net-heterogeneity/zkroam-besu.sif ip link set eth0 netns 1789064
$ nsenter -t 1789064 -n apptainer exec --cleanenv /Utilisateurs/abellach/zkRoam/net-heterogeneity/zkroam-besu.sif ip link set lo up
$ nsenter -t 1789064 -n apptainer exec --cleanenv /Utilisateurs/abellach/zkRoam/net-heterogeneity/zkroam-besu.sif ip addr add 172.28.0.20/24 dev eth0
$ nsenter -t 1789064 -n apptainer exec --cleanenv /Utilisateurs/abellach/zkRoam/net-heterogeneity/zkroam-besu.sif ip link set eth0 up
$ nsenter -t 1789064 -n apptainer exec --cleanenv /Utilisateurs/abellach/zkRoam/net-heterogeneity/zkroam-besu.sif ip route add default via 172.28.0.1
$ apptainer exec --cleanenv /Utilisateurs/abellach/zkRoam/net-heterogeneity/zkroam-besu.sif ip link delete zkh11
$ apptainer exec --cleanenv /Utilisateurs/abellach/zkRoam/net-heterogeneity/zkroam-besu.sif ip link add zkh11 type veth peer name eth0
$ apptainer exec --cleanenv /Utilisateurs/abellach/zkRoam/net-heterogeneity/zkroam-besu.sif ip link set zkh11 master zkroam0
$ apptainer exec --cleanenv /Utilisateurs/abellach/zkRoam/net-heterogeneity/zkroam-besu.sif ip link set zkh11 up
$ apptainer exec --cleanenv /Utilisateurs/abellach/zkRoam/net-heterogeneity/zkroam-besu.sif ip link set eth0 netns 1789892
$ nsenter -t 1789892 -n apptainer exec --cleanenv /Utilisateurs/abellach/zkRoam/net-heterogeneity/zkroam-besu.sif ip link set lo up
$ nsenter -t 1789892 -n apptainer exec --cleanenv /Utilisateurs/abellach/zkRoam/net-heterogeneity/zkroam-besu.sif ip addr add 172.28.0.21/24 dev eth0
$ nsenter -t 1789892 -n apptainer exec --cleanenv /Utilisateurs/abellach/zkRoam/net-heterogeneity/zkroam-besu.sif ip link set eth0 up
$ nsenter -t 1789892 -n apptainer exec --cleanenv /Utilisateurs/abellach/zkRoam/net-heterogeneity/zkroam-besu.sif ip route add default via 172.28.0.1
$ apptainer exec --cleanenv /Utilisateurs/abellach/zkRoam/net-heterogeneity/zkroam-besu.sif ip link delete zkh12
$ apptainer exec --cleanenv /Utilisateurs/abellach/zkRoam/net-heterogeneity/zkroam-besu.sif ip link add zkh12 type veth peer name eth0
$ apptainer exec --cleanenv /Utilisateurs/abellach/zkRoam/net-heterogeneity/zkroam-besu.sif ip link set zkh12 master zkroam0
$ apptainer exec --cleanenv /Utilisateurs/abellach/zkRoam/net-heterogeneity/zkroam-besu.sif ip link set zkh12 up
$ apptainer exec --cleanenv /Utilisateurs/abellach/zkRoam/net-heterogeneity/zkroam-besu.sif ip link set eth0 netns 1790669
$ nsenter -t 1790669 -n apptainer exec --cleanenv /Utilisateurs/abellach/zkRoam/net-heterogeneity/zkroam-besu.sif ip link set lo up
$ nsenter -t 1790669 -n apptainer exec --cleanenv /Utilisateurs/abellach/zkRoam/net-heterogeneity/zkroam-besu.sif ip addr add 172.28.0.22/24 dev eth0
$ nsenter -t 1790669 -n apptainer exec --cleanenv /Utilisateurs/abellach/zkRoam/net-heterogeneity/zkroam-besu.sif ip link set eth0 up
$ nsenter -t 1790669 -n apptainer exec --cleanenv /Utilisateurs/abellach/zkRoam/net-heterogeneity/zkroam-besu.sif ip route add default via 172.28.0.1
$ apptainer exec --cleanenv /Utilisateurs/abellach/zkRoam/net-heterogeneity/zkroam-besu.sif ip link delete zkh13
$ apptainer exec --cleanenv /Utilisateurs/abellach/zkRoam/net-heterogeneity/zkroam-besu.sif ip link add zkh13 type veth peer name eth0
$ apptainer exec --cleanenv /Utilisateurs/abellach/zkRoam/net-heterogeneity/zkroam-besu.sif ip link set zkh13 master zkroam0
$ apptainer exec --cleanenv /Utilisateurs/abellach/zkRoam/net-heterogeneity/zkroam-besu.sif ip link set zkh13 up
$ apptainer exec --cleanenv /Utilisateurs/abellach/zkRoam/net-heterogeneity/zkroam-besu.sif ip link set eth0 netns 1791483
$ nsenter -t 1791483 -n apptainer exec --cleanenv /Utilisateurs/abellach/zkRoam/net-heterogeneity/zkroam-besu.sif ip link set lo up
$ nsenter -t 1791483 -n apptainer exec --cleanenv /Utilisateurs/abellach/zkRoam/net-heterogeneity/zkroam-besu.sif ip addr add 172.28.0.23/24 dev eth0
$ nsenter -t 1791483 -n apptainer exec --cleanenv /Utilisateurs/abellach/zkRoam/net-heterogeneity/zkroam-besu.sif ip link set eth0 up
$ nsenter -t 1791483 -n apptainer exec --cleanenv /Utilisateurs/abellach/zkRoam/net-heterogeneity/zkroam-besu.sif ip route add default via 172.28.0.1
$ apptainer exec --cleanenv /Utilisateurs/abellach/zkRoam/net-heterogeneity/zkroam-besu.sif ip link delete zkh14
$ apptainer exec --cleanenv /Utilisateurs/abellach/zkRoam/net-heterogeneity/zkroam-besu.sif ip link add zkh14 type veth peer name eth0
$ apptainer exec --cleanenv /Utilisateurs/abellach/zkRoam/net-heterogeneity/zkroam-besu.sif ip link set zkh14 master zkroam0
$ apptainer exec --cleanenv /Utilisateurs/abellach/zkRoam/net-heterogeneity/zkroam-besu.sif ip link set zkh14 up
$ apptainer exec --cleanenv /Utilisateurs/abellach/zkRoam/net-heterogeneity/zkroam-besu.sif ip link set eth0 netns 1792280
$ nsenter -t 1792280 -n apptainer exec --cleanenv /Utilisateurs/abellach/zkRoam/net-heterogeneity/zkroam-besu.sif ip link set lo up
$ nsenter -t 1792280 -n apptainer exec --cleanenv /Utilisateurs/abellach/zkRoam/net-heterogeneity/zkroam-besu.sif ip addr add 172.28.0.24/24 dev eth0
$ nsenter -t 1792280 -n apptainer exec --cleanenv /Utilisateurs/abellach/zkRoam/net-heterogeneity/zkroam-besu.sif ip link set eth0 up
$ nsenter -t 1792280 -n apptainer exec --cleanenv /Utilisateurs/abellach/zkRoam/net-heterogeneity/zkroam-besu.sif ip route add default via 172.28.0.1
Started 15 Apptainer-backed validators.
=== Step 4: wait for every validator RPC and peer set ===
{
  "node00": {
    "block": 2,
    "peers": 14
  },
  "node01": {
    "block": 2,
    "peers": 14
  },
  "node02": {
    "block": 2,
    "peers": 14
  },
  "node03": {
    "block": 2,
    "peers": 14
  },
  "node04": {
    "block": 2,
    "peers": 14
  },
  "node05": {
    "block": 2,
    "peers": 14
  },
  "node06": {
    "block": 2,
    "peers": 14
  },
  "node07": {
    "block": 2,
    "peers": 14
  },
  "node08": {
    "block": 2,
    "peers": 14
  },
  "node09": {
    "block": 2,
    "peers": 14
  },
  "node10": {
    "block": 2,
    "peers": 14
  },
  "node11": {
    "block": 2,
    "peers": 14
  },
  "node12": {
    "block": 2,
    "peers": 14
  },
  "node13": {
    "block": 2,
    "peers": 14
  },
  "node14": {
    "block": 3,
    "peers": 14
  }
}
All 15 nodes are ready.
Apptainer baseline network is up.

$ /Utilisateurs/abellach/zkRoam/net-heterogeneity/venv/bin/python3 workload/deploy_verifiers.py --topology networkFiles/topology.json --accounts accounts/accounts.json
Discovered RPC endpoints:
------------------------------------------
  node00     -> http://172.28.0.10:8545
  node01     -> http://172.28.0.11:8545
  node02     -> http://172.28.0.12:8545
  node03     -> http://172.28.0.13:8545
  node04     -> http://172.28.0.14:8545
  node05     -> http://172.28.0.15:8545
  node06     -> http://172.28.0.16:8545
  node07     -> http://172.28.0.17:8545
  node08     -> http://172.28.0.18:8545
  node09     -> http://172.28.0.19:8545
  node10     -> http://172.28.0.20:8545
  node11     -> http://172.28.0.21:8545
  node12     -> http://172.28.0.22:8545
  node13     -> http://172.28.0.23:8545
  node14     -> http://172.28.0.24:8545
------------------------------------------
Connecting to node00 (http://172.28.0.10:8545)...
  Connected. chain_id=1337
Connecting to node01 (http://172.28.0.11:8545)...
  Connected. chain_id=1337
Connecting to node02 (http://172.28.0.12:8545)...
  Connected. chain_id=1337
Connecting to node03 (http://172.28.0.13:8545)...
  Connected. chain_id=1337
Connecting to node04 (http://172.28.0.14:8545)...
  Connected. chain_id=1337
Connecting to node05 (http://172.28.0.15:8545)...
  Connected. chain_id=1337
Connecting to node06 (http://172.28.0.16:8545)...
  Connected. chain_id=1337
Connecting to node07 (http://172.28.0.17:8545)...
  Connected. chain_id=1337
Connecting to node08 (http://172.28.0.18:8545)...
  Connected. chain_id=1337
Connecting to node09 (http://172.28.0.19:8545)...
  Connected. chain_id=1337
Connecting to node10 (http://172.28.0.20:8545)...
  Connected. chain_id=1337
Connecting to node11 (http://172.28.0.21:8545)...
  Connected. chain_id=1337
Connecting to node12 (http://172.28.0.22:8545)...
  Connected. chain_id=1337
Connecting to node13 (http://172.28.0.23:8545)...
  Connected. chain_id=1337
Connecting to node14 (http://172.28.0.24:8545)...
  Connected. chain_id=1337

Deploying from 0x47144232a0f3026aEA555848ffe7be0CA38c28C4 via http://172.28.0.10:8545 (chain_id=1337)

Compiling CDRVerifier.sol ...
Deploying CDRVerifier ...
  submitted deploy tx 0ebae53c4878e3623aae1b594db5170e3ddba4de939fcfbb29194d6cd20b1d32, waiting for receipt...
  deployed at 0x55cff947413aA09Fd9a381e414b93EfdCCbDD888  (gasUsed=465218)

Compiling SnarkPackAggregateAnchor.sol ...
Deploying SnarkPackAggregateAnchor ...
  submitted deploy tx 5ab3b40316e6ee940cda2e2e854e12871dc2f42db1f02e22509e862b447fe969, waiting for receipt...
  deployed at 0xF5503E85CE478A7DD4CEbaDAb96B1b151a30E0fe  (gasUsed=1832981)

verifier-pool-size=1: only accounts[0] is authorized as a verifier - fine as-is if you're relaying via relayAggregateProof (submission load spreads across the full account pool regardless of verifier count). Only increase this if you want multiple independent verifier keys for redundancy/threshold, or if you plan to use the direct anchorAggregateProof(onlyVerifier) path at any real volume.

Wrote: deployed_contracts.json

$ /Utilisateurs/abellach/zkRoam/net-heterogeneity/venv/bin/python3 workload/zkroam_workload.py --config results/hardware-vmno-scaling/l3icalcul07/baseline-nproof8-w48-rw48-rate500/vmnos-64/zkroam-baseline-64vmnos/config.yml
Discovered RPC endpoints:
------------------------------------------
  node00     -> http://172.28.0.10:8545
  node01     -> http://172.28.0.11:8545
  node02     -> http://172.28.0.12:8545
  node03     -> http://172.28.0.13:8545
  node04     -> http://172.28.0.14:8545
  node05     -> http://172.28.0.15:8545
  node06     -> http://172.28.0.16:8545
  node07     -> http://172.28.0.17:8545
  node08     -> http://172.28.0.18:8545
  node09     -> http://172.28.0.19:8545
  node10     -> http://172.28.0.20:8545
  node11     -> http://172.28.0.21:8545
  node12     -> http://172.28.0.22:8545
  node13     -> http://172.28.0.23:8545
  node14     -> http://172.28.0.24:8545
------------------------------------------
Connecting to node00 (http://172.28.0.10:8545)...
  Connected. chain_id=1337
Connecting to node01 (http://172.28.0.11:8545)...
  Connected. chain_id=1337
Connecting to node02 (http://172.28.0.12:8545)...
  Connected. chain_id=1337
Connecting to node03 (http://172.28.0.13:8545)...
  Connected. chain_id=1337
Connecting to node04 (http://172.28.0.14:8545)...
  Connected. chain_id=1337
Connecting to node05 (http://172.28.0.15:8545)...
  Connected. chain_id=1337
Connecting to node06 (http://172.28.0.16:8545)...
  Connected. chain_id=1337
Connecting to node07 (http://172.28.0.17:8545)...
  Connected. chain_id=1337
Connecting to node08 (http://172.28.0.18:8545)...
  Connected. chain_id=1337
Connecting to node09 (http://172.28.0.19:8545)...
  Connected. chain_id=1337
Connecting to node10 (http://172.28.0.20:8545)...
  Connected. chain_id=1337
Connecting to node11 (http://172.28.0.21:8545)...
  Connected. chain_id=1337
Connecting to node12 (http://172.28.0.22:8545)...
  Connected. chain_id=1337
Connecting to node13 (http://172.28.0.23:8545)...
  Connected. chain_id=1337
Connecting to node14 (http://172.28.0.24:8545)...
  Connected. chain_id=1337

Reading pending nonce for 2000 accounts (parallel)...


Using real proof from fixtures/proof.json / fixtures/public.json
individual leg -> real verifyProof() calls on 0x55cff947413aA09Fd9a381e414b93EfdCCbDD888
aggregate leg  -> real anchorAggregateProof() calls on 0xF5503E85CE478A7DD4CEbaDAb96B1b151a30E0fe

workload.num_vmnos = 64 (total VMNO settlements submitted per sweep point; nproofs below is per-VMNO batch size, not workload size)

============================================================
nproofs/vmno=8  num_vmnos=64  run=1  (off-chain source: reference_fallback)
============================================================

>>> on-chain leg: individual_n8_vmnos64_r1 (512 tx total, 420B calldata, gas/tx=278265, to=0x55cff947413aA09Fd9a381e414b93EfdCCbDD888)

Starting transaction producer...
Target submission rate : 500.00 tx/s
Submission workers      : 48


Producer finished.
------------------------------------------
Submitted : 512/512
Failed    : 0/512
Duration  : 1.544s
Rate      : 331.68 tx/s
------------------------------------------

Starting receipt polling...
------------------------------------------
Transactions to confirm : 512
Receipt workers         : 48
Receipt timeout         : 120.0s
------------------------------------------

Confirmed: 16/512 | Reverted: 0 | Pending: 496
Confirmed: 57/512 | Reverted: 0 | Pending: 455
Confirmed: 97/512 | Reverted: 0 | Pending: 415
Confirmed: 131/512 | Reverted: 0 | Pending: 381
Confirmed: 165/512 | Reverted: 0 | Pending: 347
Confirmed: 199/512 | Reverted: 0 | Pending: 313
Confirmed: 234/512 | Reverted: 0 | Pending: 278
Confirmed: 269/512 | Reverted: 0 | Pending: 243
Confirmed: 280/512 | Reverted: 0 | Pending: 232
Confirmed: 303/512 | Reverted: 0 | Pending: 209
Confirmed: 337/512 | Reverted: 0 | Pending: 175
Confirmed: 337/512 | Reverted: 0 | Pending: 175
Confirmed: 371/512 | Reverted: 0 | Pending: 141
Confirmed: 371/512 | Reverted: 0 | Pending: 141
Confirmed: 373/512 | Reverted: 0 | Pending: 139
Confirmed: 405/512 | Reverted: 0 | Pending: 107
Confirmed: 405/512 | Reverted: 0 | Pending: 107
Confirmed: 420/512 | Reverted: 0 | Pending: 92
Confirmed: 439/512 | Reverted: 0 | Pending: 73
Confirmed: 439/512 | Reverted: 0 | Pending: 73
Confirmed: 439/512 | Reverted: 0 | Pending: 73
Confirmed: 473/512 | Reverted: 0 | Pending: 39
Confirmed: 473/512 | Reverted: 0 | Pending: 39
Confirmed: 473/512 | Reverted: 0 | Pending: 39
Confirmed: 503/512 | Reverted: 0 | Pending: 9
Confirmed: 507/512 | Reverted: 0 | Pending: 5
Confirmed: 507/512 | Reverted: 0 | Pending: 5
Confirmed: 507/512 | Reverted: 0 | Pending: 5
Confirmed: 507/512 | Reverted: 0 | Pending: 5
Confirmed: 512/512 | Reverted: 0 | Pending: 0

Receipt polling finished.
------------------------------------------
Confirmed : 512
Reverted  : 0
Timeout   : 0
Duration  : 30.013s
------------------------------------------

>>> on-chain leg: aggregate_n8_vmnos64_r1 (64 tx total, 420B/tx x 64 distinct payloads, gas/tx=176674, to=0xF5503E85CE478A7DD4CEbaDAb96B1b151a30E0fe)

Starting transaction producer...
Target submission rate : 500.00 tx/s
Submission workers      : 48


Producer finished.
------------------------------------------
Submitted : 64/64
Failed    : 0/64
Duration  : 0.216s
Rate      : 295.98 tx/s
------------------------------------------

Starting receipt polling...
------------------------------------------
Transactions to confirm : 64
Receipt workers         : 48
Receipt timeout         : 120.0s
------------------------------------------

Confirmed: 0/64 | Reverted: 0 | Pending: 64
Confirmed: 4/64 | Reverted: 0 | Pending: 60
Confirmed: 4/64 | Reverted: 0 | Pending: 60
Confirmed: 4/64 | Reverted: 0 | Pending: 60
Confirmed: 4/64 | Reverted: 0 | Pending: 60
Confirmed: 8/64 | Reverted: 0 | Pending: 56
Confirmed: 8/64 | Reverted: 0 | Pending: 56
Confirmed: 8/64 | Reverted: 0 | Pending: 56
Confirmed: 13/64 | Reverted: 0 | Pending: 51
Confirmed: 13/64 | Reverted: 0 | Pending: 51
Confirmed: 13/64 | Reverted: 0 | Pending: 51
Confirmed: 14/64 | Reverted: 0 | Pending: 50
Confirmed: 18/64 | Reverted: 0 | Pending: 46
Confirmed: 18/64 | Reverted: 0 | Pending: 46
Confirmed: 18/64 | Reverted: 0 | Pending: 46
Confirmed: 23/64 | Reverted: 0 | Pending: 41
Confirmed: 23/64 | Reverted: 0 | Pending: 41
Confirmed: 23/64 | Reverted: 0 | Pending: 41
Confirmed: 24/64 | Reverted: 0 | Pending: 40
Confirmed: 28/64 | Reverted: 0 | Pending: 36
Confirmed: 28/64 | Reverted: 0 | Pending: 36
Confirmed: 28/64 | Reverted: 0 | Pending: 36
Confirmed: 28/64 | Reverted: 0 | Pending: 36
Confirmed: 32/64 | Reverted: 0 | Pending: 32
Confirmed: 32/64 | Reverted: 0 | Pending: 32
Confirmed: 32/64 | Reverted: 0 | Pending: 32
Confirmed: 33/64 | Reverted: 0 | Pending: 31
Confirmed: 36/64 | Reverted: 0 | Pending: 28
Confirmed: 36/64 | Reverted: 0 | Pending: 28
Confirmed: 36/64 | Reverted: 0 | Pending: 28
Confirmed: 36/64 | Reverted: 0 | Pending: 28
Confirmed: 40/64 | Reverted: 0 | Pending: 24
Confirmed: 40/64 | Reverted: 0 | Pending: 24
Confirmed: 40/64 | Reverted: 0 | Pending: 24
Confirmed: 40/64 | Reverted: 0 | Pending: 24
Confirmed: 41/64 | Reverted: 0 | Pending: 23
Confirmed: 44/64 | Reverted: 0 | Pending: 20
Confirmed: 44/64 | Reverted: 0 | Pending: 20
Confirmed: 44/64 | Reverted: 0 | Pending: 20
Confirmed: 44/64 | Reverted: 0 | Pending: 20
Confirmed: 48/64 | Reverted: 0 | Pending: 16
Confirmed: 48/64 | Reverted: 0 | Pending: 16
Confirmed: 48/64 | Reverted: 0 | Pending: 16
Confirmed: 48/64 | Reverted: 0 | Pending: 16
Confirmed: 48/64 | Reverted: 0 | Pending: 16
Confirmed: 52/64 | Reverted: 0 | Pending: 12
Confirmed: 52/64 | Reverted: 0 | Pending: 12
Confirmed: 52/64 | Reverted: 0 | Pending: 12
Confirmed: 52/64 | Reverted: 0 | Pending: 12
Confirmed: 52/64 | Reverted: 0 | Pending: 12
Confirmed: 53/64 | Reverted: 0 | Pending: 11
Confirmed: 56/64 | Reverted: 0 | Pending: 8
Confirmed: 56/64 | Reverted: 0 | Pending: 8
Confirmed: 56/64 | Reverted: 0 | Pending: 8
Confirmed: 56/64 | Reverted: 0 | Pending: 8
Confirmed: 56/64 | Reverted: 0 | Pending: 8
Confirmed: 56/64 | Reverted: 0 | Pending: 8
Confirmed: 60/64 | Reverted: 0 | Pending: 4
Confirmed: 60/64 | Reverted: 0 | Pending: 4
Confirmed: 60/64 | Reverted: 0 | Pending: 4
Confirmed: 60/64 | Reverted: 0 | Pending: 4
Confirmed: 60/64 | Reverted: 0 | Pending: 4
Confirmed: 60/64 | Reverted: 0 | Pending: 4
Confirmed: 60/64 | Reverted: 0 | Pending: 4
Confirmed: 64/64 | Reverted: 0 | Pending: 0

Receipt polling finished.
------------------------------------------
Confirmed : 64
Reverted  : 0
Timeout   : 0
Duration  : 28.650s
------------------------------------------

============================================================
nproofs/vmno=8  num_vmnos=64  run=2  (off-chain source: reference_fallback)
============================================================

>>> on-chain leg: individual_n8_vmnos64_r2 (512 tx total, 420B calldata, gas/tx=278265, to=0x55cff947413aA09Fd9a381e414b93EfdCCbDD888)

Starting transaction producer...
Target submission rate : 500.00 tx/s
Submission workers      : 48


Producer finished.
------------------------------------------
Submitted : 512/512
Failed    : 0/512
Duration  : 1.454s
Rate      : 352.10 tx/s
------------------------------------------

Starting receipt polling...
------------------------------------------
Transactions to confirm : 512
Receipt workers         : 48
Receipt timeout         : 120.0s
------------------------------------------

Confirmed: 15/512 | Reverted: 0 | Pending: 497
Confirmed: 56/512 | Reverted: 0 | Pending: 456
Confirmed: 102/512 | Reverted: 0 | Pending: 410
Confirmed: 144/512 | Reverted: 0 | Pending: 368
Confirmed: 177/512 | Reverted: 0 | Pending: 335
Confirmed: 206/512 | Reverted: 0 | Pending: 306
Confirmed: 240/512 | Reverted: 0 | Pending: 272
Confirmed: 274/512 | Reverted: 0 | Pending: 238
Confirmed: 307/512 | Reverted: 0 | Pending: 205
Confirmed: 308/512 | Reverted: 0 | Pending: 204
Confirmed: 342/512 | Reverted: 0 | Pending: 170
Confirmed: 342/512 | Reverted: 0 | Pending: 170
Confirmed: 376/512 | Reverted: 0 | Pending: 136
Confirmed: 379/512 | Reverted: 0 | Pending: 133
Confirmed: 410/512 | Reverted: 0 | Pending: 102
Confirmed: 410/512 | Reverted: 0 | Pending: 102
Confirmed: 444/512 | Reverted: 0 | Pending: 68
Confirmed: 444/512 | Reverted: 0 | Pending: 68
Confirmed: 444/512 | Reverted: 0 | Pending: 68
Confirmed: 474/512 | Reverted: 0 | Pending: 38
Confirmed: 478/512 | Reverted: 0 | Pending: 34
Confirmed: 478/512 | Reverted: 0 | Pending: 34
Confirmed: 478/512 | Reverted: 0 | Pending: 34
Confirmed: 478/512 | Reverted: 0 | Pending: 34
Confirmed: 512/512 | Reverted: 0 | Pending: 0

Receipt polling finished.
------------------------------------------
Confirmed : 512
Reverted  : 0
Timeout   : 0
Duration  : 29.628s
------------------------------------------

>>> on-chain leg: aggregate_n8_vmnos64_r2 (64 tx total, 420B/tx x 64 distinct payloads, gas/tx=176697, to=0xF5503E85CE478A7DD4CEbaDAb96B1b151a30E0fe)

Starting transaction producer...
Target submission rate : 500.00 tx/s
Submission workers      : 48


Producer finished.
------------------------------------------
Submitted : 64/64
Failed    : 0/64
Duration  : 0.267s
Rate      : 239.76 tx/s
------------------------------------------

Starting receipt polling...
------------------------------------------
Transactions to confirm : 64
Receipt workers         : 48
Receipt timeout         : 120.0s
------------------------------------------

Confirmed: 0/64 | Reverted: 0 | Pending: 64
Confirmed: 5/64 | Reverted: 0 | Pending: 59
Confirmed: 5/64 | Reverted: 0 | Pending: 59
Confirmed: 5/64 | Reverted: 0 | Pending: 59
Confirmed: 5/64 | Reverted: 0 | Pending: 59
Confirmed: 9/64 | Reverted: 0 | Pending: 55
Confirmed: 9/64 | Reverted: 0 | Pending: 55
Confirmed: 9/64 | Reverted: 0 | Pending: 55
Confirmed: 13/64 | Reverted: 0 | Pending: 51
Confirmed: 13/64 | Reverted: 0 | Pending: 51
Confirmed: 13/64 | Reverted: 0 | Pending: 51
Confirmed: 16/64 | Reverted: 0 | Pending: 48
Confirmed: 17/64 | Reverted: 0 | Pending: 47
Confirmed: 17/64 | Reverted: 0 | Pending: 47
Confirmed: 18/64 | Reverted: 0 | Pending: 46
Confirmed: 21/64 | Reverted: 0 | Pending: 43
Confirmed: 21/64 | Reverted: 0 | Pending: 43
Confirmed: 21/64 | Reverted: 0 | Pending: 43
Confirmed: 25/64 | Reverted: 0 | Pending: 39
Confirmed: 25/64 | Reverted: 0 | Pending: 39
Confirmed: 25/64 | Reverted: 0 | Pending: 39
Confirmed: 25/64 | Reverted: 0 | Pending: 39
Confirmed: 29/64 | Reverted: 0 | Pending: 35
Confirmed: 29/64 | Reverted: 0 | Pending: 35
Confirmed: 29/64 | Reverted: 0 | Pending: 35
Confirmed: 29/64 | Reverted: 0 | Pending: 35
Confirmed: 33/64 | Reverted: 0 | Pending: 31
Confirmed: 33/64 | Reverted: 0 | Pending: 31
Confirmed: 33/64 | Reverted: 0 | Pending: 31
Confirmed: 33/64 | Reverted: 0 | Pending: 31
Confirmed: 37/64 | Reverted: 0 | Pending: 27
Confirmed: 37/64 | Reverted: 0 | Pending: 27
Confirmed: 37/64 | Reverted: 0 | Pending: 27
Confirmed: 37/64 | Reverted: 0 | Pending: 27
Confirmed: 41/64 | Reverted: 0 | Pending: 23
Confirmed: 41/64 | Reverted: 0 | Pending: 23
Confirmed: 41/64 | Reverted: 0 | Pending: 23
Confirmed: 41/64 | Reverted: 0 | Pending: 23
Confirmed: 41/64 | Reverted: 0 | Pending: 23
Confirmed: 45/64 | Reverted: 0 | Pending: 19
Confirmed: 45/64 | Reverted: 0 | Pending: 19
Confirmed: 45/64 | Reverted: 0 | Pending: 19
Confirmed: 45/64 | Reverted: 0 | Pending: 19
Confirmed: 45/64 | Reverted: 0 | Pending: 19
Confirmed: 49/64 | Reverted: 0 | Pending: 15
Confirmed: 49/64 | Reverted: 0 | Pending: 15
Confirmed: 49/64 | Reverted: 0 | Pending: 15
Confirmed: 49/64 | Reverted: 0 | Pending: 15
Confirmed: 49/64 | Reverted: 0 | Pending: 15
Confirmed: 54/64 | Reverted: 0 | Pending: 10
Confirmed: 54/64 | Reverted: 0 | Pending: 10
Confirmed: 54/64 | Reverted: 0 | Pending: 10
Confirmed: 54/64 | Reverted: 0 | Pending: 10
Confirmed: 54/64 | Reverted: 0 | Pending: 10
Confirmed: 59/64 | Reverted: 0 | Pending: 5
Confirmed: 59/64 | Reverted: 0 | Pending: 5
Confirmed: 59/64 | Reverted: 0 | Pending: 5
Confirmed: 59/64 | Reverted: 0 | Pending: 5
Confirmed: 59/64 | Reverted: 0 | Pending: 5
Confirmed: 59/64 | Reverted: 0 | Pending: 5
Confirmed: 59/64 | Reverted: 0 | Pending: 5
Confirmed: 64/64 | Reverted: 0 | Pending: 0

Receipt polling finished.
------------------------------------------
Confirmed : 64
Reverted  : 0
Timeout   : 0
Duration  : 28.813s
------------------------------------------

============================================================
nproofs/vmno=8  num_vmnos=64  run=3  (off-chain source: reference_fallback)
============================================================

>>> on-chain leg: individual_n8_vmnos64_r3 (512 tx total, 420B calldata, gas/tx=278265, to=0x55cff947413aA09Fd9a381e414b93EfdCCbDD888)

Starting transaction producer...
Target submission rate : 500.00 tx/s
Submission workers      : 48


Producer finished.
------------------------------------------
Submitted : 512/512
Failed    : 0/512
Duration  : 1.794s
Rate      : 285.46 tx/s
------------------------------------------

Starting receipt polling...
------------------------------------------
Transactions to confirm : 512
Receipt workers         : 48
Receipt timeout         : 120.0s
------------------------------------------

Confirmed: 19/512 | Reverted: 0 | Pending: 493
Confirmed: 71/512 | Reverted: 0 | Pending: 441
Confirmed: 111/512 | Reverted: 0 | Pending: 401
Confirmed: 145/512 | Reverted: 0 | Pending: 367
Confirmed: 180/512 | Reverted: 0 | Pending: 332
Confirmed: 205/512 | Reverted: 0 | Pending: 307
Confirmed: 238/512 | Reverted: 0 | Pending: 274
Confirmed: 272/512 | Reverted: 0 | Pending: 240
Confirmed: 304/512 | Reverted: 0 | Pending: 208
Confirmed: 307/512 | Reverted: 0 | Pending: 205
Confirmed: 340/512 | Reverted: 0 | Pending: 172
Confirmed: 360/512 | Reverted: 0 | Pending: 152
Confirmed: 375/512 | Reverted: 0 | Pending: 137
Confirmed: 395/512 | Reverted: 0 | Pending: 117
Confirmed: 410/512 | Reverted: 0 | Pending: 102
Confirmed: 410/512 | Reverted: 0 | Pending: 102
Confirmed: 444/512 | Reverted: 0 | Pending: 68
Confirmed: 444/512 | Reverted: 0 | Pending: 68
Confirmed: 463/512 | Reverted: 0 | Pending: 49
Confirmed: 478/512 | Reverted: 0 | Pending: 34
Confirmed: 478/512 | Reverted: 0 | Pending: 34
Confirmed: 478/512 | Reverted: 0 | Pending: 34
Confirmed: 499/512 | Reverted: 0 | Pending: 13
Confirmed: 512/512 | Reverted: 0 | Pending: 0

Receipt polling finished.
------------------------------------------
Confirmed : 512
Reverted  : 0
Timeout   : 0
Duration  : 29.287s
------------------------------------------

>>> on-chain leg: aggregate_n8_vmnos64_r3 (64 tx total, 420B/tx x 64 distinct payloads, gas/tx=176660, to=0xF5503E85CE478A7DD4CEbaDAb96B1b151a30E0fe)

Starting transaction producer...
Target submission rate : 500.00 tx/s
Submission workers      : 48


Producer finished.
------------------------------------------
Submitted : 64/64
Failed    : 0/64
Duration  : 0.256s
Rate      : 250.34 tx/s
------------------------------------------

Starting receipt polling...
------------------------------------------
Transactions to confirm : 64
Receipt workers         : 48
Receipt timeout         : 120.0s
------------------------------------------

Confirmed: 0/64 | Reverted: 0 | Pending: 64
Confirmed: 0/64 | Reverted: 0 | Pending: 64
Confirmed: 0/64 | Reverted: 0 | Pending: 64
Confirmed: 4/64 | Reverted: 0 | Pending: 60
Confirmed: 4/64 | Reverted: 0 | Pending: 60
Confirmed: 4/64 | Reverted: 0 | Pending: 60
Confirmed: 8/64 | Reverted: 0 | Pending: 56
Confirmed: 8/64 | Reverted: 0 | Pending: 56
Confirmed: 8/64 | Reverted: 0 | Pending: 56
Confirmed: 12/64 | Reverted: 0 | Pending: 52
Confirmed: 12/64 | Reverted: 0 | Pending: 52
Confirmed: 12/64 | Reverted: 0 | Pending: 52
Confirmed: 15/64 | Reverted: 0 | Pending: 49
Confirmed: 16/64 | Reverted: 0 | Pending: 48
Confirmed: 16/64 | Reverted: 0 | Pending: 48
Confirmed: 16/64 | Reverted: 0 | Pending: 48
Confirmed: 20/64 | Reverted: 0 | Pending: 44
Confirmed: 20/64 | Reverted: 0 | Pending: 44
Confirmed: 20/64 | Reverted: 0 | Pending: 44
Confirmed: 20/64 | Reverted: 0 | Pending: 44
Confirmed: 24/64 | Reverted: 0 | Pending: 40
Confirmed: 24/64 | Reverted: 0 | Pending: 40
Confirmed: 24/64 | Reverted: 0 | Pending: 40
Confirmed: 24/64 | Reverted: 0 | Pending: 40
Confirmed: 29/64 | Reverted: 0 | Pending: 35
Confirmed: 29/64 | Reverted: 0 | Pending: 35
Confirmed: 29/64 | Reverted: 0 | Pending: 35
Confirmed: 29/64 | Reverted: 0 | Pending: 35
Confirmed: 34/64 | Reverted: 0 | Pending: 30
Confirmed: 34/64 | Reverted: 0 | Pending: 30
Confirmed: 34/64 | Reverted: 0 | Pending: 30
Confirmed: 34/64 | Reverted: 0 | Pending: 30
Confirmed: 39/64 | Reverted: 0 | Pending: 25
Confirmed: 39/64 | Reverted: 0 | Pending: 25
Confirmed: 39/64 | Reverted: 0 | Pending: 25
Confirmed: 39/64 | Reverted: 0 | Pending: 25
Confirmed: 44/64 | Reverted: 0 | Pending: 20
Confirmed: 44/64 | Reverted: 0 | Pending: 20
Confirmed: 44/64 | Reverted: 0 | Pending: 20
Confirmed: 44/64 | Reverted: 0 | Pending: 20
Confirmed: 44/64 | Reverted: 0 | Pending: 20
Confirmed: 48/64 | Reverted: 0 | Pending: 16
Confirmed: 48/64 | Reverted: 0 | Pending: 16
Confirmed: 48/64 | Reverted: 0 | Pending: 16
Confirmed: 48/64 | Reverted: 0 | Pending: 16
Confirmed: 48/64 | Reverted: 0 | Pending: 16
Confirmed: 52/64 | Reverted: 0 | Pending: 12
Confirmed: 52/64 | Reverted: 0 | Pending: 12
Confirmed: 52/64 | Reverted: 0 | Pending: 12
Confirmed: 52/64 | Reverted: 0 | Pending: 12
Confirmed: 52/64 | Reverted: 0 | Pending: 12
Confirmed: 54/64 | Reverted: 0 | Pending: 10
Confirmed: 56/64 | Reverted: 0 | Pending: 8
Confirmed: 56/64 | Reverted: 0 | Pending: 8
Confirmed: 56/64 | Reverted: 0 | Pending: 8
Confirmed: 56/64 | Reverted: 0 | Pending: 8
Confirmed: 56/64 | Reverted: 0 | Pending: 8
Confirmed: 60/64 | Reverted: 0 | Pending: 4
Confirmed: 60/64 | Reverted: 0 | Pending: 4
Confirmed: 60/64 | Reverted: 0 | Pending: 4
Confirmed: 60/64 | Reverted: 0 | Pending: 4
Confirmed: 60/64 | Reverted: 0 | Pending: 4
Confirmed: 60/64 | Reverted: 0 | Pending: 4
Confirmed: 60/64 | Reverted: 0 | Pending: 4
Confirmed: 64/64 | Reverted: 0 | Pending: 0

Receipt polling finished.
------------------------------------------
Confirmed : 64
Reverted  : 0
Timeout   : 0
Duration  : 29.718s
------------------------------------------

============================================================
nproofs/vmno=8  num_vmnos=64  run=4  (off-chain source: reference_fallback)
============================================================

>>> on-chain leg: individual_n8_vmnos64_r4 (512 tx total, 420B calldata, gas/tx=278265, to=0x55cff947413aA09Fd9a381e414b93EfdCCbDD888)

Starting transaction producer...
Target submission rate : 500.00 tx/s
Submission workers      : 48


Producer finished.
------------------------------------------
Submitted : 512/512
Failed    : 0/512
Duration  : 1.565s
Rate      : 327.25 tx/s
------------------------------------------

Starting receipt polling...
------------------------------------------
Transactions to confirm : 512
Receipt workers         : 48
Receipt timeout         : 120.0s
------------------------------------------

Confirmed: 17/512 | Reverted: 0 | Pending: 495
Confirmed: 58/512 | Reverted: 0 | Pending: 454
Confirmed: 96/512 | Reverted: 0 | Pending: 416
Confirmed: 137/512 | Reverted: 0 | Pending: 375
Confirmed: 174/512 | Reverted: 0 | Pending: 338
Confirmed: 209/512 | Reverted: 0 | Pending: 303
Confirmed: 243/512 | Reverted: 0 | Pending: 269
Confirmed: 277/512 | Reverted: 0 | Pending: 235
Confirmed: 300/512 | Reverted: 0 | Pending: 212
Confirmed: 311/512 | Reverted: 0 | Pending: 201
Confirmed: 345/512 | Reverted: 0 | Pending: 167
Confirmed: 373/512 | Reverted: 0 | Pending: 139
Confirmed: 379/512 | Reverted: 0 | Pending: 133
Confirmed: 413/512 | Reverted: 0 | Pending: 99
Confirmed: 413/512 | Reverted: 0 | Pending: 99
Confirmed: 447/512 | Reverted: 0 | Pending: 65
Confirmed: 447/512 | Reverted: 0 | Pending: 65
Confirmed: 454/512 | Reverted: 0 | Pending: 58
Confirmed: 481/512 | Reverted: 0 | Pending: 31
Confirmed: 481/512 | Reverted: 0 | Pending: 31
Confirmed: 481/512 | Reverted: 0 | Pending: 31
Confirmed: 512/512 | Reverted: 0 | Pending: 0

Receipt polling finished.
------------------------------------------
Confirmed : 512
Reverted  : 0
Timeout   : 0
Duration  : 29.670s
------------------------------------------

>>> on-chain leg: aggregate_n8_vmnos64_r4 (64 tx total, 420B/tx x 64 distinct payloads, gas/tx=176674, to=0xF5503E85CE478A7DD4CEbaDAb96B1b151a30E0fe)

Starting transaction producer...
Target submission rate : 500.00 tx/s
Submission workers      : 48


Producer finished.
------------------------------------------
Submitted : 64/64
Failed    : 0/64
Duration  : 0.251s
Rate      : 255.14 tx/s
------------------------------------------

Starting receipt polling...
------------------------------------------
Transactions to confirm : 64
Receipt workers         : 48
Receipt timeout         : 120.0s
------------------------------------------

Confirmed: 0/64 | Reverted: 0 | Pending: 64
Confirmed: 0/64 | Reverted: 0 | Pending: 64
Confirmed: 1/64 | Reverted: 0 | Pending: 63
Confirmed: 5/64 | Reverted: 0 | Pending: 59
Confirmed: 5/64 | Reverted: 0 | Pending: 59
Confirmed: 5/64 | Reverted: 0 | Pending: 59
Confirmed: 10/64 | Reverted: 0 | Pending: 54
Confirmed: 10/64 | Reverted: 0 | Pending: 54
Confirmed: 10/64 | Reverted: 0 | Pending: 54
Confirmed: 15/64 | Reverted: 0 | Pending: 49
Confirmed: 15/64 | Reverted: 0 | Pending: 49
Confirmed: 15/64 | Reverted: 0 | Pending: 49
Confirmed: 20/64 | Reverted: 0 | Pending: 44
Confirmed: 20/64 | Reverted: 0 | Pending: 44
Confirmed: 20/64 | Reverted: 0 | Pending: 44
Confirmed: 24/64 | Reverted: 0 | Pending: 40
Confirmed: 24/64 | Reverted: 0 | Pending: 40
Confirmed: 24/64 | Reverted: 0 | Pending: 40
Confirmed: 25/64 | Reverted: 0 | Pending: 39
Confirmed: 28/64 | Reverted: 0 | Pending: 36
Confirmed: 28/64 | Reverted: 0 | Pending: 36
Confirmed: 28/64 | Reverted: 0 | Pending: 36
Confirmed: 28/64 | Reverted: 0 | Pending: 36
Confirmed: 32/64 | Reverted: 0 | Pending: 32
Confirmed: 32/64 | Reverted: 0 | Pending: 32
Confirmed: 32/64 | Reverted: 0 | Pending: 32
Confirmed: 32/64 | Reverted: 0 | Pending: 32
Confirmed: 35/64 | Reverted: 0 | Pending: 29
Confirmed: 36/64 | Reverted: 0 | Pending: 28
Confirmed: 36/64 | Reverted: 0 | Pending: 28
Confirmed: 36/64 | Reverted: 0 | Pending: 28
Confirmed: 36/64 | Reverted: 0 | Pending: 28
Confirmed: 40/64 | Reverted: 0 | Pending: 24
Confirmed: 40/64 | Reverted: 0 | Pending: 24
Confirmed: 40/64 | Reverted: 0 | Pending: 24
Confirmed: 40/64 | Reverted: 0 | Pending: 24
Confirmed: 44/64 | Reverted: 0 | Pending: 20
Confirmed: 44/64 | Reverted: 0 | Pending: 20
Confirmed: 44/64 | Reverted: 0 | Pending: 20
Confirmed: 44/64 | Reverted: 0 | Pending: 20
Confirmed: 44/64 | Reverted: 0 | Pending: 20
Confirmed: 48/64 | Reverted: 0 | Pending: 16
Confirmed: 48/64 | Reverted: 0 | Pending: 16
Confirmed: 48/64 | Reverted: 0 | Pending: 16
Confirmed: 48/64 | Reverted: 0 | Pending: 16
Confirmed: 48/64 | Reverted: 0 | Pending: 16
Confirmed: 52/64 | Reverted: 0 | Pending: 12
Confirmed: 52/64 | Reverted: 0 | Pending: 12
Confirmed: 52/64 | Reverted: 0 | Pending: 12
Confirmed: 52/64 | Reverted: 0 | Pending: 12
Confirmed: 52/64 | Reverted: 0 | Pending: 12
Confirmed: 52/64 | Reverted: 0 | Pending: 12
Confirmed: 56/64 | Reverted: 0 | Pending: 8
Confirmed: 56/64 | Reverted: 0 | Pending: 8
Confirmed: 56/64 | Reverted: 0 | Pending: 8
Confirmed: 56/64 | Reverted: 0 | Pending: 8
Confirmed: 56/64 | Reverted: 0 | Pending: 8
Confirmed: 56/64 | Reverted: 0 | Pending: 8
Confirmed: 60/64 | Reverted: 0 | Pending: 4
Confirmed: 60/64 | Reverted: 0 | Pending: 4
Confirmed: 60/64 | Reverted: 0 | Pending: 4
Confirmed: 60/64 | Reverted: 0 | Pending: 4
Confirmed: 60/64 | Reverted: 0 | Pending: 4
Confirmed: 60/64 | Reverted: 0 | Pending: 4
Confirmed: 60/64 | Reverted: 0 | Pending: 4
Confirmed: 64/64 | Reverted: 0 | Pending: 0

Receipt polling finished.
------------------------------------------
Confirmed : 64
Reverted  : 0
Timeout   : 0
Duration  : 29.727s
------------------------------------------

============================================================
nproofs/vmno=8  num_vmnos=64  run=5  (off-chain source: reference_fallback)
============================================================

>>> on-chain leg: individual_n8_vmnos64_r5 (512 tx total, 420B calldata, gas/tx=278265, to=0x55cff947413aA09Fd9a381e414b93EfdCCbDD888)

Starting transaction producer...
Target submission rate : 500.00 tx/s
Submission workers      : 48


Producer finished.
------------------------------------------
Submitted : 512/512
Failed    : 0/512
Duration  : 1.555s
Rate      : 329.26 tx/s
------------------------------------------

Starting receipt polling...
------------------------------------------
Transactions to confirm : 512
Receipt workers         : 48
Receipt timeout         : 120.0s
------------------------------------------

Confirmed: 15/512 | Reverted: 0 | Pending: 497
Confirmed: 55/512 | Reverted: 0 | Pending: 457
Confirmed: 94/512 | Reverted: 0 | Pending: 418
Confirmed: 135/512 | Reverted: 0 | Pending: 377
Confirmed: 176/512 | Reverted: 0 | Pending: 336
Confirmed: 210/512 | Reverted: 0 | Pending: 302
Confirmed: 244/512 | Reverted: 0 | Pending: 268
Confirmed: 278/512 | Reverted: 0 | Pending: 234
Confirmed: 295/512 | Reverted: 0 | Pending: 217
Confirmed: 312/512 | Reverted: 0 | Pending: 200
Confirmed: 346/512 | Reverted: 0 | Pending: 166
Confirmed: 346/512 | Reverted: 0 | Pending: 166
Confirmed: 380/512 | Reverted: 0 | Pending: 132
Confirmed: 389/512 | Reverted: 0 | Pending: 123
Confirmed: 414/512 | Reverted: 0 | Pending: 98
Confirmed: 414/512 | Reverted: 0 | Pending: 98
Confirmed: 448/512 | Reverted: 0 | Pending: 64
Confirmed: 448/512 | Reverted: 0 | Pending: 64
Confirmed: 448/512 | Reverted: 0 | Pending: 64
Confirmed: 476/512 | Reverted: 0 | Pending: 36
Confirmed: 483/512 | Reverted: 0 | Pending: 29
Confirmed: 483/512 | Reverted: 0 | Pending: 29
Confirmed: 483/512 | Reverted: 0 | Pending: 29
Confirmed: 483/512 | Reverted: 0 | Pending: 29
Confirmed: 512/512 | Reverted: 0 | Pending: 0

Receipt polling finished.
------------------------------------------
Confirmed : 512
Reverted  : 0
Timeout   : 0
Duration  : 29.697s
------------------------------------------

>>> on-chain leg: aggregate_n8_vmnos64_r5 (64 tx total, 420B/tx x 64 distinct payloads, gas/tx=176674, to=0xF5503E85CE478A7DD4CEbaDAb96B1b151a30E0fe)

Starting transaction producer...
Target submission rate : 500.00 tx/s
Submission workers      : 48


Producer finished.
------------------------------------------
Submitted : 64/64
Failed    : 0/64
Duration  : 0.279s
Rate      : 229.13 tx/s
------------------------------------------

Starting receipt polling...
------------------------------------------
Transactions to confirm : 64
Receipt workers         : 48
Receipt timeout         : 120.0s
------------------------------------------

Confirmed: 0/64 | Reverted: 0 | Pending: 64
Confirmed: 0/64 | Reverted: 0 | Pending: 64
Confirmed: 2/64 | Reverted: 0 | Pending: 62
Confirmed: 4/64 | Reverted: 0 | Pending: 60
Confirmed: 4/64 | Reverted: 0 | Pending: 60
Confirmed: 6/64 | Reverted: 0 | Pending: 58
Confirmed: 8/64 | Reverted: 0 | Pending: 56
Confirmed: 8/64 | Reverted: 0 | Pending: 56
Confirmed: 9/64 | Reverted: 0 | Pending: 55
Confirmed: 12/64 | Reverted: 0 | Pending: 52
Confirmed: 12/64 | Reverted: 0 | Pending: 52
Confirmed: 12/64 | Reverted: 0 | Pending: 52
Confirmed: 16/64 | Reverted: 0 | Pending: 48
Confirmed: 16/64 | Reverted: 0 | Pending: 48
Confirmed: 16/64 | Reverted: 0 | Pending: 48
Confirmed: 20/64 | Reverted: 0 | Pending: 44
Confirmed: 20/64 | Reverted: 0 | Pending: 44
Confirmed: 20/64 | Reverted: 0 | Pending: 44
Confirmed: 20/64 | Reverted: 0 | Pending: 44
Confirmed: 24/64 | Reverted: 0 | Pending: 40
Confirmed: 24/64 | Reverted: 0 | Pending: 40
Confirmed: 24/64 | Reverted: 0 | Pending: 40
Confirmed: 24/64 | Reverted: 0 | Pending: 40
Confirmed: 28/64 | Reverted: 0 | Pending: 36
Confirmed: 28/64 | Reverted: 0 | Pending: 36
Confirmed: 28/64 | Reverted: 0 | Pending: 36
Confirmed: 28/64 | Reverted: 0 | Pending: 36
Confirmed: 32/64 | Reverted: 0 | Pending: 32
Confirmed: 32/64 | Reverted: 0 | Pending: 32
Confirmed: 32/64 | Reverted: 0 | Pending: 32
Confirmed: 32/64 | Reverted: 0 | Pending: 32
Confirmed: 36/64 | Reverted: 0 | Pending: 28
Confirmed: 36/64 | Reverted: 0 | Pending: 28
Confirmed: 36/64 | Reverted: 0 | Pending: 28
Confirmed: 36/64 | Reverted: 0 | Pending: 28
Confirmed: 41/64 | Reverted: 0 | Pending: 23
Confirmed: 41/64 | Reverted: 0 | Pending: 23
Confirmed: 41/64 | Reverted: 0 | Pending: 23
Confirmed: 41/64 | Reverted: 0 | Pending: 23
Confirmed: 45/64 | Reverted: 0 | Pending: 19
Confirmed: 46/64 | Reverted: 0 | Pending: 18
Confirmed: 46/64 | Reverted: 0 | Pending: 18
Confirmed: 46/64 | Reverted: 0 | Pending: 18
Confirmed: 46/64 | Reverted: 0 | Pending: 18
Confirmed: 46/64 | Reverted: 0 | Pending: 18
Confirmed: 51/64 | Reverted: 0 | Pending: 13
Confirmed: 51/64 | Reverted: 0 | Pending: 13
Confirmed: 51/64 | Reverted: 0 | Pending: 13
Confirmed: 51/64 | Reverted: 0 | Pending: 13
Confirmed: 51/64 | Reverted: 0 | Pending: 13
Confirmed: 56/64 | Reverted: 0 | Pending: 8
Confirmed: 56/64 | Reverted: 0 | Pending: 8
Confirmed: 56/64 | Reverted: 0 | Pending: 8
Confirmed: 56/64 | Reverted: 0 | Pending: 8
Confirmed: 56/64 | Reverted: 0 | Pending: 8
Confirmed: 56/64 | Reverted: 0 | Pending: 8
Confirmed: 56/64 | Reverted: 0 | Pending: 8
Confirmed: 60/64 | Reverted: 0 | Pending: 4
Confirmed: 60/64 | Reverted: 0 | Pending: 4
Confirmed: 60/64 | Reverted: 0 | Pending: 4
Confirmed: 60/64 | Reverted: 0 | Pending: 4
Confirmed: 60/64 | Reverted: 0 | Pending: 4
Confirmed: 60/64 | Reverted: 0 | Pending: 4
Confirmed: 60/64 | Reverted: 0 | Pending: 4
Confirmed: 64/64 | Reverted: 0 | Pending: 0

Receipt polling finished.
------------------------------------------
Confirmed : 64
Reverted  : 0
Timeout   : 0
Duration  : 29.752s
------------------------------------------
Wrote: results/hardware-vmno-scaling/l3icalcul07/baseline-nproof8-w48-rw48-rate500/vmnos-64/zkroam-baseline-64vmnos/zkroam_baseline_64vmnos_64_500.0_48_48_resource_usage.csv

Wrote: results/hardware-vmno-scaling/l3icalcul07/baseline-nproof8-w48-rw48-rate500/vmnos-64/zkroam-baseline-64vmnos/zkroam_baseline_64vmnos_64_500.0_48_48_sweep_summary.csv

============================================================================
SWEEP HIGHLIGHTS (median across runs per nproofs/VMNO level)
============================================================================
 nproofs  num_vmnos  ind_gas_total  agg_gas_total gas_save_%  pipeline_x
       8         64    123,888,640      9,832,320      92.1%       2.02x
============================================================================

$ /Utilisateurs/abellach/zkRoam/net-heterogeneity/venv/bin/python3 monitoring/collect_metrics.py --logs-dir logs --rpc http://172.28.0.10:8545 --start-block 30 --end-block 215 --log-offsets results/hardware-vmno-scaling/l3icalcul07/baseline-nproof8-w48-rw48-rate500/vmnos-64/zkroam-baseline-64vmnos/log_offsets_at_workload_start.json --out results/hardware-vmno-scaling/l3icalcul07/baseline-nproof8-w48-rw48-rate500/vmnos-64/zkroam-baseline-64vmnos/consensus_robustness.csv
Total view changes across all nodes: 0
Blocks exceeding 2x block period (stall indicator): 0/186
Wrote results/hardware-vmno-scaling/l3icalcul07/baseline-nproof8-w48-rw48-rate500/vmnos-64/zkroam-baseline-64vmnos/consensus_robustness.csv

$ /Utilisateurs/abellach/zkRoam/net-heterogeneity/venv/bin/python3 scripts/apptainer-network.py snapshot --out results/hardware-vmno-scaling/l3icalcul07/baseline-nproof8-w48-rw48-rate500/vmnos-64/zkroam-baseline-64vmnos/runtime_snapshot
$ nsenter -t 1781749 -n apptainer exec --cleanenv /Utilisateurs/abellach/zkRoam/net-heterogeneity/zkroam-besu.sif tc -s qdisc show
$ nsenter -t 1781749 -n apptainer exec --cleanenv /Utilisateurs/abellach/zkRoam/net-heterogeneity/zkroam-besu.sif tc -s class show
$ nsenter -t 1781749 -n apptainer exec --cleanenv /Utilisateurs/abellach/zkRoam/net-heterogeneity/zkroam-besu.sif tc -s filter show
$ nsenter -t 1781749 -n apptainer exec --cleanenv /Utilisateurs/abellach/zkRoam/net-heterogeneity/zkroam-besu.sif ip -o addr show
$ nsenter -t 1782233 -n apptainer exec --cleanenv /Utilisateurs/abellach/zkRoam/net-heterogeneity/zkroam-besu.sif tc -s qdisc show
$ nsenter -t 1782233 -n apptainer exec --cleanenv /Utilisateurs/abellach/zkRoam/net-heterogeneity/zkroam-besu.sif tc -s class show
$ nsenter -t 1782233 -n apptainer exec --cleanenv /Utilisateurs/abellach/zkRoam/net-heterogeneity/zkroam-besu.sif tc -s filter show
$ nsenter -t 1782233 -n apptainer exec --cleanenv /Utilisateurs/abellach/zkRoam/net-heterogeneity/zkroam-besu.sif ip -o addr show
$ nsenter -t 1782828 -n apptainer exec --cleanenv /Utilisateurs/abellach/zkRoam/net-heterogeneity/zkroam-besu.sif tc -s qdisc show
$ nsenter -t 1782828 -n apptainer exec --cleanenv /Utilisateurs/abellach/zkRoam/net-heterogeneity/zkroam-besu.sif tc -s class show
$ nsenter -t 1782828 -n apptainer exec --cleanenv /Utilisateurs/abellach/zkRoam/net-heterogeneity/zkroam-besu.sif tc -s filter show
$ nsenter -t 1782828 -n apptainer exec --cleanenv /Utilisateurs/abellach/zkRoam/net-heterogeneity/zkroam-besu.sif ip -o addr show
$ nsenter -t 1783488 -n apptainer exec --cleanenv /Utilisateurs/abellach/zkRoam/net-heterogeneity/zkroam-besu.sif tc -s qdisc show
$ nsenter -t 1783488 -n apptainer exec --cleanenv /Utilisateurs/abellach/zkRoam/net-heterogeneity/zkroam-besu.sif tc -s class show
$ nsenter -t 1783488 -n apptainer exec --cleanenv /Utilisateurs/abellach/zkRoam/net-heterogeneity/zkroam-besu.sif tc -s filter show
$ nsenter -t 1783488 -n apptainer exec --cleanenv /Utilisateurs/abellach/zkRoam/net-heterogeneity/zkroam-besu.sif ip -o addr show
$ nsenter -t 1784264 -n apptainer exec --cleanenv /Utilisateurs/abellach/zkRoam/net-heterogeneity/zkroam-besu.sif tc -s qdisc show
$ nsenter -t 1784264 -n apptainer exec --cleanenv /Utilisateurs/abellach/zkRoam/net-heterogeneity/zkroam-besu.sif tc -s class show
$ nsenter -t 1784264 -n apptainer exec --cleanenv /Utilisateurs/abellach/zkRoam/net-heterogeneity/zkroam-besu.sif tc -s filter show
$ nsenter -t 1784264 -n apptainer exec --cleanenv /Utilisateurs/abellach/zkRoam/net-heterogeneity/zkroam-besu.sif ip -o addr show
$ nsenter -t 1785046 -n apptainer exec --cleanenv /Utilisateurs/abellach/zkRoam/net-heterogeneity/zkroam-besu.sif tc -s qdisc show
$ nsenter -t 1785046 -n apptainer exec --cleanenv /Utilisateurs/abellach/zkRoam/net-heterogeneity/zkroam-besu.sif tc -s class show
$ nsenter -t 1785046 -n apptainer exec --cleanenv /Utilisateurs/abellach/zkRoam/net-heterogeneity/zkroam-besu.sif tc -s filter show
$ nsenter -t 1785046 -n apptainer exec --cleanenv /Utilisateurs/abellach/zkRoam/net-heterogeneity/zkroam-besu.sif ip -o addr show
$ nsenter -t 1785835 -n apptainer exec --cleanenv /Utilisateurs/abellach/zkRoam/net-heterogeneity/zkroam-besu.sif tc -s qdisc show
$ nsenter -t 1785835 -n apptainer exec --cleanenv /Utilisateurs/abellach/zkRoam/net-heterogeneity/zkroam-besu.sif tc -s class show
$ nsenter -t 1785835 -n apptainer exec --cleanenv /Utilisateurs/abellach/zkRoam/net-heterogeneity/zkroam-besu.sif tc -s filter show
$ nsenter -t 1785835 -n apptainer exec --cleanenv /Utilisateurs/abellach/zkRoam/net-heterogeneity/zkroam-besu.sif ip -o addr show
$ nsenter -t 1786654 -n apptainer exec --cleanenv /Utilisateurs/abellach/zkRoam/net-heterogeneity/zkroam-besu.sif tc -s qdisc show
$ nsenter -t 1786654 -n apptainer exec --cleanenv /Utilisateurs/abellach/zkRoam/net-heterogeneity/zkroam-besu.sif tc -s class show
$ nsenter -t 1786654 -n apptainer exec --cleanenv /Utilisateurs/abellach/zkRoam/net-heterogeneity/zkroam-besu.sif tc -s filter show
$ nsenter -t 1786654 -n apptainer exec --cleanenv /Utilisateurs/abellach/zkRoam/net-heterogeneity/zkroam-besu.sif ip -o addr show
$ nsenter -t 1787466 -n apptainer exec --cleanenv /Utilisateurs/abellach/zkRoam/net-heterogeneity/zkroam-besu.sif tc -s qdisc show
$ nsenter -t 1787466 -n apptainer exec --cleanenv /Utilisateurs/abellach/zkRoam/net-heterogeneity/zkroam-besu.sif tc -s class show
$ nsenter -t 1787466 -n apptainer exec --cleanenv /Utilisateurs/abellach/zkRoam/net-heterogeneity/zkroam-besu.sif tc -s filter show
$ nsenter -t 1787466 -n apptainer exec --cleanenv /Utilisateurs/abellach/zkRoam/net-heterogeneity/zkroam-besu.sif ip -o addr show
$ nsenter -t 1788269 -n apptainer exec --cleanenv /Utilisateurs/abellach/zkRoam/net-heterogeneity/zkroam-besu.sif tc -s qdisc show
$ nsenter -t 1788269 -n apptainer exec --cleanenv /Utilisateurs/abellach/zkRoam/net-heterogeneity/zkroam-besu.sif tc -s class show
$ nsenter -t 1788269 -n apptainer exec --cleanenv /Utilisateurs/abellach/zkRoam/net-heterogeneity/zkroam-besu.sif tc -s filter show
$ nsenter -t 1788269 -n apptainer exec --cleanenv /Utilisateurs/abellach/zkRoam/net-heterogeneity/zkroam-besu.sif ip -o addr show
$ nsenter -t 1789064 -n apptainer exec --cleanenv /Utilisateurs/abellach/zkRoam/net-heterogeneity/zkroam-besu.sif tc -s qdisc show
$ nsenter -t 1789064 -n apptainer exec --cleanenv /Utilisateurs/abellach/zkRoam/net-heterogeneity/zkroam-besu.sif tc -s class show
$ nsenter -t 1789064 -n apptainer exec --cleanenv /Utilisateurs/abellach/zkRoam/net-heterogeneity/zkroam-besu.sif tc -s filter show
$ nsenter -t 1789064 -n apptainer exec --cleanenv /Utilisateurs/abellach/zkRoam/net-heterogeneity/zkroam-besu.sif ip -o addr show
$ nsenter -t 1789892 -n apptainer exec --cleanenv /Utilisateurs/abellach/zkRoam/net-heterogeneity/zkroam-besu.sif tc -s qdisc show
$ nsenter -t 1789892 -n apptainer exec --cleanenv /Utilisateurs/abellach/zkRoam/net-heterogeneity/zkroam-besu.sif tc -s class show
$ nsenter -t 1789892 -n apptainer exec --cleanenv /Utilisateurs/abellach/zkRoam/net-heterogeneity/zkroam-besu.sif tc -s filter show
$ nsenter -t 1789892 -n apptainer exec --cleanenv /Utilisateurs/abellach/zkRoam/net-heterogeneity/zkroam-besu.sif ip -o addr show
$ nsenter -t 1790669 -n apptainer exec --cleanenv /Utilisateurs/abellach/zkRoam/net-heterogeneity/zkroam-besu.sif tc -s qdisc show
$ nsenter -t 1790669 -n apptainer exec --cleanenv /Utilisateurs/abellach/zkRoam/net-heterogeneity/zkroam-besu.sif tc -s class show
$ nsenter -t 1790669 -n apptainer exec --cleanenv /Utilisateurs/abellach/zkRoam/net-heterogeneity/zkroam-besu.sif tc -s filter show
$ nsenter -t 1790669 -n apptainer exec --cleanenv /Utilisateurs/abellach/zkRoam/net-heterogeneity/zkroam-besu.sif ip -o addr show
$ nsenter -t 1791483 -n apptainer exec --cleanenv /Utilisateurs/abellach/zkRoam/net-heterogeneity/zkroam-besu.sif tc -s qdisc show
$ nsenter -t 1791483 -n apptainer exec --cleanenv /Utilisateurs/abellach/zkRoam/net-heterogeneity/zkroam-besu.sif tc -s class show
$ nsenter -t 1791483 -n apptainer exec --cleanenv /Utilisateurs/abellach/zkRoam/net-heterogeneity/zkroam-besu.sif tc -s filter show
$ nsenter -t 1791483 -n apptainer exec --cleanenv /Utilisateurs/abellach/zkRoam/net-heterogeneity/zkroam-besu.sif ip -o addr show
$ nsenter -t 1792280 -n apptainer exec --cleanenv /Utilisateurs/abellach/zkRoam/net-heterogeneity/zkroam-besu.sif tc -s qdisc show
$ nsenter -t 1792280 -n apptainer exec --cleanenv /Utilisateurs/abellach/zkRoam/net-heterogeneity/zkroam-besu.sif tc -s class show
$ nsenter -t 1792280 -n apptainer exec --cleanenv /Utilisateurs/abellach/zkRoam/net-heterogeneity/zkroam-besu.sif tc -s filter show
$ nsenter -t 1792280 -n apptainer exec --cleanenv /Utilisateurs/abellach/zkRoam/net-heterogeneity/zkroam-besu.sif ip -o addr show
$ apptainer exec --cleanenv /Utilisateurs/abellach/zkRoam/net-heterogeneity/zkroam-besu.sif ip -details addr show zkroam0

$ /Utilisateurs/abellach/zkRoam/net-heterogeneity/venv/bin/python3 scripts/apptainer-network.py stop
$ apptainer exec --cleanenv /Utilisateurs/abellach/zkRoam/net-heterogeneity/zkroam-besu.sif ip -o link show
$ apptainer exec --cleanenv /Utilisateurs/abellach/zkRoam/net-heterogeneity/zkroam-besu.sif ip link delete zkh00
$ apptainer exec --cleanenv /Utilisateurs/abellach/zkRoam/net-heterogeneity/zkroam-besu.sif ip link delete zkh01
$ apptainer exec --cleanenv /Utilisateurs/abellach/zkRoam/net-heterogeneity/zkroam-besu.sif ip link delete zkh02
$ apptainer exec --cleanenv /Utilisateurs/abellach/zkRoam/net-heterogeneity/zkroam-besu.sif ip link delete zkh03
$ apptainer exec --cleanenv /Utilisateurs/abellach/zkRoam/net-heterogeneity/zkroam-besu.sif ip link delete zkh04
$ apptainer exec --cleanenv /Utilisateurs/abellach/zkRoam/net-heterogeneity/zkroam-besu.sif ip link delete zkh05
$ apptainer exec --cleanenv /Utilisateurs/abellach/zkRoam/net-heterogeneity/zkroam-besu.sif ip link delete zkh06
$ apptainer exec --cleanenv /Utilisateurs/abellach/zkRoam/net-heterogeneity/zkroam-besu.sif ip link delete zkh07
$ apptainer exec --cleanenv /Utilisateurs/abellach/zkRoam/net-heterogeneity/zkroam-besu.sif ip link delete zkh08
$ apptainer exec --cleanenv /Utilisateurs/abellach/zkRoam/net-heterogeneity/zkroam-besu.sif ip link delete zkh09
$ apptainer exec --cleanenv /Utilisateurs/abellach/zkRoam/net-heterogeneity/zkroam-besu.sif ip link delete zkh10
$ apptainer exec --cleanenv /Utilisateurs/abellach/zkRoam/net-heterogeneity/zkroam-besu.sif ip link delete zkh11
$ apptainer exec --cleanenv /Utilisateurs/abellach/zkRoam/net-heterogeneity/zkroam-besu.sif ip link delete zkh12
$ apptainer exec --cleanenv /Utilisateurs/abellach/zkRoam/net-heterogeneity/zkroam-besu.sif ip link delete zkh13
$ apptainer exec --cleanenv /Utilisateurs/abellach/zkRoam/net-heterogeneity/zkroam-besu.sif ip link delete zkh14
$ apptainer exec --cleanenv /Utilisateurs/abellach/zkRoam/net-heterogeneity/zkroam-besu.sif ip link delete zkroam0
