Setting logging level to INFO
2026-10-07 14:26:00.266+00:00 | main | INFO  | Besu | Starting Besu
2026-10-07 14:26:00.652+00:00 | main | WARN  | Besu | --graphql-http-host has been ignored because --graphql-http-enabled was not defined on the command line.
2026-10-07 14:26:00.755+00:00 | main | INFO  | Besu | Connecting to 0 static nodes.
2026-10-07 14:26:00.758+00:00 | main | INFO  | Besu | Forcing price bump for transaction replacement to 0, since min-gas-price is set to 0
2026-10-07 14:26:00.759+00:00 | main | WARN  | Besu | Forcing tx-pool-min-gas-price=0, since it cannot be greater than the value of min-gas-price
2026-10-07 14:26:01.234+00:00 | main | INFO  | Besu | 
####################################################################################################
#                                                                                                  #
# Besu version 24.7.0                                                                              #
#                                                                                                  #
# Configuration:                                                                                   #
# Network: Custom genesis file                                                                     #
# /config/genesis.json                                                                             #
# Network Id: 1337                                                                                 #
# Data storage: Bonsai                                                                             #
# Sync mode: Full                                                                                  #
# RPC HTTP APIs: ETH,QBFT,NET,ADMIN,WEB3                                                           #
# RPC HTTP port: 8545                                                                              #
# Using LAYERED transaction pool implementation                                                    #
# Using STACKED worldstate update mode                                                             #
# Limit trie logs enabled: retention: 512; prune window: 30000                                     #
#                                                                                                  #
# Host:                                                                                            #
# Java: openjdk-java-21                                                                            #
# Maximum heap size: 29.50 GB                                                                      #
# OS: linux-x86_64                                                                                 #
# glibc: 2.39                                                                                      #
# jemalloc: 5.3.0-0-g54eaed1d8b56b1aa528be3bdd1877e59c56fa90c                                      #
# Total memory: 1007.68 GB                                                                         #
# CPU cores: 256                                                                                   #
#                                                                                                  #
# Plugin Registration Summary:                                                                     #
# No plugins have been registered.                                                                 #
# TOTAL = 0 of 0 plugins successfully registered.                                                  #
#                                                                                                  #
####################################################################################################
2026-10-07 14:26:01.235+00:00 | main | INFO  | Besu | Security Module: localfile
2026-10-07 14:26:01.237+00:00 | main | INFO  | VersionMetadata | Lookup version metadata file in data directory: /data
2026-10-07 14:26:01.237+00:00 | main | INFO  | VersionMetadata | No version data detected. Writing Besu version 24.7.0 to metadata file
2026-10-07 14:26:01.348+00:00 | main | INFO  | Besu | Using the native implementation of alt bn128
2026-10-07 14:26:01.435+00:00 | main | INFO  | Besu | Using the native implementation of modexp
2026-10-07 14:26:01.435+00:00 | main | INFO  | Besu | Using the native implementation of the signature algorithm
2026-10-07 14:26:01.444+00:00 | main | INFO  | Besu | Using the native implementation of the blake2bf algorithm
2026-10-07 14:26:01.541+00:00 | main | INFO  | Besu | Forcing price bump for transaction replacement to 0, since min-gas-price is set to 0
2026-10-07 14:26:01.542+00:00 | main | WARN  | Besu | Forcing tx-pool-min-gas-price=0, since it cannot be greater than the value of min-gas-price
2026-10-07 14:26:01.544+00:00 | main | INFO  | KeyPairUtil | Attempting to load public key from /data/key.priv
2026-10-07 14:26:01.566+00:00 | main | INFO  | KeyPairUtil | Loaded public key 0xd870a4bc65c774a6cc24965dd3314bb9ee41351aadd8bed4f0773b21abdbd7eeb6a588f7fbc833b816ce2e02aa7484037e4a9d4f47b6a6af881c4c78b74233c7 from /data/key.priv
2026-10-07 14:26:01.728+00:00 | main | INFO  | ProtocolScheduleBuilder | Protocol schedule created with milestones: [Berlin:0]
2026-10-07 14:26:01.732+00:00 | main | INFO  | RocksDBKeyValueStorageFactory | No existing database at /data. Using default metadata for new db versionedStorageFormat=BaseVersionedStorageFormat{format=BONSAI, version=2}
2026-10-07 14:26:02.053+00:00 | main | INFO  | FlatDbStrategyProvider | Bonsai flat db mode found FULL
2026-10-07 14:26:02.057+00:00 | main | INFO  | FlatDbStrategyProvider | Bonsai db mode with code stored using code hash enabled = true
2026-10-07 14:26:02.068+00:00 | main | INFO  | FlatDbStrategyProvider | Bonsai flat db mode found FULL
2026-10-07 14:26:02.070+00:00 | main | INFO  | FlatDbStrategyProvider | Bonsai db mode with code stored using code hash enabled = true
2026-10-07 14:26:02.568+00:00 | main | INFO  | TransactionPoolFactory | Enabling transaction pool
2026-10-07 14:26:02.589+00:00 | main | INFO  | BesuControllerBuilder | TTD difficulty is not present, creating initial sync phase for PoW
2026-10-07 14:26:02.635+00:00 | main | INFO  | TrieLogPruner | Loading first 30000 trie logs from database...
2026-10-07 14:26:02.637+00:00 | main | INFO  | TrieLogPruner | Loaded 1 trie logs from database
2026-10-07 14:26:02.644+00:00 | main | INFO  | RunnerBuilder | Resolved 3 bootnodes.
2026-10-07 14:26:02.650+00:00 | main | INFO  | RunnerBuilder | Detecting NAT service.
2026-10-07 14:26:02.868+00:00 | main | INFO  | Runner | Starting external services ... 
2026-10-07 14:26:02.869+00:00 | main | INFO  | JsonRpcHttpService | Starting JSON-RPC service on 0.0.0.0:8545
2026-10-07 14:26:03.040+00:00 | vert.x-eventloop-thread-1 | INFO  | JsonRpcHttpService | JSON-RPC service started and listening on 0.0.0.0:8545
2026-10-07 14:26:03.042+00:00 | main | INFO  | WebSocketService | Starting Websocket service on 0.0.0.0:8546
2026-10-07 14:26:03.045+00:00 | vert.x-eventloop-thread-1 | INFO  | WebSocketService | Websocket service started and listening on 0.0.0.0:8546
2026-10-07 14:26:03.050+00:00 | main | INFO  | AutoTransactionLogBloomCachingService | Starting auto transaction log bloom caching service.
2026-10-07 14:26:03.051+00:00 | main | INFO  | LogBloomCacheMetadata | Lookup cache metadata file in data directory: /data/caches
2026-10-07 14:26:03.060+00:00 | main | INFO  | Runner | Starting Ethereum main loop ... 
2026-10-07 14:26:03.060+00:00 | main | INFO  | NatService | No NAT environment detected so no service could be started
2026-10-07 14:26:03.060+00:00 | main | INFO  | NetworkRunner | Starting Network.
2026-10-07 14:26:03.073+00:00 | nioEventLoopGroup-2-1 | INFO  | RlpxAgent | P2P RLPx agent started and listening on /[0:0:0:0:0:0:0:0]:30303.
2026-10-07 14:26:03.073+00:00 | main | INFO  | PeerDiscoveryAgent | Starting peer discovery agent on host=0.0.0.0, port=30303. IPv6 available.
2026-10-07 14:26:03.088+00:00 | vert.x-eventloop-thread-1 | INFO  | VertxPeerDiscoveryAgent | Started peer discovery agent successfully, on effective host=0:0:0:0:0:0:0:0%0 and port=30303
2026-10-07 14:26:03.089+00:00 | vert.x-eventloop-thread-1 | INFO  | PeerDiscoveryAgent | P2P peer discovery agent started and listening on /[0:0:0:0:0:0:0:0%0]:30303
2026-10-07 14:26:03.159+00:00 | vert.x-eventloop-thread-1 | INFO  | PeerDiscoveryAgent | Writing node record to disk. NodeRecord{seq=1, publicKey=0x03d870a4bc65c774a6cc24965dd3314bb9ee41351aadd8bed4f0773b21abdbd7ee, udpAddress=Optional[/0.0.0.0:30303], tcpAddress=Optional[/0.0.0.0:30303], asBase64=-Je4QAWlx_OylH6Qdg0nZevZvYBNmWJX4Qprum0AIYESPON2Oq5Zs4--dBJq5VdxET-7oAOtXQ_WANCkWqJCbY0TChMBg2V0aMfGhCqbWhqAgmlkgnY0gmlwhAAAAACJc2VjcDI1NmsxoQPYcKS8Zcd0pswkll3TMUu57kE1Gq3YvtTwdzshq9vX7oN0Y3CCdl-DdWRwgnZf, nodeId=0x68a1ec8c6f2d5fc0d95021be8c6de46e93bfb46b9bd273db439d1d285502fa48, customFields={tcp=30303, udp=30303, ip=0x00000000, eth=[[0x2a9b5a1a, 0x]], id=V4, secp256k1=0x03d870a4bc65c774a6cc24965dd3314bb9ee41351aadd8bed4f0773b21abdbd7ee}}
2026-10-07 14:26:03.194+00:00 | main | INFO  | DefaultP2PNetwork | Enode URL enode://d870a4bc65c774a6cc24965dd3314bb9ee41351aadd8bed4f0773b21abdbd7eeb6a588f7fbc833b816ce2e02aa7484037e4a9d4f47b6a6af881c4c78b74233c7@0.0.0.0:30303
2026-10-07 14:26:03.195+00:00 | main | INFO  | DefaultP2PNetwork | Node address 0x8c6de46e93bfb46b9bd273db439d1d285502fa48
2026-10-07 14:26:03.215+00:00 | main | INFO  | NetworkRunner | Supported capabilities: [eth/62, eth/63, eth/64, eth/65, eth/66, eth/67, eth/68], [istanbul/100], [snap/1]
2026-10-07 14:26:03.215+00:00 | main | INFO  | DefaultSynchronizer | Starting synchronizer.
2026-10-07 14:26:03.217+00:00 | main | INFO  | TransactionPoolFactory | Enabling transaction handling following initial sync
2026-10-07 14:26:03.217+00:00 | main | INFO  | QbftBesuControllerBuilder | Starting QBFT mining coordinator following initial sync
2026-10-07 14:26:03.232+00:00 | main | INFO  | FullSyncDownloader | Starting full sync.
2026-10-07 14:26:03.233+00:00 | main | INFO  | FullSyncTargetManager | Unable to find sync target. Currently checking 0 peers for usefulness
2026-10-07 14:26:03.240+00:00 | main | INFO  | Runner | Ethereum main loop is up.
2026-10-07 14:26:03.717+00:00 | nioEventLoopGroup-3-2 | INFO  | FullSyncTargetManager | Unable to find sync target. Currently checking 3 peers for usefulness
2026-10-07 14:26:03.941+00:00 | nioEventLoopGroup-3-9 | INFO  | FullSyncTargetManager | Unable to find sync target. Currently checking 4 peers for usefulness
2026-10-07 14:26:03.951+00:00 | nioEventLoopGroup-3-6 | INFO  | FullSyncTargetManager | Unable to find sync target. Currently checking 5 peers for usefulness
2026-10-07 14:26:03.957+00:00 | nioEventLoopGroup-3-7 | INFO  | FullSyncTargetManager | Unable to find sync target. Currently checking 6 peers for usefulness
2026-10-07 14:26:04.340+00:00 | nioEventLoopGroup-3-10 | INFO  | FullSyncTargetManager | Unable to find sync target. Currently checking 7 peers for usefulness
2026-10-07 14:26:08.841+00:00 | nioEventLoopGroup-3-5 | INFO  | FullSyncTargetManager | Unable to find sync target. Currently checking 8 peers for usefulness
2026-10-07 14:26:10.666+00:00 | nioEventLoopGroup-3-7 | INFO  | FullSyncTargetManager | Unable to find sync target. Currently checking 9 peers for usefulness
2026-10-07 14:26:12.742+00:00 | nioEventLoopGroup-3-9 | INFO  | FullSyncTargetManager | Unable to find sync target. Currently checking 10 peers for usefulness
2026-10-07 14:26:13.277+00:00 | nioEventLoopGroup-3-1 | INFO  | FullSyncTargetManager | Unable to find sync target. Currently checking 11 peers for usefulness
2026-10-07 14:26:17.889+00:00 | BftProcessorExecutor-QBFT-0 | INFO  | QbftRound | Importing proposed block to chain. round=ConsensusRoundIdentifier{Sequence=1, Round=1}, hash=0xf92069646d7a16d510a36f41fa05ef9bf544738628a8b10ef67897d510a9afcc
2026-10-07 14:26:17.912+00:00 | BftProcessorExecutor-QBFT-0 | INFO  | QbftBesuControllerBuilder | Imported #1 / 0 tx / 0 pending / 0 (0.0%) gas / (0xf92069646d7a16d510a36f41fa05ef9bf544738628a8b10ef67897d510a9afcc)
2026-10-07 14:26:18.281+00:00 | EthScheduler-Timer-0 | INFO  | FullSyncTargetManager | Unable to find sync target. Currently checking 11 peers for usefulness
2026-10-07 14:26:18.510+00:00 | nioEventLoopGroup-3-3 | INFO  | FullSyncTargetManager | Unable to find sync target. Currently checking 12 peers for usefulness
2026-10-07 14:26:19.282+00:00 | BftProcessorExecutor-QBFT-0 | INFO  | QbftBesuControllerBuilder | Imported #2 / 0 tx / 0 pending / 0 (0.0%) gas / (0xed6e5b1f4cf35ea93320bbad39b0206544068a22a7f3395f7a035568fc0e4a80)
2026-10-07 14:26:21.319+00:00 | BftProcessorExecutor-QBFT-0 | INFO  | QbftBesuControllerBuilder | Imported #3 / 0 tx / 0 pending / 0 (0.0%) gas / (0x7704ddc652b88b36e0c19a0bc18bb413674428699375c0f0dfc2ede965bcc993)
2026-10-07 14:26:23.310+00:00 | BftProcessorExecutor-QBFT-0 | INFO  | QbftBesuControllerBuilder | Imported #4 / 0 tx / 0 pending / 0 (0.0%) gas / (0x546e61cccb7305297d76a776823d3c8346bc6dee59940ff77da0215ea03d7047)
2026-10-07 14:26:25.285+00:00 | BftProcessorExecutor-QBFT-0 | INFO  | QbftBesuControllerBuilder | Imported #5 / 0 tx / 1 pending / 0 (0.0%) gas / (0xf75e9134dfaddf57e070d77f0bd6175d8fb23d5718e4eb12d434c23f616bbe24)
2026-10-07 14:26:27.338+00:00 | BftProcessorExecutor-QBFT-0 | INFO  | QbftBesuControllerBuilder | Imported #6 / 0 tx / 1 pending / 0 (0.0%) gas / (0x96e59759ed1824d630b08afd29f2909a319718d08044e8c336cf532ae99cf39a)
2026-10-07 14:26:29.344+00:00 | BftProcessorExecutor-QBFT-0 | INFO  | QbftBesuControllerBuilder | Produced #7 / 0 tx / 1 pending / 0 (0.0%) gas / (0x3d5d1cddd6e5ded469f289d89a32485b3f7c07e9eebcb3c55e55241b64fc33c6)
2026-10-07 14:26:31.380+00:00 | BftProcessorExecutor-QBFT-0 | INFO  | QbftBesuControllerBuilder | Imported #8 / 0 tx / 1 pending / 0 (0.0%) gas / (0xf323de39f252121d6738ba7d4a99295994fc44cecbb9ae0cdecd6f0f51073be8)
2026-10-07 14:26:33.402+00:00 | BftProcessorExecutor-QBFT-0 | INFO  | QbftBesuControllerBuilder | Imported #9 / 0 tx / 1 pending / 0 (0.0%) gas / (0x111d19cc7f00e2fb54701a04b8c51bca4a1eb283f3fc00d0446f91f570ccf43f)
2026-10-07 14:26:35.441+00:00 | BftProcessorExecutor-QBFT-0 | INFO  | QbftBesuControllerBuilder | Imported #10 / 0 tx / 1 pending / 0 (0.0%) gas / (0x4964106c8ac43092da637b76d4aa9433e4d0c34973af3043712f5d419c05b42a)
2026-10-07 14:26:37.493+00:00 | BftProcessorExecutor-QBFT-0 | INFO  | QbftBesuControllerBuilder | Imported #11 / 0 tx / 1 pending / 0 (0.0%) gas / (0xed62e160b0d0cd72d384b8b71db29fe16aee9c9ab34d178761ee4181482b869c)
2026-10-07 14:26:39.550+00:00 | BftProcessorExecutor-QBFT-0 | INFO  | QbftBesuControllerBuilder | Imported #12 / 0 tx / 1 pending / 0 (0.0%) gas / (0x148ae6af701d43358d4d62af736bcc9aab0465f1ccdc1588abba3abfe917dbcd)
2026-10-07 14:26:41.460+00:00 | BftProcessorExecutor-QBFT-0 | INFO  | QbftBesuControllerBuilder | Imported #13 / 0 tx / 1 pending / 0 (0.0%) gas / (0x028ce7fc52b93c954bcebdf78d9015c02b5f272aca3782ef8adbb080306cfbf4)
2026-10-07 14:26:43.491+00:00 | BftProcessorExecutor-QBFT-0 | INFO  | QbftBesuControllerBuilder | Imported #14 / 0 tx / 1 pending / 0 (0.0%) gas / (0x14c20a69ef00df8e95fcfb5c23ecf69d6b0d5484ea034dcee92657877908b297)
2026-10-07 14:26:45.429+00:00 | BftProcessorExecutor-QBFT-0 | INFO  | QbftBesuControllerBuilder | Imported #15 / 1 tx / 0 pending / 465,218 (0.0%) gas / (0x187304ae3d2531b9b3e62ca5120a4d698bb6f7768e44ae16f354844934fdbb21)
2026-10-07 14:26:47.254+00:00 | BftProcessorExecutor-QBFT-0 | INFO  | QbftBesuControllerBuilder | Imported #16 / 0 tx / 1 pending / 0 (0.0%) gas / (0x1a38c5a36a2eda92c950c2b66a0a80b85f12cab0e1bffbf67769fb5c97e1b788)
2026-10-07 14:26:49.245+00:00 | BftProcessorExecutor-QBFT-0 | INFO  | QbftBesuControllerBuilder | Imported #17 / 0 tx / 1 pending / 0 (0.0%) gas / (0xf6bb080fba4d87e155bc1f20620e8669878a984426feaa6882330c8533d9ddb9)
2026-10-07 14:26:51.244+00:00 | BftProcessorExecutor-QBFT-0 | INFO  | QbftBesuControllerBuilder | Imported #18 / 0 tx / 1 pending / 0 (0.0%) gas / (0xcdad9bae501471763ba3df5eba831066f85ff9ceaf10d13b7ea805f2c7aaa0a5)
2026-10-07 14:26:53.265+00:00 | BftProcessorExecutor-QBFT-0 | INFO  | QbftBesuControllerBuilder | Imported #19 / 0 tx / 1 pending / 0 (0.0%) gas / (0x9340fb466b68982dce28d563eb1dbf5968760811e511d2267e361cb027276e06)
2026-10-07 14:26:53.275+00:00 | EthScheduler-Workers-0 | INFO  | PersistBlockTask | Block 19 (0x9340fb466b68982dce28d563eb1dbf5968760811e511d2267e361cb027276e06) is already imported
2026-10-07 14:26:55.254+00:00 | EthScheduler-Workers-0 | INFO  | PersistBlockTask | Block 20 (0x251dd6fb93caeb1130d38313c41ffa83e29112eb83a2e5933726992139d7c9c4) is already imported
2026-10-07 14:26:55.255+00:00 | BftProcessorExecutor-QBFT-0 | INFO  | QbftBesuControllerBuilder | Imported #20 / 0 tx / 1 pending / 0 (0.0%) gas / (0x251dd6fb93caeb1130d38313c41ffa83e29112eb83a2e5933726992139d7c9c4)
2026-10-07 14:26:57.328+00:00 | BftProcessorExecutor-QBFT-0 | INFO  | QbftBesuControllerBuilder | Imported #21 / 0 tx / 1 pending / 0 (0.0%) gas / (0x77ed0585b30a336fc96eea8c8a1d41f744d37f565534e36a2a086f9650fc4acf)
2026-10-07 14:26:59.338+00:00 | EthScheduler-Workers-0 | INFO  | PersistBlockTask | Block 22 (0xbd579b717664e7a3b89a37f185f4d06b7b5f8cfb749fd1d0629f5a0d1730296c) is already imported
2026-10-07 14:26:59.338+00:00 | BftProcessorExecutor-QBFT-0 | INFO  | QbftBesuControllerBuilder | Produced #22 / 0 tx / 1 pending / 0 (0.0%) gas / (0xbd579b717664e7a3b89a37f185f4d06b7b5f8cfb749fd1d0629f5a0d1730296c)
2026-10-07 14:27:01.334+00:00 | BftProcessorExecutor-QBFT-0 | INFO  | QbftBesuControllerBuilder | Imported #23 / 0 tx / 1 pending / 0 (0.0%) gas / (0x789b9dc7848efa742b5d1bb0c68fb616032e32d394108096d2dfb1320c5a2e47)
2026-10-07 14:27:03.327+00:00 | BftProcessorExecutor-QBFT-0 | INFO  | QbftBesuControllerBuilder | Imported #24 / 0 tx / 1 pending / 0 (0.0%) gas / (0x431a8c2432e4cbbc37fadddd8b480adf6c84ea40e44367800c9832ae567375e7)
2026-10-07 14:27:05.334+00:00 | BftProcessorExecutor-QBFT-0 | INFO  | QbftBesuControllerBuilder | Imported #25 / 0 tx / 1 pending / 0 (0.0%) gas / (0x1c7c8c02492edf6550c246b5353b06d9999408eb9bf09c74b3008beb2955cc15)
2026-10-07 14:27:07.338+00:00 | BftProcessorExecutor-QBFT-0 | INFO  | QbftBesuControllerBuilder | Imported #26 / 0 tx / 1 pending / 0 (0.0%) gas / (0xf710930cf89cb5e776ccca7d6a724b641edcdd583fef7bdcad11eead2afe876d)
2026-10-07 14:27:09.440+00:00 | BftProcessorExecutor-QBFT-0 | INFO  | QbftBesuControllerBuilder | Imported #27 / 0 tx / 1 pending / 0 (0.0%) gas / (0xd5cc675819cae366952524a93b2fa1752ad6565ecc2421129860ed0b57cd2f3a)
2026-10-07 14:27:11.481+00:00 | BftProcessorExecutor-QBFT-0 | INFO  | QbftBesuControllerBuilder | Imported #28 / 0 tx / 1 pending / 0 (0.0%) gas / (0xc8385f94dd0bb36e0c835c7cf0d6ee476fd251471de772f5522cca6f56414753)
2026-10-07 14:27:13.501+00:00 | BftProcessorExecutor-QBFT-0 | INFO  | QbftBesuControllerBuilder | Imported #29 / 0 tx / 1 pending / 0 (0.0%) gas / (0x75d561d08e9d06d2f841bb63427121b2adc9ab46a0fa42bc9c216cda27ff0259)
2026-10-07 14:27:15.307+00:00 | BftProcessorExecutor-QBFT-0 | INFO  | QbftBesuControllerBuilder | Imported #30 / 1 tx / 0 pending / 1,832,981 (0.0%) gas / (0x53e4a4139894ad43f22dfe2506ec6a34f36e8a4b840e0283eab40bb335c29bbb)
2026-10-07 14:27:17.243+00:00 | BftProcessorExecutor-QBFT-0 | INFO  | QbftBesuControllerBuilder | Imported #31 / 0 tx / 0 pending / 0 (0.0%) gas / (0xa875d98265569875f7a4099ed3b29c2176aa534f32e5674f45325b1f9204673d)
2026-10-07 14:27:19.260+00:00 | BftProcessorExecutor-QBFT-0 | INFO  | QbftBesuControllerBuilder | Imported #32 / 0 tx / 0 pending / 0 (0.0%) gas / (0xf536bfd2e2bc12599b76d0ddf793a105335a036dcb3ad90c761d0c5c71c68793)
2026-10-07 14:27:19.262+00:00 | EthScheduler-Workers-0 | INFO  | PersistBlockTask | Block 32 (0xf536bfd2e2bc12599b76d0ddf793a105335a036dcb3ad90c761d0c5c71c68793) is already imported
2026-10-07 14:27:21.250+00:00 | BftProcessorExecutor-QBFT-0 | INFO  | QbftBesuControllerBuilder | Imported #33 / 0 tx / 0 pending / 0 (0.0%) gas / (0x575d6957af2e648399e1c69205157a0cef9832c3c9b4f1c9b7b8adbc4a7583fa)
2026-10-07 14:27:23.260+00:00 | BftProcessorExecutor-QBFT-0 | INFO  | QbftBesuControllerBuilder | Imported #34 / 0 tx / 0 pending / 0 (0.0%) gas / (0xddad08a65931080dc04373e54e69867c66ec53da35c106957471e3d2c79a4d43)
2026-10-07 14:27:25.267+00:00 | EthScheduler-Workers-0 | INFO  | PersistBlockTask | Block 35 (0x743ab24612db5ee4c3819623f17faf26dc1d2c23df0dda63cde9070adc0f3eb0) is already imported
2026-10-07 14:27:25.268+00:00 | BftProcessorExecutor-QBFT-0 | INFO  | QbftBesuControllerBuilder | Imported #35 / 0 tx / 0 pending / 0 (0.0%) gas / (0x743ab24612db5ee4c3819623f17faf26dc1d2c23df0dda63cde9070adc0f3eb0)
2026-10-07 14:27:27.349+00:00 | BftProcessorExecutor-QBFT-0 | INFO  | QbftBesuControllerBuilder | Imported #36 / 0 tx / 0 pending / 0 (0.0%) gas / (0x8a5bde53f86360e0000569ab23176da0ac51ae1233f9f50a591e92377527aae7)
2026-10-07 14:27:29.336+00:00 | EthScheduler-Workers-0 | INFO  | PersistBlockTask | Block 37 (0xc3b408d87ccaac3cbd0dcd8625251c04ca8dff3cd2247375ff9ba69bfb3d9dea) is already imported
2026-10-07 14:27:29.338+00:00 | BftProcessorExecutor-QBFT-0 | INFO  | QbftBesuControllerBuilder | Produced #37 / 0 tx / 0 pending / 0 (0.0%) gas / (0xc3b408d87ccaac3cbd0dcd8625251c04ca8dff3cd2247375ff9ba69bfb3d9dea)
2026-10-07 14:27:31.344+00:00 | BftProcessorExecutor-QBFT-0 | INFO  | QbftBesuControllerBuilder | Imported #38 / 0 tx / 0 pending / 0 (0.0%) gas / (0x614a53b32d9ab26e60ba0d46b846d405ed1a7cc1bfadfbd1f35e6e60a14c624d)
2026-10-07 14:27:33.343+00:00 | BftProcessorExecutor-QBFT-0 | INFO  | QbftBesuControllerBuilder | Imported #39 / 0 tx / 0 pending / 0 (0.0%) gas / (0x35edd11e4650f604198147ee0c4c40dc1a1ef19843df59a506efd08333a0b9f6)
2026-10-07 14:27:33.346+00:00 | EthScheduler-Workers-0 | INFO  | PersistBlockTask | Block 39 (0x35edd11e4650f604198147ee0c4c40dc1a1ef19843df59a506efd08333a0b9f6) is already imported
2026-10-07 14:27:35.335+00:00 | BftProcessorExecutor-QBFT-0 | INFO  | QbftBesuControllerBuilder | Imported #40 / 0 tx / 0 pending / 0 (0.0%) gas / (0x264ea295d32624535e31f7f4f42585123faeb73d64feb1c7111d23be0cb23e92)
2026-10-07 14:27:37.334+00:00 | BftProcessorExecutor-QBFT-0 | INFO  | QbftBesuControllerBuilder | Imported #41 / 0 tx / 0 pending / 0 (0.0%) gas / (0xd31de8e0d1481647345b889d302fa834e704d344b8f1d88b247d6ceac8eef3ef)
2026-10-07 14:27:40.153+00:00 | BftProcessorExecutor-QBFT-0 | INFO  | QbftBesuControllerBuilder | Imported #42 / 10 tx / 448 pending / 2,419,700 (0.0%) gas / (0xe57193fad66f2ebd6fa9550c0ae56b8b03db2ecc01310e2ea50bf5c20d988fb9)
2026-10-07 14:27:45.084+00:00 | BftProcessorExecutor-QBFT-0 | INFO  | QbftBesuControllerBuilder | Imported #43 / 60 tx / 941 pending / 14,518,200 (0.0%) gas / (0x0e925d28c0a7fa73cbe6d610adb04a9edb4e3a6e39e09cf96d8218ab3c4ff1f9)
2026-10-07 14:27:45.083+00:00 | EthScheduler-Workers-0 | INFO  | PersistBlockTask | Block 43 (0x0e925d28c0a7fa73cbe6d610adb04a9edb4e3a6e39e09cf96d8218ab3c4ff1f9) is already imported
2026-10-07 14:27:47.505+00:00 | EthScheduler-Workers-0 | INFO  | PersistBlockTask | Block 44 (0x4989314245cb5d986262e97382183fa9a7ed1f917737a49657bf373e769d41ab) is already imported
2026-10-07 14:27:47.507+00:00 | BftProcessorExecutor-QBFT-0 | INFO  | QbftBesuControllerBuilder | Imported #44 / 68 tx / 886 pending / 16,453,960 (0.0%) gas / (0x4989314245cb5d986262e97382183fa9a7ed1f917737a49657bf373e769d41ab)
2026-10-07 14:27:48.776+00:00 | EthScheduler-Workers-0 | INFO  | PersistBlockTask | Block 45 (0x5d032efd8e1fda0312fc1c9cad1cc8ad7dc81dcbedebb191fe42c250b1f59147) is already imported
2026-10-07 14:27:48.779+00:00 | BftProcessorExecutor-QBFT-0 | INFO  | QbftBesuControllerBuilder | Imported #45 / 69 tx / 817 pending / 16,695,930 (0.0%) gas / (0x5d032efd8e1fda0312fc1c9cad1cc8ad7dc81dcbedebb191fe42c250b1f59147)
2026-10-07 14:27:50.310+00:00 | EthScheduler-Workers-0 | INFO  | PersistBlockTask | Block 46 (0x0bfa842e4edbf70a2d3255559c0d47ffb848ab475c86c7e5887727cf42b823a8) is already imported
2026-10-07 14:27:50.313+00:00 | BftProcessorExecutor-QBFT-0 | INFO  | QbftBesuControllerBuilder | Imported #46 / 69 tx / 748 pending / 16,695,930 (0.0%) gas / (0x0bfa842e4edbf70a2d3255559c0d47ffb848ab475c86c7e5887727cf42b823a8)
2026-10-07 14:27:52.367+00:00 | EthScheduler-Workers-0 | INFO  | PersistBlockTask | Block 47 (0xbee991ce45c32f2d72b35a794681cfad57a1b4effdc9cfb24b9697dee20daa06) is already imported
2026-10-07 14:27:52.371+00:00 | BftProcessorExecutor-QBFT-0 | INFO  | QbftBesuControllerBuilder | Imported #47 / 69 tx / 679 pending / 16,695,930 (0.0%) gas / (0xbee991ce45c32f2d72b35a794681cfad57a1b4effdc9cfb24b9697dee20daa06)
2026-10-07 14:27:54.382+00:00 | BftProcessorExecutor-QBFT-0 | INFO  | QbftBesuControllerBuilder | Imported #48 / 69 tx / 610 pending / 16,695,930 (0.0%) gas / (0xa27c5db71b5432e3b8ef5df0439425811f017cc81911637eda3e1c602a4c655b)
2026-10-07 14:27:56.326+00:00 | BftProcessorExecutor-QBFT-0 | INFO  | QbftBesuControllerBuilder | Imported #49 / 68 tx / 542 pending / 16,453,960 (0.0%) gas / (0x5ed67c1d1aa16ab78036603a260d0b9ba116617213881e9a92046f7316ac979f)
2026-10-07 14:27:58.367+00:00 | BftProcessorExecutor-QBFT-0 | INFO  | QbftBesuControllerBuilder | Imported #50 / 68 tx / 474 pending / 16,453,960 (0.0%) gas / (0x33805c32f9ddb27d8999866e916ad93b7ed7937178b1870f5f56e67af5dbc7a0)
2026-10-07 14:28:00.443+00:00 | BftProcessorExecutor-QBFT-0 | INFO  | QbftBesuControllerBuilder | Imported #51 / 68 tx / 406 pending / 16,453,960 (0.0%) gas / (0xf4704217ad06e8df494bf95e7b438b6a095836c0f862a539ce646319d16330f7)
2026-10-07 14:28:00.442+00:00 | EthScheduler-Workers-0 | INFO  | PersistBlockTask | Block 51 (0xf4704217ad06e8df494bf95e7b438b6a095836c0f862a539ce646319d16330f7) is already imported
2026-10-07 14:28:02.475+00:00 | EthScheduler-Workers-0 | INFO  | PersistBlockTask | Block 52 (0x0371e60fb119a171b826f40091af054e8201d98d9e3246e2670b3f33cbcb150b) is already imported
2026-10-07 14:28:02.478+00:00 | BftProcessorExecutor-QBFT-0 | INFO  | QbftBesuControllerBuilder | Produced #52 / 68 tx / 338 pending / 16,453,960 (0.0%) gas / (0x0371e60fb119a171b826f40091af054e8201d98d9e3246e2670b3f33cbcb150b)
2026-10-07 14:28:04.512+00:00 | EthScheduler-Workers-0 | INFO  | PersistBlockTask | Block 53 (0xabd62692892349e4ef0ea7831c5ca46bbd8e5db5d41439e250307efa4a4771eb) is already imported
2026-10-07 14:28:04.513+00:00 | BftProcessorExecutor-QBFT-0 | INFO  | QbftBesuControllerBuilder | Imported #53 / 68 tx / 270 pending / 16,453,960 (0.0%) gas / (0xabd62692892349e4ef0ea7831c5ca46bbd8e5db5d41439e250307efa4a4771eb)
2026-10-07 14:28:06.402+00:00 | BftProcessorExecutor-QBFT-0 | INFO  | QbftBesuControllerBuilder | Imported #54 / 68 tx / 202 pending / 16,453,960 (0.0%) gas / (0x9b3c04fe948d489de8a9fe6729a1975bf64b9d4c0e341ee9a00516973fdb840b)
2026-10-07 14:28:08.549+00:00 | EthScheduler-Workers-0 | INFO  | PersistBlockTask | Block 55 (0xf0412f2d188655460c2356c6b4d04035d1c45c7bb64d89701ad45b9c33fb2123) is already imported
2026-10-07 14:28:08.550+00:00 | BftProcessorExecutor-QBFT-0 | INFO  | QbftBesuControllerBuilder | Imported #55 / 68 tx / 134 pending / 16,453,960 (0.0%) gas / (0xf0412f2d188655460c2356c6b4d04035d1c45c7bb64d89701ad45b9c33fb2123)
2026-10-07 14:28:10.487+00:00 | BftProcessorExecutor-QBFT-0 | INFO  | QbftBesuControllerBuilder | Imported #56 / 68 tx / 66 pending / 16,453,960 (0.0%) gas / (0x59f97e2a8f6a1377fd4a9846a072ffa0274bda7f5749599f0e25303a4e003f86)
2026-10-07 14:28:10.487+00:00 | EthScheduler-Workers-0 | INFO  | PersistBlockTask | Block 56 (0x59f97e2a8f6a1377fd4a9846a072ffa0274bda7f5749599f0e25303a4e003f86) is already imported
2026-10-07 14:28:12.563+00:00 | EthScheduler-Workers-0 | INFO  | PersistBlockTask | Block 57 (0x4e84e0c332cc5f24ac5a1b1ad746dbe1d102afe7765f14bd6fcb22f4f3b76689) is already imported
2026-10-07 14:28:12.564+00:00 | BftProcessorExecutor-QBFT-0 | INFO  | QbftBesuControllerBuilder | Imported #57 / 58 tx / 8 pending / 14,034,260 (0.0%) gas / (0x4e84e0c332cc5f24ac5a1b1ad746dbe1d102afe7765f14bd6fcb22f4f3b76689)
2026-10-07 14:28:13.668+00:00 | EthScheduler-Workers-0 | INFO  | PersistBlockTask | Block 58 (0x78b943940d86ae1015418bfe9a12a94c71b07c868bce0646cd9a508f0c4afbe4) is already imported
2026-10-07 14:28:13.668+00:00 | BftProcessorExecutor-QBFT-0 | INFO  | QbftBesuControllerBuilder | Imported #58 / 8 tx / 0 pending / 1,935,760 (0.0%) gas / (0x78b943940d86ae1015418bfe9a12a94c71b07c868bce0646cd9a508f0c4afbe4)
2026-10-07 14:28:15.470+00:00 | BftProcessorExecutor-QBFT-0 | INFO  | QbftBesuControllerBuilder | Imported #59 / 0 tx / 0 pending / 0 (0.0%) gas / (0x830d6d9f33b18a382a5dcbd63bdf53c3c3984fb426c4af9e4cbce6f82a9a25ec)
2026-10-07 14:28:17.249+00:00 | BftProcessorExecutor-QBFT-0 | INFO  | QbftBesuControllerBuilder | Imported #60 / 0 tx / 0 pending / 0 (0.0%) gas / (0x1d42f3f2abc1b42a4739a9e7df8b0d61819bd0cabf73de8ead3ef6c67ebc5d2e)
2026-10-07 14:28:19.259+00:00 | BftProcessorExecutor-QBFT-0 | INFO  | QbftBesuControllerBuilder | Imported #61 / 0 tx / 0 pending / 0 (0.0%) gas / (0x8a3b4f0b8db2525763f302ee5902752ff5b7f27b0f635cec14bba64fc1839282)
2026-10-07 14:28:21.238+00:00 | BftProcessorExecutor-QBFT-0 | INFO  | QbftBesuControllerBuilder | Imported #62 / 0 tx / 0 pending / 0 (0.0%) gas / (0x14e5d4b311ce10f81a2ad2ec2ca5b5d91cf3d03a48ea39ba4b781cfb284578c4)
2026-10-07 14:28:23.250+00:00 | BftProcessorExecutor-QBFT-0 | INFO  | QbftBesuControllerBuilder | Imported #63 / 0 tx / 0 pending / 0 (0.0%) gas / (0xd1a0581c9b4c9090c6b5da67d938a21e0de5ac6af121847e47b8f1cf9fa194bb)
2026-10-07 14:28:25.240+00:00 | BftProcessorExecutor-QBFT-0 | INFO  | QbftBesuControllerBuilder | Imported #64 / 0 tx / 0 pending / 0 (0.0%) gas / (0xb7de5feace1d2114c08d9e17b81a13f49d99f69443e26898e638447f89e6df23)
2026-10-07 14:28:27.248+00:00 | BftProcessorExecutor-QBFT-0 | INFO  | QbftBesuControllerBuilder | Imported #65 / 0 tx / 0 pending / 0 (0.0%) gas / (0xc389f2e1b417fdae784aee12bc05c5599bb74090a70bcebf2d7b54000733c884)
2026-10-07 14:28:29.341+00:00 | BftProcessorExecutor-QBFT-0 | INFO  | QbftBesuControllerBuilder | Imported #66 / 1 tx / 7 pending / 153,618 (0.0%) gas / (0xcda4f16ff54fedf6eb93f4c5376c11f42716f055a9eee1d44dd85fac1eb2f9fb)
2026-10-07 14:28:31.339+00:00 | BftProcessorExecutor-QBFT-0 | INFO  | QbftBesuControllerBuilder | Produced #67 / 1 tx / 6 pending / 153,630 (0.0%) gas / (0xf343d4a2cedf807dde7c326610889dbd6414ca3312eb590ff494462750ef45e0)
2026-10-07 14:28:33.325+00:00 | BftProcessorExecutor-QBFT-0 | INFO  | QbftBesuControllerBuilder | Imported #68 / 0 tx / 6 pending / 0 (0.0%) gas / (0x609db7c624097f5d0ca52cbeb317ff2ea8cc095b337fd4d04d672f8bc557b3e5)
2026-10-07 14:28:33.328+00:00 | EthScheduler-Workers-0 | INFO  | PersistBlockTask | Block 68 (0x609db7c624097f5d0ca52cbeb317ff2ea8cc095b337fd4d04d672f8bc557b3e5) is already imported
2026-10-07 14:28:35.323+00:00 | BftProcessorExecutor-QBFT-0 | INFO  | QbftBesuControllerBuilder | Imported #69 / 0 tx / 6 pending / 0 (0.0%) gas / (0x6608e10b08a902c866b9bdad5380fe6d360ac5eda9dbdd0ca728a2761731889e)
2026-10-07 14:28:37.337+00:00 | BftProcessorExecutor-QBFT-0 | INFO  | QbftBesuControllerBuilder | Imported #70 / 0 tx / 6 pending / 0 (0.0%) gas / (0xa25d51827ebeabed3c2a2916beae0d7d2565a57fad29a9482423f6a3bf789b82)
2026-10-07 14:28:37.341+00:00 | EthScheduler-Workers-0 | INFO  | PersistBlockTask | Block 70 (0xa25d51827ebeabed3c2a2916beae0d7d2565a57fad29a9482423f6a3bf789b82) is already imported
2026-10-07 14:28:39.346+00:00 | BftProcessorExecutor-QBFT-0 | INFO  | QbftBesuControllerBuilder | Imported #71 / 0 tx / 6 pending / 0 (0.0%) gas / (0xb28049d10ab0ffd683fb512ddf5f950c2486432e60c30ce63a1ac60d25afb677)
2026-10-07 14:28:41.519+00:00 | BftProcessorExecutor-QBFT-0 | INFO  | QbftBesuControllerBuilder | Imported #72 / 0 tx / 6 pending / 0 (0.0%) gas / (0xa5c673f783506dde2a1c40748142c06fa9131f8cf5814e74b41258643fdf5187)
2026-10-07 14:28:43.517+00:00 | BftProcessorExecutor-QBFT-0 | INFO  | QbftBesuControllerBuilder | Imported #73 / 0 tx / 6 pending / 0 (0.0%) gas / (0xe735a7b18f66786b062b9cfc74961744c8431d80379f4f2c2583ca2e65ea165b)
2026-10-07 14:28:43.520+00:00 | EthScheduler-Workers-0 | INFO  | PersistBlockTask | Block 73 (0xe735a7b18f66786b062b9cfc74961744c8431d80379f4f2c2583ca2e65ea165b) is already imported
2026-10-07 14:28:45.516+00:00 | BftProcessorExecutor-QBFT-0 | INFO  | QbftBesuControllerBuilder | Imported #74 / 0 tx / 6 pending / 0 (0.0%) gas / (0x5f5e7134fe470deac61c49c598d43f6463c80480c1985f924638e7069a2bc4d5)
2026-10-07 14:28:47.276+00:00 | BftProcessorExecutor-QBFT-0 | INFO  | QbftBesuControllerBuilder | Imported #75 / 1 tx / 5 pending / 153,630 (0.0%) gas / (0x1b5f6f1a0e70757ff33f49dce7b4733bb682388d63f69915dda091f1766ad53a)
2026-10-07 14:28:49.272+00:00 | EthScheduler-Workers-0 | INFO  | PersistBlockTask | Block 76 (0x2b3bff309fc467db70c1270493aaec48da0e043706ea0b390a1561c6df3387f6) is already imported
2026-10-07 14:28:49.272+00:00 | BftProcessorExecutor-QBFT-0 | INFO  | QbftBesuControllerBuilder | Imported #76 / 1 tx / 4 pending / 153,630 (0.0%) gas / (0x2b3bff309fc467db70c1270493aaec48da0e043706ea0b390a1561c6df3387f6)
2026-10-07 14:28:51.271+00:00 | EthScheduler-Workers-0 | INFO  | PersistBlockTask | Block 77 (0xef86e5a2bd6ccf7177681d2c4695e90ab75bcfcd30c9392a3e38a1a2848aeef9) is already imported
2026-10-07 14:28:51.271+00:00 | BftProcessorExecutor-QBFT-0 | INFO  | QbftBesuControllerBuilder | Imported #77 / 1 tx / 3 pending / 153,650 (0.0%) gas / (0xef86e5a2bd6ccf7177681d2c4695e90ab75bcfcd30c9392a3e38a1a2848aeef9)
2026-10-07 14:28:53.271+00:00 | EthScheduler-Workers-0 | INFO  | PersistBlockTask | Block 78 (0xe0cbcd38a12a9c8b7a16d6cd0065f364c351e869ee5e177b92ace59e13bcdbcc) is already imported
2026-10-07 14:28:53.272+00:00 | BftProcessorExecutor-QBFT-0 | INFO  | QbftBesuControllerBuilder | Imported #78 / 1 tx / 2 pending / 153,618 (0.0%) gas / (0xe0cbcd38a12a9c8b7a16d6cd0065f364c351e869ee5e177b92ace59e13bcdbcc)
2026-10-07 14:28:55.266+00:00 | EthScheduler-Workers-0 | INFO  | PersistBlockTask | Block 79 (0x0609b9630f3ba721a0ee86b8ed9d9237262f8bcda795066a7a0f23e41c0dc341) is already imported
2026-10-07 14:28:55.267+00:00 | BftProcessorExecutor-QBFT-0 | INFO  | QbftBesuControllerBuilder | Imported #79 / 1 tx / 1 pending / 153,650 (0.0%) gas / (0x0609b9630f3ba721a0ee86b8ed9d9237262f8bcda795066a7a0f23e41c0dc341)
2026-10-07 14:28:57.291+00:00 | BftProcessorExecutor-QBFT-0 | INFO  | QbftBesuControllerBuilder | Imported #80 / 1 tx / 0 pending / 153,630 (0.0%) gas / (0xfdcf44242c76095a64b9c5c97b2a9ed1974f841fbd1e32b0eefb6f64e4f74a05)
2026-10-07 14:28:59.327+00:00 | BftProcessorExecutor-QBFT-0 | INFO  | QbftBesuControllerBuilder | Imported #81 / 0 tx / 0 pending / 0 (0.0%) gas / (0x7442e9b6c885ab5e0b8eb02dd8db21fc21e5989429d4bb71f2de070dc0767ed8)
2026-10-07 14:29:01.337+00:00 | EthScheduler-Workers-0 | INFO  | PersistBlockTask | Block 82 (0x8433e79e860230cdab8375700f3564754e2c86cf4db19d54f4d0432916fa147b) is already imported
2026-10-07 14:29:01.338+00:00 | BftProcessorExecutor-QBFT-0 | INFO  | QbftBesuControllerBuilder | Produced #82 / 0 tx / 0 pending / 0 (0.0%) gas / (0x8433e79e860230cdab8375700f3564754e2c86cf4db19d54f4d0432916fa147b)
2026-10-07 14:29:03.538+00:00 | BftProcessorExecutor-QBFT-0 | INFO  | QbftBesuControllerBuilder | Imported #83 / 11 tx / 262 pending / 2,661,670 (0.0%) gas / (0x7485add5218fc07fc24fa339222815e8ea5ed241aeec1a2856296b4e916f0792)
2026-10-07 14:29:06.188+00:00 | BftProcessorExecutor-QBFT-0 | INFO  | QbftBesuControllerBuilder | Imported #84 / 54 tx / 863 pending / 13,066,380 (0.0%) gas / (0x5a5ee60527b41bac88568b5dc642e6b600379293347a8b1c82bcd2e462dcc5fc)
2026-10-07 14:29:08.413+00:00 | EthScheduler-Workers-0 | INFO  | PersistBlockTask | Block 85 (0xe2bb51f1b57e89062e4546d92f0200d8b1926b6f776c668bc752e1c2d22e289f) is already imported
2026-10-07 14:29:08.414+00:00 | BftProcessorExecutor-QBFT-0 | INFO  | QbftBesuControllerBuilder | Imported #85 / 68 tx / 887 pending / 16,453,960 (0.0%) gas / (0xe2bb51f1b57e89062e4546d92f0200d8b1926b6f776c668bc752e1c2d22e289f)
2026-10-07 14:29:10.327+00:00 | EthScheduler-Workers-0 | INFO  | PersistBlockTask | Block 86 (0x9f0878e5107d02dcfa1b552e63a3e95ed0e091d0147d5500903dc7917e6ce081) is already imported
2026-10-07 14:29:10.328+00:00 | BftProcessorExecutor-QBFT-0 | INFO  | QbftBesuControllerBuilder | Imported #86 / 68 tx / 823 pending / 16,453,960 (0.0%) gas / (0x9f0878e5107d02dcfa1b552e63a3e95ed0e091d0147d5500903dc7917e6ce081)
2026-10-07 14:29:12.661+00:00 | EthScheduler-Workers-0 | INFO  | PersistBlockTask | Block 87 (0x0b9d9ffec907ad82f581a05cb26d6257ebc5cb0b197f14af9e4ec538f831433a) is already imported
2026-10-07 14:29:12.662+00:00 | BftProcessorExecutor-QBFT-0 | INFO  | QbftBesuControllerBuilder | Imported #87 / 68 tx / 755 pending / 16,453,960 (0.0%) gas / (0x0b9d9ffec907ad82f581a05cb26d6257ebc5cb0b197f14af9e4ec538f831433a)
2026-10-07 14:29:14.616+00:00 | BftProcessorExecutor-QBFT-0 | INFO  | QbftBesuControllerBuilder | Imported #88 / 68 tx / 687 pending / 16,453,960 (0.0%) gas / (0xfd9343b9002cdd345708c007dbeeca968f5e0117ecfb3ded3a7ea26f8f94a43f)
2026-10-07 14:29:16.644+00:00 | EthScheduler-Workers-0 | INFO  | PersistBlockTask | Block 89 (0x2f57f20b3f4b22711965a407c819f26e3277d8fe939a91096aa597237322e9c2) is already imported
2026-10-07 14:29:16.645+00:00 | BftProcessorExecutor-QBFT-0 | INFO  | QbftBesuControllerBuilder | Imported #89 / 68 tx / 619 pending / 16,453,960 (0.0%) gas / (0x2f57f20b3f4b22711965a407c819f26e3277d8fe939a91096aa597237322e9c2)
2026-10-07 14:29:18.351+00:00 | EthScheduler-Workers-0 | INFO  | PersistBlockTask | Block 90 (0x8259ec7c7950148389986d46a135a5447c8755bce2affab2765d678bd1f85083) is already imported
2026-10-07 14:29:18.352+00:00 | BftProcessorExecutor-QBFT-0 | INFO  | QbftBesuControllerBuilder | Imported #90 / 69 tx / 550 pending / 16,695,930 (0.0%) gas / (0x8259ec7c7950148389986d46a135a5447c8755bce2affab2765d678bd1f85083)
2026-10-07 14:29:20.366+00:00 | EthScheduler-Workers-0 | INFO  | PersistBlockTask | Block 91 (0xcd9eb5cf5f38a43c1bb8c12ed39458d199d3498ca578ffe5472100ebe2ca3f6b) is already imported
2026-10-07 14:29:20.367+00:00 | BftProcessorExecutor-QBFT-0 | INFO  | QbftBesuControllerBuilder | Imported #91 / 69 tx / 481 pending / 16,695,930 (0.0%) gas / (0xcd9eb5cf5f38a43c1bb8c12ed39458d199d3498ca578ffe5472100ebe2ca3f6b)
2026-10-07 14:29:22.497+00:00 | EthScheduler-Workers-0 | INFO  | PersistBlockTask | Block 92 (0xc778ceadfc46db49a922a1195e2319eefd625cf3166687fe0ebfaaebb46f6575) is already imported
2026-10-07 14:29:22.497+00:00 | BftProcessorExecutor-QBFT-0 | INFO  | QbftBesuControllerBuilder | Imported #92 / 69 tx / 412 pending / 16,695,930 (0.0%) gas / (0xc778ceadfc46db49a922a1195e2319eefd625cf3166687fe0ebfaaebb46f6575)
2026-10-07 14:29:24.405+00:00 | BftProcessorExecutor-QBFT-0 | INFO  | QbftBesuControllerBuilder | Imported #93 / 69 tx / 343 pending / 16,695,930 (0.0%) gas / (0xf3a44bf689e4de68497b8615364b9e35228c7442fb17f88399bbb99314a81608)
2026-10-07 14:29:24.405+00:00 | EthScheduler-Workers-0 | INFO  | PersistBlockTask | Block 93 (0xf3a44bf689e4de68497b8615364b9e35228c7442fb17f88399bbb99314a81608) is already imported
2026-10-07 14:29:26.358+00:00 | EthScheduler-Workers-0 | INFO  | PersistBlockTask | Block 94 (0x843d8d51c187ef2ed123f8e79aabd8bc8276bf653bb8c1da3e853dc820ee7784) is already imported
2026-10-07 14:29:26.358+00:00 | BftProcessorExecutor-QBFT-0 | INFO  | QbftBesuControllerBuilder | Imported #94 / 68 tx / 275 pending / 16,453,960 (0.0%) gas / (0x843d8d51c187ef2ed123f8e79aabd8bc8276bf653bb8c1da3e853dc820ee7784)
2026-10-07 14:29:28.389+00:00 | EthScheduler-Workers-0 | INFO  | PersistBlockTask | Block 95 (0xc88c8f76ac1791b6201649e34e63cc3c7f4d6d60c6d8b9224897c1624f249bb2) is already imported
2026-10-07 14:29:28.390+00:00 | BftProcessorExecutor-QBFT-0 | INFO  | QbftBesuControllerBuilder | Imported #95 / 68 tx / 207 pending / 16,453,960 (0.0%) gas / (0xc88c8f76ac1791b6201649e34e63cc3c7f4d6d60c6d8b9224897c1624f249bb2)
2026-10-07 14:29:30.445+00:00 | EthScheduler-Workers-0 | INFO  | PersistBlockTask | Block 96 (0xeea316ee4959490f74919e8098bc0018e8af623e93346eeefe71506a3edc358a) is already imported
2026-10-07 14:29:30.446+00:00 | BftProcessorExecutor-QBFT-0 | INFO  | QbftBesuControllerBuilder | Imported #96 / 68 tx / 139 pending / 16,453,960 (0.0%) gas / (0xeea316ee4959490f74919e8098bc0018e8af623e93346eeefe71506a3edc358a)
2026-10-07 14:29:32.455+00:00 | EthScheduler-Workers-0 | INFO  | PersistBlockTask | Block 97 (0x8ba5a347860de6f18823a2d702a226e2dab93565ba3f0709c8870127decfee16) is already imported
2026-10-07 14:29:32.455+00:00 | BftProcessorExecutor-QBFT-0 | INFO  | QbftBesuControllerBuilder | Produced #97 / 68 tx / 71 pending / 16,453,960 (0.0%) gas / (0x8ba5a347860de6f18823a2d702a226e2dab93565ba3f0709c8870127decfee16)
2026-10-07 14:29:34.261+00:00 | EthScheduler-Workers-0 | INFO  | PersistBlockTask | Block 98 (0x6e58c8a3279bea6163c0ec6d46e4531dee90e19b91340fa1b2c8428993fe60e6) is already imported
2026-10-07 14:29:34.261+00:00 | BftProcessorExecutor-QBFT-0 | INFO  | QbftBesuControllerBuilder | Imported #98 / 57 tx / 14 pending / 13,792,290 (0.0%) gas / (0x6e58c8a3279bea6163c0ec6d46e4531dee90e19b91340fa1b2c8428993fe60e6)
2026-10-07 14:29:35.634+00:00 | EthScheduler-Workers-0 | INFO  | PersistBlockTask | Block 99 (0x8f3659d647bad48e136654eeba46df0c0f984470d0b64337f8492a5655376605) is already imported
2026-10-07 14:29:35.634+00:00 | BftProcessorExecutor-QBFT-0 | INFO  | QbftBesuControllerBuilder | Imported #99 / 14 tx / 0 pending / 3,387,580 (0.0%) gas / (0x8f3659d647bad48e136654eeba46df0c0f984470d0b64337f8492a5655376605)
2026-10-07 14:29:37.331+00:00 | EthScheduler-Workers-0 | INFO  | PersistBlockTask | Block 100 (0x348c34aec9f9b7289bd07a12a8129a556791bc1df9e255049c624361e9316486) is already imported
2026-10-07 14:29:37.331+00:00 | BftProcessorExecutor-QBFT-0 | INFO  | QbftBesuControllerBuilder | Imported #100 / 0 tx / 0 pending / 0 (0.0%) gas / (0x348c34aec9f9b7289bd07a12a8129a556791bc1df9e255049c624361e9316486)
2026-10-07 14:29:39.346+00:00 | EthScheduler-Workers-0 | INFO  | PersistBlockTask | Block 101 (0x7aff74e0cef2e8b2700d0380d7934d39c086dbac1c4517de1d7a131cb88d5e73) is already imported
2026-10-07 14:29:39.346+00:00 | BftProcessorExecutor-QBFT-0 | INFO  | QbftBesuControllerBuilder | Imported #101 / 0 tx / 0 pending / 0 (0.0%) gas / (0x7aff74e0cef2e8b2700d0380d7934d39c086dbac1c4517de1d7a131cb88d5e73)
2026-10-07 14:29:41.461+00:00 | BftProcessorExecutor-QBFT-0 | INFO  | QbftBesuControllerBuilder | Imported #102 / 0 tx / 0 pending / 0 (0.0%) gas / (0xff60d0726641cce6dd05d7e83814d9a5621ab3f7c1927077784a436fd4c70f5c)
2026-10-07 14:29:43.433+00:00 | BftProcessorExecutor-QBFT-0 | INFO  | QbftBesuControllerBuilder | Imported #103 / 0 tx / 0 pending / 0 (0.0%) gas / (0xf6e7387f4f96b4c844fa08353016eca1e20502dbdce9d3f3b5f7ae741bd0d140)
2026-10-07 14:29:45.433+00:00 | BftProcessorExecutor-QBFT-0 | INFO  | QbftBesuControllerBuilder | Imported #104 / 0 tx / 0 pending / 0 (0.0%) gas / (0x4c65fecdd4baa9136331f98804dbbb2bca45bca17c83625132b74995b7a9a93c)
2026-10-07 14:29:47.243+00:00 | BftProcessorExecutor-QBFT-0 | INFO  | QbftBesuControllerBuilder | Imported #105 / 0 tx / 0 pending / 0 (0.0%) gas / (0x105c36596e3f26f54cc86706120eded41519b52a2de9fb5b777518b66733eae2)
2026-10-07 14:29:49.255+00:00 | BftProcessorExecutor-QBFT-0 | INFO  | QbftBesuControllerBuilder | Imported #106 / 1 tx / 7 pending / 153,618 (0.0%) gas / (0x284ca5397d0d22e9097e1d6cfc31c3852eded17833de97249bcf2c543abe2db0)
2026-10-07 14:29:51.262+00:00 | BftProcessorExecutor-QBFT-0 | INFO  | QbftBesuControllerBuilder | Imported #107 / 1 tx / 6 pending / 153,630 (0.0%) gas / (0x1066d9bc4a0557a329e6cf86f9a35d94faef819644279cce1d9cfe56c82dcf6c)
2026-10-07 14:29:53.263+00:00 | BftProcessorExecutor-QBFT-0 | INFO  | QbftBesuControllerBuilder | Imported #108 / 1 tx / 5 pending / 153,650 (0.0%) gas / (0x54a8400a71b89cf832cc9a2075b6fdfa1354832d7cc95e72e78fe4eff5155ad0)
2026-10-07 14:29:55.262+00:00 | BftProcessorExecutor-QBFT-0 | INFO  | QbftBesuControllerBuilder | Imported #109 / 1 tx / 4 pending / 153,630 (0.0%) gas / (0xd37a89757b9df58e10bb7e3797a306305cb4084039514a54208a7cb4aa2d6664)
2026-10-07 14:29:57.277+00:00 | BftProcessorExecutor-QBFT-0 | INFO  | QbftBesuControllerBuilder | Imported #110 / 1 tx / 3 pending / 153,618 (0.0%) gas / (0x464747fed43be1f06987e67e6f9b167a2aead008e31d6858e6a48be7f4a9477b)
2026-10-07 14:29:57.277+00:00 | EthScheduler-Workers-0 | INFO  | PersistBlockTask | Block 110 (0x464747fed43be1f06987e67e6f9b167a2aead008e31d6858e6a48be7f4a9477b) is already imported
2026-10-07 14:29:59.349+00:00 | BftProcessorExecutor-QBFT-0 | INFO  | QbftBesuControllerBuilder | Imported #111 / 1 tx / 2 pending / 153,618 (0.0%) gas / (0x87ce7993c263780bb791fdf531478f1b5a1ba2be5509a421123bd3e23ae5a418)
2026-10-07 14:30:01.349+00:00 | EthScheduler-Workers-0 | INFO  | PersistBlockTask | Block 112 (0x0c87dfb4ce9fc2b18be2d2fb0244e00dc9f7e928333974b2891a04d4c8f910e1) is already imported
2026-10-07 14:30:01.349+00:00 | BftProcessorExecutor-QBFT-0 | INFO  | QbftBesuControllerBuilder | Produced #112 / 1 tx / 1 pending / 153,650 (0.0%) gas / (0x0c87dfb4ce9fc2b18be2d2fb0244e00dc9f7e928333974b2891a04d4c8f910e1)
2026-10-07 14:30:03.341+00:00 | BftProcessorExecutor-QBFT-0 | INFO  | QbftBesuControllerBuilder | Imported #113 / 0 tx / 1 pending / 0 (0.0%) gas / (0x1755fac6d9eed4ee6397053ea79951946e1e5a7ec40bc4c7b31f0d93425ea2e6)
2026-10-07 14:30:03.343+00:00 | EthScheduler-Workers-0 | INFO  | PersistBlockTask | Block 113 (0x1755fac6d9eed4ee6397053ea79951946e1e5a7ec40bc4c7b31f0d93425ea2e6) is already imported
2026-10-07 14:30:05.334+00:00 | BftProcessorExecutor-QBFT-0 | INFO  | QbftBesuControllerBuilder | Imported #114 / 0 tx / 1 pending / 0 (0.0%) gas / (0xaa836fb89a071615a5583bb0878b53cc5396b499456027264fbfa3f8d79d7d56)
2026-10-07 14:30:07.333+00:00 | BftProcessorExecutor-QBFT-0 | INFO  | QbftBesuControllerBuilder | Imported #115 / 0 tx / 1 pending / 0 (0.0%) gas / (0x5e7010a17db53aeaffee75707e198d60ea8f8d4e56209ecf139e32f5e7e3e883)
2026-10-07 14:30:09.327+00:00 | BftProcessorExecutor-QBFT-0 | INFO  | QbftBesuControllerBuilder | Imported #116 / 0 tx / 1 pending / 0 (0.0%) gas / (0x9006c9ebca9ad084823d9b9a203d4c51506a9b119487fb2294b8227d2ff14013)
2026-10-07 14:30:11.518+00:00 | BftProcessorExecutor-QBFT-0 | INFO  | QbftBesuControllerBuilder | Imported #117 / 0 tx / 1 pending / 0 (0.0%) gas / (0x74a0d8d4da6479152367303c57beb94d80553ee0c227426b7eb31f7fead68994)
2026-10-07 14:30:13.536+00:00 | BftProcessorExecutor-QBFT-0 | INFO  | QbftBesuControllerBuilder | Imported #118 / 0 tx / 1 pending / 0 (0.0%) gas / (0x97ecfbfb1396f0819b89ee14ce021da7a83efce35f30e4613bd630f4fa92a02c)
2026-10-07 14:30:15.500+00:00 | BftProcessorExecutor-QBFT-0 | INFO  | QbftBesuControllerBuilder | Imported #119 / 0 tx / 1 pending / 0 (0.0%) gas / (0x39c2b79aaf36aede9633856d498fb37034518eed64fe1a928422f3c5bff2bba1)
2026-10-07 14:30:17.251+00:00 | BftProcessorExecutor-QBFT-0 | INFO  | QbftBesuControllerBuilder | Imported #120 / 1 tx / 0 pending / 153,630 (0.0%) gas / (0xa9d679651cedb4c55f58c40cc4562287946f49bbbfd8c4b1eca61b3e9f270053)
2026-10-07 14:30:19.257+00:00 | BftProcessorExecutor-QBFT-0 | INFO  | QbftBesuControllerBuilder | Imported #121 / 0 tx / 0 pending / 0 (0.0%) gas / (0x90bc8eb996de4174f674acc0a232064a49fc7182b1301f3a3f53b8247446351a)
2026-10-07 14:30:19.257+00:00 | EthScheduler-Workers-0 | INFO  | PersistBlockTask | Block 121 (0x90bc8eb996de4174f674acc0a232064a49fc7182b1301f3a3f53b8247446351a) is already imported
2026-10-07 14:30:21.241+00:00 | BftProcessorExecutor-QBFT-0 | INFO  | QbftBesuControllerBuilder | Imported #122 / 0 tx / 0 pending / 0 (0.0%) gas / (0xfbffcb6fcfd1a9125e29deac109c7bab05187bc8a337c04dd61ef661791b218c)
2026-10-07 14:30:23.423+00:00 | EthScheduler-Workers-0 | INFO  | PersistBlockTask | Block 123 (0xd5fedc1eb8b0a796b587df337283ef289c39af27a1df536fea3afd8e7973b502) is already imported
2026-10-07 14:30:23.423+00:00 | BftProcessorExecutor-QBFT-0 | INFO  | QbftBesuControllerBuilder | Imported #123 / 6 tx / 142 pending / 1,451,820 (0.0%) gas / (0xd5fedc1eb8b0a796b587df337283ef289c39af27a1df536fea3afd8e7973b502)
2026-10-07 14:30:25.893+00:00 | BftProcessorExecutor-QBFT-0 | INFO  | QbftBesuControllerBuilder | Imported #124 / 44 tx / 779 pending / 10,646,680 (0.0%) gas / (0x562ebc869804e479c8e929251415891af0b21d29a5f9947f10da5d48af4ae852)
2026-10-07 14:30:28.301+00:00 | EthScheduler-Workers-0 | INFO  | PersistBlockTask | Block 125 (0xe0cefcf61d74b9aa14e6825147595b56bd03ad88751fb7b8ae43241c12c1c71f) is already imported
2026-10-07 14:30:28.302+00:00 | BftProcessorExecutor-QBFT-0 | INFO  | QbftBesuControllerBuilder | Imported #125 / 68 tx / 886 pending / 16,453,960 (0.0%) gas / (0xe0cefcf61d74b9aa14e6825147595b56bd03ad88751fb7b8ae43241c12c1c71f)
2026-10-07 14:30:30.318+00:00 | BftProcessorExecutor-QBFT-0 | INFO  | QbftBesuControllerBuilder | Imported #126 / 68 tx / 838 pending / 16,453,960 (0.0%) gas / (0x71be5074c16885e0c14fd84b40deefd5373c6e3707cd8d858943566f70f3ab51)
2026-10-07 14:30:32.424+00:00 | EthScheduler-Workers-0 | INFO  | PersistBlockTask | Block 127 (0xade349c5f328e9c0cb737a49e5ac8a07f1cdf2288460e1ce8cd556ab10db4686) is already imported
2026-10-07 14:30:32.424+00:00 | BftProcessorExecutor-QBFT-0 | INFO  | QbftBesuControllerBuilder | Produced #127 / 68 tx / 770 pending / 16,453,960 (0.0%) gas / (0xade349c5f328e9c0cb737a49e5ac8a07f1cdf2288460e1ce8cd556ab10db4686)
2026-10-07 14:30:34.303+00:00 | BftProcessorExecutor-QBFT-0 | INFO  | QbftBesuControllerBuilder | Imported #128 / 68 tx / 702 pending / 16,453,960 (0.0%) gas / (0xe9499f5c7b3bc5357166068bd0a7ec80c1858c375c689dca13ec3c1d66924405)
2026-10-07 14:30:36.297+00:00 | BftProcessorExecutor-QBFT-0 | INFO  | QbftBesuControllerBuilder | Imported #129 / 68 tx / 634 pending / 16,453,960 (0.0%) gas / (0xc01fcc90263534f8742225b23a5c265b8d44a354830c2d6ceed24d8faa6253d4)
2026-10-07 14:30:38.377+00:00 | EthScheduler-Workers-0 | INFO  | PersistBlockTask | Block 130 (0x3a8d708461ae6e80c298921f277c2e1c2aefb288e6da458addd2302839d16cdf) is already imported
2026-10-07 14:30:38.377+00:00 | BftProcessorExecutor-QBFT-0 | INFO  | QbftBesuControllerBuilder | Imported #130 / 68 tx / 566 pending / 16,453,960 (0.0%) gas / (0x3a8d708461ae6e80c298921f277c2e1c2aefb288e6da458addd2302839d16cdf)
2026-10-07 14:30:40.397+00:00 | EthScheduler-Workers-0 | INFO  | PersistBlockTask | Block 131 (0xacc8271cd4b4019c49b4e290e0b8ec2429c8fb124a29db99f7cab3a6fb5ee755) is already imported
2026-10-07 14:30:40.397+00:00 | BftProcessorExecutor-QBFT-0 | INFO  | QbftBesuControllerBuilder | Imported #131 / 68 tx / 498 pending / 16,453,960 (0.0%) gas / (0xacc8271cd4b4019c49b4e290e0b8ec2429c8fb124a29db99f7cab3a6fb5ee755)
2026-10-07 14:30:42.656+00:00 | EthScheduler-Workers-0 | INFO  | PersistBlockTask | Block 132 (0x8d8be0f1d8c4c5ad01bd4cbe8c7a7fe81e702f3173bc524ebc64555b9bc85bc6) is already imported
2026-10-07 14:30:42.657+00:00 | BftProcessorExecutor-QBFT-0 | INFO  | QbftBesuControllerBuilder | Imported #132 / 68 tx / 430 pending / 16,453,960 (0.0%) gas / (0x8d8be0f1d8c4c5ad01bd4cbe8c7a7fe81e702f3173bc524ebc64555b9bc85bc6)
2026-10-07 14:30:44.628+00:00 | EthScheduler-Workers-0 | INFO  | PersistBlockTask | Block 133 (0x035d77f074efb1b0e12de14dad7148bde6d68572dbd63268c97372ea51cbfbbd) is already imported
2026-10-07 14:30:44.629+00:00 | BftProcessorExecutor-QBFT-0 | INFO  | QbftBesuControllerBuilder | Imported #133 / 68 tx / 362 pending / 16,453,960 (0.0%) gas / (0x035d77f074efb1b0e12de14dad7148bde6d68572dbd63268c97372ea51cbfbbd)
2026-10-07 14:30:46.640+00:00 | BftProcessorExecutor-QBFT-0 | INFO  | QbftBesuControllerBuilder | Imported #134 / 68 tx / 294 pending / 16,453,960 (0.0%) gas / (0x327ea348e30ec02a44817237179736922bd6b0af0768919bfed5c7a8e4a0a92e)
2026-10-07 14:30:46.640+00:00 | EthScheduler-Workers-0 | INFO  | PersistBlockTask | Block 134 (0x327ea348e30ec02a44817237179736922bd6b0af0768919bfed5c7a8e4a0a92e) is already imported
2026-10-07 14:30:48.366+00:00 | EthScheduler-Workers-0 | INFO  | PersistBlockTask | Block 135 (0x304b824b81a92b842152f6f1d91cd7e6d5f3dc526a9f01ad4dbd3a98ac88021d) is already imported
2026-10-07 14:30:48.366+00:00 | BftProcessorExecutor-QBFT-0 | INFO  | QbftBesuControllerBuilder | Imported #135 / 69 tx / 225 pending / 16,695,930 (0.0%) gas / (0x304b824b81a92b842152f6f1d91cd7e6d5f3dc526a9f01ad4dbd3a98ac88021d)
2026-10-07 14:30:50.328+00:00 | BftProcessorExecutor-QBFT-0 | INFO  | QbftBesuControllerBuilder | Imported #136 / 69 tx / 156 pending / 16,695,930 (0.0%) gas / (0x70219aba7e57a3746eea72f7e120ad5e98d9614967621e37b50c4858cbcc66c3)
2026-10-07 14:30:52.321+00:00 | BftProcessorExecutor-QBFT-0 | INFO  | QbftBesuControllerBuilder | Imported #137 / 69 tx / 87 pending / 16,695,930 (0.0%) gas / (0x97cf51812eedac2a4bc778164b447624f735ec77c6af1a5e636bd6d35ae21d7f)
2026-10-07 14:30:52.321+00:00 | EthScheduler-Workers-0 | INFO  | PersistBlockTask | Block 137 (0x97cf51812eedac2a4bc778164b447624f735ec77c6af1a5e636bd6d35ae21d7f) is already imported
2026-10-07 14:30:54.167+00:00 | BftProcessorExecutor-QBFT-0 | INFO  | QbftBesuControllerBuilder | Imported #138 / 63 tx / 24 pending / 15,244,110 (0.0%) gas / (0x01af47e773430dffe355d9c4fffb5f3e29f9280301f18cc33f32a0d50153fba7)
2026-10-07 14:30:55.714+00:00 | EthScheduler-Workers-0 | INFO  | PersistBlockTask | Block 139 (0xf1271b3e80154af8d4b16bb9d4df9577871af8228f220911f7423fb64c3eff78) is already imported
2026-10-07 14:30:55.714+00:00 | BftProcessorExecutor-QBFT-0 | INFO  | QbftBesuControllerBuilder | Imported #139 / 24 tx / 0 pending / 5,807,280 (0.0%) gas / (0xf1271b3e80154af8d4b16bb9d4df9577871af8228f220911f7423fb64c3eff78)
2026-10-07 14:30:57.250+00:00 | BftProcessorExecutor-QBFT-0 | INFO  | QbftBesuControllerBuilder | Imported #140 / 0 tx / 0 pending / 0 (0.0%) gas / (0x8f02e186de2654b85a53568d9ea8a3bdb739fba7828a2219215bb0f817641c96)
2026-10-07 14:30:57.250+00:00 | EthScheduler-Workers-0 | INFO  | PersistBlockTask | Block 140 (0x8f02e186de2654b85a53568d9ea8a3bdb739fba7828a2219215bb0f817641c96) is already imported
2026-10-07 14:30:59.331+00:00 | BftProcessorExecutor-QBFT-0 | INFO  | QbftBesuControllerBuilder | Imported #141 / 0 tx / 0 pending / 0 (0.0%) gas / (0x8f0f9f9eb23d19f49446df4bc39c6387229f8b7ecafcc13de3399b4a55ee675d)
2026-10-07 14:31:01.328+00:00 | BftProcessorExecutor-QBFT-0 | INFO  | QbftBesuControllerBuilder | Produced #142 / 0 tx / 0 pending / 0 (0.0%) gas / (0xb94671df07efe736d542c16c00269c27710dd3751fc96fc5fded37b0854e04cd)
2026-10-07 14:31:03.324+00:00 | BftProcessorExecutor-QBFT-0 | INFO  | QbftBesuControllerBuilder | Imported #143 / 0 tx / 0 pending / 0 (0.0%) gas / (0x98a469e5ded1d80b416ea8db86492a8e094fb608ea4023eb8dfb55a9f006fb69)
2026-10-07 14:31:05.339+00:00 | BftProcessorExecutor-QBFT-0 | INFO  | QbftBesuControllerBuilder | Imported #144 / 0 tx / 0 pending / 0 (0.0%) gas / (0x30de57e737799cdfe8f298a8ff826fa18540b0699c8a3e3eae914bc52052eb2e)
2026-10-07 14:31:07.321+00:00 | BftProcessorExecutor-QBFT-0 | INFO  | QbftBesuControllerBuilder | Imported #145 / 0 tx / 0 pending / 0 (0.0%) gas / (0x6ec123da477df7ac1cc96ebe775d62c2c4d51f9bc0eecec43f2167225d15d479)
2026-10-07 14:31:09.330+00:00 | BftProcessorExecutor-QBFT-0 | INFO  | QbftBesuControllerBuilder | Imported #146 / 0 tx / 0 pending / 0 (0.0%) gas / (0xde626d90a4bbee45a43fad636ac6d14cb7eb7c561f7d3b049add79d0bf15713e)
2026-10-07 14:31:11.472+00:00 | BftProcessorExecutor-QBFT-0 | INFO  | QbftBesuControllerBuilder | Imported #147 / 0 tx / 8 pending / 0 (0.0%) gas / (0x49716dc6ebd778aac4282d7ff6431e5b3c3c416c8c52a5ace0a6e7ec603f982f)
2026-10-07 14:31:11.472+00:00 | EthScheduler-Workers-0 | INFO  | PersistBlockTask | Block 147 (0x49716dc6ebd778aac4282d7ff6431e5b3c3c416c8c52a5ace0a6e7ec603f982f) is already imported
2026-10-07 14:31:13.537+00:00 | BftProcessorExecutor-QBFT-0 | INFO  | QbftBesuControllerBuilder | Imported #148 / 0 tx / 8 pending / 0 (0.0%) gas / (0x09dde5cc7147e0b60b0b3527369ab3aa9dcd14b999feec1ab9612dfd7d9c6cfa)
2026-10-07 14:31:15.490+00:00 | EthScheduler-Workers-0 | INFO  | PersistBlockTask | Block 149 (0xa97a967a716409d10e308997509f357d1cfb617a0663d8699de3f4dd822911c4) is already imported
2026-10-07 14:31:15.490+00:00 | BftProcessorExecutor-QBFT-0 | INFO  | QbftBesuControllerBuilder | Imported #149 / 0 tx / 8 pending / 0 (0.0%) gas / (0xa97a967a716409d10e308997509f357d1cfb617a0663d8699de3f4dd822911c4)
2026-10-07 14:31:17.282+00:00 | EthScheduler-Workers-0 | INFO  | PersistBlockTask | Block 150 (0x22054c9d2b48e88f4d70c550dbb873b667a8f2f0f26f900fe3b18f8ea8bd9154) is already imported
2026-10-07 14:31:17.282+00:00 | BftProcessorExecutor-QBFT-0 | INFO  | QbftBesuControllerBuilder | Imported #150 / 1 tx / 7 pending / 153,630 (0.0%) gas / (0x22054c9d2b48e88f4d70c550dbb873b667a8f2f0f26f900fe3b18f8ea8bd9154)
2026-10-07 14:31:19.278+00:00 | EthScheduler-Workers-0 | INFO  | PersistBlockTask | Block 151 (0xa3df2ba7b08ddc1da60e135016807902dd0a563b1cb325c6ace3871150406f27) is already imported
2026-10-07 14:31:19.278+00:00 | BftProcessorExecutor-QBFT-0 | INFO  | QbftBesuControllerBuilder | Imported #151 / 1 tx / 6 pending / 153,630 (0.0%) gas / (0xa3df2ba7b08ddc1da60e135016807902dd0a563b1cb325c6ace3871150406f27)
2026-10-07 14:31:21.277+00:00 | EthScheduler-Workers-0 | INFO  | PersistBlockTask | Block 152 (0xccf83499df749022b756730fb7ec326a1c1bf72847043effea39c2a3088d12f3) is already imported
2026-10-07 14:31:21.278+00:00 | BftProcessorExecutor-QBFT-0 | INFO  | QbftBesuControllerBuilder | Imported #152 / 1 tx / 5 pending / 153,618 (0.0%) gas / (0xccf83499df749022b756730fb7ec326a1c1bf72847043effea39c2a3088d12f3)
2026-10-07 14:31:23.257+00:00 | BftProcessorExecutor-QBFT-0 | INFO  | QbftBesuControllerBuilder | Imported #153 / 1 tx / 4 pending / 153,630 (0.0%) gas / (0x6dabe5e9e9edafd3db95449a2d759b9772146233df76d796eeffe67b13501906)
2026-10-07 14:31:25.271+00:00 | EthScheduler-Workers-0 | INFO  | PersistBlockTask | Block 154 (0x32d20188b6615006aa4723bb371f3226991349cc8a4ef3a81e937c72a0f189e2) is already imported
2026-10-07 14:31:25.271+00:00 | BftProcessorExecutor-QBFT-0 | INFO  | QbftBesuControllerBuilder | Imported #154 / 1 tx / 3 pending / 153,650 (0.0%) gas / (0x32d20188b6615006aa4723bb371f3226991349cc8a4ef3a81e937c72a0f189e2)
2026-10-07 14:31:27.270+00:00 | EthScheduler-Workers-0 | INFO  | PersistBlockTask | Block 155 (0xa3476101e081b62bcf3cd6c553476e99028d4aee5b32860c0dc5773a7be6c877) is already imported
2026-10-07 14:31:27.270+00:00 | BftProcessorExecutor-QBFT-0 | INFO  | QbftBesuControllerBuilder | Imported #155 / 1 tx / 2 pending / 153,630 (0.0%) gas / (0xa3476101e081b62bcf3cd6c553476e99028d4aee5b32860c0dc5773a7be6c877)
2026-10-07 14:31:29.340+00:00 | BftProcessorExecutor-QBFT-0 | INFO  | QbftBesuControllerBuilder | Imported #156 / 1 tx / 1 pending / 153,618 (0.0%) gas / (0x613c3b3875ba4a932c1ed3999ebf3fb3ec108b9ca6ae9bdd24af01ad03fc2821)
2026-10-07 14:31:31.341+00:00 | BftProcessorExecutor-QBFT-0 | INFO  | QbftBesuControllerBuilder | Produced #157 / 1 tx / 0 pending / 153,638 (0.0%) gas / (0xac2e758d8bf6f3bbd42d7f2c11884c0b7aa31ab600375447937626d6ef1d751d)
2026-10-07 14:31:33.339+00:00 | BftProcessorExecutor-QBFT-0 | INFO  | QbftBesuControllerBuilder | Imported #158 / 0 tx / 0 pending / 0 (0.0%) gas / (0x2f9b0e9276732ca726be60ccb01c861e0e910819d421810df868ff54cd0057fc)
2026-10-07 14:31:35.334+00:00 | EthScheduler-Workers-0 | INFO  | PersistBlockTask | Block 159 (0x354f35482d962daba1921efc803adfa41668a494db930afc2d43c653a331dab3) is already imported
2026-10-07 14:31:35.334+00:00 | BftProcessorExecutor-QBFT-0 | INFO  | QbftBesuControllerBuilder | Imported #159 / 0 tx / 0 pending / 0 (0.0%) gas / (0x354f35482d962daba1921efc803adfa41668a494db930afc2d43c653a331dab3)
2026-10-07 14:31:37.439+00:00 | EthScheduler-Workers-0 | INFO  | PersistBlockTask | Block 160 (0x9e2339904f2d073dc25762192f7b43df061db9987a2b069b92d44bda87c48afc) is already imported
2026-10-07 14:31:37.439+00:00 | BftProcessorExecutor-QBFT-0 | INFO  | QbftBesuControllerBuilder | Imported #160 / 3 tx / 121 pending / 725,910 (0.0%) gas / (0x9e2339904f2d073dc25762192f7b43df061db9987a2b069b92d44bda87c48afc)
2026-10-07 14:31:40.074+00:00 | EthScheduler-Workers-0 | INFO  | PersistBlockTask | Block 161 (0x37c23b57f403565402efbaa50fd273320a859ebc0c9ee059b71f312bd3985488) is already imported
2026-10-07 14:31:40.074+00:00 | BftProcessorExecutor-QBFT-0 | INFO  | QbftBesuControllerBuilder | Imported #161 / 41 tx / 797 pending / 9,920,770 (0.0%) gas / (0x37c23b57f403565402efbaa50fd273320a859ebc0c9ee059b71f312bd3985488)
2026-10-07 14:31:44.582+00:00 | EthScheduler-Workers-0 | INFO  | PersistBlockTask | Block 162 (0x9622489b56d0d589a932d405ac6e3051690a9593555841895b341f1eeaa59db3) is already imported
2026-10-07 14:31:44.583+00:00 | BftProcessorExecutor-QBFT-0 | INFO  | QbftBesuControllerBuilder | Imported #162 / 68 tx / 906 pending / 16,453,960 (0.0%) gas / (0x9622489b56d0d589a932d405ac6e3051690a9593555841895b341f1eeaa59db3)
2026-10-07 14:31:46.766+00:00 | EthScheduler-Workers-0 | INFO  | PersistBlockTask | Block 163 (0x1868fb7ee3de173f969bc2073021f60e927445f6109b63ef253f262386d25e8b) is already imported
2026-10-07 14:31:46.767+00:00 | BftProcessorExecutor-QBFT-0 | INFO  | QbftBesuControllerBuilder | Imported #163 / 68 tx / 844 pending / 16,453,960 (0.0%) gas / (0x1868fb7ee3de173f969bc2073021f60e927445f6109b63ef253f262386d25e8b)
2026-10-07 14:31:48.563+00:00 | EthScheduler-Workers-0 | INFO  | PersistBlockTask | Block 164 (0xa494d628f1bffa83bf386651f6a4a846caa582ac2df8082190024caa0c9635b8) is already imported
2026-10-07 14:31:48.564+00:00 | BftProcessorExecutor-QBFT-0 | INFO  | QbftBesuControllerBuilder | Imported #164 / 68 tx / 776 pending / 16,453,960 (0.0%) gas / (0xa494d628f1bffa83bf386651f6a4a846caa582ac2df8082190024caa0c9635b8)
2026-10-07 14:31:50.281+00:00 | BftProcessorExecutor-QBFT-0 | INFO  | QbftBesuControllerBuilder | Imported #165 / 69 tx / 707 pending / 16,695,930 (0.0%) gas / (0xfb11686c734730ff776bf472aa43874b8bac2c571b47564feb4ab03d8a020230)
2026-10-07 14:31:52.284+00:00 | EthScheduler-Workers-0 | INFO  | PersistBlockTask | Block 166 (0xd89ed36fc6aacc74d7534d6067f181e15b110d9f4c9511027c57e21b6fdc85d6) is already imported
2026-10-07 14:31:52.285+00:00 | BftProcessorExecutor-QBFT-0 | INFO  | QbftBesuControllerBuilder | Imported #166 / 69 tx / 638 pending / 16,695,930 (0.0%) gas / (0xd89ed36fc6aacc74d7534d6067f181e15b110d9f4c9511027c57e21b6fdc85d6)
2026-10-07 14:31:54.262+00:00 | EthScheduler-Workers-0 | INFO  | PersistBlockTask | Block 167 (0x6c1a3080f115e921768ddc967c63e375b8c1705eb8eaf9579cb9e76addde6051) is already imported
2026-10-07 14:31:54.262+00:00 | BftProcessorExecutor-QBFT-0 | INFO  | QbftBesuControllerBuilder | Imported #167 / 69 tx / 569 pending / 16,695,930 (0.0%) gas / (0x6c1a3080f115e921768ddc967c63e375b8c1705eb8eaf9579cb9e76addde6051)
2026-10-07 14:31:56.221+00:00 | BftProcessorExecutor-QBFT-0 | INFO  | QbftBesuControllerBuilder | Imported #168 / 69 tx / 500 pending / 16,695,930 (0.0%) gas / (0x9fa8b36cc60a5b32f0561bf8b86ab519d67ad64d32844e8791115718d592e188)
2026-10-07 14:31:58.252+00:00 | EthScheduler-Workers-0 | INFO  | PersistBlockTask | Block 169 (0x688d4f00cd4b938948600fbaa89272cb0c38a2f90cdc1772cfa3f21dcc23f5b4) is already imported
2026-10-07 14:31:58.252+00:00 | BftProcessorExecutor-QBFT-0 | INFO  | QbftBesuControllerBuilder | Imported #169 / 68 tx / 432 pending / 16,453,960 (0.0%) gas / (0x688d4f00cd4b938948600fbaa89272cb0c38a2f90cdc1772cfa3f21dcc23f5b4)
2026-10-07 14:32:00.341+00:00 | BftProcessorExecutor-QBFT-0 | INFO  | QbftBesuControllerBuilder | Imported #170 / 68 tx / 364 pending / 16,453,960 (0.0%) gas / (0xb09cd96ec2bada841c3189cd6174ab4ceb3725f9f8e2325de0eaa06a0a35fc5a)
2026-10-07 14:32:02.424+00:00 | EthScheduler-Workers-0 | INFO  | PersistBlockTask | Block 171 (0x60d0b449500cae1ff8403ee2b1959b44f722e0f7b2d10b647e72f684423d0bbf) is already imported
2026-10-07 14:32:02.424+00:00 | BftProcessorExecutor-QBFT-0 | INFO  | QbftBesuControllerBuilder | Imported #171 / 68 tx / 296 pending / 16,453,960 (0.0%) gas / (0x60d0b449500cae1ff8403ee2b1959b44f722e0f7b2d10b647e72f684423d0bbf)
2026-10-07 14:32:04.309+00:00 | BftProcessorExecutor-QBFT-0 | INFO  | QbftBesuControllerBuilder | Produced #172 / 68 tx / 228 pending / 16,453,960 (0.0%) gas / (0x5f8df8df631a01ad37928c0940e945ae43690f0fd0c52fa06f0ba331be5558ad)
2026-10-07 14:32:06.422+00:00 | BftProcessorExecutor-QBFT-0 | INFO  | QbftBesuControllerBuilder | Imported #173 / 68 tx / 160 pending / 16,453,960 (0.0%) gas / (0xba16ea25f59bce8db0acbe4ae0d1f887de45a6260b4fb6f6c90a84810ae71746)
2026-10-07 14:32:08.355+00:00 | EthScheduler-Workers-0 | INFO  | PersistBlockTask | Block 174 (0xb77ba78298d0425e5aade2e87b148260083961e07edc444ecd2eb4b0fba24fc0) is already imported
2026-10-07 14:32:08.355+00:00 | BftProcessorExecutor-QBFT-0 | INFO  | QbftBesuControllerBuilder | Imported #174 / 68 tx / 92 pending / 16,453,960 (0.0%) gas / (0xb77ba78298d0425e5aade2e87b148260083961e07edc444ecd2eb4b0fba24fc0)
2026-10-07 14:32:10.404+00:00 | BftProcessorExecutor-QBFT-0 | INFO  | QbftBesuControllerBuilder | Imported #175 / 65 tx / 27 pending / 15,728,050 (0.0%) gas / (0xfefe17a9696da4d23756ceeb4b8312312508a281fe30edd4213dfa4553d49d16)
2026-10-07 14:32:10.404+00:00 | EthScheduler-Workers-0 | INFO  | PersistBlockTask | Block 175 (0xfefe17a9696da4d23756ceeb4b8312312508a281fe30edd4213dfa4553d49d16) is already imported
2026-10-07 14:32:11.841+00:00 | BftProcessorExecutor-QBFT-0 | INFO  | QbftBesuControllerBuilder | Imported #176 / 27 tx / 0 pending / 6,533,190 (0.0%) gas / (0x23e7378b3b856c01fdf5c22ae4184fe81a05d08373aee621ebe6420c5e845303)
2026-10-07 14:32:11.841+00:00 | EthScheduler-Workers-0 | INFO  | PersistBlockTask | Block 176 (0x23e7378b3b856c01fdf5c22ae4184fe81a05d08373aee621ebe6420c5e845303) is already imported
2026-10-07 14:32:13.469+00:00 | BftProcessorExecutor-QBFT-0 | INFO  | QbftBesuControllerBuilder | Imported #177 / 0 tx / 0 pending / 0 (0.0%) gas / (0x429c95be447f88cb24c6992b1237acb551ebc24942492cdc8eb50fb93ff5b91c)
2026-10-07 14:32:15.466+00:00 | BftProcessorExecutor-QBFT-0 | INFO  | QbftBesuControllerBuilder | Imported #178 / 0 tx / 0 pending / 0 (0.0%) gas / (0x0a92fcd88dfbea6441e0b92c35969820ea39be303235b5dcabe630344e9b9597)
2026-10-07 14:32:17.483+00:00 | BftProcessorExecutor-QBFT-0 | INFO  | QbftBesuControllerBuilder | Imported #179 / 0 tx / 0 pending / 0 (0.0%) gas / (0xa66ba88222d5e8dbd4cc8492861005483fe22815a28a227b770803387d02b49f)
2026-10-07 14:32:19.246+00:00 | EthScheduler-Workers-0 | INFO  | PersistBlockTask | Block 180 (0x4852078a365ae218c9e77e5fb267aa6ae432ff3564a79d3a15d5bbf5a14a043d) is already imported
2026-10-07 14:32:19.247+00:00 | BftProcessorExecutor-QBFT-0 | INFO  | QbftBesuControllerBuilder | Imported #180 / 0 tx / 0 pending / 0 (0.0%) gas / (0x4852078a365ae218c9e77e5fb267aa6ae432ff3564a79d3a15d5bbf5a14a043d)
2026-10-07 14:32:21.252+00:00 | BftProcessorExecutor-QBFT-0 | INFO  | QbftBesuControllerBuilder | Imported #181 / 0 tx / 0 pending / 0 (0.0%) gas / (0xc0dd77302a5b8f9579f7f703ead3c80ac3d4859069f757cccbf7fe0c334d2c22)
2026-10-07 14:32:23.247+00:00 | BftProcessorExecutor-QBFT-0 | INFO  | QbftBesuControllerBuilder | Imported #182 / 0 tx / 6 pending / 0 (0.0%) gas / (0x818abeddb1d7c8c4c72b4572eb347ed4b435f9cab2b9da36d3df697b7a24ad76)
2026-10-07 14:32:25.259+00:00 | BftProcessorExecutor-QBFT-0 | INFO  | QbftBesuControllerBuilder | Imported #183 / 1 tx / 7 pending / 153,638 (0.0%) gas / (0xf82a2d4326c93ffcf1b7c5d68701bf20ebb43a43b702de72ce3e675607ce2ed7)
2026-10-07 14:32:25.264+00:00 | EthScheduler-Workers-0 | INFO  | PersistBlockTask | Block 183 (0xf82a2d4326c93ffcf1b7c5d68701bf20ebb43a43b702de72ce3e675607ce2ed7) is already imported
2026-10-07 14:32:27.264+00:00 | BftProcessorExecutor-QBFT-0 | INFO  | QbftBesuControllerBuilder | Imported #184 / 1 tx / 6 pending / 153,606 (0.0%) gas / (0x2afb89b906858fc7991fb82ff2bcdca1506913d7377435ad960d03a89346f79e)
2026-10-07 14:32:29.278+00:00 | BftProcessorExecutor-QBFT-0 | INFO  | QbftBesuControllerBuilder | Imported #185 / 1 tx / 6 pending / 153,606 (0.0%) gas / (0x4f2b9e997b6b931c29ae868d780f97b3ad150291b8a7a622097cd29053a0affd)
2026-10-07 14:32:29.278+00:00 | EthScheduler-Workers-0 | INFO  | PersistBlockTask | Block 185 (0x4f2b9e997b6b931c29ae868d780f97b3ad150291b8a7a622097cd29053a0affd) is already imported
2026-10-07 14:32:31.364+00:00 | BftProcessorExecutor-QBFT-0 | INFO  | QbftBesuControllerBuilder | Imported #186 / 1 tx / 4 pending / 153,650 (0.0%) gas / (0x668edc9293e974795158154d1659ce4ff47836cc9487a14af1ce38bbc90027dd)
2026-10-07 14:32:31.365+00:00 | EthScheduler-Workers-0 | INFO  | PersistBlockTask | Block 186 (0x668edc9293e974795158154d1659ce4ff47836cc9487a14af1ce38bbc90027dd) is already imported
2026-10-07 14:32:33.340+00:00 | BftProcessorExecutor-QBFT-0 | INFO  | QbftBesuControllerBuilder | Produced #187 / 1 tx / 3 pending / 153,630 (0.0%) gas / (0xcf78bd687e3621b0efe2e92453ab9b106da9c14419813273af14c96d433cc2cc)
2026-10-07 14:32:33.342+00:00 | EthScheduler-Workers-0 | INFO  | PersistBlockTask | Block 187 (0xcf78bd687e3621b0efe2e92453ab9b106da9c14419813273af14c96d433cc2cc) is already imported
2026-10-07 14:32:35.349+00:00 | BftProcessorExecutor-QBFT-0 | INFO  | QbftBesuControllerBuilder | Imported #188 / 0 tx / 3 pending / 0 (0.0%) gas / (0xd35a69e34f05d0060f51196101c4ab6efac9c285a91286d12dc8b126e489f38f)
2026-10-07 14:32:37.337+00:00 | BftProcessorExecutor-QBFT-0 | INFO  | QbftBesuControllerBuilder | Imported #189 / 0 tx / 3 pending / 0 (0.0%) gas / (0x387ecfcf4fc8b0bc6873417275107db6785ac4f896ef2678bcf7548d3103a0fc)
2026-10-07 14:32:39.332+00:00 | BftProcessorExecutor-QBFT-0 | INFO  | QbftBesuControllerBuilder | Imported #190 / 0 tx / 3 pending / 0 (0.0%) gas / (0xf74f31c45756b7a2590d5ac6c916231155cab3ded8637339c466bed6b61a688c)
2026-10-07 14:32:41.338+00:00 | BftProcessorExecutor-QBFT-0 | INFO  | QbftBesuControllerBuilder | Imported #191 / 0 tx / 3 pending / 0 (0.0%) gas / (0x3f577256356ed4e39a8aeab6b098e5d649d3ab3f5ff4bb63c4820505f1878008)
2026-10-07 14:32:43.476+00:00 | BftProcessorExecutor-QBFT-0 | INFO  | QbftBesuControllerBuilder | Imported #192 / 0 tx / 3 pending / 0 (0.0%) gas / (0x0139c5295e022de66f2acff944f853bb0c884a68f561b44953b8512f42c2eb25)
2026-10-07 14:32:45.497+00:00 | EthScheduler-Workers-0 | INFO  | PersistBlockTask | Block 193 (0x584dc87c3ed658d35847903e097d6ecc99d2761b1865db734080be4ee10c292b) is already imported
2026-10-07 14:32:45.498+00:00 | BftProcessorExecutor-QBFT-0 | INFO  | QbftBesuControllerBuilder | Imported #193 / 0 tx / 3 pending / 0 (0.0%) gas / (0x584dc87c3ed658d35847903e097d6ecc99d2761b1865db734080be4ee10c292b)
2026-10-07 14:32:47.497+00:00 | EthScheduler-Workers-0 | INFO  | PersistBlockTask | Block 194 (0xb7b4bdb5e5c85bb6fdcb58d82a093dbbc99e9ba963a98dd3418593e1ed213d6d) is already imported
2026-10-07 14:32:47.498+00:00 | BftProcessorExecutor-QBFT-0 | INFO  | QbftBesuControllerBuilder | Imported #194 / 0 tx / 3 pending / 0 (0.0%) gas / (0xb7b4bdb5e5c85bb6fdcb58d82a093dbbc99e9ba963a98dd3418593e1ed213d6d)
2026-10-07 14:32:49.262+00:00 | BftProcessorExecutor-QBFT-0 | INFO  | QbftBesuControllerBuilder | Imported #195 / 1 tx / 2 pending / 153,650 (0.0%) gas / (0x01b334b8b37d7f2b7d90c3baa9f396898facdcedc3f31ca549d47d11ae6c311d)
2026-10-07 14:32:51.267+00:00 | EthScheduler-Workers-0 | INFO  | PersistBlockTask | Block 196 (0x7e4613eb844a0248dab93a77eeedeb6e65e6a9a9abb703e1b53527e7433baa5f) is already imported
2026-10-07 14:32:51.267+00:00 | BftProcessorExecutor-QBFT-0 | INFO  | QbftBesuControllerBuilder | Imported #196 / 1 tx / 1 pending / 153,630 (0.0%) gas / (0x7e4613eb844a0248dab93a77eeedeb6e65e6a9a9abb703e1b53527e7433baa5f)
2026-10-07 14:32:53.253+00:00 | BftProcessorExecutor-QBFT-0 | INFO  | QbftBesuControllerBuilder | Imported #197 / 1 tx / 0 pending / 153,630 (0.0%) gas / (0xe53070397f50a8d667522df91d6ab3aa9155145e56b1a333a566998ba2970840)
2026-10-07 14:32:55.261+00:00 | EthScheduler-Workers-0 | INFO  | PersistBlockTask | Block 198 (0x500d5ed1f79b1734a1973038512e5f0c64ed110c02d35fdc47cb2b7ea0295c51) is already imported
2026-10-07 14:32:55.262+00:00 | BftProcessorExecutor-QBFT-0 | INFO  | QbftBesuControllerBuilder | Imported #198 / 0 tx / 0 pending / 0 (0.0%) gas / (0x500d5ed1f79b1734a1973038512e5f0c64ed110c02d35fdc47cb2b7ea0295c51)
2026-10-07 14:32:57.255+00:00 | EthScheduler-Workers-0 | INFO  | PersistBlockTask | Block 199 (0xc3a5e29a578b1a02a188f0a8cbebf4442bef0301dd030fd8ad09d80800660e78) is already imported
2026-10-07 14:32:57.255+00:00 | BftProcessorExecutor-QBFT-0 | INFO  | QbftBesuControllerBuilder | Imported #199 / 0 tx / 0 pending / 0 (0.0%) gas / (0xc3a5e29a578b1a02a188f0a8cbebf4442bef0301dd030fd8ad09d80800660e78)
2026-10-07 14:32:59.461+00:00 | BftProcessorExecutor-QBFT-0 | INFO  | QbftBesuControllerBuilder | Imported #200 / 8 tx / 189 pending / 1,935,760 (0.0%) gas / (0xc66c25a80e1ac7fd68841a6cd2c057ed2f0b44d6607e2f0b43ed0f7219103554)
2026-10-07 14:33:02.092+00:00 | EthScheduler-Workers-0 | INFO  | PersistBlockTask | Block 201 (0x6254826c62d6049c9dab38b74b27b7c36baa86689e399d5e36f40efc550a4ecf) is already imported
2026-10-07 14:33:02.092+00:00 | BftProcessorExecutor-QBFT-0 | INFO  | QbftBesuControllerBuilder | Imported #201 / 50 tx / 850 pending / 12,098,500 (0.0%) gas / (0x6254826c62d6049c9dab38b74b27b7c36baa86689e399d5e36f40efc550a4ecf)
2026-10-07 14:33:04.366+00:00 | EthScheduler-Workers-0 | INFO  | PersistBlockTask | Block 202 (0xc8f02f31e1ec121e1adbcb9df72c361c8cf2c3928c937fa393a4d745570f74c2) is already imported
2026-10-07 14:33:04.367+00:00 | BftProcessorExecutor-QBFT-0 | INFO  | QbftBesuControllerBuilder | Produced #202 / 68 tx / 864 pending / 16,453,960 (0.0%) gas / (0xc8f02f31e1ec121e1adbcb9df72c361c8cf2c3928c937fa393a4d745570f74c2)
2026-10-07 14:33:06.302+00:00 | BftProcessorExecutor-QBFT-0 | INFO  | QbftBesuControllerBuilder | Imported #203 / 68 tx / 830 pending / 16,453,960 (0.0%) gas / (0x736542ef353bf4044cbe9cbc5fa7f59e98c4f8d2dc87551183a0969f54ddd21f)
2026-10-07 14:33:08.367+00:00 | EthScheduler-Workers-0 | INFO  | PersistBlockTask | Block 204 (0xd531f29054f3bda2bd0c7eca5a9c17e13f31ce350a66275f5cd24af05d4084b5) is already imported
2026-10-07 14:33:08.368+00:00 | BftProcessorExecutor-QBFT-0 | INFO  | QbftBesuControllerBuilder | Imported #204 / 68 tx / 762 pending / 16,453,960 (0.0%) gas / (0xd531f29054f3bda2bd0c7eca5a9c17e13f31ce350a66275f5cd24af05d4084b5)
2026-10-07 14:33:10.354+00:00 | BftProcessorExecutor-QBFT-0 | INFO  | QbftBesuControllerBuilder | Imported #205 / 68 tx / 694 pending / 16,453,960 (0.0%) gas / (0xdae2d5ea2dd5455d9d63afc2fe9e261de208aa9f9d15de8bdb584801f946eb26)
2026-10-07 14:33:12.461+00:00 | EthScheduler-Workers-0 | INFO  | PersistBlockTask | Block 206 (0x6004a81699ffaeeeedb5cb7d22c8863e6931c3da29c1e24e2aec9073af0c81f2) is already imported
2026-10-07 14:33:12.461+00:00 | BftProcessorExecutor-QBFT-0 | INFO  | QbftBesuControllerBuilder | Imported #206 / 68 tx / 626 pending / 16,453,960 (0.0%) gas / (0x6004a81699ffaeeeedb5cb7d22c8863e6931c3da29c1e24e2aec9073af0c81f2)
2026-10-07 14:33:14.647+00:00 | EthScheduler-Workers-0 | INFO  | PersistBlockTask | Block 207 (0x64c8fe5fe854410b6360850fa9702d3319caa7010677e6d0004b45527f002401) is already imported
2026-10-07 14:33:14.647+00:00 | BftProcessorExecutor-QBFT-0 | INFO  | QbftBesuControllerBuilder | Imported #207 / 68 tx / 558 pending / 16,453,960 (0.0%) gas / (0x64c8fe5fe854410b6360850fa9702d3319caa7010677e6d0004b45527f002401)
2026-10-07 14:33:16.563+00:00 | EthScheduler-Workers-0 | INFO  | PersistBlockTask | Block 208 (0x811b3f1d15f456a9af1cb07ea98df8acff5f195913220a3bb80547437ce2fcea) is already imported
2026-10-07 14:33:16.564+00:00 | BftProcessorExecutor-QBFT-0 | INFO  | QbftBesuControllerBuilder | Imported #208 / 68 tx / 490 pending / 16,453,960 (0.0%) gas / (0x811b3f1d15f456a9af1cb07ea98df8acff5f195913220a3bb80547437ce2fcea)
2026-10-07 14:33:18.687+00:00 | EthScheduler-Workers-0 | INFO  | PersistBlockTask | Block 209 (0x30c2e1bf39f34b228d0ad95de225f2d988e6bfaa7a1e01505b37097f7964eda7) is already imported
2026-10-07 14:33:18.687+00:00 | BftProcessorExecutor-QBFT-0 | INFO  | QbftBesuControllerBuilder | Imported #209 / 68 tx / 422 pending / 16,453,960 (0.0%) gas / (0x30c2e1bf39f34b228d0ad95de225f2d988e6bfaa7a1e01505b37097f7964eda7)
2026-10-07 14:33:20.299+00:00 | BftProcessorExecutor-QBFT-0 | INFO  | QbftBesuControllerBuilder | Imported #210 / 69 tx / 353 pending / 16,695,930 (0.0%) gas / (0x773dd2f3ee52413e1e489d833a02ca65025009c36f194f73b6faf44c30619ea9)
2026-10-07 14:33:22.402+00:00 | EthScheduler-Workers-0 | INFO  | PersistBlockTask | Block 211 (0xf86b8dc8ce083a937cf5565f49f37bd477dd3661391f5c5e0ab2d85fd24de48d) is already imported
2026-10-07 14:33:22.402+00:00 | BftProcessorExecutor-QBFT-0 | INFO  | QbftBesuControllerBuilder | Imported #211 / 69 tx / 284 pending / 16,695,930 (0.0%) gas / (0xf86b8dc8ce083a937cf5565f49f37bd477dd3661391f5c5e0ab2d85fd24de48d)
2026-10-07 14:33:24.351+00:00 | EthScheduler-Workers-0 | INFO  | PersistBlockTask | Block 212 (0x2c693ef4b62df9b2f06c8c556e418a7b1228862036c7388fb5e3c9f094402b47) is already imported
2026-10-07 14:33:24.351+00:00 | BftProcessorExecutor-QBFT-0 | INFO  | QbftBesuControllerBuilder | Imported #212 / 69 tx / 215 pending / 16,695,930 (0.0%) gas / (0x2c693ef4b62df9b2f06c8c556e418a7b1228862036c7388fb5e3c9f094402b47)
2026-10-07 14:33:26.211+00:00 | BftProcessorExecutor-QBFT-0 | INFO  | QbftBesuControllerBuilder | Imported #213 / 69 tx / 146 pending / 16,695,930 (0.0%) gas / (0x965af9ef4be7eea7d85f83126a9b45743457699c1bafb1c0895210f1004507d8)
2026-10-07 14:33:28.306+00:00 | BftProcessorExecutor-QBFT-0 | INFO  | QbftBesuControllerBuilder | Imported #214 / 68 tx / 78 pending / 16,453,960 (0.0%) gas / (0xdbba46051ae1a232b107ff2f175462267c06faf6a55baa0c7a9cb3d0942ff2e7)
2026-10-07 14:33:30.155+00:00 | EthScheduler-Workers-0 | INFO  | PersistBlockTask | Block 215 (0x85b513987fedf5362a84235cd95c4eb92f9741cbae185a1b8764e529bdeeda5c) is already imported
2026-10-07 14:33:30.156+00:00 | BftProcessorExecutor-QBFT-0 | INFO  | QbftBesuControllerBuilder | Imported #215 / 60 tx / 18 pending / 14,518,200 (0.0%) gas / (0x85b513987fedf5362a84235cd95c4eb92f9741cbae185a1b8764e529bdeeda5c)
2026-10-07 14:33:31.734+00:00 | EthScheduler-Workers-0 | INFO  | PersistBlockTask | Block 216 (0xb3d0f723af515e863e9b3d42b54fc062d7ee51c8b097bd1f4870cb2bc7533860) is already imported
2026-10-07 14:33:31.734+00:00 | BftProcessorExecutor-QBFT-0 | INFO  | QbftBesuControllerBuilder | Imported #216 / 18 tx / 0 pending / 4,355,460 (0.0%) gas / (0xb3d0f723af515e863e9b3d42b54fc062d7ee51c8b097bd1f4870cb2bc7533860)
2026-10-07 14:33:33.326+00:00 | BftProcessorExecutor-QBFT-0 | INFO  | QbftBesuControllerBuilder | Produced #217 / 0 tx / 0 pending / 0 (0.0%) gas / (0xdc750478537fe0557654760ce403a2df9ff3530adf5cf78ff0cf9ce37f5d9f78)
2026-10-07 14:33:35.348+00:00 | EthScheduler-Workers-0 | INFO  | PersistBlockTask | Block 218 (0x6673b7c44225e32a210a1841e957794258f4e573d8889e290609ee7f57bfb207) is already imported
2026-10-07 14:33:35.349+00:00 | BftProcessorExecutor-QBFT-0 | INFO  | QbftBesuControllerBuilder | Imported #218 / 0 tx / 0 pending / 0 (0.0%) gas / (0x6673b7c44225e32a210a1841e957794258f4e573d8889e290609ee7f57bfb207)
2026-10-07 14:33:37.318+00:00 | BftProcessorExecutor-QBFT-0 | INFO  | QbftBesuControllerBuilder | Imported #219 / 0 tx / 0 pending / 0 (0.0%) gas / (0x8fdac78cbcc78d2a7c10acc661cee1d130ba8bab3eba4d897521a9ed77ec15be)
2026-10-07 14:33:39.337+00:00 | EthScheduler-Workers-0 | INFO  | PersistBlockTask | Block 220 (0xb17cdd641d18891c970ee3b156bd788418cf9ee3de149ef32e7e005f7083cb7c) is already imported
2026-10-07 14:33:39.337+00:00 | BftProcessorExecutor-QBFT-0 | INFO  | QbftBesuControllerBuilder | Imported #220 / 0 tx / 0 pending / 0 (0.0%) gas / (0xb17cdd641d18891c970ee3b156bd788418cf9ee3de149ef32e7e005f7083cb7c)
2026-10-07 14:33:41.315+00:00 | BftProcessorExecutor-QBFT-0 | INFO  | QbftBesuControllerBuilder | Imported #221 / 0 tx / 0 pending / 0 (0.0%) gas / (0xb799c8e510c4059aa11479983a1e438a83f33bca3195eb7338ae6a1d1a5b08ba)
2026-10-07 14:33:43.481+00:00 | BftProcessorExecutor-QBFT-0 | INFO  | QbftBesuControllerBuilder | Imported #222 / 0 tx / 0 pending / 0 (0.0%) gas / (0x46e384fbb6aba3e74193db150952b78fe8c4bec5bab19396e706a8eee19ef9c9)
2026-10-07 14:33:45.475+00:00 | BftProcessorExecutor-QBFT-0 | INFO  | QbftBesuControllerBuilder | Imported #223 / 0 tx / 0 pending / 0 (0.0%) gas / (0x6063592aa2a07e381673bc857082df3915670ff4ad61551bbfd1a19346df5d5b)
2026-10-07 14:33:47.483+00:00 | BftProcessorExecutor-QBFT-0 | INFO  | QbftBesuControllerBuilder | Imported #224 / 0 tx / 8 pending / 0 (0.0%) gas / (0xd499ee3165cbfb18cdee934cd4c6f5209bcd25bc77371b5000f9c46dda41bf42)
2026-10-07 14:33:49.281+00:00 | EthScheduler-Workers-0 | INFO  | PersistBlockTask | Block 225 (0x654f32b335d4a53ac9a569e2b09af1d828563f33087967902e6d27d1a6726a6c) is already imported
2026-10-07 14:33:49.281+00:00 | BftProcessorExecutor-QBFT-0 | INFO  | QbftBesuControllerBuilder | Imported #225 / 1 tx / 7 pending / 153,638 (0.0%) gas / (0x654f32b335d4a53ac9a569e2b09af1d828563f33087967902e6d27d1a6726a6c)
2026-10-07 14:33:51.275+00:00 | BftProcessorExecutor-QBFT-0 | INFO  | QbftBesuControllerBuilder | Imported #226 / 1 tx / 6 pending / 153,638 (0.0%) gas / (0xac07c49ff38007cc96963b05a35145cee0d8decd3866ab7b4b5fbe46a2162a25)
2026-10-07 14:33:53.272+00:00 | EthScheduler-Workers-0 | INFO  | PersistBlockTask | Block 227 (0x0200cdd957ce6accd9a9491a0d4d83e2e61e29a867500eb38e3262588a318bfd) is already imported
2026-10-07 14:33:53.272+00:00 | BftProcessorExecutor-QBFT-0 | INFO  | QbftBesuControllerBuilder | Imported #227 / 1 tx / 5 pending / 153,618 (0.0%) gas / (0x0200cdd957ce6accd9a9491a0d4d83e2e61e29a867500eb38e3262588a318bfd)
2026-10-07 14:33:55.264+00:00 | BftProcessorExecutor-QBFT-0 | INFO  | QbftBesuControllerBuilder | Imported #228 / 1 tx / 4 pending / 153,618 (0.0%) gas / (0x2ec3b73bdb6c99c199fefbf8c7174e63aff1b09d826464482a7f332849cfe01e)
2026-10-07 14:33:57.266+00:00 | EthScheduler-Workers-0 | INFO  | PersistBlockTask | Block 229 (0x902078c59f5441600e2820f3c4f60d0ea60dd27234aad62813f98676c0166d67) is already imported
2026-10-07 14:33:57.266+00:00 | BftProcessorExecutor-QBFT-0 | INFO  | QbftBesuControllerBuilder | Imported #229 / 1 tx / 3 pending / 153,650 (0.0%) gas / (0x902078c59f5441600e2820f3c4f60d0ea60dd27234aad62813f98676c0166d67)
2026-10-07 14:33:59.277+00:00 | EthScheduler-Workers-0 | INFO  | PersistBlockTask | Block 230 (0xc8e77b91bc66e9a81f69c6ebd583d103be30ac118d7632ac1ba8d567bccbb9aa) is already imported
2026-10-07 14:33:59.277+00:00 | BftProcessorExecutor-QBFT-0 | INFO  | QbftBesuControllerBuilder | Imported #230 / 1 tx / 2 pending / 153,650 (0.0%) gas / (0xc8e77b91bc66e9a81f69c6ebd583d103be30ac118d7632ac1ba8d567bccbb9aa)
2026-10-07 14:34:01.339+00:00 | BftProcessorExecutor-QBFT-0 | INFO  | QbftBesuControllerBuilder | Imported #231 / 1 tx / 1 pending / 153,650 (0.0%) gas / (0xca2179c642709b851582bdbe5e8043f2a06fff0a6ebf16ae7c6f385d532d1e2c)
2026-10-07 14:34:03.344+00:00 | BftProcessorExecutor-QBFT-0 | INFO  | QbftBesuControllerBuilder | Produced #232 / 1 tx / 0 pending / 153,618 (0.0%) gas / (0xed50823e0f4a13302adff3f152ef9fe55f99b6f3ea5b854df57aff573f7740f2)
2026-10-07 14:34:03.348+00:00 | EthScheduler-Workers-0 | INFO  | PersistBlockTask | Block 232 (0xed50823e0f4a13302adff3f152ef9fe55f99b6f3ea5b854df57aff573f7740f2) is already imported
2026-10-07 14:34:05.343+00:00 | BftProcessorExecutor-QBFT-0 | INFO  | QbftBesuControllerBuilder | Imported #233 / 0 tx / 0 pending / 0 (0.0%) gas / (0x38c89b9b1ca8b933ca804665d2148212e5b45cf64ef45b1f5f680582d7d44995)
2026-10-07 14:34:07.323+00:00 | BftProcessorExecutor-QBFT-0 | INFO  | QbftBesuControllerBuilder | Imported #234 / 0 tx / 0 pending / 0 (0.0%) gas / (0x91ba2cabf1f2a158673e7358c38b3396b9cb45f9cbdb0ae0a5024b00c815c6d7)
2026-10-07 14:34:09.310+00:00 | BftProcessorExecutor-QBFT-0 | INFO  | QbftBesuControllerBuilder | Imported #235 / 0 tx / 0 pending / 0 (0.0%) gas / (0x8ed53c63862bd90894b748d2b247acee0bb2153829ab0088eafab7b532523852)
2026-10-07 14:34:11.328+00:00 | BftProcessorExecutor-QBFT-0 | INFO  | QbftBesuControllerBuilder | Imported #236 / 0 tx / 0 pending / 0 (0.0%) gas / (0xf054b229756d515b6bcf707d5601aeb9c0e063cabf4959b712b319e035dd7eae)
2026-10-07 14:34:13.486+00:00 | BftProcessorExecutor-QBFT-0 | INFO  | QbftBesuControllerBuilder | Imported #237 / 0 tx / 0 pending / 0 (0.0%) gas / (0x40ce5872926f63549223a013210f7c3558c6a0e77904a3aff59598aee66f0c41)
2026-10-07 14:34:15.480+00:00 | BftProcessorExecutor-QBFT-0 | INFO  | QbftBesuControllerBuilder | Imported #238 / 0 tx / 0 pending / 0 (0.0%) gas / (0x24188fdddd68716d1b13e055082b3caf9b022d2874fa09403b010aef79bee1bc)
2026-10-07 14:34:17.420+00:00 | BftProcessorExecutor-QBFT-0 | INFO  | QbftBesuControllerBuilder | Imported #239 / 0 tx / 0 pending / 0 (0.0%) gas / (0xfc009ea4096a119632b58e0efb77bcd9d9f54765bae6bb2f124b4c309c53429a)
2026-10-07 14:34:17.420+00:00 | EthScheduler-Workers-0 | INFO  | PersistBlockTask | Block 239 (0xfc009ea4096a119632b58e0efb77bcd9d9f54765bae6bb2f124b4c309c53429a) is already imported
2026-10-07 14:34:19.254+00:00 | BftProcessorExecutor-QBFT-0 | INFO  | QbftBesuControllerBuilder | Imported #240 / 0 tx / 0 pending / 0 (0.0%) gas / (0x0618aafdc92899f0d4b90727857d926bbc1f9479f08ebeb99b01ef0dde091307)
2026-10-07 14:34:19.256+00:00 | EthScheduler-Workers-0 | INFO  | PersistBlockTask | Block 240 (0x0618aafdc92899f0d4b90727857d926bbc1f9479f08ebeb99b01ef0dde091307) is already imported
2026-10-07 14:34:21.244+00:00 | EthScheduler-Workers-0 | INFO  | PersistBlockTask | Block 241 (0x16c5f670e0c99e18f2e23e2d4b3365692447ba17480c587282fb502a367ad7fd) is already imported
2026-10-07 14:34:21.244+00:00 | BftProcessorExecutor-QBFT-0 | INFO  | QbftBesuControllerBuilder | Imported #241 / 0 tx / 0 pending / 0 (0.0%) gas / (0x16c5f670e0c99e18f2e23e2d4b3365692447ba17480c587282fb502a367ad7fd)
2026-10-07 14:34:23.239+00:00 | BftProcessorExecutor-QBFT-0 | INFO  | QbftBesuControllerBuilder | Imported #242 / 0 tx / 0 pending / 0 (0.0%) gas / (0xc12f704079461457e3d915cd773c94f6b10ab4b4aac9be6fe575230517fddbb8)
2026-10-07 14:34:25.243+00:00 | BftProcessorExecutor-QBFT-0 | INFO  | QbftBesuControllerBuilder | Imported #243 / 0 tx / 0 pending / 0 (0.0%) gas / (0xc5eea4c317a7b22d5c271739047b88bc6aca6b4eb8ae9d57841581d728044ecf)
2026-10-07 14:34:27.233+00:00 | BftProcessorExecutor-QBFT-0 | INFO  | QbftBesuControllerBuilder | Imported #244 / 0 tx / 0 pending / 0 (0.0%) gas / (0x5499044bc3b164a2c9e3c93251cc9aa931c6fc4d536772b6e8e5196b33e02801)
