Setting logging level to INFO
2026-10-07 13:54:14.619+00:00 | main | INFO  | Besu | Starting Besu
2026-10-07 13:54:14.957+00:00 | main | WARN  | Besu | --graphql-http-host has been ignored because --graphql-http-enabled was not defined on the command line.
2026-10-07 13:54:15.075+00:00 | main | INFO  | Besu | Connecting to 0 static nodes.
2026-10-07 13:54:15.079+00:00 | main | INFO  | Besu | Forcing price bump for transaction replacement to 0, since min-gas-price is set to 0
2026-10-07 13:54:15.079+00:00 | main | WARN  | Besu | Forcing tx-pool-min-gas-price=0, since it cannot be greater than the value of min-gas-price
2026-10-07 13:54:15.565+00:00 | main | INFO  | Besu | 
####################################################################################################
#                                                                                                  #
# Besu version 24.7.0                                                                              #
#                                                                                                  #
# Configuration:                                                                                   #
# Network: Custom genesis file                                                                     #
# /config/genesis.json                                                                             #
# Network Id: 1337                                                                                 #
# Data storage: Bonsai                                                                             #
# Sync mode: Full                                                                                  #
# RPC HTTP APIs: ETH,QBFT,NET,ADMIN,WEB3                                                           #
# RPC HTTP port: 8545                                                                              #
# Using LAYERED transaction pool implementation                                                    #
# Using STACKED worldstate update mode                                                             #
# Limit trie logs enabled: retention: 512; prune window: 30000                                     #
#                                                                                                  #
# Host:                                                                                            #
# Java: openjdk-java-21                                                                            #
# Maximum heap size: 29.50 GB                                                                      #
# OS: linux-x86_64                                                                                 #
# glibc: 2.39                                                                                      #
# jemalloc: 5.3.0-0-g54eaed1d8b56b1aa528be3bdd1877e59c56fa90c                                      #
# Total memory: 1007.68 GB                                                                         #
# CPU cores: 256                                                                                   #
#                                                                                                  #
# Plugin Registration Summary:                                                                     #
# No plugins have been registered.                                                                 #
# TOTAL = 0 of 0 plugins successfully registered.                                                  #
#                                                                                                  #
####################################################################################################
2026-10-07 13:54:15.566+00:00 | main | INFO  | Besu | Security Module: localfile
2026-10-07 13:54:15.568+00:00 | main | INFO  | VersionMetadata | Lookup version metadata file in data directory: /data
2026-10-07 13:54:15.568+00:00 | main | INFO  | VersionMetadata | No version data detected. Writing Besu version 24.7.0 to metadata file
2026-10-07 13:54:15.680+00:00 | main | INFO  | Besu | Using the native implementation of alt bn128
2026-10-07 13:54:15.763+00:00 | main | INFO  | Besu | Using the native implementation of modexp
2026-10-07 13:54:15.763+00:00 | main | INFO  | Besu | Using the native implementation of the signature algorithm
2026-10-07 13:54:15.771+00:00 | main | INFO  | Besu | Using the native implementation of the blake2bf algorithm
2026-10-07 13:54:15.850+00:00 | main | INFO  | Besu | Forcing price bump for transaction replacement to 0, since min-gas-price is set to 0
2026-10-07 13:54:15.850+00:00 | main | WARN  | Besu | Forcing tx-pool-min-gas-price=0, since it cannot be greater than the value of min-gas-price
2026-10-07 13:54:15.852+00:00 | main | INFO  | KeyPairUtil | Attempting to load public key from /data/key.priv
2026-10-07 13:54:15.873+00:00 | main | INFO  | KeyPairUtil | Loaded public key 0xb7802d601ed18c919a3228f307e621c96fb909356c2b089f2d2b736abdab0343da53570508c43fdd17d65e8d9f315ba6657721cef11310f53bf52d7b5cafc390 from /data/key.priv
2026-10-07 13:54:16.057+00:00 | main | INFO  | ProtocolScheduleBuilder | Protocol schedule created with milestones: [Berlin:0]
2026-10-07 13:54:16.061+00:00 | main | INFO  | RocksDBKeyValueStorageFactory | No existing database at /data. Using default metadata for new db versionedStorageFormat=BaseVersionedStorageFormat{format=BONSAI, version=2}
2026-10-07 13:54:16.382+00:00 | main | INFO  | FlatDbStrategyProvider | Bonsai flat db mode found FULL
2026-10-07 13:54:16.386+00:00 | main | INFO  | FlatDbStrategyProvider | Bonsai db mode with code stored using code hash enabled = true
2026-10-07 13:54:16.396+00:00 | main | INFO  | FlatDbStrategyProvider | Bonsai flat db mode found FULL
2026-10-07 13:54:16.400+00:00 | main | INFO  | FlatDbStrategyProvider | Bonsai db mode with code stored using code hash enabled = true
2026-10-07 13:54:16.884+00:00 | main | INFO  | TransactionPoolFactory | Enabling transaction pool
2026-10-07 13:54:16.901+00:00 | main | INFO  | BesuControllerBuilder | TTD difficulty is not present, creating initial sync phase for PoW
2026-10-07 13:54:16.943+00:00 | main | INFO  | TrieLogPruner | Loading first 30000 trie logs from database...
2026-10-07 13:54:16.945+00:00 | main | INFO  | TrieLogPruner | Loaded 1 trie logs from database
2026-10-07 13:54:16.951+00:00 | main | INFO  | RunnerBuilder | Resolved 3 bootnodes.
2026-10-07 13:54:16.957+00:00 | main | INFO  | RunnerBuilder | Detecting NAT service.
2026-10-07 13:54:17.156+00:00 | main | INFO  | Runner | Starting external services ... 
2026-10-07 13:54:17.156+00:00 | main | INFO  | JsonRpcHttpService | Starting JSON-RPC service on 0.0.0.0:8545
2026-10-07 13:54:17.291+00:00 | vert.x-eventloop-thread-1 | INFO  | JsonRpcHttpService | JSON-RPC service started and listening on 0.0.0.0:8545
2026-10-07 13:54:17.293+00:00 | main | INFO  | WebSocketService | Starting Websocket service on 0.0.0.0:8546
2026-10-07 13:54:17.296+00:00 | vert.x-eventloop-thread-1 | INFO  | WebSocketService | Websocket service started and listening on 0.0.0.0:8546
2026-10-07 13:54:17.298+00:00 | main | INFO  | AutoTransactionLogBloomCachingService | Starting auto transaction log bloom caching service.
2026-10-07 13:54:17.301+00:00 | main | INFO  | LogBloomCacheMetadata | Lookup cache metadata file in data directory: /data/caches
2026-10-07 13:54:17.311+00:00 | main | INFO  | Runner | Starting Ethereum main loop ... 
2026-10-07 13:54:17.311+00:00 | main | INFO  | NatService | No NAT environment detected so no service could be started
2026-10-07 13:54:17.311+00:00 | main | INFO  | NetworkRunner | Starting Network.
2026-10-07 13:54:17.324+00:00 | nioEventLoopGroup-2-1 | INFO  | RlpxAgent | P2P RLPx agent started and listening on /[0:0:0:0:0:0:0:0]:30303.
2026-10-07 13:54:17.328+00:00 | main | INFO  | PeerDiscoveryAgent | Starting peer discovery agent on host=0.0.0.0, port=30303. IPv6 available.
2026-10-07 13:54:17.339+00:00 | vert.x-eventloop-thread-1 | INFO  | VertxPeerDiscoveryAgent | Started peer discovery agent successfully, on effective host=0:0:0:0:0:0:0:0%0 and port=30303
2026-10-07 13:54:17.340+00:00 | vert.x-eventloop-thread-1 | INFO  | PeerDiscoveryAgent | P2P peer discovery agent started and listening on /[0:0:0:0:0:0:0:0%0]:30303
2026-10-07 13:54:17.388+00:00 | vert.x-eventloop-thread-1 | INFO  | PeerDiscoveryAgent | Writing node record to disk. NodeRecord{seq=1, publicKey=0x02b7802d601ed18c919a3228f307e621c96fb909356c2b089f2d2b736abdab0343, udpAddress=Optional[/0.0.0.0:30303], tcpAddress=Optional[/0.0.0.0:30303], asBase64=-Je4QHOJ6Ho1bDdc9QG2oLfYr_StKXV0llqq0VsdTRtkfuYCc_7PUiBVXXRTdqmKsc5OnRfjIkWlGOsyMfqXjxptuSUBg2V0aMfGhCXrwliAgmlkgnY0gmlwhAAAAACJc2VjcDI1NmsxoQK3gC1gHtGMkZoyKPMH5iHJb7kJNWwrCJ8tK3NqvasDQ4N0Y3CCdl-DdWRwgnZf, nodeId=0x5602d9c1dba078d88e10f3285988997dfe9873502a5cd5efd95f52bedd201b76, customFields={tcp=30303, udp=30303, ip=0x00000000, eth=[[0x25ebc258, 0x]], id=V4, secp256k1=0x02b7802d601ed18c919a3228f307e621c96fb909356c2b089f2d2b736abdab0343}}
2026-10-07 13:54:17.416+00:00 | main | INFO  | DefaultP2PNetwork | Enode URL enode://b7802d601ed18c919a3228f307e621c96fb909356c2b089f2d2b736abdab0343da53570508c43fdd17d65e8d9f315ba6657721cef11310f53bf52d7b5cafc390@0.0.0.0:30303
2026-10-07 13:54:17.416+00:00 | main | INFO  | DefaultP2PNetwork | Node address 0x5988997dfe9873502a5cd5efd95f52bedd201b76
2026-10-07 13:54:17.437+00:00 | main | INFO  | NetworkRunner | Supported capabilities: [eth/62, eth/63, eth/64, eth/65, eth/66, eth/67, eth/68], [istanbul/100], [snap/1]
2026-10-07 13:54:17.438+00:00 | main | INFO  | DefaultSynchronizer | Starting synchronizer.
2026-10-07 13:54:17.439+00:00 | main | INFO  | TransactionPoolFactory | Enabling transaction handling following initial sync
2026-10-07 13:54:17.439+00:00 | main | INFO  | QbftBesuControllerBuilder | Starting QBFT mining coordinator following initial sync
2026-10-07 13:54:17.449+00:00 | main | INFO  | FullSyncDownloader | Starting full sync.
2026-10-07 13:54:17.449+00:00 | main | INFO  | FullSyncTargetManager | Unable to find sync target. Currently checking 0 peers for usefulness
2026-10-07 13:54:17.456+00:00 | main | INFO  | Runner | Ethereum main loop is up.
2026-10-07 13:54:17.694+00:00 | nioEventLoopGroup-3-2 | INFO  | FullSyncTargetManager | Unable to find sync target. Currently checking 3 peers for usefulness
2026-10-07 13:54:19.681+00:00 | nioEventLoopGroup-3-7 | INFO  | FullSyncTargetManager | Unable to find sync target. Currently checking 4 peers for usefulness
2026-10-07 13:54:19.853+00:00 | nioEventLoopGroup-3-10 | INFO  | FullSyncTargetManager | Unable to find sync target. Currently checking 5 peers for usefulness
2026-10-07 13:54:24.086+00:00 | nioEventLoopGroup-3-2 | INFO  | FullSyncTargetManager | Unable to find sync target. Currently checking 6 peers for usefulness
2026-10-07 13:54:24.283+00:00 | nioEventLoopGroup-3-3 | INFO  | FullSyncTargetManager | Unable to find sync target. Currently checking 7 peers for usefulness
2026-10-07 13:54:28.253+00:00 | nioEventLoopGroup-3-6 | INFO  | FullSyncTargetManager | Unable to find sync target. Currently checking 8 peers for usefulness
2026-10-07 13:54:29.694+00:00 | nioEventLoopGroup-3-7 | INFO  | FullSyncTargetManager | Unable to find sync target. Currently checking 9 peers for usefulness
2026-10-07 13:54:29.799+00:00 | nioEventLoopGroup-3-10 | INFO  | FullSyncTargetManager | Unable to find sync target. Currently checking 10 peers for usefulness
2026-10-07 13:54:33.882+00:00 | nioEventLoopGroup-3-1 | INFO  | FullSyncTargetManager | Unable to find sync target. Currently checking 11 peers for usefulness
2026-10-07 13:54:37.448+00:00 | BftProcessorExecutor-QBFT-0 | INFO  | QbftRound | Importing proposed block to chain. round=ConsensusRoundIdentifier{Sequence=1, Round=1}, hash=0x8e0f6ee060cadc4c548984f425eedcba65345a3d30053b00133f0b8c1f545526
2026-10-07 13:54:37.476+00:00 | BftProcessorExecutor-QBFT-0 | INFO  | QbftBesuControllerBuilder | Imported #1 / 0 tx / 0 pending / 0 (0.0%) gas / (0x8e0f6ee060cadc4c548984f425eedcba65345a3d30053b00133f0b8c1f545526)
2026-10-07 13:54:37.476+00:00 | nioEventLoopGroup-3-4 | INFO  | FullSyncTargetManager | Unable to find sync target. Currently checking 12 peers for usefulness
2026-10-07 13:54:39.286+00:00 | BftProcessorExecutor-QBFT-0 | INFO  | QbftBesuControllerBuilder | Imported #2 / 0 tx / 0 pending / 0 (0.0%) gas / (0x3fdc41589a7a77b2d8d93277332317b6ce329b37e9f6d1ae3ffb5c6702f7f308)
2026-10-07 13:54:41.341+00:00 | EthScheduler-Workers-0 | INFO  | PersistBlockTask | Block 3 (0x2508e27eb869b9f334b45703056114b8853d098c293ac8e5bc28cab78c02f207) is already imported
2026-10-07 13:54:41.342+00:00 | BftProcessorExecutor-QBFT-0 | INFO  | QbftBesuControllerBuilder | Imported #3 / 0 tx / 0 pending / 0 (0.0%) gas / (0x2508e27eb869b9f334b45703056114b8853d098c293ac8e5bc28cab78c02f207)
2026-10-07 13:54:43.273+00:00 | BftProcessorExecutor-QBFT-0 | INFO  | QbftBesuControllerBuilder | Produced #4 / 0 tx / 0 pending / 0 (0.0%) gas / (0x80bbcf982c95246cdfef09ec6b2385dd6f006b489a6cccc8a107e52bfc6bdf11)
2026-10-07 13:54:45.289+00:00 | BftProcessorExecutor-QBFT-0 | INFO  | QbftBesuControllerBuilder | Imported #5 / 0 tx / 0 pending / 0 (0.0%) gas / (0x799c60966351eef197fad1ba5eb322d1ce8ddfd3bc4eaf5279808ec5c73d1aea)
2026-10-07 13:54:47.417+00:00 | BftProcessorExecutor-QBFT-0 | INFO  | QbftBesuControllerBuilder | Imported #6 / 0 tx / 1 pending / 0 (0.0%) gas / (0xdbef32faeb04ec9d15bf3c29544b8278030b6dcaddf95452f5a3c38f595749ca)
2026-10-07 13:54:49.378+00:00 | BftProcessorExecutor-QBFT-0 | INFO  | QbftBesuControllerBuilder | Imported #7 / 0 tx / 1 pending / 0 (0.0%) gas / (0x1b239e8869223915fea33d9e3e559782ef51ebcd0906069b0c0d6db33ba3d1ed)
2026-10-07 13:54:51.402+00:00 | BftProcessorExecutor-QBFT-0 | INFO  | QbftBesuControllerBuilder | Imported #8 / 0 tx / 1 pending / 0 (0.0%) gas / (0x5e783e5e3ab02ce7786419b449429a696c88acb25d4379c7b5f2d59f346db064)
2026-10-07 13:54:53.431+00:00 | EthScheduler-Workers-0 | INFO  | PersistBlockTask | Block 9 (0x45d6477f82ca9377624cb101ff24c9d973405f321333612566495e5d7ba8cee6) is already imported
2026-10-07 13:54:53.432+00:00 | BftProcessorExecutor-QBFT-0 | INFO  | QbftBesuControllerBuilder | Imported #9 / 0 tx / 1 pending / 0 (0.0%) gas / (0x45d6477f82ca9377624cb101ff24c9d973405f321333612566495e5d7ba8cee6)
2026-10-07 13:54:55.368+00:00 | BftProcessorExecutor-QBFT-0 | INFO  | QbftBesuControllerBuilder | Imported #10 / 0 tx / 1 pending / 0 (0.0%) gas / (0xcf2a04da9088c0458256c36a1404f7fec81a8babd81b5cb3442cb34af252fcbb)
2026-10-07 13:54:57.448+00:00 | BftProcessorExecutor-QBFT-0 | INFO  | QbftBesuControllerBuilder | Imported #11 / 0 tx / 1 pending / 0 (0.0%) gas / (0xb1365f16480e2f30c6eb48bca44ae43915f16e344dcebcf22684325b61b773ed)
2026-10-07 13:54:59.526+00:00 | BftProcessorExecutor-QBFT-0 | INFO  | QbftBesuControllerBuilder | Imported #12 / 0 tx / 1 pending / 0 (0.0%) gas / (0x85359a2f240d09540d1729a8acd87c59ec94cced350aa8f2e7a4f4ebca0c80ce)
2026-10-07 13:55:01.605+00:00 | BftProcessorExecutor-QBFT-0 | INFO  | QbftBesuControllerBuilder | Imported #13 / 0 tx / 1 pending / 0 (0.0%) gas / (0x982598aae222290904858004757b989decb8c1bfd75372cd320dc2467481f6f0)
2026-10-07 13:55:03.522+00:00 | BftProcessorExecutor-QBFT-0 | INFO  | QbftBesuControllerBuilder | Imported #14 / 0 tx / 1 pending / 0 (0.0%) gas / (0x468473090a2ff895a6c9c8e99ca39fb88e894a37e533e067ca4d5c612c176fc7)
2026-10-07 13:55:05.452+00:00 | BftProcessorExecutor-QBFT-0 | INFO  | QbftBesuControllerBuilder | Imported #15 / 1 tx / 0 pending / 465,218 (0.0%) gas / (0x6f523f4ddee25ce638cf870f4860a38a58b66d9a6840de721fd79b100ff140b9)
2026-10-07 13:55:07.256+00:00 | BftProcessorExecutor-QBFT-0 | INFO  | QbftBesuControllerBuilder | Imported #16 / 0 tx / 1 pending / 0 (0.0%) gas / (0x20db5725763194afa3da8791a4b48898b7c806576437e09cd82ea03690bf7e04)
2026-10-07 13:55:09.251+00:00 | BftProcessorExecutor-QBFT-0 | INFO  | QbftBesuControllerBuilder | Imported #17 / 0 tx / 1 pending / 0 (0.0%) gas / (0x133c6507b50587f119abd3d51c0124578d11634e925e948dfd51540b34e7edf9)
2026-10-07 13:55:11.277+00:00 | BftProcessorExecutor-QBFT-0 | INFO  | QbftBesuControllerBuilder | Imported #18 / 0 tx / 1 pending / 0 (0.0%) gas / (0x315bc505610cc325a46aed60ccef14d724b0d5ba9ac38c1d686d33d2d2e4f281)
2026-10-07 13:55:13.247+00:00 | BftProcessorExecutor-QBFT-0 | INFO  | QbftBesuControllerBuilder | Produced #19 / 0 tx / 1 pending / 0 (0.0%) gas / (0x279a7a6eb91a0fbe9d4f050640068cd426d73866d0c2be27bf1ad6f6288463a5)
2026-10-07 13:55:15.269+00:00 | EthScheduler-Workers-0 | INFO  | PersistBlockTask | Block 20 (0xb401c4377b22314f9399fce6f7b871aed45949d7635ef7df9378532d8a0c3d35) is already imported
2026-10-07 13:55:15.270+00:00 | BftProcessorExecutor-QBFT-0 | INFO  | QbftBesuControllerBuilder | Imported #20 / 0 tx / 1 pending / 0 (0.0%) gas / (0xb401c4377b22314f9399fce6f7b871aed45949d7635ef7df9378532d8a0c3d35)
2026-10-07 13:55:17.363+00:00 | BftProcessorExecutor-QBFT-0 | INFO  | QbftBesuControllerBuilder | Imported #21 / 0 tx / 1 pending / 0 (0.0%) gas / (0x2e8360e9ade582808237aae8b180b2fb5488827d83f4e53b8dde17a62514f215)
2026-10-07 13:55:19.342+00:00 | BftProcessorExecutor-QBFT-0 | INFO  | QbftBesuControllerBuilder | Imported #22 / 0 tx / 1 pending / 0 (0.0%) gas / (0x6f779897fed12685f96488f2993766542fb0cb0bf093dbafe46f05e698daffb1)
2026-10-07 13:55:21.339+00:00 | BftProcessorExecutor-QBFT-0 | INFO  | QbftBesuControllerBuilder | Imported #23 / 0 tx / 1 pending / 0 (0.0%) gas / (0x11ab85134227a4bd9b67f96fbc7118559cefae14cf2e53d8ee0611a8163ad6e0)
2026-10-07 13:55:23.343+00:00 | BftProcessorExecutor-QBFT-0 | INFO  | QbftBesuControllerBuilder | Imported #24 / 0 tx / 1 pending / 0 (0.0%) gas / (0xbe5055e859c793241911ea8de48e199c864b6168b6469cd9956bb5dd205bb7b4)
2026-10-07 13:55:25.352+00:00 | BftProcessorExecutor-QBFT-0 | INFO  | QbftBesuControllerBuilder | Imported #25 / 0 tx / 1 pending / 0 (0.0%) gas / (0xd0df1d216e11da2ad2098889644bac00cefc24af122aa6bec336f3220243dfb7)
2026-10-07 13:55:25.351+00:00 | EthScheduler-Workers-0 | INFO  | PersistBlockTask | Block 25 (0xd0df1d216e11da2ad2098889644bac00cefc24af122aa6bec336f3220243dfb7) is already imported
2026-10-07 13:55:27.322+00:00 | BftProcessorExecutor-QBFT-0 | INFO  | QbftBesuControllerBuilder | Imported #26 / 0 tx / 1 pending / 0 (0.0%) gas / (0x039f51c3793284ad6da18509d24c8453a52c737a0a5efa3b8ab60df6f3e40a96)
2026-10-07 13:55:29.430+00:00 | BftProcessorExecutor-QBFT-0 | INFO  | QbftBesuControllerBuilder | Imported #27 / 0 tx / 1 pending / 0 (0.0%) gas / (0xa718489f408bbcf970c5a64743315da55dd7451ada8fc75d0b6eab7de6fa8017)
2026-10-07 13:55:31.481+00:00 | BftProcessorExecutor-QBFT-0 | INFO  | QbftBesuControllerBuilder | Imported #28 / 0 tx / 1 pending / 0 (0.0%) gas / (0x79cebc7b6a519269aebcdc1fe9bafb1b33c6999c3cd1c97b52d3fec99361f2be)
2026-10-07 13:55:33.505+00:00 | BftProcessorExecutor-QBFT-0 | INFO  | QbftBesuControllerBuilder | Imported #29 / 0 tx / 1 pending / 0 (0.0%) gas / (0xa171911feebafa6bf9d244499680ef4b8f34487d09774abcd2fc9ce52cde0bb6)
2026-10-07 13:55:35.335+00:00 | BftProcessorExecutor-QBFT-0 | INFO  | QbftBesuControllerBuilder | Imported #30 / 1 tx / 0 pending / 1,832,981 (0.0%) gas / (0x000c13efb7eeb2ff2e841c9c98b8b7e51bb09f17b53ff85e94c273a0feb938a2)
2026-10-07 13:55:37.256+00:00 | BftProcessorExecutor-QBFT-0 | INFO  | QbftBesuControllerBuilder | Imported #31 / 0 tx / 0 pending / 0 (0.0%) gas / (0x7493d4983d8cc3e5502061a08bfb124bca59a9d388dc1047fbc0f10cc6a60959)
2026-10-07 13:55:39.257+00:00 | BftProcessorExecutor-QBFT-0 | INFO  | QbftBesuControllerBuilder | Imported #32 / 0 tx / 0 pending / 0 (0.0%) gas / (0x9980f993cebb4304701852ef2bb9367ad2afe6cbc5f2d416814847237d5d8997)
2026-10-07 13:55:41.267+00:00 | BftProcessorExecutor-QBFT-0 | INFO  | QbftBesuControllerBuilder | Imported #33 / 0 tx / 0 pending / 0 (0.0%) gas / (0x860bfb4beaf25d246e50b290e30e6a743e165a05d5312b5edbfdacd297cef7f5)
2026-10-07 13:55:41.273+00:00 | EthScheduler-Workers-0 | INFO  | PersistBlockTask | Block 33 (0x860bfb4beaf25d246e50b290e30e6a743e165a05d5312b5edbfdacd297cef7f5) is already imported
2026-10-07 13:55:43.267+00:00 | BftProcessorExecutor-QBFT-0 | INFO  | QbftBesuControllerBuilder | Produced #34 / 0 tx / 0 pending / 0 (0.0%) gas / (0x76dba4b51404aa060c83648380ef4678e26ee294ff98069c8406ff3514005872)
2026-10-07 13:55:45.272+00:00 | BftProcessorExecutor-QBFT-0 | INFO  | QbftBesuControllerBuilder | Imported #35 / 0 tx / 0 pending / 0 (0.0%) gas / (0x86550e491cff53b1559afffdd938335d4db6c4d5ae7ecd314e7e711b6fdbe97b)
2026-10-07 13:55:47.374+00:00 | BftProcessorExecutor-QBFT-0 | INFO  | QbftBesuControllerBuilder | Imported #36 / 0 tx / 0 pending / 0 (0.0%) gas / (0x997380511efc13bab717b29861a48a653ab0aed3036b208dfa55ff420d9d10a5)
2026-10-07 13:55:49.355+00:00 | BftProcessorExecutor-QBFT-0 | INFO  | QbftBesuControllerBuilder | Imported #37 / 0 tx / 0 pending / 0 (0.0%) gas / (0xb087ba67803069f92ba727384caa0a61ad8e3c76e69ee2ecbe23e87495f6e420)
2026-10-07 13:55:51.355+00:00 | BftProcessorExecutor-QBFT-0 | INFO  | QbftBesuControllerBuilder | Imported #38 / 0 tx / 0 pending / 0 (0.0%) gas / (0x564b02b627f36666c93b7559befcac9a55730be95d4f87776bf8ec4948780715)
2026-10-07 13:55:53.355+00:00 | BftProcessorExecutor-QBFT-0 | INFO  | QbftBesuControllerBuilder | Imported #39 / 0 tx / 0 pending / 0 (0.0%) gas / (0xe98353d9c1fd855439682ef6fd165942d317f8ef3a71df1e07effe5992b35607)
2026-10-07 13:55:55.347+00:00 | BftProcessorExecutor-QBFT-0 | INFO  | QbftBesuControllerBuilder | Imported #40 / 0 tx / 0 pending / 0 (0.0%) gas / (0x214f4f57f2a4b9e5fd1f85219b937cbdb899dc9895384a14c1c00f213cc4cc2e)
2026-10-07 13:55:57.356+00:00 | BftProcessorExecutor-QBFT-0 | INFO  | QbftBesuControllerBuilder | Imported #41 / 0 tx / 0 pending / 0 (0.0%) gas / (0x74271a8e29dc4cf6828d61b3c9e0618c8477497b6cb620fe5999446b8ddca92a)
2026-10-07 13:55:59.494+00:00 | BftProcessorExecutor-QBFT-0 | INFO  | QbftBesuControllerBuilder | Imported #42 / 0 tx / 0 pending / 0 (0.0%) gas / (0x2e01df608b953fcd37793437ceec99323f0ca5a4e147ba50c019207ba2cea7ff)
2026-10-07 13:56:01.512+00:00 | BftProcessorExecutor-QBFT-0 | INFO  | QbftBesuControllerBuilder | Imported #43 / 0 tx / 0 pending / 0 (0.0%) gas / (0xb70a3c9a55bd7da72335f0d6d3e8d7f40c1b7d09c147c78a4ebcadb32b35f9ba)
2026-10-07 13:56:03.465+00:00 | BftProcessorExecutor-QBFT-0 | INFO  | QbftBesuControllerBuilder | Imported #44 / 0 tx / 0 pending / 0 (0.0%) gas / (0xe6692666b9ac24207cea16921a8c2b4cfa89176ad80f5632d5b286b144166495)
2026-10-07 13:56:05.504+00:00 | EthScheduler-Workers-0 | INFO  | PersistBlockTask | Block 45 (0x605b5ea580d91cc19d84c28ce951a82008dba8cfb83d3ef4b77bc4243d06f82c) is already imported
2026-10-07 13:56:05.504+00:00 | BftProcessorExecutor-QBFT-0 | INFO  | QbftBesuControllerBuilder | Imported #45 / 5 tx / 59 pending / 1,209,850 (0.0%) gas / (0x605b5ea580d91cc19d84c28ce951a82008dba8cfb83d3ef4b77bc4243d06f82c)
2026-10-07 13:56:07.604+00:00 | BftProcessorExecutor-QBFT-0 | INFO  | QbftBesuControllerBuilder | Imported #46 / 5 tx / 54 pending / 1,209,850 (0.0%) gas / (0xad8046e2fca428952869327ad3ad5af2ab4d4d2e41e77b7a4da77fd7c18e92d6)
2026-10-07 13:56:07.604+00:00 | EthScheduler-Workers-0 | INFO  | PersistBlockTask | Block 46 (0xad8046e2fca428952869327ad3ad5af2ab4d4d2e41e77b7a4da77fd7c18e92d6) is already imported
2026-10-07 13:56:09.552+00:00 | EthScheduler-Workers-0 | INFO  | PersistBlockTask | Block 47 (0x9de4230f758abb0da4d743195181198daa6b617d156ad47b17492d16677214f6) is already imported
2026-10-07 13:56:09.552+00:00 | BftProcessorExecutor-QBFT-0 | INFO  | QbftBesuControllerBuilder | Imported #47 / 5 tx / 49 pending / 1,209,850 (0.0%) gas / (0x9de4230f758abb0da4d743195181198daa6b617d156ad47b17492d16677214f6)
2026-10-07 13:56:11.493+00:00 | BftProcessorExecutor-QBFT-0 | INFO  | QbftBesuControllerBuilder | Imported #48 / 5 tx / 44 pending / 1,209,850 (0.0%) gas / (0x9295d4c5e5d1212dcde6aec00ec7e7cce5e5a926a9f37fc8f0bb25539a01591c)
2026-10-07 13:56:13.541+00:00 | EthScheduler-Workers-0 | INFO  | PersistBlockTask | Block 49 (0xd4150ad9ebb0059df6a7a7a1fce1a36d488319872da5695123c0a091a9cbe283) is already imported
2026-10-07 13:56:13.541+00:00 | BftProcessorExecutor-QBFT-0 | INFO  | QbftBesuControllerBuilder | Produced #49 / 4 tx / 40 pending / 967,880 (0.0%) gas / (0xd4150ad9ebb0059df6a7a7a1fce1a36d488319872da5695123c0a091a9cbe283)
2026-10-07 13:56:15.490+00:00 | EthScheduler-Workers-0 | INFO  | PersistBlockTask | Block 50 (0x62aa062dfeeb8483e5aabf1e6e5eada65d86290361f3236afd26f40f011abdd6) is already imported
2026-10-07 13:56:15.492+00:00 | BftProcessorExecutor-QBFT-0 | INFO  | QbftBesuControllerBuilder | Imported #50 / 4 tx / 36 pending / 967,880 (0.0%) gas / (0x62aa062dfeeb8483e5aabf1e6e5eada65d86290361f3236afd26f40f011abdd6)
2026-10-07 13:56:17.549+00:00 | EthScheduler-Workers-0 | INFO  | PersistBlockTask | Block 51 (0x28ff169bd89ae80205c159d5f1976a3647ca9bcfeb388d62d67d38581e12194b) is already imported
2026-10-07 13:56:17.549+00:00 | BftProcessorExecutor-QBFT-0 | INFO  | QbftBesuControllerBuilder | Imported #51 / 4 tx / 32 pending / 967,880 (0.0%) gas / (0x28ff169bd89ae80205c159d5f1976a3647ca9bcfeb388d62d67d38581e12194b)
2026-10-07 13:56:19.492+00:00 | BftProcessorExecutor-QBFT-0 | INFO  | QbftBesuControllerBuilder | Imported #52 / 4 tx / 28 pending / 967,880 (0.0%) gas / (0xb893d6fe30f140098ec1430f3c06cbae5b2ee4ba419a1fff72409b8479b9c458)
2026-10-07 13:56:21.523+00:00 | BftProcessorExecutor-QBFT-0 | INFO  | QbftBesuControllerBuilder | Imported #53 / 4 tx / 24 pending / 967,880 (0.0%) gas / (0x34f5b4f7bb62a492d854e2206b8ad5566acca4ef2bea7b05d2e94c14de06f7ff)
2026-10-07 13:56:23.619+00:00 | BftProcessorExecutor-QBFT-0 | INFO  | QbftBesuControllerBuilder | Imported #54 / 4 tx / 20 pending / 967,880 (0.0%) gas / (0x7d84625f384c06d4dc23a43d697f9a4f1c04995daca363e93328e6f8ea204e11)
2026-10-07 13:56:25.514+00:00 | EthScheduler-Workers-0 | INFO  | PersistBlockTask | Block 55 (0xa20daff472bfda9f86fbaa78cd376f310f0102f1e57a749bc18b80070b2492a7) is already imported
2026-10-07 13:56:25.514+00:00 | BftProcessorExecutor-QBFT-0 | INFO  | QbftBesuControllerBuilder | Imported #55 / 4 tx / 16 pending / 967,880 (0.0%) gas / (0xa20daff472bfda9f86fbaa78cd376f310f0102f1e57a749bc18b80070b2492a7)
2026-10-07 13:56:27.533+00:00 | BftProcessorExecutor-QBFT-0 | INFO  | QbftBesuControllerBuilder | Imported #56 / 4 tx / 12 pending / 967,880 (0.0%) gas / (0x2821816f33ee718cf6e51077b0c467c36ef1b36c17d892c10c6f02ba15512594)
2026-10-07 13:56:29.698+00:00 | BftProcessorExecutor-QBFT-0 | INFO  | QbftBesuControllerBuilder | Imported #57 / 4 tx / 8 pending / 967,880 (0.0%) gas / (0xda54f9475830e947315c09b90ad0e1d3cbdf162b332b61e54c1e4207c914fbb7)
2026-10-07 13:56:31.685+00:00 | BftProcessorExecutor-QBFT-0 | INFO  | QbftBesuControllerBuilder | Imported #58 / 4 tx / 4 pending / 967,880 (0.0%) gas / (0xf8a5ac8419a1fe57642f08b186e2982f68f70cb8371c0cbe2677f414e330d808)
2026-10-07 13:56:33.666+00:00 | EthScheduler-Workers-0 | INFO  | PersistBlockTask | Block 59 (0x768dd052a3ec0f0355f73c29470e339ca9090aa3e65983963997751ac75158ef) is already imported
2026-10-07 13:56:33.666+00:00 | BftProcessorExecutor-QBFT-0 | INFO  | QbftBesuControllerBuilder | Imported #59 / 4 tx / 0 pending / 967,880 (0.0%) gas / (0x768dd052a3ec0f0355f73c29470e339ca9090aa3e65983963997751ac75158ef)
2026-10-07 13:56:35.263+00:00 | BftProcessorExecutor-QBFT-0 | INFO  | QbftBesuControllerBuilder | Imported #60 / 0 tx / 0 pending / 0 (0.0%) gas / (0x1738a5734c1164b0351f53cdd3993c7a139250c181c9d4357222a962cf938861)
2026-10-07 13:56:37.300+00:00 | BftProcessorExecutor-QBFT-0 | INFO  | QbftBesuControllerBuilder | Imported #61 / 1 tx / 7 pending / 153,638 (0.0%) gas / (0xf8d827c3768e955a6e773c84e687cdeb03e190c0c9a5fd43e7c16e8a68bf3bba)
2026-10-07 13:56:39.287+00:00 | BftProcessorExecutor-QBFT-0 | INFO  | QbftBesuControllerBuilder | Imported #62 / 1 tx / 6 pending / 153,606 (0.0%) gas / (0x88b7581021a06cdebf2bc420db444e8409d7a06e55cfcec2685523537cd834f9)
2026-10-07 13:56:41.280+00:00 | BftProcessorExecutor-QBFT-0 | INFO  | QbftBesuControllerBuilder | Imported #63 / 1 tx / 5 pending / 153,630 (0.0%) gas / (0xcb7230294e09b783121b4779f52bc21aa78350313a4eead0de104d05b92e5a26)
2026-10-07 13:56:43.280+00:00 | BftProcessorExecutor-QBFT-0 | INFO  | QbftBesuControllerBuilder | Produced #64 / 1 tx / 4 pending / 153,638 (0.0%) gas / (0x5dd489325a1fb4cb69f51192d82cbf61d3bcba8144b287b56841dc5f39237c0b)
2026-10-07 13:56:45.297+00:00 | EthScheduler-Workers-0 | INFO  | PersistBlockTask | Block 65 (0xf23ad9f4af75f08ec6606d913aaea5a256efbf5e86b85967ee0910c09cc6b88a) is already imported
2026-10-07 13:56:45.297+00:00 | BftProcessorExecutor-QBFT-0 | INFO  | QbftBesuControllerBuilder | Imported #65 / 1 tx / 3 pending / 153,638 (0.0%) gas / (0xf23ad9f4af75f08ec6606d913aaea5a256efbf5e86b85967ee0910c09cc6b88a)
2026-10-07 13:56:47.360+00:00 | BftProcessorExecutor-QBFT-0 | INFO  | QbftBesuControllerBuilder | Imported #66 / 1 tx / 2 pending / 153,618 (0.0%) gas / (0x018d7f9d9c3217ca2587158b243037be8e22e1ab6af3d2b8b076517bcc15dfc4)
2026-10-07 13:56:47.361+00:00 | EthScheduler-Workers-0 | INFO  | PersistBlockTask | Block 66 (0x018d7f9d9c3217ca2587158b243037be8e22e1ab6af3d2b8b076517bcc15dfc4) is already imported
2026-10-07 13:56:49.358+00:00 | BftProcessorExecutor-QBFT-0 | INFO  | QbftBesuControllerBuilder | Imported #67 / 1 tx / 1 pending / 153,638 (0.0%) gas / (0x666cb0131b568b6c922620f3f560596c2a402f80315f1eda224793569994bec4)
2026-10-07 13:56:51.337+00:00 | BftProcessorExecutor-QBFT-0 | INFO  | QbftBesuControllerBuilder | Imported #68 / 0 tx / 1 pending / 0 (0.0%) gas / (0x3d4b20f1c695fd4f45ac887ca6cadbe897e78bd84aa706eef73de7e8225031c4)
2026-10-07 13:56:53.357+00:00 | BftProcessorExecutor-QBFT-0 | INFO  | QbftBesuControllerBuilder | Imported #69 / 0 tx / 1 pending / 0 (0.0%) gas / (0x2d1e86d9782b8d22f18f6afa9f3a24fd8be4e1807fcea46c1f551fef3117e2f4)
2026-10-07 13:56:55.342+00:00 | BftProcessorExecutor-QBFT-0 | INFO  | QbftBesuControllerBuilder | Imported #70 / 0 tx / 1 pending / 0 (0.0%) gas / (0x565270bca77194533247ce463c66dc8bdbda40ec52849410addec16097ce7c97)
2026-10-07 13:56:57.348+00:00 | BftProcessorExecutor-QBFT-0 | INFO  | QbftBesuControllerBuilder | Imported #71 / 0 tx / 1 pending / 0 (0.0%) gas / (0x3bebdec94e4270084e914dc205ebe7476fc070ce389cd9e594a03118d8bc185c)
2026-10-07 13:56:59.488+00:00 | BftProcessorExecutor-QBFT-0 | INFO  | QbftBesuControllerBuilder | Imported #72 / 0 tx / 1 pending / 0 (0.0%) gas / (0x82f4c34d9eb2f7c6fd208d03e53664748fc395bc49dc37539cdfbe5ca6257043)
2026-10-07 13:57:01.525+00:00 | BftProcessorExecutor-QBFT-0 | INFO  | QbftBesuControllerBuilder | Imported #73 / 0 tx / 1 pending / 0 (0.0%) gas / (0xdc380c77318b5460e246e021d2d1eb0b933ea44173af837bc6f9be6d5be03b01)
2026-10-07 13:57:03.501+00:00 | BftProcessorExecutor-QBFT-0 | INFO  | QbftBesuControllerBuilder | Imported #74 / 0 tx / 1 pending / 0 (0.0%) gas / (0xc3d81d349da1ad8664d495256beea0af84edec94cebbffa01e27dd29483e3eca)
2026-10-07 13:57:05.306+00:00 | BftProcessorExecutor-QBFT-0 | INFO  | QbftBesuControllerBuilder | Imported #75 / 1 tx / 0 pending / 153,650 (0.0%) gas / (0xf64c4064d5bbdd7f098f5742d72a3adebfb351d641cd1894495ac5b3af65c881)
2026-10-07 13:57:07.395+00:00 | EthScheduler-Workers-0 | INFO  | PersistBlockTask | Block 76 (0xa313b6a207676437b1a5154b50b984da4f6381304492899a23eab26fbd9fc87b) is already imported
2026-10-07 13:57:07.395+00:00 | BftProcessorExecutor-QBFT-0 | INFO  | QbftBesuControllerBuilder | Imported #76 / 3 tx / 54 pending / 725,910 (0.0%) gas / (0xa313b6a207676437b1a5154b50b984da4f6381304492899a23eab26fbd9fc87b)
2026-10-07 13:57:09.480+00:00 | EthScheduler-Workers-0 | INFO  | PersistBlockTask | Block 77 (0x1f7b8aed7939243abd2b39f385716a5c6a9a0f77eedbecae3954be4a97c78cdc) is already imported
2026-10-07 13:57:09.481+00:00 | BftProcessorExecutor-QBFT-0 | INFO  | QbftBesuControllerBuilder | Imported #77 / 5 tx / 56 pending / 1,209,850 (0.0%) gas / (0x1f7b8aed7939243abd2b39f385716a5c6a9a0f77eedbecae3954be4a97c78cdc)
2026-10-07 13:57:11.434+00:00 | BftProcessorExecutor-QBFT-0 | INFO  | QbftBesuControllerBuilder | Imported #78 / 5 tx / 51 pending / 1,209,850 (0.0%) gas / (0x9b81685f1ae2c6927080f5299947e2a9ae2600d7f4b6de6f90785aa0c24b0e44)
2026-10-07 13:57:11.434+00:00 | EthScheduler-Workers-0 | INFO  | PersistBlockTask | Block 78 (0x9b81685f1ae2c6927080f5299947e2a9ae2600d7f4b6de6f90785aa0c24b0e44) is already imported
2026-10-07 13:57:13.509+00:00 | BftProcessorExecutor-QBFT-0 | INFO  | QbftBesuControllerBuilder | Produced #79 / 4 tx / 47 pending / 967,880 (0.0%) gas / (0xe9bc81565c09a1442c817eacc4cbc83bdb85dbf8bf235c42d91b1c6b16a16b28)
2026-10-07 13:57:13.508+00:00 | EthScheduler-Workers-0 | INFO  | PersistBlockTask | Block 79 (0xe9bc81565c09a1442c817eacc4cbc83bdb85dbf8bf235c42d91b1c6b16a16b28) is already imported
2026-10-07 13:57:15.483+00:00 | BftProcessorExecutor-QBFT-0 | INFO  | QbftBesuControllerBuilder | Imported #80 / 4 tx / 43 pending / 967,880 (0.0%) gas / (0xff89caa55b4aede468273f4ec4ffe85ff267b08600a75106dd4aa1165265b2e5)
2026-10-07 13:57:15.483+00:00 | EthScheduler-Workers-0 | INFO  | PersistBlockTask | Block 80 (0xff89caa55b4aede468273f4ec4ffe85ff267b08600a75106dd4aa1165265b2e5) is already imported
2026-10-07 13:57:17.619+00:00 | BftProcessorExecutor-QBFT-0 | INFO  | QbftBesuControllerBuilder | Imported #81 / 4 tx / 39 pending / 967,880 (0.0%) gas / (0x863c1870095d9e36121b2fee5bcad8697218e5ed325272e91b409acaa114192d)
2026-10-07 13:57:17.619+00:00 | EthScheduler-Workers-0 | INFO  | PersistBlockTask | Block 81 (0x863c1870095d9e36121b2fee5bcad8697218e5ed325272e91b409acaa114192d) is already imported
2026-10-07 13:57:19.492+00:00 | BftProcessorExecutor-QBFT-0 | INFO  | QbftBesuControllerBuilder | Imported #82 / 4 tx / 35 pending / 967,880 (0.0%) gas / (0xf6b6bbe8633bb7e03bf3f8ed89c6cabcb9577038ae429ae79692bfacef068ed9)
2026-10-07 13:57:21.491+00:00 | BftProcessorExecutor-QBFT-0 | INFO  | QbftBesuControllerBuilder | Imported #83 / 4 tx / 31 pending / 967,880 (0.0%) gas / (0x4af8b04eb55f010a2ae99ad7423fd96f46f8d33d494cc6f71b3ba33a52e83c15)
2026-10-07 13:57:23.522+00:00 | BftProcessorExecutor-QBFT-0 | INFO  | QbftBesuControllerBuilder | Imported #84 / 4 tx / 27 pending / 967,880 (0.0%) gas / (0x9f139f2e6a99b3ae268dc97dd4b2bf53c03c5e31cefe36ad69b9968f7ee6fd09)
2026-10-07 13:57:23.523+00:00 | EthScheduler-Workers-0 | INFO  | PersistBlockTask | Block 84 (0x9f139f2e6a99b3ae268dc97dd4b2bf53c03c5e31cefe36ad69b9968f7ee6fd09) is already imported
2026-10-07 13:57:25.587+00:00 | BftProcessorExecutor-QBFT-0 | INFO  | QbftBesuControllerBuilder | Imported #85 / 4 tx / 27 pending / 967,880 (0.0%) gas / (0xca92d0cbf547bcd01c98ba5c3b30d60eb0ed880616ad94b9eb5ed7c72e268084)
2026-10-07 13:57:27.501+00:00 | BftProcessorExecutor-QBFT-0 | INFO  | QbftBesuControllerBuilder | Imported #86 / 4 tx / 19 pending / 967,880 (0.0%) gas / (0x797b0118c8c443e607c2ada47868d0d8304485e7f76833f1ae6c66a7207cc4a2)
2026-10-07 13:57:29.705+00:00 | BftProcessorExecutor-QBFT-0 | INFO  | QbftBesuControllerBuilder | Imported #87 / 4 tx / 15 pending / 967,880 (0.0%) gas / (0x5bf0ddd1b6454016e1623da3a4675f9a5520cabed6e7c97565e2c67ed94c956e)
2026-10-07 13:57:31.723+00:00 | EthScheduler-Workers-0 | INFO  | PersistBlockTask | Block 88 (0xcce2852805f3348bb0a912ff29775ce83d5f3ad21eac0a91193360286a47070e) is already imported
2026-10-07 13:57:31.726+00:00 | BftProcessorExecutor-QBFT-0 | INFO  | QbftBesuControllerBuilder | Imported #88 / 4 tx / 11 pending / 967,880 (0.0%) gas / (0xcce2852805f3348bb0a912ff29775ce83d5f3ad21eac0a91193360286a47070e)
2026-10-07 13:57:33.717+00:00 | BftProcessorExecutor-QBFT-0 | INFO  | QbftBesuControllerBuilder | Imported #89 / 4 tx / 7 pending / 967,880 (0.0%) gas / (0x73858560dc6ae911b3b5ecbdebec5f4ea2c766ed36179d0d842faf4b1780ac9b)
2026-10-07 13:57:35.594+00:00 | EthScheduler-Workers-0 | INFO  | PersistBlockTask | Block 90 (0x5deb0d07d87ab88f7d9358097e9347664aa66d2ecaba1c6d06b002085ecccf07) is already imported
2026-10-07 13:57:35.594+00:00 | BftProcessorExecutor-QBFT-0 | INFO  | QbftBesuControllerBuilder | Imported #90 / 5 tx / 2 pending / 1,209,850 (0.0%) gas / (0x5deb0d07d87ab88f7d9358097e9347664aa66d2ecaba1c6d06b002085ecccf07)
2026-10-07 13:57:37.408+00:00 | BftProcessorExecutor-QBFT-0 | INFO  | QbftBesuControllerBuilder | Imported #91 / 2 tx / 0 pending / 483,940 (0.0%) gas / (0xce996d5f926f95f1122647e063a9844d8d7c4b4601fe54f53de5b97e660f8f73)
2026-10-07 13:57:39.246+00:00 | BftProcessorExecutor-QBFT-0 | INFO  | QbftBesuControllerBuilder | Imported #92 / 0 tx / 0 pending / 0 (0.0%) gas / (0xdcb654a0a0c6afe2efcb57e4d8b0dba5f5e68bd68ea9e179d5c8346069e5e604)
2026-10-07 13:57:41.293+00:00 | EthScheduler-Workers-0 | INFO  | PersistBlockTask | Block 93 (0x71101e32d2618fadefa236cb1a18daa10d5df43e5e839a495e9c1bae9eb83307) is already imported
2026-10-07 13:57:41.294+00:00 | BftProcessorExecutor-QBFT-0 | INFO  | QbftBesuControllerBuilder | Imported #93 / 1 tx / 7 pending / 153,650 (0.0%) gas / (0x71101e32d2618fadefa236cb1a18daa10d5df43e5e839a495e9c1bae9eb83307)
2026-10-07 13:57:43.281+00:00 | BftProcessorExecutor-QBFT-0 | INFO  | QbftBesuControllerBuilder | Produced #94 / 1 tx / 6 pending / 153,650 (0.0%) gas / (0x807f4b3dddf0f146923d42cc641ad33596269594adb826692ae34c17e19fe3c8)
2026-10-07 13:57:45.292+00:00 | BftProcessorExecutor-QBFT-0 | INFO  | QbftBesuControllerBuilder | Imported #95 / 1 tx / 5 pending / 153,630 (0.0%) gas / (0x4d59fafb2b6cb947b1c8fbdc1465e006e344d2435cc4c39d431f2144a15c5659)
2026-10-07 13:57:47.357+00:00 | BftProcessorExecutor-QBFT-0 | INFO  | QbftBesuControllerBuilder | Imported #96 / 1 tx / 4 pending / 153,650 (0.0%) gas / (0xc720a3411471f9de4f53a4eccec6dba5261f910701e51dd453c86ca6c8cbbed8)
2026-10-07 13:57:49.381+00:00 | EthScheduler-Workers-0 | INFO  | PersistBlockTask | Block 97 (0xd989681aea8084a8144f897b33e3624fbb2a2dbcd76bba0f918cc49b4d2fd6a9) is already imported
2026-10-07 13:57:49.381+00:00 | BftProcessorExecutor-QBFT-0 | INFO  | QbftBesuControllerBuilder | Imported #97 / 1 tx / 3 pending / 153,630 (0.0%) gas / (0xd989681aea8084a8144f897b33e3624fbb2a2dbcd76bba0f918cc49b4d2fd6a9)
2026-10-07 13:57:51.362+00:00 | EthScheduler-Workers-0 | INFO  | PersistBlockTask | Block 98 (0x9004e8b235fffc5bd521b2193cbf68cf3be76656f9bd909cec2013f1f2b65f8f) is already imported
2026-10-07 13:57:51.362+00:00 | BftProcessorExecutor-QBFT-0 | INFO  | QbftBesuControllerBuilder | Imported #98 / 0 tx / 3 pending / 0 (0.0%) gas / (0x9004e8b235fffc5bd521b2193cbf68cf3be76656f9bd909cec2013f1f2b65f8f)
2026-10-07 13:57:53.332+00:00 | BftProcessorExecutor-QBFT-0 | INFO  | QbftBesuControllerBuilder | Imported #99 / 0 tx / 3 pending / 0 (0.0%) gas / (0xd50840d863ccebd36461095ea8ed33dd099ba34d58f5c47bf4b06716b8a7d5c8)
2026-10-07 13:57:55.348+00:00 | BftProcessorExecutor-QBFT-0 | INFO  | QbftBesuControllerBuilder | Imported #100 / 0 tx / 3 pending / 0 (0.0%) gas / (0xcc202c8af445527dee6e1e8c27cb9fd887e1f4cd6740253ea80b960ee283a617)
2026-10-07 13:57:57.344+00:00 | BftProcessorExecutor-QBFT-0 | INFO  | QbftBesuControllerBuilder | Imported #101 / 0 tx / 3 pending / 0 (0.0%) gas / (0xef2b2e67e338d1501dac11ae3f2f70762699d8685065478996b17f1edaa02736)
2026-10-07 13:57:59.528+00:00 | BftProcessorExecutor-QBFT-0 | INFO  | QbftBesuControllerBuilder | Imported #102 / 0 tx / 3 pending / 0 (0.0%) gas / (0x848cd3f93841b3897ca9fb07b9eae00f5e84209aed38f179c83514833446b564)
2026-10-07 13:58:01.523+00:00 | BftProcessorExecutor-QBFT-0 | INFO  | QbftBesuControllerBuilder | Imported #103 / 0 tx / 3 pending / 0 (0.0%) gas / (0x120776519dd0c4c9c7af4e95417b2dfd543d0efa27aec444a40ac45894d3a147)
2026-10-07 13:58:03.456+00:00 | BftProcessorExecutor-QBFT-0 | INFO  | QbftBesuControllerBuilder | Imported #104 / 0 tx / 3 pending / 0 (0.0%) gas / (0x88c4515085a470ba06fbcfa80cc3a802649fbbc9bcf225543a3e5337ed256b08)
2026-10-07 13:58:05.284+00:00 | BftProcessorExecutor-QBFT-0 | INFO  | QbftBesuControllerBuilder | Imported #105 / 1 tx / 2 pending / 153,650 (0.0%) gas / (0x5f27d56c7e34ab2a08288c9e7229aed72b918acc2b6203cb94bf0e8f47377ac2)
2026-10-07 13:58:07.273+00:00 | BftProcessorExecutor-QBFT-0 | INFO  | QbftBesuControllerBuilder | Imported #106 / 1 tx / 1 pending / 153,618 (0.0%) gas / (0xafbf320e763632fe924816924ff39d0ea1e6774f537019700b7fd4b066877546)
2026-10-07 13:58:09.284+00:00 | BftProcessorExecutor-QBFT-0 | INFO  | QbftBesuControllerBuilder | Imported #107 / 1 tx / 0 pending / 153,618 (0.0%) gas / (0x30dd7fa493e72426f17cacbaa6dbd74415839d9946a1ef4b0b1349c5fc5ea6be)
2026-10-07 13:58:11.470+00:00 | EthScheduler-Workers-0 | INFO  | PersistBlockTask | Block 108 (0x4cf16c13eecf30a007c5fefedd5c3e2ce7a02c37df8a59a0f373d600f6695a62) is already imported
2026-10-07 13:58:11.470+00:00 | BftProcessorExecutor-QBFT-0 | INFO  | QbftBesuControllerBuilder | Imported #108 / 5 tx / 57 pending / 1,209,850 (0.0%) gas / (0x4cf16c13eecf30a007c5fefedd5c3e2ce7a02c37df8a59a0f373d600f6695a62)
2026-10-07 13:58:13.445+00:00 | EthScheduler-Workers-0 | INFO  | PersistBlockTask | Block 109 (0x809c28c470d52a2b17e638d9a68633911b5d4a9823aa9114c92a37bde682d4fa) is already imported
2026-10-07 13:58:13.446+00:00 | BftProcessorExecutor-QBFT-0 | INFO  | QbftBesuControllerBuilder | Produced #109 / 4 tx / 55 pending / 967,880 (0.0%) gas / (0x809c28c470d52a2b17e638d9a68633911b5d4a9823aa9114c92a37bde682d4fa)
2026-10-07 13:58:15.451+00:00 | BftProcessorExecutor-QBFT-0 | INFO  | QbftBesuControllerBuilder | Imported #110 / 4 tx / 51 pending / 967,880 (0.0%) gas / (0x900d0e2261581d3dff22d4afd754266a5a7d9791ef3c914bcadf62663122af97)
2026-10-07 13:58:17.529+00:00 | EthScheduler-Workers-0 | INFO  | PersistBlockTask | Block 111 (0x38156f1d5705cc0ccc6653451be5ddd7f13615a4e1f226b2fceac39c4e20b293) is already imported
2026-10-07 13:58:17.529+00:00 | BftProcessorExecutor-QBFT-0 | INFO  | QbftBesuControllerBuilder | Imported #111 / 4 tx / 47 pending / 967,880 (0.0%) gas / (0x38156f1d5705cc0ccc6653451be5ddd7f13615a4e1f226b2fceac39c4e20b293)
2026-10-07 13:58:19.596+00:00 | BftProcessorExecutor-QBFT-0 | INFO  | QbftBesuControllerBuilder | Imported #112 / 4 tx / 43 pending / 967,880 (0.0%) gas / (0x53c14de68fe32384af3256d8515a61399cd322070f2316d0f342c3ac6afdbe24)
2026-10-07 13:58:21.617+00:00 | BftProcessorExecutor-QBFT-0 | INFO  | QbftBesuControllerBuilder | Imported #113 / 4 tx / 39 pending / 967,880 (0.0%) gas / (0x517a5df9224ddec8134f6bafee89a2b209d06e61e7278d6de1eac436334e62ad)
2026-10-07 13:58:23.592+00:00 | BftProcessorExecutor-QBFT-0 | INFO  | QbftBesuControllerBuilder | Imported #114 / 4 tx / 35 pending / 967,880 (0.0%) gas / (0xcd0988797ffec02d490c22fea5f8fc6d6997fcf7c8e0b17d12536a8bc81a7a8e)
2026-10-07 13:58:23.592+00:00 | EthScheduler-Workers-0 | INFO  | PersistBlockTask | Block 114 (0xcd0988797ffec02d490c22fea5f8fc6d6997fcf7c8e0b17d12536a8bc81a7a8e) is already imported
2026-10-07 13:58:25.584+00:00 | EthScheduler-Workers-0 | INFO  | PersistBlockTask | Block 115 (0x99345a404c0ad9fd3397edbc4d6315e02873174d4ad2344fb2009dbd5660eff3) is already imported
2026-10-07 13:58:25.585+00:00 | BftProcessorExecutor-QBFT-0 | INFO  | QbftBesuControllerBuilder | Imported #115 / 4 tx / 31 pending / 967,880 (0.0%) gas / (0x99345a404c0ad9fd3397edbc4d6315e02873174d4ad2344fb2009dbd5660eff3)
2026-10-07 13:58:27.551+00:00 | BftProcessorExecutor-QBFT-0 | INFO  | QbftBesuControllerBuilder | Imported #116 / 4 tx / 27 pending / 967,880 (0.0%) gas / (0xbf5881598456d11c004cad38114651a92fb3fd8d919eb989dc115b64a7766557)
2026-10-07 13:58:29.774+00:00 | BftProcessorExecutor-QBFT-0 | INFO  | QbftBesuControllerBuilder | Imported #117 / 4 tx / 23 pending / 967,880 (0.0%) gas / (0xe10e625506d221ed74059f56646c206054f3fa12050b67b8851af9d15c58bd01)
2026-10-07 13:58:29.774+00:00 | EthScheduler-Workers-0 | INFO  | PersistBlockTask | Block 117 (0xe10e625506d221ed74059f56646c206054f3fa12050b67b8851af9d15c58bd01) is already imported
2026-10-07 13:58:31.679+00:00 | BftProcessorExecutor-QBFT-0 | INFO  | QbftBesuControllerBuilder | Imported #118 / 4 tx / 19 pending / 967,880 (0.0%) gas / (0x6da5e87fc917dae7030f8ab33e3e139a1eb7d142ffa78962d06e6e34b668bb50)
2026-10-07 13:58:33.766+00:00 | EthScheduler-Workers-0 | INFO  | PersistBlockTask | Block 119 (0x509736c505e580d720ddcb6735b646fe18af14bef08deae05107c0a96d181d00) is already imported
2026-10-07 13:58:33.766+00:00 | BftProcessorExecutor-QBFT-0 | INFO  | QbftBesuControllerBuilder | Imported #119 / 4 tx / 15 pending / 967,880 (0.0%) gas / (0x509736c505e580d720ddcb6735b646fe18af14bef08deae05107c0a96d181d00)
2026-10-07 13:58:35.580+00:00 | EthScheduler-Workers-0 | INFO  | PersistBlockTask | Block 120 (0x4ff32e9317dcf8eeb7c1623ca837338e327d956bf90fc03738b63613126b4666) is already imported
2026-10-07 13:58:35.580+00:00 | BftProcessorExecutor-QBFT-0 | INFO  | QbftBesuControllerBuilder | Imported #120 / 5 tx / 10 pending / 1,209,850 (0.0%) gas / (0x4ff32e9317dcf8eeb7c1623ca837338e327d956bf90fc03738b63613126b4666)
2026-10-07 13:58:37.528+00:00 | BftProcessorExecutor-QBFT-0 | INFO  | QbftBesuControllerBuilder | Imported #121 / 5 tx / 10 pending / 1,209,850 (0.0%) gas / (0xe8d656ca6c435ef1c4998dc532e320bd0aa565d4dee2c4e293a41b650422a945)
2026-10-07 13:58:39.571+00:00 | BftProcessorExecutor-QBFT-0 | INFO  | QbftBesuControllerBuilder | Imported #122 / 5 tx / 0 pending / 1,209,850 (0.0%) gas / (0x413e320f6c330f862a65af9e5bd97c9ad6b4fd36817bf6c84a2e637d9d476f90)
2026-10-07 13:58:41.255+00:00 | BftProcessorExecutor-QBFT-0 | INFO  | QbftBesuControllerBuilder | Imported #123 / 0 tx / 0 pending / 0 (0.0%) gas / (0x4048a093ea9ffd5074798df288fa0b4f135e3c96d29cdbdd0b785e5b160ce591)
2026-10-07 13:58:43.278+00:00 | BftProcessorExecutor-QBFT-0 | INFO  | QbftBesuControllerBuilder | Produced #124 / 1 tx / 7 pending / 153,630 (0.0%) gas / (0xc0e380e001ebe68b78910102544a437d569386173113128bb3f3bc807e71802f)
2026-10-07 13:58:45.285+00:00 | BftProcessorExecutor-QBFT-0 | INFO  | QbftBesuControllerBuilder | Imported #125 / 1 tx / 6 pending / 153,630 (0.0%) gas / (0xca526e3cc85a2001df3678852775f2f8d2a4bd94fab681b619a931a2c39c85a3)
2026-10-07 13:58:47.363+00:00 | BftProcessorExecutor-QBFT-0 | INFO  | QbftBesuControllerBuilder | Imported #126 / 1 tx / 5 pending / 153,650 (0.0%) gas / (0xbe3e41095a03b8c75eae37a85332a9f2e92a45b331717d27f08d9c5e49cbe850)
2026-10-07 13:58:49.353+00:00 | BftProcessorExecutor-QBFT-0 | INFO  | QbftBesuControllerBuilder | Imported #127 / 1 tx / 4 pending / 153,630 (0.0%) gas / (0xdd5dfc47c9a8039621de955625f82a1cb7c299ec2f8b21e4b7557b606c198c58)
2026-10-07 13:58:51.333+00:00 | BftProcessorExecutor-QBFT-0 | INFO  | QbftBesuControllerBuilder | Imported #128 / 0 tx / 4 pending / 0 (0.0%) gas / (0x27508eeee788898aca946a81f1224d0857fe7a91d080b691c96c2dbcda422a11)
2026-10-07 13:58:53.348+00:00 | BftProcessorExecutor-QBFT-0 | INFO  | QbftBesuControllerBuilder | Imported #129 / 0 tx / 4 pending / 0 (0.0%) gas / (0x998bd71b578059b626f856ac36e4812df012745ecd7eae0b2a513a353e3f42f3)
2026-10-07 13:58:55.330+00:00 | BftProcessorExecutor-QBFT-0 | INFO  | QbftBesuControllerBuilder | Imported #130 / 0 tx / 4 pending / 0 (0.0%) gas / (0x98f0b3fbb689ed7ee726a42c73aff7572e9b8424bb1264aed1a0740030a42f61)
2026-10-07 13:58:57.331+00:00 | BftProcessorExecutor-QBFT-0 | INFO  | QbftBesuControllerBuilder | Imported #131 / 0 tx / 4 pending / 0 (0.0%) gas / (0xcc9870ee08602318057a7cd820c615e3b4f4d2fdb7497132030caca47870b0ff)
2026-10-07 13:58:59.491+00:00 | BftProcessorExecutor-QBFT-0 | INFO  | QbftBesuControllerBuilder | Imported #132 / 0 tx / 4 pending / 0 (0.0%) gas / (0xc3628dcf5564572829a46de64662b62ef1032780a96cac0bfb621febb8217210)
2026-10-07 13:59:01.450+00:00 | BftProcessorExecutor-QBFT-0 | INFO  | QbftBesuControllerBuilder | Imported #133 / 0 tx / 4 pending / 0 (0.0%) gas / (0x83d5967663cc57094375452e06206cc1053b12e045444b498c47c895aa3e8aed)
2026-10-07 13:59:03.505+00:00 | BftProcessorExecutor-QBFT-0 | INFO  | QbftBesuControllerBuilder | Imported #134 / 0 tx / 4 pending / 0 (0.0%) gas / (0xfbebae47ca93ddba66dcfc95a0fc186d457a426bb5352435f17bb01f788b9cba)
2026-10-07 13:59:05.274+00:00 | BftProcessorExecutor-QBFT-0 | INFO  | QbftBesuControllerBuilder | Imported #135 / 1 tx / 3 pending / 153,630 (0.0%) gas / (0x468d247a9e34d0ae0f9fc60e87b9d7e8ab49bb1329afe6fe6f8f2ea62107ccbf)
2026-10-07 13:59:07.256+00:00 | BftProcessorExecutor-QBFT-0 | INFO  | QbftBesuControllerBuilder | Imported #136 / 1 tx / 2 pending / 153,630 (0.0%) gas / (0x18e35cb1502ece34ac9d04f6a6b6e06ad816cea22918ddb0d653f3262165c27d)
2026-10-07 13:59:09.283+00:00 | BftProcessorExecutor-QBFT-0 | INFO  | QbftBesuControllerBuilder | Imported #137 / 1 tx / 1 pending / 153,650 (0.0%) gas / (0x1da1f6ab178701849413511f73f7031d138f608abf8ae18dc6be57495ca25081)
2026-10-07 13:59:11.271+00:00 | BftProcessorExecutor-QBFT-0 | INFO  | QbftBesuControllerBuilder | Imported #138 / 1 tx / 0 pending / 153,650 (0.0%) gas / (0x41691f771a38eddae6fae0d975a63ff7e9be1d31c179708532dcf9d24a9887e0)
2026-10-07 13:59:13.311+00:00 | BftProcessorExecutor-QBFT-0 | INFO  | QbftBesuControllerBuilder | Produced #139 / 2 tx / 50 pending / 483,940 (0.0%) gas / (0xe5ce4d81448adf6170b90c6c6f5caf5dd6712e1d649697135a0890956cd9718c)
2026-10-07 13:59:15.449+00:00 | EthScheduler-Workers-0 | INFO  | PersistBlockTask | Block 140 (0xd0966b970e746518d69d69acae186b2d13345d43bab115ca3bc80aed8b6f09ac) is already imported
2026-10-07 13:59:15.449+00:00 | BftProcessorExecutor-QBFT-0 | INFO  | QbftBesuControllerBuilder | Imported #140 / 4 tx / 58 pending / 967,880 (0.0%) gas / (0xd0966b970e746518d69d69acae186b2d13345d43bab115ca3bc80aed8b6f09ac)
2026-10-07 13:59:17.556+00:00 | EthScheduler-Workers-0 | INFO  | PersistBlockTask | Block 141 (0x7db2bb5a58056a6c8f796e055af5f2f2b44cc3964aedec91e6a8308aa66a1183) is already imported
2026-10-07 13:59:17.557+00:00 | BftProcessorExecutor-QBFT-0 | INFO  | QbftBesuControllerBuilder | Imported #141 / 4 tx / 54 pending / 967,880 (0.0%) gas / (0x7db2bb5a58056a6c8f796e055af5f2f2b44cc3964aedec91e6a8308aa66a1183)
2026-10-07 13:59:19.527+00:00 | BftProcessorExecutor-QBFT-0 | INFO  | QbftBesuControllerBuilder | Imported #142 / 4 tx / 50 pending / 967,880 (0.0%) gas / (0x328fbf0c0fde59df3bde0969333f0725b80def9db7ffe3aa6001a5618b6c6fda)
2026-10-07 13:59:21.549+00:00 | BftProcessorExecutor-QBFT-0 | INFO  | QbftBesuControllerBuilder | Imported #143 / 4 tx / 46 pending / 967,880 (0.0%) gas / (0x369efa84c53c1d45222da33028169bbd4253664398ace584ce9fbd5312164d3c)
2026-10-07 13:59:23.553+00:00 | BftProcessorExecutor-QBFT-0 | INFO  | QbftBesuControllerBuilder | Imported #144 / 4 tx / 42 pending / 967,880 (0.0%) gas / (0xbbb14a19f7167d0658d02b9d798855a66b65e9f503014721ba6685bc42af7346)
2026-10-07 13:59:25.533+00:00 | EthScheduler-Workers-0 | INFO  | PersistBlockTask | Block 145 (0xf978f5789aca1f94066dae30324bb667b725ecc8691eb60895d7b21b7b13ee6c) is already imported
2026-10-07 13:59:25.533+00:00 | BftProcessorExecutor-QBFT-0 | INFO  | QbftBesuControllerBuilder | Imported #145 / 4 tx / 38 pending / 967,880 (0.0%) gas / (0xf978f5789aca1f94066dae30324bb667b725ecc8691eb60895d7b21b7b13ee6c)
2026-10-07 13:59:27.551+00:00 | EthScheduler-Workers-0 | INFO  | PersistBlockTask | Block 146 (0x920f24a55a08c2d87b05061febe25711b68615f8385a890d5feaced565f9641e) is already imported
2026-10-07 13:59:27.551+00:00 | BftProcessorExecutor-QBFT-0 | INFO  | QbftBesuControllerBuilder | Imported #146 / 4 tx / 34 pending / 967,880 (0.0%) gas / (0x920f24a55a08c2d87b05061febe25711b68615f8385a890d5feaced565f9641e)
2026-10-07 13:59:29.730+00:00 | BftProcessorExecutor-QBFT-0 | INFO  | QbftBesuControllerBuilder | Imported #147 / 4 tx / 30 pending / 967,880 (0.0%) gas / (0xc1af369ad5d784190848b293be3583822c259936061fb77e1de7968da8a37004)
2026-10-07 13:59:31.641+00:00 | BftProcessorExecutor-QBFT-0 | INFO  | QbftBesuControllerBuilder | Imported #148 / 4 tx / 26 pending / 967,880 (0.0%) gas / (0xba343e715113c71ea4b583295f0a9342b9de6816e026674e2919f37999455d19)
2026-10-07 13:59:31.641+00:00 | EthScheduler-Workers-0 | INFO  | PersistBlockTask | Block 148 (0xba343e715113c71ea4b583295f0a9342b9de6816e026674e2919f37999455d19) is already imported
2026-10-07 13:59:33.693+00:00 | BftProcessorExecutor-QBFT-0 | INFO  | QbftBesuControllerBuilder | Imported #149 / 4 tx / 22 pending / 967,880 (0.0%) gas / (0xee5d30af51e72ed4ea3dce41bef5c01e3ccca2308808ece8963b831774803956)
2026-10-07 13:59:35.521+00:00 | EthScheduler-Workers-0 | INFO  | PersistBlockTask | Block 150 (0x4873173d92df0901c6c92cceaca572b412165fefbd7ace68804adf60d9a0e3d4) is already imported
2026-10-07 13:59:35.521+00:00 | BftProcessorExecutor-QBFT-0 | INFO  | QbftBesuControllerBuilder | Imported #150 / 5 tx / 17 pending / 1,209,850 (0.0%) gas / (0x4873173d92df0901c6c92cceaca572b412165fefbd7ace68804adf60d9a0e3d4)
2026-10-07 13:59:37.465+00:00 | BftProcessorExecutor-QBFT-0 | INFO  | QbftBesuControllerBuilder | Imported #151 / 5 tx / 12 pending / 1,209,850 (0.0%) gas / (0x01a7a7310edad1293a221fec204370a39e6f891fb772d82486ecd9fc97eb2bb9)
2026-10-07 13:59:37.465+00:00 | EthScheduler-Workers-0 | INFO  | PersistBlockTask | Block 151 (0x01a7a7310edad1293a221fec204370a39e6f891fb772d82486ecd9fc97eb2bb9) is already imported
2026-10-07 13:59:39.553+00:00 | BftProcessorExecutor-QBFT-0 | INFO  | QbftBesuControllerBuilder | Imported #152 / 5 tx / 7 pending / 1,209,850 (0.0%) gas / (0x326e8a1e90937986ce6288a85c69e0e8e730e84679f1be079081c18b0ba4390e)
2026-10-07 13:59:39.553+00:00 | EthScheduler-Workers-0 | INFO  | PersistBlockTask | Block 152 (0x326e8a1e90937986ce6288a85c69e0e8e730e84679f1be079081c18b0ba4390e) is already imported
2026-10-07 13:59:41.596+00:00 | BftProcessorExecutor-QBFT-0 | INFO  | QbftBesuControllerBuilder | Imported #153 / 5 tx / 2 pending / 1,209,850 (0.0%) gas / (0xfcae50124a9975a5d7b8ab9628f9b4219d9b83d33589d8d30ffe981a5e97687f)
2026-10-07 13:59:43.394+00:00 | BftProcessorExecutor-QBFT-0 | INFO  | QbftBesuControllerBuilder | Produced #154 / 2 tx / 0 pending / 483,940 (0.0%) gas / (0xd3ba109ea846f5aed006fe3c40f81b772bbda2a93ecf3c948df048a90a9b9998)
2026-10-07 13:59:43.398+00:00 | EthScheduler-Workers-0 | INFO  | PersistBlockTask | Block 154 (0xd3ba109ea846f5aed006fe3c40f81b772bbda2a93ecf3c948df048a90a9b9998) is already imported
2026-10-07 13:59:45.263+00:00 | BftProcessorExecutor-QBFT-0 | INFO  | QbftBesuControllerBuilder | Imported #155 / 0 tx / 0 pending / 0 (0.0%) gas / (0x0e128a8935cafb4685ff221abcf00a8735549d6fd72af20c97ac52d69f53283f)
2026-10-07 13:59:47.366+00:00 | EthScheduler-Workers-0 | INFO  | PersistBlockTask | Block 156 (0x2bd6609f0d36071e72893bb2e4d18de5976c5861a9d97b43e8aa81024b9894fa) is already imported
2026-10-07 13:59:47.367+00:00 | BftProcessorExecutor-QBFT-0 | INFO  | QbftBesuControllerBuilder | Imported #156 / 1 tx / 7 pending / 153,650 (0.0%) gas / (0x2bd6609f0d36071e72893bb2e4d18de5976c5861a9d97b43e8aa81024b9894fa)
2026-10-07 13:59:49.341+00:00 | BftProcessorExecutor-QBFT-0 | INFO  | QbftBesuControllerBuilder | Imported #157 / 1 tx / 6 pending / 153,638 (0.0%) gas / (0xfdf98fc8ed9c76b4e2a9b3815cb61365d8994cd301ede50aa836298db2557f64)
2026-10-07 13:59:51.331+00:00 | BftProcessorExecutor-QBFT-0 | INFO  | QbftBesuControllerBuilder | Imported #158 / 0 tx / 6 pending / 0 (0.0%) gas / (0xe6f264a8c8a71dedd1b85ab4a26d946a623340e6cc12d5c6e44590cd337c7732)
2026-10-07 13:59:53.327+00:00 | BftProcessorExecutor-QBFT-0 | INFO  | QbftBesuControllerBuilder | Imported #159 / 0 tx / 6 pending / 0 (0.0%) gas / (0x917b6156c3cc154364888e9ecb108d82316b516e11a701a5226183fec83a4543)
2026-10-07 13:59:55.338+00:00 | BftProcessorExecutor-QBFT-0 | INFO  | QbftBesuControllerBuilder | Imported #160 / 0 tx / 6 pending / 0 (0.0%) gas / (0xde58a0fc781c09fbdd38c42654e44325e0bb49d29ff384b136ee16f756fa09ad)
2026-10-07 13:59:57.339+00:00 | BftProcessorExecutor-QBFT-0 | INFO  | QbftBesuControllerBuilder | Imported #161 / 0 tx / 6 pending / 0 (0.0%) gas / (0x2bb147ce05bb6ded96d8f5201d727404b9d48880826789b434fcaba53d771371)
2026-10-07 13:59:59.512+00:00 | BftProcessorExecutor-QBFT-0 | INFO  | QbftBesuControllerBuilder | Imported #162 / 0 tx / 6 pending / 0 (0.0%) gas / (0xc3714cb0ca85fd3361f8079e69d9ad0db7d9e743d1114c8a66daf700c436f62f)
2026-10-07 14:00:01.472+00:00 | BftProcessorExecutor-QBFT-0 | INFO  | QbftBesuControllerBuilder | Imported #163 / 0 tx / 6 pending / 0 (0.0%) gas / (0x25c00c330d6b10f726b6151cdac306e95abf0fbae2dbfbfbda9b14833ff943a1)
2026-10-07 14:00:03.480+00:00 | BftProcessorExecutor-QBFT-0 | INFO  | QbftBesuControllerBuilder | Imported #164 / 0 tx / 6 pending / 0 (0.0%) gas / (0x63a67401391ba0d8adc87b61b2f1687bbee227457a1c05b1864329e45299af2a)
2026-10-07 14:00:05.279+00:00 | BftProcessorExecutor-QBFT-0 | INFO  | QbftBesuControllerBuilder | Imported #165 / 1 tx / 5 pending / 153,618 (0.0%) gas / (0x371f89a7034954b5e013bac4aff63f137976c0be2213cd8315403a66f398baba)
2026-10-07 14:00:07.257+00:00 | BftProcessorExecutor-QBFT-0 | INFO  | QbftBesuControllerBuilder | Imported #166 / 1 tx / 4 pending / 153,630 (0.0%) gas / (0x6c7974b8cce5679efeb01c444ce42649b045ebe162790c609647a7103ee45a57)
2026-10-07 14:00:09.263+00:00 | BftProcessorExecutor-QBFT-0 | INFO  | QbftBesuControllerBuilder | Imported #167 / 1 tx / 3 pending / 153,630 (0.0%) gas / (0x355321c9e87a6c2c747b126e4929b6ba7c158e11a785bf74e7cb62faeb45cac6)
2026-10-07 14:00:11.257+00:00 | BftProcessorExecutor-QBFT-0 | INFO  | QbftBesuControllerBuilder | Imported #168 / 1 tx / 2 pending / 153,630 (0.0%) gas / (0x266a8280cf5dec04979dbf1aa7548372105068611aaee60ce8e75f5815b04e78)
2026-10-07 14:00:13.291+00:00 | BftProcessorExecutor-QBFT-0 | INFO  | QbftBesuControllerBuilder | Produced #169 / 1 tx / 1 pending / 153,630 (0.0%) gas / (0xa666cafc01b94781627c65a4bf59bde0339140d23cb6144903db4563995f0aba)
2026-10-07 14:00:15.270+00:00 | BftProcessorExecutor-QBFT-0 | INFO  | QbftBesuControllerBuilder | Imported #170 / 1 tx / 0 pending / 153,626 (0.0%) gas / (0x651c071be4036e193213ec46b151ebb0c040d4fdc77e3e9413f3d2aabb6f1562)
2026-10-07 14:00:17.489+00:00 | EthScheduler-Workers-0 | INFO  | PersistBlockTask | Block 171 (0x6579656c0161de3caed2687e1a4608398538d56f48978603a8a4bce88b969c2f) is already imported
2026-10-07 14:00:17.489+00:00 | BftProcessorExecutor-QBFT-0 | INFO  | QbftBesuControllerBuilder | Imported #171 / 4 tx / 58 pending / 967,880 (0.0%) gas / (0x6579656c0161de3caed2687e1a4608398538d56f48978603a8a4bce88b969c2f)
2026-10-07 14:00:19.536+00:00 | BftProcessorExecutor-QBFT-0 | INFO  | QbftBesuControllerBuilder | Imported #172 / 4 tx / 56 pending / 967,880 (0.0%) gas / (0xbcdaf7cd567705af4919c29ab1ca1f3c60f5478fae0aafcdf4eef82781d577bd)
2026-10-07 14:00:19.536+00:00 | EthScheduler-Workers-0 | INFO  | PersistBlockTask | Block 172 (0xbcdaf7cd567705af4919c29ab1ca1f3c60f5478fae0aafcdf4eef82781d577bd) is already imported
2026-10-07 14:00:21.550+00:00 | BftProcessorExecutor-QBFT-0 | INFO  | QbftBesuControllerBuilder | Imported #173 / 4 tx / 52 pending / 967,880 (0.0%) gas / (0x06874c767c1c2d3185ace381ec1aff50d708213777a9ff189c82277a727f5854)
2026-10-07 14:00:21.550+00:00 | EthScheduler-Workers-0 | INFO  | PersistBlockTask | Block 173 (0x06874c767c1c2d3185ace381ec1aff50d708213777a9ff189c82277a727f5854) is already imported
2026-10-07 14:00:23.536+00:00 | EthScheduler-Workers-0 | INFO  | PersistBlockTask | Block 174 (0xcaee373c57d5777abf1996cdd34b1396150427efbde72ee6367a54b5b56baa10) is already imported
2026-10-07 14:00:23.536+00:00 | BftProcessorExecutor-QBFT-0 | INFO  | QbftBesuControllerBuilder | Imported #174 / 4 tx / 48 pending / 967,880 (0.0%) gas / (0xcaee373c57d5777abf1996cdd34b1396150427efbde72ee6367a54b5b56baa10)
2026-10-07 14:00:25.599+00:00 | EthScheduler-Workers-0 | INFO  | PersistBlockTask | Block 175 (0xef2c1edd4d0997a009e1c39cb447e952dc9d1d48bb9ce8685f39ef3609aaa30e) is already imported
2026-10-07 14:00:25.599+00:00 | BftProcessorExecutor-QBFT-0 | INFO  | QbftBesuControllerBuilder | Imported #175 / 4 tx / 44 pending / 967,880 (0.0%) gas / (0xef2c1edd4d0997a009e1c39cb447e952dc9d1d48bb9ce8685f39ef3609aaa30e)
2026-10-07 14:00:27.514+00:00 | EthScheduler-Workers-0 | INFO  | PersistBlockTask | Block 176 (0xc29e831c72ee2665fb5f9173756e27bd9a38b05f5063a10b04541f70cd229138) is already imported
2026-10-07 14:00:27.514+00:00 | BftProcessorExecutor-QBFT-0 | INFO  | QbftBesuControllerBuilder | Imported #176 / 4 tx / 40 pending / 967,880 (0.0%) gas / (0xc29e831c72ee2665fb5f9173756e27bd9a38b05f5063a10b04541f70cd229138)
2026-10-07 14:00:29.686+00:00 | BftProcessorExecutor-QBFT-0 | INFO  | QbftBesuControllerBuilder | Imported #177 / 4 tx / 36 pending / 967,880 (0.0%) gas / (0x2e2e6abc56ddfedc740bd8b16d9a174cdeabed5fedef57f9770ce50bb6b80e86)
2026-10-07 14:00:31.654+00:00 | BftProcessorExecutor-QBFT-0 | INFO  | QbftBesuControllerBuilder | Imported #178 / 4 tx / 32 pending / 967,880 (0.0%) gas / (0x882c8312a3f5b2e2ccacd0b1f89a5398b5ebd7769d3dd185669d13a351c61dfd)
2026-10-07 14:00:31.654+00:00 | EthScheduler-Workers-0 | INFO  | PersistBlockTask | Block 178 (0x882c8312a3f5b2e2ccacd0b1f89a5398b5ebd7769d3dd185669d13a351c61dfd) is already imported
2026-10-07 14:00:33.648+00:00 | BftProcessorExecutor-QBFT-0 | INFO  | QbftBesuControllerBuilder | Imported #179 / 4 tx / 28 pending / 967,880 (0.0%) gas / (0x2fa09847eed40764c297bf204a3b5eee8bab50765b2fff86c949c898c99ca1db)
2026-10-07 14:00:33.648+00:00 | EthScheduler-Workers-0 | INFO  | PersistBlockTask | Block 179 (0x2fa09847eed40764c297bf204a3b5eee8bab50765b2fff86c949c898c99ca1db) is already imported
2026-10-07 14:00:35.502+00:00 | BftProcessorExecutor-QBFT-0 | INFO  | QbftBesuControllerBuilder | Imported #180 / 5 tx / 23 pending / 1,209,850 (0.0%) gas / (0x7c9c5cf105b24e174ad24aa9643f7c1b867eae87a513645254cafae62dbd5e7d)
2026-10-07 14:00:37.537+00:00 | BftProcessorExecutor-QBFT-0 | INFO  | QbftBesuControllerBuilder | Imported #181 / 5 tx / 18 pending / 1,209,850 (0.0%) gas / (0xc667a662d72d38b8c0b28e45efdb0e565203fe252dcf580747de031d936494ac)
2026-10-07 14:00:39.490+00:00 | BftProcessorExecutor-QBFT-0 | INFO  | QbftBesuControllerBuilder | Imported #182 / 5 tx / 13 pending / 1,209,850 (0.0%) gas / (0xa905ec3de5d2ee9d503d547ff248a653e5069b60ab9a9cf933a95ad43a568855)
2026-10-07 14:00:41.554+00:00 | BftProcessorExecutor-QBFT-0 | INFO  | QbftBesuControllerBuilder | Imported #183 / 5 tx / 8 pending / 1,209,850 (0.0%) gas / (0xeb75eaabee6b58c6b49826a2c3472c9ece785f9309d3985f939a94829c432109)
2026-10-07 14:00:41.554+00:00 | EthScheduler-Workers-0 | INFO  | PersistBlockTask | Block 183 (0xeb75eaabee6b58c6b49826a2c3472c9ece785f9309d3985f939a94829c432109) is already imported
2026-10-07 14:00:43.513+00:00 | BftProcessorExecutor-QBFT-0 | INFO  | QbftBesuControllerBuilder | Produced #184 / 4 tx / 4 pending / 967,880 (0.0%) gas / (0xa38b8816777255a9ae02ad626d4e4204fa083b350674705621a8cae9435887b7)
2026-10-07 14:00:45.529+00:00 | EthScheduler-Workers-0 | INFO  | PersistBlockTask | Block 185 (0xe9938a91624326501f97fc9723775234e0e1651fbbd5b73ea689052803aec138) is already imported
2026-10-07 14:00:45.529+00:00 | BftProcessorExecutor-QBFT-0 | INFO  | QbftBesuControllerBuilder | Imported #185 / 4 tx / 0 pending / 967,880 (0.0%) gas / (0xe9938a91624326501f97fc9723775234e0e1651fbbd5b73ea689052803aec138)
2026-10-07 14:00:47.349+00:00 | BftProcessorExecutor-QBFT-0 | INFO  | QbftBesuControllerBuilder | Imported #186 / 0 tx / 0 pending / 0 (0.0%) gas / (0x4145256bf6468189b1740c213aefe96f7a4b0bf386688b4ea450d723547a1b45)
2026-10-07 14:00:49.370+00:00 | BftProcessorExecutor-QBFT-0 | INFO  | QbftBesuControllerBuilder | Imported #187 / 1 tx / 7 pending / 153,606 (0.0%) gas / (0x9823a77930a2e1956666fbc1b33601d29b61a3bfc74c0d250590b58eaee995a8)
2026-10-07 14:00:51.322+00:00 | BftProcessorExecutor-QBFT-0 | INFO  | QbftBesuControllerBuilder | Imported #188 / 0 tx / 7 pending / 0 (0.0%) gas / (0xab1dd8b563c5f3b28ac41ec0480fcc0debc0b1f29563b119a09a246f5738c218)
2026-10-07 14:00:53.331+00:00 | BftProcessorExecutor-QBFT-0 | INFO  | QbftBesuControllerBuilder | Imported #189 / 0 tx / 7 pending / 0 (0.0%) gas / (0x9991d79d1e2a390dde06b4964ae1f03deb460820af5bb66052c78b3a185c2f33)
2026-10-07 14:00:55.342+00:00 | BftProcessorExecutor-QBFT-0 | INFO  | QbftBesuControllerBuilder | Imported #190 / 0 tx / 7 pending / 0 (0.0%) gas / (0x0c4d578d3b3efd17589130a802cbd00582f99f2f7af8fbe4283c10300a74d3e5)
2026-10-07 14:00:57.346+00:00 | BftProcessorExecutor-QBFT-0 | INFO  | QbftBesuControllerBuilder | Imported #191 / 0 tx / 7 pending / 0 (0.0%) gas / (0x285a67ca47ae2c4ebad46864e5a19fcf85ee0a7535748c1d2b4b034aa73ee3b6)
2026-10-07 14:00:59.452+00:00 | BftProcessorExecutor-QBFT-0 | INFO  | QbftBesuControllerBuilder | Imported #192 / 0 tx / 7 pending / 0 (0.0%) gas / (0xf6cee3a9da817ac7fe4e47b21de230a79c57f2a332d4a2655c868fde18d5e115)
2026-10-07 14:01:01.462+00:00 | BftProcessorExecutor-QBFT-0 | INFO  | QbftBesuControllerBuilder | Imported #193 / 0 tx / 7 pending / 0 (0.0%) gas / (0x82c3c0d7e0744dde88139b20792e1af277b6ccac7fcda270f7bb31d62d078451)
2026-10-07 14:01:03.474+00:00 | BftProcessorExecutor-QBFT-0 | INFO  | QbftBesuControllerBuilder | Imported #194 / 0 tx / 7 pending / 0 (0.0%) gas / (0x41b461cee8f851fde78ea4aabcbbcb79332e18f70489fea0aed6280bb1433f6e)
2026-10-07 14:01:03.475+00:00 | EthScheduler-Workers-0 | INFO  | PersistBlockTask | Block 194 (0x41b461cee8f851fde78ea4aabcbbcb79332e18f70489fea0aed6280bb1433f6e) is already imported
2026-10-07 14:01:05.276+00:00 | BftProcessorExecutor-QBFT-0 | INFO  | QbftBesuControllerBuilder | Imported #195 / 1 tx / 6 pending / 153,630 (0.0%) gas / (0x46c5cedf7ae4b5080d219b809cfa08b1bebc2c462a8c6d76d1915e5c225a9873)
2026-10-07 14:01:07.289+00:00 | BftProcessorExecutor-QBFT-0 | INFO  | QbftBesuControllerBuilder | Imported #196 / 1 tx / 5 pending / 153,618 (0.0%) gas / (0xd8d55c5d4512d9fc3ef1baea892f04df3479fb6773b8da9c666f93c0f9667125)
2026-10-07 14:01:09.287+00:00 | BftProcessorExecutor-QBFT-0 | INFO  | QbftBesuControllerBuilder | Imported #197 / 1 tx / 4 pending / 153,630 (0.0%) gas / (0x708e82add516d3c78b6181b4d0ea4761b50250437e9ad34262662b5f8e5b26c1)
2026-10-07 14:01:11.278+00:00 | BftProcessorExecutor-QBFT-0 | INFO  | QbftBesuControllerBuilder | Imported #198 / 1 tx / 3 pending / 153,630 (0.0%) gas / (0xd331ed68328078ad219d25b8bb49fe863c8f63e0ae5269178b152f674448da98)
2026-10-07 14:01:13.271+00:00 | BftProcessorExecutor-QBFT-0 | INFO  | QbftBesuControllerBuilder | Produced #199 / 1 tx / 2 pending / 153,650 (0.0%) gas / (0x51f097d59dddd022ae5d91a0712495f66a794acaa17660872bdc3ede32fafcf1)
2026-10-07 14:01:15.244+00:00 | BftProcessorExecutor-QBFT-0 | INFO  | QbftBesuControllerBuilder | Imported #200 / 1 tx / 1 pending / 153,618 (0.0%) gas / (0xe219b2bd361727249977067dbc8b9f2fe3b2ffb3c8bfcd4fcd792f206e404df2)
2026-10-07 14:01:17.361+00:00 | EthScheduler-Workers-0 | INFO  | PersistBlockTask | Block 201 (0x14e2428349e3db9e45618301d3db2c718e6d34fb903425cb7a1eee7e07846fc7) is already imported
2026-10-07 14:01:17.362+00:00 | BftProcessorExecutor-QBFT-0 | INFO  | QbftBesuControllerBuilder | Imported #201 / 1 tx / 0 pending / 153,618 (0.0%) gas / (0x14e2428349e3db9e45618301d3db2c718e6d34fb903425cb7a1eee7e07846fc7)
2026-10-07 14:01:19.331+00:00 | BftProcessorExecutor-QBFT-0 | INFO  | QbftBesuControllerBuilder | Imported #202 / 0 tx / 0 pending / 0 (0.0%) gas / (0x39e7154212ef3f2de84e56b0450ffc6eed5c3a279ed35c4061539e62255bce15)
2026-10-07 14:01:21.342+00:00 | BftProcessorExecutor-QBFT-0 | INFO  | QbftBesuControllerBuilder | Imported #203 / 0 tx / 0 pending / 0 (0.0%) gas / (0xaacd5021f3ed8751adc17d1214fbe3582e2693cc5e9f53456df9fc442f9fee90)
2026-10-07 14:01:23.331+00:00 | BftProcessorExecutor-QBFT-0 | INFO  | QbftBesuControllerBuilder | Imported #204 / 0 tx / 0 pending / 0 (0.0%) gas / (0x3402028aef5397b9890e64df7ac5f1b8c97386be24629cd7b2b4911bce794a4a)
2026-10-07 14:01:25.316+00:00 | BftProcessorExecutor-QBFT-0 | INFO  | QbftBesuControllerBuilder | Imported #205 / 0 tx / 0 pending / 0 (0.0%) gas / (0x9127ebb2ff21a9afd7ecaae80a440e14ad451da9ab6f60faf9465dfe3bdc548c)
2026-10-07 14:01:27.343+00:00 | BftProcessorExecutor-QBFT-0 | INFO  | QbftBesuControllerBuilder | Imported #206 / 0 tx / 0 pending / 0 (0.0%) gas / (0x1fdaa36329cb93a162de15ff277a06baa404e87cddefa4a1070df29f0dd36c73)
2026-10-07 14:01:27.346+00:00 | EthScheduler-Workers-0 | INFO  | PersistBlockTask | Block 206 (0x1fdaa36329cb93a162de15ff277a06baa404e87cddefa4a1070df29f0dd36c73) is already imported
2026-10-07 14:01:29.517+00:00 | BftProcessorExecutor-QBFT-0 | INFO  | QbftBesuControllerBuilder | Imported #207 / 0 tx / 0 pending / 0 (0.0%) gas / (0x5db3c878b57e46e15ac6baf0755f5e3c93f9fc89b595b61a810e7b2b61169f58)
2026-10-07 14:01:31.441+00:00 | BftProcessorExecutor-QBFT-0 | INFO  | QbftBesuControllerBuilder | Imported #208 / 0 tx / 0 pending / 0 (0.0%) gas / (0x12855a662914195a632279fc6a838c7a00df240efbfe4b0fe25b05a1838a9084)
2026-10-07 14:01:33.481+00:00 | BftProcessorExecutor-QBFT-0 | INFO  | QbftBesuControllerBuilder | Imported #209 / 0 tx / 0 pending / 0 (0.0%) gas / (0x549c39de442402424472255f182b1efb45fbbb93bd513b8b85e9b79368435ec4)
2026-10-07 14:01:35.256+00:00 | BftProcessorExecutor-QBFT-0 | INFO  | QbftBesuControllerBuilder | Imported #210 / 0 tx / 0 pending / 0 (0.0%) gas / (0x813b4cd7626f9b2e6d8128a5eabb42434b510f8032dbd8b16adb99049ec7b97b)
2026-10-07 14:01:37.241+00:00 | BftProcessorExecutor-QBFT-0 | INFO  | QbftBesuControllerBuilder | Imported #211 / 0 tx / 0 pending / 0 (0.0%) gas / (0x80572b915176a311b66f68d1f41a584598c60dacb9964db4e92bcb7135b46d05)
2026-10-07 14:01:39.246+00:00 | BftProcessorExecutor-QBFT-0 | INFO  | QbftBesuControllerBuilder | Imported #212 / 0 tx / 0 pending / 0 (0.0%) gas / (0x059da80cbf77521c5150e712a4e6dc0f991456cf88253b84459684df93d6eb46)
2026-10-07 14:01:41.249+00:00 | BftProcessorExecutor-QBFT-0 | INFO  | QbftBesuControllerBuilder | Imported #213 / 0 tx / 0 pending / 0 (0.0%) gas / (0x4ba43f29086c0da387c113190bee79c99ba19935c2fd01d2650601346dd1a0f5)
2026-10-07 14:01:43.258+00:00 | EthScheduler-Workers-0 | INFO  | PersistBlockTask | Imported #214 / 0 tx / 0 om / 0 (0.0%) gas / (0x4090d0cfac5e28136321c1fca696dc552e56d3ab9fa561a77d065e06273e47cf) in 0.002s. Peers: 14
2026-10-07 14:01:45.250+00:00 | EthScheduler-Workers-0 | INFO  | PersistBlockTask | Block 215 (0x751938f028e2165d02316f2a9d455c75a6e2d2d4af1d77d779b4d04581589ac0) is already imported
2026-10-07 14:01:45.251+00:00 | BftProcessorExecutor-QBFT-0 | INFO  | QbftBesuControllerBuilder | Imported #215 / 0 tx / 0 pending / 0 (0.0%) gas / (0x751938f028e2165d02316f2a9d455c75a6e2d2d4af1d77d779b4d04581589ac0)
2026-10-07 14:01:47.324+00:00 | BftProcessorExecutor-QBFT-0 | INFO  | QbftBesuControllerBuilder | Imported #216 / 0 tx / 0 pending / 0 (0.0%) gas / (0x97abee77b03193bda04cb2502e96240721938d786afde694672e4ce4426a62c2)
