
$ bash scripts/04c-run-network-apptainer.sh baseline
=== Step 0: stop the previous zkRoam Apptainer network ===
$ apptainer exec --cleanenv /tmp/zkroam-hw-22072-QwfJVj/net-heterogeneity/zkroam-besu.sif ip -o link show
$ apptainer exec --cleanenv /tmp/zkroam-hw-22072-QwfJVj/net-heterogeneity/zkroam-besu.sif ip link delete zkroam0
=== Step 1: generate genesis, validator keys, and accounts ===
==========================================
Generating QBFT test network
==========================================

Validators : 15
Client accounts : 2000
Balance/account : 1000000000000000000000 wei

[1/5] Cleaning previous network files...
[2/5] Generating QBFT validators and genesis...
2026-10-07 12:13:52.949+00:00 | main | INFO  | GenerateBlockchainConfig | Generating 15 nodes keys.
2026-10-07 12:13:52.953+00:00 | main | INFO  | GenerateBlockchainConfig | Generating keypair for node 0.
2026-10-07 12:13:53.021+00:00 | main | INFO  | GenerateBlockchainConfig | Generating keypair for node 1.
2026-10-07 12:13:53.025+00:00 | main | INFO  | GenerateBlockchainConfig | Generating keypair for node 2.
2026-10-07 12:13:53.032+00:00 | main | INFO  | GenerateBlockchainConfig | Generating keypair for node 3.
2026-10-07 12:13:53.033+00:00 | main | INFO  | GenerateBlockchainConfig | Generating keypair for node 4.
2026-10-07 12:13:53.034+00:00 | main | INFO  | GenerateBlockchainConfig | Generating keypair for node 5.
2026-10-07 12:13:53.036+00:00 | main | INFO  | GenerateBlockchainConfig | Generating keypair for node 6.
2026-10-07 12:13:53.038+00:00 | main | INFO  | GenerateBlockchainConfig | Generating keypair for node 7.
2026-10-07 12:13:53.040+00:00 | main | INFO  | GenerateBlockchainConfig | Generating keypair for node 8.
2026-10-07 12:13:53.041+00:00 | main | INFO  | GenerateBlockchainConfig | Generating keypair for node 9.
2026-10-07 12:13:53.042+00:00 | main | INFO  | GenerateBlockchainConfig | Generating keypair for node 10.
2026-10-07 12:13:53.045+00:00 | main | INFO  | GenerateBlockchainConfig | Generating keypair for node 11.
2026-10-07 12:13:53.046+00:00 | main | INFO  | GenerateBlockchainConfig | Generating keypair for node 12.
2026-10-07 12:13:53.047+00:00 | main | INFO  | GenerateBlockchainConfig | Generating keypair for node 13.
2026-10-07 12:13:53.048+00:00 | main | INFO  | GenerateBlockchainConfig | Generating keypair for node 14.
2026-10-07 12:13:53.051+00:00 | main | INFO  | GenerateBlockchainConfig | Generating QBFT extra data.
2026-10-07 12:13:53.055+00:00 | main | INFO  | GenerateBlockchainConfig | Writing genesis file.
[3/5] Generating 2000 funded client accounts...
Generating 2000 funded accounts...

Generated 2000 accounts.
Saved to: /tmp/zkroam-hw-22072-QwfJVj/net-heterogeneity/accounts/accounts.json
[4/5] Updating genesis alloc...
Existing configured alloc accounts: 2
Generated workload accounts: 2000

Final genesis alloc contains 2002 accounts.
[5/5] Verifying generated network...

==========================================
QBFT network generation complete
==========================================

Genesis:
  /tmp/zkroam-hw-22072-QwfJVj/net-heterogeneity/networkFiles/genesis.json

Validators:
  /tmp/zkroam-hw-22072-QwfJVj/net-heterogeneity/networkFiles/keys/

Client accounts:
  /tmp/zkroam-hw-22072-QwfJVj/net-heterogeneity/accounts/accounts.json

Validator count:
15

Client account count:
2000

Genesis alloc count:
2002

First 10 client accounts:
000 0x9fA07479F3dD610AfB6B5E8760A4d2F1e69Ee924 balance=1000000000000000000000
001 0xF6c9DCC3548AADbc2Ebd67ad8bb9eFc20206363C balance=1000000000000000000000
002 0x5Bf7678D23FEc170c51df2AD6F8C21bbEc809d0A balance=1000000000000000000000
003 0xE7010d7E7f12C9EE513E33339f9a4E0E09D2E1EA balance=1000000000000000000000
004 0x43aD6c70c75298Ca364600a0367aec71B35C893f balance=1000000000000000000000
005 0x098D9B0d2f80b2a8877bA60711652a9E800125d0 balance=1000000000000000000000
006 0x404A9255cCDC4b886AfE7fd340A00bf50b0588b9 balance=1000000000000000000000
007 0x4392597F9ba731663Cbd08B200E94d2741a164aE balance=1000000000000000000000
008 0x4207867C925488B0691c1ed5981eED9B770D04C5 balance=1000000000000000000000
009 0x59d6f1f96aa90E6537d5164F62992b543a664aD9 balance=1000000000000000000000

==========================================
IMPORTANT
==========================================

Client private keys are stored in:
  /tmp/zkroam-hw-22072-QwfJVj/net-heterogeneity/accounts/accounts.json

Do NOT commit this file to Git.

=== Step 2: generate the baseline topology ===
Wrote baseline topology (15 core-profile nodes) to /tmp/zkroam-hw-22072-QwfJVj/net-heterogeneity/networkFiles/topology.json
=== Step 3: start 15 isolated Apptainer-backed validators ===
$ apptainer exec --cleanenv /Utilisateurs/abellach/zkRoam/net-heterogeneity/zkroam-besu.sif ip -o link show
$ apptainer exec --cleanenv /Utilisateurs/abellach/zkRoam/net-heterogeneity/zkroam-besu.sif ip link delete zkroam0
$ apptainer exec --cleanenv /Utilisateurs/abellach/zkRoam/net-heterogeneity/zkroam-besu.sif ip link add zkroam0 type bridge
$ apptainer exec --cleanenv /Utilisateurs/abellach/zkRoam/net-heterogeneity/zkroam-besu.sif ip addr add 172.28.0.1/24 dev zkroam0
$ apptainer exec --cleanenv /Utilisateurs/abellach/zkRoam/net-heterogeneity/zkroam-besu.sif ip link set zkroam0 up
$ apptainer exec --cleanenv /Utilisateurs/abellach/zkRoam/net-heterogeneity/zkroam-besu.sif ip link delete zkh00
$ apptainer exec --cleanenv /Utilisateurs/abellach/zkRoam/net-heterogeneity/zkroam-besu.sif ip link add zkh00 type veth peer name eth0
$ apptainer exec --cleanenv /Utilisateurs/abellach/zkRoam/net-heterogeneity/zkroam-besu.sif ip link set zkh00 master zkroam0
$ apptainer exec --cleanenv /Utilisateurs/abellach/zkRoam/net-heterogeneity/zkroam-besu.sif ip link set zkh00 up
$ apptainer exec --cleanenv /Utilisateurs/abellach/zkRoam/net-heterogeneity/zkroam-besu.sif ip link set eth0 netns 1221694
$ nsenter -t 1221694 -n apptainer exec --cleanenv /Utilisateurs/abellach/zkRoam/net-heterogeneity/zkroam-besu.sif ip link set lo up
$ nsenter -t 1221694 -n apptainer exec --cleanenv /Utilisateurs/abellach/zkRoam/net-heterogeneity/zkroam-besu.sif ip addr add 172.28.0.10/24 dev eth0
$ nsenter -t 1221694 -n apptainer exec --cleanenv /Utilisateurs/abellach/zkRoam/net-heterogeneity/zkroam-besu.sif ip link set eth0 up
$ nsenter -t 1221694 -n apptainer exec --cleanenv /Utilisateurs/abellach/zkRoam/net-heterogeneity/zkroam-besu.sif ip route add default via 172.28.0.1
$ apptainer exec --cleanenv /Utilisateurs/abellach/zkRoam/net-heterogeneity/zkroam-besu.sif ip link delete zkh01
$ apptainer exec --cleanenv /Utilisateurs/abellach/zkRoam/net-heterogeneity/zkroam-besu.sif ip link add zkh01 type veth peer name eth0
$ apptainer exec --cleanenv /Utilisateurs/abellach/zkRoam/net-heterogeneity/zkroam-besu.sif ip link set zkh01 master zkroam0
$ apptainer exec --cleanenv /Utilisateurs/abellach/zkRoam/net-heterogeneity/zkroam-besu.sif ip link set zkh01 up
$ apptainer exec --cleanenv /Utilisateurs/abellach/zkRoam/net-heterogeneity/zkroam-besu.sif ip link set eth0 netns 1222181
$ nsenter -t 1222181 -n apptainer exec --cleanenv /Utilisateurs/abellach/zkRoam/net-heterogeneity/zkroam-besu.sif ip link set lo up
$ nsenter -t 1222181 -n apptainer exec --cleanenv /Utilisateurs/abellach/zkRoam/net-heterogeneity/zkroam-besu.sif ip addr add 172.28.0.11/24 dev eth0
$ nsenter -t 1222181 -n apptainer exec --cleanenv /Utilisateurs/abellach/zkRoam/net-heterogeneity/zkroam-besu.sif ip link set eth0 up
$ nsenter -t 1222181 -n apptainer exec --cleanenv /Utilisateurs/abellach/zkRoam/net-heterogeneity/zkroam-besu.sif ip route add default via 172.28.0.1
$ apptainer exec --cleanenv /Utilisateurs/abellach/zkRoam/net-heterogeneity/zkroam-besu.sif ip link delete zkh02
$ apptainer exec --cleanenv /Utilisateurs/abellach/zkRoam/net-heterogeneity/zkroam-besu.sif ip link add zkh02 type veth peer name eth0
$ apptainer exec --cleanenv /Utilisateurs/abellach/zkRoam/net-heterogeneity/zkroam-besu.sif ip link set zkh02 master zkroam0
$ apptainer exec --cleanenv /Utilisateurs/abellach/zkRoam/net-heterogeneity/zkroam-besu.sif ip link set zkh02 up
$ apptainer exec --cleanenv /Utilisateurs/abellach/zkRoam/net-heterogeneity/zkroam-besu.sif ip link set eth0 netns 1222762
$ nsenter -t 1222762 -n apptainer exec --cleanenv /Utilisateurs/abellach/zkRoam/net-heterogeneity/zkroam-besu.sif ip link set lo up
$ nsenter -t 1222762 -n apptainer exec --cleanenv /Utilisateurs/abellach/zkRoam/net-heterogeneity/zkroam-besu.sif ip addr add 172.28.0.12/24 dev eth0
$ nsenter -t 1222762 -n apptainer exec --cleanenv /Utilisateurs/abellach/zkRoam/net-heterogeneity/zkroam-besu.sif ip link set eth0 up
$ nsenter -t 1222762 -n apptainer exec --cleanenv /Utilisateurs/abellach/zkRoam/net-heterogeneity/zkroam-besu.sif ip route add default via 172.28.0.1
$ apptainer exec --cleanenv /Utilisateurs/abellach/zkRoam/net-heterogeneity/zkroam-besu.sif ip link delete zkh03
$ apptainer exec --cleanenv /Utilisateurs/abellach/zkRoam/net-heterogeneity/zkroam-besu.sif ip link add zkh03 type veth peer name eth0
$ apptainer exec --cleanenv /Utilisateurs/abellach/zkRoam/net-heterogeneity/zkroam-besu.sif ip link set zkh03 master zkroam0
$ apptainer exec --cleanenv /Utilisateurs/abellach/zkRoam/net-heterogeneity/zkroam-besu.sif ip link set zkh03 up
$ apptainer exec --cleanenv /Utilisateurs/abellach/zkRoam/net-heterogeneity/zkroam-besu.sif ip link set eth0 netns 1223400
$ nsenter -t 1223400 -n apptainer exec --cleanenv /Utilisateurs/abellach/zkRoam/net-heterogeneity/zkroam-besu.sif ip link set lo up
$ nsenter -t 1223400 -n apptainer exec --cleanenv /Utilisateurs/abellach/zkRoam/net-heterogeneity/zkroam-besu.sif ip addr add 172.28.0.13/24 dev eth0
$ nsenter -t 1223400 -n apptainer exec --cleanenv /Utilisateurs/abellach/zkRoam/net-heterogeneity/zkroam-besu.sif ip link set eth0 up
$ nsenter -t 1223400 -n apptainer exec --cleanenv /Utilisateurs/abellach/zkRoam/net-heterogeneity/zkroam-besu.sif ip route add default via 172.28.0.1
$ apptainer exec --cleanenv /Utilisateurs/abellach/zkRoam/net-heterogeneity/zkroam-besu.sif ip link delete zkh04
$ apptainer exec --cleanenv /Utilisateurs/abellach/zkRoam/net-heterogeneity/zkroam-besu.sif ip link add zkh04 type veth peer name eth0
$ apptainer exec --cleanenv /Utilisateurs/abellach/zkRoam/net-heterogeneity/zkroam-besu.sif ip link set zkh04 master zkroam0
$ apptainer exec --cleanenv /Utilisateurs/abellach/zkRoam/net-heterogeneity/zkroam-besu.sif ip link set zkh04 up
$ apptainer exec --cleanenv /Utilisateurs/abellach/zkRoam/net-heterogeneity/zkroam-besu.sif ip link set eth0 netns 1224148
$ nsenter -t 1224148 -n apptainer exec --cleanenv /Utilisateurs/abellach/zkRoam/net-heterogeneity/zkroam-besu.sif ip link set lo up
$ nsenter -t 1224148 -n apptainer exec --cleanenv /Utilisateurs/abellach/zkRoam/net-heterogeneity/zkroam-besu.sif ip addr add 172.28.0.14/24 dev eth0
$ nsenter -t 1224148 -n apptainer exec --cleanenv /Utilisateurs/abellach/zkRoam/net-heterogeneity/zkroam-besu.sif ip link set eth0 up
$ nsenter -t 1224148 -n apptainer exec --cleanenv /Utilisateurs/abellach/zkRoam/net-heterogeneity/zkroam-besu.sif ip route add default via 172.28.0.1
$ apptainer exec --cleanenv /Utilisateurs/abellach/zkRoam/net-heterogeneity/zkroam-besu.sif ip link delete zkh05
$ apptainer exec --cleanenv /Utilisateurs/abellach/zkRoam/net-heterogeneity/zkroam-besu.sif ip link add zkh05 type veth peer name eth0
$ apptainer exec --cleanenv /Utilisateurs/abellach/zkRoam/net-heterogeneity/zkroam-besu.sif ip link set zkh05 master zkroam0
$ apptainer exec --cleanenv /Utilisateurs/abellach/zkRoam/net-heterogeneity/zkroam-besu.sif ip link set zkh05 up
$ apptainer exec --cleanenv /Utilisateurs/abellach/zkRoam/net-heterogeneity/zkroam-besu.sif ip link set eth0 netns 1224816
$ nsenter -t 1224816 -n apptainer exec --cleanenv /Utilisateurs/abellach/zkRoam/net-heterogeneity/zkroam-besu.sif ip link set lo up
$ nsenter -t 1224816 -n apptainer exec --cleanenv /Utilisateurs/abellach/zkRoam/net-heterogeneity/zkroam-besu.sif ip addr add 172.28.0.15/24 dev eth0
$ nsenter -t 1224816 -n apptainer exec --cleanenv /Utilisateurs/abellach/zkRoam/net-heterogeneity/zkroam-besu.sif ip link set eth0 up
$ nsenter -t 1224816 -n apptainer exec --cleanenv /Utilisateurs/abellach/zkRoam/net-heterogeneity/zkroam-besu.sif ip route add default via 172.28.0.1
$ apptainer exec --cleanenv /Utilisateurs/abellach/zkRoam/net-heterogeneity/zkroam-besu.sif ip link delete zkh06
$ apptainer exec --cleanenv /Utilisateurs/abellach/zkRoam/net-heterogeneity/zkroam-besu.sif ip link add zkh06 type veth peer name eth0
$ apptainer exec --cleanenv /Utilisateurs/abellach/zkRoam/net-heterogeneity/zkroam-besu.sif ip link set zkh06 master zkroam0
$ apptainer exec --cleanenv /Utilisateurs/abellach/zkRoam/net-heterogeneity/zkroam-besu.sif ip link set zkh06 up
$ apptainer exec --cleanenv /Utilisateurs/abellach/zkRoam/net-heterogeneity/zkroam-besu.sif ip link set eth0 netns 1225666
$ nsenter -t 1225666 -n apptainer exec --cleanenv /Utilisateurs/abellach/zkRoam/net-heterogeneity/zkroam-besu.sif ip link set lo up
$ nsenter -t 1225666 -n apptainer exec --cleanenv /Utilisateurs/abellach/zkRoam/net-heterogeneity/zkroam-besu.sif ip addr add 172.28.0.16/24 dev eth0
$ nsenter -t 1225666 -n apptainer exec --cleanenv /Utilisateurs/abellach/zkRoam/net-heterogeneity/zkroam-besu.sif ip link set eth0 up
$ nsenter -t 1225666 -n apptainer exec --cleanenv /Utilisateurs/abellach/zkRoam/net-heterogeneity/zkroam-besu.sif ip route add default via 172.28.0.1
$ apptainer exec --cleanenv /Utilisateurs/abellach/zkRoam/net-heterogeneity/zkroam-besu.sif ip link delete zkh07
$ apptainer exec --cleanenv /Utilisateurs/abellach/zkRoam/net-heterogeneity/zkroam-besu.sif ip link add zkh07 type veth peer name eth0
$ apptainer exec --cleanenv /Utilisateurs/abellach/zkRoam/net-heterogeneity/zkroam-besu.sif ip link set zkh07 master zkroam0
$ apptainer exec --cleanenv /Utilisateurs/abellach/zkRoam/net-heterogeneity/zkroam-besu.sif ip link set zkh07 up
$ apptainer exec --cleanenv /Utilisateurs/abellach/zkRoam/net-heterogeneity/zkroam-besu.sif ip link set eth0 netns 1226490
$ nsenter -t 1226490 -n apptainer exec --cleanenv /Utilisateurs/abellach/zkRoam/net-heterogeneity/zkroam-besu.sif ip link set lo up
$ nsenter -t 1226490 -n apptainer exec --cleanenv /Utilisateurs/abellach/zkRoam/net-heterogeneity/zkroam-besu.sif ip addr add 172.28.0.17/24 dev eth0
$ nsenter -t 1226490 -n apptainer exec --cleanenv /Utilisateurs/abellach/zkRoam/net-heterogeneity/zkroam-besu.sif ip link set eth0 up
$ nsenter -t 1226490 -n apptainer exec --cleanenv /Utilisateurs/abellach/zkRoam/net-heterogeneity/zkroam-besu.sif ip route add default via 172.28.0.1
$ apptainer exec --cleanenv /Utilisateurs/abellach/zkRoam/net-heterogeneity/zkroam-besu.sif ip link delete zkh08
$ apptainer exec --cleanenv /Utilisateurs/abellach/zkRoam/net-heterogeneity/zkroam-besu.sif ip link add zkh08 type veth peer name eth0
$ apptainer exec --cleanenv /Utilisateurs/abellach/zkRoam/net-heterogeneity/zkroam-besu.sif ip link set zkh08 master zkroam0
$ apptainer exec --cleanenv /Utilisateurs/abellach/zkRoam/net-heterogeneity/zkroam-besu.sif ip link set zkh08 up
$ apptainer exec --cleanenv /Utilisateurs/abellach/zkRoam/net-heterogeneity/zkroam-besu.sif ip link set eth0 netns 1227270
$ nsenter -t 1227270 -n apptainer exec --cleanenv /Utilisateurs/abellach/zkRoam/net-heterogeneity/zkroam-besu.sif ip link set lo up
$ nsenter -t 1227270 -n apptainer exec --cleanenv /Utilisateurs/abellach/zkRoam/net-heterogeneity/zkroam-besu.sif ip addr add 172.28.0.18/24 dev eth0
$ nsenter -t 1227270 -n apptainer exec --cleanenv /Utilisateurs/abellach/zkRoam/net-heterogeneity/zkroam-besu.sif ip link set eth0 up
$ nsenter -t 1227270 -n apptainer exec --cleanenv /Utilisateurs/abellach/zkRoam/net-heterogeneity/zkroam-besu.sif ip route add default via 172.28.0.1
$ apptainer exec --cleanenv /Utilisateurs/abellach/zkRoam/net-heterogeneity/zkroam-besu.sif ip link delete zkh09
$ apptainer exec --cleanenv /Utilisateurs/abellach/zkRoam/net-heterogeneity/zkroam-besu.sif ip link add zkh09 type veth peer name eth0
$ apptainer exec --cleanenv /Utilisateurs/abellach/zkRoam/net-heterogeneity/zkroam-besu.sif ip link set zkh09 master zkroam0
$ apptainer exec --cleanenv /Utilisateurs/abellach/zkRoam/net-heterogeneity/zkroam-besu.sif ip link set zkh09 up
$ apptainer exec --cleanenv /Utilisateurs/abellach/zkRoam/net-heterogeneity/zkroam-besu.sif ip link set eth0 netns 1228053
$ nsenter -t 1228053 -n apptainer exec --cleanenv /Utilisateurs/abellach/zkRoam/net-heterogeneity/zkroam-besu.sif ip link set lo up
$ nsenter -t 1228053 -n apptainer exec --cleanenv /Utilisateurs/abellach/zkRoam/net-heterogeneity/zkroam-besu.sif ip addr add 172.28.0.19/24 dev eth0
$ nsenter -t 1228053 -n apptainer exec --cleanenv /Utilisateurs/abellach/zkRoam/net-heterogeneity/zkroam-besu.sif ip link set eth0 up
$ nsenter -t 1228053 -n apptainer exec --cleanenv /Utilisateurs/abellach/zkRoam/net-heterogeneity/zkroam-besu.sif ip route add default via 172.28.0.1
$ apptainer exec --cleanenv /Utilisateurs/abellach/zkRoam/net-heterogeneity/zkroam-besu.sif ip link delete zkh10
$ apptainer exec --cleanenv /Utilisateurs/abellach/zkRoam/net-heterogeneity/zkroam-besu.sif ip link add zkh10 type veth peer name eth0
$ apptainer exec --cleanenv /Utilisateurs/abellach/zkRoam/net-heterogeneity/zkroam-besu.sif ip link set zkh10 master zkroam0
$ apptainer exec --cleanenv /Utilisateurs/abellach/zkRoam/net-heterogeneity/zkroam-besu.sif ip link set zkh10 up
$ apptainer exec --cleanenv /Utilisateurs/abellach/zkRoam/net-heterogeneity/zkroam-besu.sif ip link set eth0 netns 1228846
$ nsenter -t 1228846 -n apptainer exec --cleanenv /Utilisateurs/abellach/zkRoam/net-heterogeneity/zkroam-besu.sif ip link set lo up
$ nsenter -t 1228846 -n apptainer exec --cleanenv /Utilisateurs/abellach/zkRoam/net-heterogeneity/zkroam-besu.sif ip addr add 172.28.0.20/24 dev eth0
$ nsenter -t 1228846 -n apptainer exec --cleanenv /Utilisateurs/abellach/zkRoam/net-heterogeneity/zkroam-besu.sif ip link set eth0 up
$ nsenter -t 1228846 -n apptainer exec --cleanenv /Utilisateurs/abellach/zkRoam/net-heterogeneity/zkroam-besu.sif ip route add default via 172.28.0.1
$ apptainer exec --cleanenv /Utilisateurs/abellach/zkRoam/net-heterogeneity/zkroam-besu.sif ip link delete zkh11
$ apptainer exec --cleanenv /Utilisateurs/abellach/zkRoam/net-heterogeneity/zkroam-besu.sif ip link add zkh11 type veth peer name eth0
$ apptainer exec --cleanenv /Utilisateurs/abellach/zkRoam/net-heterogeneity/zkroam-besu.sif ip link set zkh11 master zkroam0
$ apptainer exec --cleanenv /Utilisateurs/abellach/zkRoam/net-heterogeneity/zkroam-besu.sif ip link set zkh11 up
$ apptainer exec --cleanenv /Utilisateurs/abellach/zkRoam/net-heterogeneity/zkroam-besu.sif ip link set eth0 netns 1229632
$ nsenter -t 1229632 -n apptainer exec --cleanenv /Utilisateurs/abellach/zkRoam/net-heterogeneity/zkroam-besu.sif ip link set lo up
$ nsenter -t 1229632 -n apptainer exec --cleanenv /Utilisateurs/abellach/zkRoam/net-heterogeneity/zkroam-besu.sif ip addr add 172.28.0.21/24 dev eth0
$ nsenter -t 1229632 -n apptainer exec --cleanenv /Utilisateurs/abellach/zkRoam/net-heterogeneity/zkroam-besu.sif ip link set eth0 up
$ nsenter -t 1229632 -n apptainer exec --cleanenv /Utilisateurs/abellach/zkRoam/net-heterogeneity/zkroam-besu.sif ip route add default via 172.28.0.1
$ apptainer exec --cleanenv /Utilisateurs/abellach/zkRoam/net-heterogeneity/zkroam-besu.sif ip link delete zkh12
$ apptainer exec --cleanenv /Utilisateurs/abellach/zkRoam/net-heterogeneity/zkroam-besu.sif ip link add zkh12 type veth peer name eth0
$ apptainer exec --cleanenv /Utilisateurs/abellach/zkRoam/net-heterogeneity/zkroam-besu.sif ip link set zkh12 master zkroam0
$ apptainer exec --cleanenv /Utilisateurs/abellach/zkRoam/net-heterogeneity/zkroam-besu.sif ip link set zkh12 up
$ apptainer exec --cleanenv /Utilisateurs/abellach/zkRoam/net-heterogeneity/zkroam-besu.sif ip link set eth0 netns 1230406
$ nsenter -t 1230406 -n apptainer exec --cleanenv /Utilisateurs/abellach/zkRoam/net-heterogeneity/zkroam-besu.sif ip link set lo up
$ nsenter -t 1230406 -n apptainer exec --cleanenv /Utilisateurs/abellach/zkRoam/net-heterogeneity/zkroam-besu.sif ip addr add 172.28.0.22/24 dev eth0
$ nsenter -t 1230406 -n apptainer exec --cleanenv /Utilisateurs/abellach/zkRoam/net-heterogeneity/zkroam-besu.sif ip link set eth0 up
$ nsenter -t 1230406 -n apptainer exec --cleanenv /Utilisateurs/abellach/zkRoam/net-heterogeneity/zkroam-besu.sif ip route add default via 172.28.0.1
$ apptainer exec --cleanenv /Utilisateurs/abellach/zkRoam/net-heterogeneity/zkroam-besu.sif ip link delete zkh13
$ apptainer exec --cleanenv /Utilisateurs/abellach/zkRoam/net-heterogeneity/zkroam-besu.sif ip link add zkh13 type veth peer name eth0
$ apptainer exec --cleanenv /Utilisateurs/abellach/zkRoam/net-heterogeneity/zkroam-besu.sif ip link set zkh13 master zkroam0
$ apptainer exec --cleanenv /Utilisateurs/abellach/zkRoam/net-heterogeneity/zkroam-besu.sif ip link set zkh13 up
$ apptainer exec --cleanenv /Utilisateurs/abellach/zkRoam/net-heterogeneity/zkroam-besu.sif ip link set eth0 netns 1231219
$ nsenter -t 1231219 -n apptainer exec --cleanenv /Utilisateurs/abellach/zkRoam/net-heterogeneity/zkroam-besu.sif ip link set lo up
$ nsenter -t 1231219 -n apptainer exec --cleanenv /Utilisateurs/abellach/zkRoam/net-heterogeneity/zkroam-besu.sif ip addr add 172.28.0.23/24 dev eth0
$ nsenter -t 1231219 -n apptainer exec --cleanenv /Utilisateurs/abellach/zkRoam/net-heterogeneity/zkroam-besu.sif ip link set eth0 up
$ nsenter -t 1231219 -n apptainer exec --cleanenv /Utilisateurs/abellach/zkRoam/net-heterogeneity/zkroam-besu.sif ip route add default via 172.28.0.1
$ apptainer exec --cleanenv /Utilisateurs/abellach/zkRoam/net-heterogeneity/zkroam-besu.sif ip link delete zkh14
$ apptainer exec --cleanenv /Utilisateurs/abellach/zkRoam/net-heterogeneity/zkroam-besu.sif ip link add zkh14 type veth peer name eth0
$ apptainer exec --cleanenv /Utilisateurs/abellach/zkRoam/net-heterogeneity/zkroam-besu.sif ip link set zkh14 master zkroam0
$ apptainer exec --cleanenv /Utilisateurs/abellach/zkRoam/net-heterogeneity/zkroam-besu.sif ip link set zkh14 up
$ apptainer exec --cleanenv /Utilisateurs/abellach/zkRoam/net-heterogeneity/zkroam-besu.sif ip link set eth0 netns 1231993
$ nsenter -t 1231993 -n apptainer exec --cleanenv /Utilisateurs/abellach/zkRoam/net-heterogeneity/zkroam-besu.sif ip link set lo up
$ nsenter -t 1231993 -n apptainer exec --cleanenv /Utilisateurs/abellach/zkRoam/net-heterogeneity/zkroam-besu.sif ip addr add 172.28.0.24/24 dev eth0
$ nsenter -t 1231993 -n apptainer exec --cleanenv /Utilisateurs/abellach/zkRoam/net-heterogeneity/zkroam-besu.sif ip link set eth0 up
$ nsenter -t 1231993 -n apptainer exec --cleanenv /Utilisateurs/abellach/zkRoam/net-heterogeneity/zkroam-besu.sif ip route add default via 172.28.0.1
Started 15 Apptainer-backed validators.
=== Step 4: wait for every validator RPC and peer set ===
{
  "node00": {
    "block": 2,
    "peers": 14
  },
  "node01": {
    "block": 2,
    "peers": 14
  },
  "node02": {
    "block": 2,
    "peers": 14
  },
  "node03": {
    "block": 2,
    "peers": 14
  },
  "node04": {
    "block": 2,
    "peers": 14
  },
  "node05": {
    "block": 2,
    "peers": 14
  },
  "node06": {
    "block": 2,
    "peers": 14
  },
  "node07": {
    "block": 2,
    "peers": 14
  },
  "node08": {
    "block": 2,
    "peers": 14
  },
  "node09": {
    "block": 2,
    "peers": 14
  },
  "node10": {
    "block": 2,
    "peers": 14
  },
  "node11": {
    "block": 2,
    "peers": 14
  },
  "node12": {
    "block": 2,
    "peers": 14
  },
  "node13": {
    "block": 2,
    "peers": 14
  },
  "node14": {
    "block": 2,
    "peers": 14
  }
}
All 15 nodes are ready.
Apptainer baseline network is up.

$ /Utilisateurs/abellach/zkRoam/net-heterogeneity/venv/bin/python3 workload/deploy_verifiers.py --topology networkFiles/topology.json --accounts accounts/accounts.json
Discovered RPC endpoints:
------------------------------------------
  node00     -> http://172.28.0.10:8545
  node01     -> http://172.28.0.11:8545
  node02     -> http://172.28.0.12:8545
  node03     -> http://172.28.0.13:8545
  node04     -> http://172.28.0.14:8545
  node05     -> http://172.28.0.15:8545
  node06     -> http://172.28.0.16:8545
  node07     -> http://172.28.0.17:8545
  node08     -> http://172.28.0.18:8545
  node09     -> http://172.28.0.19:8545
  node10     -> http://172.28.0.20:8545
  node11     -> http://172.28.0.21:8545
  node12     -> http://172.28.0.22:8545
  node13     -> http://172.28.0.23:8545
  node14     -> http://172.28.0.24:8545
------------------------------------------
Connecting to node00 (http://172.28.0.10:8545)...
  Connected. chain_id=1337
Connecting to node01 (http://172.28.0.11:8545)...
  Connected. chain_id=1337
Connecting to node02 (http://172.28.0.12:8545)...
  Connected. chain_id=1337
Connecting to node03 (http://172.28.0.13:8545)...
  Connected. chain_id=1337
Connecting to node04 (http://172.28.0.14:8545)...
  Connected. chain_id=1337
Connecting to node05 (http://172.28.0.15:8545)...
  Connected. chain_id=1337
Connecting to node06 (http://172.28.0.16:8545)...
  Connected. chain_id=1337
Connecting to node07 (http://172.28.0.17:8545)...
  Connected. chain_id=1337
Connecting to node08 (http://172.28.0.18:8545)...
  Connected. chain_id=1337
Connecting to node09 (http://172.28.0.19:8545)...
  Connected. chain_id=1337
Connecting to node10 (http://172.28.0.20:8545)...
  Connected. chain_id=1337
Connecting to node11 (http://172.28.0.21:8545)...
  Connected. chain_id=1337
Connecting to node12 (http://172.28.0.22:8545)...
  Connected. chain_id=1337
Connecting to node13 (http://172.28.0.23:8545)...
  Connected. chain_id=1337
Connecting to node14 (http://172.28.0.24:8545)...
  Connected. chain_id=1337

Deploying from 0x9fA07479F3dD610AfB6B5E8760A4d2F1e69Ee924 via http://172.28.0.10:8545 (chain_id=1337)

Compiling CDRVerifier.sol ...
Deploying CDRVerifier ...
  submitted deploy tx e06e7ddaeea72353a03e9c85ca64e8124776e5c00d520713b48e8498b075833f, waiting for receipt...
  deployed at 0x91f8c0fBC5d99ffA112cb4DC50A0A24551382e49  (gasUsed=465218)

Compiling SnarkPackAggregateAnchor.sol ...
Deploying SnarkPackAggregateAnchor ...
  submitted deploy tx 9842035be1e8caade8415c17c1cdf18ee477fd7490c5a33a06c87146897b1d62, waiting for receipt...
  deployed at 0x639298d6794345646eAD5bACc3218477FE82B33A  (gasUsed=1832981)

verifier-pool-size=1: only accounts[0] is authorized as a verifier - fine as-is if you're relaying via relayAggregateProof (submission load spreads across the full account pool regardless of verifier count). Only increase this if you want multiple independent verifier keys for redundancy/threshold, or if you plan to use the direct anchorAggregateProof(onlyVerifier) path at any real volume.

Wrote: deployed_contracts.json

$ /Utilisateurs/abellach/zkRoam/net-heterogeneity/venv/bin/python3 workload/zkroam_workload.py --config results/hardware-proof-scaling/l3icalcul07/baseline-8vmnos-w48-rw48-rate500/nproof-256/zkroam-baseline-8vmnos/config.yml
Discovered RPC endpoints:
------------------------------------------
  node00     -> http://172.28.0.10:8545
  node01     -> http://172.28.0.11:8545
  node02     -> http://172.28.0.12:8545
  node03     -> http://172.28.0.13:8545
  node04     -> http://172.28.0.14:8545
  node05     -> http://172.28.0.15:8545
  node06     -> http://172.28.0.16:8545
  node07     -> http://172.28.0.17:8545
  node08     -> http://172.28.0.18:8545
  node09     -> http://172.28.0.19:8545
  node10     -> http://172.28.0.20:8545
  node11     -> http://172.28.0.21:8545
  node12     -> http://172.28.0.22:8545
  node13     -> http://172.28.0.23:8545
  node14     -> http://172.28.0.24:8545
------------------------------------------
Connecting to node00 (http://172.28.0.10:8545)...
  Connected. chain_id=1337
Connecting to node01 (http://172.28.0.11:8545)...
  Connected. chain_id=1337
Connecting to node02 (http://172.28.0.12:8545)...
  Connected. chain_id=1337
Connecting to node03 (http://172.28.0.13:8545)...
  Connected. chain_id=1337
Connecting to node04 (http://172.28.0.14:8545)...
  Connected. chain_id=1337
Connecting to node05 (http://172.28.0.15:8545)...
  Connected. chain_id=1337
Connecting to node06 (http://172.28.0.16:8545)...
  Connected. chain_id=1337
Connecting to node07 (http://172.28.0.17:8545)...
  Connected. chain_id=1337
Connecting to node08 (http://172.28.0.18:8545)...
  Connected. chain_id=1337
Connecting to node09 (http://172.28.0.19:8545)...
  Connected. chain_id=1337
Connecting to node10 (http://172.28.0.20:8545)...
  Connected. chain_id=1337
Connecting to node11 (http://172.28.0.21:8545)...
  Connected. chain_id=1337
Connecting to node12 (http://172.28.0.22:8545)...
  Connected. chain_id=1337
Connecting to node13 (http://172.28.0.23:8545)...
  Connected. chain_id=1337
Connecting to node14 (http://172.28.0.24:8545)...
  Connected. chain_id=1337

Reading pending nonce for 2000 accounts (parallel)...


Using real proof from fixtures/proof.json / fixtures/public.json
individual leg -> real verifyProof() calls on 0x91f8c0fBC5d99ffA112cb4DC50A0A24551382e49
aggregate leg  -> real anchorAggregateProof() calls on 0x639298d6794345646eAD5bACc3218477FE82B33A

workload.num_vmnos = 8 (total VMNO settlements submitted per sweep point; nproofs below is per-VMNO batch size, not workload size)

============================================================
nproofs/vmno=256  num_vmnos=8  run=1  (off-chain source: reference_fallback)
============================================================

>>> on-chain leg: individual_n256_vmnos8_r1 (2048 tx total, 420B calldata, gas/tx=278265, to=0x91f8c0fBC5d99ffA112cb4DC50A0A24551382e49)

Starting transaction producer...
Target submission rate : 500.00 tx/s
Submission workers      : 48


Producer finished.
------------------------------------------
Submitted : 2048/2048
Failed    : 0/2048
Duration  : 5.980s
Rate      : 342.48 tx/s
------------------------------------------

Starting receipt polling...
------------------------------------------
Transactions to confirm : 2048
Receipt workers         : 48
Receipt timeout         : 120.0s
------------------------------------------

Confirmed: 276/2048 | Reverted: 0 | Pending: 1772
Confirmed: 679/2048 | Reverted: 0 | Pending: 1369
Confirmed: 1009/2048 | Reverted: 0 | Pending: 1039
Confirmed: 1240/2048 | Reverted: 0 | Pending: 808
Confirmed: 1454/2048 | Reverted: 0 | Pending: 594
Confirmed: 1615/2048 | Reverted: 0 | Pending: 433
Confirmed: 1725/2048 | Reverted: 0 | Pending: 323
Confirmed: 1845/2048 | Reverted: 0 | Pending: 203
Confirmed: 1938/2048 | Reverted: 0 | Pending: 110
Confirmed: 1983/2048 | Reverted: 0 | Pending: 65
Confirmed: 2025/2048 | Reverted: 0 | Pending: 23
Confirmed: 2036/2048 | Reverted: 0 | Pending: 12
Confirmed: 2048/2048 | Reverted: 0 | Pending: 0

Receipt polling finished.
------------------------------------------
Confirmed : 2048
Reverted  : 0
Timeout   : 0
Duration  : 29.960s
------------------------------------------

>>> on-chain leg: aggregate_n256_vmnos8_r1 (8 tx total, 420B/tx x 8 distinct payloads, gas/tx=176674, to=0x639298d6794345646eAD5bACc3218477FE82B33A)

Starting transaction producer...
Target submission rate : 500.00 tx/s
Submission workers      : 48


Producer finished.
------------------------------------------
Submitted : 8/8
Failed    : 0/8
Duration  : 0.029s
Rate      : 271.37 tx/s
------------------------------------------

Starting receipt polling...
------------------------------------------
Transactions to confirm : 8
Receipt workers         : 48
Receipt timeout         : 120.0s
------------------------------------------

Confirmed: 0/8 | Reverted: 0 | Pending: 8
Confirmed: 0/8 | Reverted: 0 | Pending: 8
Confirmed: 0/8 | Reverted: 0 | Pending: 8
Confirmed: 0/8 | Reverted: 0 | Pending: 8
Confirmed: 0/8 | Reverted: 0 | Pending: 8
Confirmed: 0/8 | Reverted: 0 | Pending: 8
Confirmed: 0/8 | Reverted: 0 | Pending: 8
Confirmed: 0/8 | Reverted: 0 | Pending: 8
Confirmed: 0/8 | Reverted: 0 | Pending: 8
Confirmed: 0/8 | Reverted: 0 | Pending: 8
Confirmed: 0/8 | Reverted: 0 | Pending: 8
Confirmed: 0/8 | Reverted: 0 | Pending: 8
Confirmed: 0/8 | Reverted: 0 | Pending: 8
Confirmed: 0/8 | Reverted: 0 | Pending: 8
Confirmed: 0/8 | Reverted: 0 | Pending: 8
Confirmed: 0/8 | Reverted: 0 | Pending: 8
Confirmed: 0/8 | Reverted: 0 | Pending: 8
Confirmed: 0/8 | Reverted: 0 | Pending: 8
Confirmed: 0/8 | Reverted: 0 | Pending: 8
Confirmed: 0/8 | Reverted: 0 | Pending: 8
Confirmed: 0/8 | Reverted: 0 | Pending: 8
Confirmed: 0/8 | Reverted: 0 | Pending: 8
Confirmed: 0/8 | Reverted: 0 | Pending: 8
Confirmed: 0/8 | Reverted: 0 | Pending: 8
Confirmed: 1/8 | Reverted: 0 | Pending: 7
Confirmed: 1/8 | Reverted: 0 | Pending: 7
Confirmed: 1/8 | Reverted: 0 | Pending: 7
Confirmed: 1/8 | Reverted: 0 | Pending: 7
Confirmed: 1/8 | Reverted: 0 | Pending: 7
Confirmed: 1/8 | Reverted: 0 | Pending: 7
Confirmed: 2/8 | Reverted: 0 | Pending: 6
Confirmed: 2/8 | Reverted: 0 | Pending: 6
Confirmed: 2/8 | Reverted: 0 | Pending: 6
Confirmed: 2/8 | Reverted: 0 | Pending: 6
Confirmed: 2/8 | Reverted: 0 | Pending: 6
Confirmed: 2/8 | Reverted: 0 | Pending: 6
Confirmed: 3/8 | Reverted: 0 | Pending: 5
Confirmed: 3/8 | Reverted: 0 | Pending: 5
Confirmed: 3/8 | Reverted: 0 | Pending: 5
Confirmed: 3/8 | Reverted: 0 | Pending: 5
Confirmed: 3/8 | Reverted: 0 | Pending: 5
Confirmed: 3/8 | Reverted: 0 | Pending: 5
Confirmed: 3/8 | Reverted: 0 | Pending: 5
Confirmed: 4/8 | Reverted: 0 | Pending: 4
Confirmed: 4/8 | Reverted: 0 | Pending: 4
Confirmed: 4/8 | Reverted: 0 | Pending: 4
Confirmed: 4/8 | Reverted: 0 | Pending: 4
Confirmed: 4/8 | Reverted: 0 | Pending: 4
Confirmed: 4/8 | Reverted: 0 | Pending: 4
Confirmed: 4/8 | Reverted: 0 | Pending: 4
Confirmed: 5/8 | Reverted: 0 | Pending: 3
Confirmed: 5/8 | Reverted: 0 | Pending: 3
Confirmed: 5/8 | Reverted: 0 | Pending: 3
Confirmed: 5/8 | Reverted: 0 | Pending: 3
Confirmed: 5/8 | Reverted: 0 | Pending: 3
Confirmed: 5/8 | Reverted: 0 | Pending: 3
Confirmed: 5/8 | Reverted: 0 | Pending: 3
Confirmed: 6/8 | Reverted: 0 | Pending: 2
Confirmed: 6/8 | Reverted: 0 | Pending: 2
Confirmed: 6/8 | Reverted: 0 | Pending: 2
Confirmed: 6/8 | Reverted: 0 | Pending: 2
Confirmed: 6/8 | Reverted: 0 | Pending: 2
Confirmed: 6/8 | Reverted: 0 | Pending: 2
Confirmed: 6/8 | Reverted: 0 | Pending: 2
Confirmed: 7/8 | Reverted: 0 | Pending: 1
Confirmed: 7/8 | Reverted: 0 | Pending: 1
Confirmed: 7/8 | Reverted: 0 | Pending: 1
Confirmed: 7/8 | Reverted: 0 | Pending: 1
Confirmed: 7/8 | Reverted: 0 | Pending: 1
Confirmed: 7/8 | Reverted: 0 | Pending: 1
Confirmed: 7/8 | Reverted: 0 | Pending: 1
Confirmed: 8/8 | Reverted: 0 | Pending: 0

Receipt polling finished.
------------------------------------------
Confirmed : 8
Reverted  : 0
Timeout   : 0
Duration  : 21.707s
------------------------------------------

============================================================
nproofs/vmno=256  num_vmnos=8  run=2  (off-chain source: reference_fallback)
============================================================

>>> on-chain leg: individual_n256_vmnos8_r2 (2048 tx total, 420B calldata, gas/tx=278265, to=0x91f8c0fBC5d99ffA112cb4DC50A0A24551382e49)

Starting transaction producer...
Target submission rate : 500.00 tx/s
Submission workers      : 48


Producer finished.
------------------------------------------
Submitted : 2048/2048
Failed    : 0/2048
Duration  : 7.723s
Rate      : 265.19 tx/s
------------------------------------------

Starting receipt polling...
------------------------------------------
Transactions to confirm : 2048
Receipt workers         : 48
Receipt timeout         : 120.0s
------------------------------------------

Confirmed: 336/2048 | Reverted: 0 | Pending: 1712
Confirmed: 740/2048 | Reverted: 0 | Pending: 1308
Confirmed: 1056/2048 | Reverted: 0 | Pending: 992
Confirmed: 1319/2048 | Reverted: 0 | Pending: 729
Confirmed: 1497/2048 | Reverted: 0 | Pending: 551
Confirmed: 1643/2048 | Reverted: 0 | Pending: 405
Confirmed: 1751/2048 | Reverted: 0 | Pending: 297
Confirmed: 1869/2048 | Reverted: 0 | Pending: 179
Confirmed: 1945/2048 | Reverted: 0 | Pending: 103
Confirmed: 1965/2048 | Reverted: 0 | Pending: 83
Confirmed: 2014/2048 | Reverted: 0 | Pending: 34
Confirmed: 2014/2048 | Reverted: 0 | Pending: 34
Confirmed: 2048/2048 | Reverted: 0 | Pending: 0

Receipt polling finished.
------------------------------------------
Confirmed : 2048
Reverted  : 0
Timeout   : 0
Duration  : 29.403s
------------------------------------------

>>> on-chain leg: aggregate_n256_vmnos8_r2 (8 tx total, 420B/tx x 8 distinct payloads, gas/tx=176674, to=0x639298d6794345646eAD5bACc3218477FE82B33A)

Starting transaction producer...
Target submission rate : 500.00 tx/s
Submission workers      : 48


Producer finished.
------------------------------------------
Submitted : 8/8
Failed    : 0/8
Duration  : 0.063s
Rate      : 126.77 tx/s
------------------------------------------

Starting receipt polling...
------------------------------------------
Transactions to confirm : 8
Receipt workers         : 48
Receipt timeout         : 120.0s
------------------------------------------

Confirmed: 0/8 | Reverted: 0 | Pending: 8
Confirmed: 0/8 | Reverted: 0 | Pending: 8
Confirmed: 0/8 | Reverted: 0 | Pending: 8
Confirmed: 0/8 | Reverted: 0 | Pending: 8
Confirmed: 0/8 | Reverted: 0 | Pending: 8
Confirmed: 1/8 | Reverted: 0 | Pending: 7
Confirmed: 1/8 | Reverted: 0 | Pending: 7
Confirmed: 1/8 | Reverted: 0 | Pending: 7
Confirmed: 1/8 | Reverted: 0 | Pending: 7
Confirmed: 1/8 | Reverted: 0 | Pending: 7
Confirmed: 1/8 | Reverted: 0 | Pending: 7
Confirmed: 2/8 | Reverted: 0 | Pending: 6
Confirmed: 2/8 | Reverted: 0 | Pending: 6
Confirmed: 2/8 | Reverted: 0 | Pending: 6
Confirmed: 2/8 | Reverted: 0 | Pending: 6
Confirmed: 2/8 | Reverted: 0 | Pending: 6
Confirmed: 2/8 | Reverted: 0 | Pending: 6
Confirmed: 3/8 | Reverted: 0 | Pending: 5
Confirmed: 3/8 | Reverted: 0 | Pending: 5
Confirmed: 3/8 | Reverted: 0 | Pending: 5
Confirmed: 3/8 | Reverted: 0 | Pending: 5
Confirmed: 3/8 | Reverted: 0 | Pending: 5
Confirmed: 3/8 | Reverted: 0 | Pending: 5
Confirmed: 3/8 | Reverted: 0 | Pending: 5
Confirmed: 4/8 | Reverted: 0 | Pending: 4
Confirmed: 4/8 | Reverted: 0 | Pending: 4
Confirmed: 4/8 | Reverted: 0 | Pending: 4
Confirmed: 4/8 | Reverted: 0 | Pending: 4
Confirmed: 4/8 | Reverted: 0 | Pending: 4
Confirmed: 4/8 | Reverted: 0 | Pending: 4
Confirmed: 4/8 | Reverted: 0 | Pending: 4
Confirmed: 4/8 | Reverted: 0 | Pending: 4
Confirmed: 4/8 | Reverted: 0 | Pending: 4
Confirmed: 4/8 | Reverted: 0 | Pending: 4
Confirmed: 4/8 | Reverted: 0 | Pending: 4
Confirmed: 4/8 | Reverted: 0 | Pending: 4
Confirmed: 4/8 | Reverted: 0 | Pending: 4
Confirmed: 4/8 | Reverted: 0 | Pending: 4
Confirmed: 4/8 | Reverted: 0 | Pending: 4
Confirmed: 4/8 | Reverted: 0 | Pending: 4
Confirmed: 4/8 | Reverted: 0 | Pending: 4
Confirmed: 4/8 | Reverted: 0 | Pending: 4
Confirmed: 4/8 | Reverted: 0 | Pending: 4
Confirmed: 4/8 | Reverted: 0 | Pending: 4
Confirmed: 4/8 | Reverted: 0 | Pending: 4
Confirmed: 4/8 | Reverted: 0 | Pending: 4
Confirmed: 4/8 | Reverted: 0 | Pending: 4
Confirmed: 4/8 | Reverted: 0 | Pending: 4
Confirmed: 4/8 | Reverted: 0 | Pending: 4
Confirmed: 4/8 | Reverted: 0 | Pending: 4
Confirmed: 4/8 | Reverted: 0 | Pending: 4
Confirmed: 4/8 | Reverted: 0 | Pending: 4
Confirmed: 4/8 | Reverted: 0 | Pending: 4
Confirmed: 4/8 | Reverted: 0 | Pending: 4
Confirmed: 4/8 | Reverted: 0 | Pending: 4
Confirmed: 4/8 | Reverted: 0 | Pending: 4
Confirmed: 4/8 | Reverted: 0 | Pending: 4
Confirmed: 4/8 | Reverted: 0 | Pending: 4
Confirmed: 4/8 | Reverted: 0 | Pending: 4
Confirmed: 4/8 | Reverted: 0 | Pending: 4
Confirmed: 4/8 | Reverted: 0 | Pending: 4
Confirmed: 4/8 | Reverted: 0 | Pending: 4
Confirmed: 4/8 | Reverted: 0 | Pending: 4
Confirmed: 4/8 | Reverted: 0 | Pending: 4
Confirmed: 4/8 | Reverted: 0 | Pending: 4
Confirmed: 4/8 | Reverted: 0 | Pending: 4
Confirmed: 4/8 | Reverted: 0 | Pending: 4
Confirmed: 4/8 | Reverted: 0 | Pending: 4
Confirmed: 4/8 | Reverted: 0 | Pending: 4
Confirmed: 4/8 | Reverted: 0 | Pending: 4
Confirmed: 4/8 | Reverted: 0 | Pending: 4
Confirmed: 4/8 | Reverted: 0 | Pending: 4
Confirmed: 4/8 | Reverted: 0 | Pending: 4
Confirmed: 4/8 | Reverted: 0 | Pending: 4
Confirmed: 4/8 | Reverted: 0 | Pending: 4
Confirmed: 4/8 | Reverted: 0 | Pending: 4
Confirmed: 4/8 | Reverted: 0 | Pending: 4
Confirmed: 4/8 | Reverted: 0 | Pending: 4
Confirmed: 4/8 | Reverted: 0 | Pending: 4
Confirmed: 5/8 | Reverted: 0 | Pending: 3
Confirmed: 5/8 | Reverted: 0 | Pending: 3
Confirmed: 5/8 | Reverted: 0 | Pending: 3
Confirmed: 5/8 | Reverted: 0 | Pending: 3
Confirmed: 5/8 | Reverted: 0 | Pending: 3
Confirmed: 5/8 | Reverted: 0 | Pending: 3
Confirmed: 5/8 | Reverted: 0 | Pending: 3
Confirmed: 6/8 | Reverted: 0 | Pending: 2
Confirmed: 6/8 | Reverted: 0 | Pending: 2
Confirmed: 6/8 | Reverted: 0 | Pending: 2
Confirmed: 6/8 | Reverted: 0 | Pending: 2
Confirmed: 6/8 | Reverted: 0 | Pending: 2
Confirmed: 6/8 | Reverted: 0 | Pending: 2
Confirmed: 6/8 | Reverted: 0 | Pending: 2
Confirmed: 7/8 | Reverted: 0 | Pending: 1
Confirmed: 7/8 | Reverted: 0 | Pending: 1
Confirmed: 7/8 | Reverted: 0 | Pending: 1
Confirmed: 7/8 | Reverted: 0 | Pending: 1
Confirmed: 7/8 | Reverted: 0 | Pending: 1
Confirmed: 7/8 | Reverted: 0 | Pending: 1
Confirmed: 7/8 | Reverted: 0 | Pending: 1
Confirmed: 7/8 | Reverted: 0 | Pending: 1
Confirmed: 8/8 | Reverted: 0 | Pending: 0

Receipt polling finished.
------------------------------------------
Confirmed : 8
Reverted  : 0
Timeout   : 0
Duration  : 29.741s
------------------------------------------

============================================================
nproofs/vmno=256  num_vmnos=8  run=3  (off-chain source: reference_fallback)
============================================================

>>> on-chain leg: individual_n256_vmnos8_r3 (2048 tx total, 420B calldata, gas/tx=278265, to=0x91f8c0fBC5d99ffA112cb4DC50A0A24551382e49)

Starting transaction producer...
Target submission rate : 500.00 tx/s
Submission workers      : 48


Producer finished.
------------------------------------------
Submitted : 2048/2048
Failed    : 0/2048
Duration  : 8.458s
Rate      : 242.15 tx/s
------------------------------------------

Starting receipt polling...
------------------------------------------
Transactions to confirm : 2048
Receipt workers         : 48
Receipt timeout         : 120.0s
------------------------------------------

Confirmed: 341/2048 | Reverted: 0 | Pending: 1707
Confirmed: 776/2048 | Reverted: 0 | Pending: 1272
Confirmed: 1125/2048 | Reverted: 0 | Pending: 923
Confirmed: 1353/2048 | Reverted: 0 | Pending: 695
Confirmed: 1541/2048 | Reverted: 0 | Pending: 507
Confirmed: 1677/2048 | Reverted: 0 | Pending: 371
Confirmed: 1809/2048 | Reverted: 0 | Pending: 239
Confirmed: 1858/2048 | Reverted: 0 | Pending: 190
Confirmed: 1917/2048 | Reverted: 0 | Pending: 131
Confirmed: 2002/2048 | Reverted: 0 | Pending: 46
Confirmed: 2002/2048 | Reverted: 0 | Pending: 46
Confirmed: 2046/2048 | Reverted: 0 | Pending: 2
Confirmed: 2046/2048 | Reverted: 0 | Pending: 2
Confirmed: 2046/2048 | Reverted: 0 | Pending: 2
Confirmed: 2048/2048 | Reverted: 0 | Pending: 0

Receipt polling finished.
------------------------------------------
Confirmed : 2048
Reverted  : 0
Timeout   : 0
Duration  : 30.062s
------------------------------------------

>>> on-chain leg: aggregate_n256_vmnos8_r3 (8 tx total, 420B/tx x 8 distinct payloads, gas/tx=176660, to=0x639298d6794345646eAD5bACc3218477FE82B33A)

Starting transaction producer...
Target submission rate : 500.00 tx/s
Submission workers      : 48


Producer finished.
------------------------------------------
Submitted : 8/8
Failed    : 0/8
Duration  : 0.049s
Rate      : 161.80 tx/s
------------------------------------------

Starting receipt polling...
------------------------------------------
Transactions to confirm : 8
Receipt workers         : 48
Receipt timeout         : 120.0s
------------------------------------------

Confirmed: 0/8 | Reverted: 0 | Pending: 8
Confirmed: 0/8 | Reverted: 0 | Pending: 8
Confirmed: 0/8 | Reverted: 0 | Pending: 8
Confirmed: 0/8 | Reverted: 0 | Pending: 8
Confirmed: 0/8 | Reverted: 0 | Pending: 8
Confirmed: 0/8 | Reverted: 0 | Pending: 8
Confirmed: 1/8 | Reverted: 0 | Pending: 7
Confirmed: 1/8 | Reverted: 0 | Pending: 7
Confirmed: 1/8 | Reverted: 0 | Pending: 7
Confirmed: 1/8 | Reverted: 0 | Pending: 7
Confirmed: 1/8 | Reverted: 0 | Pending: 7
Confirmed: 1/8 | Reverted: 0 | Pending: 7
Confirmed: 1/8 | Reverted: 0 | Pending: 7
Confirmed: 2/8 | Reverted: 0 | Pending: 6
Confirmed: 2/8 | Reverted: 0 | Pending: 6
Confirmed: 2/8 | Reverted: 0 | Pending: 6
Confirmed: 2/8 | Reverted: 0 | Pending: 6
Confirmed: 2/8 | Reverted: 0 | Pending: 6
Confirmed: 2/8 | Reverted: 0 | Pending: 6
Confirmed: 3/8 | Reverted: 0 | Pending: 5
Confirmed: 3/8 | Reverted: 0 | Pending: 5
Confirmed: 3/8 | Reverted: 0 | Pending: 5
Confirmed: 3/8 | Reverted: 0 | Pending: 5
Confirmed: 3/8 | Reverted: 0 | Pending: 5
Confirmed: 3/8 | Reverted: 0 | Pending: 5
Confirmed: 4/8 | Reverted: 0 | Pending: 4
Confirmed: 4/8 | Reverted: 0 | Pending: 4
Confirmed: 4/8 | Reverted: 0 | Pending: 4
Confirmed: 4/8 | Reverted: 0 | Pending: 4
Confirmed: 4/8 | Reverted: 0 | Pending: 4
Confirmed: 4/8 | Reverted: 0 | Pending: 4
Confirmed: 4/8 | Reverted: 0 | Pending: 4
Confirmed: 5/8 | Reverted: 0 | Pending: 3
Confirmed: 5/8 | Reverted: 0 | Pending: 3
Confirmed: 5/8 | Reverted: 0 | Pending: 3
Confirmed: 5/8 | Reverted: 0 | Pending: 3
Confirmed: 5/8 | Reverted: 0 | Pending: 3
Confirmed: 5/8 | Reverted: 0 | Pending: 3
Confirmed: 5/8 | Reverted: 0 | Pending: 3
Confirmed: 6/8 | Reverted: 0 | Pending: 2
Confirmed: 6/8 | Reverted: 0 | Pending: 2
Confirmed: 6/8 | Reverted: 0 | Pending: 2
Confirmed: 6/8 | Reverted: 0 | Pending: 2
Confirmed: 6/8 | Reverted: 0 | Pending: 2
Confirmed: 6/8 | Reverted: 0 | Pending: 2
Confirmed: 6/8 | Reverted: 0 | Pending: 2
Confirmed: 6/8 | Reverted: 0 | Pending: 2
Confirmed: 7/8 | Reverted: 0 | Pending: 1
Confirmed: 7/8 | Reverted: 0 | Pending: 1
Confirmed: 7/8 | Reverted: 0 | Pending: 1
Confirmed: 7/8 | Reverted: 0 | Pending: 1
Confirmed: 7/8 | Reverted: 0 | Pending: 1
Confirmed: 7/8 | Reverted: 0 | Pending: 1
Confirmed: 7/8 | Reverted: 0 | Pending: 1
Confirmed: 7/8 | Reverted: 0 | Pending: 1
Confirmed: 7/8 | Reverted: 0 | Pending: 1
Confirmed: 7/8 | Reverted: 0 | Pending: 1
Confirmed: 7/8 | Reverted: 0 | Pending: 1
Confirmed: 7/8 | Reverted: 0 | Pending: 1
Confirmed: 7/8 | Reverted: 0 | Pending: 1
Confirmed: 7/8 | Reverted: 0 | Pending: 1
Confirmed: 7/8 | Reverted: 0 | Pending: 1
Confirmed: 7/8 | Reverted: 0 | Pending: 1
Confirmed: 7/8 | Reverted: 0 | Pending: 1
Confirmed: 7/8 | Reverted: 0 | Pending: 1
Confirmed: 7/8 | Reverted: 0 | Pending: 1
Confirmed: 7/8 | Reverted: 0 | Pending: 1
Confirmed: 7/8 | Reverted: 0 | Pending: 1
Confirmed: 7/8 | Reverted: 0 | Pending: 1
Confirmed: 7/8 | Reverted: 0 | Pending: 1
Confirmed: 7/8 | Reverted: 0 | Pending: 1
Confirmed: 7/8 | Reverted: 0 | Pending: 1
Confirmed: 7/8 | Reverted: 0 | Pending: 1
Confirmed: 7/8 | Reverted: 0 | Pending: 1
Confirmed: 7/8 | Reverted: 0 | Pending: 1
Confirmed: 7/8 | Reverted: 0 | Pending: 1
Confirmed: 7/8 | Reverted: 0 | Pending: 1
Confirmed: 7/8 | Reverted: 0 | Pending: 1
Confirmed: 7/8 | Reverted: 0 | Pending: 1
Confirmed: 7/8 | Reverted: 0 | Pending: 1
Confirmed: 7/8 | Reverted: 0 | Pending: 1
Confirmed: 7/8 | Reverted: 0 | Pending: 1
Confirmed: 7/8 | Reverted: 0 | Pending: 1
Confirmed: 7/8 | Reverted: 0 | Pending: 1
Confirmed: 7/8 | Reverted: 0 | Pending: 1
Confirmed: 7/8 | Reverted: 0 | Pending: 1
Confirmed: 7/8 | Reverted: 0 | Pending: 1
Confirmed: 7/8 | Reverted: 0 | Pending: 1
Confirmed: 7/8 | Reverted: 0 | Pending: 1
Confirmed: 7/8 | Reverted: 0 | Pending: 1
Confirmed: 7/8 | Reverted: 0 | Pending: 1
Confirmed: 7/8 | Reverted: 0 | Pending: 1
Confirmed: 7/8 | Reverted: 0 | Pending: 1
Confirmed: 7/8 | Reverted: 0 | Pending: 1
Confirmed: 7/8 | Reverted: 0 | Pending: 1
Confirmed: 7/8 | Reverted: 0 | Pending: 1
Confirmed: 7/8 | Reverted: 0 | Pending: 1
Confirmed: 7/8 | Reverted: 0 | Pending: 1
Confirmed: 7/8 | Reverted: 0 | Pending: 1
Confirmed: 7/8 | Reverted: 0 | Pending: 1
Confirmed: 7/8 | Reverted: 0 | Pending: 1
Confirmed: 7/8 | Reverted: 0 | Pending: 1
Confirmed: 7/8 | Reverted: 0 | Pending: 1
Confirmed: 7/8 | Reverted: 0 | Pending: 1
Confirmed: 7/8 | Reverted: 0 | Pending: 1
Confirmed: 7/8 | Reverted: 0 | Pending: 1
Confirmed: 7/8 | Reverted: 0 | Pending: 1
Confirmed: 8/8 | Reverted: 0 | Pending: 0

Receipt polling finished.
------------------------------------------
Confirmed : 8
Reverted  : 0
Timeout   : 0
Duration  : 29.993s
------------------------------------------

============================================================
nproofs/vmno=256  num_vmnos=8  run=4  (off-chain source: reference_fallback)
============================================================

>>> on-chain leg: individual_n256_vmnos8_r4 (2048 tx total, 420B calldata, gas/tx=278265, to=0x91f8c0fBC5d99ffA112cb4DC50A0A24551382e49)

Starting transaction producer...
Target submission rate : 500.00 tx/s
Submission workers      : 48


Producer finished.
------------------------------------------
Submitted : 2048/2048
Failed    : 0/2048
Duration  : 9.439s
Rate      : 216.98 tx/s
------------------------------------------

Starting receipt polling...
------------------------------------------
Transactions to confirm : 2048
Receipt workers         : 48
Receipt timeout         : 120.0s
------------------------------------------

Confirmed: 370/2048 | Reverted: 0 | Pending: 1678
Confirmed: 780/2048 | Reverted: 0 | Pending: 1268
Confirmed: 1117/2048 | Reverted: 0 | Pending: 931
Confirmed: 1380/2048 | Reverted: 0 | Pending: 668
Confirmed: 1534/2048 | Reverted: 0 | Pending: 514
Confirmed: 1674/2048 | Reverted: 0 | Pending: 374
Confirmed: 1813/2048 | Reverted: 0 | Pending: 235
Confirmed: 1898/2048 | Reverted: 0 | Pending: 150
Confirmed: 1945/2048 | Reverted: 0 | Pending: 103
Confirmed: 1985/2048 | Reverted: 0 | Pending: 63
Confirmed: 2012/2048 | Reverted: 0 | Pending: 36
Confirmed: 2012/2048 | Reverted: 0 | Pending: 36
Confirmed: 2048/2048 | Reverted: 0 | Pending: 0

Receipt polling finished.
------------------------------------------
Confirmed : 2048
Reverted  : 0
Timeout   : 0
Duration  : 29.426s
------------------------------------------

>>> on-chain leg: aggregate_n256_vmnos8_r4 (8 tx total, 420B/tx x 8 distinct payloads, gas/tx=176674, to=0x639298d6794345646eAD5bACc3218477FE82B33A)

Starting transaction producer...
Target submission rate : 500.00 tx/s
Submission workers      : 48


Producer finished.
------------------------------------------
Submitted : 8/8
Failed    : 0/8
Duration  : 0.067s
Rate      : 118.68 tx/s
------------------------------------------

Starting receipt polling...
------------------------------------------
Transactions to confirm : 8
Receipt workers         : 48
Receipt timeout         : 120.0s
------------------------------------------

Confirmed: 0/8 | Reverted: 0 | Pending: 8
Confirmed: 0/8 | Reverted: 0 | Pending: 8
Confirmed: 0/8 | Reverted: 0 | Pending: 8
Confirmed: 0/8 | Reverted: 0 | Pending: 8
Confirmed: 0/8 | Reverted: 0 | Pending: 8
Confirmed: 0/8 | Reverted: 0 | Pending: 8
Confirmed: 0/8 | Reverted: 0 | Pending: 8
Confirmed: 0/8 | Reverted: 0 | Pending: 8
Confirmed: 0/8 | Reverted: 0 | Pending: 8
Confirmed: 0/8 | Reverted: 0 | Pending: 8
Confirmed: 0/8 | Reverted: 0 | Pending: 8
Confirmed: 0/8 | Reverted: 0 | Pending: 8
Confirmed: 0/8 | Reverted: 0 | Pending: 8
Confirmed: 0/8 | Reverted: 0 | Pending: 8
Confirmed: 0/8 | Reverted: 0 | Pending: 8
Confirmed: 0/8 | Reverted: 0 | Pending: 8
Confirmed: 0/8 | Reverted: 0 | Pending: 8
Confirmed: 0/8 | Reverted: 0 | Pending: 8
Confirmed: 0/8 | Reverted: 0 | Pending: 8
Confirmed: 0/8 | Reverted: 0 | Pending: 8
Confirmed: 0/8 | Reverted: 0 | Pending: 8
Confirmed: 0/8 | Reverted: 0 | Pending: 8
Confirmed: 0/8 | Reverted: 0 | Pending: 8
Confirmed: 0/8 | Reverted: 0 | Pending: 8
Confirmed: 1/8 | Reverted: 0 | Pending: 7
Confirmed: 1/8 | Reverted: 0 | Pending: 7
Confirmed: 1/8 | Reverted: 0 | Pending: 7
Confirmed: 1/8 | Reverted: 0 | Pending: 7
Confirmed: 1/8 | Reverted: 0 | Pending: 7
Confirmed: 1/8 | Reverted: 0 | Pending: 7
Confirmed: 2/8 | Reverted: 0 | Pending: 6
Confirmed: 2/8 | Reverted: 0 | Pending: 6
Confirmed: 2/8 | Reverted: 0 | Pending: 6
Confirmed: 2/8 | Reverted: 0 | Pending: 6
Confirmed: 2/8 | Reverted: 0 | Pending: 6
Confirmed: 2/8 | Reverted: 0 | Pending: 6
Confirmed: 3/8 | Reverted: 0 | Pending: 5
Confirmed: 3/8 | Reverted: 0 | Pending: 5
Confirmed: 3/8 | Reverted: 0 | Pending: 5
Confirmed: 3/8 | Reverted: 0 | Pending: 5
Confirmed: 3/8 | Reverted: 0 | Pending: 5
Confirmed: 3/8 | Reverted: 0 | Pending: 5
Confirmed: 3/8 | Reverted: 0 | Pending: 5
Confirmed: 4/8 | Reverted: 0 | Pending: 4
Confirmed: 4/8 | Reverted: 0 | Pending: 4
Confirmed: 4/8 | Reverted: 0 | Pending: 4
Confirmed: 4/8 | Reverted: 0 | Pending: 4
Confirmed: 4/8 | Reverted: 0 | Pending: 4
Confirmed: 4/8 | Reverted: 0 | Pending: 4
Confirmed: 4/8 | Reverted: 0 | Pending: 4
Confirmed: 5/8 | Reverted: 0 | Pending: 3
Confirmed: 5/8 | Reverted: 0 | Pending: 3
Confirmed: 5/8 | Reverted: 0 | Pending: 3
Confirmed: 5/8 | Reverted: 0 | Pending: 3
Confirmed: 5/8 | Reverted: 0 | Pending: 3
Confirmed: 5/8 | Reverted: 0 | Pending: 3
Confirmed: 6/8 | Reverted: 0 | Pending: 2
Confirmed: 6/8 | Reverted: 0 | Pending: 2
Confirmed: 6/8 | Reverted: 0 | Pending: 2
Confirmed: 6/8 | Reverted: 0 | Pending: 2
Confirmed: 6/8 | Reverted: 0 | Pending: 2
Confirmed: 6/8 | Reverted: 0 | Pending: 2
Confirmed: 6/8 | Reverted: 0 | Pending: 2
Confirmed: 6/8 | Reverted: 0 | Pending: 2
Confirmed: 7/8 | Reverted: 0 | Pending: 1
Confirmed: 7/8 | Reverted: 0 | Pending: 1
Confirmed: 7/8 | Reverted: 0 | Pending: 1
Confirmed: 7/8 | Reverted: 0 | Pending: 1
Confirmed: 7/8 | Reverted: 0 | Pending: 1
Confirmed: 7/8 | Reverted: 0 | Pending: 1
Confirmed: 7/8 | Reverted: 0 | Pending: 1
Confirmed: 8/8 | Reverted: 0 | Pending: 0

Receipt polling finished.
------------------------------------------
Confirmed : 8
Reverted  : 0
Timeout   : 0
Duration  : 21.867s
------------------------------------------

============================================================
nproofs/vmno=256  num_vmnos=8  run=5  (off-chain source: reference_fallback)
============================================================

>>> on-chain leg: individual_n256_vmnos8_r5 (2048 tx total, 420B calldata, gas/tx=278265, to=0x91f8c0fBC5d99ffA112cb4DC50A0A24551382e49)

Starting transaction producer...
Target submission rate : 500.00 tx/s
Submission workers      : 48


Producer finished.
------------------------------------------
Submitted : 2048/2048
Failed    : 0/2048
Duration  : 9.201s
Rate      : 222.57 tx/s
------------------------------------------

Starting receipt polling...
------------------------------------------
Transactions to confirm : 2048
Receipt workers         : 48
Receipt timeout         : 120.0s
------------------------------------------

Confirmed: 438/2048 | Reverted: 0 | Pending: 1610
Confirmed: 918/2048 | Reverted: 0 | Pending: 1130
Confirmed: 1220/2048 | Reverted: 0 | Pending: 828
Confirmed: 1461/2048 | Reverted: 0 | Pending: 587
Confirmed: 1613/2048 | Reverted: 0 | Pending: 435
Confirmed: 1749/2048 | Reverted: 0 | Pending: 299
Confirmed: 1863/2048 | Reverted: 0 | Pending: 185
Confirmed: 1947/2048 | Reverted: 0 | Pending: 101
Confirmed: 1954/2048 | Reverted: 0 | Pending: 94
Confirmed: 2018/2048 | Reverted: 0 | Pending: 30
Confirmed: 2018/2048 | Reverted: 0 | Pending: 30
Confirmed: 2048/2048 | Reverted: 0 | Pending: 0

Receipt polling finished.
------------------------------------------
Confirmed : 2048
Reverted  : 0
Timeout   : 0
Duration  : 29.172s
------------------------------------------

>>> on-chain leg: aggregate_n256_vmnos8_r5 (8 tx total, 420B/tx x 8 distinct payloads, gas/tx=176669, to=0x639298d6794345646eAD5bACc3218477FE82B33A)

Starting transaction producer...
Target submission rate : 500.00 tx/s
Submission workers      : 48


Producer finished.
------------------------------------------
Submitted : 8/8
Failed    : 0/8
Duration  : 0.060s
Rate      : 132.62 tx/s
------------------------------------------

Starting receipt polling...
------------------------------------------
Transactions to confirm : 8
Receipt workers         : 48
Receipt timeout         : 120.0s
------------------------------------------

Confirmed: 0/8 | Reverted: 0 | Pending: 8
Confirmed: 0/8 | Reverted: 0 | Pending: 8
Confirmed: 0/8 | Reverted: 0 | Pending: 8
Confirmed: 0/8 | Reverted: 0 | Pending: 8
Confirmed: 1/8 | Reverted: 0 | Pending: 7
Confirmed: 1/8 | Reverted: 0 | Pending: 7
Confirmed: 1/8 | Reverted: 0 | Pending: 7
Confirmed: 1/8 | Reverted: 0 | Pending: 7
Confirmed: 1/8 | Reverted: 0 | Pending: 7
Confirmed: 1/8 | Reverted: 0 | Pending: 7
Confirmed: 2/8 | Reverted: 0 | Pending: 6
Confirmed: 2/8 | Reverted: 0 | Pending: 6
Confirmed: 2/8 | Reverted: 0 | Pending: 6
Confirmed: 2/8 | Reverted: 0 | Pending: 6
Confirmed: 2/8 | Reverted: 0 | Pending: 6
Confirmed: 2/8 | Reverted: 0 | Pending: 6
Confirmed: 2/8 | Reverted: 0 | Pending: 6
Confirmed: 2/8 | Reverted: 0 | Pending: 6
Confirmed: 2/8 | Reverted: 0 | Pending: 6
Confirmed: 2/8 | Reverted: 0 | Pending: 6
Confirmed: 2/8 | Reverted: 0 | Pending: 6
Confirmed: 2/8 | Reverted: 0 | Pending: 6
Confirmed: 2/8 | Reverted: 0 | Pending: 6
Confirmed: 2/8 | Reverted: 0 | Pending: 6
Confirmed: 2/8 | Reverted: 0 | Pending: 6
Confirmed: 2/8 | Reverted: 0 | Pending: 6
Confirmed: 2/8 | Reverted: 0 | Pending: 6
Confirmed: 2/8 | Reverted: 0 | Pending: 6
Confirmed: 2/8 | Reverted: 0 | Pending: 6
Confirmed: 2/8 | Reverted: 0 | Pending: 6
Confirmed: 2/8 | Reverted: 0 | Pending: 6
Confirmed: 2/8 | Reverted: 0 | Pending: 6
Confirmed: 2/8 | Reverted: 0 | Pending: 6
Confirmed: 2/8 | Reverted: 0 | Pending: 6
Confirmed: 2/8 | Reverted: 0 | Pending: 6
Confirmed: 2/8 | Reverted: 0 | Pending: 6
Confirmed: 2/8 | Reverted: 0 | Pending: 6
Confirmed: 2/8 | Reverted: 0 | Pending: 6
Confirmed: 2/8 | Reverted: 0 | Pending: 6
Confirmed: 2/8 | Reverted: 0 | Pending: 6
Confirmed: 2/8 | Reverted: 0 | Pending: 6
Confirmed: 2/8 | Reverted: 0 | Pending: 6
Confirmed: 2/8 | Reverted: 0 | Pending: 6
Confirmed: 2/8 | Reverted: 0 | Pending: 6
Confirmed: 2/8 | Reverted: 0 | Pending: 6
Confirmed: 2/8 | Reverted: 0 | Pending: 6
Confirmed: 2/8 | Reverted: 0 | Pending: 6
Confirmed: 2/8 | Reverted: 0 | Pending: 6
Confirmed: 2/8 | Reverted: 0 | Pending: 6
Confirmed: 2/8 | Reverted: 0 | Pending: 6
Confirmed: 2/8 | Reverted: 0 | Pending: 6
Confirmed: 2/8 | Reverted: 0 | Pending: 6
Confirmed: 2/8 | Reverted: 0 | Pending: 6
Confirmed: 2/8 | Reverted: 0 | Pending: 6
Confirmed: 2/8 | Reverted: 0 | Pending: 6
Confirmed: 2/8 | Reverted: 0 | Pending: 6
Confirmed: 2/8 | Reverted: 0 | Pending: 6
Confirmed: 2/8 | Reverted: 0 | Pending: 6
Confirmed: 2/8 | Reverted: 0 | Pending: 6
Confirmed: 2/8 | Reverted: 0 | Pending: 6
Confirmed: 3/8 | Reverted: 0 | Pending: 5
Confirmed: 3/8 | Reverted: 0 | Pending: 5
Confirmed: 3/8 | Reverted: 0 | Pending: 5
Confirmed: 3/8 | Reverted: 0 | Pending: 5
Confirmed: 3/8 | Reverted: 0 | Pending: 5
Confirmed: 3/8 | Reverted: 0 | Pending: 5
Confirmed: 3/8 | Reverted: 0 | Pending: 5
Confirmed: 4/8 | Reverted: 0 | Pending: 4
Confirmed: 4/8 | Reverted: 0 | Pending: 4
Confirmed: 4/8 | Reverted: 0 | Pending: 4
Confirmed: 4/8 | Reverted: 0 | Pending: 4
Confirmed: 4/8 | Reverted: 0 | Pending: 4
Confirmed: 4/8 | Reverted: 0 | Pending: 4
Confirmed: 4/8 | Reverted: 0 | Pending: 4
Confirmed: 5/8 | Reverted: 0 | Pending: 3
Confirmed: 5/8 | Reverted: 0 | Pending: 3
Confirmed: 5/8 | Reverted: 0 | Pending: 3
Confirmed: 5/8 | Reverted: 0 | Pending: 3
Confirmed: 5/8 | Reverted: 0 | Pending: 3
Confirmed: 5/8 | Reverted: 0 | Pending: 3
Confirmed: 5/8 | Reverted: 0 | Pending: 3
Confirmed: 6/8 | Reverted: 0 | Pending: 2
Confirmed: 6/8 | Reverted: 0 | Pending: 2
Confirmed: 6/8 | Reverted: 0 | Pending: 2
Confirmed: 6/8 | Reverted: 0 | Pending: 2
Confirmed: 6/8 | Reverted: 0 | Pending: 2
Confirmed: 6/8 | Reverted: 0 | Pending: 2
Confirmed: 6/8 | Reverted: 0 | Pending: 2
Confirmed: 7/8 | Reverted: 0 | Pending: 1
Confirmed: 7/8 | Reverted: 0 | Pending: 1
Confirmed: 7/8 | Reverted: 0 | Pending: 1
Confirmed: 7/8 | Reverted: 0 | Pending: 1
Confirmed: 7/8 | Reverted: 0 | Pending: 1
Confirmed: 7/8 | Reverted: 0 | Pending: 1
Confirmed: 7/8 | Reverted: 0 | Pending: 1
Confirmed: 7/8 | Reverted: 0 | Pending: 1
Confirmed: 8/8 | Reverted: 0 | Pending: 0

Receipt polling finished.
------------------------------------------
Confirmed : 8
Reverted  : 0
Timeout   : 0
Duration  : 29.237s
------------------------------------------
Wrote: results/hardware-proof-scaling/l3icalcul07/baseline-8vmnos-w48-rw48-rate500/nproof-256/zkroam-baseline-8vmnos/zkroam_baseline_8vmnos_8_500.0_48_48_resource_usage.csv

Wrote: results/hardware-proof-scaling/l3icalcul07/baseline-8vmnos-w48-rw48-rate500/nproof-256/zkroam-baseline-8vmnos/zkroam_baseline_8vmnos_8_500.0_48_48_sweep_summary.csv

============================================================================
SWEEP HIGHLIGHTS (median across runs per nproofs/VMNO level)
============================================================================
 nproofs  num_vmnos  ind_gas_total  agg_gas_total gas_save_%  pipeline_x
     256          8    495,554,560      1,229,040      99.8%       1.50x
============================================================================

$ /Utilisateurs/abellach/zkRoam/net-heterogeneity/venv/bin/python3 monitoring/collect_metrics.py --logs-dir logs --rpc http://172.28.0.10:8545 --start-block 30 --end-block 320 --log-offsets results/hardware-proof-scaling/l3icalcul07/baseline-8vmnos-w48-rw48-rate500/nproof-256/zkroam-baseline-8vmnos/log_offsets_at_workload_start.json --out results/hardware-proof-scaling/l3icalcul07/baseline-8vmnos-w48-rw48-rate500/nproof-256/zkroam-baseline-8vmnos/consensus_robustness.csv
Total view changes across all nodes: 0
Blocks exceeding 2x block period (stall indicator): 0/291
Wrote results/hardware-proof-scaling/l3icalcul07/baseline-8vmnos-w48-rw48-rate500/nproof-256/zkroam-baseline-8vmnos/consensus_robustness.csv

$ /Utilisateurs/abellach/zkRoam/net-heterogeneity/venv/bin/python3 scripts/apptainer-network.py snapshot --out results/hardware-proof-scaling/l3icalcul07/baseline-8vmnos-w48-rw48-rate500/nproof-256/zkroam-baseline-8vmnos/runtime_snapshot
$ nsenter -t 1221694 -n apptainer exec --cleanenv /Utilisateurs/abellach/zkRoam/net-heterogeneity/zkroam-besu.sif tc -s qdisc show
$ nsenter -t 1221694 -n apptainer exec --cleanenv /Utilisateurs/abellach/zkRoam/net-heterogeneity/zkroam-besu.sif tc -s class show
$ nsenter -t 1221694 -n apptainer exec --cleanenv /Utilisateurs/abellach/zkRoam/net-heterogeneity/zkroam-besu.sif tc -s filter show
$ nsenter -t 1221694 -n apptainer exec --cleanenv /Utilisateurs/abellach/zkRoam/net-heterogeneity/zkroam-besu.sif ip -o addr show
$ nsenter -t 1222181 -n apptainer exec --cleanenv /Utilisateurs/abellach/zkRoam/net-heterogeneity/zkroam-besu.sif tc -s qdisc show
$ nsenter -t 1222181 -n apptainer exec --cleanenv /Utilisateurs/abellach/zkRoam/net-heterogeneity/zkroam-besu.sif tc -s class show
$ nsenter -t 1222181 -n apptainer exec --cleanenv /Utilisateurs/abellach/zkRoam/net-heterogeneity/zkroam-besu.sif tc -s filter show
$ nsenter -t 1222181 -n apptainer exec --cleanenv /Utilisateurs/abellach/zkRoam/net-heterogeneity/zkroam-besu.sif ip -o addr show
$ nsenter -t 1222762 -n apptainer exec --cleanenv /Utilisateurs/abellach/zkRoam/net-heterogeneity/zkroam-besu.sif tc -s qdisc show
$ nsenter -t 1222762 -n apptainer exec --cleanenv /Utilisateurs/abellach/zkRoam/net-heterogeneity/zkroam-besu.sif tc -s class show
$ nsenter -t 1222762 -n apptainer exec --cleanenv /Utilisateurs/abellach/zkRoam/net-heterogeneity/zkroam-besu.sif tc -s filter show
$ nsenter -t 1222762 -n apptainer exec --cleanenv /Utilisateurs/abellach/zkRoam/net-heterogeneity/zkroam-besu.sif ip -o addr show
$ nsenter -t 1223400 -n apptainer exec --cleanenv /Utilisateurs/abellach/zkRoam/net-heterogeneity/zkroam-besu.sif tc -s qdisc show
$ nsenter -t 1223400 -n apptainer exec --cleanenv /Utilisateurs/abellach/zkRoam/net-heterogeneity/zkroam-besu.sif tc -s class show
$ nsenter -t 1223400 -n apptainer exec --cleanenv /Utilisateurs/abellach/zkRoam/net-heterogeneity/zkroam-besu.sif tc -s filter show
$ nsenter -t 1223400 -n apptainer exec --cleanenv /Utilisateurs/abellach/zkRoam/net-heterogeneity/zkroam-besu.sif ip -o addr show
$ nsenter -t 1224148 -n apptainer exec --cleanenv /Utilisateurs/abellach/zkRoam/net-heterogeneity/zkroam-besu.sif tc -s qdisc show
$ nsenter -t 1224148 -n apptainer exec --cleanenv /Utilisateurs/abellach/zkRoam/net-heterogeneity/zkroam-besu.sif tc -s class show
$ nsenter -t 1224148 -n apptainer exec --cleanenv /Utilisateurs/abellach/zkRoam/net-heterogeneity/zkroam-besu.sif tc -s filter show
$ nsenter -t 1224148 -n apptainer exec --cleanenv /Utilisateurs/abellach/zkRoam/net-heterogeneity/zkroam-besu.sif ip -o addr show
$ nsenter -t 1224816 -n apptainer exec --cleanenv /Utilisateurs/abellach/zkRoam/net-heterogeneity/zkroam-besu.sif tc -s qdisc show
$ nsenter -t 1224816 -n apptainer exec --cleanenv /Utilisateurs/abellach/zkRoam/net-heterogeneity/zkroam-besu.sif tc -s class show
$ nsenter -t 1224816 -n apptainer exec --cleanenv /Utilisateurs/abellach/zkRoam/net-heterogeneity/zkroam-besu.sif tc -s filter show
$ nsenter -t 1224816 -n apptainer exec --cleanenv /Utilisateurs/abellach/zkRoam/net-heterogeneity/zkroam-besu.sif ip -o addr show
$ nsenter -t 1225666 -n apptainer exec --cleanenv /Utilisateurs/abellach/zkRoam/net-heterogeneity/zkroam-besu.sif tc -s qdisc show
$ nsenter -t 1225666 -n apptainer exec --cleanenv /Utilisateurs/abellach/zkRoam/net-heterogeneity/zkroam-besu.sif tc -s class show
$ nsenter -t 1225666 -n apptainer exec --cleanenv /Utilisateurs/abellach/zkRoam/net-heterogeneity/zkroam-besu.sif tc -s filter show
$ nsenter -t 1225666 -n apptainer exec --cleanenv /Utilisateurs/abellach/zkRoam/net-heterogeneity/zkroam-besu.sif ip -o addr show
$ nsenter -t 1226490 -n apptainer exec --cleanenv /Utilisateurs/abellach/zkRoam/net-heterogeneity/zkroam-besu.sif tc -s qdisc show
$ nsenter -t 1226490 -n apptainer exec --cleanenv /Utilisateurs/abellach/zkRoam/net-heterogeneity/zkroam-besu.sif tc -s class show
$ nsenter -t 1226490 -n apptainer exec --cleanenv /Utilisateurs/abellach/zkRoam/net-heterogeneity/zkroam-besu.sif tc -s filter show
$ nsenter -t 1226490 -n apptainer exec --cleanenv /Utilisateurs/abellach/zkRoam/net-heterogeneity/zkroam-besu.sif ip -o addr show
$ nsenter -t 1227270 -n apptainer exec --cleanenv /Utilisateurs/abellach/zkRoam/net-heterogeneity/zkroam-besu.sif tc -s qdisc show
$ nsenter -t 1227270 -n apptainer exec --cleanenv /Utilisateurs/abellach/zkRoam/net-heterogeneity/zkroam-besu.sif tc -s class show
$ nsenter -t 1227270 -n apptainer exec --cleanenv /Utilisateurs/abellach/zkRoam/net-heterogeneity/zkroam-besu.sif tc -s filter show
$ nsenter -t 1227270 -n apptainer exec --cleanenv /Utilisateurs/abellach/zkRoam/net-heterogeneity/zkroam-besu.sif ip -o addr show
$ nsenter -t 1228053 -n apptainer exec --cleanenv /Utilisateurs/abellach/zkRoam/net-heterogeneity/zkroam-besu.sif tc -s qdisc show
$ nsenter -t 1228053 -n apptainer exec --cleanenv /Utilisateurs/abellach/zkRoam/net-heterogeneity/zkroam-besu.sif tc -s class show
$ nsenter -t 1228053 -n apptainer exec --cleanenv /Utilisateurs/abellach/zkRoam/net-heterogeneity/zkroam-besu.sif tc -s filter show
$ nsenter -t 1228053 -n apptainer exec --cleanenv /Utilisateurs/abellach/zkRoam/net-heterogeneity/zkroam-besu.sif ip -o addr show
$ nsenter -t 1228846 -n apptainer exec --cleanenv /Utilisateurs/abellach/zkRoam/net-heterogeneity/zkroam-besu.sif tc -s qdisc show
$ nsenter -t 1228846 -n apptainer exec --cleanenv /Utilisateurs/abellach/zkRoam/net-heterogeneity/zkroam-besu.sif tc -s class show
$ nsenter -t 1228846 -n apptainer exec --cleanenv /Utilisateurs/abellach/zkRoam/net-heterogeneity/zkroam-besu.sif tc -s filter show
$ nsenter -t 1228846 -n apptainer exec --cleanenv /Utilisateurs/abellach/zkRoam/net-heterogeneity/zkroam-besu.sif ip -o addr show
$ nsenter -t 1229632 -n apptainer exec --cleanenv /Utilisateurs/abellach/zkRoam/net-heterogeneity/zkroam-besu.sif tc -s qdisc show
$ nsenter -t 1229632 -n apptainer exec --cleanenv /Utilisateurs/abellach/zkRoam/net-heterogeneity/zkroam-besu.sif tc -s class show
$ nsenter -t 1229632 -n apptainer exec --cleanenv /Utilisateurs/abellach/zkRoam/net-heterogeneity/zkroam-besu.sif tc -s filter show
$ nsenter -t 1229632 -n apptainer exec --cleanenv /Utilisateurs/abellach/zkRoam/net-heterogeneity/zkroam-besu.sif ip -o addr show
$ nsenter -t 1230406 -n apptainer exec --cleanenv /Utilisateurs/abellach/zkRoam/net-heterogeneity/zkroam-besu.sif tc -s qdisc show
$ nsenter -t 1230406 -n apptainer exec --cleanenv /Utilisateurs/abellach/zkRoam/net-heterogeneity/zkroam-besu.sif tc -s class show
$ nsenter -t 1230406 -n apptainer exec --cleanenv /Utilisateurs/abellach/zkRoam/net-heterogeneity/zkroam-besu.sif tc -s filter show
$ nsenter -t 1230406 -n apptainer exec --cleanenv /Utilisateurs/abellach/zkRoam/net-heterogeneity/zkroam-besu.sif ip -o addr show
$ nsenter -t 1231219 -n apptainer exec --cleanenv /Utilisateurs/abellach/zkRoam/net-heterogeneity/zkroam-besu.sif tc -s qdisc show
$ nsenter -t 1231219 -n apptainer exec --cleanenv /Utilisateurs/abellach/zkRoam/net-heterogeneity/zkroam-besu.sif tc -s class show
$ nsenter -t 1231219 -n apptainer exec --cleanenv /Utilisateurs/abellach/zkRoam/net-heterogeneity/zkroam-besu.sif tc -s filter show
$ nsenter -t 1231219 -n apptainer exec --cleanenv /Utilisateurs/abellach/zkRoam/net-heterogeneity/zkroam-besu.sif ip -o addr show
$ nsenter -t 1231993 -n apptainer exec --cleanenv /Utilisateurs/abellach/zkRoam/net-heterogeneity/zkroam-besu.sif tc -s qdisc show
$ nsenter -t 1231993 -n apptainer exec --cleanenv /Utilisateurs/abellach/zkRoam/net-heterogeneity/zkroam-besu.sif tc -s class show
$ nsenter -t 1231993 -n apptainer exec --cleanenv /Utilisateurs/abellach/zkRoam/net-heterogeneity/zkroam-besu.sif tc -s filter show
$ nsenter -t 1231993 -n apptainer exec --cleanenv /Utilisateurs/abellach/zkRoam/net-heterogeneity/zkroam-besu.sif ip -o addr show
$ apptainer exec --cleanenv /Utilisateurs/abellach/zkRoam/net-heterogeneity/zkroam-besu.sif ip -details addr show zkroam0

$ /Utilisateurs/abellach/zkRoam/net-heterogeneity/venv/bin/python3 scripts/apptainer-network.py stop
$ apptainer exec --cleanenv /Utilisateurs/abellach/zkRoam/net-heterogeneity/zkroam-besu.sif ip -o link show
$ apptainer exec --cleanenv /Utilisateurs/abellach/zkRoam/net-heterogeneity/zkroam-besu.sif ip link delete zkh00
$ apptainer exec --cleanenv /Utilisateurs/abellach/zkRoam/net-heterogeneity/zkroam-besu.sif ip link delete zkh01
$ apptainer exec --cleanenv /Utilisateurs/abellach/zkRoam/net-heterogeneity/zkroam-besu.sif ip link delete zkh02
$ apptainer exec --cleanenv /Utilisateurs/abellach/zkRoam/net-heterogeneity/zkroam-besu.sif ip link delete zkh03
$ apptainer exec --cleanenv /Utilisateurs/abellach/zkRoam/net-heterogeneity/zkroam-besu.sif ip link delete zkh04
$ apptainer exec --cleanenv /Utilisateurs/abellach/zkRoam/net-heterogeneity/zkroam-besu.sif ip link delete zkh05
$ apptainer exec --cleanenv /Utilisateurs/abellach/zkRoam/net-heterogeneity/zkroam-besu.sif ip link delete zkh06
$ apptainer exec --cleanenv /Utilisateurs/abellach/zkRoam/net-heterogeneity/zkroam-besu.sif ip link delete zkh07
$ apptainer exec --cleanenv /Utilisateurs/abellach/zkRoam/net-heterogeneity/zkroam-besu.sif ip link delete zkh08
$ apptainer exec --cleanenv /Utilisateurs/abellach/zkRoam/net-heterogeneity/zkroam-besu.sif ip link delete zkh09
$ apptainer exec --cleanenv /Utilisateurs/abellach/zkRoam/net-heterogeneity/zkroam-besu.sif ip link delete zkh10
$ apptainer exec --cleanenv /Utilisateurs/abellach/zkRoam/net-heterogeneity/zkroam-besu.sif ip link delete zkh11
$ apptainer exec --cleanenv /Utilisateurs/abellach/zkRoam/net-heterogeneity/zkroam-besu.sif ip link delete zkh12
$ apptainer exec --cleanenv /Utilisateurs/abellach/zkRoam/net-heterogeneity/zkroam-besu.sif ip link delete zkh13
$ apptainer exec --cleanenv /Utilisateurs/abellach/zkRoam/net-heterogeneity/zkroam-besu.sif ip link delete zkh14
$ apptainer exec --cleanenv /Utilisateurs/abellach/zkRoam/net-heterogeneity/zkroam-besu.sif ip link delete zkroam0
