Setting logging level to INFO
2026-10-07 14:35:17.469+00:00 | main | INFO  | Besu | Starting Besu
2026-10-07 14:35:17.858+00:00 | main | WARN  | Besu | --graphql-http-host has been ignored because --graphql-http-enabled was not defined on the command line.
2026-10-07 14:35:17.978+00:00 | main | INFO  | Besu | Connecting to 0 static nodes.
2026-10-07 14:35:17.981+00:00 | main | INFO  | Besu | Forcing price bump for transaction replacement to 0, since min-gas-price is set to 0
2026-10-07 14:35:17.982+00:00 | main | WARN  | Besu | Forcing tx-pool-min-gas-price=0, since it cannot be greater than the value of min-gas-price
2026-10-07 14:35:18.424+00:00 | main | INFO  | Besu | 
####################################################################################################
#                                                                                                  #
# Besu version 24.7.0                                                                              #
#                                                                                                  #
# Configuration:                                                                                   #
# Network: Custom genesis file                                                                     #
# /config/genesis.json                                                                             #
# Network Id: 1337                                                                                 #
# Data storage: Bonsai                                                                             #
# Sync mode: Full                                                                                  #
# RPC HTTP APIs: ETH,QBFT,NET,ADMIN,WEB3                                                           #
# RPC HTTP port: 8545                                                                              #
# Using LAYERED transaction pool implementation                                                    #
# Using STACKED worldstate update mode                                                             #
# Limit trie logs enabled: retention: 512; prune window: 30000                                     #
#                                                                                                  #
# Host:                                                                                            #
# Java: openjdk-java-21                                                                            #
# Maximum heap size: 29.50 GB                                                                      #
# OS: linux-x86_64                                                                                 #
# glibc: 2.39                                                                                      #
# jemalloc: 5.3.0-0-g54eaed1d8b56b1aa528be3bdd1877e59c56fa90c                                      #
# Total memory: 1007.68 GB                                                                         #
# CPU cores: 256                                                                                   #
#                                                                                                  #
# Plugin Registration Summary:                                                                     #
# No plugins have been registered.                                                                 #
# TOTAL = 0 of 0 plugins successfully registered.                                                  #
#                                                                                                  #
####################################################################################################
2026-10-07 14:35:18.424+00:00 | main | INFO  | Besu | Security Module: localfile
2026-10-07 14:35:18.426+00:00 | main | INFO  | VersionMetadata | Lookup version metadata file in data directory: /data
2026-10-07 14:35:18.426+00:00 | main | INFO  | VersionMetadata | No version data detected. Writing Besu version 24.7.0 to metadata file
2026-10-07 14:35:18.533+00:00 | main | INFO  | Besu | Using the native implementation of alt bn128
2026-10-07 14:35:18.613+00:00 | main | INFO  | Besu | Using the native implementation of modexp
2026-10-07 14:35:18.613+00:00 | main | INFO  | Besu | Using the native implementation of the signature algorithm
2026-10-07 14:35:18.622+00:00 | main | INFO  | Besu | Using the native implementation of the blake2bf algorithm
2026-10-07 14:35:18.710+00:00 | main | INFO  | Besu | Forcing price bump for transaction replacement to 0, since min-gas-price is set to 0
2026-10-07 14:35:18.711+00:00 | main | WARN  | Besu | Forcing tx-pool-min-gas-price=0, since it cannot be greater than the value of min-gas-price
2026-10-07 14:35:18.713+00:00 | main | INFO  | KeyPairUtil | Attempting to load public key from /data/key.priv
2026-10-07 14:35:18.739+00:00 | main | INFO  | KeyPairUtil | Loaded public key 0xbc32e619342ebece2a9fcc2e73d4a5daca3d7fbd3c3fb8ac9ed3d6c08ba4c970e326f6b12a08f332ae757424018dcc2f01d6b2c6ca4808b8e29e9dd163827f62 from /data/key.priv
2026-10-07 14:35:18.899+00:00 | main | INFO  | ProtocolScheduleBuilder | Protocol schedule created with milestones: [Berlin:0]
2026-10-07 14:35:18.903+00:00 | main | INFO  | RocksDBKeyValueStorageFactory | No existing database at /data. Using default metadata for new db versionedStorageFormat=BaseVersionedStorageFormat{format=BONSAI, version=2}
2026-10-07 14:35:19.175+00:00 | main | INFO  | FlatDbStrategyProvider | Bonsai flat db mode found FULL
2026-10-07 14:35:19.178+00:00 | main | INFO  | FlatDbStrategyProvider | Bonsai db mode with code stored using code hash enabled = true
2026-10-07 14:35:19.190+00:00 | main | INFO  | FlatDbStrategyProvider | Bonsai flat db mode found FULL
2026-10-07 14:35:19.192+00:00 | main | INFO  | FlatDbStrategyProvider | Bonsai db mode with code stored using code hash enabled = true
2026-10-07 14:35:19.676+00:00 | main | INFO  | TransactionPoolFactory | Enabling transaction pool
2026-10-07 14:35:19.693+00:00 | main | INFO  | BesuControllerBuilder | TTD difficulty is not present, creating initial sync phase for PoW
2026-10-07 14:35:19.743+00:00 | main | INFO  | TrieLogPruner | Loading first 30000 trie logs from database...
2026-10-07 14:35:19.745+00:00 | main | INFO  | TrieLogPruner | Loaded 1 trie logs from database
2026-10-07 14:35:19.756+00:00 | main | INFO  | RunnerBuilder | Resolved 3 bootnodes.
2026-10-07 14:35:19.764+00:00 | main | INFO  | RunnerBuilder | Detecting NAT service.
2026-10-07 14:35:19.937+00:00 | main | INFO  | Runner | Starting external services ... 
2026-10-07 14:35:19.938+00:00 | main | INFO  | JsonRpcHttpService | Starting JSON-RPC service on 0.0.0.0:8545
2026-10-07 14:35:20.070+00:00 | vert.x-eventloop-thread-1 | INFO  | JsonRpcHttpService | JSON-RPC service started and listening on 0.0.0.0:8545
2026-10-07 14:35:20.072+00:00 | main | INFO  | WebSocketService | Starting Websocket service on 0.0.0.0:8546
2026-10-07 14:35:20.075+00:00 | vert.x-eventloop-thread-1 | INFO  | WebSocketService | Websocket service started and listening on 0.0.0.0:8546
2026-10-07 14:35:20.077+00:00 | main | INFO  | AutoTransactionLogBloomCachingService | Starting auto transaction log bloom caching service.
2026-10-07 14:35:20.078+00:00 | main | INFO  | LogBloomCacheMetadata | Lookup cache metadata file in data directory: /data/caches
2026-10-07 14:35:20.085+00:00 | main | INFO  | Runner | Starting Ethereum main loop ... 
2026-10-07 14:35:20.085+00:00 | main | INFO  | NatService | No NAT environment detected so no service could be started
2026-10-07 14:35:20.085+00:00 | main | INFO  | NetworkRunner | Starting Network.
2026-10-07 14:35:20.098+00:00 | nioEventLoopGroup-2-1 | INFO  | RlpxAgent | P2P RLPx agent started and listening on /[0:0:0:0:0:0:0:0]:30303.
2026-10-07 14:35:20.099+00:00 | main | INFO  | PeerDiscoveryAgent | Starting peer discovery agent on host=0.0.0.0, port=30303. IPv6 available.
2026-10-07 14:35:20.111+00:00 | vert.x-eventloop-thread-1 | INFO  | VertxPeerDiscoveryAgent | Started peer discovery agent successfully, on effective host=0:0:0:0:0:0:0:0%0 and port=30303
2026-10-07 14:35:20.112+00:00 | vert.x-eventloop-thread-1 | INFO  | PeerDiscoveryAgent | P2P peer discovery agent started and listening on /[0:0:0:0:0:0:0:0%0]:30303
2026-10-07 14:35:20.192+00:00 | vert.x-eventloop-thread-1 | INFO  | PeerDiscoveryAgent | Writing node record to disk. NodeRecord{seq=1, publicKey=0x02bc32e619342ebece2a9fcc2e73d4a5daca3d7fbd3c3fb8ac9ed3d6c08ba4c970, udpAddress=Optional[/0.0.0.0:30303], tcpAddress=Optional[/0.0.0.0:30303], asBase64=-Je4QOnQ4EZDnXRIdWnyCE1XqXi9xnhPhb-ecLrPcR7efK1ufLeeN5e7g6l3KWRbN9qarVoKRdkAFdcYMLDaZKRUWHkBg2V0aMfGhJOJJNKAgmlkgnY0gmlwhAAAAACJc2VjcDI1NmsxoQK8MuYZNC6-ziqfzC5z1KXayj1_vTw_uKye09bAi6TJcIN0Y3CCdl-DdWRwgnZf, nodeId=0x38fcd94937d697f759acd7c147a779c18cdad869ea871ad83630b241581da344, customFields={tcp=30303, udp=30303, ip=0x00000000, eth=[[0x938924d2, 0x]], id=V4, secp256k1=0x02bc32e619342ebece2a9fcc2e73d4a5daca3d7fbd3c3fb8ac9ed3d6c08ba4c970}}
2026-10-07 14:35:20.236+00:00 | main | INFO  | DefaultP2PNetwork | Enode URL enode://bc32e619342ebece2a9fcc2e73d4a5daca3d7fbd3c3fb8ac9ed3d6c08ba4c970e326f6b12a08f332ae757424018dcc2f01d6b2c6ca4808b8e29e9dd163827f62@0.0.0.0:30303
2026-10-07 14:35:20.236+00:00 | main | INFO  | DefaultP2PNetwork | Node address 0x47a779c18cdad869ea871ad83630b241581da344
2026-10-07 14:35:20.268+00:00 | main | INFO  | NetworkRunner | Supported capabilities: [eth/62, eth/63, eth/64, eth/65, eth/66, eth/67, eth/68], [istanbul/100], [snap/1]
2026-10-07 14:35:20.268+00:00 | main | INFO  | DefaultSynchronizer | Starting synchronizer.
2026-10-07 14:35:20.270+00:00 | main | INFO  | TransactionPoolFactory | Enabling transaction handling following initial sync
2026-10-07 14:35:20.270+00:00 | main | INFO  | QbftBesuControllerBuilder | Starting QBFT mining coordinator following initial sync
2026-10-07 14:35:20.285+00:00 | main | INFO  | FullSyncDownloader | Starting full sync.
2026-10-07 14:35:20.289+00:00 | main | INFO  | FullSyncTargetManager | Unable to find sync target. Currently checking 0 peers for usefulness
2026-10-07 14:35:20.301+00:00 | main | INFO  | Runner | Ethereum main loop is up.
2026-10-07 14:35:20.776+00:00 | nioEventLoopGroup-3-3 | INFO  | FullSyncTargetManager | Unable to find sync target. Currently checking 3 peers for usefulness
2026-10-07 14:35:21.661+00:00 | nioEventLoopGroup-3-8 | INFO  | FullSyncTargetManager | Unable to find sync target. Currently checking 4 peers for usefulness
2026-10-07 14:35:22.991+00:00 | nioEventLoopGroup-3-9 | INFO  | FullSyncTargetManager | Unable to find sync target. Currently checking 5 peers for usefulness
2026-10-07 14:35:23.000+00:00 | nioEventLoopGroup-3-1 | INFO  | FullSyncTargetManager | Unable to find sync target. Currently checking 6 peers for usefulness
2026-10-07 14:35:23.053+00:00 | nioEventLoopGroup-3-10 | INFO  | FullSyncTargetManager | Unable to find sync target. Currently checking 7 peers for usefulness
2026-10-07 14:35:23.736+00:00 | nioEventLoopGroup-3-5 | INFO  | FullSyncTargetManager | Unable to find sync target. Currently checking 8 peers for usefulness
2026-10-07 14:35:25.788+00:00 | nioEventLoopGroup-3-7 | INFO  | FullSyncTargetManager | Unable to find sync target. Currently checking 9 peers for usefulness
2026-10-07 14:35:30.168+00:00 | nioEventLoopGroup-3-9 | INFO  | FullSyncTargetManager | Unable to find sync target. Currently checking 10 peers for usefulness
2026-10-07 14:35:32.333+00:00 | nioEventLoopGroup-3-1 | INFO  | FullSyncTargetManager | Unable to find sync target. Currently checking 11 peers for usefulness
2026-10-07 14:35:35.032+00:00 | BftProcessorExecutor-QBFT-0 | INFO  | QbftRound | Importing proposed block to chain. round=ConsensusRoundIdentifier{Sequence=1, Round=1}, hash=0xd657ec9a6758399dedbf7ede1be4b49d62fb44177a31c6e29011fd3e75a0aaf1
2026-10-07 14:35:35.072+00:00 | BftProcessorExecutor-QBFT-0 | INFO  | QbftBesuControllerBuilder | Imported #1 / 0 tx / 0 pending / 0 (0.0%) gas / (0xd657ec9a6758399dedbf7ede1be4b49d62fb44177a31c6e29011fd3e75a0aaf1)
2026-10-07 14:35:35.807+00:00 | nioEventLoopGroup-3-4 | INFO  | FullSyncTargetManager | Unable to find sync target. Currently checking 12 peers for usefulness
2026-10-07 14:35:36.302+00:00 | BftProcessorExecutor-QBFT-0 | INFO  | QbftBesuControllerBuilder | Imported #2 / 0 tx / 0 pending / 0 (0.0%) gas / (0xe52bf1b6d308aa061d8af878f9acad249fb45c58e9cfe814025cbf364d7875e6)
2026-10-07 14:35:36.304+00:00 | EthScheduler-Workers-0 | INFO  | PersistBlockTask | Block 2 (0xe52bf1b6d308aa061d8af878f9acad249fb45c58e9cfe814025cbf364d7875e6) is already imported
2026-10-07 14:35:38.273+00:00 | BftProcessorExecutor-QBFT-0 | INFO  | QbftBesuControllerBuilder | Imported #3 / 0 tx / 0 pending / 0 (0.0%) gas / (0x9ffce67deef8876c7d26b3ebf1d53d07a8a017a5ecea4aa6075962951f7f7b85)
2026-10-07 14:35:38.275+00:00 | EthScheduler-Workers-0 | INFO  | PersistBlockTask | Block 3 (0x9ffce67deef8876c7d26b3ebf1d53d07a8a017a5ecea4aa6075962951f7f7b85) is already imported
2026-10-07 14:35:40.287+00:00 | BftProcessorExecutor-QBFT-0 | INFO  | QbftBesuControllerBuilder | Imported #4 / 0 tx / 0 pending / 0 (0.0%) gas / (0xdf73085e6b18393c328ce21b079a6ccbcdf112e2d77f84464e2cbcc3039dcc67)
2026-10-07 14:35:42.292+00:00 | BftProcessorExecutor-QBFT-0 | INFO  | QbftBesuControllerBuilder | Imported #5 / 0 tx / 0 pending / 0 (0.0%) gas / (0x13582b18038700eb4e006cae8506f9bbcef76a83038333debce4cc961b6f453c)
2026-10-07 14:35:44.339+00:00 | BftProcessorExecutor-QBFT-0 | INFO  | QbftBesuControllerBuilder | Imported #6 / 0 tx / 1 pending / 0 (0.0%) gas / (0x081ee1984105df138a5cc7fa0b6569e411307e5f2cc2518a0d2e070fb23cbd30)
2026-10-07 14:35:46.407+00:00 | BftProcessorExecutor-QBFT-0 | INFO  | QbftBesuControllerBuilder | Produced #7 / 0 tx / 1 pending / 0 (0.0%) gas / (0xaa1de38afb9715e615022f4a54e5f2022b9c7b929e299163d81834d9c55fb63d)
2026-10-07 14:35:48.346+00:00 | BftProcessorExecutor-QBFT-0 | INFO  | QbftBesuControllerBuilder | Imported #8 / 0 tx / 1 pending / 0 (0.0%) gas / (0x5c36b048e27824409cf69471433ab07d9f8b1a922f72d43705cfe3b33ac0f750)
2026-10-07 14:35:50.359+00:00 | BftProcessorExecutor-QBFT-0 | INFO  | QbftBesuControllerBuilder | Imported #9 / 0 tx / 1 pending / 0 (0.0%) gas / (0xef3f89f7c7c83849808d9aebb089feb896abdf8b7ce0158ad663755b7a05c428)
2026-10-07 14:35:52.391+00:00 | BftProcessorExecutor-QBFT-0 | INFO  | QbftBesuControllerBuilder | Imported #10 / 0 tx / 1 pending / 0 (0.0%) gas / (0x857da55686284bac7f779d71da5fb3c3f76f51f4cd7c86084fb0966f9c0aa3d1)
2026-10-07 14:35:54.414+00:00 | BftProcessorExecutor-QBFT-0 | INFO  | QbftBesuControllerBuilder | Imported #11 / 0 tx / 1 pending / 0 (0.0%) gas / (0x344077e5ef211f8fd677a8c2c7e41e7297032e5efb4c18cec12aa2c57063b4f9)
2026-10-07 14:35:56.503+00:00 | BftProcessorExecutor-QBFT-0 | INFO  | QbftBesuControllerBuilder | Imported #12 / 0 tx / 1 pending / 0 (0.0%) gas / (0xcab0aaa634dccd55ebe71d7be670908286fce52b6fe6690dfd0f4e076f63e1a5)
2026-10-07 14:35:58.502+00:00 | BftProcessorExecutor-QBFT-0 | INFO  | QbftBesuControllerBuilder | Imported #13 / 0 tx / 1 pending / 0 (0.0%) gas / (0x83175a3f4a8efa62dca7be80e57a813efa25d3317291ebeeb8a039fdac2e2e15)
2026-10-07 14:36:00.563+00:00 | BftProcessorExecutor-QBFT-0 | INFO  | QbftBesuControllerBuilder | Imported #14 / 0 tx / 1 pending / 0 (0.0%) gas / (0x4daf817dc2fa6c4993ac5d49ef8d3017cc65122bff7f3c875e6d8b697856ec8e)
2026-10-07 14:36:02.368+00:00 | BftProcessorExecutor-QBFT-0 | INFO  | QbftBesuControllerBuilder | Imported #15 / 1 tx / 0 pending / 465,218 (0.0%) gas / (0xcdf1a6115c529d66d89f09e49ea1221010ab0870473532e2fa9d0e76c069cf16)
2026-10-07 14:36:04.248+00:00 | BftProcessorExecutor-QBFT-0 | INFO  | QbftBesuControllerBuilder | Imported #16 / 0 tx / 1 pending / 0 (0.0%) gas / (0xa887213d4a349e5c1d5f09c983494286acdf7bf9b8a808588581a72a43843289)
2026-10-07 14:36:06.243+00:00 | BftProcessorExecutor-QBFT-0 | INFO  | QbftBesuControllerBuilder | Imported #17 / 0 tx / 1 pending / 0 (0.0%) gas / (0x65643f72c09f747b0819a2c12de9f2229df8e02e18c0e8f55f69431bb0e900a9)
2026-10-07 14:36:08.252+00:00 | BftProcessorExecutor-QBFT-0 | INFO  | QbftBesuControllerBuilder | Imported #18 / 0 tx / 1 pending / 0 (0.0%) gas / (0xe619294d96bd4ffb3358a2f28dfc797aa11d8a56094c15ef843f015772055dba)
2026-10-07 14:36:10.267+00:00 | BftProcessorExecutor-QBFT-0 | INFO  | QbftBesuControllerBuilder | Imported #19 / 0 tx / 1 pending / 0 (0.0%) gas / (0x3503ec8e3edc2ca005ed7606ed5be15cb7461983ef548a5fea202e511619e57a)
2026-10-07 14:36:12.238+00:00 | BftProcessorExecutor-QBFT-0 | INFO  | QbftBesuControllerBuilder | Imported #20 / 0 tx / 1 pending / 0 (0.0%) gas / (0xdd46d33cc007e1e1448f4325f01053bfb3ea51118243582222b9e2a8a3cf6556)
2026-10-07 14:36:14.347+00:00 | EthScheduler-Workers-0 | INFO  | PersistBlockTask | Block 21 (0x53180d672fae19e54efdf45590bf8b6dc42ba3adc1db95d86543da34c413992f) is already imported
2026-10-07 14:36:14.348+00:00 | BftProcessorExecutor-QBFT-0 | INFO  | QbftBesuControllerBuilder | Imported #21 / 0 tx / 1 pending / 0 (0.0%) gas / (0x53180d672fae19e54efdf45590bf8b6dc42ba3adc1db95d86543da34c413992f)
2026-10-07 14:36:16.334+00:00 | BftProcessorExecutor-QBFT-0 | INFO  | QbftBesuControllerBuilder | Produced #22 / 0 tx / 1 pending / 0 (0.0%) gas / (0x6d8f75bebb45acc0ad56baddd778e6053ef377d23c7837689fea0e0e3261cf2b)
2026-10-07 14:36:18.328+00:00 | EthScheduler-Workers-0 | INFO  | PersistBlockTask | Block 23 (0xc34220178783660483838fae7170d9b1f05e562ba0c06004e5a594be6e17cef4) is already imported
2026-10-07 14:36:18.328+00:00 | BftProcessorExecutor-QBFT-0 | INFO  | QbftBesuControllerBuilder | Imported #23 / 0 tx / 1 pending / 0 (0.0%) gas / (0xc34220178783660483838fae7170d9b1f05e562ba0c06004e5a594be6e17cef4)
2026-10-07 14:36:20.333+00:00 | BftProcessorExecutor-QBFT-0 | INFO  | QbftBesuControllerBuilder | Imported #24 / 0 tx / 1 pending / 0 (0.0%) gas / (0x4e7a965fb353de96f45063f7c85af759ba2f3041b286ff3509f213e39fdced21)
2026-10-07 14:36:22.325+00:00 | BftProcessorExecutor-QBFT-0 | INFO  | QbftBesuControllerBuilder | Imported #25 / 0 tx / 1 pending / 0 (0.0%) gas / (0xcd03e77a37560a3a121c1093fbed3631010fd74ef799e46406069226becb4ef7)
2026-10-07 14:36:24.336+00:00 | BftProcessorExecutor-QBFT-0 | INFO  | QbftBesuControllerBuilder | Imported #26 / 0 tx / 1 pending / 0 (0.0%) gas / (0x41702a1977343c03b18f22c126cef257ee2a84ec4b4ec7b0c291917c03597ec2)
2026-10-07 14:36:26.496+00:00 | BftProcessorExecutor-QBFT-0 | INFO  | QbftBesuControllerBuilder | Imported #27 / 0 tx / 1 pending / 0 (0.0%) gas / (0x660ad8d83ee566e443061ba1f9bf4258ed562c651aba39fb2887e9c8482546f9)
2026-10-07 14:36:28.446+00:00 | BftProcessorExecutor-QBFT-0 | INFO  | QbftBesuControllerBuilder | Imported #28 / 0 tx / 1 pending / 0 (0.0%) gas / (0x4c51d0eac4428c37755b770f7fee93674d55035c08444f2db880a06b8a2b7a0f)
2026-10-07 14:36:30.489+00:00 | BftProcessorExecutor-QBFT-0 | INFO  | QbftBesuControllerBuilder | Imported #29 / 0 tx / 1 pending / 0 (0.0%) gas / (0x79f25638dbfe0c24332e87e68186c9c0fbb561ad077e53920c13e6a1124d709b)
2026-10-07 14:36:32.276+00:00 | BftProcessorExecutor-QBFT-0 | INFO  | QbftBesuControllerBuilder | Imported #30 / 1 tx / 0 pending / 1,832,969 (0.0%) gas / (0x5d4c8edb101f41d0063ec694ec6a0acf8ad9ed140fc284d1d59191f780e8b7f5)
2026-10-07 14:36:34.261+00:00 | BftProcessorExecutor-QBFT-0 | INFO  | QbftBesuControllerBuilder | Imported #31 / 0 tx / 0 pending / 0 (0.0%) gas / (0xcc3d3fa6c08e2e09d90a7989bff72a15b9672b3e44854c216700e82fbb9e1637)
2026-10-07 14:36:36.255+00:00 | BftProcessorExecutor-QBFT-0 | INFO  | QbftBesuControllerBuilder | Imported #32 / 0 tx / 0 pending / 0 (0.0%) gas / (0xa6c95972c867533d553e752abc1858d1ae95d76848ca4bf5d6a7ebac82c3d3f2)
2026-10-07 14:36:38.245+00:00 | BftProcessorExecutor-QBFT-0 | INFO  | QbftBesuControllerBuilder | Imported #33 / 0 tx / 0 pending / 0 (0.0%) gas / (0x2aa88b81a0f35e34c60e336b27d8a8b7ed174479aa8b0ee4a6ba75041f47fe82)
2026-10-07 14:36:40.256+00:00 | BftProcessorExecutor-QBFT-0 | INFO  | QbftBesuControllerBuilder | Imported #34 / 0 tx / 0 pending / 0 (0.0%) gas / (0xc87c59137c074ad290142f76bd2eae0480c2290eca4b28fad88d3509f84ae0a3)
2026-10-07 14:36:42.271+00:00 | BftProcessorExecutor-QBFT-0 | INFO  | QbftBesuControllerBuilder | Imported #35 / 0 tx / 0 pending / 0 (0.0%) gas / (0x2baa015e388c6d251fd6127529e0727ffa0ba2f8c4d7baa729a03c1e3c308b49)
2026-10-07 14:36:44.352+00:00 | EthScheduler-Workers-0 | INFO  | PersistBlockTask | Block 36 (0x0b47b48206e4c39c26a15838ec0100bbf6c9e3e14a018cc0ff66fd90a06a6986) is already imported
2026-10-07 14:36:44.352+00:00 | BftProcessorExecutor-QBFT-0 | INFO  | QbftBesuControllerBuilder | Imported #36 / 0 tx / 0 pending / 0 (0.0%) gas / (0x0b47b48206e4c39c26a15838ec0100bbf6c9e3e14a018cc0ff66fd90a06a6986)
2026-10-07 14:36:46.334+00:00 | BftProcessorExecutor-QBFT-0 | INFO  | QbftBesuControllerBuilder | Produced #37 / 0 tx / 0 pending / 0 (0.0%) gas / (0x675cc3cfd4fdc8f7e29f6a591d2bce9ff8d755384806b9f750424325f0f538ef)
2026-10-07 14:36:48.319+00:00 | BftProcessorExecutor-QBFT-0 | INFO  | QbftBesuControllerBuilder | Imported #38 / 0 tx / 0 pending / 0 (0.0%) gas / (0x15527cfddc90ac69644a69e24ee4a29d236e8fa7ae7f335e7eb044ae2c1b38ea)
2026-10-07 14:36:50.344+00:00 | BftProcessorExecutor-QBFT-0 | INFO  | QbftBesuControllerBuilder | Imported #39 / 0 tx / 0 pending / 0 (0.0%) gas / (0xf5e8c1da391b8739a3d26ce2ae30c1dccd6546c980cbdd3364258f43899ef465)
2026-10-07 14:36:52.349+00:00 | BftProcessorExecutor-QBFT-0 | INFO  | QbftBesuControllerBuilder | Imported #40 / 0 tx / 0 pending / 0 (0.0%) gas / (0xdc4eec22b9c4e7e9dd471ead2064d0bbd580910fc7838290797c92c8be59759d)
2026-10-07 14:36:54.342+00:00 | BftProcessorExecutor-QBFT-0 | INFO  | QbftBesuControllerBuilder | Imported #41 / 0 tx / 0 pending / 0 (0.0%) gas / (0x51ebed4c5ccdce114064e203c826e744d0c76e59c1cca908cbc0c9b16ddfbf05)
2026-10-07 14:36:58.061+00:00 | BftProcessorExecutor-QBFT-0 | INFO  | QbftBesuControllerBuilder | Imported #42 / 25 tx / 977 pending / 6,049,250 (0.0%) gas / (0xfed0fbe15f8ed71d58a87ffa4f771d0ab0c6080bf5647ac2aa9134aff6c945c5)
2026-10-07 14:37:03.198+00:00 | BftProcessorExecutor-QBFT-0 | INFO  | QbftBesuControllerBuilder | Imported #43 / 77 tx / 1847 pending / 18,631,690 (0.0%) gas / (0x83158d664404ab864a44276651475810bb771c7e011867b10aa40ddf3396958e)
2026-10-07 14:37:06.690+00:00 | EthScheduler-Workers-0 | INFO  | PersistBlockTask | Block 44 (0x50913039ed0f636608f7866e483f32cc71d08ba266345c7dc3740189144a415f) is already imported
2026-10-07 14:37:06.695+00:00 | BftProcessorExecutor-QBFT-0 | INFO  | QbftBesuControllerBuilder | Imported #44 / 136 tx / 1804 pending / 32,907,920 (0.0%) gas / (0x50913039ed0f636608f7866e483f32cc71d08ba266345c7dc3740189144a415f)
2026-10-07 14:37:08.935+00:00 | BftProcessorExecutor-QBFT-0 | INFO  | QbftBesuControllerBuilder | Imported #45 / 138 tx / 1672 pending / 33,391,860 (0.0%) gas / (0xba9b03aa23e5b1e50a2029bdd9d19db81a6570adb103c78e1126c31a84f6b6ea)
2026-10-07 14:37:11.293+00:00 | BftProcessorExecutor-QBFT-0 | INFO  | QbftBesuControllerBuilder | Imported #46 / 138 tx / 1534 pending / 33,391,860 (0.0%) gas / (0x84afcd8617f24faebc9eb547d40f5371ccd96a65f3a1ae0005d7fe8859593c1f)
2026-10-07 14:37:13.556+00:00 | BftProcessorExecutor-QBFT-0 | INFO  | QbftBesuControllerBuilder | Imported #47 / 138 tx / 1396 pending / 33,391,860 (0.0%) gas / (0xfc3cbd74eb45d284867a0cbb8fffe94489c1a072f76173b59f8c07c363c99345)
2026-10-07 14:37:15.906+00:00 | BftProcessorExecutor-QBFT-0 | INFO  | QbftBesuControllerBuilder | Imported #48 / 137 tx / 1259 pending / 33,149,890 (0.0%) gas / (0x7350f148f616d9373fd5afc6545c5475d1b738bed74d18250b52a89082237b43)
2026-10-07 14:37:18.305+00:00 | BftProcessorExecutor-QBFT-0 | INFO  | QbftBesuControllerBuilder | Imported #49 / 137 tx / 1122 pending / 33,149,890 (0.0%) gas / (0x0edb9bf4c16d9f041950c0fc093e69bab9cfda6cd324d903a0e0c1647cc4262f)
2026-10-07 14:37:20.540+00:00 | BftProcessorExecutor-QBFT-0 | INFO  | QbftBesuControllerBuilder | Imported #50 / 136 tx / 986 pending / 32,907,920 (0.0%) gas / (0x35ea63a9c83d2d6c0bb725b925b1ae5c9e8acb4120dde55dfc083046b0dcb61e)
2026-10-07 14:37:22.836+00:00 | BftProcessorExecutor-QBFT-0 | INFO  | QbftBesuControllerBuilder | Imported #51 / 136 tx / 850 pending / 32,907,920 (0.0%) gas / (0x42f5daa223af141bb9bcecfe05aa810be70ca21045198fed5f579ad648059562)
2026-10-07 14:37:25.158+00:00 | BftProcessorExecutor-QBFT-0 | INFO  | QbftBesuControllerBuilder | Produced #52 / 136 tx / 714 pending / 32,907,920 (0.0%) gas / (0x9816c4c4c9590085a7b43689776e6ccc3ae88e28f9c20321659245d7e5f74dd1)
2026-10-07 14:37:27.549+00:00 | BftProcessorExecutor-QBFT-0 | INFO  | QbftBesuControllerBuilder | Imported #53 / 136 tx / 578 pending / 32,907,920 (0.0%) gas / (0xc90b54091428eb17b39032635768d08afcc7e0fe6862050157e1a3b92d0be69b)
2026-10-07 14:37:29.828+00:00 | BftProcessorExecutor-QBFT-0 | INFO  | QbftBesuControllerBuilder | Imported #54 / 136 tx / 442 pending / 32,907,920 (0.0%) gas / (0xade6ee5c0f7011984087a2122a1dcf17c3dd554c163dfb75742e6babdaee9e08)
2026-10-07 14:37:32.362+00:00 | BftProcessorExecutor-QBFT-0 | INFO  | QbftBesuControllerBuilder | Imported #55 / 136 tx / 306 pending / 32,907,920 (0.0%) gas / (0xea0631f47e613c2e138fecdd652252abc87ed90f62bb157c0d3300189322ec77)
2026-10-07 14:37:34.655+00:00 | EthScheduler-Workers-0 | INFO  | PersistBlockTask | Block 56 (0x5bc74a49c3c6e6209ac88277ca76c59f53cb7d751414eaf7e7910e0747ae9847) is already imported
2026-10-07 14:37:34.656+00:00 | BftProcessorExecutor-QBFT-0 | INFO  | QbftBesuControllerBuilder | Imported #56 / 136 tx / 170 pending / 32,907,920 (0.0%) gas / (0x5bc74a49c3c6e6209ac88277ca76c59f53cb7d751414eaf7e7910e0747ae9847)
2026-10-07 14:37:36.997+00:00 | EthScheduler-Workers-0 | INFO  | PersistBlockTask | Block 57 (0xdec86b96c32eb66679bcf492d50bb03ee603c06c9c7795f5c7ebdcdda1330d30) is already imported
2026-10-07 14:37:36.997+00:00 | BftProcessorExecutor-QBFT-0 | INFO  | QbftBesuControllerBuilder | Imported #57 / 111 tx / 59 pending / 26,858,670 (0.0%) gas / (0xdec86b96c32eb66679bcf492d50bb03ee603c06c9c7795f5c7ebdcdda1330d30)
2026-10-07 14:37:38.523+00:00 | BftProcessorExecutor-QBFT-0 | INFO  | QbftBesuControllerBuilder | Imported #58 / 59 tx / 0 pending / 14,276,230 (0.0%) gas / (0x0b6ca0557cd5d762109d6e25206f1f965183784a31974cbb1e47d0e53b73914d)
2026-10-07 14:37:39.481+00:00 | BftProcessorExecutor-QBFT-0 | INFO  | QbftBesuControllerBuilder | Imported #59 / 0 tx / 0 pending / 0 (0.0%) gas / (0x0eca2492dd3d0d84f9140a8ad3edb17e9e80abc72486865130579c0e1920c89b)
2026-10-07 14:37:41.259+00:00 | EthScheduler-Workers-0 | INFO  | PersistBlockTask | Block 60 (0x7044fe13636a0f694f10f3a20b3c32d50eca16ee514aab6e3d6964b198aad2f8) is already imported
2026-10-07 14:37:41.260+00:00 | BftProcessorExecutor-QBFT-0 | INFO  | QbftBesuControllerBuilder | Imported #60 / 0 tx / 0 pending / 0 (0.0%) gas / (0x7044fe13636a0f694f10f3a20b3c32d50eca16ee514aab6e3d6964b198aad2f8)
2026-10-07 14:37:43.261+00:00 | EthScheduler-Workers-0 | INFO  | PersistBlockTask | Block 61 (0x8de4501799195ff990476024e34224f59780462ae1cd08d8e21f8e9e28baad76) is already imported
2026-10-07 14:37:43.262+00:00 | BftProcessorExecutor-QBFT-0 | INFO  | QbftBesuControllerBuilder | Imported #61 / 0 tx / 0 pending / 0 (0.0%) gas / (0x8de4501799195ff990476024e34224f59780462ae1cd08d8e21f8e9e28baad76)
2026-10-07 14:37:45.264+00:00 | BftProcessorExecutor-QBFT-0 | INFO  | QbftBesuControllerBuilder | Imported #62 / 0 tx / 0 pending / 0 (0.0%) gas / (0xf09ec37df77e61708986fd92ca33a268a1cd4f81440e53199126f5e49db7bb84)
2026-10-07 14:37:47.260+00:00 | EthScheduler-Workers-0 | INFO  | PersistBlockTask | Block 63 (0x59c3a20f3522fd2cad235d9bb8e2a7c4c1aed890bda3ac5a40150b1c93ff11cc) is already imported
2026-10-07 14:37:47.260+00:00 | BftProcessorExecutor-QBFT-0 | INFO  | QbftBesuControllerBuilder | Imported #63 / 0 tx / 0 pending / 0 (0.0%) gas / (0x59c3a20f3522fd2cad235d9bb8e2a7c4c1aed890bda3ac5a40150b1c93ff11cc)
2026-10-07 14:37:49.249+00:00 | BftProcessorExecutor-QBFT-0 | INFO  | QbftBesuControllerBuilder | Imported #64 / 0 tx / 0 pending / 0 (0.0%) gas / (0x877a87326333d59f7c9ef2f3a47c1cb8d597aa6c4efadb008173f743bd23c889)
2026-10-07 14:37:51.259+00:00 | BftProcessorExecutor-QBFT-0 | INFO  | QbftBesuControllerBuilder | Imported #65 / 0 tx / 0 pending / 0 (0.0%) gas / (0x76ff6b8ca7e2e30ed19b38b4aae9936e1a37962d411a8333422ebbfbee928195)
2026-10-07 14:37:51.259+00:00 | EthScheduler-Workers-0 | INFO  | PersistBlockTask | Block 65 (0x76ff6b8ca7e2e30ed19b38b4aae9936e1a37962d411a8333422ebbfbee928195) is already imported
2026-10-07 14:37:53.335+00:00 | BftProcessorExecutor-QBFT-0 | INFO  | QbftBesuControllerBuilder | Imported #66 / 0 tx / 0 pending / 0 (0.0%) gas / (0xd4785d4da78183d3f23d50f307b6e8e518864e9c69d3132944a4eeabe51f87fd)
2026-10-07 14:37:55.332+00:00 | BftProcessorExecutor-QBFT-0 | INFO  | QbftBesuControllerBuilder | Produced #67 / 0 tx / 0 pending / 0 (0.0%) gas / (0xb2e78a8d2b3d76940b0c2ad271d31c90e097b0246a3fc738097f40f24144748f)
2026-10-07 14:37:57.329+00:00 | BftProcessorExecutor-QBFT-0 | INFO  | QbftBesuControllerBuilder | Imported #68 / 0 tx / 0 pending / 0 (0.0%) gas / (0x84a2fec4c4884853536eb2dda755dab5905fa8df8c92e993be2b49d0b30ea88c)
2026-10-07 14:37:59.335+00:00 | BftProcessorExecutor-QBFT-0 | INFO  | QbftBesuControllerBuilder | Imported #69 / 0 tx / 0 pending / 0 (0.0%) gas / (0x6a065619b8c36d67caf1453ac5accb7c643697e362401c24072a497c368622f2)
2026-10-07 14:38:01.323+00:00 | BftProcessorExecutor-QBFT-0 | INFO  | QbftBesuControllerBuilder | Imported #70 / 0 tx / 0 pending / 0 (0.0%) gas / (0x5a66f6b216c57a053b2dc368035fcab4fff9f356489ac4f9cd7fccbdae92733a)
2026-10-07 14:38:03.318+00:00 | BftProcessorExecutor-QBFT-0 | INFO  | QbftBesuControllerBuilder | Imported #71 / 0 tx / 0 pending / 0 (0.0%) gas / (0x13699fae12706e7842792baa9ecfaeffa72df386cfd65459399750bece8dc10e)
2026-10-07 14:38:05.506+00:00 | BftProcessorExecutor-QBFT-0 | INFO  | QbftBesuControllerBuilder | Imported #72 / 0 tx / 0 pending / 0 (0.0%) gas / (0x0d4214a1610f7519e2da9335be303c5b0a339ef57447f3eda0fd0fe49493407c)
2026-10-07 14:38:07.487+00:00 | BftProcessorExecutor-QBFT-0 | INFO  | QbftBesuControllerBuilder | Imported #73 / 0 tx / 0 pending / 0 (0.0%) gas / (0x7f59ca778291741b4a5e5bd4dd16619c6037d6dcab652b63f11215fa02b96d65)
2026-10-07 14:38:09.485+00:00 | BftProcessorExecutor-QBFT-0 | INFO  | QbftBesuControllerBuilder | Imported #74 / 0 tx / 8 pending / 0 (0.0%) gas / (0x0ee6d253dd02fea1695d1e324f69908472edda9de9d8f62be07f6c06b877f43b)
2026-10-07 14:38:11.296+00:00 | EthScheduler-Workers-0 | INFO  | PersistBlockTask | Block 75 (0x5facb82664b9189fad3269ee73c05129e7626b61785bd16527502ad0a1265820) is already imported
2026-10-07 14:38:11.300+00:00 | BftProcessorExecutor-QBFT-0 | INFO  | QbftBesuControllerBuilder | Imported #75 / 1 tx / 7 pending / 153,606 (0.0%) gas / (0x5facb82664b9189fad3269ee73c05129e7626b61785bd16527502ad0a1265820)
2026-10-07 14:38:13.255+00:00 | BftProcessorExecutor-QBFT-0 | INFO  | QbftBesuControllerBuilder | Imported #76 / 1 tx / 6 pending / 153,606 (0.0%) gas / (0x00aef5c2c8466774a8aa9737932cbf271a8ee4ba9273575d31db9854ddca5285)
2026-10-07 14:38:15.270+00:00 | BftProcessorExecutor-QBFT-0 | INFO  | QbftBesuControllerBuilder | Imported #77 / 1 tx / 5 pending / 153,618 (0.0%) gas / (0x8a72817ba2edb6149c1397d4cee461c54f315c49cecc7d3f5ad08042fedcf847)
2026-10-07 14:38:17.266+00:00 | BftProcessorExecutor-QBFT-0 | INFO  | QbftBesuControllerBuilder | Imported #78 / 1 tx / 4 pending / 153,638 (0.0%) gas / (0x3cbae78b3525ca305fc8a30c2e21e42d26cd032d954448d9ba4cd5b398a5a768)
2026-10-07 14:38:19.272+00:00 | BftProcessorExecutor-QBFT-0 | INFO  | QbftBesuControllerBuilder | Imported #79 / 1 tx / 3 pending / 153,606 (0.0%) gas / (0x2fa50e7fa9c5d70b01482af050f495e8ab9e62290c01dc07b235fb11acf90e40)
2026-10-07 14:38:21.257+00:00 | BftProcessorExecutor-QBFT-0 | INFO  | QbftBesuControllerBuilder | Imported #80 / 1 tx / 2 pending / 153,614 (0.0%) gas / (0x21de51a1513f872ac59fcdd1f39d99c1ea5944909c1aa03e968506dad21f0969)
2026-10-07 14:38:23.356+00:00 | EthScheduler-Workers-0 | INFO  | PersistBlockTask | Block 81 (0xe34f1f6424c6e09feaaa757c960a39712b9666bfd1dfaeca3ad22b4e40e981ed) is already imported
2026-10-07 14:38:23.357+00:00 | BftProcessorExecutor-QBFT-0 | INFO  | QbftBesuControllerBuilder | Imported #81 / 1 tx / 1 pending / 153,638 (0.0%) gas / (0xe34f1f6424c6e09feaaa757c960a39712b9666bfd1dfaeca3ad22b4e40e981ed)
2026-10-07 14:38:25.341+00:00 | BftProcessorExecutor-QBFT-0 | INFO  | QbftBesuControllerBuilder | Produced #82 / 1 tx / 0 pending / 153,618 (0.0%) gas / (0x7162f68ddeb9f1c6119f0bdde2f1b99b06cffe823a6db7db56d460ebf5e8b0e9)
2026-10-07 14:38:27.328+00:00 | BftProcessorExecutor-QBFT-0 | INFO  | QbftBesuControllerBuilder | Imported #83 / 0 tx / 0 pending / 0 (0.0%) gas / (0x84b61f49c72bfba7f35c9fd0ad830daf644821e2f7686336bad5f53c3e656322)
2026-10-07 14:38:29.338+00:00 | BftProcessorExecutor-QBFT-0 | INFO  | QbftBesuControllerBuilder | Imported #84 / 0 tx / 0 pending / 0 (0.0%) gas / (0xcce69cc98d52685319d8f6e32220646bd2a449f4e0311c3617f0e94fc54e186c)
2026-10-07 14:38:29.338+00:00 | EthScheduler-Workers-0 | INFO  | PersistBlockTask | Block 84 (0xcce69cc98d52685319d8f6e32220646bd2a449f4e0311c3617f0e94fc54e186c) is already imported
2026-10-07 14:38:31.322+00:00 | BftProcessorExecutor-QBFT-0 | INFO  | QbftBesuControllerBuilder | Imported #85 / 0 tx / 0 pending / 0 (0.0%) gas / (0x2dc216b0adbdb07b9d07111343715169026ae7bc25fb9281bec224f9eca5d4c2)
2026-10-07 14:38:33.345+00:00 | EthScheduler-Workers-0 | INFO  | PersistBlockTask | Block 86 (0x461b01fd0a49a7335bc3be4a3069fd6bb658944ae63893cf36625b4a298361f4) is already imported
2026-10-07 14:38:33.345+00:00 | BftProcessorExecutor-QBFT-0 | INFO  | QbftBesuControllerBuilder | Imported #86 / 0 tx / 0 pending / 0 (0.0%) gas / (0x461b01fd0a49a7335bc3be4a3069fd6bb658944ae63893cf36625b4a298361f4)
2026-10-07 14:38:35.900+00:00 | BftProcessorExecutor-QBFT-0 | INFO  | QbftBesuControllerBuilder | Imported #87 / 6 tx / 301 pending / 1,451,820 (0.0%) gas / (0xcc1d9fd57eda8986cb38df6e3e7bc667773e83247ee16a5d5e8a4a4a210150a7)
2026-10-07 14:38:40.491+00:00 | EthScheduler-Workers-0 | INFO  | PersistBlockTask | Block 88 (0xf532f9afbdffd2ac23a6a2075ddc46b5159038574d78b06140b205709f6ecfbc) is already imported
2026-10-07 14:38:40.493+00:00 | BftProcessorExecutor-QBFT-0 | INFO  | QbftBesuControllerBuilder | Imported #88 / 49 tx / 1640 pending / 11,856,530 (0.0%) gas / (0xf532f9afbdffd2ac23a6a2075ddc46b5159038574d78b06140b205709f6ecfbc)
2026-10-07 14:38:44.549+00:00 | BftProcessorExecutor-QBFT-0 | INFO  | QbftBesuControllerBuilder | Imported #89 / 128 tx / 1842 pending / 30,972,160 (0.0%) gas / (0x41143e138f151587062bfbae443a856e36da67a1a1564ad8568d2792430d28a0)
2026-10-07 14:38:46.898+00:00 | EthScheduler-Workers-0 | INFO  | PersistBlockTask | Block 90 (0x170f044553fdc590982cdcb51484b67d7087257c1fcddd4de80a952cdcee0f14) is already imported
2026-10-07 14:38:46.901+00:00 | BftProcessorExecutor-QBFT-0 | INFO  | QbftBesuControllerBuilder | Imported #90 / 138 tx / 1727 pending / 33,391,860 (0.0%) gas / (0x170f044553fdc590982cdcb51484b67d7087257c1fcddd4de80a952cdcee0f14)
2026-10-07 14:38:49.316+00:00 | BftProcessorExecutor-QBFT-0 | INFO  | QbftBesuControllerBuilder | Imported #91 / 138 tx / 1589 pending / 33,391,860 (0.0%) gas / (0x826e313c43e8e753be735e574409b16f85dc8dab63164af32a4086b2c00c189b)
2026-10-07 14:38:51.538+00:00 | BftProcessorExecutor-QBFT-0 | INFO  | QbftBesuControllerBuilder | Imported #92 / 138 tx / 1451 pending / 33,391,860 (0.0%) gas / (0x2078b54e8f85f525a06761a304f0f3677a005d709c92aac52e3bce0446d6991c)
2026-10-07 14:38:53.768+00:00 | BftProcessorExecutor-QBFT-0 | INFO  | QbftBesuControllerBuilder | Imported #93 / 137 tx / 1314 pending / 33,149,890 (0.0%) gas / (0xf7186a199f27785a94c83180ff82c6a774d59fad517dd9f5709afc8d19b2291a)
2026-10-07 14:38:56.236+00:00 | BftProcessorExecutor-QBFT-0 | INFO  | QbftBesuControllerBuilder | Imported #94 / 137 tx / 1177 pending / 33,149,890 (0.0%) gas / (0x359e8d826268e9a7568962f20027224d41e763ee63c2f3ca1a283121d71a53c3)
2026-10-07 14:38:58.510+00:00 | EthScheduler-Workers-0 | INFO  | PersistBlockTask | Block 95 (0xe6a6b46691d1a058e204a1f5b6e91ac04cab8223cfadce2388c2b8d528e58345) is already imported
2026-10-07 14:38:58.511+00:00 | BftProcessorExecutor-QBFT-0 | INFO  | QbftBesuControllerBuilder | Imported #95 / 136 tx / 1041 pending / 32,907,920 (0.0%) gas / (0xe6a6b46691d1a058e204a1f5b6e91ac04cab8223cfadce2388c2b8d528e58345)
2026-10-07 14:39:00.676+00:00 | BftProcessorExecutor-QBFT-0 | INFO  | QbftBesuControllerBuilder | Imported #96 / 136 tx / 905 pending / 32,907,920 (0.0%) gas / (0xf6764a5c184d320e612ed7b994007ca7217557feef23e8ed453d4792c6868da4)
2026-10-07 14:39:02.930+00:00 | BftProcessorExecutor-QBFT-0 | INFO  | QbftBesuControllerBuilder | Produced #97 / 136 tx / 769 pending / 32,907,920 (0.0%) gas / (0xedf2e5762fc50322234d206403d83324647523a0c7e431ff9edb814e96865b4d)
2026-10-07 14:39:05.325+00:00 | BftProcessorExecutor-QBFT-0 | INFO  | QbftBesuControllerBuilder | Imported #98 / 136 tx / 633 pending / 32,907,920 (0.0%) gas / (0x78ec1c8ee45d28e839c9f003f3f21057b35c20e86d5cb7c89a118745e149da2c)
2026-10-07 14:39:07.638+00:00 | BftProcessorExecutor-QBFT-0 | INFO  | QbftBesuControllerBuilder | Imported #99 / 136 tx / 497 pending / 32,907,920 (0.0%) gas / (0x46bbefb218a658cc9cfc399a1269417b5e1a0b8717c289dce18e51277d3dd37b)
2026-10-07 14:39:10.029+00:00 | BftProcessorExecutor-QBFT-0 | INFO  | QbftBesuControllerBuilder | Imported #100 / 136 tx / 361 pending / 32,907,920 (0.0%) gas / (0x2abe827f5c1839e08eec9c309d08d367c12083a338828131437ed9a1526f699d)
2026-10-07 14:39:12.278+00:00 | BftProcessorExecutor-QBFT-0 | INFO  | QbftBesuControllerBuilder | Imported #101 / 136 tx / 225 pending / 32,907,920 (0.0%) gas / (0xb5ddc4d30006f4ed0e611a8bac234110e9c6ddb6e24ade9312ed66efef67c52f)
2026-10-07 14:39:14.786+00:00 | BftProcessorExecutor-QBFT-0 | INFO  | QbftBesuControllerBuilder | Imported #102 / 130 tx / 95 pending / 31,456,100 (0.0%) gas / (0xf2a60306317b44c5d4d3c0baf82fdf3909872d895da05c89761fe5a274203800)
2026-10-07 14:39:14.785+00:00 | EthScheduler-Workers-0 | INFO  | PersistBlockTask | Block 102 (0xf2a60306317b44c5d4d3c0baf82fdf3909872d895da05c89761fe5a274203800) is already imported
2026-10-07 14:39:16.632+00:00 | EthScheduler-Workers-0 | INFO  | PersistBlockTask | Block 103 (0x1228f7e03bfc581c20198d749eb32bff7332bf8bad97af5ba6e2732b1ffde562) is already imported
2026-10-07 14:39:16.632+00:00 | BftProcessorExecutor-QBFT-0 | INFO  | QbftBesuControllerBuilder | Imported #103 / 87 tx / 8 pending / 21,051,390 (0.0%) gas / (0x1228f7e03bfc581c20198d749eb32bff7332bf8bad97af5ba6e2732b1ffde562)
2026-10-07 14:39:17.653+00:00 | BftProcessorExecutor-QBFT-0 | INFO  | QbftBesuControllerBuilder | Imported #104 / 8 tx / 0 pending / 1,935,760 (0.0%) gas / (0x7967b273728f162cbb74343e166623fb83c3359285e7ae6681de79762701affa)
2026-10-07 14:39:19.254+00:00 | BftProcessorExecutor-QBFT-0 | INFO  | QbftBesuControllerBuilder | Imported #105 / 0 tx / 0 pending / 0 (0.0%) gas / (0xb93a4275268888cce3cdc5cbfb3e915cd94d67e8bd6e63ddb26d3eab48038a5d)
2026-10-07 14:39:21.256+00:00 | BftProcessorExecutor-QBFT-0 | INFO  | QbftBesuControllerBuilder | Imported #106 / 0 tx / 0 pending / 0 (0.0%) gas / (0x8ded3d86343f18dc1aa1d4ac3ade4f4affcf3350ccf5df393f6ec2b49bccc096)
2026-10-07 14:39:23.251+00:00 | BftProcessorExecutor-QBFT-0 | INFO  | QbftBesuControllerBuilder | Imported #107 / 0 tx / 0 pending / 0 (0.0%) gas / (0xae6f397ff0bcab7e92729a7aedbccfe04652fb0263757fc0f9ac3365b849235f)
2026-10-07 14:39:23.251+00:00 | EthScheduler-Workers-0 | INFO  | PersistBlockTask | Block 107 (0xae6f397ff0bcab7e92729a7aedbccfe04652fb0263757fc0f9ac3365b849235f) is already imported
2026-10-07 14:39:25.255+00:00 | BftProcessorExecutor-QBFT-0 | INFO  | QbftBesuControllerBuilder | Imported #108 / 0 tx / 0 pending / 0 (0.0%) gas / (0xf95cda99fda17d90641f1c62216e01cff1385c74ec5419f39eb774c58c9f27ef)
2026-10-07 14:39:27.256+00:00 | BftProcessorExecutor-QBFT-0 | INFO  | QbftBesuControllerBuilder | Imported #109 / 0 tx / 0 pending / 0 (0.0%) gas / (0xedb2ac749bd1d1b4a89db091711ed464d40dc37bc1e41d3e069fc9f94155b07d)
2026-10-07 14:39:27.257+00:00 | EthScheduler-Workers-0 | INFO  | PersistBlockTask | Block 109 (0xedb2ac749bd1d1b4a89db091711ed464d40dc37bc1e41d3e069fc9f94155b07d) is already imported
2026-10-07 14:39:29.249+00:00 | BftProcessorExecutor-QBFT-0 | INFO  | QbftBesuControllerBuilder | Imported #110 / 0 tx / 0 pending / 0 (0.0%) gas / (0x4477f340ec46c78f8adf1d71acfd0b9f1a8db6c84a45ffaee098c80285bd0201)
2026-10-07 14:39:31.333+00:00 | BftProcessorExecutor-QBFT-0 | INFO  | QbftBesuControllerBuilder | Imported #111 / 0 tx / 0 pending / 0 (0.0%) gas / (0xa1d962a4aa46d19a88e21b0704a6dd183d38110c17edf4e804495b3b2707501c)
2026-10-07 14:39:33.310+00:00 | BftProcessorExecutor-QBFT-0 | INFO  | QbftBesuControllerBuilder | Produced #112 / 0 tx / 0 pending / 0 (0.0%) gas / (0x0e9cc630d4dce5679a2430fe279245b0b18e3d6a89919458c46d9e7620f3e1de)
2026-10-07 14:39:35.322+00:00 | BftProcessorExecutor-QBFT-0 | INFO  | QbftBesuControllerBuilder | Imported #113 / 0 tx / 0 pending / 0 (0.0%) gas / (0x85a22d7e55565c202e118a2636c13b9f98df2728a2fb9335685b08d4cd702485)
2026-10-07 14:39:37.345+00:00 | BftProcessorExecutor-QBFT-0 | INFO  | QbftBesuControllerBuilder | Imported #114 / 0 tx / 0 pending / 0 (0.0%) gas / (0xe572b153e7260a5bf8bab82f2d04abcb1c4ed040fcf9c32cd29209d86046d36f)
2026-10-07 14:39:37.345+00:00 | EthScheduler-Workers-0 | INFO  | PersistBlockTask | Block 114 (0xe572b153e7260a5bf8bab82f2d04abcb1c4ed040fcf9c32cd29209d86046d36f) is already imported
2026-10-07 14:39:39.322+00:00 | BftProcessorExecutor-QBFT-0 | INFO  | QbftBesuControllerBuilder | Imported #115 / 0 tx / 0 pending / 0 (0.0%) gas / (0x06d0b2ea459635d694eb6191367956c612dfdc79df32ea18644b7d078a255b93)
2026-10-07 14:39:41.323+00:00 | BftProcessorExecutor-QBFT-0 | INFO  | QbftBesuControllerBuilder | Imported #116 / 0 tx / 0 pending / 0 (0.0%) gas / (0x29f6896ee790aeb9b3c690f43ea47c91b1a2f3a73d4c6632562c623fdd2a351a)
2026-10-07 14:39:43.466+00:00 | BftProcessorExecutor-QBFT-0 | INFO  | QbftBesuControllerBuilder | Imported #117 / 0 tx / 0 pending / 0 (0.0%) gas / (0xdf835bed06b4540a3e678799de913d552b672597aacb0efb40f627c6e0eb6853)
2026-10-07 14:39:45.489+00:00 | EthScheduler-Workers-0 | INFO  | PersistBlockTask | Block 118 (0x09d2bfbff8eaaf4df1fea95ad39dff7ff08711a4c1771f5ca6a2866a9b1266c6) is already imported
2026-10-07 14:39:45.490+00:00 | BftProcessorExecutor-QBFT-0 | INFO  | QbftBesuControllerBuilder | Imported #118 / 0 tx / 8 pending / 0 (0.0%) gas / (0x09d2bfbff8eaaf4df1fea95ad39dff7ff08711a4c1771f5ca6a2866a9b1266c6)
2026-10-07 14:39:47.442+00:00 | BftProcessorExecutor-QBFT-0 | INFO  | QbftBesuControllerBuilder | Imported #119 / 0 tx / 8 pending / 0 (0.0%) gas / (0x9690c29bab427fb2772ed5884fde5be96d8a632766add54089e399a07e497246)
2026-10-07 14:39:49.275+00:00 | EthScheduler-Workers-0 | INFO  | PersistBlockTask | Block 120 (0x9fab32394e67675aef055aca3b457107e65670c479904a81dec94a6e7aecb6c0) is already imported
2026-10-07 14:39:49.276+00:00 | BftProcessorExecutor-QBFT-0 | INFO  | QbftBesuControllerBuilder | Imported #120 / 1 tx / 7 pending / 153,638 (0.0%) gas / (0x9fab32394e67675aef055aca3b457107e65670c479904a81dec94a6e7aecb6c0)
2026-10-07 14:39:51.265+00:00 | EthScheduler-Workers-0 | INFO  | PersistBlockTask | Block 121 (0xa1bea6e4cf7adb6d2d2ecfa7f2b08e4e54b92af86e86c041d6bdd5922678ca61) is already imported
2026-10-07 14:39:51.265+00:00 | BftProcessorExecutor-QBFT-0 | INFO  | QbftBesuControllerBuilder | Imported #121 / 1 tx / 6 pending / 153,638 (0.0%) gas / (0xa1bea6e4cf7adb6d2d2ecfa7f2b08e4e54b92af86e86c041d6bdd5922678ca61)
2026-10-07 14:39:53.284+00:00 | EthScheduler-Workers-0 | INFO  | PersistBlockTask | Block 122 (0xf49ca4590f11589deae2d0ff8b5bf951752699ae8223dfc21e4bee5636de9773) is already imported
2026-10-07 14:39:53.284+00:00 | BftProcessorExecutor-QBFT-0 | INFO  | QbftBesuControllerBuilder | Imported #122 / 1 tx / 5 pending / 153,626 (0.0%) gas / (0xf49ca4590f11589deae2d0ff8b5bf951752699ae8223dfc21e4bee5636de9773)
2026-10-07 14:39:55.288+00:00 | EthScheduler-Workers-0 | INFO  | PersistBlockTask | Block 123 (0x8c7d80c6baf1dc12666774e6fcffd51a9c4b71a02fa522a18758ab1df80a7812) is already imported
2026-10-07 14:39:55.288+00:00 | BftProcessorExecutor-QBFT-0 | INFO  | QbftBesuControllerBuilder | Imported #123 / 1 tx / 4 pending / 153,618 (0.0%) gas / (0x8c7d80c6baf1dc12666774e6fcffd51a9c4b71a02fa522a18758ab1df80a7812)
2026-10-07 14:39:57.275+00:00 | BftProcessorExecutor-QBFT-0 | INFO  | QbftBesuControllerBuilder | Imported #124 / 1 tx / 3 pending / 153,626 (0.0%) gas / (0x2627c33947b01751898240722fe84d78bd7c9fc13dbd0bf78cb9124180b6c029)
2026-10-07 14:39:59.291+00:00 | BftProcessorExecutor-QBFT-0 | INFO  | QbftBesuControllerBuilder | Imported #125 / 1 tx / 2 pending / 153,626 (0.0%) gas / (0xdaa7bd13e474f05522e29bcc08160d637731965570884640f19fa3eecd30ab6f)
2026-10-07 14:40:01.360+00:00 | BftProcessorExecutor-QBFT-0 | INFO  | QbftBesuControllerBuilder | Imported #126 / 1 tx / 1 pending / 153,626 (0.0%) gas / (0xde3095dee0075e85bbc46f0642cf7f62cf269ad4d84a53fad2044a0f1e1de1be)
2026-10-07 14:40:01.362+00:00 | EthScheduler-Workers-0 | INFO  | PersistBlockTask | Block 126 (0xde3095dee0075e85bbc46f0642cf7f62cf269ad4d84a53fad2044a0f1e1de1be) is already imported
2026-10-07 14:40:03.353+00:00 | BftProcessorExecutor-QBFT-0 | INFO  | QbftBesuControllerBuilder | Produced #127 / 1 tx / 0 pending / 153,638 (0.0%) gas / (0xbab3ae43ad15f5a0d30095177a5a8c0af9a3683f307997bede25b91fc5881268)
2026-10-07 14:40:05.329+00:00 | BftProcessorExecutor-QBFT-0 | INFO  | QbftBesuControllerBuilder | Imported #128 / 0 tx / 0 pending / 0 (0.0%) gas / (0xb5d4c41ecec0cc1f725058944e0bf2fc310195751246633ce30c9bda92ab0a75)
2026-10-07 14:40:07.336+00:00 | EthScheduler-Workers-0 | INFO  | PersistBlockTask | Block 129 (0x9e8ed64fc8df7fbe6a67b0ca281ad541da030d97443c6bf12d0eeb223ad927ea) is already imported
2026-10-07 14:40:07.336+00:00 | BftProcessorExecutor-QBFT-0 | INFO  | QbftBesuControllerBuilder | Imported #129 / 0 tx / 0 pending / 0 (0.0%) gas / (0x9e8ed64fc8df7fbe6a67b0ca281ad541da030d97443c6bf12d0eeb223ad927ea)
2026-10-07 14:40:09.346+00:00 | BftProcessorExecutor-QBFT-0 | INFO  | QbftBesuControllerBuilder | Imported #130 / 0 tx / 0 pending / 0 (0.0%) gas / (0x2032276dcad4fc4eaf5bf00c869a427f9e67f9f35714d5708c100787f68187cc)
2026-10-07 14:40:09.348+00:00 | EthScheduler-Workers-0 | INFO  | PersistBlockTask | Block 130 (0x2032276dcad4fc4eaf5bf00c869a427f9e67f9f35714d5708c100787f68187cc) is already imported
2026-10-07 14:40:11.333+00:00 | BftProcessorExecutor-QBFT-0 | INFO  | QbftBesuControllerBuilder | Imported #131 / 0 tx / 0 pending / 0 (0.0%) gas / (0x6c19b81f0ba1dcbf5fb9384138f7d4f16ec91825dd8cfb80b30af717a362892d)
2026-10-07 14:40:13.444+00:00 | BftProcessorExecutor-QBFT-0 | INFO  | QbftBesuControllerBuilder | Imported #132 / 0 tx / 59 pending / 0 (0.0%) gas / (0xafc6c3d76ff51d7a8425c51e0d22b0595a6bd8a74acc4a1fda9b303c665a7b22)
2026-10-07 14:40:17.220+00:00 | BftProcessorExecutor-QBFT-0 | INFO  | QbftBesuControllerBuilder | Imported #133 / 38 tx / 1106 pending / 9,194,860 (0.0%) gas / (0xc0f4de4597827b2c46b510a9f6832aaecc132dc0dba98b4d494ca44ebbe6397c)
2026-10-07 14:40:17.220+00:00 | EthScheduler-Workers-0 | INFO  | PersistBlockTask | Block 133 (0xc0f4de4597827b2c46b510a9f6832aaecc132dc0dba98b4d494ca44ebbe6397c) is already imported
2026-10-07 14:40:20.015+00:00 | EthScheduler-Workers-0 | INFO  | PersistBlockTask | Block 134 (0x37baca35e9381abb5d2a6d60ba862a6674c4c5bfb5e75bd8175734d87fa77845) is already imported
2026-10-07 14:40:20.016+00:00 | BftProcessorExecutor-QBFT-0 | INFO  | QbftBesuControllerBuilder | Imported #134 / 87 tx / 1776 pending / 21,051,390 (0.0%) gas / (0x37baca35e9381abb5d2a6d60ba862a6674c4c5bfb5e75bd8175734d87fa77845)
2026-10-07 14:40:22.205+00:00 | BftProcessorExecutor-QBFT-0 | INFO  | QbftBesuControllerBuilder | Imported #135 / 138 tx / 1753 pending / 33,391,860 (0.0%) gas / (0x8662b1d597205106fbdaf33df2ee8c0be73034b64208e79114ecd7080a5f5223)
2026-10-07 14:40:24.496+00:00 | EthScheduler-Workers-0 | INFO  | PersistBlockTask | Block 136 (0xb6664d348aec0ecdb3e90b8dfbdd61dcb4a475a736170f88f0b1385c5e367b51) is already imported
2026-10-07 14:40:24.498+00:00 | BftProcessorExecutor-QBFT-0 | INFO  | QbftBesuControllerBuilder | Imported #136 / 138 tx / 1647 pending / 33,391,860 (0.0%) gas / (0xb6664d348aec0ecdb3e90b8dfbdd61dcb4a475a736170f88f0b1385c5e367b51)
2026-10-07 14:40:26.653+00:00 | BftProcessorExecutor-QBFT-0 | INFO  | QbftBesuControllerBuilder | Imported #137 / 138 tx / 1509 pending / 33,391,860 (0.0%) gas / (0xf7c8ed73424cee15c277c19e32efecc6554072f5d720cddfd4a3a87658f193a8)
2026-10-07 14:40:28.969+00:00 | BftProcessorExecutor-QBFT-0 | INFO  | QbftBesuControllerBuilder | Imported #138 / 137 tx / 1372 pending / 33,149,890 (0.0%) gas / (0x17fbb91c9c602190c4dfbf1b36c9e4e03023c3d221b03290cd5d5bca27a0b8cb)
2026-10-07 14:40:31.213+00:00 | BftProcessorExecutor-QBFT-0 | INFO  | QbftBesuControllerBuilder | Imported #139 / 137 tx / 1235 pending / 33,149,890 (0.0%) gas / (0x2301893626bafd20e56a84d80908fbf9aeb0c6aca18688968518fcfe648f43b0)
2026-10-07 14:40:33.434+00:00 | BftProcessorExecutor-QBFT-0 | INFO  | QbftBesuControllerBuilder | Imported #140 / 136 tx / 1099 pending / 32,907,920 (0.0%) gas / (0xaa84236c86a38005afae79904140d52b7ead05707725008f03f8541dfab99c5f)
2026-10-07 14:40:35.750+00:00 | BftProcessorExecutor-QBFT-0 | INFO  | QbftBesuControllerBuilder | Imported #141 / 136 tx / 963 pending / 32,907,920 (0.0%) gas / (0xab4c4c4a80483e67f6c2f5718d478f14245f1944e5b6bef7417c1fec5c3a7a68)
2026-10-07 14:40:38.017+00:00 | BftProcessorExecutor-QBFT-0 | INFO  | QbftBesuControllerBuilder | Produced #142 / 136 tx / 827 pending / 32,907,920 (0.0%) gas / (0x3d0eba6f435eeb6d8e51b0930c4781fc127d28085bfc681c603d30f786fe7777)
2026-10-07 14:40:40.361+00:00 | EthScheduler-Workers-0 | INFO  | PersistBlockTask | Block 143 (0x4253d84045f81daf7d81cc70e74b7f7d6d077f3368ad809b6e0b6d9596da63fc) is already imported
2026-10-07 14:40:40.362+00:00 | BftProcessorExecutor-QBFT-0 | INFO  | QbftBesuControllerBuilder | Imported #143 / 136 tx / 691 pending / 32,907,920 (0.0%) gas / (0x4253d84045f81daf7d81cc70e74b7f7d6d077f3368ad809b6e0b6d9596da63fc)
2026-10-07 14:40:42.661+00:00 | BftProcessorExecutor-QBFT-0 | INFO  | QbftBesuControllerBuilder | Imported #144 / 136 tx / 555 pending / 32,907,920 (0.0%) gas / (0x6bb0e0d4a1233f4edfdb3bf112fa0f8bcf0b8eaec8bc403a420f23dc6dc8718f)
2026-10-07 14:40:44.926+00:00 | EthScheduler-Workers-0 | INFO  | PersistBlockTask | Block 145 (0x9a82167220914728fea0597c78c4213a60391c051535ae88ca774b7b685d2f4f) is already imported
2026-10-07 14:40:44.927+00:00 | BftProcessorExecutor-QBFT-0 | INFO  | QbftBesuControllerBuilder | Imported #145 / 136 tx / 419 pending / 32,907,920 (0.0%) gas / (0x9a82167220914728fea0597c78c4213a60391c051535ae88ca774b7b685d2f4f)
2026-10-07 14:40:47.306+00:00 | BftProcessorExecutor-QBFT-0 | INFO  | QbftBesuControllerBuilder | Imported #146 / 136 tx / 283 pending / 32,907,920 (0.0%) gas / (0x605421c72b7a1899e9a15b0439c80ea7060580f1676c6c0ee1b8ed2555678b72)
2026-10-07 14:40:49.906+00:00 | BftProcessorExecutor-QBFT-0 | INFO  | QbftBesuControllerBuilder | Imported #147 / 136 tx / 147 pending / 32,907,920 (0.0%) gas / (0x8f57c23cef666e78d8996a8dc4df0080ae5b6c3b067fd1cc86a519a62d5e18a7)
2026-10-07 14:40:52.123+00:00 | EthScheduler-Workers-0 | INFO  | PersistBlockTask | Block 148 (0xae6ff1b34f7a1a1de73826604907c59a1586b5b3b6aa81d9eba7f1877b3f4055) is already imported
2026-10-07 14:40:52.123+00:00 | BftProcessorExecutor-QBFT-0 | INFO  | QbftBesuControllerBuilder | Imported #148 / 98 tx / 49 pending / 23,713,060 (0.0%) gas / (0xae6ff1b34f7a1a1de73826604907c59a1586b5b3b6aa81d9eba7f1877b3f4055)
2026-10-07 14:40:53.501+00:00 | BftProcessorExecutor-QBFT-0 | INFO  | QbftBesuControllerBuilder | Imported #149 / 49 tx / 0 pending / 11,856,530 (0.0%) gas / (0x4a30d8e1996a3561a4ce3d9cca103b905d38a397cf67b2bce693059acea619f4)
2026-10-07 14:40:53.500+00:00 | EthScheduler-Workers-0 | INFO  | PersistBlockTask | Block 149 (0x4a30d8e1996a3561a4ce3d9cca103b905d38a397cf67b2bce693059acea619f4) is already imported
2026-10-07 14:40:54.246+00:00 | BftProcessorExecutor-QBFT-0 | INFO  | QbftBesuControllerBuilder | Imported #150 / 0 tx / 0 pending / 0 (0.0%) gas / (0x5392f584029b795296772cf1bb6c80847296dfebf6c02acbb224a5ead24b50f2)
2026-10-07 14:40:56.255+00:00 | BftProcessorExecutor-QBFT-0 | INFO  | QbftBesuControllerBuilder | Imported #151 / 0 tx / 0 pending / 0 (0.0%) gas / (0x17b4f3524be00673cdeeb54a15ce8e7fb93df861c14aad1a1f7e14a79edab19b)
2026-10-07 14:40:58.243+00:00 | BftProcessorExecutor-QBFT-0 | INFO  | QbftBesuControllerBuilder | Imported #152 / 0 tx / 0 pending / 0 (0.0%) gas / (0x44fd029b0b1a70efb46b114489b42834546b8591f0f706e69787f999f8b0e07c)
2026-10-07 14:41:00.257+00:00 | BftProcessorExecutor-QBFT-0 | INFO  | QbftBesuControllerBuilder | Imported #153 / 0 tx / 0 pending / 0 (0.0%) gas / (0x02d0e7148b30f48e5b4d25c7e8a480238fd8e4f3e433f6ee5cc7e4b805e6ee01)
2026-10-07 14:41:02.259+00:00 | EthScheduler-Workers-0 | INFO  | PersistBlockTask | Block 154 (0x1fae0a0416b68331e253ae3bc8ed317a5683973260837efab23f133419d8cdcf) is already imported
2026-10-07 14:41:02.260+00:00 | BftProcessorExecutor-QBFT-0 | INFO  | QbftBesuControllerBuilder | Imported #154 / 0 tx / 0 pending / 0 (0.0%) gas / (0x1fae0a0416b68331e253ae3bc8ed317a5683973260837efab23f133419d8cdcf)
2026-10-07 14:41:04.258+00:00 | BftProcessorExecutor-QBFT-0 | INFO  | QbftBesuControllerBuilder | Imported #155 / 0 tx / 0 pending / 0 (0.0%) gas / (0x4197b13f2f012abaf4fdbf224b463532194460859340a3b6dc797e7263f3bd2b)
2026-10-07 14:41:06.337+00:00 | BftProcessorExecutor-QBFT-0 | INFO  | QbftBesuControllerBuilder | Imported #156 / 0 tx / 0 pending / 0 (0.0%) gas / (0x024ea85c5e773688bb1579bf303eab076974d68c9aa07bc294a0a74a0c50ffba)
2026-10-07 14:41:08.329+00:00 | BftProcessorExecutor-QBFT-0 | INFO  | QbftBesuControllerBuilder | Produced #157 / 0 tx / 0 pending / 0 (0.0%) gas / (0x14a56ce40aae935a5486fea0c74ad47fcf1029b3bdea032c70a25e136362f113)
2026-10-07 14:41:10.328+00:00 | BftProcessorExecutor-QBFT-0 | INFO  | QbftBesuControllerBuilder | Imported #158 / 0 tx / 0 pending / 0 (0.0%) gas / (0x202322be3bdb1aa0b1302a6bf73d86e90e1f9ba56288948bb75ee02758f50bb9)
2026-10-07 14:41:12.323+00:00 | BftProcessorExecutor-QBFT-0 | INFO  | QbftBesuControllerBuilder | Imported #159 / 0 tx / 0 pending / 0 (0.0%) gas / (0xb59adc2748948d687523b0c80cff6d540481fb4af7ea198b7669ab9f93f94a60)
2026-10-07 14:41:14.336+00:00 | BftProcessorExecutor-QBFT-0 | INFO  | QbftBesuControllerBuilder | Imported #160 / 0 tx / 0 pending / 0 (0.0%) gas / (0x6e501fb3b633fe9f125a1988b63f149b26453c1db968134b391f3365aa364681)
2026-10-07 14:41:16.332+00:00 | BftProcessorExecutor-QBFT-0 | INFO  | QbftBesuControllerBuilder | Imported #161 / 0 tx / 0 pending / 0 (0.0%) gas / (0x2cfb91cd55ffcfa5c7a82432858062519b6ceb67a2ccd26abf84276d86a47087)
2026-10-07 14:41:18.489+00:00 | BftProcessorExecutor-QBFT-0 | INFO  | QbftBesuControllerBuilder | Imported #162 / 0 tx / 0 pending / 0 (0.0%) gas / (0xddfd29dd70c40065f50cbb09d1add567eb9fdcba6de5c45e377e361025b01883)
2026-10-07 14:41:20.489+00:00 | BftProcessorExecutor-QBFT-0 | INFO  | QbftBesuControllerBuilder | Imported #163 / 0 tx / 0 pending / 0 (0.0%) gas / (0xd70a2d6b59e7fe8a4dbcabf39a1919e605d59ef4b9900b095f8badd28ce68341)
2026-10-07 14:41:22.486+00:00 | BftProcessorExecutor-QBFT-0 | INFO  | QbftBesuControllerBuilder | Imported #164 / 0 tx / 8 pending / 0 (0.0%) gas / (0x064ff3f866233cdfca81ee4bb2cfa92762bd3394001882dbb5a76ecb1521338a)
2026-10-07 14:41:24.275+00:00 | EthScheduler-Workers-0 | INFO  | PersistBlockTask | Block 165 (0x2a7badea0ed82ab9f94213e943cd1b03c9179ca58d1f0311a6e69fe3c74bd696) is already imported
2026-10-07 14:41:24.275+00:00 | BftProcessorExecutor-QBFT-0 | INFO  | QbftBesuControllerBuilder | Imported #165 / 1 tx / 7 pending / 153,614 (0.0%) gas / (0x2a7badea0ed82ab9f94213e943cd1b03c9179ca58d1f0311a6e69fe3c74bd696)
2026-10-07 14:41:26.272+00:00 | BftProcessorExecutor-QBFT-0 | INFO  | QbftBesuControllerBuilder | Imported #166 / 1 tx / 6 pending / 153,618 (0.0%) gas / (0x8089645859d463de674fd7f4cbd8f0c608cded33d0188e66c9b0310acf36046a)
2026-10-07 14:41:26.274+00:00 | EthScheduler-Workers-0 | INFO  | PersistBlockTask | Block 166 (0x8089645859d463de674fd7f4cbd8f0c608cded33d0188e66c9b0310acf36046a) is already imported
2026-10-07 14:41:28.280+00:00 | EthScheduler-Workers-0 | INFO  | PersistBlockTask | Block 167 (0x242958f32c635eafd34bc0f9d01979fe4686f4409954116700d8ab4ab7980f29) is already imported
2026-10-07 14:41:28.280+00:00 | BftProcessorExecutor-QBFT-0 | INFO  | QbftBesuControllerBuilder | Imported #167 / 1 tx / 5 pending / 153,638 (0.0%) gas / (0x242958f32c635eafd34bc0f9d01979fe4686f4409954116700d8ab4ab7980f29)
2026-10-07 14:41:30.262+00:00 | BftProcessorExecutor-QBFT-0 | INFO  | QbftBesuControllerBuilder | Imported #168 / 1 tx / 4 pending / 153,618 (0.0%) gas / (0xbf1a2569a6b51b00631fbe2a5f8488a1f0fdd6439f39209ea605eeb1134515a5)
2026-10-07 14:41:32.258+00:00 | BftProcessorExecutor-QBFT-0 | INFO  | QbftBesuControllerBuilder | Imported #169 / 1 tx / 3 pending / 153,606 (0.0%) gas / (0x22cbfed3d96f481a1874c06db85c7e46fd622eda55346b9c66ca1fd02485d624)
2026-10-07 14:41:34.268+00:00 | BftProcessorExecutor-QBFT-0 | INFO  | QbftBesuControllerBuilder | Imported #170 / 1 tx / 2 pending / 153,638 (0.0%) gas / (0x767d76f2315ad80716a5b1ebca9487a357b9b87cddadf893ca4ca153f0f94c2a)
2026-10-07 14:41:36.351+00:00 | BftProcessorExecutor-QBFT-0 | INFO  | QbftBesuControllerBuilder | Imported #171 / 1 tx / 1 pending / 153,602 (0.0%) gas / (0xeee44706468ffbbe953e74a95e1f8a03f82dd9168e58b787181980fa6a45a3cf)
2026-10-07 14:41:38.348+00:00 | EthScheduler-Workers-0 | INFO  | PersistBlockTask | Block 172 (0x562c40a652ea4e6b72e9294d5fe55b6a73e9fdea898a26ce3336a8bdca52f433) is already imported
2026-10-07 14:41:38.349+00:00 | BftProcessorExecutor-QBFT-0 | INFO  | QbftBesuControllerBuilder | Produced #172 / 1 tx / 0 pending / 153,618 (0.0%) gas / (0x562c40a652ea4e6b72e9294d5fe55b6a73e9fdea898a26ce3336a8bdca52f433)
2026-10-07 14:41:40.323+00:00 | BftProcessorExecutor-QBFT-0 | INFO  | QbftBesuControllerBuilder | Imported #173 / 0 tx / 0 pending / 0 (0.0%) gas / (0x9974d8a60425e635b4e066edff3857049bd17745d7177876c429a354c7cb29bd)
2026-10-07 14:41:42.320+00:00 | BftProcessorExecutor-QBFT-0 | INFO  | QbftBesuControllerBuilder | Imported #174 / 0 tx / 0 pending / 0 (0.0%) gas / (0x7c4c5b68dbfef1d1a1930cd2084bd40382d7106064ee48fd54a7a077b97c3dca)
2026-10-07 14:41:44.328+00:00 | BftProcessorExecutor-QBFT-0 | INFO  | QbftBesuControllerBuilder | Imported #175 / 0 tx / 0 pending / 0 (0.0%) gas / (0x0de1b6fe0854f3782a69a46eb87188d45e36cfecb5045d5772e724d1db08572b)
2026-10-07 14:41:44.334+00:00 | EthScheduler-Workers-0 | INFO  | PersistBlockTask | Block 175 (0x0de1b6fe0854f3782a69a46eb87188d45e36cfecb5045d5772e724d1db08572b) is already imported
2026-10-07 14:41:46.335+00:00 | EthScheduler-Workers-0 | INFO  | PersistBlockTask | Block 176 (0xceded66ebd07934a2d766baf2ccd1196b28fd04d0ae3587c4dc7a2c069197cbe) is already imported
2026-10-07 14:41:46.336+00:00 | BftProcessorExecutor-QBFT-0 | INFO  | QbftBesuControllerBuilder | Imported #176 / 0 tx / 0 pending / 0 (0.0%) gas / (0xceded66ebd07934a2d766baf2ccd1196b28fd04d0ae3587c4dc7a2c069197cbe)
2026-10-07 14:41:48.893+00:00 | EthScheduler-Workers-0 | INFO  | PersistBlockTask | Block 177 (0xfdeb5b1700c1c66e0aefacbaf51acf1c28be83af2cb086bc73a0211be2ccaea3) is already imported
2026-10-07 14:41:48.893+00:00 | BftProcessorExecutor-QBFT-0 | INFO  | QbftBesuControllerBuilder | Imported #177 / 6 tx / 214 pending / 1,451,820 (0.0%) gas / (0xfdeb5b1700c1c66e0aefacbaf51acf1c28be83af2cb086bc73a0211be2ccaea3)
2026-10-07 14:41:52.266+00:00 | EthScheduler-Workers-0 | INFO  | PersistBlockTask | Block 178 (0xff009369723e15c3b23311fa29b71395642e355aadb5a9437576ecf44452af37) is already imported
2026-10-07 14:41:52.267+00:00 | BftProcessorExecutor-QBFT-0 | INFO  | QbftBesuControllerBuilder | Imported #178 / 34 tx / 1023 pending / 8,226,980 (0.0%) gas / (0xff009369723e15c3b23311fa29b71395642e355aadb5a9437576ecf44452af37)
2026-10-07 14:41:56.789+00:00 | EthScheduler-Workers-0 | INFO  | PersistBlockTask | Block 179 (0xac7c76d96cf52a1554eddd9e43ddf8fc277b26c1e34cad79587d87e4b0aa5e9e) is already imported
2026-10-07 14:41:56.793+00:00 | BftProcessorExecutor-QBFT-0 | INFO  | QbftBesuControllerBuilder | Imported #179 / 79 tx / 1805 pending / 19,115,630 (0.0%) gas / (0xac7c76d96cf52a1554eddd9e43ddf8fc277b26c1e34cad79587d87e4b0aa5e9e)
2026-10-07 14:41:58.986+00:00 | EthScheduler-Workers-0 | INFO  | PersistBlockTask | Block 180 (0xee5c6e798b63f44507305533200779afe88edeaf76fb5febf4992a9296bf51b4) is already imported
2026-10-07 14:41:58.988+00:00 | BftProcessorExecutor-QBFT-0 | INFO  | QbftBesuControllerBuilder | Imported #180 / 138 tx / 1745 pending / 33,391,860 (0.0%) gas / (0xee5c6e798b63f44507305533200779afe88edeaf76fb5febf4992a9296bf51b4)
2026-10-07 14:42:01.256+00:00 | EthScheduler-Workers-0 | INFO  | PersistBlockTask | Block 181 (0x96668d5587ed1fe31314428fa31a5cff9bec09350fb0d083a6c7baa59ab2e797) is already imported
2026-10-07 14:42:01.258+00:00 | BftProcessorExecutor-QBFT-0 | INFO  | QbftBesuControllerBuilder | Imported #181 / 138 tx / 1651 pending / 33,391,860 (0.0%) gas / (0x96668d5587ed1fe31314428fa31a5cff9bec09350fb0d083a6c7baa59ab2e797)
2026-10-07 14:42:03.409+00:00 | BftProcessorExecutor-QBFT-0 | INFO  | QbftBesuControllerBuilder | Imported #182 / 138 tx / 1515 pending / 33,391,860 (0.0%) gas / (0xd0adaaf1cd4018010c5747cacde03ed6382d87c7b28f7979689891c7e237f683)
2026-10-07 14:42:05.510+00:00 | BftProcessorExecutor-QBFT-0 | INFO  | QbftBesuControllerBuilder | Imported #183 / 137 tx / 1378 pending / 33,149,890 (0.0%) gas / (0x3d0b365065f4d3d1e92dbf4ce4de79aa1e1f4fbed34968d53f5fb1137ae04067)
2026-10-07 14:42:07.771+00:00 | BftProcessorExecutor-QBFT-0 | INFO  | QbftBesuControllerBuilder | Imported #184 / 137 tx / 1241 pending / 33,149,890 (0.0%) gas / (0x594c7aa5a9478c80c68e52ec9ae142de358cdccdcb8d8811716d5bed5d6afb63)
2026-10-07 14:42:10.247+00:00 | BftProcessorExecutor-QBFT-0 | INFO  | QbftBesuControllerBuilder | Imported #185 / 136 tx / 1105 pending / 32,907,920 (0.0%) gas / (0xcf5df6bf16c94ffb4b657235cf6430c7e6be0d16eb1b825ea6c8dd0569ad55ff)
2026-10-07 14:42:12.512+00:00 | BftProcessorExecutor-QBFT-0 | INFO  | QbftBesuControllerBuilder | Imported #186 / 136 tx / 969 pending / 32,907,920 (0.0%) gas / (0x31d7749111e2fb25a48eee33de2ca729b67ff62710102ca79d7a6ffcf433bfd4)
2026-10-07 14:42:14.890+00:00 | BftProcessorExecutor-QBFT-0 | INFO  | QbftBesuControllerBuilder | Produced #187 / 136 tx / 833 pending / 32,907,920 (0.0%) gas / (0x52c57f15e79dac4ba3387502443f13695635363721d02de84a6a375c02e08c27)
2026-10-07 14:42:17.345+00:00 | BftProcessorExecutor-QBFT-0 | INFO  | QbftBesuControllerBuilder | Imported #188 / 136 tx / 697 pending / 32,907,920 (0.0%) gas / (0x9976d50488bfaea2f679006955818956a9d870875e9ee6ff4801a5541c94fbc6)
2026-10-07 14:42:19.543+00:00 | BftProcessorExecutor-QBFT-0 | INFO  | QbftBesuControllerBuilder | Imported #189 / 136 tx / 561 pending / 32,907,920 (0.0%) gas / (0x1ae97dec9d1e7240b6b76195b50f7ab410bb8865cb29ffb434c0581929887a58)
2026-10-07 14:42:21.800+00:00 | BftProcessorExecutor-QBFT-0 | INFO  | QbftBesuControllerBuilder | Imported #190 / 136 tx / 425 pending / 32,907,920 (0.0%) gas / (0xa6423abb2b9f59eb4d50508e8114b6293ba694b55d410f3b7da1683e0e2ecdb1)
2026-10-07 14:42:24.362+00:00 | EthScheduler-Workers-0 | INFO  | PersistBlockTask | Block 191 (0xd4e6e971cf3a606c89362349f84010672bdaf9da0c3c345e9d0048ccaa745658) is already imported
2026-10-07 14:42:24.364+00:00 | BftProcessorExecutor-QBFT-0 | INFO  | QbftBesuControllerBuilder | Imported #191 / 136 tx / 289 pending / 32,907,920 (0.0%) gas / (0xd4e6e971cf3a606c89362349f84010672bdaf9da0c3c345e9d0048ccaa745658)
2026-10-07 14:42:26.973+00:00 | EthScheduler-Workers-0 | INFO  | PersistBlockTask | Block 192 (0x48a235926d5cf5163a11cf840b619597a7f7f5afe44919279a0bd4cfd093a82a) is already imported
2026-10-07 14:42:26.974+00:00 | BftProcessorExecutor-QBFT-0 | INFO  | QbftBesuControllerBuilder | Imported #192 / 130 tx / 159 pending / 31,456,100 (0.0%) gas / (0x48a235926d5cf5163a11cf840b619597a7f7f5afe44919279a0bd4cfd093a82a)
2026-10-07 14:42:29.130+00:00 | EthScheduler-Workers-0 | INFO  | PersistBlockTask | Block 193 (0x1ab3492782a8e7323fdb16d88fd74831906c696d7f29a7762778c124816224b0) is already imported
2026-10-07 14:42:29.130+00:00 | BftProcessorExecutor-QBFT-0 | INFO  | QbftBesuControllerBuilder | Imported #193 / 102 tx / 57 pending / 24,680,940 (0.0%) gas / (0x1ab3492782a8e7323fdb16d88fd74831906c696d7f29a7762778c124816224b0)
2026-10-07 14:42:30.574+00:00 | EthScheduler-Workers-0 | INFO  | PersistBlockTask | Block 194 (0x6e9dc0b47d2fc8a04cd1eb32accdf394a1dd8ad7c646050482c7e21f09bdd676) is already imported
2026-10-07 14:42:30.574+00:00 | BftProcessorExecutor-QBFT-0 | INFO  | QbftBesuControllerBuilder | Imported #194 / 57 tx / 0 pending / 13,792,290 (0.0%) gas / (0x6e9dc0b47d2fc8a04cd1eb32accdf394a1dd8ad7c646050482c7e21f09bdd676)
2026-10-07 14:42:31.239+00:00 | BftProcessorExecutor-QBFT-0 | INFO  | QbftBesuControllerBuilder | Imported #195 / 0 tx / 0 pending / 0 (0.0%) gas / (0x441ff45dfb3a8ddf204067b7c19e123e117a1bf4df3a38e7ab99fb96bd76d929)
2026-10-07 14:42:33.256+00:00 | EthScheduler-Workers-0 | INFO  | PersistBlockTask | Block 196 (0x55c47c158b9ebb8caab75098352b391e01eaceb7bee9ff278514f809693322ec) is already imported
2026-10-07 14:42:33.257+00:00 | BftProcessorExecutor-QBFT-0 | INFO  | QbftBesuControllerBuilder | Imported #196 / 0 tx / 0 pending / 0 (0.0%) gas / (0x55c47c158b9ebb8caab75098352b391e01eaceb7bee9ff278514f809693322ec)
2026-10-07 14:42:35.254+00:00 | BftProcessorExecutor-QBFT-0 | INFO  | QbftBesuControllerBuilder | Imported #197 / 0 tx / 0 pending / 0 (0.0%) gas / (0x1c4b72111d6e8d03c4fec751deb78de42ceefd1832b48cb62b82f2fbf2ec61af)
2026-10-07 14:42:37.245+00:00 | BftProcessorExecutor-QBFT-0 | INFO  | QbftBesuControllerBuilder | Imported #198 / 0 tx / 0 pending / 0 (0.0%) gas / (0x78ed78ae76d7d88e5f1349d0f6912194912e30b3d6254e2a7ea29c980d10d0e8)
2026-10-07 14:42:39.255+00:00 | BftProcessorExecutor-QBFT-0 | INFO  | QbftBesuControllerBuilder | Imported #199 / 0 tx / 0 pending / 0 (0.0%) gas / (0xbc715d415dd77a572f0482cc70186aa641da95d4199509c7307952a1058b62d2)
2026-10-07 14:42:41.245+00:00 | BftProcessorExecutor-QBFT-0 | INFO  | QbftBesuControllerBuilder | Imported #200 / 0 tx / 0 pending / 0 (0.0%) gas / (0x64d7f5333f93a078820eb51c50cb3b253a42d64bc3320096e21afd6b72c78768)
2026-10-07 14:42:43.334+00:00 | BftProcessorExecutor-QBFT-0 | INFO  | QbftBesuControllerBuilder | Imported #201 / 0 tx / 0 pending / 0 (0.0%) gas / (0x0335f8ccffe1a57cf1df48e55f6a5b0cf91d4fbbb1f2e83349dcd9b4bd57b26e)
2026-10-07 14:42:45.330+00:00 | BftProcessorExecutor-QBFT-0 | INFO  | QbftBesuControllerBuilder | Produced #202 / 0 tx / 0 pending / 0 (0.0%) gas / (0x80fabfdb382f4c5f2440a704698c666a8755a75b434eea414ceb470119284b6f)
2026-10-07 14:42:47.317+00:00 | BftProcessorExecutor-QBFT-0 | INFO  | QbftBesuControllerBuilder | Imported #203 / 0 tx / 0 pending / 0 (0.0%) gas / (0x8add3059c895eeb952e0f5909ef908fdcf19fbe69a3f5eb8c8064b190ab1601a)
2026-10-07 14:42:49.333+00:00 | EthScheduler-Workers-0 | INFO  | PersistBlockTask | Block 204 (0x270fe209bd51c5e3b46dc4b336776559c7c5e68a50b69cdc92cc52f811ba041e) is already imported
2026-10-07 14:42:49.333+00:00 | BftProcessorExecutor-QBFT-0 | INFO  | QbftBesuControllerBuilder | Imported #204 / 0 tx / 0 pending / 0 (0.0%) gas / (0x270fe209bd51c5e3b46dc4b336776559c7c5e68a50b69cdc92cc52f811ba041e)
2026-10-07 14:42:51.329+00:00 | BftProcessorExecutor-QBFT-0 | INFO  | QbftBesuControllerBuilder | Imported #205 / 0 tx / 0 pending / 0 (0.0%) gas / (0x6fea829761f03f880ab4b3b5b18f97d57e11934d5cef92f42bbb92282a8383bb)
2026-10-07 14:42:53.330+00:00 | BftProcessorExecutor-QBFT-0 | INFO  | QbftBesuControllerBuilder | Imported #206 / 0 tx / 0 pending / 0 (0.0%) gas / (0xd926b75e1d6b20ee8e45cf7c31e8efcf6b509924c7b1d7d019bce0971b28286f)
2026-10-07 14:42:55.465+00:00 | BftProcessorExecutor-QBFT-0 | INFO  | QbftBesuControllerBuilder | Imported #207 / 0 tx / 6 pending / 0 (0.0%) gas / (0xaa63c365cf7daf468ac4b850f4524e3080212222b61ef52fe06af68a19c4ec82)
2026-10-07 14:42:57.528+00:00 | BftProcessorExecutor-QBFT-0 | INFO  | QbftBesuControllerBuilder | Imported #208 / 0 tx / 8 pending / 0 (0.0%) gas / (0x80a84b57e8630016b8980b02004a66e23eabc927900871dee951c9ad535b7ded)
2026-10-07 14:42:59.508+00:00 | BftProcessorExecutor-QBFT-0 | INFO  | QbftBesuControllerBuilder | Imported #209 / 0 tx / 8 pending / 0 (0.0%) gas / (0x53645a9556995ffa81c1b5d512de097e955b5c3c12318093f913cca43698650a)
2026-10-07 14:42:59.509+00:00 | EthScheduler-Workers-0 | INFO  | PersistBlockTask | Block 209 (0x53645a9556995ffa81c1b5d512de097e955b5c3c12318093f913cca43698650a) is already imported
2026-10-07 14:43:01.261+00:00 | BftProcessorExecutor-QBFT-0 | INFO  | QbftBesuControllerBuilder | Imported #210 / 1 tx / 7 pending / 153,618 (0.0%) gas / (0x05496dd693936f990192632265f605bb5946e74d634f28b8112353c8342eb287)
2026-10-07 14:43:01.262+00:00 | EthScheduler-Workers-0 | INFO  | PersistBlockTask | Block 210 (0x05496dd693936f990192632265f605bb5946e74d634f28b8112353c8342eb287) is already imported
2026-10-07 14:43:03.269+00:00 | EthScheduler-Workers-0 | INFO  | PersistBlockTask | Block 211 (0xa8b3316c2ec4ad393a47cbc14226296869ca40f915814f115bfac9d710820f44) is already imported
2026-10-07 14:43:03.269+00:00 | BftProcessorExecutor-QBFT-0 | INFO  | QbftBesuControllerBuilder | Imported #211 / 1 tx / 6 pending / 153,606 (0.0%) gas / (0xa8b3316c2ec4ad393a47cbc14226296869ca40f915814f115bfac9d710820f44)
2026-10-07 14:43:05.277+00:00 | BftProcessorExecutor-QBFT-0 | INFO  | QbftBesuControllerBuilder | Imported #212 / 1 tx / 5 pending / 153,618 (0.0%) gas / (0x3bd2d8ff77f1f9940ed057b52bf5daebedaafa5f77e1820938ad42333c2cfff2)
2026-10-07 14:43:05.280+00:00 | EthScheduler-Workers-0 | INFO  | PersistBlockTask | Block 212 (0x3bd2d8ff77f1f9940ed057b52bf5daebedaafa5f77e1820938ad42333c2cfff2) is already imported
2026-10-07 14:43:07.264+00:00 | EthScheduler-Workers-0 | INFO  | PersistBlockTask | Block 213 (0x3506ea64ea6341bac8a34ce70d1e824e01d3cf447cec6172a746b0a8d4874235) is already imported
2026-10-07 14:43:07.265+00:00 | BftProcessorExecutor-QBFT-0 | INFO  | QbftBesuControllerBuilder | Imported #213 / 1 tx / 4 pending / 153,638 (0.0%) gas / (0x3506ea64ea6341bac8a34ce70d1e824e01d3cf447cec6172a746b0a8d4874235)
2026-10-07 14:43:09.264+00:00 | BftProcessorExecutor-QBFT-0 | INFO  | QbftBesuControllerBuilder | Imported #214 / 1 tx / 3 pending / 153,638 (0.0%) gas / (0x25245023e28db6a3a191973cf267b96ffe086cc327e98de5a974b629ab7c860c)
2026-10-07 14:43:11.280+00:00 | EthScheduler-Workers-0 | INFO  | PersistBlockTask | Block 215 (0x963489406642e3288b1ea99630452f433d092fc423cafb915812a61325385139) is already imported
2026-10-07 14:43:11.280+00:00 | BftProcessorExecutor-QBFT-0 | INFO  | QbftBesuControllerBuilder | Imported #215 / 1 tx / 2 pending / 153,638 (0.0%) gas / (0x963489406642e3288b1ea99630452f433d092fc423cafb915812a61325385139)
2026-10-07 14:43:13.349+00:00 | BftProcessorExecutor-QBFT-0 | INFO  | QbftBesuControllerBuilder | Imported #216 / 1 tx / 1 pending / 153,594 (0.0%) gas / (0x8fbe2a04488d8da7335d4dde9dc4b51d6f07bc25d51ca3fe0374e1eebae0542f)
2026-10-07 14:43:15.331+00:00 | BftProcessorExecutor-QBFT-0 | INFO  | QbftBesuControllerBuilder | Produced #217 / 1 tx / 0 pending / 153,638 (0.0%) gas / (0x0ecf8ce741e370e028bbb20afb83bf2d6541444925166de31ad9e27176d9bf9f)
2026-10-07 14:43:17.332+00:00 | BftProcessorExecutor-QBFT-0 | INFO  | QbftBesuControllerBuilder | Imported #218 / 0 tx / 0 pending / 0 (0.0%) gas / (0x2b1d0b12e21dd08d76754fffc056b2217583e20abb62078f52dcc9e760736982)
2026-10-07 14:43:19.345+00:00 | EthScheduler-Workers-0 | INFO  | PersistBlockTask | Block 219 (0x897aa89fd8753245644d636efc7202e4247f0c4c37e3d456a2a7ed71887539ac) is already imported
2026-10-07 14:43:19.345+00:00 | BftProcessorExecutor-QBFT-0 | INFO  | QbftBesuControllerBuilder | Imported #219 / 0 tx / 0 pending / 0 (0.0%) gas / (0x897aa89fd8753245644d636efc7202e4247f0c4c37e3d456a2a7ed71887539ac)
2026-10-07 14:43:21.341+00:00 | BftProcessorExecutor-QBFT-0 | INFO  | QbftBesuControllerBuilder | Imported #220 / 0 tx / 0 pending / 0 (0.0%) gas / (0x6320975a85c330948d3c451de7b28c7efe0cbbde79edd9369ff9615ebe728e48)
2026-10-07 14:43:23.321+00:00 | BftProcessorExecutor-QBFT-0 | INFO  | QbftBesuControllerBuilder | Imported #221 / 0 tx / 0 pending / 0 (0.0%) gas / (0xb00acbf77dfb1d31893514d893778bcafaa76225b6f2d7f2edfb418f38b71ef8)
2026-10-07 14:43:25.481+00:00 | BftProcessorExecutor-QBFT-0 | INFO  | QbftBesuControllerBuilder | Imported #222 / 0 tx / 73 pending / 0 (0.0%) gas / (0x336337b575b75b3d9bbe9076482f0a571d0258329d3247624d99582a6fad0ca2)
2026-10-07 14:43:29.974+00:00 | BftProcessorExecutor-QBFT-0 | INFO  | QbftBesuControllerBuilder | Imported #223 / 38 tx / 1398 pending / 9,194,860 (0.0%) gas / (0xd2f7a109c6f8d596995a5a494fd8eba84becd0b361ce5c4fdcf9d28ee39ff124)
2026-10-07 14:43:35.479+00:00 | EthScheduler-Workers-0 | INFO  | PersistBlockTask | Block 224 (0xf41a36fd12b8f5e445a58661531a44dda01cc1a793b65bc9163718f0de08457e) is already imported
2026-10-07 14:43:35.480+00:00 | BftProcessorExecutor-QBFT-0 | INFO  | QbftBesuControllerBuilder | Imported #224 / 110 tx / 1888 pending / 26,616,700 (0.0%) gas / (0xf41a36fd12b8f5e445a58661531a44dda01cc1a793b65bc9163718f0de08457e)
2026-10-07 14:43:37.687+00:00 | EthScheduler-Workers-0 | INFO  | PersistBlockTask | Block 225 (0x5ba2f3ee9f2e34a18eaa07e677b086e3ed199b3367045049743d1a2e44f1d98b) is already imported
2026-10-07 14:43:37.688+00:00 | BftProcessorExecutor-QBFT-0 | INFO  | QbftBesuControllerBuilder | Imported #225 / 138 tx / 1762 pending / 33,391,860 (0.0%) gas / (0x5ba2f3ee9f2e34a18eaa07e677b086e3ed199b3367045049743d1a2e44f1d98b)
2026-10-07 14:43:39.884+00:00 | BftProcessorExecutor-QBFT-0 | INFO  | QbftBesuControllerBuilder | Imported #226 / 138 tx / 1624 pending / 33,391,860 (0.0%) gas / (0x457861bdae16d0e2880d0ad2bfff532fcda2d05b8774ddad5026d4fc02f3a5bc)
2026-10-07 14:43:42.301+00:00 | BftProcessorExecutor-QBFT-0 | INFO  | QbftBesuControllerBuilder | Imported #227 / 138 tx / 1486 pending / 33,391,860 (0.0%) gas / (0xff942bd7a26dc1e0424f45d2ba6b88e8776b46da6b48ac3f8327a92109ede063)
2026-10-07 14:43:44.582+00:00 | BftProcessorExecutor-QBFT-0 | INFO  | QbftBesuControllerBuilder | Imported #228 / 137 tx / 1349 pending / 33,149,890 (0.0%) gas / (0x74a8e29ae6049555c70f3259778dbf676c000feb4b884765601486111d183ff5)
2026-10-07 14:43:46.713+00:00 | BftProcessorExecutor-QBFT-0 | INFO  | QbftBesuControllerBuilder | Imported #229 / 137 tx / 1212 pending / 33,149,890 (0.0%) gas / (0xb9918470eab4de36c4d24c5184950543fb8962ce6d0fac8999590e23a5446eba)
2026-10-07 14:43:49.174+00:00 | BftProcessorExecutor-QBFT-0 | INFO  | QbftBesuControllerBuilder | Imported #230 / 136 tx / 1076 pending / 32,907,920 (0.0%) gas / (0x672bc54f9526b4a1300f6ae69e119893bf013ea20f2970e57553a90777d953f0)
2026-10-07 14:43:51.470+00:00 | BftProcessorExecutor-QBFT-0 | INFO  | QbftBesuControllerBuilder | Imported #231 / 136 tx / 940 pending / 32,907,920 (0.0%) gas / (0xe3bef9dab5114e108026d2a3f4f2f153772379a97e39928647600cd4d6f062a7)
2026-10-07 14:43:53.770+00:00 | EthScheduler-Workers-0 | INFO  | PersistBlockTask | Block 232 (0x746bba467d522193f906bd6dea05603c461b3388b569a23e234348e0909a65a0) is already imported
2026-10-07 14:43:53.770+00:00 | BftProcessorExecutor-QBFT-0 | INFO  | QbftBesuControllerBuilder | Produced #232 / 136 tx / 804 pending / 32,907,920 (0.0%) gas / (0x746bba467d522193f906bd6dea05603c461b3388b569a23e234348e0909a65a0)
2026-10-07 14:43:56.096+00:00 | BftProcessorExecutor-QBFT-0 | INFO  | QbftBesuControllerBuilder | Imported #233 / 136 tx / 668 pending / 32,907,920 (0.0%) gas / (0x19a20606aee34b2a40c36f531e7698b082570ecf4c992b041efbffad16265d8d)
2026-10-07 14:43:58.451+00:00 | BftProcessorExecutor-QBFT-0 | INFO  | QbftBesuControllerBuilder | Imported #234 / 136 tx / 532 pending / 32,907,920 (0.0%) gas / (0x990403ec406c8620876e4b6bc3888aa6ff8dbeb88c710d7a114297fefa4b1df9)
2026-10-07 14:44:00.646+00:00 | BftProcessorExecutor-QBFT-0 | INFO  | QbftBesuControllerBuilder | Imported #235 / 136 tx / 396 pending / 32,907,920 (0.0%) gas / (0xc0bdf5faf856c81ede926a0b3f346f18bf7d788b8eca58eede0fc1ef487c9f58)
2026-10-07 14:44:02.940+00:00 | BftProcessorExecutor-QBFT-0 | INFO  | QbftBesuControllerBuilder | Imported #236 / 136 tx / 260 pending / 32,907,920 (0.0%) gas / (0x12ce9a48ecdf6c37bec5d31d0fd66a63dd53b3374f9ad6ec474f63970a227d29)
2026-10-07 14:44:05.626+00:00 | BftProcessorExecutor-QBFT-0 | INFO  | QbftBesuControllerBuilder | Imported #237 / 136 tx / 124 pending / 32,907,920 (0.0%) gas / (0x4e0110fdd9440e48058ae8a560dbf7e5e4cc4ecc8f984d7702cd87c3fbd5fad3)
2026-10-07 14:44:07.629+00:00 | BftProcessorExecutor-QBFT-0 | INFO  | QbftBesuControllerBuilder | Imported #238 / 98 tx / 26 pending / 23,713,060 (0.0%) gas / (0x76c9b2944a5c1cccc6c51d1a345abbfd66f707e2995a0362a79790187b6b996a)
2026-10-07 14:44:07.629+00:00 | EthScheduler-Workers-0 | INFO  | PersistBlockTask | Block 238 (0x76c9b2944a5c1cccc6c51d1a345abbfd66f707e2995a0362a79790187b6b996a) is already imported
2026-10-07 14:44:09.013+00:00 | EthScheduler-Workers-0 | INFO  | PersistBlockTask | Block 239 (0x73ed94770b2203de3fb2eae601bb4e7b61b0d5e692600d57df4624e249894dfd) is already imported
2026-10-07 14:44:09.013+00:00 | BftProcessorExecutor-QBFT-0 | INFO  | QbftBesuControllerBuilder | Imported #239 / 26 tx / 0 pending / 6,291,220 (0.0%) gas / (0x73ed94770b2203de3fb2eae601bb4e7b61b0d5e692600d57df4624e249894dfd)
2026-10-07 14:44:10.234+00:00 | BftProcessorExecutor-QBFT-0 | INFO  | QbftBesuControllerBuilder | Imported #240 / 0 tx / 0 pending / 0 (0.0%) gas / (0xcf73b7c4ad70f4ff38819866e423bf17970f35ea9cccea30946cfac19e078be2)
2026-10-07 14:44:12.265+00:00 | BftProcessorExecutor-QBFT-0 | INFO  | QbftBesuControllerBuilder | Imported #241 / 0 tx / 0 pending / 0 (0.0%) gas / (0xc5cc5271dbab4a44ec90c238672175cb6b5d9eca0b48432436df8e291f565ea4)
2026-10-07 14:44:14.257+00:00 | BftProcessorExecutor-QBFT-0 | INFO  | QbftBesuControllerBuilder | Imported #242 / 0 tx / 0 pending / 0 (0.0%) gas / (0x1aa7a442d63b04160cf132a7f003cbc92dcf1e00ef0b0c8565928e8c1f623dad)
2026-10-07 14:44:16.249+00:00 | BftProcessorExecutor-QBFT-0 | INFO  | QbftBesuControllerBuilder | Imported #243 / 0 tx / 0 pending / 0 (0.0%) gas / (0x06c43a277f6793500170d5796f50401dca0d8e26f2fa08123cfa146e17f64dc3)
2026-10-07 14:44:18.253+00:00 | BftProcessorExecutor-QBFT-0 | INFO  | QbftBesuControllerBuilder | Imported #244 / 0 tx / 0 pending / 0 (0.0%) gas / (0x2a5a287b3ec9ae2510646d9378033d685493eba178ab9c1c1f77bc66cdd43992)
2026-10-07 14:44:18.256+00:00 | EthScheduler-Workers-0 | INFO  | PersistBlockTask | Block 244 (0x2a5a287b3ec9ae2510646d9378033d685493eba178ab9c1c1f77bc66cdd43992) is already imported
2026-10-07 14:44:20.249+00:00 | BftProcessorExecutor-QBFT-0 | INFO  | QbftBesuControllerBuilder | Imported #245 / 0 tx / 0 pending / 0 (0.0%) gas / (0x4b5ac7c0766f4d340cfb5fcde6c6f433ea2bdc5267129b3f3abbec57acd7a0f5)
2026-10-07 14:44:22.315+00:00 | BftProcessorExecutor-QBFT-0 | INFO  | QbftBesuControllerBuilder | Imported #246 / 0 tx / 0 pending / 0 (0.0%) gas / (0x5d3d2330ff6ad49a62498a151d5da2e35ba67b58430403ed1a404992f0c08680)
2026-10-07 14:44:24.312+00:00 | BftProcessorExecutor-QBFT-0 | INFO  | QbftBesuControllerBuilder | Produced #247 / 0 tx / 0 pending / 0 (0.0%) gas / (0x290d024a845d4757a4699f9d752c98470751cc451c334b224204410f8206b56f)
2026-10-07 14:44:26.323+00:00 | EthScheduler-Workers-0 | INFO  | PersistBlockTask | Block 248 (0x3a74c4e49519984d187fc99fd3e2dff1c37496a5d997edd7eabcd8a28c46712d) is already imported
2026-10-07 14:44:26.324+00:00 | BftProcessorExecutor-QBFT-0 | INFO  | QbftBesuControllerBuilder | Imported #248 / 0 tx / 0 pending / 0 (0.0%) gas / (0x3a74c4e49519984d187fc99fd3e2dff1c37496a5d997edd7eabcd8a28c46712d)
2026-10-07 14:44:28.327+00:00 | BftProcessorExecutor-QBFT-0 | INFO  | QbftBesuControllerBuilder | Imported #249 / 0 tx / 0 pending / 0 (0.0%) gas / (0x299bc122f05996a3d830200e7e0cb29c6affd3bb8c26b2a8a163ae038420570f)
2026-10-07 14:44:30.316+00:00 | BftProcessorExecutor-QBFT-0 | INFO  | QbftBesuControllerBuilder | Imported #250 / 0 tx / 0 pending / 0 (0.0%) gas / (0x45732d98eb8d7450c7e7bc8f72452c6e76f1dd5d29321673e4975748131c646b)
2026-10-07 14:44:32.331+00:00 | BftProcessorExecutor-QBFT-0 | INFO  | QbftBesuControllerBuilder | Imported #251 / 0 tx / 0 pending / 0 (0.0%) gas / (0xa62b6b1dc5bfaaeacc739a0b29b94825b7b9a2de12b12f46a8ee57a1b590cd1c)
2026-10-07 14:44:34.527+00:00 | BftProcessorExecutor-QBFT-0 | INFO  | QbftBesuControllerBuilder | Imported #252 / 0 tx / 4 pending / 0 (0.0%) gas / (0xd743ff411108cf38e769a1636a2aa664851578bd0f0e8dafd4c63a605bd5d3c5)
2026-10-07 14:44:36.503+00:00 | BftProcessorExecutor-QBFT-0 | INFO  | QbftBesuControllerBuilder | Imported #253 / 0 tx / 8 pending / 0 (0.0%) gas / (0xe017f439cb6f11f68e1357d9ea39e71f78ad494fcc81588a6cb21f837fcd1635)
2026-10-07 14:44:38.495+00:00 | BftProcessorExecutor-QBFT-0 | INFO  | QbftBesuControllerBuilder | Imported #254 / 0 tx / 8 pending / 0 (0.0%) gas / (0x674371c67c4cc590a28b2604768cb7520f76c4fa99c5a3b6d8eb706409d2570c)
2026-10-07 14:44:40.276+00:00 | EthScheduler-Workers-0 | INFO  | PersistBlockTask | Block 255 (0x04a86230100417ad8f099bc4246645df4057925d0b9f98beead28892788c3601) is already imported
2026-10-07 14:44:40.276+00:00 | BftProcessorExecutor-QBFT-0 | INFO  | QbftBesuControllerBuilder | Imported #255 / 1 tx / 7 pending / 153,618 (0.0%) gas / (0x04a86230100417ad8f099bc4246645df4057925d0b9f98beead28892788c3601)
2026-10-07 14:44:42.258+00:00 | BftProcessorExecutor-QBFT-0 | INFO  | QbftBesuControllerBuilder | Imported #256 / 1 tx / 6 pending / 153,638 (0.0%) gas / (0x0746abd4541c82ef9a68946802de94989bdd84baff8119b7fdbc07116e45cd77)
2026-10-07 14:44:44.266+00:00 | EthScheduler-Workers-0 | INFO  | PersistBlockTask | Block 257 (0x84a5d5fe3030150c3fb3e57b051294444f9a5b32c2346236746d480b1828ae04) is already imported
2026-10-07 14:44:44.267+00:00 | BftProcessorExecutor-QBFT-0 | INFO  | QbftBesuControllerBuilder | Imported #257 / 1 tx / 5 pending / 153,618 (0.0%) gas / (0x84a5d5fe3030150c3fb3e57b051294444f9a5b32c2346236746d480b1828ae04)
2026-10-07 14:44:46.266+00:00 | EthScheduler-Workers-0 | INFO  | PersistBlockTask | Block 258 (0xbbc62f14f1422646c0b36335b820581ac775bab0021ce62260d23de36ab0e238) is already imported
2026-10-07 14:44:46.266+00:00 | BftProcessorExecutor-QBFT-0 | INFO  | QbftBesuControllerBuilder | Imported #258 / 1 tx / 4 pending / 153,638 (0.0%) gas / (0xbbc62f14f1422646c0b36335b820581ac775bab0021ce62260d23de36ab0e238)
2026-10-07 14:44:48.274+00:00 | EthScheduler-Workers-0 | INFO  | PersistBlockTask | Block 259 (0xf5afeadebf0e6a49aa8d718af72cf0150a9b2773958e5c7f5effae170d6be5e1) is already imported
2026-10-07 14:44:48.274+00:00 | BftProcessorExecutor-QBFT-0 | INFO  | QbftBesuControllerBuilder | Imported #259 / 1 tx / 3 pending / 153,638 (0.0%) gas / (0xf5afeadebf0e6a49aa8d718af72cf0150a9b2773958e5c7f5effae170d6be5e1)
2026-10-07 14:44:50.265+00:00 | BftProcessorExecutor-QBFT-0 | INFO  | QbftBesuControllerBuilder | Imported #260 / 1 tx / 2 pending / 153,582 (0.0%) gas / (0xbf5cf0407ce4b8c6b477a00b1096d34a5cffcc0858254dac429940e1b816011a)
2026-10-07 14:44:50.266+00:00 | EthScheduler-Workers-0 | INFO  | PersistBlockTask | Block 260 (0xbf5cf0407ce4b8c6b477a00b1096d34a5cffcc0858254dac429940e1b816011a) is already imported
2026-10-07 14:44:52.342+00:00 | EthScheduler-Workers-0 | INFO  | PersistBlockTask | Block 261 (0x3c4247bdef49df0889e1b7a41d125545a6a3e31364da1586df2d0a4cbc1f3c5e) is already imported
2026-10-07 14:44:52.342+00:00 | BftProcessorExecutor-QBFT-0 | INFO  | QbftBesuControllerBuilder | Imported #261 / 1 tx / 1 pending / 153,606 (0.0%) gas / (0x3c4247bdef49df0889e1b7a41d125545a6a3e31364da1586df2d0a4cbc1f3c5e)
2026-10-07 14:44:54.334+00:00 | BftProcessorExecutor-QBFT-0 | INFO  | QbftBesuControllerBuilder | Produced #262 / 1 tx / 0 pending / 153,606 (0.0%) gas / (0xaa8ae957c1195a6e86e04ecb01b31aad7ef2086fe253dff8bae920952c698951)
2026-10-07 14:44:56.331+00:00 | BftProcessorExecutor-QBFT-0 | INFO  | QbftBesuControllerBuilder | Imported #263 / 0 tx / 0 pending / 0 (0.0%) gas / (0x5d9c13a6a99f3f3466ed6d67719fb430bc81b7a4c1f0c72620702f6ecb55b4f8)
2026-10-07 14:44:58.335+00:00 | BftProcessorExecutor-QBFT-0 | INFO  | QbftBesuControllerBuilder | Imported #264 / 0 tx / 0 pending / 0 (0.0%) gas / (0x7ea392b3253574061c94dc64a5f802a243bd3e8b1473caf624139e9b8b998785)
2026-10-07 14:45:00.333+00:00 | EthScheduler-Workers-0 | INFO  | PersistBlockTask | Block 265 (0xa13b72b0473fbaadfe1ad8bed3a8b8b26d8342973ff9c25834a61944eebe6d0d) is already imported
2026-10-07 14:45:00.334+00:00 | BftProcessorExecutor-QBFT-0 | INFO  | QbftBesuControllerBuilder | Imported #265 / 0 tx / 0 pending / 0 (0.0%) gas / (0xa13b72b0473fbaadfe1ad8bed3a8b8b26d8342973ff9c25834a61944eebe6d0d)
2026-10-07 14:45:02.322+00:00 | BftProcessorExecutor-QBFT-0 | INFO  | QbftBesuControllerBuilder | Imported #266 / 0 tx / 0 pending / 0 (0.0%) gas / (0x2ff8bfdeeadcf22c9d604b8013984a6c6407ef3361c9f60fa737b2490b7b5148)
2026-10-07 14:45:04.490+00:00 | BftProcessorExecutor-QBFT-0 | INFO  | QbftBesuControllerBuilder | Imported #267 / 0 tx / 0 pending / 0 (0.0%) gas / (0x9a18cf17166b9d3ca48f304e0eac6ebd955d96068d7035fcfe5ba6edaee960e8)
2026-10-07 14:45:06.519+00:00 | BftProcessorExecutor-QBFT-0 | INFO  | QbftBesuControllerBuilder | Imported #268 / 0 tx / 0 pending / 0 (0.0%) gas / (0x8934312f38865bc75206d4e4a8a05407b800fda2ce4dddb23a3f2fcbf02dc43a)
2026-10-07 14:45:08.479+00:00 | BftProcessorExecutor-QBFT-0 | INFO  | QbftBesuControllerBuilder | Imported #269 / 0 tx / 0 pending / 0 (0.0%) gas / (0x029a24a295cb50746e81db36a7fd0fe9d6b536f9182dee7734128b64122e109c)
2026-10-07 14:45:10.233+00:00 | BftProcessorExecutor-QBFT-0 | INFO  | QbftBesuControllerBuilder | Imported #270 / 0 tx / 0 pending / 0 (0.0%) gas / (0xdf1d66530d9a9061c52e19bcfb992c5a5d8c1c3729592c0b0247bca52701186c)
2026-10-07 14:45:12.233+00:00 | BftProcessorExecutor-QBFT-0 | INFO  | QbftBesuControllerBuilder | Imported #271 / 0 tx / 0 pending / 0 (0.0%) gas / (0x4b50e5331b68cf25359c126fcc93adfc2addeae366a11d15d3911573810f8e53)
2026-10-07 14:45:14.240+00:00 | BftProcessorExecutor-QBFT-0 | INFO  | QbftBesuControllerBuilder | Imported #272 / 0 tx / 0 pending / 0 (0.0%) gas / (0x69d836ff0ee266186333f3835136d9bbce6cdf19b55da40a293eefeb511a2998)
2026-10-07 14:45:16.236+00:00 | BftProcessorExecutor-QBFT-0 | INFO  | QbftBesuControllerBuilder | Imported #273 / 0 tx / 0 pending / 0 (0.0%) gas / (0x413b17e1821fef04a35226a44d6479b724a21e58712b301cb757842209d697ba)
2026-10-07 14:45:18.243+00:00 | BftProcessorExecutor-QBFT-0 | INFO  | QbftBesuControllerBuilder | Imported #274 / 0 tx / 0 pending / 0 (0.0%) gas / (0xd64b23b6e09e808ca561508c3d22d66ea529afec6c8545de0eb3c8c37124e4d8)
