
$ bash scripts/04c-run-network-apptainer.sh wan
=== Step 0: stop the previous zkRoam Apptainer network ===
$ apptainer exec --cleanenv /tmp/zkroam-hw-22073-TarIRJ/net-heterogeneity/zkroam-besu.sif ip -o link show
$ apptainer exec --cleanenv /tmp/zkroam-hw-22073-TarIRJ/net-heterogeneity/zkroam-besu.sif ip link delete zkroam0
=== Step 1: generate genesis, validator keys, and accounts ===
==========================================
Generating QBFT test network
==========================================

Validators : 15
Client accounts : 2000
Balance/account : 1000000000000000000000 wei

[1/5] Cleaning previous network files...
[2/5] Generating QBFT validators and genesis...
2026-10-07 16:48:46.205+00:00 | main | INFO  | GenerateBlockchainConfig | Generating 15 nodes keys.
2026-10-07 16:48:46.209+00:00 | main | INFO  | GenerateBlockchainConfig | Generating keypair for node 0.
2026-10-07 16:48:46.267+00:00 | main | INFO  | GenerateBlockchainConfig | Generating keypair for node 1.
2026-10-07 16:48:46.271+00:00 | main | INFO  | GenerateBlockchainConfig | Generating keypair for node 2.
2026-10-07 16:48:46.274+00:00 | main | INFO  | GenerateBlockchainConfig | Generating keypair for node 3.
2026-10-07 16:48:46.275+00:00 | main | INFO  | GenerateBlockchainConfig | Generating keypair for node 4.
2026-10-07 16:48:46.277+00:00 | main | INFO  | GenerateBlockchainConfig | Generating keypair for node 5.
2026-10-07 16:48:46.278+00:00 | main | INFO  | GenerateBlockchainConfig | Generating keypair for node 6.
2026-10-07 16:48:46.280+00:00 | main | INFO  | GenerateBlockchainConfig | Generating keypair for node 7.
2026-10-07 16:48:46.281+00:00 | main | INFO  | GenerateBlockchainConfig | Generating keypair for node 8.
2026-10-07 16:48:46.283+00:00 | main | INFO  | GenerateBlockchainConfig | Generating keypair for node 9.
2026-10-07 16:48:46.284+00:00 | main | INFO  | GenerateBlockchainConfig | Generating keypair for node 10.
2026-10-07 16:48:46.285+00:00 | main | INFO  | GenerateBlockchainConfig | Generating keypair for node 11.
2026-10-07 16:48:46.288+00:00 | main | INFO  | GenerateBlockchainConfig | Generating keypair for node 12.
2026-10-07 16:48:46.289+00:00 | main | INFO  | GenerateBlockchainConfig | Generating keypair for node 13.
2026-10-07 16:48:46.290+00:00 | main | INFO  | GenerateBlockchainConfig | Generating keypair for node 14.
2026-10-07 16:48:46.292+00:00 | main | INFO  | GenerateBlockchainConfig | Generating QBFT extra data.
2026-10-07 16:48:46.296+00:00 | main | INFO  | GenerateBlockchainConfig | Writing genesis file.
[3/5] Generating 2000 funded client accounts...
Generating 2000 funded accounts...

Generated 2000 accounts.
Saved to: /tmp/zkroam-hw-22073-TarIRJ/net-heterogeneity/accounts/accounts.json
[4/5] Updating genesis alloc...
Existing configured alloc accounts: 2
Generated workload accounts: 2000

Final genesis alloc contains 2002 accounts.
[5/5] Verifying generated network...

==========================================
QBFT network generation complete
==========================================

Genesis:
  /tmp/zkroam-hw-22073-TarIRJ/net-heterogeneity/networkFiles/genesis.json

Validators:
  /tmp/zkroam-hw-22073-TarIRJ/net-heterogeneity/networkFiles/keys/

Client accounts:
  /tmp/zkroam-hw-22073-TarIRJ/net-heterogeneity/accounts/accounts.json

Validator count:
15

Client account count:
2000

Genesis alloc count:
2002

First 10 client accounts:
000 0xc1Bfe988ba98A722f4F064d1FBB0Eb3f580272e5 balance=1000000000000000000000
001 0x68bF86c787077DC6ce9CDBABeB2d62DE0DbF5725 balance=1000000000000000000000
002 0xaA56366E140Eb7BA61a0dCFddE839Be18d6Ca51E balance=1000000000000000000000
003 0x01c5127B580c0Ad872a9B95ffe7205B5Ca3c857c balance=1000000000000000000000
004 0xEBCBCb2FbBc1272572BDCa1cB72cC26776fD641A balance=1000000000000000000000
005 0xDcbC00c61Fe81311D0781644EC748f8069745F63 balance=1000000000000000000000
006 0x0b53EA3B8319b9495AF3FaEEBA5C8cc517C628DD balance=1000000000000000000000
007 0x4BB5f8dc1D823A59d820066c86Eaa2AD2350E0Ea balance=1000000000000000000000
008 0xB2aCfe96f64cdd9BedE6A41eBba56db810185e39 balance=1000000000000000000000
009 0x8fe18d457Ffc3F8ff1481588b20150f0f5755EeE balance=1000000000000000000000

==========================================
IMPORTANT
==========================================

Client private keys are stored in:
  /tmp/zkroam-hw-22073-TarIRJ/net-heterogeneity/accounts/accounts.json

Do NOT commit this file to Git.

=== Step 2: generate the wan topology ===
Wrote /tmp/zkroam-hw-22073-TarIRJ/net-heterogeneity/networkFiles/topology.json
Region distribution: {'us-east': 3, 'us-west': 3, 'eu-west': 3, 'ap-southeast': 3, 'sa-east': 3}
=== Step 3: start 15 isolated Apptainer-backed validators ===
$ apptainer exec --cleanenv /Utilisateurs/abellach/zkRoam/net-heterogeneity/zkroam-besu.sif ip -o link show
$ apptainer exec --cleanenv /Utilisateurs/abellach/zkRoam/net-heterogeneity/zkroam-besu.sif ip link delete zkroam0
$ apptainer exec --cleanenv /Utilisateurs/abellach/zkRoam/net-heterogeneity/zkroam-besu.sif ip link add zkroam0 type bridge
$ apptainer exec --cleanenv /Utilisateurs/abellach/zkRoam/net-heterogeneity/zkroam-besu.sif ip addr add 172.28.0.1/24 dev zkroam0
$ apptainer exec --cleanenv /Utilisateurs/abellach/zkRoam/net-heterogeneity/zkroam-besu.sif ip link set zkroam0 up
$ apptainer exec --cleanenv /Utilisateurs/abellach/zkRoam/net-heterogeneity/zkroam-besu.sif ip link delete zkh00
$ apptainer exec --cleanenv /Utilisateurs/abellach/zkRoam/net-heterogeneity/zkroam-besu.sif ip link add zkh00 type veth peer name eth0
$ apptainer exec --cleanenv /Utilisateurs/abellach/zkRoam/net-heterogeneity/zkroam-besu.sif ip link set zkh00 master zkroam0
$ apptainer exec --cleanenv /Utilisateurs/abellach/zkRoam/net-heterogeneity/zkroam-besu.sif ip link set zkh00 up
$ apptainer exec --cleanenv /Utilisateurs/abellach/zkRoam/net-heterogeneity/zkroam-besu.sif ip link set eth0 netns 1621764
$ nsenter -t 1621764 -n apptainer exec --cleanenv /Utilisateurs/abellach/zkRoam/net-heterogeneity/zkroam-besu.sif ip link set lo up
$ nsenter -t 1621764 -n apptainer exec --cleanenv /Utilisateurs/abellach/zkRoam/net-heterogeneity/zkroam-besu.sif ip addr add 172.28.0.10/24 dev eth0
$ nsenter -t 1621764 -n apptainer exec --cleanenv /Utilisateurs/abellach/zkRoam/net-heterogeneity/zkroam-besu.sif ip link set eth0 up
$ nsenter -t 1621764 -n apptainer exec --cleanenv /Utilisateurs/abellach/zkRoam/net-heterogeneity/zkroam-besu.sif ip route add default via 172.28.0.1
$ apptainer exec --cleanenv /Utilisateurs/abellach/zkRoam/net-heterogeneity/zkroam-besu.sif ip link delete zkh01
$ apptainer exec --cleanenv /Utilisateurs/abellach/zkRoam/net-heterogeneity/zkroam-besu.sif ip link add zkh01 type veth peer name eth0
$ apptainer exec --cleanenv /Utilisateurs/abellach/zkRoam/net-heterogeneity/zkroam-besu.sif ip link set zkh01 master zkroam0
$ apptainer exec --cleanenv /Utilisateurs/abellach/zkRoam/net-heterogeneity/zkroam-besu.sif ip link set zkh01 up
$ apptainer exec --cleanenv /Utilisateurs/abellach/zkRoam/net-heterogeneity/zkroam-besu.sif ip link set eth0 netns 1622252
$ nsenter -t 1622252 -n apptainer exec --cleanenv /Utilisateurs/abellach/zkRoam/net-heterogeneity/zkroam-besu.sif ip link set lo up
$ nsenter -t 1622252 -n apptainer exec --cleanenv /Utilisateurs/abellach/zkRoam/net-heterogeneity/zkroam-besu.sif ip addr add 172.28.0.11/24 dev eth0
$ nsenter -t 1622252 -n apptainer exec --cleanenv /Utilisateurs/abellach/zkRoam/net-heterogeneity/zkroam-besu.sif ip link set eth0 up
$ nsenter -t 1622252 -n apptainer exec --cleanenv /Utilisateurs/abellach/zkRoam/net-heterogeneity/zkroam-besu.sif ip route add default via 172.28.0.1
$ apptainer exec --cleanenv /Utilisateurs/abellach/zkRoam/net-heterogeneity/zkroam-besu.sif ip link delete zkh02
$ apptainer exec --cleanenv /Utilisateurs/abellach/zkRoam/net-heterogeneity/zkroam-besu.sif ip link add zkh02 type veth peer name eth0
$ apptainer exec --cleanenv /Utilisateurs/abellach/zkRoam/net-heterogeneity/zkroam-besu.sif ip link set zkh02 master zkroam0
$ apptainer exec --cleanenv /Utilisateurs/abellach/zkRoam/net-heterogeneity/zkroam-besu.sif ip link set zkh02 up
$ apptainer exec --cleanenv /Utilisateurs/abellach/zkRoam/net-heterogeneity/zkroam-besu.sif ip link set eth0 netns 1622893
$ nsenter -t 1622893 -n apptainer exec --cleanenv /Utilisateurs/abellach/zkRoam/net-heterogeneity/zkroam-besu.sif ip link set lo up
$ nsenter -t 1622893 -n apptainer exec --cleanenv /Utilisateurs/abellach/zkRoam/net-heterogeneity/zkroam-besu.sif ip addr add 172.28.0.12/24 dev eth0
$ nsenter -t 1622893 -n apptainer exec --cleanenv /Utilisateurs/abellach/zkRoam/net-heterogeneity/zkroam-besu.sif ip link set eth0 up
$ nsenter -t 1622893 -n apptainer exec --cleanenv /Utilisateurs/abellach/zkRoam/net-heterogeneity/zkroam-besu.sif ip route add default via 172.28.0.1
$ apptainer exec --cleanenv /Utilisateurs/abellach/zkRoam/net-heterogeneity/zkroam-besu.sif ip link delete zkh03
$ apptainer exec --cleanenv /Utilisateurs/abellach/zkRoam/net-heterogeneity/zkroam-besu.sif ip link add zkh03 type veth peer name eth0
$ apptainer exec --cleanenv /Utilisateurs/abellach/zkRoam/net-heterogeneity/zkroam-besu.sif ip link set zkh03 master zkroam0
$ apptainer exec --cleanenv /Utilisateurs/abellach/zkRoam/net-heterogeneity/zkroam-besu.sif ip link set zkh03 up
$ apptainer exec --cleanenv /Utilisateurs/abellach/zkRoam/net-heterogeneity/zkroam-besu.sif ip link set eth0 netns 1623608
$ nsenter -t 1623608 -n apptainer exec --cleanenv /Utilisateurs/abellach/zkRoam/net-heterogeneity/zkroam-besu.sif ip link set lo up
$ nsenter -t 1623608 -n apptainer exec --cleanenv /Utilisateurs/abellach/zkRoam/net-heterogeneity/zkroam-besu.sif ip addr add 172.28.0.13/24 dev eth0
$ nsenter -t 1623608 -n apptainer exec --cleanenv /Utilisateurs/abellach/zkRoam/net-heterogeneity/zkroam-besu.sif ip link set eth0 up
$ nsenter -t 1623608 -n apptainer exec --cleanenv /Utilisateurs/abellach/zkRoam/net-heterogeneity/zkroam-besu.sif ip route add default via 172.28.0.1
$ apptainer exec --cleanenv /Utilisateurs/abellach/zkRoam/net-heterogeneity/zkroam-besu.sif ip link delete zkh04
$ apptainer exec --cleanenv /Utilisateurs/abellach/zkRoam/net-heterogeneity/zkroam-besu.sif ip link add zkh04 type veth peer name eth0
$ apptainer exec --cleanenv /Utilisateurs/abellach/zkRoam/net-heterogeneity/zkroam-besu.sif ip link set zkh04 master zkroam0
$ apptainer exec --cleanenv /Utilisateurs/abellach/zkRoam/net-heterogeneity/zkroam-besu.sif ip link set zkh04 up
$ apptainer exec --cleanenv /Utilisateurs/abellach/zkRoam/net-heterogeneity/zkroam-besu.sif ip link set eth0 netns 1624441
$ nsenter -t 1624441 -n apptainer exec --cleanenv /Utilisateurs/abellach/zkRoam/net-heterogeneity/zkroam-besu.sif ip link set lo up
$ nsenter -t 1624441 -n apptainer exec --cleanenv /Utilisateurs/abellach/zkRoam/net-heterogeneity/zkroam-besu.sif ip addr add 172.28.0.14/24 dev eth0
$ nsenter -t 1624441 -n apptainer exec --cleanenv /Utilisateurs/abellach/zkRoam/net-heterogeneity/zkroam-besu.sif ip link set eth0 up
$ nsenter -t 1624441 -n apptainer exec --cleanenv /Utilisateurs/abellach/zkRoam/net-heterogeneity/zkroam-besu.sif ip route add default via 172.28.0.1
$ apptainer exec --cleanenv /Utilisateurs/abellach/zkRoam/net-heterogeneity/zkroam-besu.sif ip link delete zkh05
$ apptainer exec --cleanenv /Utilisateurs/abellach/zkRoam/net-heterogeneity/zkroam-besu.sif ip link add zkh05 type veth peer name eth0
$ apptainer exec --cleanenv /Utilisateurs/abellach/zkRoam/net-heterogeneity/zkroam-besu.sif ip link set zkh05 master zkroam0
$ apptainer exec --cleanenv /Utilisateurs/abellach/zkRoam/net-heterogeneity/zkroam-besu.sif ip link set zkh05 up
$ apptainer exec --cleanenv /Utilisateurs/abellach/zkRoam/net-heterogeneity/zkroam-besu.sif ip link set eth0 netns 1625275
$ nsenter -t 1625275 -n apptainer exec --cleanenv /Utilisateurs/abellach/zkRoam/net-heterogeneity/zkroam-besu.sif ip link set lo up
$ nsenter -t 1625275 -n apptainer exec --cleanenv /Utilisateurs/abellach/zkRoam/net-heterogeneity/zkroam-besu.sif ip addr add 172.28.0.15/24 dev eth0
$ nsenter -t 1625275 -n apptainer exec --cleanenv /Utilisateurs/abellach/zkRoam/net-heterogeneity/zkroam-besu.sif ip link set eth0 up
$ nsenter -t 1625275 -n apptainer exec --cleanenv /Utilisateurs/abellach/zkRoam/net-heterogeneity/zkroam-besu.sif ip route add default via 172.28.0.1
$ apptainer exec --cleanenv /Utilisateurs/abellach/zkRoam/net-heterogeneity/zkroam-besu.sif ip link delete zkh06
$ apptainer exec --cleanenv /Utilisateurs/abellach/zkRoam/net-heterogeneity/zkroam-besu.sif ip link add zkh06 type veth peer name eth0
$ apptainer exec --cleanenv /Utilisateurs/abellach/zkRoam/net-heterogeneity/zkroam-besu.sif ip link set zkh06 master zkroam0
$ apptainer exec --cleanenv /Utilisateurs/abellach/zkRoam/net-heterogeneity/zkroam-besu.sif ip link set zkh06 up
$ apptainer exec --cleanenv /Utilisateurs/abellach/zkRoam/net-heterogeneity/zkroam-besu.sif ip link set eth0 netns 1626110
$ nsenter -t 1626110 -n apptainer exec --cleanenv /Utilisateurs/abellach/zkRoam/net-heterogeneity/zkroam-besu.sif ip link set lo up
$ nsenter -t 1626110 -n apptainer exec --cleanenv /Utilisateurs/abellach/zkRoam/net-heterogeneity/zkroam-besu.sif ip addr add 172.28.0.16/24 dev eth0
$ nsenter -t 1626110 -n apptainer exec --cleanenv /Utilisateurs/abellach/zkRoam/net-heterogeneity/zkroam-besu.sif ip link set eth0 up
$ nsenter -t 1626110 -n apptainer exec --cleanenv /Utilisateurs/abellach/zkRoam/net-heterogeneity/zkroam-besu.sif ip route add default via 172.28.0.1
$ apptainer exec --cleanenv /Utilisateurs/abellach/zkRoam/net-heterogeneity/zkroam-besu.sif ip link delete zkh07
$ apptainer exec --cleanenv /Utilisateurs/abellach/zkRoam/net-heterogeneity/zkroam-besu.sif ip link add zkh07 type veth peer name eth0
$ apptainer exec --cleanenv /Utilisateurs/abellach/zkRoam/net-heterogeneity/zkroam-besu.sif ip link set zkh07 master zkroam0
$ apptainer exec --cleanenv /Utilisateurs/abellach/zkRoam/net-heterogeneity/zkroam-besu.sif ip link set zkh07 up
$ apptainer exec --cleanenv /Utilisateurs/abellach/zkRoam/net-heterogeneity/zkroam-besu.sif ip link set eth0 netns 1626954
$ nsenter -t 1626954 -n apptainer exec --cleanenv /Utilisateurs/abellach/zkRoam/net-heterogeneity/zkroam-besu.sif ip link set lo up
$ nsenter -t 1626954 -n apptainer exec --cleanenv /Utilisateurs/abellach/zkRoam/net-heterogeneity/zkroam-besu.sif ip addr add 172.28.0.17/24 dev eth0
$ nsenter -t 1626954 -n apptainer exec --cleanenv /Utilisateurs/abellach/zkRoam/net-heterogeneity/zkroam-besu.sif ip link set eth0 up
$ nsenter -t 1626954 -n apptainer exec --cleanenv /Utilisateurs/abellach/zkRoam/net-heterogeneity/zkroam-besu.sif ip route add default via 172.28.0.1
$ apptainer exec --cleanenv /Utilisateurs/abellach/zkRoam/net-heterogeneity/zkroam-besu.sif ip link delete zkh08
$ apptainer exec --cleanenv /Utilisateurs/abellach/zkRoam/net-heterogeneity/zkroam-besu.sif ip link add zkh08 type veth peer name eth0
$ apptainer exec --cleanenv /Utilisateurs/abellach/zkRoam/net-heterogeneity/zkroam-besu.sif ip link set zkh08 master zkroam0
$ apptainer exec --cleanenv /Utilisateurs/abellach/zkRoam/net-heterogeneity/zkroam-besu.sif ip link set zkh08 up
$ apptainer exec --cleanenv /Utilisateurs/abellach/zkRoam/net-heterogeneity/zkroam-besu.sif ip link set eth0 netns 1627799
$ nsenter -t 1627799 -n apptainer exec --cleanenv /Utilisateurs/abellach/zkRoam/net-heterogeneity/zkroam-besu.sif ip link set lo up
$ nsenter -t 1627799 -n apptainer exec --cleanenv /Utilisateurs/abellach/zkRoam/net-heterogeneity/zkroam-besu.sif ip addr add 172.28.0.18/24 dev eth0
$ nsenter -t 1627799 -n apptainer exec --cleanenv /Utilisateurs/abellach/zkRoam/net-heterogeneity/zkroam-besu.sif ip link set eth0 up
$ nsenter -t 1627799 -n apptainer exec --cleanenv /Utilisateurs/abellach/zkRoam/net-heterogeneity/zkroam-besu.sif ip route add default via 172.28.0.1
$ apptainer exec --cleanenv /Utilisateurs/abellach/zkRoam/net-heterogeneity/zkroam-besu.sif ip link delete zkh09
$ apptainer exec --cleanenv /Utilisateurs/abellach/zkRoam/net-heterogeneity/zkroam-besu.sif ip link add zkh09 type veth peer name eth0
$ apptainer exec --cleanenv /Utilisateurs/abellach/zkRoam/net-heterogeneity/zkroam-besu.sif ip link set zkh09 master zkroam0
$ apptainer exec --cleanenv /Utilisateurs/abellach/zkRoam/net-heterogeneity/zkroam-besu.sif ip link set zkh09 up
$ apptainer exec --cleanenv /Utilisateurs/abellach/zkRoam/net-heterogeneity/zkroam-besu.sif ip link set eth0 netns 1628642
$ nsenter -t 1628642 -n apptainer exec --cleanenv /Utilisateurs/abellach/zkRoam/net-heterogeneity/zkroam-besu.sif ip link set lo up
$ nsenter -t 1628642 -n apptainer exec --cleanenv /Utilisateurs/abellach/zkRoam/net-heterogeneity/zkroam-besu.sif ip addr add 172.28.0.19/24 dev eth0
$ nsenter -t 1628642 -n apptainer exec --cleanenv /Utilisateurs/abellach/zkRoam/net-heterogeneity/zkroam-besu.sif ip link set eth0 up
$ nsenter -t 1628642 -n apptainer exec --cleanenv /Utilisateurs/abellach/zkRoam/net-heterogeneity/zkroam-besu.sif ip route add default via 172.28.0.1
$ apptainer exec --cleanenv /Utilisateurs/abellach/zkRoam/net-heterogeneity/zkroam-besu.sif ip link delete zkh10
$ apptainer exec --cleanenv /Utilisateurs/abellach/zkRoam/net-heterogeneity/zkroam-besu.sif ip link add zkh10 type veth peer name eth0
$ apptainer exec --cleanenv /Utilisateurs/abellach/zkRoam/net-heterogeneity/zkroam-besu.sif ip link set zkh10 master zkroam0
$ apptainer exec --cleanenv /Utilisateurs/abellach/zkRoam/net-heterogeneity/zkroam-besu.sif ip link set zkh10 up
$ apptainer exec --cleanenv /Utilisateurs/abellach/zkRoam/net-heterogeneity/zkroam-besu.sif ip link set eth0 netns 1629482
$ nsenter -t 1629482 -n apptainer exec --cleanenv /Utilisateurs/abellach/zkRoam/net-heterogeneity/zkroam-besu.sif ip link set lo up
$ nsenter -t 1629482 -n apptainer exec --cleanenv /Utilisateurs/abellach/zkRoam/net-heterogeneity/zkroam-besu.sif ip addr add 172.28.0.20/24 dev eth0
$ nsenter -t 1629482 -n apptainer exec --cleanenv /Utilisateurs/abellach/zkRoam/net-heterogeneity/zkroam-besu.sif ip link set eth0 up
$ nsenter -t 1629482 -n apptainer exec --cleanenv /Utilisateurs/abellach/zkRoam/net-heterogeneity/zkroam-besu.sif ip route add default via 172.28.0.1
$ apptainer exec --cleanenv /Utilisateurs/abellach/zkRoam/net-heterogeneity/zkroam-besu.sif ip link delete zkh11
$ apptainer exec --cleanenv /Utilisateurs/abellach/zkRoam/net-heterogeneity/zkroam-besu.sif ip link add zkh11 type veth peer name eth0
$ apptainer exec --cleanenv /Utilisateurs/abellach/zkRoam/net-heterogeneity/zkroam-besu.sif ip link set zkh11 master zkroam0
$ apptainer exec --cleanenv /Utilisateurs/abellach/zkRoam/net-heterogeneity/zkroam-besu.sif ip link set zkh11 up
$ apptainer exec --cleanenv /Utilisateurs/abellach/zkRoam/net-heterogeneity/zkroam-besu.sif ip link set eth0 netns 1630338
$ nsenter -t 1630338 -n apptainer exec --cleanenv /Utilisateurs/abellach/zkRoam/net-heterogeneity/zkroam-besu.sif ip link set lo up
$ nsenter -t 1630338 -n apptainer exec --cleanenv /Utilisateurs/abellach/zkRoam/net-heterogeneity/zkroam-besu.sif ip addr add 172.28.0.21/24 dev eth0
$ nsenter -t 1630338 -n apptainer exec --cleanenv /Utilisateurs/abellach/zkRoam/net-heterogeneity/zkroam-besu.sif ip link set eth0 up
$ nsenter -t 1630338 -n apptainer exec --cleanenv /Utilisateurs/abellach/zkRoam/net-heterogeneity/zkroam-besu.sif ip route add default via 172.28.0.1
$ apptainer exec --cleanenv /Utilisateurs/abellach/zkRoam/net-heterogeneity/zkroam-besu.sif ip link delete zkh12
$ apptainer exec --cleanenv /Utilisateurs/abellach/zkRoam/net-heterogeneity/zkroam-besu.sif ip link add zkh12 type veth peer name eth0
$ apptainer exec --cleanenv /Utilisateurs/abellach/zkRoam/net-heterogeneity/zkroam-besu.sif ip link set zkh12 master zkroam0
$ apptainer exec --cleanenv /Utilisateurs/abellach/zkRoam/net-heterogeneity/zkroam-besu.sif ip link set zkh12 up
$ apptainer exec --cleanenv /Utilisateurs/abellach/zkRoam/net-heterogeneity/zkroam-besu.sif ip link set eth0 netns 1631170
$ nsenter -t 1631170 -n apptainer exec --cleanenv /Utilisateurs/abellach/zkRoam/net-heterogeneity/zkroam-besu.sif ip link set lo up
$ nsenter -t 1631170 -n apptainer exec --cleanenv /Utilisateurs/abellach/zkRoam/net-heterogeneity/zkroam-besu.sif ip addr add 172.28.0.22/24 dev eth0
$ nsenter -t 1631170 -n apptainer exec --cleanenv /Utilisateurs/abellach/zkRoam/net-heterogeneity/zkroam-besu.sif ip link set eth0 up
$ nsenter -t 1631170 -n apptainer exec --cleanenv /Utilisateurs/abellach/zkRoam/net-heterogeneity/zkroam-besu.sif ip route add default via 172.28.0.1
$ apptainer exec --cleanenv /Utilisateurs/abellach/zkRoam/net-heterogeneity/zkroam-besu.sif ip link delete zkh13
$ apptainer exec --cleanenv /Utilisateurs/abellach/zkRoam/net-heterogeneity/zkroam-besu.sif ip link add zkh13 type veth peer name eth0
$ apptainer exec --cleanenv /Utilisateurs/abellach/zkRoam/net-heterogeneity/zkroam-besu.sif ip link set zkh13 master zkroam0
$ apptainer exec --cleanenv /Utilisateurs/abellach/zkRoam/net-heterogeneity/zkroam-besu.sif ip link set zkh13 up
$ apptainer exec --cleanenv /Utilisateurs/abellach/zkRoam/net-heterogeneity/zkroam-besu.sif ip link set eth0 netns 1632003
$ nsenter -t 1632003 -n apptainer exec --cleanenv /Utilisateurs/abellach/zkRoam/net-heterogeneity/zkroam-besu.sif ip link set lo up
$ nsenter -t 1632003 -n apptainer exec --cleanenv /Utilisateurs/abellach/zkRoam/net-heterogeneity/zkroam-besu.sif ip addr add 172.28.0.23/24 dev eth0
$ nsenter -t 1632003 -n apptainer exec --cleanenv /Utilisateurs/abellach/zkRoam/net-heterogeneity/zkroam-besu.sif ip link set eth0 up
$ nsenter -t 1632003 -n apptainer exec --cleanenv /Utilisateurs/abellach/zkRoam/net-heterogeneity/zkroam-besu.sif ip route add default via 172.28.0.1
$ apptainer exec --cleanenv /Utilisateurs/abellach/zkRoam/net-heterogeneity/zkroam-besu.sif ip link delete zkh14
$ apptainer exec --cleanenv /Utilisateurs/abellach/zkRoam/net-heterogeneity/zkroam-besu.sif ip link add zkh14 type veth peer name eth0
$ apptainer exec --cleanenv /Utilisateurs/abellach/zkRoam/net-heterogeneity/zkroam-besu.sif ip link set zkh14 master zkroam0
$ apptainer exec --cleanenv /Utilisateurs/abellach/zkRoam/net-heterogeneity/zkroam-besu.sif ip link set zkh14 up
$ apptainer exec --cleanenv /Utilisateurs/abellach/zkRoam/net-heterogeneity/zkroam-besu.sif ip link set eth0 netns 1632846
$ nsenter -t 1632846 -n apptainer exec --cleanenv /Utilisateurs/abellach/zkRoam/net-heterogeneity/zkroam-besu.sif ip link set lo up
$ nsenter -t 1632846 -n apptainer exec --cleanenv /Utilisateurs/abellach/zkRoam/net-heterogeneity/zkroam-besu.sif ip addr add 172.28.0.24/24 dev eth0
$ nsenter -t 1632846 -n apptainer exec --cleanenv /Utilisateurs/abellach/zkRoam/net-heterogeneity/zkroam-besu.sif ip link set eth0 up
$ nsenter -t 1632846 -n apptainer exec --cleanenv /Utilisateurs/abellach/zkRoam/net-heterogeneity/zkroam-besu.sif ip route add default via 172.28.0.1
Started 15 Apptainer-backed validators.
=== Step 4: wait for every validator RPC and peer set ===
{
  "node00": {
    "block": 2,
    "peers": 14
  },
  "node01": {
    "block": 2,
    "peers": 14
  },
  "node02": {
    "block": 2,
    "peers": 14
  },
  "node03": {
    "block": 2,
    "peers": 14
  },
  "node04": {
    "block": 2,
    "peers": 14
  },
  "node05": {
    "block": 2,
    "peers": 13
  },
  "node06": {
    "block": 2,
    "peers": 13
  },
  "node07": {
    "block": 2,
    "peers": 13
  },
  "node08": {
    "block": 2,
    "peers": 13
  },
  "node09": {
    "block": 2,
    "peers": 13
  },
  "node10": {
    "block": 2,
    "peers": 13
  },
  "node11": {
    "block": 2,
    "peers": 13
  },
  "node12": {
    "block": 2,
    "peers": 14
  },
  "node13": {
    "block": 2,
    "peers": 13
  },
  "node14": {
    "block": 2,
    "peers": 6
  }
}
All 15 nodes are ready.
Apptainer wan network is up.

$ /Utilisateurs/abellach/zkRoam/net-heterogeneity/venv/bin/python3 workload/deploy_verifiers.py --topology networkFiles/topology.json --accounts accounts/accounts.json
Discovered RPC endpoints:
------------------------------------------
  node00     -> http://172.28.0.10:8545
  node01     -> http://172.28.0.11:8545
  node02     -> http://172.28.0.12:8545
  node03     -> http://172.28.0.13:8545
  node04     -> http://172.28.0.14:8545
  node05     -> http://172.28.0.15:8545
  node06     -> http://172.28.0.16:8545
  node07     -> http://172.28.0.17:8545
  node08     -> http://172.28.0.18:8545
  node09     -> http://172.28.0.19:8545
  node10     -> http://172.28.0.20:8545
  node11     -> http://172.28.0.21:8545
  node12     -> http://172.28.0.22:8545
  node13     -> http://172.28.0.23:8545
  node14     -> http://172.28.0.24:8545
------------------------------------------
Connecting to node00 (http://172.28.0.10:8545)...
  Connected. chain_id=1337
Connecting to node01 (http://172.28.0.11:8545)...
  Connected. chain_id=1337
Connecting to node02 (http://172.28.0.12:8545)...
  Connected. chain_id=1337
Connecting to node03 (http://172.28.0.13:8545)...
  Connected. chain_id=1337
Connecting to node04 (http://172.28.0.14:8545)...
  Connected. chain_id=1337
Connecting to node05 (http://172.28.0.15:8545)...
  Connected. chain_id=1337
Connecting to node06 (http://172.28.0.16:8545)...
  Connected. chain_id=1337
Connecting to node07 (http://172.28.0.17:8545)...
  Connected. chain_id=1337
Connecting to node08 (http://172.28.0.18:8545)...
  Connected. chain_id=1337
Connecting to node09 (http://172.28.0.19:8545)...
  Connected. chain_id=1337
Connecting to node10 (http://172.28.0.20:8545)...
  Connected. chain_id=1337
Connecting to node11 (http://172.28.0.21:8545)...
  Connected. chain_id=1337
Connecting to node12 (http://172.28.0.22:8545)...
  Connected. chain_id=1337
Connecting to node13 (http://172.28.0.23:8545)...
  Connected. chain_id=1337
Connecting to node14 (http://172.28.0.24:8545)...
  Connected. chain_id=1337

Deploying from 0xc1Bfe988ba98A722f4F064d1FBB0Eb3f580272e5 via http://172.28.0.10:8545 (chain_id=1337)

Compiling CDRVerifier.sol ...
Deploying CDRVerifier ...
  submitted deploy tx 7a4e3ccab5f6da730f3bd239f429b819ebac192912ba0277f67182ccdb8106b8, waiting for receipt...
  deployed at 0x2F8324AcfA0b0b49A3745734f4eecCc1048D8D94  (gasUsed=465218)

Compiling SnarkPackAggregateAnchor.sol ...
Deploying SnarkPackAggregateAnchor ...
  submitted deploy tx b565172b6296069dab723908cd6aee46a6e5b6766035eda540af63133e67bf1c, waiting for receipt...
  deployed at 0xcA13aBB57713DEEfD342BcD5357DB2Ca3a57bf73  (gasUsed=1832981)

verifier-pool-size=1: only accounts[0] is authorized as a verifier - fine as-is if you're relaying via relayAggregateProof (submission load spreads across the full account pool regardless of verifier count). Only increase this if you want multiple independent verifier keys for redundancy/threshold, or if you plan to use the direct anchorAggregateProof(onlyVerifier) path at any real volume.

Wrote: deployed_contracts.json

$ /Utilisateurs/abellach/zkRoam/net-heterogeneity/venv/bin/python3 workload/zkroam_workload.py --config results/hardware-vmno-scaling/l3icalcul07/wan-nproof8-w48-rw48-rate500/vmnos-256/zkroam-wan-256vmnos/config.yml
Discovered RPC endpoints:
------------------------------------------
  node00     -> http://172.28.0.10:8545
  node01     -> http://172.28.0.11:8545
  node02     -> http://172.28.0.12:8545
  node03     -> http://172.28.0.13:8545
  node04     -> http://172.28.0.14:8545
  node05     -> http://172.28.0.15:8545
  node06     -> http://172.28.0.16:8545
  node07     -> http://172.28.0.17:8545
  node08     -> http://172.28.0.18:8545
  node09     -> http://172.28.0.19:8545
  node10     -> http://172.28.0.20:8545
  node11     -> http://172.28.0.21:8545
  node12     -> http://172.28.0.22:8545
  node13     -> http://172.28.0.23:8545
  node14     -> http://172.28.0.24:8545
------------------------------------------
Connecting to node00 (http://172.28.0.10:8545)...
  Connected. chain_id=1337
Connecting to node01 (http://172.28.0.11:8545)...
  Connected. chain_id=1337
Connecting to node02 (http://172.28.0.12:8545)...
  Connected. chain_id=1337
Connecting to node03 (http://172.28.0.13:8545)...
  Connected. chain_id=1337
Connecting to node04 (http://172.28.0.14:8545)...
  Connected. chain_id=1337
Connecting to node05 (http://172.28.0.15:8545)...
  Connected. chain_id=1337
Connecting to node06 (http://172.28.0.16:8545)...
  Connected. chain_id=1337
Connecting to node07 (http://172.28.0.17:8545)...
  Connected. chain_id=1337
Connecting to node08 (http://172.28.0.18:8545)...
  Connected. chain_id=1337
Connecting to node09 (http://172.28.0.19:8545)...
  Connected. chain_id=1337
Connecting to node10 (http://172.28.0.20:8545)...
  Connected. chain_id=1337
Connecting to node11 (http://172.28.0.21:8545)...
  Connected. chain_id=1337
Connecting to node12 (http://172.28.0.22:8545)...
  Connected. chain_id=1337
Connecting to node13 (http://172.28.0.23:8545)...
  Connected. chain_id=1337
Connecting to node14 (http://172.28.0.24:8545)...
  Connected. chain_id=1337

Reading pending nonce for 2000 accounts (parallel)...


Using real proof from fixtures/proof.json / fixtures/public.json
individual leg -> real verifyProof() calls on 0x2F8324AcfA0b0b49A3745734f4eecCc1048D8D94
aggregate leg  -> real anchorAggregateProof() calls on 0xcA13aBB57713DEEfD342BcD5357DB2Ca3a57bf73

workload.num_vmnos = 256 (total VMNO settlements submitted per sweep point; nproofs below is per-VMNO batch size, not workload size)

============================================================
nproofs/vmno=8  num_vmnos=256  run=1  (off-chain source: reference_fallback)
============================================================

>>> on-chain leg: individual_n8_vmnos256_r1 (2048 tx total, 420B calldata, gas/tx=278265, to=0x2F8324AcfA0b0b49A3745734f4eecCc1048D8D94)

Starting transaction producer...
Target submission rate : 500.00 tx/s
Submission workers      : 48


Producer finished.
------------------------------------------
Submitted : 2048/2048
Failed    : 0/2048
Duration  : 5.573s
Rate      : 367.49 tx/s
------------------------------------------

Starting receipt polling...
------------------------------------------
Transactions to confirm : 2048
Receipt workers         : 48
Receipt timeout         : 120.0s
------------------------------------------

Confirmed: 225/2048 | Reverted: 0 | Pending: 1823
Confirmed: 587/2048 | Reverted: 0 | Pending: 1461
Confirmed: 867/2048 | Reverted: 0 | Pending: 1181
Confirmed: 1107/2048 | Reverted: 0 | Pending: 941
Confirmed: 1281/2048 | Reverted: 0 | Pending: 767
Confirmed: 1453/2048 | Reverted: 0 | Pending: 595
Confirmed: 1595/2048 | Reverted: 0 | Pending: 453
Confirmed: 1691/2048 | Reverted: 0 | Pending: 357
Confirmed: 1736/2048 | Reverted: 0 | Pending: 312
Confirmed: 1867/2048 | Reverted: 0 | Pending: 181
Confirmed: 1867/2048 | Reverted: 0 | Pending: 181
Confirmed: 1977/2048 | Reverted: 0 | Pending: 71
Confirmed: 2015/2048 | Reverted: 0 | Pending: 33
Confirmed: 2034/2048 | Reverted: 0 | Pending: 14
Confirmed: 2034/2048 | Reverted: 0 | Pending: 14
Confirmed: 2034/2048 | Reverted: 0 | Pending: 14
Confirmed: 2048/2048 | Reverted: 0 | Pending: 0

Receipt polling finished.
------------------------------------------
Confirmed : 2048
Reverted  : 0
Timeout   : 0
Duration  : 34.416s
------------------------------------------

>>> on-chain leg: aggregate_n8_vmnos256_r1 (256 tx total, 420B/tx x 256 distinct payloads, gas/tx=176674, to=0xcA13aBB57713DEEfD342BcD5357DB2Ca3a57bf73)

Starting transaction producer...
Target submission rate : 500.00 tx/s
Submission workers      : 48


Producer finished.
------------------------------------------
Submitted : 256/256
Failed    : 0/256
Duration  : 1.030s
Rate      : 248.61 tx/s
------------------------------------------

Starting receipt polling...
------------------------------------------
Transactions to confirm : 256
Receipt workers         : 48
Receipt timeout         : 120.0s
------------------------------------------

Confirmed: 8/256 | Reverted: 0 | Pending: 248
Confirmed: 17/256 | Reverted: 0 | Pending: 239
Confirmed: 34/256 | Reverted: 0 | Pending: 222
Confirmed: 44/256 | Reverted: 0 | Pending: 212
Confirmed: 52/256 | Reverted: 0 | Pending: 204
Confirmed: 69/256 | Reverted: 0 | Pending: 187
Confirmed: 74/256 | Reverted: 0 | Pending: 182
Confirmed: 86/256 | Reverted: 0 | Pending: 170
Confirmed: 98/256 | Reverted: 0 | Pending: 158
Confirmed: 103/256 | Reverted: 0 | Pending: 153
Confirmed: 120/256 | Reverted: 0 | Pending: 136
Confirmed: 125/256 | Reverted: 0 | Pending: 131
Confirmed: 137/256 | Reverted: 0 | Pending: 119
Confirmed: 137/256 | Reverted: 0 | Pending: 119
Confirmed: 154/256 | Reverted: 0 | Pending: 102
Confirmed: 154/256 | Reverted: 0 | Pending: 102
Confirmed: 169/256 | Reverted: 0 | Pending: 87
Confirmed: 171/256 | Reverted: 0 | Pending: 85
Confirmed: 171/256 | Reverted: 0 | Pending: 85
Confirmed: 188/256 | Reverted: 0 | Pending: 68
Confirmed: 188/256 | Reverted: 0 | Pending: 68
Confirmed: 188/256 | Reverted: 0 | Pending: 68
Confirmed: 205/256 | Reverted: 0 | Pending: 51
Confirmed: 205/256 | Reverted: 0 | Pending: 51
Confirmed: 205/256 | Reverted: 0 | Pending: 51
Confirmed: 222/256 | Reverted: 0 | Pending: 34
Confirmed: 222/256 | Reverted: 0 | Pending: 34
Confirmed: 222/256 | Reverted: 0 | Pending: 34
Confirmed: 222/256 | Reverted: 0 | Pending: 34
Confirmed: 239/256 | Reverted: 0 | Pending: 17
Confirmed: 239/256 | Reverted: 0 | Pending: 17
Confirmed: 239/256 | Reverted: 0 | Pending: 17
Confirmed: 239/256 | Reverted: 0 | Pending: 17
Confirmed: 239/256 | Reverted: 0 | Pending: 17
Confirmed: 256/256 | Reverted: 0 | Pending: 0

Receipt polling finished.
------------------------------------------
Confirmed : 256
Reverted  : 0
Timeout   : 0
Duration  : 28.561s
------------------------------------------

============================================================
nproofs/vmno=8  num_vmnos=256  run=2  (off-chain source: reference_fallback)
============================================================

>>> on-chain leg: individual_n8_vmnos256_r2 (2048 tx total, 420B calldata, gas/tx=278265, to=0x2F8324AcfA0b0b49A3745734f4eecCc1048D8D94)

Starting transaction producer...
Target submission rate : 500.00 tx/s
Submission workers      : 48


Producer finished.
------------------------------------------
Submitted : 2048/2048
Failed    : 0/2048
Duration  : 6.563s
Rate      : 312.04 tx/s
------------------------------------------

Starting receipt polling...
------------------------------------------
Transactions to confirm : 2048
Receipt workers         : 48
Receipt timeout         : 120.0s
------------------------------------------

Confirmed: 271/2048 | Reverted: 0 | Pending: 1777
Confirmed: 649/2048 | Reverted: 0 | Pending: 1399
Confirmed: 968/2048 | Reverted: 0 | Pending: 1080
Confirmed: 1209/2048 | Reverted: 0 | Pending: 839
Confirmed: 1393/2048 | Reverted: 0 | Pending: 655
Confirmed: 1548/2048 | Reverted: 0 | Pending: 500
Confirmed: 1678/2048 | Reverted: 0 | Pending: 370
Confirmed: 1750/2048 | Reverted: 0 | Pending: 298
Confirmed: 1859/2048 | Reverted: 0 | Pending: 189
Confirmed: 1930/2048 | Reverted: 0 | Pending: 118
Confirmed: 1981/2048 | Reverted: 0 | Pending: 67
Confirmed: 2029/2048 | Reverted: 0 | Pending: 19
Confirmed: 2029/2048 | Reverted: 0 | Pending: 19
Confirmed: 2048/2048 | Reverted: 0 | Pending: 0

Receipt polling finished.
------------------------------------------
Confirmed : 2048
Reverted  : 0
Timeout   : 0
Duration  : 33.916s
------------------------------------------

>>> on-chain leg: aggregate_n8_vmnos256_r2 (256 tx total, 420B/tx x 256 distinct payloads, gas/tx=176697, to=0xcA13aBB57713DEEfD342BcD5357DB2Ca3a57bf73)

Starting transaction producer...
Target submission rate : 500.00 tx/s
Submission workers      : 48


Producer finished.
------------------------------------------
Submitted : 256/256
Failed    : 0/256
Duration  : 0.972s
Rate      : 263.49 tx/s
------------------------------------------

Starting receipt polling...
------------------------------------------
Transactions to confirm : 256
Receipt workers         : 48
Receipt timeout         : 120.0s
------------------------------------------

Confirmed: 10/256 | Reverted: 0 | Pending: 246
Confirmed: 21/256 | Reverted: 0 | Pending: 235
Confirmed: 35/256 | Reverted: 0 | Pending: 221
Confirmed: 44/256 | Reverted: 0 | Pending: 212
Confirmed: 61/256 | Reverted: 0 | Pending: 195
Confirmed: 75/256 | Reverted: 0 | Pending: 181
Confirmed: 78/256 | Reverted: 0 | Pending: 178
Confirmed: 95/256 | Reverted: 0 | Pending: 161
Confirmed: 96/256 | Reverted: 0 | Pending: 160
Confirmed: 113/256 | Reverted: 0 | Pending: 143
Confirmed: 113/256 | Reverted: 0 | Pending: 143
Confirmed: 130/256 | Reverted: 0 | Pending: 126
Confirmed: 130/256 | Reverted: 0 | Pending: 126
Confirmed: 147/256 | Reverted: 0 | Pending: 109
Confirmed: 147/256 | Reverted: 0 | Pending: 109
Confirmed: 164/256 | Reverted: 0 | Pending: 92
Confirmed: 164/256 | Reverted: 0 | Pending: 92
Confirmed: 181/256 | Reverted: 0 | Pending: 75
Confirmed: 181/256 | Reverted: 0 | Pending: 75
Confirmed: 188/256 | Reverted: 0 | Pending: 68
Confirmed: 198/256 | Reverted: 0 | Pending: 58
Confirmed: 198/256 | Reverted: 0 | Pending: 58
Confirmed: 212/256 | Reverted: 0 | Pending: 44
Confirmed: 215/256 | Reverted: 0 | Pending: 41
Confirmed: 215/256 | Reverted: 0 | Pending: 41
Confirmed: 215/256 | Reverted: 0 | Pending: 41
Confirmed: 227/256 | Reverted: 0 | Pending: 29
Confirmed: 232/256 | Reverted: 0 | Pending: 24
Confirmed: 232/256 | Reverted: 0 | Pending: 24
Confirmed: 232/256 | Reverted: 0 | Pending: 24
Confirmed: 232/256 | Reverted: 0 | Pending: 24
Confirmed: 249/256 | Reverted: 0 | Pending: 7
Confirmed: 249/256 | Reverted: 0 | Pending: 7
Confirmed: 249/256 | Reverted: 0 | Pending: 7
Confirmed: 249/256 | Reverted: 0 | Pending: 7
Confirmed: 249/256 | Reverted: 0 | Pending: 7
Confirmed: 256/256 | Reverted: 0 | Pending: 0

Receipt polling finished.
------------------------------------------
Confirmed : 256
Reverted  : 0
Timeout   : 0
Duration  : 30.065s
------------------------------------------

============================================================
nproofs/vmno=8  num_vmnos=256  run=3  (off-chain source: reference_fallback)
============================================================

>>> on-chain leg: individual_n8_vmnos256_r3 (2048 tx total, 420B calldata, gas/tx=278265, to=0x2F8324AcfA0b0b49A3745734f4eecCc1048D8D94)

Starting transaction producer...
Target submission rate : 500.00 tx/s
Submission workers      : 48


Producer finished.
------------------------------------------
Submitted : 2048/2048
Failed    : 0/2048
Duration  : 6.641s
Rate      : 308.41 tx/s
------------------------------------------

Starting receipt polling...
------------------------------------------
Transactions to confirm : 2048
Receipt workers         : 48
Receipt timeout         : 120.0s
------------------------------------------

Confirmed: 281/2048 | Reverted: 0 | Pending: 1767
Confirmed: 627/2048 | Reverted: 0 | Pending: 1421
Confirmed: 927/2048 | Reverted: 0 | Pending: 1121
Confirmed: 1172/2048 | Reverted: 0 | Pending: 876
Confirmed: 1348/2048 | Reverted: 0 | Pending: 700
Confirmed: 1513/2048 | Reverted: 0 | Pending: 535
Confirmed: 1626/2048 | Reverted: 0 | Pending: 422
Confirmed: 1704/2048 | Reverted: 0 | Pending: 344
Confirmed: 1821/2048 | Reverted: 0 | Pending: 227
Confirmed: 1867/2048 | Reverted: 0 | Pending: 181
Confirmed: 1938/2048 | Reverted: 0 | Pending: 110
Confirmed: 2015/2048 | Reverted: 0 | Pending: 33
Confirmed: 2015/2048 | Reverted: 0 | Pending: 33
Confirmed: 2048/2048 | Reverted: 0 | Pending: 0

Receipt polling finished.
------------------------------------------
Confirmed : 2048
Reverted  : 0
Timeout   : 0
Duration  : 32.913s
------------------------------------------

>>> on-chain leg: aggregate_n8_vmnos256_r3 (256 tx total, 420B/tx x 256 distinct payloads, gas/tx=176683, to=0xcA13aBB57713DEEfD342BcD5357DB2Ca3a57bf73)

Starting transaction producer...
Target submission rate : 500.00 tx/s
Submission workers      : 48


Producer finished.
------------------------------------------
Submitted : 256/256
Failed    : 0/256
Duration  : 1.013s
Rate      : 252.70 tx/s
------------------------------------------

Starting receipt polling...
------------------------------------------
Transactions to confirm : 256
Receipt workers         : 48
Receipt timeout         : 120.0s
------------------------------------------

Confirmed: 11/256 | Reverted: 0 | Pending: 245
Confirmed: 31/256 | Reverted: 0 | Pending: 225
Confirmed: 49/256 | Reverted: 0 | Pending: 207
Confirmed: 56/256 | Reverted: 0 | Pending: 200
Confirmed: 66/256 | Reverted: 0 | Pending: 190
Confirmed: 83/256 | Reverted: 0 | Pending: 173
Confirmed: 92/256 | Reverted: 0 | Pending: 164
Confirmed: 100/256 | Reverted: 0 | Pending: 156
Confirmed: 117/256 | Reverted: 0 | Pending: 139
Confirmed: 123/256 | Reverted: 0 | Pending: 133
Confirmed: 134/256 | Reverted: 0 | Pending: 122
Confirmed: 142/256 | Reverted: 0 | Pending: 114
Confirmed: 151/256 | Reverted: 0 | Pending: 105
Confirmed: 154/256 | Reverted: 0 | Pending: 102
Confirmed: 168/256 | Reverted: 0 | Pending: 88
Confirmed: 168/256 | Reverted: 0 | Pending: 88
Confirmed: 185/256 | Reverted: 0 | Pending: 71
Confirmed: 185/256 | Reverted: 0 | Pending: 71
Confirmed: 189/256 | Reverted: 0 | Pending: 67
Confirmed: 203/256 | Reverted: 0 | Pending: 53
Confirmed: 203/256 | Reverted: 0 | Pending: 53
Confirmed: 203/256 | Reverted: 0 | Pending: 53
Confirmed: 220/256 | Reverted: 0 | Pending: 36
Confirmed: 220/256 | Reverted: 0 | Pending: 36
Confirmed: 220/256 | Reverted: 0 | Pending: 36
Confirmed: 237/256 | Reverted: 0 | Pending: 19
Confirmed: 237/256 | Reverted: 0 | Pending: 19
Confirmed: 237/256 | Reverted: 0 | Pending: 19
Confirmed: 237/256 | Reverted: 0 | Pending: 19
Confirmed: 239/256 | Reverted: 0 | Pending: 17
Confirmed: 254/256 | Reverted: 0 | Pending: 2
Confirmed: 254/256 | Reverted: 0 | Pending: 2
Confirmed: 254/256 | Reverted: 0 | Pending: 2
Confirmed: 254/256 | Reverted: 0 | Pending: 2
Confirmed: 254/256 | Reverted: 0 | Pending: 2
Confirmed: 254/256 | Reverted: 0 | Pending: 2
Confirmed: 256/256 | Reverted: 0 | Pending: 0

Receipt polling finished.
------------------------------------------
Confirmed : 256
Reverted  : 0
Timeout   : 0
Duration  : 30.403s
------------------------------------------

============================================================
nproofs/vmno=8  num_vmnos=256  run=4  (off-chain source: reference_fallback)
============================================================

>>> on-chain leg: individual_n8_vmnos256_r4 (2048 tx total, 420B calldata, gas/tx=278265, to=0x2F8324AcfA0b0b49A3745734f4eecCc1048D8D94)

Starting transaction producer...
Target submission rate : 500.00 tx/s
Submission workers      : 48


Producer finished.
------------------------------------------
Submitted : 2048/2048
Failed    : 0/2048
Duration  : 6.557s
Rate      : 312.33 tx/s
------------------------------------------

Starting receipt polling...
------------------------------------------
Transactions to confirm : 2048
Receipt workers         : 48
Receipt timeout         : 120.0s
------------------------------------------

Confirmed: 330/2048 | Reverted: 0 | Pending: 1718
Confirmed: 754/2048 | Reverted: 0 | Pending: 1294
Confirmed: 1042/2048 | Reverted: 0 | Pending: 1006
Confirmed: 1264/2048 | Reverted: 0 | Pending: 784
Confirmed: 1450/2048 | Reverted: 0 | Pending: 598
Confirmed: 1604/2048 | Reverted: 0 | Pending: 444
Confirmed: 1662/2048 | Reverted: 0 | Pending: 386
Confirmed: 1745/2048 | Reverted: 0 | Pending: 303
Confirmed: 1881/2048 | Reverted: 0 | Pending: 167
Confirmed: 1881/2048 | Reverted: 0 | Pending: 167
Confirmed: 1976/2048 | Reverted: 0 | Pending: 72
Confirmed: 1976/2048 | Reverted: 0 | Pending: 72
Confirmed: 2035/2048 | Reverted: 0 | Pending: 13
Confirmed: 2035/2048 | Reverted: 0 | Pending: 13
Confirmed: 2048/2048 | Reverted: 0 | Pending: 0

Receipt polling finished.
------------------------------------------
Confirmed : 2048
Reverted  : 0
Timeout   : 0
Duration  : 34.186s
------------------------------------------

>>> on-chain leg: aggregate_n8_vmnos256_r4 (256 tx total, 420B/tx x 256 distinct payloads, gas/tx=176674, to=0xcA13aBB57713DEEfD342BcD5357DB2Ca3a57bf73)

Starting transaction producer...
Target submission rate : 500.00 tx/s
Submission workers      : 48


Producer finished.
------------------------------------------
Submitted : 256/256
Failed    : 0/256
Duration  : 1.015s
Rate      : 252.11 tx/s
------------------------------------------

Starting receipt polling...
------------------------------------------
Transactions to confirm : 256
Receipt workers         : 48
Receipt timeout         : 120.0s
------------------------------------------

Confirmed: 4/256 | Reverted: 0 | Pending: 252
Confirmed: 20/256 | Reverted: 0 | Pending: 236
Confirmed: 37/256 | Reverted: 0 | Pending: 219
Confirmed: 51/256 | Reverted: 0 | Pending: 205
Confirmed: 68/256 | Reverted: 0 | Pending: 188
Confirmed: 83/256 | Reverted: 0 | Pending: 173
Confirmed: 86/256 | Reverted: 0 | Pending: 170
Confirmed: 102/256 | Reverted: 0 | Pending: 154
Confirmed: 112/256 | Reverted: 0 | Pending: 144
Confirmed: 119/256 | Reverted: 0 | Pending: 137
Confirmed: 132/256 | Reverted: 0 | Pending: 124
Confirmed: 136/256 | Reverted: 0 | Pending: 120
Confirmed: 153/256 | Reverted: 0 | Pending: 103
Confirmed: 153/256 | Reverted: 0 | Pending: 103
Confirmed: 170/256 | Reverted: 0 | Pending: 86
Confirmed: 170/256 | Reverted: 0 | Pending: 86
Confirmed: 185/256 | Reverted: 0 | Pending: 71
Confirmed: 187/256 | Reverted: 0 | Pending: 69
Confirmed: 200/256 | Reverted: 0 | Pending: 56
Confirmed: 204/256 | Reverted: 0 | Pending: 52
Confirmed: 204/256 | Reverted: 0 | Pending: 52
Confirmed: 218/256 | Reverted: 0 | Pending: 38
Confirmed: 221/256 | Reverted: 0 | Pending: 35
Confirmed: 221/256 | Reverted: 0 | Pending: 35
Confirmed: 221/256 | Reverted: 0 | Pending: 35
Confirmed: 238/256 | Reverted: 0 | Pending: 18
Confirmed: 238/256 | Reverted: 0 | Pending: 18
Confirmed: 238/256 | Reverted: 0 | Pending: 18
Confirmed: 238/256 | Reverted: 0 | Pending: 18
Confirmed: 238/256 | Reverted: 0 | Pending: 18
Confirmed: 256/256 | Reverted: 0 | Pending: 0

Receipt polling finished.
------------------------------------------
Confirmed : 256
Reverted  : 0
Timeout   : 0
Duration  : 29.395s
------------------------------------------

============================================================
nproofs/vmno=8  num_vmnos=256  run=5  (off-chain source: reference_fallback)
============================================================

>>> on-chain leg: individual_n8_vmnos256_r5 (2048 tx total, 420B calldata, gas/tx=278265, to=0x2F8324AcfA0b0b49A3745734f4eecCc1048D8D94)

Starting transaction producer...
Target submission rate : 500.00 tx/s
Submission workers      : 48


Producer finished.
------------------------------------------
Submitted : 2048/2048
Failed    : 0/2048
Duration  : 5.877s
Rate      : 348.46 tx/s
------------------------------------------

Starting receipt polling...
------------------------------------------
Transactions to confirm : 2048
Receipt workers         : 48
Receipt timeout         : 120.0s
------------------------------------------

Confirmed: 255/2048 | Reverted: 0 | Pending: 1793
Confirmed: 653/2048 | Reverted: 0 | Pending: 1395
Confirmed: 968/2048 | Reverted: 0 | Pending: 1080
Confirmed: 1194/2048 | Reverted: 0 | Pending: 854
Confirmed: 1373/2048 | Reverted: 0 | Pending: 675
Confirmed: 1522/2048 | Reverted: 0 | Pending: 526
Confirmed: 1671/2048 | Reverted: 0 | Pending: 377
Confirmed: 1740/2048 | Reverted: 0 | Pending: 308
Confirmed: 1876/2048 | Reverted: 0 | Pending: 172
Confirmed: 1876/2048 | Reverted: 0 | Pending: 172
Confirmed: 1983/2048 | Reverted: 0 | Pending: 65
Confirmed: 1983/2048 | Reverted: 0 | Pending: 65
Confirmed: 2039/2048 | Reverted: 0 | Pending: 9
Confirmed: 2039/2048 | Reverted: 0 | Pending: 9
Confirmed: 2039/2048 | Reverted: 0 | Pending: 9
Confirmed: 2048/2048 | Reverted: 0 | Pending: 0

Receipt polling finished.
------------------------------------------
Confirmed : 2048
Reverted  : 0
Timeout   : 0
Duration  : 33.385s
------------------------------------------

>>> on-chain leg: aggregate_n8_vmnos256_r5 (256 tx total, 420B/tx x 256 distinct payloads, gas/tx=176697, to=0xcA13aBB57713DEEfD342BcD5357DB2Ca3a57bf73)

Starting transaction producer...
Target submission rate : 500.00 tx/s
Submission workers      : 48


Producer finished.
------------------------------------------
Submitted : 256/256
Failed    : 0/256
Duration  : 0.746s
Rate      : 343.02 tx/s
------------------------------------------

Starting receipt polling...
------------------------------------------
Transactions to confirm : 256
Receipt workers         : 48
Receipt timeout         : 120.0s
------------------------------------------

Confirmed: 10/256 | Reverted: 0 | Pending: 246
Confirmed: 20/256 | Reverted: 0 | Pending: 236
Confirmed: 30/256 | Reverted: 0 | Pending: 226
Confirmed: 44/256 | Reverted: 0 | Pending: 212
Confirmed: 59/256 | Reverted: 0 | Pending: 197
Confirmed: 66/256 | Reverted: 0 | Pending: 190
Confirmed: 78/256 | Reverted: 0 | Pending: 178
Confirmed: 95/256 | Reverted: 0 | Pending: 161
Confirmed: 95/256 | Reverted: 0 | Pending: 161
Confirmed: 112/256 | Reverted: 0 | Pending: 144
Confirmed: 121/256 | Reverted: 0 | Pending: 135
Confirmed: 130/256 | Reverted: 0 | Pending: 126
Confirmed: 145/256 | Reverted: 0 | Pending: 111
Confirmed: 147/256 | Reverted: 0 | Pending: 109
Confirmed: 157/256 | Reverted: 0 | Pending: 99
Confirmed: 164/256 | Reverted: 0 | Pending: 92
Confirmed: 164/256 | Reverted: 0 | Pending: 92
Confirmed: 181/256 | Reverted: 0 | Pending: 75
Confirmed: 181/256 | Reverted: 0 | Pending: 75
Confirmed: 181/256 | Reverted: 0 | Pending: 75
Confirmed: 198/256 | Reverted: 0 | Pending: 58
Confirmed: 198/256 | Reverted: 0 | Pending: 58
Confirmed: 198/256 | Reverted: 0 | Pending: 58
Confirmed: 200/256 | Reverted: 0 | Pending: 56
Confirmed: 215/256 | Reverted: 0 | Pending: 41
Confirmed: 215/256 | Reverted: 0 | Pending: 41
Confirmed: 215/256 | Reverted: 0 | Pending: 41
Confirmed: 215/256 | Reverted: 0 | Pending: 41
Confirmed: 232/256 | Reverted: 0 | Pending: 24
Confirmed: 232/256 | Reverted: 0 | Pending: 24
Confirmed: 232/256 | Reverted: 0 | Pending: 24
Confirmed: 232/256 | Reverted: 0 | Pending: 24
Confirmed: 232/256 | Reverted: 0 | Pending: 24
Confirmed: 232/256 | Reverted: 0 | Pending: 24
Confirmed: 249/256 | Reverted: 0 | Pending: 7
Confirmed: 249/256 | Reverted: 0 | Pending: 7
Confirmed: 249/256 | Reverted: 0 | Pending: 7
Confirmed: 249/256 | Reverted: 0 | Pending: 7
Confirmed: 249/256 | Reverted: 0 | Pending: 7
Confirmed: 249/256 | Reverted: 0 | Pending: 7
Confirmed: 256/256 | Reverted: 0 | Pending: 0

Receipt polling finished.
------------------------------------------
Confirmed : 256
Reverted  : 0
Timeout   : 0
Duration  : 30.139s
------------------------------------------
Wrote: results/hardware-vmno-scaling/l3icalcul07/wan-nproof8-w48-rw48-rate500/vmnos-256/zkroam-wan-256vmnos/zkroam_wan_256vmnos_256_500.0_48_48_resource_usage.csv

Wrote: results/hardware-vmno-scaling/l3icalcul07/wan-nproof8-w48-rw48-rate500/vmnos-256/zkroam-wan-256vmnos/zkroam_wan_256vmnos_256_500.0_48_48_sweep_summary.csv

============================================================================
SWEEP HIGHLIGHTS (median across runs per nproofs/VMNO level)
============================================================================
 nproofs  num_vmnos  ind_gas_total  agg_gas_total gas_save_%  pipeline_x
       8        256    495,554,560     39,329,280      92.1%       2.13x
============================================================================

$ /Utilisateurs/abellach/zkRoam/net-heterogeneity/venv/bin/python3 monitoring/collect_metrics.py --logs-dir logs --rpc http://172.28.0.10:8545 --start-block 30 --end-block 309 --log-offsets results/hardware-vmno-scaling/l3icalcul07/wan-nproof8-w48-rw48-rate500/vmnos-256/zkroam-wan-256vmnos/log_offsets_at_workload_start.json --out results/hardware-vmno-scaling/l3icalcul07/wan-nproof8-w48-rw48-rate500/vmnos-256/zkroam-wan-256vmnos/consensus_robustness.csv
Total view changes across all nodes: 0
Blocks exceeding 2x block period (stall indicator): 0/280
Wrote results/hardware-vmno-scaling/l3icalcul07/wan-nproof8-w48-rw48-rate500/vmnos-256/zkroam-wan-256vmnos/consensus_robustness.csv

$ /Utilisateurs/abellach/zkRoam/net-heterogeneity/venv/bin/python3 scripts/apptainer-network.py snapshot --out results/hardware-vmno-scaling/l3icalcul07/wan-nproof8-w48-rw48-rate500/vmnos-256/zkroam-wan-256vmnos/runtime_snapshot
$ nsenter -t 1621764 -n apptainer exec --cleanenv /Utilisateurs/abellach/zkRoam/net-heterogeneity/zkroam-besu.sif tc -s qdisc show
$ nsenter -t 1621764 -n apptainer exec --cleanenv /Utilisateurs/abellach/zkRoam/net-heterogeneity/zkroam-besu.sif tc -s class show
$ nsenter -t 1621764 -n apptainer exec --cleanenv /Utilisateurs/abellach/zkRoam/net-heterogeneity/zkroam-besu.sif tc -s filter show
$ nsenter -t 1621764 -n apptainer exec --cleanenv /Utilisateurs/abellach/zkRoam/net-heterogeneity/zkroam-besu.sif ip -o addr show
$ nsenter -t 1622252 -n apptainer exec --cleanenv /Utilisateurs/abellach/zkRoam/net-heterogeneity/zkroam-besu.sif tc -s qdisc show
$ nsenter -t 1622252 -n apptainer exec --cleanenv /Utilisateurs/abellach/zkRoam/net-heterogeneity/zkroam-besu.sif tc -s class show
$ nsenter -t 1622252 -n apptainer exec --cleanenv /Utilisateurs/abellach/zkRoam/net-heterogeneity/zkroam-besu.sif tc -s filter show
$ nsenter -t 1622252 -n apptainer exec --cleanenv /Utilisateurs/abellach/zkRoam/net-heterogeneity/zkroam-besu.sif ip -o addr show
$ nsenter -t 1622893 -n apptainer exec --cleanenv /Utilisateurs/abellach/zkRoam/net-heterogeneity/zkroam-besu.sif tc -s qdisc show
$ nsenter -t 1622893 -n apptainer exec --cleanenv /Utilisateurs/abellach/zkRoam/net-heterogeneity/zkroam-besu.sif tc -s class show
$ nsenter -t 1622893 -n apptainer exec --cleanenv /Utilisateurs/abellach/zkRoam/net-heterogeneity/zkroam-besu.sif tc -s filter show
$ nsenter -t 1622893 -n apptainer exec --cleanenv /Utilisateurs/abellach/zkRoam/net-heterogeneity/zkroam-besu.sif ip -o addr show
$ nsenter -t 1623608 -n apptainer exec --cleanenv /Utilisateurs/abellach/zkRoam/net-heterogeneity/zkroam-besu.sif tc -s qdisc show
$ nsenter -t 1623608 -n apptainer exec --cleanenv /Utilisateurs/abellach/zkRoam/net-heterogeneity/zkroam-besu.sif tc -s class show
$ nsenter -t 1623608 -n apptainer exec --cleanenv /Utilisateurs/abellach/zkRoam/net-heterogeneity/zkroam-besu.sif tc -s filter show
$ nsenter -t 1623608 -n apptainer exec --cleanenv /Utilisateurs/abellach/zkRoam/net-heterogeneity/zkroam-besu.sif ip -o addr show
$ nsenter -t 1624441 -n apptainer exec --cleanenv /Utilisateurs/abellach/zkRoam/net-heterogeneity/zkroam-besu.sif tc -s qdisc show
$ nsenter -t 1624441 -n apptainer exec --cleanenv /Utilisateurs/abellach/zkRoam/net-heterogeneity/zkroam-besu.sif tc -s class show
$ nsenter -t 1624441 -n apptainer exec --cleanenv /Utilisateurs/abellach/zkRoam/net-heterogeneity/zkroam-besu.sif tc -s filter show
$ nsenter -t 1624441 -n apptainer exec --cleanenv /Utilisateurs/abellach/zkRoam/net-heterogeneity/zkroam-besu.sif ip -o addr show
$ nsenter -t 1625275 -n apptainer exec --cleanenv /Utilisateurs/abellach/zkRoam/net-heterogeneity/zkroam-besu.sif tc -s qdisc show
$ nsenter -t 1625275 -n apptainer exec --cleanenv /Utilisateurs/abellach/zkRoam/net-heterogeneity/zkroam-besu.sif tc -s class show
$ nsenter -t 1625275 -n apptainer exec --cleanenv /Utilisateurs/abellach/zkRoam/net-heterogeneity/zkroam-besu.sif tc -s filter show
$ nsenter -t 1625275 -n apptainer exec --cleanenv /Utilisateurs/abellach/zkRoam/net-heterogeneity/zkroam-besu.sif ip -o addr show
$ nsenter -t 1626110 -n apptainer exec --cleanenv /Utilisateurs/abellach/zkRoam/net-heterogeneity/zkroam-besu.sif tc -s qdisc show
$ nsenter -t 1626110 -n apptainer exec --cleanenv /Utilisateurs/abellach/zkRoam/net-heterogeneity/zkroam-besu.sif tc -s class show
$ nsenter -t 1626110 -n apptainer exec --cleanenv /Utilisateurs/abellach/zkRoam/net-heterogeneity/zkroam-besu.sif tc -s filter show
$ nsenter -t 1626110 -n apptainer exec --cleanenv /Utilisateurs/abellach/zkRoam/net-heterogeneity/zkroam-besu.sif ip -o addr show
$ nsenter -t 1626954 -n apptainer exec --cleanenv /Utilisateurs/abellach/zkRoam/net-heterogeneity/zkroam-besu.sif tc -s qdisc show
$ nsenter -t 1626954 -n apptainer exec --cleanenv /Utilisateurs/abellach/zkRoam/net-heterogeneity/zkroam-besu.sif tc -s class show
$ nsenter -t 1626954 -n apptainer exec --cleanenv /Utilisateurs/abellach/zkRoam/net-heterogeneity/zkroam-besu.sif tc -s filter show
$ nsenter -t 1626954 -n apptainer exec --cleanenv /Utilisateurs/abellach/zkRoam/net-heterogeneity/zkroam-besu.sif ip -o addr show
$ nsenter -t 1627799 -n apptainer exec --cleanenv /Utilisateurs/abellach/zkRoam/net-heterogeneity/zkroam-besu.sif tc -s qdisc show
$ nsenter -t 1627799 -n apptainer exec --cleanenv /Utilisateurs/abellach/zkRoam/net-heterogeneity/zkroam-besu.sif tc -s class show
$ nsenter -t 1627799 -n apptainer exec --cleanenv /Utilisateurs/abellach/zkRoam/net-heterogeneity/zkroam-besu.sif tc -s filter show
$ nsenter -t 1627799 -n apptainer exec --cleanenv /Utilisateurs/abellach/zkRoam/net-heterogeneity/zkroam-besu.sif ip -o addr show
$ nsenter -t 1628642 -n apptainer exec --cleanenv /Utilisateurs/abellach/zkRoam/net-heterogeneity/zkroam-besu.sif tc -s qdisc show
$ nsenter -t 1628642 -n apptainer exec --cleanenv /Utilisateurs/abellach/zkRoam/net-heterogeneity/zkroam-besu.sif tc -s class show
$ nsenter -t 1628642 -n apptainer exec --cleanenv /Utilisateurs/abellach/zkRoam/net-heterogeneity/zkroam-besu.sif tc -s filter show
$ nsenter -t 1628642 -n apptainer exec --cleanenv /Utilisateurs/abellach/zkRoam/net-heterogeneity/zkroam-besu.sif ip -o addr show
$ nsenter -t 1629482 -n apptainer exec --cleanenv /Utilisateurs/abellach/zkRoam/net-heterogeneity/zkroam-besu.sif tc -s qdisc show
$ nsenter -t 1629482 -n apptainer exec --cleanenv /Utilisateurs/abellach/zkRoam/net-heterogeneity/zkroam-besu.sif tc -s class show
$ nsenter -t 1629482 -n apptainer exec --cleanenv /Utilisateurs/abellach/zkRoam/net-heterogeneity/zkroam-besu.sif tc -s filter show
$ nsenter -t 1629482 -n apptainer exec --cleanenv /Utilisateurs/abellach/zkRoam/net-heterogeneity/zkroam-besu.sif ip -o addr show
$ nsenter -t 1630338 -n apptainer exec --cleanenv /Utilisateurs/abellach/zkRoam/net-heterogeneity/zkroam-besu.sif tc -s qdisc show
$ nsenter -t 1630338 -n apptainer exec --cleanenv /Utilisateurs/abellach/zkRoam/net-heterogeneity/zkroam-besu.sif tc -s class show
$ nsenter -t 1630338 -n apptainer exec --cleanenv /Utilisateurs/abellach/zkRoam/net-heterogeneity/zkroam-besu.sif tc -s filter show
$ nsenter -t 1630338 -n apptainer exec --cleanenv /Utilisateurs/abellach/zkRoam/net-heterogeneity/zkroam-besu.sif ip -o addr show
$ nsenter -t 1631170 -n apptainer exec --cleanenv /Utilisateurs/abellach/zkRoam/net-heterogeneity/zkroam-besu.sif tc -s qdisc show
$ nsenter -t 1631170 -n apptainer exec --cleanenv /Utilisateurs/abellach/zkRoam/net-heterogeneity/zkroam-besu.sif tc -s class show
$ nsenter -t 1631170 -n apptainer exec --cleanenv /Utilisateurs/abellach/zkRoam/net-heterogeneity/zkroam-besu.sif tc -s filter show
$ nsenter -t 1631170 -n apptainer exec --cleanenv /Utilisateurs/abellach/zkRoam/net-heterogeneity/zkroam-besu.sif ip -o addr show
$ nsenter -t 1632003 -n apptainer exec --cleanenv /Utilisateurs/abellach/zkRoam/net-heterogeneity/zkroam-besu.sif tc -s qdisc show
$ nsenter -t 1632003 -n apptainer exec --cleanenv /Utilisateurs/abellach/zkRoam/net-heterogeneity/zkroam-besu.sif tc -s class show
$ nsenter -t 1632003 -n apptainer exec --cleanenv /Utilisateurs/abellach/zkRoam/net-heterogeneity/zkroam-besu.sif tc -s filter show
$ nsenter -t 1632003 -n apptainer exec --cleanenv /Utilisateurs/abellach/zkRoam/net-heterogeneity/zkroam-besu.sif ip -o addr show
$ nsenter -t 1632846 -n apptainer exec --cleanenv /Utilisateurs/abellach/zkRoam/net-heterogeneity/zkroam-besu.sif tc -s qdisc show
$ nsenter -t 1632846 -n apptainer exec --cleanenv /Utilisateurs/abellach/zkRoam/net-heterogeneity/zkroam-besu.sif tc -s class show
$ nsenter -t 1632846 -n apptainer exec --cleanenv /Utilisateurs/abellach/zkRoam/net-heterogeneity/zkroam-besu.sif tc -s filter show
$ nsenter -t 1632846 -n apptainer exec --cleanenv /Utilisateurs/abellach/zkRoam/net-heterogeneity/zkroam-besu.sif ip -o addr show
$ apptainer exec --cleanenv /Utilisateurs/abellach/zkRoam/net-heterogeneity/zkroam-besu.sif ip -details addr show zkroam0

$ /Utilisateurs/abellach/zkRoam/net-heterogeneity/venv/bin/python3 scripts/apptainer-network.py stop
$ apptainer exec --cleanenv /Utilisateurs/abellach/zkRoam/net-heterogeneity/zkroam-besu.sif ip -o link show
$ apptainer exec --cleanenv /Utilisateurs/abellach/zkRoam/net-heterogeneity/zkroam-besu.sif ip link delete zkh00
$ apptainer exec --cleanenv /Utilisateurs/abellach/zkRoam/net-heterogeneity/zkroam-besu.sif ip link delete zkh01
$ apptainer exec --cleanenv /Utilisateurs/abellach/zkRoam/net-heterogeneity/zkroam-besu.sif ip link delete zkh02
$ apptainer exec --cleanenv /Utilisateurs/abellach/zkRoam/net-heterogeneity/zkroam-besu.sif ip link delete zkh03
$ apptainer exec --cleanenv /Utilisateurs/abellach/zkRoam/net-heterogeneity/zkroam-besu.sif ip link delete zkh04
$ apptainer exec --cleanenv /Utilisateurs/abellach/zkRoam/net-heterogeneity/zkroam-besu.sif ip link delete zkh05
$ apptainer exec --cleanenv /Utilisateurs/abellach/zkRoam/net-heterogeneity/zkroam-besu.sif ip link delete zkh06
$ apptainer exec --cleanenv /Utilisateurs/abellach/zkRoam/net-heterogeneity/zkroam-besu.sif ip link delete zkh07
$ apptainer exec --cleanenv /Utilisateurs/abellach/zkRoam/net-heterogeneity/zkroam-besu.sif ip link delete zkh08
$ apptainer exec --cleanenv /Utilisateurs/abellach/zkRoam/net-heterogeneity/zkroam-besu.sif ip link delete zkh09
$ apptainer exec --cleanenv /Utilisateurs/abellach/zkRoam/net-heterogeneity/zkroam-besu.sif ip link delete zkh10
$ apptainer exec --cleanenv /Utilisateurs/abellach/zkRoam/net-heterogeneity/zkroam-besu.sif ip link delete zkh11
$ apptainer exec --cleanenv /Utilisateurs/abellach/zkRoam/net-heterogeneity/zkroam-besu.sif ip link delete zkh12
$ apptainer exec --cleanenv /Utilisateurs/abellach/zkRoam/net-heterogeneity/zkroam-besu.sif ip link delete zkh13
$ apptainer exec --cleanenv /Utilisateurs/abellach/zkRoam/net-heterogeneity/zkroam-besu.sif ip link delete zkh14
$ apptainer exec --cleanenv /Utilisateurs/abellach/zkRoam/net-heterogeneity/zkroam-besu.sif ip link delete zkroam0
