
$ bash scripts/04c-run-network-apptainer.sh heterogeneous
=== Step 0: stop the previous zkRoam Apptainer network ===
$ apptainer exec --cleanenv /tmp/zkroam-hw-22073-TarIRJ/net-heterogeneity/zkroam-besu.sif ip -o link show
$ apptainer exec --cleanenv /tmp/zkroam-hw-22073-TarIRJ/net-heterogeneity/zkroam-besu.sif ip link delete zkroam0
=== Step 1: generate genesis, validator keys, and accounts ===
==========================================
Generating QBFT test network
==========================================

Validators : 15
Client accounts : 2000
Balance/account : 1000000000000000000000 wei

[1/5] Cleaning previous network files...
[2/5] Generating QBFT validators and genesis...
2026-10-07 21:09:13.402+00:00 | main | INFO  | GenerateBlockchainConfig | Generating 15 nodes keys.
2026-10-07 21:09:13.406+00:00 | main | INFO  | GenerateBlockchainConfig | Generating keypair for node 0.
2026-10-07 21:09:13.452+00:00 | main | INFO  | GenerateBlockchainConfig | Generating keypair for node 1.
2026-10-07 21:09:13.457+00:00 | main | INFO  | GenerateBlockchainConfig | Generating keypair for node 2.
2026-10-07 21:09:13.459+00:00 | main | INFO  | GenerateBlockchainConfig | Generating keypair for node 3.
2026-10-07 21:09:13.460+00:00 | main | INFO  | GenerateBlockchainConfig | Generating keypair for node 4.
2026-10-07 21:09:13.462+00:00 | main | INFO  | GenerateBlockchainConfig | Generating keypair for node 5.
2026-10-07 21:09:13.463+00:00 | main | INFO  | GenerateBlockchainConfig | Generating keypair for node 6.
2026-10-07 21:09:13.464+00:00 | main | INFO  | GenerateBlockchainConfig | Generating keypair for node 7.
2026-10-07 21:09:13.465+00:00 | main | INFO  | GenerateBlockchainConfig | Generating keypair for node 8.
2026-10-07 21:09:13.469+00:00 | main | INFO  | GenerateBlockchainConfig | Generating keypair for node 9.
2026-10-07 21:09:13.470+00:00 | main | INFO  | GenerateBlockchainConfig | Generating keypair for node 10.
2026-10-07 21:09:13.471+00:00 | main | INFO  | GenerateBlockchainConfig | Generating keypair for node 11.
2026-10-07 21:09:13.472+00:00 | main | INFO  | GenerateBlockchainConfig | Generating keypair for node 12.
2026-10-07 21:09:13.473+00:00 | main | INFO  | GenerateBlockchainConfig | Generating keypair for node 13.
2026-10-07 21:09:13.474+00:00 | main | INFO  | GenerateBlockchainConfig | Generating keypair for node 14.
2026-10-07 21:09:13.475+00:00 | main | INFO  | GenerateBlockchainConfig | Generating QBFT extra data.
2026-10-07 21:09:13.479+00:00 | main | INFO  | GenerateBlockchainConfig | Writing genesis file.
[3/5] Generating 2000 funded client accounts...
Generating 2000 funded accounts...

Generated 2000 accounts.
Saved to: /tmp/zkroam-hw-22073-TarIRJ/net-heterogeneity/accounts/accounts.json
[4/5] Updating genesis alloc...
Existing configured alloc accounts: 2
Generated workload accounts: 2000

Final genesis alloc contains 2002 accounts.
[5/5] Verifying generated network...

==========================================
QBFT network generation complete
==========================================

Genesis:
  /tmp/zkroam-hw-22073-TarIRJ/net-heterogeneity/networkFiles/genesis.json

Validators:
  /tmp/zkroam-hw-22073-TarIRJ/net-heterogeneity/networkFiles/keys/

Client accounts:
  /tmp/zkroam-hw-22073-TarIRJ/net-heterogeneity/accounts/accounts.json

Validator count:
15

Client account count:
2000

Genesis alloc count:
2002

First 10 client accounts:
000 0xaFb2aEf677b3498AE2C7C6f9d03c5e531d71FC7e balance=1000000000000000000000
001 0x95E4CE1066e9a5CE4f629541577430c459E76B98 balance=1000000000000000000000
002 0xeB91Ae8306668e618E4f45D4e1D67e00e94B0FB4 balance=1000000000000000000000
003 0x628a2994a67EB976bc20236cB48E6BB2A20B9c06 balance=1000000000000000000000
004 0x799AC5eaddE5E4344Ff5DD74590A464c76608f03 balance=1000000000000000000000
005 0x11A46Db4496f467C1f17dEA0c584E6E0744618E0 balance=1000000000000000000000
006 0x4ddBd789A2B2919a99F5F53910AB7e075A96E6f7 balance=1000000000000000000000
007 0xFfCF014eEa46163C32da5Ed8891c385d972C8481 balance=1000000000000000000000
008 0x3219a3CFB55e57f1E09b8B7adb7F708eC276E044 balance=1000000000000000000000
009 0x6538F9473509a9ad4E7298Cf768cE0f91963B9fe balance=1000000000000000000000

==========================================
IMPORTANT
==========================================

Client private keys are stored in:
  /tmp/zkroam-hw-22073-TarIRJ/net-heterogeneity/accounts/accounts.json

Do NOT commit this file to Git.

=== Step 2: generate the heterogeneous topology ===
Wrote /tmp/zkroam-hw-22073-TarIRJ/net-heterogeneity/networkFiles/topology.json
Tier distribution: {'core': 6, 'edge': 6, 'mobile': 3}
=== Step 3: start 15 isolated Apptainer-backed validators ===
$ apptainer exec --cleanenv /Utilisateurs/abellach/zkRoam/net-heterogeneity/zkroam-besu.sif ip -o link show
$ apptainer exec --cleanenv /Utilisateurs/abellach/zkRoam/net-heterogeneity/zkroam-besu.sif ip link delete zkroam0
$ apptainer exec --cleanenv /Utilisateurs/abellach/zkRoam/net-heterogeneity/zkroam-besu.sif ip link add zkroam0 type bridge
$ apptainer exec --cleanenv /Utilisateurs/abellach/zkRoam/net-heterogeneity/zkroam-besu.sif ip addr add 172.28.0.1/24 dev zkroam0
$ apptainer exec --cleanenv /Utilisateurs/abellach/zkRoam/net-heterogeneity/zkroam-besu.sif ip link set zkroam0 up
$ apptainer exec --cleanenv /Utilisateurs/abellach/zkRoam/net-heterogeneity/zkroam-besu.sif ip link delete zkh00
$ apptainer exec --cleanenv /Utilisateurs/abellach/zkRoam/net-heterogeneity/zkroam-besu.sif ip link add zkh00 type veth peer name eth0
$ apptainer exec --cleanenv /Utilisateurs/abellach/zkRoam/net-heterogeneity/zkroam-besu.sif ip link set zkh00 master zkroam0
$ apptainer exec --cleanenv /Utilisateurs/abellach/zkRoam/net-heterogeneity/zkroam-besu.sif ip link set zkh00 up
$ apptainer exec --cleanenv /Utilisateurs/abellach/zkRoam/net-heterogeneity/zkroam-besu.sif ip link set eth0 netns 1963636
$ nsenter -t 1963636 -n apptainer exec --cleanenv /Utilisateurs/abellach/zkRoam/net-heterogeneity/zkroam-besu.sif ip link set lo up
$ nsenter -t 1963636 -n apptainer exec --cleanenv /Utilisateurs/abellach/zkRoam/net-heterogeneity/zkroam-besu.sif ip addr add 172.28.0.10/24 dev eth0
$ nsenter -t 1963636 -n apptainer exec --cleanenv /Utilisateurs/abellach/zkRoam/net-heterogeneity/zkroam-besu.sif ip link set eth0 up
$ nsenter -t 1963636 -n apptainer exec --cleanenv /Utilisateurs/abellach/zkRoam/net-heterogeneity/zkroam-besu.sif ip route add default via 172.28.0.1
$ apptainer exec --cleanenv /Utilisateurs/abellach/zkRoam/net-heterogeneity/zkroam-besu.sif ip link delete zkh01
$ apptainer exec --cleanenv /Utilisateurs/abellach/zkRoam/net-heterogeneity/zkroam-besu.sif ip link add zkh01 type veth peer name eth0
$ apptainer exec --cleanenv /Utilisateurs/abellach/zkRoam/net-heterogeneity/zkroam-besu.sif ip link set zkh01 master zkroam0
$ apptainer exec --cleanenv /Utilisateurs/abellach/zkRoam/net-heterogeneity/zkroam-besu.sif ip link set zkh01 up
$ apptainer exec --cleanenv /Utilisateurs/abellach/zkRoam/net-heterogeneity/zkroam-besu.sif ip link set eth0 netns 1964118
$ nsenter -t 1964118 -n apptainer exec --cleanenv /Utilisateurs/abellach/zkRoam/net-heterogeneity/zkroam-besu.sif ip link set lo up
$ nsenter -t 1964118 -n apptainer exec --cleanenv /Utilisateurs/abellach/zkRoam/net-heterogeneity/zkroam-besu.sif ip addr add 172.28.0.11/24 dev eth0
$ nsenter -t 1964118 -n apptainer exec --cleanenv /Utilisateurs/abellach/zkRoam/net-heterogeneity/zkroam-besu.sif ip link set eth0 up
$ nsenter -t 1964118 -n apptainer exec --cleanenv /Utilisateurs/abellach/zkRoam/net-heterogeneity/zkroam-besu.sif ip route add default via 172.28.0.1
$ apptainer exec --cleanenv /Utilisateurs/abellach/zkRoam/net-heterogeneity/zkroam-besu.sif ip link delete zkh02
$ apptainer exec --cleanenv /Utilisateurs/abellach/zkRoam/net-heterogeneity/zkroam-besu.sif ip link add zkh02 type veth peer name eth0
$ apptainer exec --cleanenv /Utilisateurs/abellach/zkRoam/net-heterogeneity/zkroam-besu.sif ip link set zkh02 master zkroam0
$ apptainer exec --cleanenv /Utilisateurs/abellach/zkRoam/net-heterogeneity/zkroam-besu.sif ip link set zkh02 up
$ apptainer exec --cleanenv /Utilisateurs/abellach/zkRoam/net-heterogeneity/zkroam-besu.sif ip link set eth0 netns 1964712
$ nsenter -t 1964712 -n apptainer exec --cleanenv /Utilisateurs/abellach/zkRoam/net-heterogeneity/zkroam-besu.sif ip link set lo up
$ nsenter -t 1964712 -n apptainer exec --cleanenv /Utilisateurs/abellach/zkRoam/net-heterogeneity/zkroam-besu.sif ip addr add 172.28.0.12/24 dev eth0
$ nsenter -t 1964712 -n apptainer exec --cleanenv /Utilisateurs/abellach/zkRoam/net-heterogeneity/zkroam-besu.sif ip link set eth0 up
$ nsenter -t 1964712 -n apptainer exec --cleanenv /Utilisateurs/abellach/zkRoam/net-heterogeneity/zkroam-besu.sif ip route add default via 172.28.0.1
$ apptainer exec --cleanenv /Utilisateurs/abellach/zkRoam/net-heterogeneity/zkroam-besu.sif ip link delete zkh03
$ apptainer exec --cleanenv /Utilisateurs/abellach/zkRoam/net-heterogeneity/zkroam-besu.sif ip link add zkh03 type veth peer name eth0
$ apptainer exec --cleanenv /Utilisateurs/abellach/zkRoam/net-heterogeneity/zkroam-besu.sif ip link set zkh03 master zkroam0
$ apptainer exec --cleanenv /Utilisateurs/abellach/zkRoam/net-heterogeneity/zkroam-besu.sif ip link set zkh03 up
$ apptainer exec --cleanenv /Utilisateurs/abellach/zkRoam/net-heterogeneity/zkroam-besu.sif ip link set eth0 netns 1965362
$ nsenter -t 1965362 -n apptainer exec --cleanenv /Utilisateurs/abellach/zkRoam/net-heterogeneity/zkroam-besu.sif ip link set lo up
$ nsenter -t 1965362 -n apptainer exec --cleanenv /Utilisateurs/abellach/zkRoam/net-heterogeneity/zkroam-besu.sif ip addr add 172.28.0.13/24 dev eth0
$ nsenter -t 1965362 -n apptainer exec --cleanenv /Utilisateurs/abellach/zkRoam/net-heterogeneity/zkroam-besu.sif ip link set eth0 up
$ nsenter -t 1965362 -n apptainer exec --cleanenv /Utilisateurs/abellach/zkRoam/net-heterogeneity/zkroam-besu.sif ip route add default via 172.28.0.1
$ apptainer exec --cleanenv /Utilisateurs/abellach/zkRoam/net-heterogeneity/zkroam-besu.sif ip link delete zkh04
$ apptainer exec --cleanenv /Utilisateurs/abellach/zkRoam/net-heterogeneity/zkroam-besu.sif ip link add zkh04 type veth peer name eth0
$ apptainer exec --cleanenv /Utilisateurs/abellach/zkRoam/net-heterogeneity/zkroam-besu.sif ip link set zkh04 master zkroam0
$ apptainer exec --cleanenv /Utilisateurs/abellach/zkRoam/net-heterogeneity/zkroam-besu.sif ip link set zkh04 up
$ apptainer exec --cleanenv /Utilisateurs/abellach/zkRoam/net-heterogeneity/zkroam-besu.sif ip link set eth0 netns 1966120
$ nsenter -t 1966120 -n apptainer exec --cleanenv /Utilisateurs/abellach/zkRoam/net-heterogeneity/zkroam-besu.sif ip link set lo up
$ nsenter -t 1966120 -n apptainer exec --cleanenv /Utilisateurs/abellach/zkRoam/net-heterogeneity/zkroam-besu.sif ip addr add 172.28.0.14/24 dev eth0
$ nsenter -t 1966120 -n apptainer exec --cleanenv /Utilisateurs/abellach/zkRoam/net-heterogeneity/zkroam-besu.sif ip link set eth0 up
$ nsenter -t 1966120 -n apptainer exec --cleanenv /Utilisateurs/abellach/zkRoam/net-heterogeneity/zkroam-besu.sif ip route add default via 172.28.0.1
$ apptainer exec --cleanenv /Utilisateurs/abellach/zkRoam/net-heterogeneity/zkroam-besu.sif ip link delete zkh05
$ apptainer exec --cleanenv /Utilisateurs/abellach/zkRoam/net-heterogeneity/zkroam-besu.sif ip link add zkh05 type veth peer name eth0
$ apptainer exec --cleanenv /Utilisateurs/abellach/zkRoam/net-heterogeneity/zkroam-besu.sif ip link set zkh05 master zkroam0
$ apptainer exec --cleanenv /Utilisateurs/abellach/zkRoam/net-heterogeneity/zkroam-besu.sif ip link set zkh05 up
$ apptainer exec --cleanenv /Utilisateurs/abellach/zkRoam/net-heterogeneity/zkroam-besu.sif ip link set eth0 netns 1966918
$ nsenter -t 1966918 -n apptainer exec --cleanenv /Utilisateurs/abellach/zkRoam/net-heterogeneity/zkroam-besu.sif ip link set lo up
$ nsenter -t 1966918 -n apptainer exec --cleanenv /Utilisateurs/abellach/zkRoam/net-heterogeneity/zkroam-besu.sif ip addr add 172.28.0.15/24 dev eth0
$ nsenter -t 1966918 -n apptainer exec --cleanenv /Utilisateurs/abellach/zkRoam/net-heterogeneity/zkroam-besu.sif ip link set eth0 up
$ nsenter -t 1966918 -n apptainer exec --cleanenv /Utilisateurs/abellach/zkRoam/net-heterogeneity/zkroam-besu.sif ip route add default via 172.28.0.1
$ apptainer exec --cleanenv /Utilisateurs/abellach/zkRoam/net-heterogeneity/zkroam-besu.sif ip link delete zkh06
$ apptainer exec --cleanenv /Utilisateurs/abellach/zkRoam/net-heterogeneity/zkroam-besu.sif ip link add zkh06 type veth peer name eth0
$ apptainer exec --cleanenv /Utilisateurs/abellach/zkRoam/net-heterogeneity/zkroam-besu.sif ip link set zkh06 master zkroam0
$ apptainer exec --cleanenv /Utilisateurs/abellach/zkRoam/net-heterogeneity/zkroam-besu.sif ip link set zkh06 up
$ apptainer exec --cleanenv /Utilisateurs/abellach/zkRoam/net-heterogeneity/zkroam-besu.sif ip link set eth0 netns 1967695
$ nsenter -t 1967695 -n apptainer exec --cleanenv /Utilisateurs/abellach/zkRoam/net-heterogeneity/zkroam-besu.sif ip link set lo up
$ nsenter -t 1967695 -n apptainer exec --cleanenv /Utilisateurs/abellach/zkRoam/net-heterogeneity/zkroam-besu.sif ip addr add 172.28.0.16/24 dev eth0
$ nsenter -t 1967695 -n apptainer exec --cleanenv /Utilisateurs/abellach/zkRoam/net-heterogeneity/zkroam-besu.sif ip link set eth0 up
$ nsenter -t 1967695 -n apptainer exec --cleanenv /Utilisateurs/abellach/zkRoam/net-heterogeneity/zkroam-besu.sif ip route add default via 172.28.0.1
$ apptainer exec --cleanenv /Utilisateurs/abellach/zkRoam/net-heterogeneity/zkroam-besu.sif ip link delete zkh07
$ apptainer exec --cleanenv /Utilisateurs/abellach/zkRoam/net-heterogeneity/zkroam-besu.sif ip link add zkh07 type veth peer name eth0
$ apptainer exec --cleanenv /Utilisateurs/abellach/zkRoam/net-heterogeneity/zkroam-besu.sif ip link set zkh07 master zkroam0
$ apptainer exec --cleanenv /Utilisateurs/abellach/zkRoam/net-heterogeneity/zkroam-besu.sif ip link set zkh07 up
$ apptainer exec --cleanenv /Utilisateurs/abellach/zkRoam/net-heterogeneity/zkroam-besu.sif ip link set eth0 netns 1968559
$ nsenter -t 1968559 -n apptainer exec --cleanenv /Utilisateurs/abellach/zkRoam/net-heterogeneity/zkroam-besu.sif ip link set lo up
$ nsenter -t 1968559 -n apptainer exec --cleanenv /Utilisateurs/abellach/zkRoam/net-heterogeneity/zkroam-besu.sif ip addr add 172.28.0.17/24 dev eth0
$ nsenter -t 1968559 -n apptainer exec --cleanenv /Utilisateurs/abellach/zkRoam/net-heterogeneity/zkroam-besu.sif ip link set eth0 up
$ nsenter -t 1968559 -n apptainer exec --cleanenv /Utilisateurs/abellach/zkRoam/net-heterogeneity/zkroam-besu.sif ip route add default via 172.28.0.1
$ apptainer exec --cleanenv /Utilisateurs/abellach/zkRoam/net-heterogeneity/zkroam-besu.sif ip link delete zkh08
$ apptainer exec --cleanenv /Utilisateurs/abellach/zkRoam/net-heterogeneity/zkroam-besu.sif ip link add zkh08 type veth peer name eth0
$ apptainer exec --cleanenv /Utilisateurs/abellach/zkRoam/net-heterogeneity/zkroam-besu.sif ip link set zkh08 master zkroam0
$ apptainer exec --cleanenv /Utilisateurs/abellach/zkRoam/net-heterogeneity/zkroam-besu.sif ip link set zkh08 up
$ apptainer exec --cleanenv /Utilisateurs/abellach/zkRoam/net-heterogeneity/zkroam-besu.sif ip link set eth0 netns 1969344
$ nsenter -t 1969344 -n apptainer exec --cleanenv /Utilisateurs/abellach/zkRoam/net-heterogeneity/zkroam-besu.sif ip link set lo up
$ nsenter -t 1969344 -n apptainer exec --cleanenv /Utilisateurs/abellach/zkRoam/net-heterogeneity/zkroam-besu.sif ip addr add 172.28.0.18/24 dev eth0
$ nsenter -t 1969344 -n apptainer exec --cleanenv /Utilisateurs/abellach/zkRoam/net-heterogeneity/zkroam-besu.sif ip link set eth0 up
$ nsenter -t 1969344 -n apptainer exec --cleanenv /Utilisateurs/abellach/zkRoam/net-heterogeneity/zkroam-besu.sif ip route add default via 172.28.0.1
$ apptainer exec --cleanenv /Utilisateurs/abellach/zkRoam/net-heterogeneity/zkroam-besu.sif ip link delete zkh09
$ apptainer exec --cleanenv /Utilisateurs/abellach/zkRoam/net-heterogeneity/zkroam-besu.sif ip link add zkh09 type veth peer name eth0
$ apptainer exec --cleanenv /Utilisateurs/abellach/zkRoam/net-heterogeneity/zkroam-besu.sif ip link set zkh09 master zkroam0
$ apptainer exec --cleanenv /Utilisateurs/abellach/zkRoam/net-heterogeneity/zkroam-besu.sif ip link set zkh09 up
$ apptainer exec --cleanenv /Utilisateurs/abellach/zkRoam/net-heterogeneity/zkroam-besu.sif ip link set eth0 netns 1970098
$ nsenter -t 1970098 -n apptainer exec --cleanenv /Utilisateurs/abellach/zkRoam/net-heterogeneity/zkroam-besu.sif ip link set lo up
$ nsenter -t 1970098 -n apptainer exec --cleanenv /Utilisateurs/abellach/zkRoam/net-heterogeneity/zkroam-besu.sif ip addr add 172.28.0.19/24 dev eth0
$ nsenter -t 1970098 -n apptainer exec --cleanenv /Utilisateurs/abellach/zkRoam/net-heterogeneity/zkroam-besu.sif ip link set eth0 up
$ nsenter -t 1970098 -n apptainer exec --cleanenv /Utilisateurs/abellach/zkRoam/net-heterogeneity/zkroam-besu.sif ip route add default via 172.28.0.1
$ apptainer exec --cleanenv /Utilisateurs/abellach/zkRoam/net-heterogeneity/zkroam-besu.sif ip link delete zkh10
$ apptainer exec --cleanenv /Utilisateurs/abellach/zkRoam/net-heterogeneity/zkroam-besu.sif ip link add zkh10 type veth peer name eth0
$ apptainer exec --cleanenv /Utilisateurs/abellach/zkRoam/net-heterogeneity/zkroam-besu.sif ip link set zkh10 master zkroam0
$ apptainer exec --cleanenv /Utilisateurs/abellach/zkRoam/net-heterogeneity/zkroam-besu.sif ip link set zkh10 up
$ apptainer exec --cleanenv /Utilisateurs/abellach/zkRoam/net-heterogeneity/zkroam-besu.sif ip link set eth0 netns 1970906
$ nsenter -t 1970906 -n apptainer exec --cleanenv /Utilisateurs/abellach/zkRoam/net-heterogeneity/zkroam-besu.sif ip link set lo up
$ nsenter -t 1970906 -n apptainer exec --cleanenv /Utilisateurs/abellach/zkRoam/net-heterogeneity/zkroam-besu.sif ip addr add 172.28.0.20/24 dev eth0
$ nsenter -t 1970906 -n apptainer exec --cleanenv /Utilisateurs/abellach/zkRoam/net-heterogeneity/zkroam-besu.sif ip link set eth0 up
$ nsenter -t 1970906 -n apptainer exec --cleanenv /Utilisateurs/abellach/zkRoam/net-heterogeneity/zkroam-besu.sif ip route add default via 172.28.0.1
$ apptainer exec --cleanenv /Utilisateurs/abellach/zkRoam/net-heterogeneity/zkroam-besu.sif ip link delete zkh11
$ apptainer exec --cleanenv /Utilisateurs/abellach/zkRoam/net-heterogeneity/zkroam-besu.sif ip link add zkh11 type veth peer name eth0
$ apptainer exec --cleanenv /Utilisateurs/abellach/zkRoam/net-heterogeneity/zkroam-besu.sif ip link set zkh11 master zkroam0
$ apptainer exec --cleanenv /Utilisateurs/abellach/zkRoam/net-heterogeneity/zkroam-besu.sif ip link set zkh11 up
$ apptainer exec --cleanenv /Utilisateurs/abellach/zkRoam/net-heterogeneity/zkroam-besu.sif ip link set eth0 netns 1971697
$ nsenter -t 1971697 -n apptainer exec --cleanenv /Utilisateurs/abellach/zkRoam/net-heterogeneity/zkroam-besu.sif ip link set lo up
$ nsenter -t 1971697 -n apptainer exec --cleanenv /Utilisateurs/abellach/zkRoam/net-heterogeneity/zkroam-besu.sif ip addr add 172.28.0.21/24 dev eth0
$ nsenter -t 1971697 -n apptainer exec --cleanenv /Utilisateurs/abellach/zkRoam/net-heterogeneity/zkroam-besu.sif ip link set eth0 up
$ nsenter -t 1971697 -n apptainer exec --cleanenv /Utilisateurs/abellach/zkRoam/net-heterogeneity/zkroam-besu.sif ip route add default via 172.28.0.1
$ apptainer exec --cleanenv /Utilisateurs/abellach/zkRoam/net-heterogeneity/zkroam-besu.sif ip link delete zkh12
$ apptainer exec --cleanenv /Utilisateurs/abellach/zkRoam/net-heterogeneity/zkroam-besu.sif ip link add zkh12 type veth peer name eth0
$ apptainer exec --cleanenv /Utilisateurs/abellach/zkRoam/net-heterogeneity/zkroam-besu.sif ip link set zkh12 master zkroam0
$ apptainer exec --cleanenv /Utilisateurs/abellach/zkRoam/net-heterogeneity/zkroam-besu.sif ip link set zkh12 up
$ apptainer exec --cleanenv /Utilisateurs/abellach/zkRoam/net-heterogeneity/zkroam-besu.sif ip link set eth0 netns 1972521
$ nsenter -t 1972521 -n apptainer exec --cleanenv /Utilisateurs/abellach/zkRoam/net-heterogeneity/zkroam-besu.sif ip link set lo up
$ nsenter -t 1972521 -n apptainer exec --cleanenv /Utilisateurs/abellach/zkRoam/net-heterogeneity/zkroam-besu.sif ip addr add 172.28.0.22/24 dev eth0
$ nsenter -t 1972521 -n apptainer exec --cleanenv /Utilisateurs/abellach/zkRoam/net-heterogeneity/zkroam-besu.sif ip link set eth0 up
$ nsenter -t 1972521 -n apptainer exec --cleanenv /Utilisateurs/abellach/zkRoam/net-heterogeneity/zkroam-besu.sif ip route add default via 172.28.0.1
$ apptainer exec --cleanenv /Utilisateurs/abellach/zkRoam/net-heterogeneity/zkroam-besu.sif ip link delete zkh13
$ apptainer exec --cleanenv /Utilisateurs/abellach/zkRoam/net-heterogeneity/zkroam-besu.sif ip link add zkh13 type veth peer name eth0
$ apptainer exec --cleanenv /Utilisateurs/abellach/zkRoam/net-heterogeneity/zkroam-besu.sif ip link set zkh13 master zkroam0
$ apptainer exec --cleanenv /Utilisateurs/abellach/zkRoam/net-heterogeneity/zkroam-besu.sif ip link set zkh13 up
$ apptainer exec --cleanenv /Utilisateurs/abellach/zkRoam/net-heterogeneity/zkroam-besu.sif ip link set eth0 netns 1973355
$ nsenter -t 1973355 -n apptainer exec --cleanenv /Utilisateurs/abellach/zkRoam/net-heterogeneity/zkroam-besu.sif ip link set lo up
$ nsenter -t 1973355 -n apptainer exec --cleanenv /Utilisateurs/abellach/zkRoam/net-heterogeneity/zkroam-besu.sif ip addr add 172.28.0.23/24 dev eth0
$ nsenter -t 1973355 -n apptainer exec --cleanenv /Utilisateurs/abellach/zkRoam/net-heterogeneity/zkroam-besu.sif ip link set eth0 up
$ nsenter -t 1973355 -n apptainer exec --cleanenv /Utilisateurs/abellach/zkRoam/net-heterogeneity/zkroam-besu.sif ip route add default via 172.28.0.1
$ apptainer exec --cleanenv /Utilisateurs/abellach/zkRoam/net-heterogeneity/zkroam-besu.sif ip link delete zkh14
$ apptainer exec --cleanenv /Utilisateurs/abellach/zkRoam/net-heterogeneity/zkroam-besu.sif ip link add zkh14 type veth peer name eth0
$ apptainer exec --cleanenv /Utilisateurs/abellach/zkRoam/net-heterogeneity/zkroam-besu.sif ip link set zkh14 master zkroam0
$ apptainer exec --cleanenv /Utilisateurs/abellach/zkRoam/net-heterogeneity/zkroam-besu.sif ip link set zkh14 up
$ apptainer exec --cleanenv /Utilisateurs/abellach/zkRoam/net-heterogeneity/zkroam-besu.sif ip link set eth0 netns 1974118
$ nsenter -t 1974118 -n apptainer exec --cleanenv /Utilisateurs/abellach/zkRoam/net-heterogeneity/zkroam-besu.sif ip link set lo up
$ nsenter -t 1974118 -n apptainer exec --cleanenv /Utilisateurs/abellach/zkRoam/net-heterogeneity/zkroam-besu.sif ip addr add 172.28.0.24/24 dev eth0
$ nsenter -t 1974118 -n apptainer exec --cleanenv /Utilisateurs/abellach/zkRoam/net-heterogeneity/zkroam-besu.sif ip link set eth0 up
$ nsenter -t 1974118 -n apptainer exec --cleanenv /Utilisateurs/abellach/zkRoam/net-heterogeneity/zkroam-besu.sif ip route add default via 172.28.0.1
Started 15 Apptainer-backed validators.
=== Step 4: wait for every validator RPC and peer set ===
{
  "node00": {
    "block": 4,
    "peers": 14
  },
  "node01": {
    "block": 4,
    "peers": 14
  },
  "node02": {
    "block": 4,
    "peers": 14
  },
  "node03": {
    "block": 4,
    "peers": 14
  },
  "node04": {
    "block": 4,
    "peers": 14
  },
  "node05": {
    "block": 4,
    "peers": 14
  },
  "node06": {
    "block": 4,
    "peers": 14
  },
  "node07": {
    "block": 4,
    "peers": 14
  },
  "node08": {
    "block": 4,
    "peers": 14
  },
  "node09": {
    "block": 4,
    "peers": 13
  },
  "node10": {
    "block": 4,
    "peers": 14
  },
  "node11": {
    "block": 4,
    "peers": 14
  },
  "node12": {
    "block": 4,
    "peers": 14
  },
  "node13": {
    "block": 4,
    "peers": 14
  },
  "node14": {
    "block": 4,
    "peers": 14
  }
}
All 15 nodes are ready.
Apptainer heterogeneous network is up.

$ /Utilisateurs/abellach/zkRoam/net-heterogeneity/venv/bin/python3 workload/deploy_verifiers.py --topology networkFiles/topology.json --accounts accounts/accounts.json
Discovered RPC endpoints:
------------------------------------------
  node00     -> http://172.28.0.10:8545
  node01     -> http://172.28.0.11:8545
  node02     -> http://172.28.0.12:8545
  node03     -> http://172.28.0.13:8545
  node04     -> http://172.28.0.14:8545
  node05     -> http://172.28.0.15:8545
  node06     -> http://172.28.0.16:8545
  node07     -> http://172.28.0.17:8545
  node08     -> http://172.28.0.18:8545
  node09     -> http://172.28.0.19:8545
  node10     -> http://172.28.0.20:8545
  node11     -> http://172.28.0.21:8545
  node12     -> http://172.28.0.22:8545
  node13     -> http://172.28.0.23:8545
  node14     -> http://172.28.0.24:8545
------------------------------------------
Connecting to node00 (http://172.28.0.10:8545)...
  Connected. chain_id=1337
Connecting to node01 (http://172.28.0.11:8545)...
  Connected. chain_id=1337
Connecting to node02 (http://172.28.0.12:8545)...
  Connected. chain_id=1337
Connecting to node03 (http://172.28.0.13:8545)...
  Connected. chain_id=1337
Connecting to node04 (http://172.28.0.14:8545)...
  Connected. chain_id=1337
Connecting to node05 (http://172.28.0.15:8545)...
  Connected. chain_id=1337
Connecting to node06 (http://172.28.0.16:8545)...
  Connected. chain_id=1337
Connecting to node07 (http://172.28.0.17:8545)...
  Connected. chain_id=1337
Connecting to node08 (http://172.28.0.18:8545)...
  Connected. chain_id=1337
Connecting to node09 (http://172.28.0.19:8545)...
  Connected. chain_id=1337
Connecting to node10 (http://172.28.0.20:8545)...
  Connected. chain_id=1337
Connecting to node11 (http://172.28.0.21:8545)...
  Connected. chain_id=1337
Connecting to node12 (http://172.28.0.22:8545)...
  Connected. chain_id=1337
Connecting to node13 (http://172.28.0.23:8545)...
  Connected. chain_id=1337
Connecting to node14 (http://172.28.0.24:8545)...
  Connected. chain_id=1337

Deploying from 0xaFb2aEf677b3498AE2C7C6f9d03c5e531d71FC7e via http://172.28.0.10:8545 (chain_id=1337)

Compiling CDRVerifier.sol ...
Deploying CDRVerifier ...
  submitted deploy tx 1cf0a7c0c289e8661b7d9df394208d4b0216de96b201c011bbacd84e585ffd33, waiting for receipt...
  deployed at 0xA08e7acc7BfF3D40f213a655924E84be3EaF6d35  (gasUsed=465218)

Compiling SnarkPackAggregateAnchor.sol ...
Deploying SnarkPackAggregateAnchor ...
  submitted deploy tx 25be2693b8e156138d0d892a810d90daac95ce5c4f4a0caa69c3cde45ce95a39, waiting for receipt...
  deployed at 0xfe7f01C2299e43760b0F997EF9aD4645c7c8665A  (gasUsed=1832981)

verifier-pool-size=1: only accounts[0] is authorized as a verifier - fine as-is if you're relaying via relayAggregateProof (submission load spreads across the full account pool regardless of verifier count). Only increase this if you want multiple independent verifier keys for redundancy/threshold, or if you plan to use the direct anchorAggregateProof(onlyVerifier) path at any real volume.

Wrote: deployed_contracts.json

$ /Utilisateurs/abellach/zkRoam/net-heterogeneity/venv/bin/python3 workload/zkroam_workload.py --config results/hardware-vmno-scaling/l3icalcul07/heterogeneous-nproof8-w48-rw48-rate500/vmnos-32/zkroam-heterogeneous-32vmnos/config.yml
Discovered RPC endpoints:
------------------------------------------
  node00     -> http://172.28.0.10:8545
  node01     -> http://172.28.0.11:8545
  node02     -> http://172.28.0.12:8545
  node03     -> http://172.28.0.13:8545
  node04     -> http://172.28.0.14:8545
  node05     -> http://172.28.0.15:8545
  node06     -> http://172.28.0.16:8545
  node07     -> http://172.28.0.17:8545
  node08     -> http://172.28.0.18:8545
  node09     -> http://172.28.0.19:8545
  node10     -> http://172.28.0.20:8545
  node11     -> http://172.28.0.21:8545
  node12     -> http://172.28.0.22:8545
  node13     -> http://172.28.0.23:8545
  node14     -> http://172.28.0.24:8545
------------------------------------------
Connecting to node00 (http://172.28.0.10:8545)...
  Connected. chain_id=1337
Connecting to node01 (http://172.28.0.11:8545)...
  Connected. chain_id=1337
Connecting to node02 (http://172.28.0.12:8545)...
  Connected. chain_id=1337
Connecting to node03 (http://172.28.0.13:8545)...
  Connected. chain_id=1337
Connecting to node04 (http://172.28.0.14:8545)...
  Connected. chain_id=1337
Connecting to node05 (http://172.28.0.15:8545)...
  Connected. chain_id=1337
Connecting to node06 (http://172.28.0.16:8545)...
  Connected. chain_id=1337
Connecting to node07 (http://172.28.0.17:8545)...
  Connected. chain_id=1337
Connecting to node08 (http://172.28.0.18:8545)...
  Connected. chain_id=1337
Connecting to node09 (http://172.28.0.19:8545)...
  Connected. chain_id=1337
Connecting to node10 (http://172.28.0.20:8545)...
  Connected. chain_id=1337
Connecting to node11 (http://172.28.0.21:8545)...
  Connected. chain_id=1337
Connecting to node12 (http://172.28.0.22:8545)...
  Connected. chain_id=1337
Connecting to node13 (http://172.28.0.23:8545)...
  Connected. chain_id=1337
Connecting to node14 (http://172.28.0.24:8545)...
  Connected. chain_id=1337

Reading pending nonce for 2000 accounts (parallel)...


Using real proof from fixtures/proof.json / fixtures/public.json
individual leg -> real verifyProof() calls on 0xA08e7acc7BfF3D40f213a655924E84be3EaF6d35
aggregate leg  -> real anchorAggregateProof() calls on 0xfe7f01C2299e43760b0F997EF9aD4645c7c8665A

workload.num_vmnos = 32 (total VMNO settlements submitted per sweep point; nproofs below is per-VMNO batch size, not workload size)

============================================================
nproofs/vmno=8  num_vmnos=32  run=1  (off-chain source: reference_fallback)
============================================================

>>> on-chain leg: individual_n8_vmnos32_r1 (256 tx total, 420B calldata, gas/tx=278265, to=0xA08e7acc7BfF3D40f213a655924E84be3EaF6d35)

Starting transaction producer...
Target submission rate : 500.00 tx/s
Submission workers      : 48


Producer finished.
------------------------------------------
Submitted : 256/256
Failed    : 0/256
Duration  : 0.849s
Rate      : 301.63 tx/s
------------------------------------------

Starting receipt polling...
------------------------------------------
Transactions to confirm : 256
Receipt workers         : 48
Receipt timeout         : 120.0s
------------------------------------------

Confirmed: 0/256 | Reverted: 0 | Pending: 256
Confirmed: 16/256 | Reverted: 0 | Pending: 240
Confirmed: 29/256 | Reverted: 0 | Pending: 227
Confirmed: 33/256 | Reverted: 0 | Pending: 223
Confirmed: 50/256 | Reverted: 0 | Pending: 206
Confirmed: 51/256 | Reverted: 0 | Pending: 205
Confirmed: 67/256 | Reverted: 0 | Pending: 189
Confirmed: 80/256 | Reverted: 0 | Pending: 176
Confirmed: 84/256 | Reverted: 0 | Pending: 172
Confirmed: 102/256 | Reverted: 0 | Pending: 154
Confirmed: 102/256 | Reverted: 0 | Pending: 154
Confirmed: 119/256 | Reverted: 0 | Pending: 137
Confirmed: 119/256 | Reverted: 0 | Pending: 137
Confirmed: 136/256 | Reverted: 0 | Pending: 120
Confirmed: 136/256 | Reverted: 0 | Pending: 120
Confirmed: 152/256 | Reverted: 0 | Pending: 104
Confirmed: 153/256 | Reverted: 0 | Pending: 103
Confirmed: 156/256 | Reverted: 0 | Pending: 100
Confirmed: 170/256 | Reverted: 0 | Pending: 86
Confirmed: 170/256 | Reverted: 0 | Pending: 86
Confirmed: 177/256 | Reverted: 0 | Pending: 79
Confirmed: 187/256 | Reverted: 0 | Pending: 69
Confirmed: 187/256 | Reverted: 0 | Pending: 69
Confirmed: 187/256 | Reverted: 0 | Pending: 69
Confirmed: 204/256 | Reverted: 0 | Pending: 52
Confirmed: 204/256 | Reverted: 0 | Pending: 52
Confirmed: 204/256 | Reverted: 0 | Pending: 52
Confirmed: 221/256 | Reverted: 0 | Pending: 35
Confirmed: 221/256 | Reverted: 0 | Pending: 35
Confirmed: 221/256 | Reverted: 0 | Pending: 35
Confirmed: 221/256 | Reverted: 0 | Pending: 35
Confirmed: 221/256 | Reverted: 0 | Pending: 35
Confirmed: 238/256 | Reverted: 0 | Pending: 18
Confirmed: 238/256 | Reverted: 0 | Pending: 18
Confirmed: 238/256 | Reverted: 0 | Pending: 18
Confirmed: 238/256 | Reverted: 0 | Pending: 18
Confirmed: 238/256 | Reverted: 0 | Pending: 18
Confirmed: 255/256 | Reverted: 0 | Pending: 1
Confirmed: 255/256 | Reverted: 0 | Pending: 1
Confirmed: 255/256 | Reverted: 0 | Pending: 1
Confirmed: 255/256 | Reverted: 0 | Pending: 1
Confirmed: 255/256 | Reverted: 0 | Pending: 1
Confirmed: 255/256 | Reverted: 0 | Pending: 1
Confirmed: 256/256 | Reverted: 0 | Pending: 0

Receipt polling finished.
------------------------------------------
Confirmed : 256
Reverted  : 0
Timeout   : 0
Duration  : 30.400s
------------------------------------------

>>> on-chain leg: aggregate_n8_vmnos32_r1 (32 tx total, 420B/tx x 32 distinct payloads, gas/tx=176697, to=0xfe7f01C2299e43760b0F997EF9aD4645c7c8665A)

Starting transaction producer...
Target submission rate : 500.00 tx/s
Submission workers      : 48


Producer finished.
------------------------------------------
Submitted : 32/32
Failed    : 0/32
Duration  : 0.144s
Rate      : 222.91 tx/s
------------------------------------------

Starting receipt polling...
------------------------------------------
Transactions to confirm : 32
Receipt workers         : 48
Receipt timeout         : 120.0s
------------------------------------------

Confirmed: 0/32 | Reverted: 0 | Pending: 32
Confirmed: 0/32 | Reverted: 0 | Pending: 32
Confirmed: 0/32 | Reverted: 0 | Pending: 32
Confirmed: 0/32 | Reverted: 0 | Pending: 32
Confirmed: 0/32 | Reverted: 0 | Pending: 32
Confirmed: 2/32 | Reverted: 0 | Pending: 30
Confirmed: 2/32 | Reverted: 0 | Pending: 30
Confirmed: 2/32 | Reverted: 0 | Pending: 30
Confirmed: 2/32 | Reverted: 0 | Pending: 30
Confirmed: 3/32 | Reverted: 0 | Pending: 29
Confirmed: 4/32 | Reverted: 0 | Pending: 28
Confirmed: 4/32 | Reverted: 0 | Pending: 28
Confirmed: 4/32 | Reverted: 0 | Pending: 28
Confirmed: 7/32 | Reverted: 0 | Pending: 25
Confirmed: 7/32 | Reverted: 0 | Pending: 25
Confirmed: 7/32 | Reverted: 0 | Pending: 25
Confirmed: 7/32 | Reverted: 0 | Pending: 25
Confirmed: 7/32 | Reverted: 0 | Pending: 25
Confirmed: 10/32 | Reverted: 0 | Pending: 22
Confirmed: 10/32 | Reverted: 0 | Pending: 22
Confirmed: 10/32 | Reverted: 0 | Pending: 22
Confirmed: 10/32 | Reverted: 0 | Pending: 22
Confirmed: 10/32 | Reverted: 0 | Pending: 22
Confirmed: 12/32 | Reverted: 0 | Pending: 20
Confirmed: 12/32 | Reverted: 0 | Pending: 20
Confirmed: 12/32 | Reverted: 0 | Pending: 20
Confirmed: 12/32 | Reverted: 0 | Pending: 20
Confirmed: 12/32 | Reverted: 0 | Pending: 20
Confirmed: 14/32 | Reverted: 0 | Pending: 18
Confirmed: 14/32 | Reverted: 0 | Pending: 18
Confirmed: 14/32 | Reverted: 0 | Pending: 18
Confirmed: 14/32 | Reverted: 0 | Pending: 18
Confirmed: 14/32 | Reverted: 0 | Pending: 18
Confirmed: 15/32 | Reverted: 0 | Pending: 17
Confirmed: 16/32 | Reverted: 0 | Pending: 16
Confirmed: 16/32 | Reverted: 0 | Pending: 16
Confirmed: 16/32 | Reverted: 0 | Pending: 16
Confirmed: 16/32 | Reverted: 0 | Pending: 16
Confirmed: 16/32 | Reverted: 0 | Pending: 16
Confirmed: 18/32 | Reverted: 0 | Pending: 14
Confirmed: 18/32 | Reverted: 0 | Pending: 14
Confirmed: 18/32 | Reverted: 0 | Pending: 14
Confirmed: 18/32 | Reverted: 0 | Pending: 14
Confirmed: 18/32 | Reverted: 0 | Pending: 14
Confirmed: 18/32 | Reverted: 0 | Pending: 14
Confirmed: 20/32 | Reverted: 0 | Pending: 12
Confirmed: 20/32 | Reverted: 0 | Pending: 12
Confirmed: 20/32 | Reverted: 0 | Pending: 12
Confirmed: 20/32 | Reverted: 0 | Pending: 12
Confirmed: 20/32 | Reverted: 0 | Pending: 12
Confirmed: 20/32 | Reverted: 0 | Pending: 12
Confirmed: 22/32 | Reverted: 0 | Pending: 10
Confirmed: 22/32 | Reverted: 0 | Pending: 10
Confirmed: 22/32 | Reverted: 0 | Pending: 10
Confirmed: 22/32 | Reverted: 0 | Pending: 10
Confirmed: 22/32 | Reverted: 0 | Pending: 10
Confirmed: 22/32 | Reverted: 0 | Pending: 10
Confirmed: 24/32 | Reverted: 0 | Pending: 8
Confirmed: 24/32 | Reverted: 0 | Pending: 8
Confirmed: 24/32 | Reverted: 0 | Pending: 8
Confirmed: 24/32 | Reverted: 0 | Pending: 8
Confirmed: 24/32 | Reverted: 0 | Pending: 8
Confirmed: 24/32 | Reverted: 0 | Pending: 8
Confirmed: 24/32 | Reverted: 0 | Pending: 8
Confirmed: 26/32 | Reverted: 0 | Pending: 6
Confirmed: 26/32 | Reverted: 0 | Pending: 6
Confirmed: 26/32 | Reverted: 0 | Pending: 6
Confirmed: 26/32 | Reverted: 0 | Pending: 6
Confirmed: 26/32 | Reverted: 0 | Pending: 6
Confirmed: 26/32 | Reverted: 0 | Pending: 6
Confirmed: 28/32 | Reverted: 0 | Pending: 4
Confirmed: 28/32 | Reverted: 0 | Pending: 4
Confirmed: 28/32 | Reverted: 0 | Pending: 4
Confirmed: 28/32 | Reverted: 0 | Pending: 4
Confirmed: 28/32 | Reverted: 0 | Pending: 4
Confirmed: 28/32 | Reverted: 0 | Pending: 4
Confirmed: 28/32 | Reverted: 0 | Pending: 4
Confirmed: 30/32 | Reverted: 0 | Pending: 2
Confirmed: 30/32 | Reverted: 0 | Pending: 2
Confirmed: 30/32 | Reverted: 0 | Pending: 2
Confirmed: 30/32 | Reverted: 0 | Pending: 2
Confirmed: 30/32 | Reverted: 0 | Pending: 2
Confirmed: 30/32 | Reverted: 0 | Pending: 2
Confirmed: 30/32 | Reverted: 0 | Pending: 2
Confirmed: 30/32 | Reverted: 0 | Pending: 2
Confirmed: 32/32 | Reverted: 0 | Pending: 0

Receipt polling finished.
------------------------------------------
Confirmed : 32
Reverted  : 0
Timeout   : 0
Duration  : 30.137s
------------------------------------------

============================================================
nproofs/vmno=8  num_vmnos=32  run=2  (off-chain source: reference_fallback)
============================================================

>>> on-chain leg: individual_n8_vmnos32_r2 (256 tx total, 420B calldata, gas/tx=278265, to=0xA08e7acc7BfF3D40f213a655924E84be3EaF6d35)

Starting transaction producer...
Target submission rate : 500.00 tx/s
Submission workers      : 48


Producer finished.
------------------------------------------
Submitted : 256/256
Failed    : 0/256
Duration  : 0.822s
Rate      : 311.34 tx/s
------------------------------------------

Starting receipt polling...
------------------------------------------
Transactions to confirm : 256
Receipt workers         : 48
Receipt timeout         : 120.0s
------------------------------------------

Confirmed: 0/256 | Reverted: 0 | Pending: 256
Confirmed: 12/256 | Reverted: 0 | Pending: 244
Confirmed: 24/256 | Reverted: 0 | Pending: 232
Confirmed: 35/256 | Reverted: 0 | Pending: 221
Confirmed: 52/256 | Reverted: 0 | Pending: 204
Confirmed: 65/256 | Reverted: 0 | Pending: 191
Confirmed: 73/256 | Reverted: 0 | Pending: 183
Confirmed: 86/256 | Reverted: 0 | Pending: 170
Confirmed: 94/256 | Reverted: 0 | Pending: 162
Confirmed: 103/256 | Reverted: 0 | Pending: 153
Confirmed: 116/256 | Reverted: 0 | Pending: 140
Confirmed: 120/256 | Reverted: 0 | Pending: 136
Confirmed: 133/256 | Reverted: 0 | Pending: 123
Confirmed: 137/256 | Reverted: 0 | Pending: 119
Confirmed: 142/256 | Reverted: 0 | Pending: 114
Confirmed: 154/256 | Reverted: 0 | Pending: 102
Confirmed: 154/256 | Reverted: 0 | Pending: 102
Confirmed: 169/256 | Reverted: 0 | Pending: 87
Confirmed: 171/256 | Reverted: 0 | Pending: 85
Confirmed: 171/256 | Reverted: 0 | Pending: 85
Confirmed: 188/256 | Reverted: 0 | Pending: 68
Confirmed: 188/256 | Reverted: 0 | Pending: 68
Confirmed: 188/256 | Reverted: 0 | Pending: 68
Confirmed: 205/256 | Reverted: 0 | Pending: 51
Confirmed: 205/256 | Reverted: 0 | Pending: 51
Confirmed: 205/256 | Reverted: 0 | Pending: 51
Confirmed: 214/256 | Reverted: 0 | Pending: 42
Confirmed: 222/256 | Reverted: 0 | Pending: 34
Confirmed: 222/256 | Reverted: 0 | Pending: 34
Confirmed: 222/256 | Reverted: 0 | Pending: 34
Confirmed: 222/256 | Reverted: 0 | Pending: 34
Confirmed: 239/256 | Reverted: 0 | Pending: 17
Confirmed: 239/256 | Reverted: 0 | Pending: 17
Confirmed: 239/256 | Reverted: 0 | Pending: 17
Confirmed: 239/256 | Reverted: 0 | Pending: 17
Confirmed: 239/256 | Reverted: 0 | Pending: 17
Confirmed: 256/256 | Reverted: 0 | Pending: 0

Receipt polling finished.
------------------------------------------
Confirmed : 256
Reverted  : 0
Timeout   : 0
Duration  : 29.668s
------------------------------------------

>>> on-chain leg: aggregate_n8_vmnos32_r2 (32 tx total, 420B/tx x 32 distinct payloads, gas/tx=176697, to=0xfe7f01C2299e43760b0F997EF9aD4645c7c8665A)

Starting transaction producer...
Target submission rate : 500.00 tx/s
Submission workers      : 48


Producer finished.
------------------------------------------
Submitted : 32/32
Failed    : 0/32
Duration  : 0.133s
Rate      : 241.18 tx/s
------------------------------------------

Starting receipt polling...
------------------------------------------
Transactions to confirm : 32
Receipt workers         : 48
Receipt timeout         : 120.0s
------------------------------------------

Confirmed: 0/32 | Reverted: 0 | Pending: 32
Confirmed: 3/32 | Reverted: 0 | Pending: 29
Confirmed: 3/32 | Reverted: 0 | Pending: 29
Confirmed: 3/32 | Reverted: 0 | Pending: 29
Confirmed: 3/32 | Reverted: 0 | Pending: 29
Confirmed: 4/32 | Reverted: 0 | Pending: 28
Confirmed: 5/32 | Reverted: 0 | Pending: 27
Confirmed: 5/32 | Reverted: 0 | Pending: 27
Confirmed: 5/32 | Reverted: 0 | Pending: 27
Confirmed: 5/32 | Reverted: 0 | Pending: 27
Confirmed: 7/32 | Reverted: 0 | Pending: 25
Confirmed: 7/32 | Reverted: 0 | Pending: 25
Confirmed: 7/32 | Reverted: 0 | Pending: 25
Confirmed: 7/32 | Reverted: 0 | Pending: 25
Confirmed: 8/32 | Reverted: 0 | Pending: 24
Confirmed: 9/32 | Reverted: 0 | Pending: 23
Confirmed: 9/32 | Reverted: 0 | Pending: 23
Confirmed: 9/32 | Reverted: 0 | Pending: 23
Confirmed: 9/32 | Reverted: 0 | Pending: 23
Confirmed: 11/32 | Reverted: 0 | Pending: 21
Confirmed: 11/32 | Reverted: 0 | Pending: 21
Confirmed: 11/32 | Reverted: 0 | Pending: 21
Confirmed: 11/32 | Reverted: 0 | Pending: 21
Confirmed: 11/32 | Reverted: 0 | Pending: 21
Confirmed: 13/32 | Reverted: 0 | Pending: 19
Confirmed: 13/32 | Reverted: 0 | Pending: 19
Confirmed: 13/32 | Reverted: 0 | Pending: 19
Confirmed: 13/32 | Reverted: 0 | Pending: 19
Confirmed: 15/32 | Reverted: 0 | Pending: 17
Confirmed: 15/32 | Reverted: 0 | Pending: 17
Confirmed: 15/32 | Reverted: 0 | Pending: 17
Confirmed: 15/32 | Reverted: 0 | Pending: 17
Confirmed: 15/32 | Reverted: 0 | Pending: 17
Confirmed: 17/32 | Reverted: 0 | Pending: 15
Confirmed: 17/32 | Reverted: 0 | Pending: 15
Confirmed: 17/32 | Reverted: 0 | Pending: 15
Confirmed: 17/32 | Reverted: 0 | Pending: 15
Confirmed: 17/32 | Reverted: 0 | Pending: 15
Confirmed: 19/32 | Reverted: 0 | Pending: 13
Confirmed: 19/32 | Reverted: 0 | Pending: 13
Confirmed: 19/32 | Reverted: 0 | Pending: 13
Confirmed: 19/32 | Reverted: 0 | Pending: 13
Confirmed: 19/32 | Reverted: 0 | Pending: 13
Confirmed: 21/32 | Reverted: 0 | Pending: 11
Confirmed: 21/32 | Reverted: 0 | Pending: 11
Confirmed: 21/32 | Reverted: 0 | Pending: 11
Confirmed: 21/32 | Reverted: 0 | Pending: 11
Confirmed: 21/32 | Reverted: 0 | Pending: 11
Confirmed: 21/32 | Reverted: 0 | Pending: 11
Confirmed: 23/32 | Reverted: 0 | Pending: 9
Confirmed: 23/32 | Reverted: 0 | Pending: 9
Confirmed: 23/32 | Reverted: 0 | Pending: 9
Confirmed: 23/32 | Reverted: 0 | Pending: 9
Confirmed: 23/32 | Reverted: 0 | Pending: 9
Confirmed: 23/32 | Reverted: 0 | Pending: 9
Confirmed: 23/32 | Reverted: 0 | Pending: 9
Confirmed: 25/32 | Reverted: 0 | Pending: 7
Confirmed: 25/32 | Reverted: 0 | Pending: 7
Confirmed: 25/32 | Reverted: 0 | Pending: 7
Confirmed: 25/32 | Reverted: 0 | Pending: 7
Confirmed: 25/32 | Reverted: 0 | Pending: 7
Confirmed: 25/32 | Reverted: 0 | Pending: 7
Confirmed: 27/32 | Reverted: 0 | Pending: 5
Confirmed: 27/32 | Reverted: 0 | Pending: 5
Confirmed: 27/32 | Reverted: 0 | Pending: 5
Confirmed: 27/32 | Reverted: 0 | Pending: 5
Confirmed: 27/32 | Reverted: 0 | Pending: 5
Confirmed: 27/32 | Reverted: 0 | Pending: 5
Confirmed: 27/32 | Reverted: 0 | Pending: 5
Confirmed: 29/32 | Reverted: 0 | Pending: 3
Confirmed: 29/32 | Reverted: 0 | Pending: 3
Confirmed: 29/32 | Reverted: 0 | Pending: 3
Confirmed: 29/32 | Reverted: 0 | Pending: 3
Confirmed: 29/32 | Reverted: 0 | Pending: 3
Confirmed: 29/32 | Reverted: 0 | Pending: 3
Confirmed: 29/32 | Reverted: 0 | Pending: 3
Confirmed: 32/32 | Reverted: 0 | Pending: 0

Receipt polling finished.
------------------------------------------
Confirmed : 32
Reverted  : 0
Timeout   : 0
Duration  : 28.594s
------------------------------------------

============================================================
nproofs/vmno=8  num_vmnos=32  run=3  (off-chain source: reference_fallback)
============================================================

>>> on-chain leg: individual_n8_vmnos32_r3 (256 tx total, 420B calldata, gas/tx=278265, to=0xA08e7acc7BfF3D40f213a655924E84be3EaF6d35)

Starting transaction producer...
Target submission rate : 500.00 tx/s
Submission workers      : 48


Producer finished.
------------------------------------------
Submitted : 256/256
Failed    : 0/256
Duration  : 0.771s
Rate      : 332.22 tx/s
------------------------------------------

Starting receipt polling...
------------------------------------------
Transactions to confirm : 256
Receipt workers         : 48
Receipt timeout         : 120.0s
------------------------------------------

Confirmed: 0/256 | Reverted: 0 | Pending: 256
Confirmed: 16/256 | Reverted: 0 | Pending: 240
Confirmed: 23/256 | Reverted: 0 | Pending: 233
Confirmed: 34/256 | Reverted: 0 | Pending: 222
Confirmed: 48/256 | Reverted: 0 | Pending: 208
Confirmed: 58/256 | Reverted: 0 | Pending: 198
Confirmed: 68/256 | Reverted: 0 | Pending: 188
Confirmed: 85/256 | Reverted: 0 | Pending: 171
Confirmed: 100/256 | Reverted: 0 | Pending: 156
Confirmed: 102/256 | Reverted: 0 | Pending: 154
Confirmed: 116/256 | Reverted: 0 | Pending: 140
Confirmed: 119/256 | Reverted: 0 | Pending: 137
Confirmed: 131/256 | Reverted: 0 | Pending: 125
Confirmed: 136/256 | Reverted: 0 | Pending: 120
Confirmed: 146/256 | Reverted: 0 | Pending: 110
Confirmed: 153/256 | Reverted: 0 | Pending: 103
Confirmed: 160/256 | Reverted: 0 | Pending: 96
Confirmed: 170/256 | Reverted: 0 | Pending: 86
Confirmed: 170/256 | Reverted: 0 | Pending: 86
Confirmed: 187/256 | Reverted: 0 | Pending: 69
Confirmed: 187/256 | Reverted: 0 | Pending: 69
Confirmed: 187/256 | Reverted: 0 | Pending: 69
Confirmed: 204/256 | Reverted: 0 | Pending: 52
Confirmed: 204/256 | Reverted: 0 | Pending: 52
Confirmed: 204/256 | Reverted: 0 | Pending: 52
Confirmed: 215/256 | Reverted: 0 | Pending: 41
Confirmed: 221/256 | Reverted: 0 | Pending: 35
Confirmed: 221/256 | Reverted: 0 | Pending: 35
Confirmed: 221/256 | Reverted: 0 | Pending: 35
Confirmed: 239/256 | Reverted: 0 | Pending: 17
Confirmed: 239/256 | Reverted: 0 | Pending: 17
Confirmed: 239/256 | Reverted: 0 | Pending: 17
Confirmed: 239/256 | Reverted: 0 | Pending: 17
Confirmed: 239/256 | Reverted: 0 | Pending: 17
Confirmed: 256/256 | Reverted: 0 | Pending: 0

Receipt polling finished.
------------------------------------------
Confirmed : 256
Reverted  : 0
Timeout   : 0
Duration  : 29.529s
------------------------------------------

>>> on-chain leg: aggregate_n8_vmnos32_r3 (32 tx total, 420B/tx x 32 distinct payloads, gas/tx=176683, to=0xfe7f01C2299e43760b0F997EF9aD4645c7c8665A)

Starting transaction producer...
Target submission rate : 500.00 tx/s
Submission workers      : 48


Producer finished.
------------------------------------------
Submitted : 32/32
Failed    : 0/32
Duration  : 0.152s
Rate      : 211.19 tx/s
------------------------------------------

Starting receipt polling...
------------------------------------------
Transactions to confirm : 32
Receipt workers         : 48
Receipt timeout         : 120.0s
------------------------------------------

Confirmed: 0/32 | Reverted: 0 | Pending: 32
Confirmed: 0/32 | Reverted: 0 | Pending: 32
Confirmed: 0/32 | Reverted: 0 | Pending: 32
Confirmed: 0/32 | Reverted: 0 | Pending: 32
Confirmed: 2/32 | Reverted: 0 | Pending: 30
Confirmed: 2/32 | Reverted: 0 | Pending: 30
Confirmed: 2/32 | Reverted: 0 | Pending: 30
Confirmed: 2/32 | Reverted: 0 | Pending: 30
Confirmed: 4/32 | Reverted: 0 | Pending: 28
Confirmed: 4/32 | Reverted: 0 | Pending: 28
Confirmed: 4/32 | Reverted: 0 | Pending: 28
Confirmed: 4/32 | Reverted: 0 | Pending: 28
Confirmed: 4/32 | Reverted: 0 | Pending: 28
Confirmed: 6/32 | Reverted: 0 | Pending: 26
Confirmed: 6/32 | Reverted: 0 | Pending: 26
Confirmed: 6/32 | Reverted: 0 | Pending: 26
Confirmed: 6/32 | Reverted: 0 | Pending: 26
Confirmed: 8/32 | Reverted: 0 | Pending: 24
Confirmed: 8/32 | Reverted: 0 | Pending: 24
Confirmed: 8/32 | Reverted: 0 | Pending: 24
Confirmed: 8/32 | Reverted: 0 | Pending: 24
Confirmed: 8/32 | Reverted: 0 | Pending: 24
Confirmed: 10/32 | Reverted: 0 | Pending: 22
Confirmed: 10/32 | Reverted: 0 | Pending: 22
Confirmed: 10/32 | Reverted: 0 | Pending: 22
Confirmed: 10/32 | Reverted: 0 | Pending: 22
Confirmed: 10/32 | Reverted: 0 | Pending: 22
Confirmed: 12/32 | Reverted: 0 | Pending: 20
Confirmed: 12/32 | Reverted: 0 | Pending: 20
Confirmed: 12/32 | Reverted: 0 | Pending: 20
Confirmed: 12/32 | Reverted: 0 | Pending: 20
Confirmed: 12/32 | Reverted: 0 | Pending: 20
Confirmed: 14/32 | Reverted: 0 | Pending: 18
Confirmed: 14/32 | Reverted: 0 | Pending: 18
Confirmed: 14/32 | Reverted: 0 | Pending: 18
Confirmed: 14/32 | Reverted: 0 | Pending: 18
Confirmed: 14/32 | Reverted: 0 | Pending: 18
Confirmed: 16/32 | Reverted: 0 | Pending: 16
Confirmed: 16/32 | Reverted: 0 | Pending: 16
Confirmed: 16/32 | Reverted: 0 | Pending: 16
Confirmed: 16/32 | Reverted: 0 | Pending: 16
Confirmed: 16/32 | Reverted: 0 | Pending: 16
Confirmed: 16/32 | Reverted: 0 | Pending: 16
Confirmed: 18/32 | Reverted: 0 | Pending: 14
Confirmed: 18/32 | Reverted: 0 | Pending: 14
Confirmed: 18/32 | Reverted: 0 | Pending: 14
Confirmed: 18/32 | Reverted: 0 | Pending: 14
Confirmed: 18/32 | Reverted: 0 | Pending: 14
Confirmed: 20/32 | Reverted: 0 | Pending: 12
Confirmed: 20/32 | Reverted: 0 | Pending: 12
Confirmed: 20/32 | Reverted: 0 | Pending: 12
Confirmed: 20/32 | Reverted: 0 | Pending: 12
Confirmed: 20/32 | Reverted: 0 | Pending: 12
Confirmed: 20/32 | Reverted: 0 | Pending: 12
Confirmed: 22/32 | Reverted: 0 | Pending: 10
Confirmed: 22/32 | Reverted: 0 | Pending: 10
Confirmed: 22/32 | Reverted: 0 | Pending: 10
Confirmed: 22/32 | Reverted: 0 | Pending: 10
Confirmed: 22/32 | Reverted: 0 | Pending: 10
Confirmed: 25/32 | Reverted: 0 | Pending: 7
Confirmed: 25/32 | Reverted: 0 | Pending: 7
Confirmed: 25/32 | Reverted: 0 | Pending: 7
Confirmed: 25/32 | Reverted: 0 | Pending: 7
Confirmed: 25/32 | Reverted: 0 | Pending: 7
Confirmed: 25/32 | Reverted: 0 | Pending: 7
Confirmed: 28/32 | Reverted: 0 | Pending: 4
Confirmed: 28/32 | Reverted: 0 | Pending: 4
Confirmed: 28/32 | Reverted: 0 | Pending: 4
Confirmed: 28/32 | Reverted: 0 | Pending: 4
Confirmed: 28/32 | Reverted: 0 | Pending: 4
Confirmed: 28/32 | Reverted: 0 | Pending: 4
Confirmed: 28/32 | Reverted: 0 | Pending: 4
Confirmed: 30/32 | Reverted: 0 | Pending: 2
Confirmed: 30/32 | Reverted: 0 | Pending: 2
Confirmed: 30/32 | Reverted: 0 | Pending: 2
Confirmed: 30/32 | Reverted: 0 | Pending: 2
Confirmed: 30/32 | Reverted: 0 | Pending: 2
Confirmed: 30/32 | Reverted: 0 | Pending: 2
Confirmed: 30/32 | Reverted: 0 | Pending: 2
Confirmed: 32/32 | Reverted: 0 | Pending: 0

Receipt polling finished.
------------------------------------------
Confirmed : 32
Reverted  : 0
Timeout   : 0
Duration  : 29.606s
------------------------------------------

============================================================
nproofs/vmno=8  num_vmnos=32  run=4  (off-chain source: reference_fallback)
============================================================

>>> on-chain leg: individual_n8_vmnos32_r4 (256 tx total, 420B calldata, gas/tx=278265, to=0xA08e7acc7BfF3D40f213a655924E84be3EaF6d35)

Starting transaction producer...
Target submission rate : 500.00 tx/s
Submission workers      : 48


Producer finished.
------------------------------------------
Submitted : 256/256
Failed    : 0/256
Duration  : 0.952s
Rate      : 268.91 tx/s
------------------------------------------

Starting receipt polling...
------------------------------------------
Transactions to confirm : 256
Receipt workers         : 48
Receipt timeout         : 120.0s
------------------------------------------

Confirmed: 0/256 | Reverted: 0 | Pending: 256
Confirmed: 17/256 | Reverted: 0 | Pending: 239
Confirmed: 30/256 | Reverted: 0 | Pending: 226
Confirmed: 41/256 | Reverted: 0 | Pending: 215
Confirmed: 51/256 | Reverted: 0 | Pending: 205
Confirmed: 68/256 | Reverted: 0 | Pending: 188
Confirmed: 74/256 | Reverted: 0 | Pending: 182
Confirmed: 85/256 | Reverted: 0 | Pending: 171
Confirmed: 102/256 | Reverted: 0 | Pending: 154
Confirmed: 102/256 | Reverted: 0 | Pending: 154
Confirmed: 119/256 | Reverted: 0 | Pending: 137
Confirmed: 119/256 | Reverted: 0 | Pending: 137
Confirmed: 136/256 | Reverted: 0 | Pending: 120
Confirmed: 136/256 | Reverted: 0 | Pending: 120
Confirmed: 151/256 | Reverted: 0 | Pending: 105
Confirmed: 153/256 | Reverted: 0 | Pending: 103
Confirmed: 161/256 | Reverted: 0 | Pending: 95
Confirmed: 170/256 | Reverted: 0 | Pending: 86
Confirmed: 183/256 | Reverted: 0 | Pending: 73
Confirmed: 188/256 | Reverted: 0 | Pending: 68
Confirmed: 188/256 | Reverted: 0 | Pending: 68
Confirmed: 205/256 | Reverted: 0 | Pending: 51
Confirmed: 205/256 | Reverted: 0 | Pending: 51
Confirmed: 205/256 | Reverted: 0 | Pending: 51
Confirmed: 205/256 | Reverted: 0 | Pending: 51
Confirmed: 222/256 | Reverted: 0 | Pending: 34
Confirmed: 222/256 | Reverted: 0 | Pending: 34
Confirmed: 222/256 | Reverted: 0 | Pending: 34
Confirmed: 222/256 | Reverted: 0 | Pending: 34
Confirmed: 239/256 | Reverted: 0 | Pending: 17
Confirmed: 239/256 | Reverted: 0 | Pending: 17
Confirmed: 239/256 | Reverted: 0 | Pending: 17
Confirmed: 239/256 | Reverted: 0 | Pending: 17
Confirmed: 239/256 | Reverted: 0 | Pending: 17
Confirmed: 256/256 | Reverted: 0 | Pending: 0

Receipt polling finished.
------------------------------------------
Confirmed : 256
Reverted  : 0
Timeout   : 0
Duration  : 29.604s
------------------------------------------

>>> on-chain leg: aggregate_n8_vmnos32_r4 (32 tx total, 420B/tx x 32 distinct payloads, gas/tx=176674, to=0xfe7f01C2299e43760b0F997EF9aD4645c7c8665A)

Starting transaction producer...
Target submission rate : 500.00 tx/s
Submission workers      : 48


Producer finished.
------------------------------------------
Submitted : 32/32
Failed    : 0/32
Duration  : 0.168s
Rate      : 190.54 tx/s
------------------------------------------

Starting receipt polling...
------------------------------------------
Transactions to confirm : 32
Receipt workers         : 48
Receipt timeout         : 120.0s
------------------------------------------

Confirmed: 0/32 | Reverted: 0 | Pending: 32
Confirmed: 0/32 | Reverted: 0 | Pending: 32
Confirmed: 2/32 | Reverted: 0 | Pending: 30
Confirmed: 2/32 | Reverted: 0 | Pending: 30
Confirmed: 2/32 | Reverted: 0 | Pending: 30
Confirmed: 2/32 | Reverted: 0 | Pending: 30
Confirmed: 2/32 | Reverted: 0 | Pending: 30
Confirmed: 4/32 | Reverted: 0 | Pending: 28
Confirmed: 4/32 | Reverted: 0 | Pending: 28
Confirmed: 4/32 | Reverted: 0 | Pending: 28
Confirmed: 4/32 | Reverted: 0 | Pending: 28
Confirmed: 6/32 | Reverted: 0 | Pending: 26
Confirmed: 6/32 | Reverted: 0 | Pending: 26
Confirmed: 6/32 | Reverted: 0 | Pending: 26
Confirmed: 6/32 | Reverted: 0 | Pending: 26
Confirmed: 8/32 | Reverted: 0 | Pending: 24
Confirmed: 8/32 | Reverted: 0 | Pending: 24
Confirmed: 8/32 | Reverted: 0 | Pending: 24
Confirmed: 8/32 | Reverted: 0 | Pending: 24
Confirmed: 8/32 | Reverted: 0 | Pending: 24
Confirmed: 10/32 | Reverted: 0 | Pending: 22
Confirmed: 10/32 | Reverted: 0 | Pending: 22
Confirmed: 10/32 | Reverted: 0 | Pending: 22
Confirmed: 10/32 | Reverted: 0 | Pending: 22
Confirmed: 10/32 | Reverted: 0 | Pending: 22
Confirmed: 12/32 | Reverted: 0 | Pending: 20
Confirmed: 12/32 | Reverted: 0 | Pending: 20
Confirmed: 12/32 | Reverted: 0 | Pending: 20
Confirmed: 12/32 | Reverted: 0 | Pending: 20
Confirmed: 14/32 | Reverted: 0 | Pending: 18
Confirmed: 14/32 | Reverted: 0 | Pending: 18
Confirmed: 14/32 | Reverted: 0 | Pending: 18
Confirmed: 14/32 | Reverted: 0 | Pending: 18
Confirmed: 14/32 | Reverted: 0 | Pending: 18
Confirmed: 16/32 | Reverted: 0 | Pending: 16
Confirmed: 16/32 | Reverted: 0 | Pending: 16
Confirmed: 16/32 | Reverted: 0 | Pending: 16
Confirmed: 16/32 | Reverted: 0 | Pending: 16
Confirmed: 18/32 | Reverted: 0 | Pending: 14
Confirmed: 19/32 | Reverted: 0 | Pending: 13
Confirmed: 19/32 | Reverted: 0 | Pending: 13
Confirmed: 19/32 | Reverted: 0 | Pending: 13
Confirmed: 19/32 | Reverted: 0 | Pending: 13
Confirmed: 19/32 | Reverted: 0 | Pending: 13
Confirmed: 22/32 | Reverted: 0 | Pending: 10
Confirmed: 22/32 | Reverted: 0 | Pending: 10
Confirmed: 22/32 | Reverted: 0 | Pending: 10
Confirmed: 22/32 | Reverted: 0 | Pending: 10
Confirmed: 22/32 | Reverted: 0 | Pending: 10
Confirmed: 22/32 | Reverted: 0 | Pending: 10
Confirmed: 24/32 | Reverted: 0 | Pending: 8
Confirmed: 24/32 | Reverted: 0 | Pending: 8
Confirmed: 24/32 | Reverted: 0 | Pending: 8
Confirmed: 24/32 | Reverted: 0 | Pending: 8
Confirmed: 24/32 | Reverted: 0 | Pending: 8
Confirmed: 24/32 | Reverted: 0 | Pending: 8
Confirmed: 25/32 | Reverted: 0 | Pending: 7
Confirmed: 26/32 | Reverted: 0 | Pending: 6
Confirmed: 26/32 | Reverted: 0 | Pending: 6
Confirmed: 26/32 | Reverted: 0 | Pending: 6
Confirmed: 26/32 | Reverted: 0 | Pending: 6
Confirmed: 26/32 | Reverted: 0 | Pending: 6
Confirmed: 26/32 | Reverted: 0 | Pending: 6
Confirmed: 28/32 | Reverted: 0 | Pending: 4
Confirmed: 28/32 | Reverted: 0 | Pending: 4
Confirmed: 28/32 | Reverted: 0 | Pending: 4
Confirmed: 28/32 | Reverted: 0 | Pending: 4
Confirmed: 28/32 | Reverted: 0 | Pending: 4
Confirmed: 28/32 | Reverted: 0 | Pending: 4
Confirmed: 28/32 | Reverted: 0 | Pending: 4
Confirmed: 30/32 | Reverted: 0 | Pending: 2
Confirmed: 30/32 | Reverted: 0 | Pending: 2
Confirmed: 30/32 | Reverted: 0 | Pending: 2
Confirmed: 30/32 | Reverted: 0 | Pending: 2
Confirmed: 30/32 | Reverted: 0 | Pending: 2
Confirmed: 30/32 | Reverted: 0 | Pending: 2
Confirmed: 30/32 | Reverted: 0 | Pending: 2
Confirmed: 32/32 | Reverted: 0 | Pending: 0

Receipt polling finished.
------------------------------------------
Confirmed : 32
Reverted  : 0
Timeout   : 0
Duration  : 28.797s
------------------------------------------

============================================================
nproofs/vmno=8  num_vmnos=32  run=5  (off-chain source: reference_fallback)
============================================================

>>> on-chain leg: individual_n8_vmnos32_r5 (256 tx total, 420B calldata, gas/tx=278265, to=0xA08e7acc7BfF3D40f213a655924E84be3EaF6d35)

Starting transaction producer...
Target submission rate : 500.00 tx/s
Submission workers      : 48


Producer finished.
------------------------------------------
Submitted : 256/256
Failed    : 0/256
Duration  : 0.852s
Rate      : 300.51 tx/s
------------------------------------------

Starting receipt polling...
------------------------------------------
Transactions to confirm : 256
Receipt workers         : 48
Receipt timeout         : 120.0s
------------------------------------------

Confirmed: 0/256 | Reverted: 0 | Pending: 256
Confirmed: 13/256 | Reverted: 0 | Pending: 243
Confirmed: 18/256 | Reverted: 0 | Pending: 238
Confirmed: 34/256 | Reverted: 0 | Pending: 222
Confirmed: 49/256 | Reverted: 0 | Pending: 207
Confirmed: 62/256 | Reverted: 0 | Pending: 194
Confirmed: 68/256 | Reverted: 0 | Pending: 188
Confirmed: 85/256 | Reverted: 0 | Pending: 171
Confirmed: 88/256 | Reverted: 0 | Pending: 168
Confirmed: 102/256 | Reverted: 0 | Pending: 154
Confirmed: 117/256 | Reverted: 0 | Pending: 139
Confirmed: 119/256 | Reverted: 0 | Pending: 137
Confirmed: 137/256 | Reverted: 0 | Pending: 119
Confirmed: 137/256 | Reverted: 0 | Pending: 119
Confirmed: 154/256 | Reverted: 0 | Pending: 102
Confirmed: 154/256 | Reverted: 0 | Pending: 102
Confirmed: 168/256 | Reverted: 0 | Pending: 88
Confirmed: 171/256 | Reverted: 0 | Pending: 85
Confirmed: 171/256 | Reverted: 0 | Pending: 85
Confirmed: 188/256 | Reverted: 0 | Pending: 68
Confirmed: 188/256 | Reverted: 0 | Pending: 68
Confirmed: 188/256 | Reverted: 0 | Pending: 68
Confirmed: 202/256 | Reverted: 0 | Pending: 54
Confirmed: 205/256 | Reverted: 0 | Pending: 51
Confirmed: 205/256 | Reverted: 0 | Pending: 51
Confirmed: 207/256 | Reverted: 0 | Pending: 49
Confirmed: 222/256 | Reverted: 0 | Pending: 34
Confirmed: 222/256 | Reverted: 0 | Pending: 34
Confirmed: 222/256 | Reverted: 0 | Pending: 34
Confirmed: 222/256 | Reverted: 0 | Pending: 34
Confirmed: 239/256 | Reverted: 0 | Pending: 17
Confirmed: 239/256 | Reverted: 0 | Pending: 17
Confirmed: 239/256 | Reverted: 0 | Pending: 17
Confirmed: 239/256 | Reverted: 0 | Pending: 17
Confirmed: 249/256 | Reverted: 0 | Pending: 7
Confirmed: 256/256 | Reverted: 0 | Pending: 0

Receipt polling finished.
------------------------------------------
Confirmed : 256
Reverted  : 0
Timeout   : 0
Duration  : 29.914s
------------------------------------------

>>> on-chain leg: aggregate_n8_vmnos32_r5 (32 tx total, 420B/tx x 32 distinct payloads, gas/tx=176683, to=0xfe7f01C2299e43760b0F997EF9aD4645c7c8665A)

Starting transaction producer...
Target submission rate : 500.00 tx/s
Submission workers      : 48


Producer finished.
------------------------------------------
Submitted : 32/32
Failed    : 0/32
Duration  : 0.156s
Rate      : 205.01 tx/s
------------------------------------------

Starting receipt polling...
------------------------------------------
Transactions to confirm : 32
Receipt workers         : 48
Receipt timeout         : 120.0s
------------------------------------------

Confirmed: 0/32 | Reverted: 0 | Pending: 32
Confirmed: 0/32 | Reverted: 0 | Pending: 32
Confirmed: 0/32 | Reverted: 0 | Pending: 32
Confirmed: 2/32 | Reverted: 0 | Pending: 30
Confirmed: 2/32 | Reverted: 0 | Pending: 30
Confirmed: 2/32 | Reverted: 0 | Pending: 30
Confirmed: 2/32 | Reverted: 0 | Pending: 30
Confirmed: 4/32 | Reverted: 0 | Pending: 28
Confirmed: 4/32 | Reverted: 0 | Pending: 28
Confirmed: 4/32 | Reverted: 0 | Pending: 28
Confirmed: 4/32 | Reverted: 0 | Pending: 28
Confirmed: 6/32 | Reverted: 0 | Pending: 26
Confirmed: 6/32 | Reverted: 0 | Pending: 26
Confirmed: 6/32 | Reverted: 0 | Pending: 26
Confirmed: 6/32 | Reverted: 0 | Pending: 26
Confirmed: 6/32 | Reverted: 0 | Pending: 26
Confirmed: 8/32 | Reverted: 0 | Pending: 24
Confirmed: 8/32 | Reverted: 0 | Pending: 24
Confirmed: 8/32 | Reverted: 0 | Pending: 24
Confirmed: 8/32 | Reverted: 0 | Pending: 24
Confirmed: 10/32 | Reverted: 0 | Pending: 22
Confirmed: 10/32 | Reverted: 0 | Pending: 22
Confirmed: 10/32 | Reverted: 0 | Pending: 22
Confirmed: 10/32 | Reverted: 0 | Pending: 22
Confirmed: 13/32 | Reverted: 0 | Pending: 19
Confirmed: 13/32 | Reverted: 0 | Pending: 19
Confirmed: 13/32 | Reverted: 0 | Pending: 19
Confirmed: 13/32 | Reverted: 0 | Pending: 19
Confirmed: 13/32 | Reverted: 0 | Pending: 19
Confirmed: 16/32 | Reverted: 0 | Pending: 16
Confirmed: 16/32 | Reverted: 0 | Pending: 16
Confirmed: 16/32 | Reverted: 0 | Pending: 16
Confirmed: 16/32 | Reverted: 0 | Pending: 16
Confirmed: 16/32 | Reverted: 0 | Pending: 16
Confirmed: 18/32 | Reverted: 0 | Pending: 14
Confirmed: 18/32 | Reverted: 0 | Pending: 14
Confirmed: 18/32 | Reverted: 0 | Pending: 14
Confirmed: 18/32 | Reverted: 0 | Pending: 14
Confirmed: 18/32 | Reverted: 0 | Pending: 14
Confirmed: 18/32 | Reverted: 0 | Pending: 14
Confirmed: 20/32 | Reverted: 0 | Pending: 12
Confirmed: 20/32 | Reverted: 0 | Pending: 12
Confirmed: 20/32 | Reverted: 0 | Pending: 12
Confirmed: 20/32 | Reverted: 0 | Pending: 12
Confirmed: 20/32 | Reverted: 0 | Pending: 12
Confirmed: 20/32 | Reverted: 0 | Pending: 12
Confirmed: 22/32 | Reverted: 0 | Pending: 10
Confirmed: 22/32 | Reverted: 0 | Pending: 10
Confirmed: 22/32 | Reverted: 0 | Pending: 10
Confirmed: 22/32 | Reverted: 0 | Pending: 10
Confirmed: 22/32 | Reverted: 0 | Pending: 10
Confirmed: 22/32 | Reverted: 0 | Pending: 10
Confirmed: 24/32 | Reverted: 0 | Pending: 8
Confirmed: 24/32 | Reverted: 0 | Pending: 8
Confirmed: 24/32 | Reverted: 0 | Pending: 8
Confirmed: 24/32 | Reverted: 0 | Pending: 8
Confirmed: 24/32 | Reverted: 0 | Pending: 8
Confirmed: 24/32 | Reverted: 0 | Pending: 8
Confirmed: 26/32 | Reverted: 0 | Pending: 6
Confirmed: 26/32 | Reverted: 0 | Pending: 6
Confirmed: 26/32 | Reverted: 0 | Pending: 6
Confirmed: 26/32 | Reverted: 0 | Pending: 6
Confirmed: 26/32 | Reverted: 0 | Pending: 6
Confirmed: 26/32 | Reverted: 0 | Pending: 6
Confirmed: 28/32 | Reverted: 0 | Pending: 4
Confirmed: 28/32 | Reverted: 0 | Pending: 4
Confirmed: 28/32 | Reverted: 0 | Pending: 4
Confirmed: 28/32 | Reverted: 0 | Pending: 4
Confirmed: 28/32 | Reverted: 0 | Pending: 4
Confirmed: 28/32 | Reverted: 0 | Pending: 4
Confirmed: 28/32 | Reverted: 0 | Pending: 4
Confirmed: 30/32 | Reverted: 0 | Pending: 2
Confirmed: 30/32 | Reverted: 0 | Pending: 2
Confirmed: 30/32 | Reverted: 0 | Pending: 2
Confirmed: 30/32 | Reverted: 0 | Pending: 2
Confirmed: 30/32 | Reverted: 0 | Pending: 2
Confirmed: 30/32 | Reverted: 0 | Pending: 2
Confirmed: 30/32 | Reverted: 0 | Pending: 2
Confirmed: 32/32 | Reverted: 0 | Pending: 0

Receipt polling finished.
------------------------------------------
Confirmed : 32
Reverted  : 0
Timeout   : 0
Duration  : 29.108s
------------------------------------------
Wrote: results/hardware-vmno-scaling/l3icalcul07/heterogeneous-nproof8-w48-rw48-rate500/vmnos-32/zkroam-heterogeneous-32vmnos/zkroam_heterogeneous_32vmnos_32_500.0_48_48_resource_usage.csv

Wrote: results/hardware-vmno-scaling/l3icalcul07/heterogeneous-nproof8-w48-rw48-rate500/vmnos-32/zkroam-heterogeneous-32vmnos/zkroam_heterogeneous_32vmnos_32_500.0_48_48_sweep_summary.csv

============================================================================
SWEEP HIGHLIGHTS (median across runs per nproofs/VMNO level)
============================================================================
 nproofs  num_vmnos  ind_gas_total  agg_gas_total gas_save_%  pipeline_x
       8         32     61,944,320      4,916,160      92.1%       1.64x
============================================================================

$ /Utilisateurs/abellach/zkRoam/net-heterogeneity/venv/bin/python3 monitoring/collect_metrics.py --logs-dir logs --rpc http://172.28.0.10:8545 --start-block 30 --end-block 204 --log-offsets results/hardware-vmno-scaling/l3icalcul07/heterogeneous-nproof8-w48-rw48-rate500/vmnos-32/zkroam-heterogeneous-32vmnos/log_offsets_at_workload_start.json --out results/hardware-vmno-scaling/l3icalcul07/heterogeneous-nproof8-w48-rw48-rate500/vmnos-32/zkroam-heterogeneous-32vmnos/consensus_robustness.csv
Total view changes across all nodes: 0
Blocks exceeding 2x block period (stall indicator): 0/175
Wrote results/hardware-vmno-scaling/l3icalcul07/heterogeneous-nproof8-w48-rw48-rate500/vmnos-32/zkroam-heterogeneous-32vmnos/consensus_robustness.csv

$ /Utilisateurs/abellach/zkRoam/net-heterogeneity/venv/bin/python3 scripts/apptainer-network.py snapshot --out results/hardware-vmno-scaling/l3icalcul07/heterogeneous-nproof8-w48-rw48-rate500/vmnos-32/zkroam-heterogeneous-32vmnos/runtime_snapshot
$ nsenter -t 1963636 -n apptainer exec --cleanenv /Utilisateurs/abellach/zkRoam/net-heterogeneity/zkroam-besu.sif tc -s qdisc show
$ nsenter -t 1963636 -n apptainer exec --cleanenv /Utilisateurs/abellach/zkRoam/net-heterogeneity/zkroam-besu.sif tc -s class show
$ nsenter -t 1963636 -n apptainer exec --cleanenv /Utilisateurs/abellach/zkRoam/net-heterogeneity/zkroam-besu.sif tc -s filter show
$ nsenter -t 1963636 -n apptainer exec --cleanenv /Utilisateurs/abellach/zkRoam/net-heterogeneity/zkroam-besu.sif ip -o addr show
$ nsenter -t 1964118 -n apptainer exec --cleanenv /Utilisateurs/abellach/zkRoam/net-heterogeneity/zkroam-besu.sif tc -s qdisc show
$ nsenter -t 1964118 -n apptainer exec --cleanenv /Utilisateurs/abellach/zkRoam/net-heterogeneity/zkroam-besu.sif tc -s class show
$ nsenter -t 1964118 -n apptainer exec --cleanenv /Utilisateurs/abellach/zkRoam/net-heterogeneity/zkroam-besu.sif tc -s filter show
$ nsenter -t 1964118 -n apptainer exec --cleanenv /Utilisateurs/abellach/zkRoam/net-heterogeneity/zkroam-besu.sif ip -o addr show
$ nsenter -t 1964712 -n apptainer exec --cleanenv /Utilisateurs/abellach/zkRoam/net-heterogeneity/zkroam-besu.sif tc -s qdisc show
$ nsenter -t 1964712 -n apptainer exec --cleanenv /Utilisateurs/abellach/zkRoam/net-heterogeneity/zkroam-besu.sif tc -s class show
$ nsenter -t 1964712 -n apptainer exec --cleanenv /Utilisateurs/abellach/zkRoam/net-heterogeneity/zkroam-besu.sif tc -s filter show
$ nsenter -t 1964712 -n apptainer exec --cleanenv /Utilisateurs/abellach/zkRoam/net-heterogeneity/zkroam-besu.sif ip -o addr show
$ nsenter -t 1965362 -n apptainer exec --cleanenv /Utilisateurs/abellach/zkRoam/net-heterogeneity/zkroam-besu.sif tc -s qdisc show
$ nsenter -t 1965362 -n apptainer exec --cleanenv /Utilisateurs/abellach/zkRoam/net-heterogeneity/zkroam-besu.sif tc -s class show
$ nsenter -t 1965362 -n apptainer exec --cleanenv /Utilisateurs/abellach/zkRoam/net-heterogeneity/zkroam-besu.sif tc -s filter show
$ nsenter -t 1965362 -n apptainer exec --cleanenv /Utilisateurs/abellach/zkRoam/net-heterogeneity/zkroam-besu.sif ip -o addr show
$ nsenter -t 1966120 -n apptainer exec --cleanenv /Utilisateurs/abellach/zkRoam/net-heterogeneity/zkroam-besu.sif tc -s qdisc show
$ nsenter -t 1966120 -n apptainer exec --cleanenv /Utilisateurs/abellach/zkRoam/net-heterogeneity/zkroam-besu.sif tc -s class show
$ nsenter -t 1966120 -n apptainer exec --cleanenv /Utilisateurs/abellach/zkRoam/net-heterogeneity/zkroam-besu.sif tc -s filter show
$ nsenter -t 1966120 -n apptainer exec --cleanenv /Utilisateurs/abellach/zkRoam/net-heterogeneity/zkroam-besu.sif ip -o addr show
$ nsenter -t 1966918 -n apptainer exec --cleanenv /Utilisateurs/abellach/zkRoam/net-heterogeneity/zkroam-besu.sif tc -s qdisc show
$ nsenter -t 1966918 -n apptainer exec --cleanenv /Utilisateurs/abellach/zkRoam/net-heterogeneity/zkroam-besu.sif tc -s class show
$ nsenter -t 1966918 -n apptainer exec --cleanenv /Utilisateurs/abellach/zkRoam/net-heterogeneity/zkroam-besu.sif tc -s filter show
$ nsenter -t 1966918 -n apptainer exec --cleanenv /Utilisateurs/abellach/zkRoam/net-heterogeneity/zkroam-besu.sif ip -o addr show
$ nsenter -t 1967695 -n apptainer exec --cleanenv /Utilisateurs/abellach/zkRoam/net-heterogeneity/zkroam-besu.sif tc -s qdisc show
$ nsenter -t 1967695 -n apptainer exec --cleanenv /Utilisateurs/abellach/zkRoam/net-heterogeneity/zkroam-besu.sif tc -s class show
$ nsenter -t 1967695 -n apptainer exec --cleanenv /Utilisateurs/abellach/zkRoam/net-heterogeneity/zkroam-besu.sif tc -s filter show
$ nsenter -t 1967695 -n apptainer exec --cleanenv /Utilisateurs/abellach/zkRoam/net-heterogeneity/zkroam-besu.sif ip -o addr show
$ nsenter -t 1968559 -n apptainer exec --cleanenv /Utilisateurs/abellach/zkRoam/net-heterogeneity/zkroam-besu.sif tc -s qdisc show
$ nsenter -t 1968559 -n apptainer exec --cleanenv /Utilisateurs/abellach/zkRoam/net-heterogeneity/zkroam-besu.sif tc -s class show
$ nsenter -t 1968559 -n apptainer exec --cleanenv /Utilisateurs/abellach/zkRoam/net-heterogeneity/zkroam-besu.sif tc -s filter show
$ nsenter -t 1968559 -n apptainer exec --cleanenv /Utilisateurs/abellach/zkRoam/net-heterogeneity/zkroam-besu.sif ip -o addr show
$ nsenter -t 1969344 -n apptainer exec --cleanenv /Utilisateurs/abellach/zkRoam/net-heterogeneity/zkroam-besu.sif tc -s qdisc show
$ nsenter -t 1969344 -n apptainer exec --cleanenv /Utilisateurs/abellach/zkRoam/net-heterogeneity/zkroam-besu.sif tc -s class show
$ nsenter -t 1969344 -n apptainer exec --cleanenv /Utilisateurs/abellach/zkRoam/net-heterogeneity/zkroam-besu.sif tc -s filter show
$ nsenter -t 1969344 -n apptainer exec --cleanenv /Utilisateurs/abellach/zkRoam/net-heterogeneity/zkroam-besu.sif ip -o addr show
$ nsenter -t 1970098 -n apptainer exec --cleanenv /Utilisateurs/abellach/zkRoam/net-heterogeneity/zkroam-besu.sif tc -s qdisc show
$ nsenter -t 1970098 -n apptainer exec --cleanenv /Utilisateurs/abellach/zkRoam/net-heterogeneity/zkroam-besu.sif tc -s class show
$ nsenter -t 1970098 -n apptainer exec --cleanenv /Utilisateurs/abellach/zkRoam/net-heterogeneity/zkroam-besu.sif tc -s filter show
$ nsenter -t 1970098 -n apptainer exec --cleanenv /Utilisateurs/abellach/zkRoam/net-heterogeneity/zkroam-besu.sif ip -o addr show
$ nsenter -t 1970906 -n apptainer exec --cleanenv /Utilisateurs/abellach/zkRoam/net-heterogeneity/zkroam-besu.sif tc -s qdisc show
$ nsenter -t 1970906 -n apptainer exec --cleanenv /Utilisateurs/abellach/zkRoam/net-heterogeneity/zkroam-besu.sif tc -s class show
$ nsenter -t 1970906 -n apptainer exec --cleanenv /Utilisateurs/abellach/zkRoam/net-heterogeneity/zkroam-besu.sif tc -s filter show
$ nsenter -t 1970906 -n apptainer exec --cleanenv /Utilisateurs/abellach/zkRoam/net-heterogeneity/zkroam-besu.sif ip -o addr show
$ nsenter -t 1971697 -n apptainer exec --cleanenv /Utilisateurs/abellach/zkRoam/net-heterogeneity/zkroam-besu.sif tc -s qdisc show
$ nsenter -t 1971697 -n apptainer exec --cleanenv /Utilisateurs/abellach/zkRoam/net-heterogeneity/zkroam-besu.sif tc -s class show
$ nsenter -t 1971697 -n apptainer exec --cleanenv /Utilisateurs/abellach/zkRoam/net-heterogeneity/zkroam-besu.sif tc -s filter show
$ nsenter -t 1971697 -n apptainer exec --cleanenv /Utilisateurs/abellach/zkRoam/net-heterogeneity/zkroam-besu.sif ip -o addr show
$ nsenter -t 1972521 -n apptainer exec --cleanenv /Utilisateurs/abellach/zkRoam/net-heterogeneity/zkroam-besu.sif tc -s qdisc show
$ nsenter -t 1972521 -n apptainer exec --cleanenv /Utilisateurs/abellach/zkRoam/net-heterogeneity/zkroam-besu.sif tc -s class show
$ nsenter -t 1972521 -n apptainer exec --cleanenv /Utilisateurs/abellach/zkRoam/net-heterogeneity/zkroam-besu.sif tc -s filter show
$ nsenter -t 1972521 -n apptainer exec --cleanenv /Utilisateurs/abellach/zkRoam/net-heterogeneity/zkroam-besu.sif ip -o addr show
$ nsenter -t 1973355 -n apptainer exec --cleanenv /Utilisateurs/abellach/zkRoam/net-heterogeneity/zkroam-besu.sif tc -s qdisc show
$ nsenter -t 1973355 -n apptainer exec --cleanenv /Utilisateurs/abellach/zkRoam/net-heterogeneity/zkroam-besu.sif tc -s class show
$ nsenter -t 1973355 -n apptainer exec --cleanenv /Utilisateurs/abellach/zkRoam/net-heterogeneity/zkroam-besu.sif tc -s filter show
$ nsenter -t 1973355 -n apptainer exec --cleanenv /Utilisateurs/abellach/zkRoam/net-heterogeneity/zkroam-besu.sif ip -o addr show
$ nsenter -t 1974118 -n apptainer exec --cleanenv /Utilisateurs/abellach/zkRoam/net-heterogeneity/zkroam-besu.sif tc -s qdisc show
$ nsenter -t 1974118 -n apptainer exec --cleanenv /Utilisateurs/abellach/zkRoam/net-heterogeneity/zkroam-besu.sif tc -s class show
$ nsenter -t 1974118 -n apptainer exec --cleanenv /Utilisateurs/abellach/zkRoam/net-heterogeneity/zkroam-besu.sif tc -s filter show
$ nsenter -t 1974118 -n apptainer exec --cleanenv /Utilisateurs/abellach/zkRoam/net-heterogeneity/zkroam-besu.sif ip -o addr show
$ apptainer exec --cleanenv /Utilisateurs/abellach/zkRoam/net-heterogeneity/zkroam-besu.sif ip -details addr show zkroam0

$ /Utilisateurs/abellach/zkRoam/net-heterogeneity/venv/bin/python3 scripts/apptainer-network.py stop
$ apptainer exec --cleanenv /Utilisateurs/abellach/zkRoam/net-heterogeneity/zkroam-besu.sif ip -o link show
$ apptainer exec --cleanenv /Utilisateurs/abellach/zkRoam/net-heterogeneity/zkroam-besu.sif ip link delete zkh00
$ apptainer exec --cleanenv /Utilisateurs/abellach/zkRoam/net-heterogeneity/zkroam-besu.sif ip link delete zkh01
$ apptainer exec --cleanenv /Utilisateurs/abellach/zkRoam/net-heterogeneity/zkroam-besu.sif ip link delete zkh02
$ apptainer exec --cleanenv /Utilisateurs/abellach/zkRoam/net-heterogeneity/zkroam-besu.sif ip link delete zkh03
$ apptainer exec --cleanenv /Utilisateurs/abellach/zkRoam/net-heterogeneity/zkroam-besu.sif ip link delete zkh04
$ apptainer exec --cleanenv /Utilisateurs/abellach/zkRoam/net-heterogeneity/zkroam-besu.sif ip link delete zkh05
$ apptainer exec --cleanenv /Utilisateurs/abellach/zkRoam/net-heterogeneity/zkroam-besu.sif ip link delete zkh06
$ apptainer exec --cleanenv /Utilisateurs/abellach/zkRoam/net-heterogeneity/zkroam-besu.sif ip link delete zkh07
$ apptainer exec --cleanenv /Utilisateurs/abellach/zkRoam/net-heterogeneity/zkroam-besu.sif ip link delete zkh08
$ apptainer exec --cleanenv /Utilisateurs/abellach/zkRoam/net-heterogeneity/zkroam-besu.sif ip link delete zkh09
$ apptainer exec --cleanenv /Utilisateurs/abellach/zkRoam/net-heterogeneity/zkroam-besu.sif ip link delete zkh10
$ apptainer exec --cleanenv /Utilisateurs/abellach/zkRoam/net-heterogeneity/zkroam-besu.sif ip link delete zkh11
$ apptainer exec --cleanenv /Utilisateurs/abellach/zkRoam/net-heterogeneity/zkroam-besu.sif ip link delete zkh12
$ apptainer exec --cleanenv /Utilisateurs/abellach/zkRoam/net-heterogeneity/zkroam-besu.sif ip link delete zkh13
$ apptainer exec --cleanenv /Utilisateurs/abellach/zkRoam/net-heterogeneity/zkroam-besu.sif ip link delete zkh14
$ apptainer exec --cleanenv /Utilisateurs/abellach/zkRoam/net-heterogeneity/zkroam-besu.sif ip link delete zkroam0
