Setting logging level to INFO
2026-10-07 09:00:16.732+00:00 | main | INFO  | Besu | Starting Besu
2026-10-07 09:00:17.137+00:00 | main | WARN  | Besu | --graphql-http-host has been ignored because --graphql-http-enabled was not defined on the command line.
2026-10-07 09:00:17.241+00:00 | main | INFO  | Besu | Connecting to 0 static nodes.
2026-10-07 09:00:17.245+00:00 | main | INFO  | Besu | Forcing price bump for transaction replacement to 0, since min-gas-price is set to 0
2026-10-07 09:00:17.246+00:00 | main | WARN  | Besu | Forcing tx-pool-min-gas-price=0, since it cannot be greater than the value of min-gas-price
2026-10-07 09:00:17.644+00:00 | main | INFO  | Besu | 
####################################################################################################
#                                                                                                  #
# Besu version 24.7.0                                                                              #
#                                                                                                  #
# Configuration:                                                                                   #
# Network: Custom genesis file                                                                     #
# /config/genesis.json                                                                             #
# Network Id: 1337                                                                                 #
# Data storage: Bonsai                                                                             #
# Sync mode: Full                                                                                  #
# RPC HTTP APIs: ETH,QBFT,NET,ADMIN,WEB3                                                           #
# RPC HTTP port: 8545                                                                              #
# Using LAYERED transaction pool implementation                                                    #
# Using STACKED worldstate update mode                                                             #
# Limit trie logs enabled: retention: 512; prune window: 30000                                     #
#                                                                                                  #
# Host:                                                                                            #
# Java: openjdk-java-21                                                                            #
# Maximum heap size: 29.50 GB                                                                      #
# OS: linux-x86_64                                                                                 #
# glibc: 2.39                                                                                      #
# jemalloc: 5.3.0-0-g54eaed1d8b56b1aa528be3bdd1877e59c56fa90c                                      #
# Total memory: 1007.68 GB                                                                         #
# CPU cores: 256                                                                                   #
#                                                                                                  #
# Plugin Registration Summary:                                                                     #
# No plugins have been registered.                                                                 #
# TOTAL = 0 of 0 plugins successfully registered.                                                  #
#                                                                                                  #
####################################################################################################
2026-10-07 09:00:17.644+00:00 | main | INFO  | Besu | Security Module: localfile
2026-10-07 09:00:17.646+00:00 | main | INFO  | VersionMetadata | Lookup version metadata file in data directory: /data
2026-10-07 09:00:17.646+00:00 | main | INFO  | VersionMetadata | No version data detected. Writing Besu version 24.7.0 to metadata file
2026-10-07 09:00:17.752+00:00 | main | INFO  | Besu | Using the native implementation of alt bn128
2026-10-07 09:00:17.829+00:00 | main | INFO  | Besu | Using the native implementation of modexp
2026-10-07 09:00:17.829+00:00 | main | INFO  | Besu | Using the native implementation of the signature algorithm
2026-10-07 09:00:17.836+00:00 | main | INFO  | Besu | Using the native implementation of the blake2bf algorithm
2026-10-07 09:00:17.921+00:00 | main | INFO  | Besu | Forcing price bump for transaction replacement to 0, since min-gas-price is set to 0
2026-10-07 09:00:17.922+00:00 | main | WARN  | Besu | Forcing tx-pool-min-gas-price=0, since it cannot be greater than the value of min-gas-price
2026-10-07 09:00:17.924+00:00 | main | INFO  | KeyPairUtil | Attempting to load public key from /data/key.priv
2026-10-07 09:00:17.943+00:00 | main | INFO  | KeyPairUtil | Loaded public key 0xd16d3e4e20bd34b63393b53b120aabeb077a6c07849750e190d896ad70f3541c9157ae421580cc4faa7af6a61805fd7894083f5a3ea85ea221d9bf18cafcf1a6 from /data/key.priv
2026-10-07 09:00:18.089+00:00 | main | INFO  | ProtocolScheduleBuilder | Protocol schedule created with milestones: [Berlin:0]
2026-10-07 09:00:18.093+00:00 | main | INFO  | RocksDBKeyValueStorageFactory | No existing database at /data. Using default metadata for new db versionedStorageFormat=BaseVersionedStorageFormat{format=BONSAI, version=2}
2026-10-07 09:00:18.357+00:00 | main | INFO  | FlatDbStrategyProvider | Bonsai flat db mode found FULL
2026-10-07 09:00:18.361+00:00 | main | INFO  | FlatDbStrategyProvider | Bonsai db mode with code stored using code hash enabled = true
2026-10-07 09:00:18.372+00:00 | main | INFO  | FlatDbStrategyProvider | Bonsai flat db mode found FULL
2026-10-07 09:00:18.374+00:00 | main | INFO  | FlatDbStrategyProvider | Bonsai db mode with code stored using code hash enabled = true
2026-10-07 09:00:18.845+00:00 | main | INFO  | TransactionPoolFactory | Enabling transaction pool
2026-10-07 09:00:18.863+00:00 | main | INFO  | BesuControllerBuilder | TTD difficulty is not present, creating initial sync phase for PoW
2026-10-07 09:00:18.905+00:00 | main | INFO  | TrieLogPruner | Loading first 30000 trie logs from database...
2026-10-07 09:00:18.906+00:00 | main | INFO  | TrieLogPruner | Loaded 1 trie logs from database
2026-10-07 09:00:18.913+00:00 | main | INFO  | RunnerBuilder | Resolved 5 bootnodes.
2026-10-07 09:00:18.920+00:00 | main | INFO  | RunnerBuilder | Detecting NAT service.
2026-10-07 09:00:19.112+00:00 | main | INFO  | Runner | Starting external services ... 
2026-10-07 09:00:19.113+00:00 | main | INFO  | JsonRpcHttpService | Starting JSON-RPC service on 0.0.0.0:8545
2026-10-07 09:00:19.243+00:00 | vert.x-eventloop-thread-1 | INFO  | JsonRpcHttpService | JSON-RPC service started and listening on 0.0.0.0:8545
2026-10-07 09:00:19.245+00:00 | main | INFO  | WebSocketService | Starting Websocket service on 0.0.0.0:8546
2026-10-07 09:00:19.247+00:00 | vert.x-eventloop-thread-1 | INFO  | WebSocketService | Websocket service started and listening on 0.0.0.0:8546
2026-10-07 09:00:19.249+00:00 | main | INFO  | AutoTransactionLogBloomCachingService | Starting auto transaction log bloom caching service.
2026-10-07 09:00:19.250+00:00 | main | INFO  | LogBloomCacheMetadata | Lookup cache metadata file in data directory: /data/caches
2026-10-07 09:00:19.261+00:00 | main | INFO  | Runner | Starting Ethereum main loop ... 
2026-10-07 09:00:19.261+00:00 | main | INFO  | NatService | No NAT environment detected so no service could be started
2026-10-07 09:00:19.261+00:00 | main | INFO  | NetworkRunner | Starting Network.
2026-10-07 09:00:19.272+00:00 | nioEventLoopGroup-2-1 | INFO  | RlpxAgent | P2P RLPx agent started and listening on /[0:0:0:0:0:0:0:0]:30303.
2026-10-07 09:00:19.272+00:00 | main | INFO  | PeerDiscoveryAgent | Starting peer discovery agent on host=0.0.0.0, port=30303. IPv6 available.
2026-10-07 09:00:19.288+00:00 | vert.x-eventloop-thread-1 | INFO  | VertxPeerDiscoveryAgent | Started peer discovery agent successfully, on effective host=0:0:0:0:0:0:0:0%0 and port=30303
2026-10-07 09:00:19.289+00:00 | vert.x-eventloop-thread-1 | INFO  | PeerDiscoveryAgent | P2P peer discovery agent started and listening on /[0:0:0:0:0:0:0:0%0]:30303
2026-10-07 09:00:19.331+00:00 | vert.x-eventloop-thread-1 | INFO  | PeerDiscoveryAgent | Writing node record to disk. NodeRecord{seq=1, publicKey=0x02d16d3e4e20bd34b63393b53b120aabeb077a6c07849750e190d896ad70f3541c, udpAddress=Optional[/0.0.0.0:30303], tcpAddress=Optional[/0.0.0.0:30303], asBase64=-Je4QNWttW0MtxzfB5HQZle-oc8e5NxXTN4wWqS7qQ0R6YfRSqrr_EgRchydLq7qU6HoRClbfmCxBsJAlX1_Qiptal0Bg2V0aMfGhKQuEC2AgmlkgnY0gmlwhAAAAACJc2VjcDI1NmsxoQLRbT5OIL00tjOTtTsSCqvrB3psB4SXUOGQ2JatcPNUHIN0Y3CCdl-DdWRwgnZf, nodeId=0x050033aee3b3fd726d5e2a8a4397a95cd46261f363dcc641bcb0bfefd5618963, customFields={tcp=30303, udp=30303, ip=0x00000000, eth=[[0xa42e102d, 0x]], id=V4, secp256k1=0x02d16d3e4e20bd34b63393b53b120aabeb077a6c07849750e190d896ad70f3541c}}
2026-10-07 09:00:19.365+00:00 | main | INFO  | DefaultP2PNetwork | Enode URL enode://d16d3e4e20bd34b63393b53b120aabeb077a6c07849750e190d896ad70f3541c9157ae421580cc4faa7af6a61805fd7894083f5a3ea85ea221d9bf18cafcf1a6@0.0.0.0:30303
2026-10-07 09:00:19.365+00:00 | main | INFO  | DefaultP2PNetwork | Node address 0x4397a95cd46261f363dcc641bcb0bfefd5618963
2026-10-07 09:00:19.385+00:00 | main | INFO  | NetworkRunner | Supported capabilities: [eth/62, eth/63, eth/64, eth/65, eth/66, eth/67, eth/68], [istanbul/100], [snap/1]
2026-10-07 09:00:19.386+00:00 | main | INFO  | DefaultSynchronizer | Starting synchronizer.
2026-10-07 09:00:19.387+00:00 | main | INFO  | TransactionPoolFactory | Enabling transaction handling following initial sync
2026-10-07 09:00:19.387+00:00 | main | INFO  | QbftBesuControllerBuilder | Starting QBFT mining coordinator following initial sync
2026-10-07 09:00:19.397+00:00 | main | INFO  | FullSyncDownloader | Starting full sync.
2026-10-07 09:00:19.398+00:00 | main | INFO  | FullSyncTargetManager | Unable to find sync target. Currently checking 0 peers for usefulness
2026-10-07 09:00:19.406+00:00 | main | INFO  | Runner | Ethereum main loop is up.
2026-10-07 09:00:19.828+00:00 | nioEventLoopGroup-3-3 | INFO  | FullSyncTargetManager | Unable to find sync target. Currently checking 1 peers for usefulness
2026-10-07 09:00:21.394+00:00 | nioEventLoopGroup-3-5 | INFO  | FullSyncTargetManager | Unable to find sync target. Currently checking 2 peers for usefulness
2026-10-07 09:00:22.981+00:00 | nioEventLoopGroup-3-6 | INFO  | FullSyncTargetManager | Unable to find sync target. Currently checking 3 peers for usefulness
2026-10-07 09:00:24.959+00:00 | nioEventLoopGroup-3-7 | INFO  | FullSyncTargetManager | Unable to find sync target. Currently checking 4 peers for usefulness
2026-10-07 09:00:26.413+00:00 | nioEventLoopGroup-3-8 | INFO  | FullSyncTargetManager | Unable to find sync target. Currently checking 5 peers for usefulness
2026-10-07 09:00:28.734+00:00 | nioEventLoopGroup-3-1 | INFO  | FullSyncTargetManager | Unable to find sync target. Currently checking 6 peers for usefulness
2026-10-07 09:00:30.722+00:00 | nioEventLoopGroup-3-3 | INFO  | FullSyncTargetManager | Unable to find sync target. Currently checking 7 peers for usefulness
2026-10-07 09:00:32.716+00:00 | nioEventLoopGroup-3-5 | INFO  | FullSyncTargetManager | Unable to find sync target. Currently checking 8 peers for usefulness
2026-10-07 09:00:34.321+00:00 | nioEventLoopGroup-3-7 | INFO  | FullSyncTargetManager | Unable to find sync target. Currently checking 9 peers for usefulness
2026-10-07 09:00:35.876+00:00 | nioEventLoopGroup-3-9 | INFO  | FullSyncTargetManager | Unable to find sync target. Currently checking 10 peers for usefulness
2026-10-07 09:00:37.710+00:00 | nioEventLoopGroup-3-10 | INFO  | FullSyncTargetManager | Unable to find sync target. Currently checking 11 peers for usefulness
2026-10-07 09:00:40.250+00:00 | nioEventLoopGroup-3-3 | INFO  | FullSyncTargetManager | Unable to find sync target. Currently checking 12 peers for usefulness
2026-10-07 09:00:42.522+00:00 | nioEventLoopGroup-3-5 | INFO  | FullSyncTargetManager | Unable to find sync target. Currently checking 13 peers for usefulness
2026-10-07 09:00:44.198+00:00 | BftProcessorExecutor-QBFT-0 | INFO  | QbftRound | Importing proposed block to chain. round=ConsensusRoundIdentifier{Sequence=1, Round=1}, hash=0x5d928b0b3f9d8cfbd7c07401e4c7493abbd5d434e2b5c23ca6cec89f3538e721
2026-10-07 09:00:44.219+00:00 | BftProcessorExecutor-QBFT-0 | INFO  | QbftBesuControllerBuilder | Produced #1 / 0 tx / 0 pending / 0 (0.0%) gas / (0x5d928b0b3f9d8cfbd7c07401e4c7493abbd5d434e2b5c23ca6cec89f3538e721)
2026-10-07 09:00:44.816+00:00 | nioEventLoopGroup-3-7 | INFO  | FullSyncTargetManager | Unable to find sync target. Currently checking 14 peers for usefulness
2026-10-07 09:00:45.378+00:00 | BftProcessorExecutor-QBFT-0 | INFO  | QbftBesuControllerBuilder | Imported #2 / 0 tx / 0 pending / 0 (0.0%) gas / (0x9b1efa8bfda4504fed5a80b5b227a7225fada8f00e14d564349540f41e87c0ab)
2026-10-07 09:00:47.444+00:00 | BftProcessorExecutor-QBFT-0 | INFO  | QbftBesuControllerBuilder | Imported #3 / 0 tx / 0 pending / 0 (0.0%) gas / (0xefb9cbd9b2d1bc9a1ad7512e1563fbba6dbdbf3f98f566e37b825564455e986c)
2026-10-07 09:00:49.394+00:00 | BftProcessorExecutor-QBFT-0 | INFO  | QbftBesuControllerBuilder | Imported #4 / 0 tx / 0 pending / 0 (0.0%) gas / (0x25ece09f13a1de2a7e8da05db97c05dd17f336e76651e37de4504cfa5ab8965e)
2026-10-07 09:00:51.329+00:00 | BftProcessorExecutor-QBFT-0 | INFO  | QbftBesuControllerBuilder | Imported #5 / 0 tx / 1 pending / 0 (0.0%) gas / (0xbfd253ef4bdf4f6ded4f72beee7c1aff2677c0a911c535efd9f25b9437190c8f)
2026-10-07 09:00:53.309+00:00 | BftProcessorExecutor-QBFT-0 | INFO  | QbftBesuControllerBuilder | Imported #6 / 0 tx / 1 pending / 0 (0.0%) gas / (0x99ff758c335efa311c2da297417d52112c8bc925a35188ea479acab971e6e817)
2026-10-07 09:00:55.367+00:00 | BftProcessorExecutor-QBFT-0 | INFO  | QbftBesuControllerBuilder | Imported #7 / 0 tx / 1 pending / 0 (0.0%) gas / (0x5cba74753ef306a031dd28c7102293a8196e33138087090ce1b480bf11c38997)
2026-10-07 09:00:57.353+00:00 | BftProcessorExecutor-QBFT-0 | INFO  | QbftBesuControllerBuilder | Imported #8 / 0 tx / 1 pending / 0 (0.0%) gas / (0xcce65b43ed6825ed326d8c7820167cedfd1b3aac560a0e1fd6b3ee2530f2e0a2)
2026-10-07 09:00:57.356+00:00 | EthScheduler-Workers-0 | INFO  | PersistBlockTask | Block 8 (0xcce65b43ed6825ed326d8c7820167cedfd1b3aac560a0e1fd6b3ee2530f2e0a2) is already imported
2026-10-07 09:00:59.383+00:00 | EthScheduler-Workers-0 | INFO  | PersistBlockTask | Block 9 (0x69b2594e0de00feceb031161318e8d8c38f9c3980a8214d031fed46736d21a35) is already imported
2026-10-07 09:00:59.384+00:00 | BftProcessorExecutor-QBFT-0 | INFO  | QbftBesuControllerBuilder | Imported #9 / 0 tx / 1 pending / 0 (0.0%) gas / (0x69b2594e0de00feceb031161318e8d8c38f9c3980a8214d031fed46736d21a35)
2026-10-07 09:01:01.392+00:00 | EthScheduler-Workers-0 | INFO  | PersistBlockTask | Imported #10 / 0 tx / 0 om / 0 (0.0%) gas / (0x095dcdf24cfe90a07874466cb9117d3cce7995fbbc69242d9974e9c4ca5b0bb9) in 0.001s. Peers: 14
2026-10-07 09:01:01.393+00:00 | BftProcessorExecutor-QBFT-0 | INFO  | QbftBesuControllerBuilder | Imported #10 / 0 tx / 1 pending / 0 (0.0%) gas / (0x095dcdf24cfe90a07874466cb9117d3cce7995fbbc69242d9974e9c4ca5b0bb9)
2026-10-07 09:01:03.389+00:00 | BftProcessorExecutor-QBFT-0 | INFO  | QbftBesuControllerBuilder | Imported #11 / 0 tx / 1 pending / 0 (0.0%) gas / (0x8fe059e1be6cf9eaa5ea2001dd0cc5a37bd580d886347f7d80f0499e50135ffe)
2026-10-07 09:01:05.412+00:00 | BftProcessorExecutor-QBFT-0 | INFO  | QbftBesuControllerBuilder | Imported #12 / 0 tx / 1 pending / 0 (0.0%) gas / (0x4dd04b4ddfb808e582736164add65b85ff4e981757a0955aaa31b6b676818971)
2026-10-07 09:01:07.418+00:00 | BftProcessorExecutor-QBFT-0 | INFO  | QbftBesuControllerBuilder | Imported #13 / 0 tx / 1 pending / 0 (0.0%) gas / (0x835bbf96fd74eb2c34199acf2dbd8eeb676113ee286571f12e27ea662c64459a)
2026-10-07 09:01:09.409+00:00 | BftProcessorExecutor-QBFT-0 | INFO  | QbftBesuControllerBuilder | Imported #14 / 0 tx / 1 pending / 0 (0.0%) gas / (0x3fbf887256bcf6420dae349d07ca4300cb315685cdf8a6dbe540e072f8504009)
2026-10-07 09:01:11.443+00:00 | BftProcessorExecutor-QBFT-0 | INFO  | QbftBesuControllerBuilder | Imported #15 / 1 tx / 0 pending / 465,218 (0.0%) gas / (0x5646f037bcceaa1a7f9b2124808f008938660b03c49b94fe9700e04f4e8e1ce7)
2026-10-07 09:01:13.249+00:00 | BftProcessorExecutor-QBFT-0 | INFO  | QbftBesuControllerBuilder | Produced #16 / 0 tx / 1 pending / 0 (0.0%) gas / (0x018b408ceb43ce0993e0c4b42ec06ab19817c03dc41d386b8a5af2534c89e0cb)
2026-10-07 09:01:15.315+00:00 | BftProcessorExecutor-QBFT-0 | INFO  | QbftBesuControllerBuilder | Imported #17 / 0 tx / 1 pending / 0 (0.0%) gas / (0x79333e75c9223b05110035dae21b8457de59f8ede16a20a4a1a1e10d0e06bebc)
2026-10-07 09:01:15.315+00:00 | EthScheduler-Workers-0 | INFO  | PersistBlockTask | Block 17 (0x79333e75c9223b05110035dae21b8457de59f8ede16a20a4a1a1e10d0e06bebc) is already imported
2026-10-07 09:01:17.284+00:00 | BftProcessorExecutor-QBFT-0 | INFO  | QbftBesuControllerBuilder | Imported #18 / 0 tx / 1 pending / 0 (0.0%) gas / (0x7072318e9fa450c40acc733b19ffca8bf3cc8690f6e1b43ba0cc9397ebccf4af)
2026-10-07 09:01:19.302+00:00 | EthScheduler-Workers-0 | INFO  | PersistBlockTask | Block 19 (0x1e01b61519d92813645cf88b3a5098f1c5559945ec70f38be62b5d21603740fa) is already imported
2026-10-07 09:01:19.304+00:00 | BftProcessorExecutor-QBFT-0 | INFO  | QbftBesuControllerBuilder | Imported #19 / 0 tx / 1 pending / 0 (0.0%) gas / (0x1e01b61519d92813645cf88b3a5098f1c5559945ec70f38be62b5d21603740fa)
2026-10-07 09:01:21.260+00:00 | EthScheduler-Workers-0 | INFO  | PersistBlockTask | Block 20 (0xf239f51ee58ba7b8fb6d91c9672f3e242de462c2121f36d40e8a0ca40991435a) is already imported
2026-10-07 09:01:21.260+00:00 | BftProcessorExecutor-QBFT-0 | INFO  | QbftBesuControllerBuilder | Imported #20 / 0 tx / 1 pending / 0 (0.0%) gas / (0xf239f51ee58ba7b8fb6d91c9672f3e242de462c2121f36d40e8a0ca40991435a)
2026-10-07 09:01:23.286+00:00 | BftProcessorExecutor-QBFT-0 | INFO  | QbftBesuControllerBuilder | Imported #21 / 0 tx / 1 pending / 0 (0.0%) gas / (0x42ba7d1389cce4e263d3d7b5565525944d69fc09a6904a9c5ea3092868210fe2)
2026-10-07 09:01:25.328+00:00 | BftProcessorExecutor-QBFT-0 | INFO  | QbftBesuControllerBuilder | Imported #22 / 0 tx / 1 pending / 0 (0.0%) gas / (0x53461733a7a52ee60b3c9d740cac7d437745ebee9f644e95087e6ece951206d5)
2026-10-07 09:01:27.341+00:00 | BftProcessorExecutor-QBFT-0 | INFO  | QbftBesuControllerBuilder | Imported #23 / 0 tx / 1 pending / 0 (0.0%) gas / (0x985b93cb687d05ce7f42ae1649ea5201a18e8ac49617cd401cf6b1543babb25e)
2026-10-07 09:01:27.344+00:00 | EthScheduler-Workers-0 | INFO  | PersistBlockTask | Block 23 (0x985b93cb687d05ce7f42ae1649ea5201a18e8ac49617cd401cf6b1543babb25e) is already imported
2026-10-07 09:01:29.315+00:00 | BftProcessorExecutor-QBFT-0 | INFO  | QbftBesuControllerBuilder | Imported #24 / 0 tx / 1 pending / 0 (0.0%) gas / (0x3a554ce73c20fb71bcb3c4f67307715ff77b296c8ea662cd7e5848e24501139e)
2026-10-07 09:01:31.268+00:00 | EthScheduler-Workers-0 | INFO  | PersistBlockTask | Block 25 (0x5f5d592b33e64ecc5274c6186b697ac2525a0f0352dd7302598527ab0de5c373) is already imported
2026-10-07 09:01:31.269+00:00 | BftProcessorExecutor-QBFT-0 | INFO  | QbftBesuControllerBuilder | Imported #25 / 0 tx / 1 pending / 0 (0.0%) gas / (0x5f5d592b33e64ecc5274c6186b697ac2525a0f0352dd7302598527ab0de5c373)
2026-10-07 09:01:33.275+00:00 | EthScheduler-Workers-0 | INFO  | PersistBlockTask | Block 26 (0x4945bbb65b2efcb14b0b5501b6057971a07535a47eb15dacac90466ddba1b5ed) is already imported
2026-10-07 09:01:33.275+00:00 | BftProcessorExecutor-QBFT-0 | INFO  | QbftBesuControllerBuilder | Imported #26 / 0 tx / 1 pending / 0 (0.0%) gas / (0x4945bbb65b2efcb14b0b5501b6057971a07535a47eb15dacac90466ddba1b5ed)
2026-10-07 09:01:35.299+00:00 | BftProcessorExecutor-QBFT-0 | INFO  | QbftBesuControllerBuilder | Imported #27 / 0 tx / 1 pending / 0 (0.0%) gas / (0x3b3d285980f39b21b6bd6da829023a2b3d2fa79f0b225302a2721793ac4c7279)
2026-10-07 09:01:35.304+00:00 | EthScheduler-Workers-0 | INFO  | PersistBlockTask | Block 27 (0x3b3d285980f39b21b6bd6da829023a2b3d2fa79f0b225302a2721793ac4c7279) is already imported
2026-10-07 09:01:37.310+00:00 | BftProcessorExecutor-QBFT-0 | INFO  | QbftBesuControllerBuilder | Imported #28 / 0 tx / 1 pending / 0 (0.0%) gas / (0x5defd169a2a718ad73afb32abd862ae3300964a86a07767d6186460f1536d675)
2026-10-07 09:01:37.312+00:00 | EthScheduler-Workers-0 | INFO  | PersistBlockTask | Block 28 (0x5defd169a2a718ad73afb32abd862ae3300964a86a07767d6186460f1536d675) is already imported
2026-10-07 09:01:39.315+00:00 | EthScheduler-Workers-0 | INFO  | PersistBlockTask | Block 29 (0xf8d24792eebd77101dea9b8fda1c9ee252abeee657eacfa3447fbbc48a7f8a5a) is already imported
2026-10-07 09:01:39.316+00:00 | BftProcessorExecutor-QBFT-0 | INFO  | QbftBesuControllerBuilder | Imported #29 / 0 tx / 1 pending / 0 (0.0%) gas / (0xf8d24792eebd77101dea9b8fda1c9ee252abeee657eacfa3447fbbc48a7f8a5a)
2026-10-07 09:01:41.325+00:00 | BftProcessorExecutor-QBFT-0 | INFO  | QbftBesuControllerBuilder | Imported #30 / 1 tx / 0 pending / 1,832,981 (0.0%) gas / (0x789545765ecdf2054b2dd21a53783a7135426429c6d581b9d01c578bc8dbcdc2)
2026-10-07 09:01:43.281+00:00 | BftProcessorExecutor-QBFT-0 | INFO  | QbftBesuControllerBuilder | Produced #31 / 0 tx / 0 pending / 0 (0.0%) gas / (0x2e90abae6ff9500cf30932355b5d368fe295647da30ff49337944b995f73963e)
2026-10-07 09:01:45.332+00:00 | BftProcessorExecutor-QBFT-0 | INFO  | QbftBesuControllerBuilder | Imported #32 / 0 tx / 0 pending / 0 (0.0%) gas / (0xee127cc47e265e31b347530ea3342728bb90a70d4417b9be3a7ca83fda2e7523)
2026-10-07 09:01:47.322+00:00 | EthScheduler-Workers-0 | INFO  | PersistBlockTask | Block 33 (0x75640fcc4699ad0461e83f1c7f2d49c60a2b3831530b8b0fcd5ff8ee5299d970) is already imported
2026-10-07 09:01:47.324+00:00 | BftProcessorExecutor-QBFT-0 | INFO  | QbftBesuControllerBuilder | Imported #33 / 0 tx / 0 pending / 0 (0.0%) gas / (0x75640fcc4699ad0461e83f1c7f2d49c60a2b3831530b8b0fcd5ff8ee5299d970)
2026-10-07 09:01:49.313+00:00 | BftProcessorExecutor-QBFT-0 | INFO  | QbftBesuControllerBuilder | Imported #34 / 0 tx / 0 pending / 0 (0.0%) gas / (0x05753724a1b0b6aae407adf7d7279ce2f9bb5b1cac44b93060ecc9e8bb174e43)
2026-10-07 09:01:51.284+00:00 | BftProcessorExecutor-QBFT-0 | INFO  | QbftBesuControllerBuilder | Imported #35 / 0 tx / 0 pending / 0 (0.0%) gas / (0x4acb018e2264564e4edcb0b287543b2c9ed864167baa9426bbb9a56f7ab06aaf)
2026-10-07 09:01:53.278+00:00 | BftProcessorExecutor-QBFT-0 | INFO  | QbftBesuControllerBuilder | Imported #36 / 0 tx / 0 pending / 0 (0.0%) gas / (0x5824377fa1d6e8dea55e3afdc096d63b7daef593626ee62930179ec453fdced0)
2026-10-07 09:01:53.278+00:00 | EthScheduler-Workers-0 | INFO  | PersistBlockTask | Block 36 (0x5824377fa1d6e8dea55e3afdc096d63b7daef593626ee62930179ec453fdced0) is already imported
2026-10-07 09:01:55.332+00:00 | BftProcessorExecutor-QBFT-0 | INFO  | QbftBesuControllerBuilder | Imported #37 / 0 tx / 0 pending / 0 (0.0%) gas / (0xbf72360715184911583129829c464290952438c19236cd4fc9443a6eab7f2636)
2026-10-07 09:01:57.344+00:00 | BftProcessorExecutor-QBFT-0 | INFO  | QbftBesuControllerBuilder | Imported #38 / 0 tx / 0 pending / 0 (0.0%) gas / (0xf01ebaaa6d3aa83536ec44512cf1d60bc1206e0351207ad69998833455c95594)
2026-10-07 09:01:59.326+00:00 | EthScheduler-Workers-0 | INFO  | PersistBlockTask | Block 39 (0xa85f60ee937efcbaf94d11a1caf3ab4984e8a40ff798b478bb4f5109329b183f) is already imported
2026-10-07 09:01:59.328+00:00 | BftProcessorExecutor-QBFT-0 | INFO  | QbftBesuControllerBuilder | Imported #39 / 0 tx / 0 pending / 0 (0.0%) gas / (0xa85f60ee937efcbaf94d11a1caf3ab4984e8a40ff798b478bb4f5109329b183f)
2026-10-07 09:02:01.272+00:00 | EthScheduler-Workers-0 | INFO  | PersistBlockTask | Block 40 (0xc83192b5cb32f297033bae99bf9b330d08b412f9ea1f294ac87f681e485ce657) is already imported
2026-10-07 09:02:01.273+00:00 | BftProcessorExecutor-QBFT-0 | INFO  | QbftBesuControllerBuilder | Imported #40 / 0 tx / 0 pending / 0 (0.0%) gas / (0xc83192b5cb32f297033bae99bf9b330d08b412f9ea1f294ac87f681e485ce657)
2026-10-07 09:02:03.289+00:00 | BftProcessorExecutor-QBFT-0 | INFO  | QbftBesuControllerBuilder | Imported #41 / 0 tx / 0 pending / 0 (0.0%) gas / (0x930b449d5adc63973e14ede0195bf4bf87fe8ba0d532bbf427f9ec3fd29a503c)
2026-10-07 09:02:05.326+00:00 | EthScheduler-Workers-0 | INFO  | PersistBlockTask | Block 42 (0xe78c36d8d5dc13538f95c770ae1fbc00f19f83f40e748db5aa2c8247ce5a36cd) is already imported
2026-10-07 09:02:05.327+00:00 | BftProcessorExecutor-QBFT-0 | INFO  | QbftBesuControllerBuilder | Imported #42 / 0 tx / 0 pending / 0 (0.0%) gas / (0xe78c36d8d5dc13538f95c770ae1fbc00f19f83f40e748db5aa2c8247ce5a36cd)
2026-10-07 09:02:07.329+00:00 | BftProcessorExecutor-QBFT-0 | INFO  | QbftBesuControllerBuilder | Imported #43 / 0 tx / 0 pending / 0 (0.0%) gas / (0xf416fb6ada0ca98161bdc38bc69a86ed2e2e7ef659e7f00db1a681082a506684)
2026-10-07 09:02:09.313+00:00 | BftProcessorExecutor-QBFT-0 | INFO  | QbftBesuControllerBuilder | Imported #44 / 0 tx / 3 pending / 0 (0.0%) gas / (0x0d570fe14abdb374242ffe9e21f9c5c19f37016ac1b0cf9912d66702c9d57e24)
2026-10-07 09:02:11.687+00:00 | BftProcessorExecutor-QBFT-0 | INFO  | QbftBesuControllerBuilder | Imported #45 / 5 tx / 59 pending / 1,209,850 (0.0%) gas / (0xeecec1ee2dfc963fb95fe1e98dcbed9d6871c4bc7b3771b66969d4ee81b85a4a)
2026-10-07 09:02:13.597+00:00 | BftProcessorExecutor-QBFT-0 | INFO  | QbftBesuControllerBuilder | Produced #46 / 5 tx / 54 pending / 1,209,850 (0.0%) gas / (0x3218101e6cd7a5c3cd6a4bcee16613416646d59170a33f6884310ee8316568c9)
2026-10-07 09:02:15.620+00:00 | EthScheduler-Workers-0 | INFO  | PersistBlockTask | Block 47 (0xe0a81e8f6e8671328a373a4e590fd71dee58cfba0ce0bb71a0d4a5cbd71f14ec) is already imported
2026-10-07 09:02:15.620+00:00 | BftProcessorExecutor-QBFT-0 | INFO  | QbftBesuControllerBuilder | Imported #47 / 5 tx / 49 pending / 1,209,850 (0.0%) gas / (0xe0a81e8f6e8671328a373a4e590fd71dee58cfba0ce0bb71a0d4a5cbd71f14ec)
2026-10-07 09:02:17.552+00:00 | EthScheduler-Workers-0 | INFO  | PersistBlockTask | Block 48 (0x8326e000fb8d94b1c398ec4b9b31d4108a3f16b7f93423f64b8c4a9d412b79c5) is already imported
2026-10-07 09:02:17.553+00:00 | BftProcessorExecutor-QBFT-0 | INFO  | QbftBesuControllerBuilder | Imported #48 / 5 tx / 44 pending / 1,209,850 (0.0%) gas / (0x8326e000fb8d94b1c398ec4b9b31d4108a3f16b7f93423f64b8c4a9d412b79c5)
2026-10-07 09:02:19.511+00:00 | EthScheduler-Workers-0 | INFO  | PersistBlockTask | Block 49 (0x20cc55aa882739b5bd097637a595a6c4bfefd3b3a555a25a1cbe1d2b66e6e0ed) is already imported
2026-10-07 09:02:19.511+00:00 | BftProcessorExecutor-QBFT-0 | INFO  | QbftBesuControllerBuilder | Imported #49 / 4 tx / 40 pending / 967,880 (0.0%) gas / (0x20cc55aa882739b5bd097637a595a6c4bfefd3b3a555a25a1cbe1d2b66e6e0ed)
2026-10-07 09:02:21.457+00:00 | BftProcessorExecutor-QBFT-0 | INFO  | QbftBesuControllerBuilder | Imported #50 / 4 tx / 36 pending / 967,880 (0.0%) gas / (0x94f4a8fd9237484acc6c10483e26f9ca72fee155877be489a0c3e3d8edf10690)
2026-10-07 09:02:23.406+00:00 | EthScheduler-Workers-0 | INFO  | PersistBlockTask | Block 51 (0xe4f5dd372f2328b8ca3ada1d7d1db4414f1e6e2da30a8b5a2cbc09a73cdd2762) is already imported
2026-10-07 09:02:23.407+00:00 | BftProcessorExecutor-QBFT-0 | INFO  | QbftBesuControllerBuilder | Imported #51 / 4 tx / 32 pending / 967,880 (0.0%) gas / (0xe4f5dd372f2328b8ca3ada1d7d1db4414f1e6e2da30a8b5a2cbc09a73cdd2762)
2026-10-07 09:02:25.470+00:00 | BftProcessorExecutor-QBFT-0 | INFO  | QbftBesuControllerBuilder | Imported #52 / 4 tx / 28 pending / 967,880 (0.0%) gas / (0x0e880ac3e174d2690cfd4e1b1452c6f699f43650121e2b7238b916edd7b49953)
2026-10-07 09:02:27.546+00:00 | BftProcessorExecutor-QBFT-0 | INFO  | QbftBesuControllerBuilder | Imported #53 / 4 tx / 24 pending / 967,880 (0.0%) gas / (0x071a0ae40fe72f422a5f4d335a1bb811fdaccb5869cbaef9c328ffe36042eda2)
2026-10-07 09:02:29.619+00:00 | EthScheduler-Workers-0 | INFO  | PersistBlockTask | Block 54 (0xdd68b958143b8477e5c572042f52654f3182d5af28f8b01911000627f5c37c8b) is already imported
2026-10-07 09:02:29.624+00:00 | BftProcessorExecutor-QBFT-0 | INFO  | QbftBesuControllerBuilder | Imported #54 / 4 tx / 20 pending / 967,880 (0.0%) gas / (0xdd68b958143b8477e5c572042f52654f3182d5af28f8b01911000627f5c37c8b)
2026-10-07 09:02:31.521+00:00 | EthScheduler-Workers-0 | INFO  | PersistBlockTask | Block 55 (0x7e3ce346742d1255c786d777f353c5c116b5c2b19e33f59d5253d55a04a020b2) is already imported
2026-10-07 09:02:31.521+00:00 | BftProcessorExecutor-QBFT-0 | INFO  | QbftBesuControllerBuilder | Imported #55 / 4 tx / 16 pending / 967,880 (0.0%) gas / (0x7e3ce346742d1255c786d777f353c5c116b5c2b19e33f59d5253d55a04a020b2)
2026-10-07 09:02:33.488+00:00 | BftProcessorExecutor-QBFT-0 | INFO  | QbftBesuControllerBuilder | Imported #56 / 4 tx / 12 pending / 967,880 (0.0%) gas / (0xfeea4381d2714544c0b76684901f394b839b3b9cc93fc4e5705e9f0a1cc2f977)
2026-10-07 09:02:35.456+00:00 | BftProcessorExecutor-QBFT-0 | INFO  | QbftBesuControllerBuilder | Imported #57 / 4 tx / 8 pending / 967,880 (0.0%) gas / (0xc044a949234dac51461f05c6374799f8127185be37bed723b3429d4b05025c69)
2026-10-07 09:02:37.550+00:00 | EthScheduler-Workers-0 | INFO  | PersistBlockTask | Block 58 (0x51733bf1547f8da18b11bc8e796ec5df8fd659704961c7ba87f22ba60d781eeb) is already imported
2026-10-07 09:02:37.550+00:00 | BftProcessorExecutor-QBFT-0 | INFO  | QbftBesuControllerBuilder | Imported #58 / 4 tx / 4 pending / 967,880 (0.0%) gas / (0x51733bf1547f8da18b11bc8e796ec5df8fd659704961c7ba87f22ba60d781eeb)
2026-10-07 09:02:39.506+00:00 | EthScheduler-Workers-0 | INFO  | PersistBlockTask | Block 59 (0x014c77c0268005b4e06d4ee331fd3e7f6632beda1ae48fd60826368f13b38db9) is already imported
2026-10-07 09:02:39.506+00:00 | BftProcessorExecutor-QBFT-0 | INFO  | QbftBesuControllerBuilder | Imported #59 / 4 tx / 0 pending / 967,880 (0.0%) gas / (0x014c77c0268005b4e06d4ee331fd3e7f6632beda1ae48fd60826368f13b38db9)
2026-10-07 09:02:41.272+00:00 | EthScheduler-Workers-0 | INFO  | PersistBlockTask | Block 60 (0xcbb897450d46ada140ccda12d97bd96fb30d68c33e2c1fc003f9559db2199386) is already imported
2026-10-07 09:02:41.272+00:00 | BftProcessorExecutor-QBFT-0 | INFO  | QbftBesuControllerBuilder | Imported #60 / 0 tx / 0 pending / 0 (0.0%) gas / (0xcbb897450d46ada140ccda12d97bd96fb30d68c33e2c1fc003f9559db2199386)
2026-10-07 09:02:43.352+00:00 | BftProcessorExecutor-QBFT-0 | INFO  | QbftBesuControllerBuilder | Produced #61 / 1 tx / 7 pending / 153,650 (0.0%) gas / (0x2d15f302e18f6d3f8d14857d7f1f640a7617168bdfeb56da692b476077ed0d3c)
2026-10-07 09:02:45.294+00:00 | EthScheduler-Workers-0 | INFO  | PersistBlockTask | Block 62 (0x2a4a779550015a7306176d4827443fbf9e09f1e29e9c8ea2a3259a250f546fd5) is already imported
2026-10-07 09:02:45.294+00:00 | BftProcessorExecutor-QBFT-0 | INFO  | QbftBesuControllerBuilder | Imported #62 / 1 tx / 6 pending / 153,618 (0.0%) gas / (0x2a4a779550015a7306176d4827443fbf9e09f1e29e9c8ea2a3259a250f546fd5)
2026-10-07 09:02:47.344+00:00 | EthScheduler-Workers-0 | INFO  | PersistBlockTask | Block 63 (0xd6c5d5ed5cef2371307d2e89f961e602d473c5f5a971a0cf6df66a1059a28ea8) is already imported
2026-10-07 09:02:47.344+00:00 | BftProcessorExecutor-QBFT-0 | INFO  | QbftBesuControllerBuilder | Imported #63 / 1 tx / 5 pending / 153,638 (0.0%) gas / (0xd6c5d5ed5cef2371307d2e89f961e602d473c5f5a971a0cf6df66a1059a28ea8)
2026-10-07 09:02:49.346+00:00 | EthScheduler-Workers-0 | INFO  | PersistBlockTask | Block 64 (0x24bef7efeb9a67a55a399ed035e079ca895dc7bcaaf56aa244a9f384af9c757c) is already imported
2026-10-07 09:02:49.347+00:00 | BftProcessorExecutor-QBFT-0 | INFO  | QbftBesuControllerBuilder | Imported #64 / 1 tx / 4 pending / 153,638 (0.0%) gas / (0x24bef7efeb9a67a55a399ed035e079ca895dc7bcaaf56aa244a9f384af9c757c)
2026-10-07 09:02:51.296+00:00 | EthScheduler-Workers-0 | INFO  | PersistBlockTask | Block 65 (0x1892f53a5ce9e36194c6cdb4a1aa7bc999e5b57e17866db6920286bc6e2d2afa) is already imported
2026-10-07 09:02:51.297+00:00 | BftProcessorExecutor-QBFT-0 | INFO  | QbftBesuControllerBuilder | Imported #65 / 1 tx / 3 pending / 153,630 (0.0%) gas / (0x1892f53a5ce9e36194c6cdb4a1aa7bc999e5b57e17866db6920286bc6e2d2afa)
2026-10-07 09:02:53.321+00:00 | EthScheduler-Workers-0 | INFO  | PersistBlockTask | Block 66 (0x19011298898da85c470783890733a55178ee3534f197838f484fd6912addd34d) is already imported
2026-10-07 09:02:53.322+00:00 | BftProcessorExecutor-QBFT-0 | INFO  | QbftBesuControllerBuilder | Imported #66 / 1 tx / 2 pending / 153,650 (0.0%) gas / (0x19011298898da85c470783890733a55178ee3534f197838f484fd6912addd34d)
2026-10-07 09:02:55.318+00:00 | EthScheduler-Workers-0 | INFO  | PersistBlockTask | Block 67 (0x891d0baf5a134b6558eb1e0eb0aee10d719d3f7d27592ba2e9160242c614b0ea) is already imported
2026-10-07 09:02:55.319+00:00 | BftProcessorExecutor-QBFT-0 | INFO  | QbftBesuControllerBuilder | Imported #67 / 1 tx / 1 pending / 153,606 (0.0%) gas / (0x891d0baf5a134b6558eb1e0eb0aee10d719d3f7d27592ba2e9160242c614b0ea)
2026-10-07 09:02:57.316+00:00 | EthScheduler-Workers-0 | INFO  | PersistBlockTask | Block 68 (0x63a6aeeee5210c76422e406cb638aeb146fc06aaac90160d20a6c06437330a4d) is already imported
2026-10-07 09:02:57.316+00:00 | BftProcessorExecutor-QBFT-0 | INFO  | QbftBesuControllerBuilder | Imported #68 / 0 tx / 1 pending / 0 (0.0%) gas / (0x63a6aeeee5210c76422e406cb638aeb146fc06aaac90160d20a6c06437330a4d)
2026-10-07 09:02:59.296+00:00 | BftProcessorExecutor-QBFT-0 | INFO  | QbftBesuControllerBuilder | Imported #69 / 0 tx / 1 pending / 0 (0.0%) gas / (0xac30e0895d98e7d45c025c3e8ee7ae1d543c9bc3d208849aec17a9a0a6691f81)
2026-10-07 09:03:01.271+00:00 | BftProcessorExecutor-QBFT-0 | INFO  | QbftBesuControllerBuilder | Imported #70 / 0 tx / 1 pending / 0 (0.0%) gas / (0xcc31e01c5dcc1c735ea0126174f6e0e2e8495da4770712e83b6eab105a583985)
2026-10-07 09:03:01.273+00:00 | EthScheduler-Workers-0 | INFO  | PersistBlockTask | Block 70 (0xcc31e01c5dcc1c735ea0126174f6e0e2e8495da4770712e83b6eab105a583985) is already imported
2026-10-07 09:03:03.287+00:00 | BftProcessorExecutor-QBFT-0 | INFO  | QbftBesuControllerBuilder | Imported #71 / 0 tx / 1 pending / 0 (0.0%) gas / (0x6d5e4e510cbe46cdb71d1e426c03d9cca7ca9abf3027668ab4a9d45b22a2e314)
2026-10-07 09:03:05.324+00:00 | EthScheduler-Workers-0 | INFO  | PersistBlockTask | Block 72 (0x19fc09390d6c2d4fd28fcf8c4f7c4af4278e39db5885955c3d60505d7d0da242) is already imported
2026-10-07 09:03:05.324+00:00 | BftProcessorExecutor-QBFT-0 | INFO  | QbftBesuControllerBuilder | Imported #72 / 0 tx / 1 pending / 0 (0.0%) gas / (0x19fc09390d6c2d4fd28fcf8c4f7c4af4278e39db5885955c3d60505d7d0da242)
2026-10-07 09:03:07.310+00:00 | EthScheduler-Workers-0 | INFO  | PersistBlockTask | Block 73 (0x2585691e4578abde5391238dab4f4bb2ced7b21cfb9ac55fe71e8aad5cd79f43) is already imported
2026-10-07 09:03:07.311+00:00 | BftProcessorExecutor-QBFT-0 | INFO  | QbftBesuControllerBuilder | Imported #73 / 0 tx / 1 pending / 0 (0.0%) gas / (0x2585691e4578abde5391238dab4f4bb2ced7b21cfb9ac55fe71e8aad5cd79f43)
2026-10-07 09:03:09.301+00:00 | BftProcessorExecutor-QBFT-0 | INFO  | QbftBesuControllerBuilder | Imported #74 / 0 tx / 1 pending / 0 (0.0%) gas / (0xe7a8a2a36f5951a133c444d54606fcfd522f3358ff89b2880d2ae370673ff791)
2026-10-07 09:03:11.303+00:00 | BftProcessorExecutor-QBFT-0 | INFO  | QbftBesuControllerBuilder | Imported #75 / 1 tx / 0 pending / 153,630 (0.0%) gas / (0x3dea4a33778188321a8d3a7555845f88caec8f47cea86854ba93633be292d7dd)
2026-10-07 09:03:11.302+00:00 | EthScheduler-Workers-0 | INFO  | PersistBlockTask | Block 75 (0x3dea4a33778188321a8d3a7555845f88caec8f47cea86854ba93633be292d7dd) is already imported
2026-10-07 09:03:13.339+00:00 | BftProcessorExecutor-QBFT-0 | INFO  | QbftBesuControllerBuilder | Produced #76 / 3 tx / 61 pending / 725,910 (0.0%) gas / (0x99099e2bc8a1e331b4843e1344827ec5b8212a700b0b33b238eb85d687397a7a)
2026-10-07 09:03:15.492+00:00 | EthScheduler-Workers-0 | INFO  | PersistBlockTask | Block 77 (0x51a1c9aa9248109a9eb2b144dcca5efd3fdac84ffb6b72747a105afa7d9234f0) is already imported
2026-10-07 09:03:15.492+00:00 | BftProcessorExecutor-QBFT-0 | INFO  | QbftBesuControllerBuilder | Imported #77 / 5 tx / 56 pending / 1,209,850 (0.0%) gas / (0x51a1c9aa9248109a9eb2b144dcca5efd3fdac84ffb6b72747a105afa7d9234f0)
2026-10-07 09:03:17.500+00:00 | BftProcessorExecutor-QBFT-0 | INFO  | QbftBesuControllerBuilder | Imported #78 / 5 tx / 51 pending / 1,209,850 (0.0%) gas / (0x4921724e78c05d4a3c53ff27868825391798ac1793f317b6a852a81f6a62c1ab)
2026-10-07 09:03:19.529+00:00 | EthScheduler-Workers-0 | INFO  | PersistBlockTask | Block 79 (0x22261061a8c830639113c3d997227a997ba4247b40038526bb7b15ce605d7f00) is already imported
2026-10-07 09:03:19.529+00:00 | BftProcessorExecutor-QBFT-0 | INFO  | QbftBesuControllerBuilder | Imported #79 / 4 tx / 47 pending / 967,880 (0.0%) gas / (0x22261061a8c830639113c3d997227a997ba4247b40038526bb7b15ce605d7f00)
2026-10-07 09:03:21.521+00:00 | EthScheduler-Workers-0 | INFO  | PersistBlockTask | Block 80 (0x5fa6823c067cecf9dec4a69d6d0fe824c95688fea1504b0f9cbf4287d59eae47) is already imported
2026-10-07 09:03:21.521+00:00 | BftProcessorExecutor-QBFT-0 | INFO  | QbftBesuControllerBuilder | Imported #80 / 4 tx / 43 pending / 967,880 (0.0%) gas / (0x5fa6823c067cecf9dec4a69d6d0fe824c95688fea1504b0f9cbf4287d59eae47)
2026-10-07 09:03:23.485+00:00 | BftProcessorExecutor-QBFT-0 | INFO  | QbftBesuControllerBuilder | Imported #81 / 4 tx / 39 pending / 967,880 (0.0%) gas / (0xb71186fadc8dea23346a81d51f3d361489d8ae8c41d72c0fffc4ec234528820a)
2026-10-07 09:03:23.485+00:00 | EthScheduler-Workers-0 | INFO  | PersistBlockTask | Block 81 (0xb71186fadc8dea23346a81d51f3d361489d8ae8c41d72c0fffc4ec234528820a) is already imported
2026-10-07 09:03:25.472+00:00 | BftProcessorExecutor-QBFT-0 | INFO  | QbftBesuControllerBuilder | Imported #82 / 4 tx / 35 pending / 967,880 (0.0%) gas / (0x9ef9a9c5796ac7e71c7435f471732384e4df8cf56dbadb82dcaa69fa73f68a45)
2026-10-07 09:03:27.515+00:00 | EthScheduler-Workers-0 | INFO  | PersistBlockTask | Block 83 (0x47efcc5f0424c596499eae2781b290bc02434780fe1a14d62932d66a92b9bad7) is already imported
2026-10-07 09:03:27.515+00:00 | BftProcessorExecutor-QBFT-0 | INFO  | QbftBesuControllerBuilder | Imported #83 / 4 tx / 31 pending / 967,880 (0.0%) gas / (0x47efcc5f0424c596499eae2781b290bc02434780fe1a14d62932d66a92b9bad7)
2026-10-07 09:03:29.504+00:00 | EthScheduler-Workers-0 | INFO  | PersistBlockTask | Block 84 (0xf0fd419ea43f1102fc242f40bbf47a9eb639762866645886bae01de43b13e663) is already imported
2026-10-07 09:03:29.504+00:00 | BftProcessorExecutor-QBFT-0 | INFO  | QbftBesuControllerBuilder | Imported #84 / 4 tx / 27 pending / 967,880 (0.0%) gas / (0xf0fd419ea43f1102fc242f40bbf47a9eb639762866645886bae01de43b13e663)
2026-10-07 09:03:31.427+00:00 | BftProcessorExecutor-QBFT-0 | INFO  | QbftBesuControllerBuilder | Imported #85 / 4 tx / 23 pending / 967,880 (0.0%) gas / (0xf7285ebd38b0510cd842486ec243d3e682e12f0dc955f29ea5074303223b5abb)
2026-10-07 09:03:33.470+00:00 | EthScheduler-Workers-0 | INFO  | PersistBlockTask | Block 86 (0x8861a72e4bfe6b101446162f00a2fcabf9e7e3e9b11b5674d731ce3526d75878) is already imported
2026-10-07 09:03:33.470+00:00 | BftProcessorExecutor-QBFT-0 | INFO  | QbftBesuControllerBuilder | Imported #86 / 4 tx / 19 pending / 967,880 (0.0%) gas / (0x8861a72e4bfe6b101446162f00a2fcabf9e7e3e9b11b5674d731ce3526d75878)
2026-10-07 09:03:35.498+00:00 | BftProcessorExecutor-QBFT-0 | INFO  | QbftBesuControllerBuilder | Imported #87 / 4 tx / 15 pending / 967,880 (0.0%) gas / (0xb784d2a3ab4cf079fb16d1cc7f2c3c6441c16e87ecfbcf8456c337859832685f)
2026-10-07 09:03:35.498+00:00 | EthScheduler-Workers-0 | INFO  | PersistBlockTask | Block 87 (0xb784d2a3ab4cf079fb16d1cc7f2c3c6441c16e87ecfbcf8456c337859832685f) is already imported
2026-10-07 09:03:37.439+00:00 | BftProcessorExecutor-QBFT-0 | INFO  | QbftBesuControllerBuilder | Imported #88 / 4 tx / 11 pending / 967,880 (0.0%) gas / (0xd1cd300d4613a159ac4f3c079e52a7a675230326dbaed9515cdd5c7ca7a6dd9b)
2026-10-07 09:03:39.522+00:00 | EthScheduler-Workers-0 | INFO  | PersistBlockTask | Block 89 (0xaafcb15c990d9706b3dd3957e5e5b24d1d4ee402c082c14fb585d540ce08f423) is already imported
2026-10-07 09:03:39.522+00:00 | BftProcessorExecutor-QBFT-0 | INFO  | QbftBesuControllerBuilder | Imported #89 / 4 tx / 7 pending / 967,880 (0.0%) gas / (0xaafcb15c990d9706b3dd3957e5e5b24d1d4ee402c082c14fb585d540ce08f423)
2026-10-07 09:03:41.569+00:00 | EthScheduler-Workers-0 | INFO  | PersistBlockTask | Block 90 (0xc0733fe0c5a86b5dbcbe9600e4c89037de5a83990d841b94b8953317f236c76f) is already imported
2026-10-07 09:03:41.569+00:00 | BftProcessorExecutor-QBFT-0 | INFO  | QbftBesuControllerBuilder | Imported #90 / 5 tx / 2 pending / 1,209,850 (0.0%) gas / (0xc0733fe0c5a86b5dbcbe9600e4c89037de5a83990d841b94b8953317f236c76f)
2026-10-07 09:03:43.414+00:00 | EthScheduler-Workers-0 | INFO  | PersistBlockTask | Block 91 (0x41b869ae3b5825b72b0f8c03ddb73364c82d9964cdcc12cb117c8a07e9ad7f95) is already imported
2026-10-07 09:03:43.414+00:00 | BftProcessorExecutor-QBFT-0 | INFO  | QbftBesuControllerBuilder | Produced #91 / 2 tx / 0 pending / 483,940 (0.0%) gas / (0x41b869ae3b5825b72b0f8c03ddb73364c82d9964cdcc12cb117c8a07e9ad7f95)
2026-10-07 09:03:45.281+00:00 | BftProcessorExecutor-QBFT-0 | INFO  | QbftBesuControllerBuilder | Imported #92 / 0 tx / 0 pending / 0 (0.0%) gas / (0x8a5f8a476c65ae760bcea6075aef14c0d5d366799ce23ef7f75401ebd55d934e)
2026-10-07 09:03:47.339+00:00 | BftProcessorExecutor-QBFT-0 | INFO  | QbftBesuControllerBuilder | Imported #93 / 1 tx / 7 pending / 153,650 (0.0%) gas / (0x6beb87f9a9887602f6cfeb6e5bebc35d466d68963c05ab5a15e3ae831b49c37b)
2026-10-07 09:03:49.326+00:00 | BftProcessorExecutor-QBFT-0 | INFO  | QbftBesuControllerBuilder | Imported #94 / 1 tx / 6 pending / 153,630 (0.0%) gas / (0x0b0ccc3f132578bcb03be37c3e7ff8a557010b7d6e2832bbe97b841a87285305)
2026-10-07 09:03:51.272+00:00 | BftProcessorExecutor-QBFT-0 | INFO  | QbftBesuControllerBuilder | Imported #95 / 1 tx / 5 pending / 153,638 (0.0%) gas / (0xaaa498be39a3c3e12e91d66ccd09036c524b5a6413c592275c6f403d0a44cc04)
2026-10-07 09:03:53.297+00:00 | BftProcessorExecutor-QBFT-0 | INFO  | QbftBesuControllerBuilder | Imported #96 / 1 tx / 4 pending / 153,650 (0.0%) gas / (0x5ee2827c623a85ef0c6eb3a28888a58170dac056c230ec49ce157d39369b8e61)
2026-10-07 09:03:55.334+00:00 | EthScheduler-Workers-0 | INFO  | PersistBlockTask | Block 97 (0xee336e854b1a223c93307cfe821b71ef440f8110670cf9233f553b6ffadd9e6c) is already imported
2026-10-07 09:03:55.335+00:00 | BftProcessorExecutor-QBFT-0 | INFO  | QbftBesuControllerBuilder | Imported #97 / 1 tx / 3 pending / 153,630 (0.0%) gas / (0xee336e854b1a223c93307cfe821b71ef440f8110670cf9233f553b6ffadd9e6c)
2026-10-07 09:03:57.299+00:00 | BftProcessorExecutor-QBFT-0 | INFO  | QbftBesuControllerBuilder | Imported #98 / 0 tx / 3 pending / 0 (0.0%) gas / (0x0846b0ef88513f229fe9f316e65ba525ce03961641889a18b3158aec841b62c2)
2026-10-07 09:03:59.311+00:00 | BftProcessorExecutor-QBFT-0 | INFO  | QbftBesuControllerBuilder | Imported #99 / 0 tx / 3 pending / 0 (0.0%) gas / (0x8f5fd039153e9b32d543cb4854bd197d15ccdb9f7bd930b725f8f64c56df9cb6)
2026-10-07 09:04:01.261+00:00 | BftProcessorExecutor-QBFT-0 | INFO  | QbftBesuControllerBuilder | Imported #100 / 0 tx / 3 pending / 0 (0.0%) gas / (0x2faeb6ea49ffd6803766d8c4ae2e220aab7e368e0edb10ee882117a3a7e3b6a8)
2026-10-07 09:04:03.290+00:00 | BftProcessorExecutor-QBFT-0 | INFO  | QbftBesuControllerBuilder | Imported #101 / 0 tx / 3 pending / 0 (0.0%) gas / (0xe13144a1556033265a7ae5bb0b2bd7bfa7654adae18f05d69963d60537f3046c)
2026-10-07 09:04:05.277+00:00 | BftProcessorExecutor-QBFT-0 | INFO  | QbftBesuControllerBuilder | Imported #102 / 0 tx / 3 pending / 0 (0.0%) gas / (0x54925f5a66cf34430e2c95e14bc545bf86def6dfa316ad9973ecd6dc8a482daf)
2026-10-07 09:04:07.304+00:00 | BftProcessorExecutor-QBFT-0 | INFO  | QbftBesuControllerBuilder | Imported #103 / 0 tx / 3 pending / 0 (0.0%) gas / (0x9ba516e36a4afbeee5a2a7b6a091bd7553b668fba2653f33f7ab5373aa9b7c10)
2026-10-07 09:04:09.295+00:00 | BftProcessorExecutor-QBFT-0 | INFO  | QbftBesuControllerBuilder | Imported #104 / 0 tx / 3 pending / 0 (0.0%) gas / (0xec52b1caf505cdb52c224ceaf52d1df57c978d11b4153782d79bd783d3e58507)
2026-10-07 09:04:11.295+00:00 | BftProcessorExecutor-QBFT-0 | INFO  | QbftBesuControllerBuilder | Imported #105 / 1 tx / 2 pending / 153,650 (0.0%) gas / (0xa2eef6db87e6e61851e1223cf409ff45982c9123c5f047ec1ec9d410e085d55e)
2026-10-07 09:04:11.297+00:00 | EthScheduler-Workers-0 | INFO  | PersistBlockTask | Block 105 (0xa2eef6db87e6e61851e1223cf409ff45982c9123c5f047ec1ec9d410e085d55e) is already imported
2026-10-07 09:04:13.292+00:00 | BftProcessorExecutor-QBFT-0 | INFO  | QbftBesuControllerBuilder | Produced #106 / 1 tx / 1 pending / 153,618 (0.0%) gas / (0xff48f34f1dfdfd962a630a502d4e5aeec9dfba2448579504116f478cdc9bf7f8)
2026-10-07 09:04:15.312+00:00 | BftProcessorExecutor-QBFT-0 | INFO  | QbftBesuControllerBuilder | Imported #107 / 1 tx / 0 pending / 153,638 (0.0%) gas / (0xb397e85a01cc30382edcf803ef663d5c24a6b36e8e57571d14dc2a29f059e950)
2026-10-07 09:04:17.298+00:00 | BftProcessorExecutor-QBFT-0 | INFO  | QbftBesuControllerBuilder | Imported #108 / 0 tx / 46 pending / 0 (0.0%) gas / (0x3625a404115ed7a39b8c376e90e6f4b26f13a3496faa4d5ac42afe25e66ebd90)
2026-10-07 09:04:19.621+00:00 | EthScheduler-Workers-0 | INFO  | PersistBlockTask | Block 109 (0x4d339b9e9088377bce503a643243d0b12b93f093793d0711e5175b56b9d5f72d) is already imported
2026-10-07 09:04:19.622+00:00 | BftProcessorExecutor-QBFT-0 | INFO  | QbftBesuControllerBuilder | Imported #109 / 4 tx / 60 pending / 967,880 (0.0%) gas / (0x4d339b9e9088377bce503a643243d0b12b93f093793d0711e5175b56b9d5f72d)
2026-10-07 09:04:21.459+00:00 | EthScheduler-Workers-0 | INFO  | PersistBlockTask | Block 110 (0x36eeece7dd463a28dcdc4003ffef03f5cf7ec5d2275be905de069c95af39bd9d) is already imported
2026-10-07 09:04:21.459+00:00 | BftProcessorExecutor-QBFT-0 | INFO  | QbftBesuControllerBuilder | Imported #110 / 4 tx / 56 pending / 967,880 (0.0%) gas / (0x36eeece7dd463a28dcdc4003ffef03f5cf7ec5d2275be905de069c95af39bd9d)
2026-10-07 09:04:23.484+00:00 | BftProcessorExecutor-QBFT-0 | INFO  | QbftBesuControllerBuilder | Imported #111 / 4 tx / 52 pending / 967,880 (0.0%) gas / (0x267db8db42aef63e50b8b23af92ff15fad3ed9540bf148050be18a711ec24da2)
2026-10-07 09:04:23.484+00:00 | EthScheduler-Workers-0 | INFO  | PersistBlockTask | Block 111 (0x267db8db42aef63e50b8b23af92ff15fad3ed9540bf148050be18a711ec24da2) is already imported
2026-10-07 09:04:25.525+00:00 | BftProcessorExecutor-QBFT-0 | INFO  | QbftBesuControllerBuilder | Imported #112 / 4 tx / 48 pending / 967,880 (0.0%) gas / (0x157388f0780890585cef9c9f9c5347bad2a714f9fa201268cc6b15806eca331f)
2026-10-07 09:04:25.527+00:00 | EthScheduler-Workers-0 | INFO  | PersistBlockTask | Block 112 (0x157388f0780890585cef9c9f9c5347bad2a714f9fa201268cc6b15806eca331f) is already imported
2026-10-07 09:04:27.466+00:00 | BftProcessorExecutor-QBFT-0 | INFO  | QbftBesuControllerBuilder | Imported #113 / 4 tx / 44 pending / 967,880 (0.0%) gas / (0x28491b544dbb5e35726ed9c66da2d52709e170c9ba8fea2cefb52676529b5502)
2026-10-07 09:04:29.540+00:00 | EthScheduler-Workers-0 | INFO  | PersistBlockTask | Block 114 (0x526da444555a61ed9bf55d942b4240d65e52303ee9a1087daf30a7d20039cdb0) is already imported
2026-10-07 09:04:29.540+00:00 | BftProcessorExecutor-QBFT-0 | INFO  | QbftBesuControllerBuilder | Imported #114 / 4 tx / 40 pending / 967,880 (0.0%) gas / (0x526da444555a61ed9bf55d942b4240d65e52303ee9a1087daf30a7d20039cdb0)
2026-10-07 09:04:31.456+00:00 | BftProcessorExecutor-QBFT-0 | INFO  | QbftBesuControllerBuilder | Imported #115 / 4 tx / 36 pending / 967,880 (0.0%) gas / (0x26b2d43c6243fcd590b435acfb42cecc9c2cd88ef48d97b009d8dc6919282283)
2026-10-07 09:04:33.465+00:00 | BftProcessorExecutor-QBFT-0 | INFO  | QbftBesuControllerBuilder | Imported #116 / 4 tx / 32 pending / 967,880 (0.0%) gas / (0xa6782d3c8853b9d3d3f6bc319bc4fc5a86e325c4b64017fc5d098dcf0978a21a)
2026-10-07 09:04:35.480+00:00 | BftProcessorExecutor-QBFT-0 | INFO  | QbftBesuControllerBuilder | Imported #117 / 4 tx / 28 pending / 967,880 (0.0%) gas / (0xbbb057af32247edfde1688462163a0dacd912a8bec28f9b54efeebe42065888f)
2026-10-07 09:04:37.464+00:00 | BftProcessorExecutor-QBFT-0 | INFO  | QbftBesuControllerBuilder | Imported #118 / 4 tx / 24 pending / 967,880 (0.0%) gas / (0x2c84e5192f7d056c75fb48df479077816df008d32b575aae14f42317ea89608f)
2026-10-07 09:04:39.545+00:00 | EthScheduler-Workers-0 | INFO  | PersistBlockTask | Block 119 (0x089e7883742b673263bd250ba8321ec69a063af1ba4e2c70028c0a6e67417d9b) is already imported
2026-10-07 09:04:39.545+00:00 | BftProcessorExecutor-QBFT-0 | INFO  | QbftBesuControllerBuilder | Imported #119 / 4 tx / 20 pending / 967,880 (0.0%) gas / (0x089e7883742b673263bd250ba8321ec69a063af1ba4e2c70028c0a6e67417d9b)
2026-10-07 09:04:41.559+00:00 | BftProcessorExecutor-QBFT-0 | INFO  | QbftBesuControllerBuilder | Imported #120 / 5 tx / 15 pending / 1,209,850 (0.0%) gas / (0x5383ffc54cbf40335a1a5366c5ab7f6e9d4cdacc68290696462e6c7c50786565)
2026-10-07 09:04:43.577+00:00 | BftProcessorExecutor-QBFT-0 | INFO  | QbftBesuControllerBuilder | Produced #121 / 5 tx / 10 pending / 1,209,850 (0.0%) gas / (0x61681a1b4e5e12464fc90feafaaaa7f2a2cab24ee0ccce2d17e995ba0f667700)
2026-10-07 09:04:43.577+00:00 | EthScheduler-Workers-0 | INFO  | PersistBlockTask | Block 121 (0x61681a1b4e5e12464fc90feafaaaa7f2a2cab24ee0ccce2d17e995ba0f667700) is already imported
2026-10-07 09:04:45.528+00:00 | EthScheduler-Workers-0 | INFO  | PersistBlockTask | Block 122 (0xfb29d6dc4f23fb217fcff21a635a69bff17c7dc6ec1d6f03a273010fa8c91d10) is already imported
2026-10-07 09:04:45.528+00:00 | BftProcessorExecutor-QBFT-0 | INFO  | QbftBesuControllerBuilder | Imported #122 / 5 tx / 5 pending / 1,209,850 (0.0%) gas / (0xfb29d6dc4f23fb217fcff21a635a69bff17c7dc6ec1d6f03a273010fa8c91d10)
2026-10-07 09:04:47.547+00:00 | BftProcessorExecutor-QBFT-0 | INFO  | QbftBesuControllerBuilder | Imported #123 / 5 tx / 0 pending / 1,209,850 (0.0%) gas / (0xf9d8df670a003296bf5a659945a04ede27b1a0c85ac6fa8ea48bcc73298c74d5)
2026-10-07 09:04:49.288+00:00 | BftProcessorExecutor-QBFT-0 | INFO  | QbftBesuControllerBuilder | Imported #124 / 0 tx / 0 pending / 0 (0.0%) gas / (0xcc8d9e74baa740b45e0b9ac9e67d23e19d5d24f542098b77d33b7650d116d75d)
2026-10-07 09:04:51.289+00:00 | BftProcessorExecutor-QBFT-0 | INFO  | QbftBesuControllerBuilder | Imported #125 / 1 tx / 7 pending / 153,606 (0.0%) gas / (0x61bcae11add60a0e247fdddf5166bb3065b79079bfcf85d439c760a0f3ffe258)
2026-10-07 09:04:53.310+00:00 | EthScheduler-Workers-0 | INFO  | PersistBlockTask | Block 126 (0x8bd4f318f50ed9245b78e7d4231405a941ae309c128b27e38aaba19cb3ccd223) is already imported
2026-10-07 09:04:53.311+00:00 | BftProcessorExecutor-QBFT-0 | INFO  | QbftBesuControllerBuilder | Imported #126 / 1 tx / 6 pending / 153,630 (0.0%) gas / (0x8bd4f318f50ed9245b78e7d4231405a941ae309c128b27e38aaba19cb3ccd223)
2026-10-07 09:04:55.316+00:00 | EthScheduler-Workers-0 | INFO  | PersistBlockTask | Block 127 (0x9c74940fae89c1afa912bd08544dd83795ef72d9c64001c488f9b8a349b1555a) is already imported
2026-10-07 09:04:55.320+00:00 | BftProcessorExecutor-QBFT-0 | INFO  | QbftBesuControllerBuilder | Imported #127 / 1 tx / 5 pending / 153,650 (0.0%) gas / (0x9c74940fae89c1afa912bd08544dd83795ef72d9c64001c488f9b8a349b1555a)
2026-10-07 09:04:57.329+00:00 | BftProcessorExecutor-QBFT-0 | INFO  | QbftBesuControllerBuilder | Imported #128 / 0 tx / 5 pending / 0 (0.0%) gas / (0x75305de3ee78c022e407605955e9ea63f627fce7a984f5fe8305842e69e7af0c)
2026-10-07 09:04:59.315+00:00 | BftProcessorExecutor-QBFT-0 | INFO  | QbftBesuControllerBuilder | Imported #129 / 0 tx / 5 pending / 0 (0.0%) gas / (0x2abb2a5e55b800f58f8383bca84f83a8d3588033f00e37ea8da9770eb9c6b366)
2026-10-07 09:05:01.282+00:00 | BftProcessorExecutor-QBFT-0 | INFO  | QbftBesuControllerBuilder | Imported #130 / 0 tx / 5 pending / 0 (0.0%) gas / (0x95535a86247407ba3eb4b6b9b9e62d7e760c959270ef9be22f549cf6999765fe)
2026-10-07 09:05:03.288+00:00 | BftProcessorExecutor-QBFT-0 | INFO  | QbftBesuControllerBuilder | Imported #131 / 0 tx / 5 pending / 0 (0.0%) gas / (0x05a734b2a657a78b8a2f63fdf1f90fb7f206d4c8208877bb085bc34dde8b7805)
2026-10-07 09:05:05.322+00:00 | BftProcessorExecutor-QBFT-0 | INFO  | QbftBesuControllerBuilder | Imported #132 / 0 tx / 5 pending / 0 (0.0%) gas / (0x523824e782f52a13495e26f4ee95583c0342d35e8e5ca6d3ce228fe98afd5a6b)
2026-10-07 09:05:07.288+00:00 | BftProcessorExecutor-QBFT-0 | INFO  | QbftBesuControllerBuilder | Imported #133 / 0 tx / 5 pending / 0 (0.0%) gas / (0x71d492f7513cbcd4ee62ca4c6fa5670d843eb2375bfb54efcda4f37412ae7825)
2026-10-07 09:05:09.305+00:00 | BftProcessorExecutor-QBFT-0 | INFO  | QbftBesuControllerBuilder | Imported #134 / 0 tx / 5 pending / 0 (0.0%) gas / (0x43af7fa98c53be1c194e778f5141c3f42676ff17734ebe5b9efdaec4aeebc769)
2026-10-07 09:05:11.296+00:00 | BftProcessorExecutor-QBFT-0 | INFO  | QbftBesuControllerBuilder | Imported #135 / 1 tx / 4 pending / 153,630 (0.0%) gas / (0x9eb10e845737ce444eeeeacc1355cd0fa5e6e5342868cee40fc0b25c6b642f2f)
2026-10-07 09:05:11.298+00:00 | EthScheduler-Workers-0 | INFO  | PersistBlockTask | Block 135 (0x9eb10e845737ce444eeeeacc1355cd0fa5e6e5342868cee40fc0b25c6b642f2f) is already imported
2026-10-07 09:05:13.297+00:00 | BftProcessorExecutor-QBFT-0 | INFO  | QbftBesuControllerBuilder | Produced #136 / 1 tx / 3 pending / 153,638 (0.0%) gas / (0x096c7ae858f79711857451eb154edc8cdc396d9e367427bdb992a6cc6ddac839)
2026-10-07 09:05:13.300+00:00 | EthScheduler-Workers-0 | INFO  | PersistBlockTask | Block 136 (0x096c7ae858f79711857451eb154edc8cdc396d9e367427bdb992a6cc6ddac839) is already imported
2026-10-07 09:05:15.298+00:00 | BftProcessorExecutor-QBFT-0 | INFO  | QbftBesuControllerBuilder | Imported #137 / 1 tx / 2 pending / 153,650 (0.0%) gas / (0xd34f7a80e01154a9679bee6004a2c27b90fe99c3f5c27eee330213123facbd2c)
2026-10-07 09:05:17.360+00:00 | EthScheduler-Workers-0 | INFO  | PersistBlockTask | Block 138 (0x38a36e335521b16cf64f16a7a06f01a1533d1ebe2ed5db090ec9f68242ebbbca) is already imported
2026-10-07 09:05:17.361+00:00 | BftProcessorExecutor-QBFT-0 | INFO  | QbftBesuControllerBuilder | Imported #138 / 1 tx / 1 pending / 153,650 (0.0%) gas / (0x38a36e335521b16cf64f16a7a06f01a1533d1ebe2ed5db090ec9f68242ebbbca)
2026-10-07 09:05:19.322+00:00 | BftProcessorExecutor-QBFT-0 | INFO  | QbftBesuControllerBuilder | Imported #139 / 1 tx / 0 pending / 153,650 (0.0%) gas / (0x6e107d6455539e7bb0a3856eaeece7a7596e0b336d8a10c37addd4abc00f8373)
2026-10-07 09:05:21.313+00:00 | BftProcessorExecutor-QBFT-0 | INFO  | QbftBesuControllerBuilder | Imported #140 / 4 tx / 60 pending / 967,880 (0.0%) gas / (0xc4a49d27a5c63f06d8698d98a017b146741332ef332bd248e8b181f6f39f4249)
2026-10-07 09:05:23.518+00:00 | EthScheduler-Workers-0 | INFO  | PersistBlockTask | Block 141 (0xcbbced49b95c22477f32a8da7a61fe161dc16661cd3cd58270830e644b0547f0) is already imported
2026-10-07 09:05:23.518+00:00 | BftProcessorExecutor-QBFT-0 | INFO  | QbftBesuControllerBuilder | Imported #141 / 4 tx / 56 pending / 967,880 (0.0%) gas / (0xcbbced49b95c22477f32a8da7a61fe161dc16661cd3cd58270830e644b0547f0)
2026-10-07 09:05:25.437+00:00 | BftProcessorExecutor-QBFT-0 | INFO  | QbftBesuControllerBuilder | Imported #142 / 4 tx / 52 pending / 967,880 (0.0%) gas / (0xf1935d25e71d1a15d131ef813dc10f7519fc0b3b0cabe78fbaeb893860693304)
2026-10-07 09:05:27.514+00:00 | EthScheduler-Workers-0 | INFO  | PersistBlockTask | Block 143 (0x260b219e1090ba99ec7561702d5f839fa4c49961706d5b9c998216c3e0e33d45) is already imported
2026-10-07 09:05:27.514+00:00 | BftProcessorExecutor-QBFT-0 | INFO  | QbftBesuControllerBuilder | Imported #143 / 4 tx / 48 pending / 967,880 (0.0%) gas / (0x260b219e1090ba99ec7561702d5f839fa4c49961706d5b9c998216c3e0e33d45)
2026-10-07 09:05:29.513+00:00 | BftProcessorExecutor-QBFT-0 | INFO  | QbftBesuControllerBuilder | Imported #144 / 4 tx / 44 pending / 967,880 (0.0%) gas / (0x1bf61ce1e18adcd152a28ffdd9854c4ebfc0099fcfd8bcd223f5643a6a32d1c7)
2026-10-07 09:05:29.513+00:00 | EthScheduler-Workers-0 | INFO  | PersistBlockTask | Block 144 (0x1bf61ce1e18adcd152a28ffdd9854c4ebfc0099fcfd8bcd223f5643a6a32d1c7) is already imported
2026-10-07 09:05:31.418+00:00 | BftProcessorExecutor-QBFT-0 | INFO  | QbftBesuControllerBuilder | Imported #145 / 4 tx / 40 pending / 967,880 (0.0%) gas / (0x77bbd2ac1012d8d4ec370ad6361b6072178ee971a89c4377e53417674d572202)
2026-10-07 09:05:33.480+00:00 | EthScheduler-Workers-0 | INFO  | PersistBlockTask | Block 146 (0x496345b60a75c3740506465b1d8cfc92ad7bea152d6a147ce316a82f0d477381) is already imported
2026-10-07 09:05:33.481+00:00 | BftProcessorExecutor-QBFT-0 | INFO  | QbftBesuControllerBuilder | Imported #146 / 4 tx / 36 pending / 967,880 (0.0%) gas / (0x496345b60a75c3740506465b1d8cfc92ad7bea152d6a147ce316a82f0d477381)
2026-10-07 09:05:35.528+00:00 | BftProcessorExecutor-QBFT-0 | INFO  | QbftBesuControllerBuilder | Imported #147 / 4 tx / 36 pending / 967,880 (0.0%) gas / (0x272112c3390d4b9a1f6eac33451d53725aff0c73a1476cb8758544d23bba9012)
2026-10-07 09:05:35.529+00:00 | EthScheduler-Workers-0 | INFO  | PersistBlockTask | Block 147 (0x272112c3390d4b9a1f6eac33451d53725aff0c73a1476cb8758544d23bba9012) is already imported
2026-10-07 09:05:37.538+00:00 | EthScheduler-Workers-0 | INFO  | PersistBlockTask | Block 148 (0xcb491e624765033532478307addae25af28a94f7de8015bd582d8d19442dad1a) is already imported
2026-10-07 09:05:37.538+00:00 | BftProcessorExecutor-QBFT-0 | INFO  | QbftBesuControllerBuilder | Imported #148 / 4 tx / 28 pending / 967,880 (0.0%) gas / (0xcb491e624765033532478307addae25af28a94f7de8015bd582d8d19442dad1a)
2026-10-07 09:05:39.563+00:00 | EthScheduler-Workers-0 | INFO  | PersistBlockTask | Block 149 (0xaaf0ea677d4c960a7aa6370688142a4aae632416e530482e76747bc72e3c305f) is already imported
2026-10-07 09:05:39.563+00:00 | BftProcessorExecutor-QBFT-0 | INFO  | QbftBesuControllerBuilder | Imported #149 / 4 tx / 24 pending / 967,880 (0.0%) gas / (0xaaf0ea677d4c960a7aa6370688142a4aae632416e530482e76747bc72e3c305f)
2026-10-07 09:05:41.474+00:00 | EthScheduler-Workers-0 | INFO  | PersistBlockTask | Block 150 (0xc7b1bff37062bef007db71659c547475dc8f796b7a1f73b792adc8bc09cf9468) is already imported
2026-10-07 09:05:41.474+00:00 | BftProcessorExecutor-QBFT-0 | INFO  | QbftBesuControllerBuilder | Imported #150 / 5 tx / 19 pending / 1,209,850 (0.0%) gas / (0xc7b1bff37062bef007db71659c547475dc8f796b7a1f73b792adc8bc09cf9468)
2026-10-07 09:05:43.494+00:00 | EthScheduler-Workers-0 | INFO  | PersistBlockTask | Block 151 (0x886b22b80ac6d18fab7bfb4e80c53b14bc482dc348a64b6c248ea3e8acd585b8) is already imported
2026-10-07 09:05:43.494+00:00 | BftProcessorExecutor-QBFT-0 | INFO  | QbftBesuControllerBuilder | Produced #151 / 5 tx / 14 pending / 1,209,850 (0.0%) gas / (0x886b22b80ac6d18fab7bfb4e80c53b14bc482dc348a64b6c248ea3e8acd585b8)
2026-10-07 09:05:45.483+00:00 | BftProcessorExecutor-QBFT-0 | INFO  | QbftBesuControllerBuilder | Imported #152 / 5 tx / 9 pending / 1,209,850 (0.0%) gas / (0xe6572a1c08b8bc43819a6b28e3782e703bd6255a01af60915fb2f1ecc0c95eec)
2026-10-07 09:05:45.483+00:00 | EthScheduler-Workers-0 | INFO  | PersistBlockTask | Block 152 (0xe6572a1c08b8bc43819a6b28e3782e703bd6255a01af60915fb2f1ecc0c95eec) is already imported
2026-10-07 09:05:47.532+00:00 | BftProcessorExecutor-QBFT-0 | INFO  | QbftBesuControllerBuilder | Imported #153 / 5 tx / 4 pending / 1,209,850 (0.0%) gas / (0x0c407554f6043c1731bf17ac12602bc100ffad2e2fde49c59cad5cab56f8cb0d)
2026-10-07 09:05:49.530+00:00 | EthScheduler-Workers-0 | INFO  | PersistBlockTask | Block 154 (0x3d2c8af3d1716bbd48c79829d13c6368c04bceab6f326cea46a07d91159a2861) is already imported
2026-10-07 09:05:49.531+00:00 | BftProcessorExecutor-QBFT-0 | INFO  | QbftBesuControllerBuilder | Imported #154 / 4 tx / 0 pending / 967,880 (0.0%) gas / (0x3d2c8af3d1716bbd48c79829d13c6368c04bceab6f326cea46a07d91159a2861)
2026-10-07 09:05:51.257+00:00 | BftProcessorExecutor-QBFT-0 | INFO  | QbftBesuControllerBuilder | Imported #155 / 0 tx / 6 pending / 0 (0.0%) gas / (0x4cf27625e3c8b5a82acc456f5b060d3aebd3ed0c45ddf233f22be823b75be178)
2026-10-07 09:05:53.293+00:00 | EthScheduler-Workers-0 | INFO  | PersistBlockTask | Block 156 (0x5af4ba767ebd2c1ca9bfc4b030b1b8727575d6e2d02be876662b5cb72ba4f4ce) is already imported
2026-10-07 09:05:53.294+00:00 | BftProcessorExecutor-QBFT-0 | INFO  | QbftBesuControllerBuilder | Imported #156 / 1 tx / 7 pending / 153,638 (0.0%) gas / (0x5af4ba767ebd2c1ca9bfc4b030b1b8727575d6e2d02be876662b5cb72ba4f4ce)
2026-10-07 09:05:55.272+00:00 | BftProcessorExecutor-QBFT-0 | INFO  | QbftBesuControllerBuilder | Imported #157 / 1 tx / 6 pending / 153,630 (0.0%) gas / (0x18d0fd257394257c2240a071d20fe3a0e9ac301ee7fb329cf9983b325209d8c1)
2026-10-07 09:05:57.283+00:00 | BftProcessorExecutor-QBFT-0 | INFO  | QbftBesuControllerBuilder | Imported #158 / 0 tx / 6 pending / 0 (0.0%) gas / (0xa5ea1484538722be3b3d0afe8f5cb1dfa021526f98c7178b0083015057117370)
2026-10-07 09:05:59.352+00:00 | BftProcessorExecutor-QBFT-0 | INFO  | QbftBesuControllerBuilder | Imported #159 / 0 tx / 6 pending / 0 (0.0%) gas / (0x9074ab4f42649f6b906d981c7f194ecd82369880663ffa3047cbdf0cfdcccd91)
2026-10-07 09:05:59.352+00:00 | EthScheduler-Workers-0 | INFO  | PersistBlockTask | Block 159 (0x9074ab4f42649f6b906d981c7f194ecd82369880663ffa3047cbdf0cfdcccd91) is already imported
2026-10-07 09:06:01.255+00:00 | BftProcessorExecutor-QBFT-0 | INFO  | QbftBesuControllerBuilder | Imported #160 / 0 tx / 6 pending / 0 (0.0%) gas / (0xece1a3eb41cbff170337bc3b61474cbb023d0e435a95b57e2dde9c08e4f96130)
2026-10-07 09:06:03.264+00:00 | BftProcessorExecutor-QBFT-0 | INFO  | QbftBesuControllerBuilder | Imported #161 / 0 tx / 6 pending / 0 (0.0%) gas / (0x0f6925406f46d12a4d347768276187ed7a477507f9950d9fa14bef8f259a9363)
2026-10-07 09:06:05.286+00:00 | BftProcessorExecutor-QBFT-0 | INFO  | QbftBesuControllerBuilder | Imported #162 / 0 tx / 6 pending / 0 (0.0%) gas / (0x9b201d56c47f6c8e22798d920833b8ee4ec4e1ddf2f41c8fa5eac6634eb6c6f9)
2026-10-07 09:06:07.339+00:00 | BftProcessorExecutor-QBFT-0 | INFO  | QbftBesuControllerBuilder | Imported #163 / 0 tx / 6 pending / 0 (0.0%) gas / (0x5861fd1f156c0395d2462d8a59e770bedff2550dbe0f422d76512619195687e8)
2026-10-07 09:06:07.338+00:00 | EthScheduler-Workers-0 | INFO  | PersistBlockTask | Block 163 (0x5861fd1f156c0395d2462d8a59e770bedff2550dbe0f422d76512619195687e8) is already imported
2026-10-07 09:06:09.310+00:00 | BftProcessorExecutor-QBFT-0 | INFO  | QbftBesuControllerBuilder | Imported #164 / 0 tx / 6 pending / 0 (0.0%) gas / (0x2a9b6be06f54989a15f3615ee1b7557715d0380fd4c960ee6148ed0f22d15b96)
2026-10-07 09:06:11.283+00:00 | BftProcessorExecutor-QBFT-0 | INFO  | QbftBesuControllerBuilder | Imported #165 / 1 tx / 5 pending / 153,638 (0.0%) gas / (0x1fd99d63a1b7863e7f29f78a8a04f2627a8a33a1ffb51d432806b052644a5285)
2026-10-07 09:06:13.290+00:00 | BftProcessorExecutor-QBFT-0 | INFO  | QbftBesuControllerBuilder | Produced #166 / 1 tx / 4 pending / 153,618 (0.0%) gas / (0x806d23f97837c2f0c08d1f0cc145f9aaf22dab80713393fdd630960962f99f92)
2026-10-07 09:06:15.334+00:00 | BftProcessorExecutor-QBFT-0 | INFO  | QbftBesuControllerBuilder | Imported #167 / 1 tx / 3 pending / 153,650 (0.0%) gas / (0xf3fe4ff4e5d92ed0052e2f21c23eafafb92e6d6bae4d4f01c671634272decac7)
2026-10-07 09:06:17.330+00:00 | EthScheduler-Workers-0 | INFO  | PersistBlockTask | Block 168 (0x40fe28380fea5665a67f4c1f2bc5bcb2e166f2a4218df373811f03cb00179a7f) is already imported
2026-10-07 09:06:17.330+00:00 | BftProcessorExecutor-QBFT-0 | INFO  | QbftBesuControllerBuilder | Imported #168 / 1 tx / 2 pending / 153,650 (0.0%) gas / (0x40fe28380fea5665a67f4c1f2bc5bcb2e166f2a4218df373811f03cb00179a7f)
2026-10-07 09:06:19.331+00:00 | EthScheduler-Workers-0 | INFO  | PersistBlockTask | Block 169 (0xe593617d7733de674d1f210b478a4b8493005e96d6d21d9c9c311aff48eda1bb) is already imported
2026-10-07 09:06:19.332+00:00 | BftProcessorExecutor-QBFT-0 | INFO  | QbftBesuControllerBuilder | Imported #169 / 1 tx / 1 pending / 153,630 (0.0%) gas / (0xe593617d7733de674d1f210b478a4b8493005e96d6d21d9c9c311aff48eda1bb)
2026-10-07 09:06:21.289+00:00 | EthScheduler-Workers-0 | INFO  | PersistBlockTask | Block 170 (0x522579e51a29bc2fa0d8ed2b3b4fb88a071412739779470b430e3e8347cf06ad) is already imported
2026-10-07 09:06:21.289+00:00 | BftProcessorExecutor-QBFT-0 | INFO  | QbftBesuControllerBuilder | Imported #170 / 1 tx / 0 pending / 153,638 (0.0%) gas / (0x522579e51a29bc2fa0d8ed2b3b4fb88a071412739779470b430e3e8347cf06ad)
2026-10-07 09:06:23.349+00:00 | EthScheduler-Workers-0 | INFO  | PersistBlockTask | Block 171 (0xdf778d0c700b87d4dca654465f02504d2d23a422c498867297b4ccc4077023d9) is already imported
2026-10-07 09:06:23.349+00:00 | BftProcessorExecutor-QBFT-0 | INFO  | QbftBesuControllerBuilder | Imported #171 / 2 tx / 62 pending / 483,940 (0.0%) gas / (0xdf778d0c700b87d4dca654465f02504d2d23a422c498867297b4ccc4077023d9)
2026-10-07 09:06:25.465+00:00 | BftProcessorExecutor-QBFT-0 | INFO  | QbftBesuControllerBuilder | Imported #172 / 4 tx / 58 pending / 967,880 (0.0%) gas / (0x050e1e0a6e55c3cda5ae4b836e266ff44eb4559e1332dc1de819cb664182fc67)
2026-10-07 09:06:27.459+00:00 | BftProcessorExecutor-QBFT-0 | INFO  | QbftBesuControllerBuilder | Imported #173 / 4 tx / 54 pending / 967,880 (0.0%) gas / (0x00082ad342ab6dd1eaed8b638ee1671f8df501a114296154c911f10d9ed3442c)
2026-10-07 09:06:29.534+00:00 | BftProcessorExecutor-QBFT-0 | INFO  | QbftBesuControllerBuilder | Imported #174 / 4 tx / 50 pending / 967,880 (0.0%) gas / (0xd5e312f84c6318743eea6b34fd06450e8b25eea1bc30c0d137339c102bd5f4fb)
2026-10-07 09:06:29.534+00:00 | EthScheduler-Workers-0 | INFO  | PersistBlockTask | Block 174 (0xd5e312f84c6318743eea6b34fd06450e8b25eea1bc30c0d137339c102bd5f4fb) is already imported
2026-10-07 09:06:31.444+00:00 | EthScheduler-Workers-0 | INFO  | PersistBlockTask | Block 175 (0x82648a39c0cc105d7c36fbf0f852df3296ea0e099b7e3a1385de71af242e0779) is already imported
2026-10-07 09:06:31.444+00:00 | BftProcessorExecutor-QBFT-0 | INFO  | QbftBesuControllerBuilder | Imported #175 / 4 tx / 46 pending / 967,880 (0.0%) gas / (0x82648a39c0cc105d7c36fbf0f852df3296ea0e099b7e3a1385de71af242e0779)
2026-10-07 09:06:33.497+00:00 | BftProcessorExecutor-QBFT-0 | INFO  | QbftBesuControllerBuilder | Imported #176 / 4 tx / 42 pending / 967,880 (0.0%) gas / (0xc2166cbee27a4428bebc214059df30727a1d8c0cb5d30c750b236ac851ff5d46)
2026-10-07 09:06:33.497+00:00 | EthScheduler-Workers-0 | INFO  | PersistBlockTask | Block 176 (0xc2166cbee27a4428bebc214059df30727a1d8c0cb5d30c750b236ac851ff5d46) is already imported
2026-10-07 09:06:35.477+00:00 | EthScheduler-Workers-0 | INFO  | PersistBlockTask | Block 177 (0x584ca0f33fa8246ac97c6d29e6a7242fe4cb42f751abb08acb9f25adf6ccdc2c) is already imported
2026-10-07 09:06:35.477+00:00 | BftProcessorExecutor-QBFT-0 | INFO  | QbftBesuControllerBuilder | Imported #177 / 4 tx / 38 pending / 967,880 (0.0%) gas / (0x584ca0f33fa8246ac97c6d29e6a7242fe4cb42f751abb08acb9f25adf6ccdc2c)
2026-10-07 09:06:37.475+00:00 | BftProcessorExecutor-QBFT-0 | INFO  | QbftBesuControllerBuilder | Imported #178 / 4 tx / 34 pending / 967,880 (0.0%) gas / (0x05ac345a24ffc55564f50aa7ec00e4dde4863fbcddd3256f06f4febb1f8a55e4)
2026-10-07 09:06:39.439+00:00 | BftProcessorExecutor-QBFT-0 | INFO  | QbftBesuControllerBuilder | Imported #179 / 4 tx / 30 pending / 967,880 (0.0%) gas / (0x5cb6f06f9645f0aa5c4da0e44f318fe96a99620c5552bebddcad3c46291a7e9b)
2026-10-07 09:06:41.460+00:00 | EthScheduler-Workers-0 | INFO  | PersistBlockTask | Block 180 (0xdd7c7d48f995c206414e36226a8c1ebd1634b114cb2a407044dc227b6045f53f) is already imported
2026-10-07 09:06:41.460+00:00 | BftProcessorExecutor-QBFT-0 | INFO  | QbftBesuControllerBuilder | Imported #180 / 5 tx / 25 pending / 1,209,850 (0.0%) gas / (0xdd7c7d48f995c206414e36226a8c1ebd1634b114cb2a407044dc227b6045f53f)
2026-10-07 09:06:43.498+00:00 | BftProcessorExecutor-QBFT-0 | INFO  | QbftBesuControllerBuilder | Produced #181 / 5 tx / 20 pending / 1,209,850 (0.0%) gas / (0x0c8a49d04b23c89c74a9ff0512809a8dcd75a03256aac94c603d56fb45bb9cf2)
2026-10-07 09:06:43.498+00:00 | EthScheduler-Workers-0 | INFO  | PersistBlockTask | Block 181 (0x0c8a49d04b23c89c74a9ff0512809a8dcd75a03256aac94c603d56fb45bb9cf2) is already imported
2026-10-07 09:06:45.456+00:00 | BftProcessorExecutor-QBFT-0 | INFO  | QbftBesuControllerBuilder | Imported #182 / 5 tx / 15 pending / 1,209,850 (0.0%) gas / (0x7b8e6a8c039a47f6e1a71ef9c14ee9ae0a5364403175a30c58359690c3c40a41)
2026-10-07 09:06:47.545+00:00 | BftProcessorExecutor-QBFT-0 | INFO  | QbftBesuControllerBuilder | Imported #183 / 5 tx / 10 pending / 1,209,850 (0.0%) gas / (0xfc4f8fa431c4784f00899510555ef141df2a21f27ce7e66fe6e9f48a2e9ca5d8)
2026-10-07 09:06:49.565+00:00 | EthScheduler-Workers-0 | INFO  | PersistBlockTask | Block 184 (0x1dc157e60e4c9bd759bcc732e74f2b5705e81894e7899eca103decedec9c3797) is already imported
2026-10-07 09:06:49.565+00:00 | BftProcessorExecutor-QBFT-0 | INFO  | QbftBesuControllerBuilder | Imported #184 / 4 tx / 6 pending / 967,880 (0.0%) gas / (0x1dc157e60e4c9bd759bcc732e74f2b5705e81894e7899eca103decedec9c3797)
2026-10-07 09:06:51.437+00:00 | BftProcessorExecutor-QBFT-0 | INFO  | QbftBesuControllerBuilder | Imported #185 / 4 tx / 2 pending / 967,880 (0.0%) gas / (0x977951c84d5c81772995d7e77aec924326abf0729a08e3238bb04cd3a36cc6ce)
2026-10-07 09:06:53.416+00:00 | BftProcessorExecutor-QBFT-0 | INFO  | QbftBesuControllerBuilder | Imported #186 / 2 tx / 0 pending / 483,940 (0.0%) gas / (0xba7f2aa3bf3d8b5ad317fce9b00e93466efe1fe7a9f5c37c79f33838a231c0c2)
2026-10-07 09:06:55.294+00:00 | BftProcessorExecutor-QBFT-0 | INFO  | QbftBesuControllerBuilder | Imported #187 / 0 tx / 0 pending / 0 (0.0%) gas / (0xf5744c28980daf194b0c530e1508fded032a2f140f050c28aaf1c6c0368a62b3)
2026-10-07 09:06:57.298+00:00 | BftProcessorExecutor-QBFT-0 | INFO  | QbftBesuControllerBuilder | Imported #188 / 0 tx / 8 pending / 0 (0.0%) gas / (0xc0dbcc2a01e04b8279a144e75bda0469c9e60fde2d897afa333f780ed3740e2f)
2026-10-07 09:06:57.302+00:00 | EthScheduler-Workers-0 | INFO  | PersistBlockTask | Block 188 (0xc0dbcc2a01e04b8279a144e75bda0469c9e60fde2d897afa333f780ed3740e2f) is already imported
2026-10-07 09:06:59.321+00:00 | EthScheduler-Workers-0 | INFO  | PersistBlockTask | Block 189 (0xb1f7b4eaef0deb1de92161dcc281459bc94c74869eb315b92b0b783a32ba8d0d) is already imported
2026-10-07 09:06:59.321+00:00 | BftProcessorExecutor-QBFT-0 | INFO  | QbftBesuControllerBuilder | Imported #189 / 0 tx / 8 pending / 0 (0.0%) gas / (0xb1f7b4eaef0deb1de92161dcc281459bc94c74869eb315b92b0b783a32ba8d0d)
2026-10-07 09:07:01.276+00:00 | BftProcessorExecutor-QBFT-0 | INFO  | QbftBesuControllerBuilder | Imported #190 / 0 tx / 8 pending / 0 (0.0%) gas / (0x1d17462dbdc4f267b1f3cc936398fc9649af18364c129dac5ff16759d67c2c57)
2026-10-07 09:07:03.279+00:00 | BftProcessorExecutor-QBFT-0 | INFO  | QbftBesuControllerBuilder | Imported #191 / 0 tx / 8 pending / 0 (0.0%) gas / (0x39b497e311429c1c387c8c5d391583390bdb5b133603751a52d8818dfc84eaf8)
2026-10-07 09:07:05.322+00:00 | EthScheduler-Workers-0 | INFO  | PersistBlockTask | Block 192 (0xbfceb1e38d0a285d8648d893d543f327c3dc1ae78924d48273ec64f6b4a3f4de) is already imported
2026-10-07 09:07:05.322+00:00 | BftProcessorExecutor-QBFT-0 | INFO  | QbftBesuControllerBuilder | Imported #192 / 0 tx / 8 pending / 0 (0.0%) gas / (0xbfceb1e38d0a285d8648d893d543f327c3dc1ae78924d48273ec64f6b4a3f4de)
2026-10-07 09:07:07.313+00:00 | BftProcessorExecutor-QBFT-0 | INFO  | QbftBesuControllerBuilder | Imported #193 / 0 tx / 8 pending / 0 (0.0%) gas / (0xe38f84a95e208bd3affa6b0813b4b63c8d90e1ac1c53a6a0800803be7ab581fe)
2026-10-07 09:07:09.284+00:00 | BftProcessorExecutor-QBFT-0 | INFO  | QbftBesuControllerBuilder | Imported #194 / 0 tx / 8 pending / 0 (0.0%) gas / (0x00c1c3374a7a4272f514b139da39d0f1757ce94325013974dafc68577e76fc89)
2026-10-07 09:07:11.304+00:00 | BftProcessorExecutor-QBFT-0 | INFO  | QbftBesuControllerBuilder | Imported #195 / 1 tx / 7 pending / 153,638 (0.0%) gas / (0xac9e78c9801af5348e60c33ead5e4d51f92f9e90a8972efa87f507b667e272cd)
2026-10-07 09:07:11.308+00:00 | EthScheduler-Workers-0 | INFO  | PersistBlockTask | Block 195 (0xac9e78c9801af5348e60c33ead5e4d51f92f9e90a8972efa87f507b667e272cd) is already imported
2026-10-07 09:07:13.292+00:00 | BftProcessorExecutor-QBFT-0 | INFO  | QbftBesuControllerBuilder | Produced #196 / 1 tx / 6 pending / 153,638 (0.0%) gas / (0x0ac4ae0ab142dd79e6ba2f14efa0a8e35712154eb36f83124837152dfcb275a4)
2026-10-07 09:07:15.299+00:00 | BftProcessorExecutor-QBFT-0 | INFO  | QbftBesuControllerBuilder | Imported #197 / 1 tx / 5 pending / 153,618 (0.0%) gas / (0xb483820cfd4c9c9c8d65692eee4229fca97ce28d8c45634cbef74c4b9c287c56)
2026-10-07 09:07:17.345+00:00 | BftProcessorExecutor-QBFT-0 | INFO  | QbftBesuControllerBuilder | Imported #198 / 1 tx / 4 pending / 153,630 (0.0%) gas / (0x6c37bcebc7fba86e21bcca1d3fa58f49ca0427a2eb1e923821d006e66af7595e)
2026-10-07 09:07:19.308+00:00 | BftProcessorExecutor-QBFT-0 | INFO  | QbftBesuControllerBuilder | Imported #199 / 1 tx / 3 pending / 153,650 (0.0%) gas / (0x1feb397324585bc2c4eead57151092ddf6b914eadd77989eb4c2b22b13110a10)
2026-10-07 09:07:21.284+00:00 | BftProcessorExecutor-QBFT-0 | INFO  | QbftBesuControllerBuilder | Imported #200 / 1 tx / 2 pending / 153,606 (0.0%) gas / (0xffadafbcc3d95bfc0e573538a458b9db9b6a22077b28e8cb6ea054f07ab73dfd)
2026-10-07 09:07:23.296+00:00 | BftProcessorExecutor-QBFT-0 | INFO  | QbftBesuControllerBuilder | Imported #201 / 1 tx / 1 pending / 153,630 (0.0%) gas / (0x52759de4c3bed85c845f4124568935e8770ef7ea1cbb77c242a3527d61e79cc3)
2026-10-07 09:07:23.302+00:00 | EthScheduler-Workers-0 | INFO  | PersistBlockTask | Block 201 (0x52759de4c3bed85c845f4124568935e8770ef7ea1cbb77c242a3527d61e79cc3) is already imported
2026-10-07 09:07:25.361+00:00 | EthScheduler-Workers-0 | INFO  | PersistBlockTask | Block 202 (0x7acbdbeba0fc967a5eeb0eee9987694f761e0cb05bf471cefa90f412f9e921f1) is already imported
2026-10-07 09:07:25.361+00:00 | BftProcessorExecutor-QBFT-0 | INFO  | QbftBesuControllerBuilder | Imported #202 / 1 tx / 0 pending / 153,638 (0.0%) gas / (0x7acbdbeba0fc967a5eeb0eee9987694f761e0cb05bf471cefa90f412f9e921f1)
2026-10-07 09:07:27.341+00:00 | BftProcessorExecutor-QBFT-0 | INFO  | QbftBesuControllerBuilder | Imported #203 / 0 tx / 0 pending / 0 (0.0%) gas / (0xa4b39e6125bdcadbb09df11d9895d03a547ee5b235a51446635f9206b2c28d30)
2026-10-07 09:07:29.301+00:00 | BftProcessorExecutor-QBFT-0 | INFO  | QbftBesuControllerBuilder | Imported #204 / 0 tx / 0 pending / 0 (0.0%) gas / (0xa338a3ca5e090a83f5b058f3a08faf2bf214ab8e33ced34f6b6df8aa5cd943e2)
2026-10-07 09:07:29.302+00:00 | EthScheduler-Workers-0 | INFO  | PersistBlockTask | Block 204 (0xa338a3ca5e090a83f5b058f3a08faf2bf214ab8e33ced34f6b6df8aa5cd943e2) is already imported
2026-10-07 09:07:31.292+00:00 | EthScheduler-Workers-0 | INFO  | PersistBlockTask | Block 205 (0x78b32ed620ff704bbb8963e7fcf4944efe0d7f20e65edf732458f0915762e646) is already imported
2026-10-07 09:07:31.294+00:00 | BftProcessorExecutor-QBFT-0 | INFO  | QbftBesuControllerBuilder | Imported #205 / 0 tx / 0 pending / 0 (0.0%) gas / (0x78b32ed620ff704bbb8963e7fcf4944efe0d7f20e65edf732458f0915762e646)
2026-10-07 09:07:33.275+00:00 | BftProcessorExecutor-QBFT-0 | INFO  | QbftBesuControllerBuilder | Imported #206 / 0 tx / 0 pending / 0 (0.0%) gas / (0x19cf7b39533ed48ba2e70120ac10a9c4fb0cc97b49f9804d58dc2bfe339d1c19)
2026-10-07 09:07:35.280+00:00 | EthScheduler-Workers-0 | INFO  | PersistBlockTask | Block 207 (0xe2b3d8c748c6c9b914c947e2365a27f2f856b3c226d0cc3011e7f33773bb4ff8) is already imported
2026-10-07 09:07:35.280+00:00 | BftProcessorExecutor-QBFT-0 | INFO  | QbftBesuControllerBuilder | Imported #207 / 0 tx / 0 pending / 0 (0.0%) gas / (0xe2b3d8c748c6c9b914c947e2365a27f2f856b3c226d0cc3011e7f33773bb4ff8)
2026-10-07 09:07:37.284+00:00 | BftProcessorExecutor-QBFT-0 | INFO  | QbftBesuControllerBuilder | Imported #208 / 0 tx / 0 pending / 0 (0.0%) gas / (0xbbb0a0fd30c1565462c07dc0443cdaff4cc95607870c3f03cd3c2a985e492f26)
2026-10-07 09:07:39.303+00:00 | BftProcessorExecutor-QBFT-0 | INFO  | QbftBesuControllerBuilder | Imported #209 / 0 tx / 0 pending / 0 (0.0%) gas / (0x250ce123b3d53869d8f862a4ac8396e6c094bfcbbed21a885653f8efbd8ae908)
2026-10-07 09:07:41.256+00:00 | EthScheduler-Workers-0 | INFO  | PersistBlockTask | Block 210 (0x7e11706e8530513c7c62b61f50756ab0bec691d9684a1d745839e1be68203fa5) is already imported
2026-10-07 09:07:41.257+00:00 | BftProcessorExecutor-QBFT-0 | INFO  | QbftBesuControllerBuilder | Imported #210 / 0 tx / 0 pending / 0 (0.0%) gas / (0x7e11706e8530513c7c62b61f50756ab0bec691d9684a1d745839e1be68203fa5)
2026-10-07 09:07:43.271+00:00 | BftProcessorExecutor-QBFT-0 | INFO  | QbftBesuControllerBuilder | Produced #211 / 0 tx / 0 pending / 0 (0.0%) gas / (0x6869b8b3d2dcf350a71e104bcb72b47f9793bea51957075db73238b53129083b)
2026-10-07 09:07:45.273+00:00 | EthScheduler-Workers-0 | INFO  | PersistBlockTask | Block 212 (0x727e01e6ee179ae755d3c936a10b765aa955ddcc1034cbe953de0ae660cfed83) is already imported
2026-10-07 09:07:45.273+00:00 | BftProcessorExecutor-QBFT-0 | INFO  | QbftBesuControllerBuilder | Imported #212 / 0 tx / 0 pending / 0 (0.0%) gas / (0x727e01e6ee179ae755d3c936a10b765aa955ddcc1034cbe953de0ae660cfed83)
2026-10-07 09:07:47.334+00:00 | BftProcessorExecutor-QBFT-0 | INFO  | QbftBesuControllerBuilder | Imported #213 / 0 tx / 0 pending / 0 (0.0%) gas / (0xc949d85c7118902d3d694f0557470bbb90709c54dbb090e0a213122488882cf7)
2026-10-07 09:07:47.337+00:00 | EthScheduler-Workers-0 | INFO  | PersistBlockTask | Block 213 (0xc949d85c7118902d3d694f0557470bbb90709c54dbb090e0a213122488882cf7) is already imported
2026-10-07 09:07:49.291+00:00 | BftProcessorExecutor-QBFT-0 | INFO  | QbftBesuControllerBuilder | Imported #214 / 0 tx / 0 pending / 0 (0.0%) gas / (0x9957a4cf4288dbf4aaf88b0cb64d1ead7bc3991d76d7e5ecd39922789680a971)
2026-10-07 09:07:51.259+00:00 | BftProcessorExecutor-QBFT-0 | INFO  | QbftBesuControllerBuilder | Imported #215 / 0 tx / 0 pending / 0 (0.0%) gas / (0xad5a2993160ca4709caf78bbac97e2887ba103c9c192c71c589859870c2d31e0)
2026-10-07 09:07:51.262+00:00 | EthScheduler-Workers-0 | INFO  | PersistBlockTask | Block 215 (0xad5a2993160ca4709caf78bbac97e2887ba103c9c192c71c589859870c2d31e0) is already imported
2026-10-07 09:07:53.271+00:00 | BftProcessorExecutor-QBFT-0 | INFO  | QbftBesuControllerBuilder | Imported #216 / 0 tx / 0 pending / 0 (0.0%) gas / (0x577e90d4c728c53757450c2e63379be1abde6103ec713541a005f99c249d3829)
2026-10-07 09:07:55.275+00:00 | EthScheduler-Workers-0 | INFO  | PersistBlockTask | Block 217 (0xdfafcffd9c25c00a97cbbdf40f7740c1c6123365b9a51bd122a6bcc19d5612ca) is already imported
2026-10-07 09:07:55.275+00:00 | BftProcessorExecutor-QBFT-0 | INFO  | QbftBesuControllerBuilder | Imported #217 / 0 tx / 0 pending / 0 (0.0%) gas / (0xdfafcffd9c25c00a97cbbdf40f7740c1c6123365b9a51bd122a6bcc19d5612ca)
