[node11] network interface=eth0
[node11] tier=edge applying P2P-only tc netem:  delay=100ms(+/-10ms) rate=50mbit loss=0%
[node11] tc rules applied:
qdisc htb 1: root refcnt 257 r2q 10 default 0x1 direct_packets_stat 0 direct_qlen 1000
qdisc netem 110: parent 1:10 limit 1000 delay 100ms  10ms
Setting logging level to INFO
2026-10-07 21:27:05.119+00:00 | main | INFO  | Besu | Starting Besu
2026-10-07 21:27:05.527+00:00 | main | WARN  | Besu | --graphql-http-host has been ignored because --graphql-http-enabled was not defined on the command line.
2026-10-07 21:27:05.633+00:00 | main | INFO  | Besu | Connecting to 0 static nodes.
2026-10-07 21:27:05.638+00:00 | main | INFO  | Besu | Forcing price bump for transaction replacement to 0, since min-gas-price is set to 0
2026-10-07 21:27:05.638+00:00 | main | WARN  | Besu | Forcing tx-pool-min-gas-price=0, since it cannot be greater than the value of min-gas-price
2026-10-07 21:27:06.068+00:00 | main | INFO  | Besu | 
####################################################################################################
#                                                                                                  #
# Besu version 24.7.0                                                                              #
#                                                                                                  #
# Configuration:                                                                                   #
# Network: Custom genesis file                                                                     #
# /config/genesis.json                                                                             #
# Network Id: 1337                                                                                 #
# Data storage: Bonsai                                                                             #
# Sync mode: Full                                                                                  #
# RPC HTTP APIs: ETH,QBFT,NET,ADMIN,WEB3                                                           #
# RPC HTTP port: 8545                                                                              #
# Using LAYERED transaction pool implementation                                                    #
# Using STACKED worldstate update mode                                                             #
# Limit trie logs enabled: retention: 512; prune window: 30000                                     #
#                                                                                                  #
# Host:                                                                                            #
# Java: openjdk-java-21                                                                            #
# Maximum heap size: 29.50 GB                                                                      #
# OS: linux-x86_64                                                                                 #
# glibc: 2.39                                                                                      #
# jemalloc: 5.3.0-0-g54eaed1d8b56b1aa528be3bdd1877e59c56fa90c                                      #
# Total memory: 1007.68 GB                                                                         #
# CPU cores: 256                                                                                   #
#                                                                                                  #
# Plugin Registration Summary:                                                                     #
# No plugins have been registered.                                                                 #
# TOTAL = 0 of 0 plugins successfully registered.                                                  #
#                                                                                                  #
####################################################################################################
2026-10-07 21:27:06.069+00:00 | main | INFO  | Besu | Security Module: localfile
2026-10-07 21:27:06.071+00:00 | main | INFO  | VersionMetadata | Lookup version metadata file in data directory: /data
2026-10-07 21:27:06.071+00:00 | main | INFO  | VersionMetadata | No version data detected. Writing Besu version 24.7.0 to metadata file
2026-10-07 21:27:06.191+00:00 | main | INFO  | Besu | Using the native implementation of alt bn128
2026-10-07 21:27:06.288+00:00 | main | INFO  | Besu | Using the native implementation of modexp
2026-10-07 21:27:06.288+00:00 | main | INFO  | Besu | Using the native implementation of the signature algorithm
2026-10-07 21:27:06.296+00:00 | main | INFO  | Besu | Using the native implementation of the blake2bf algorithm
2026-10-07 21:27:06.391+00:00 | main | INFO  | Besu | Forcing price bump for transaction replacement to 0, since min-gas-price is set to 0
2026-10-07 21:27:06.392+00:00 | main | WARN  | Besu | Forcing tx-pool-min-gas-price=0, since it cannot be greater than the value of min-gas-price
2026-10-07 21:27:06.394+00:00 | main | INFO  | KeyPairUtil | Attempting to load public key from /data/key.priv
2026-10-07 21:27:06.421+00:00 | main | INFO  | KeyPairUtil | Loaded public key 0x67225ae5594e1bf038fa95b5e9c6aad917f68f4f32ad230d4b476f3ac44c28c7b2e5f8071c573de484cc3ec2a1411084b6b989c1f4927d1da789bde971e2963d from /data/key.priv
2026-10-07 21:27:06.579+00:00 | main | INFO  | ProtocolScheduleBuilder | Protocol schedule created with milestones: [Berlin:0]
2026-10-07 21:27:06.583+00:00 | main | INFO  | RocksDBKeyValueStorageFactory | No existing database at /data. Using default metadata for new db versionedStorageFormat=BaseVersionedStorageFormat{format=BONSAI, version=2}
2026-10-07 21:27:06.887+00:00 | main | INFO  | FlatDbStrategyProvider | Bonsai flat db mode found FULL
2026-10-07 21:27:06.891+00:00 | main | INFO  | FlatDbStrategyProvider | Bonsai db mode with code stored using code hash enabled = true
2026-10-07 21:27:06.901+00:00 | main | INFO  | FlatDbStrategyProvider | Bonsai flat db mode found FULL
2026-10-07 21:27:06.904+00:00 | main | INFO  | FlatDbStrategyProvider | Bonsai db mode with code stored using code hash enabled = true
2026-10-07 21:27:07.358+00:00 | main | INFO  | TransactionPoolFactory | Enabling transaction pool
2026-10-07 21:27:07.375+00:00 | main | INFO  | BesuControllerBuilder | TTD difficulty is not present, creating initial sync phase for PoW
2026-10-07 21:27:07.417+00:00 | main | INFO  | TrieLogPruner | Loading first 30000 trie logs from database...
2026-10-07 21:27:07.418+00:00 | main | INFO  | TrieLogPruner | Loaded 1 trie logs from database
2026-10-07 21:27:07.425+00:00 | main | INFO  | RunnerBuilder | Resolved 3 bootnodes.
2026-10-07 21:27:07.432+00:00 | main | INFO  | RunnerBuilder | Detecting NAT service.
2026-10-07 21:27:07.630+00:00 | main | INFO  | Runner | Starting external services ... 
2026-10-07 21:27:07.630+00:00 | main | INFO  | JsonRpcHttpService | Starting JSON-RPC service on 0.0.0.0:8545
2026-10-07 21:27:07.772+00:00 | vert.x-eventloop-thread-1 | INFO  | JsonRpcHttpService | JSON-RPC service started and listening on 0.0.0.0:8545
2026-10-07 21:27:07.774+00:00 | main | INFO  | WebSocketService | Starting Websocket service on 0.0.0.0:8546
2026-10-07 21:27:07.777+00:00 | vert.x-eventloop-thread-1 | INFO  | WebSocketService | Websocket service started and listening on 0.0.0.0:8546
2026-10-07 21:27:07.780+00:00 | main | INFO  | AutoTransactionLogBloomCachingService | Starting auto transaction log bloom caching service.
2026-10-07 21:27:07.781+00:00 | main | INFO  | LogBloomCacheMetadata | Lookup cache metadata file in data directory: /data/caches
2026-10-07 21:27:07.790+00:00 | main | INFO  | Runner | Starting Ethereum main loop ... 
2026-10-07 21:27:07.790+00:00 | main | INFO  | NatService | No NAT environment detected so no service could be started
2026-10-07 21:27:07.790+00:00 | main | INFO  | NetworkRunner | Starting Network.
2026-10-07 21:27:07.801+00:00 | nioEventLoopGroup-2-1 | INFO  | RlpxAgent | P2P RLPx agent started and listening on /[0:0:0:0:0:0:0:0]:30303.
2026-10-07 21:27:07.802+00:00 | main | INFO  | PeerDiscoveryAgent | Starting peer discovery agent on host=0.0.0.0, port=30303. IPv6 available.
2026-10-07 21:27:07.814+00:00 | vert.x-eventloop-thread-1 | INFO  | VertxPeerDiscoveryAgent | Started peer discovery agent successfully, on effective host=0:0:0:0:0:0:0:0%0 and port=30303
2026-10-07 21:27:07.815+00:00 | vert.x-eventloop-thread-1 | INFO  | PeerDiscoveryAgent | P2P peer discovery agent started and listening on /[0:0:0:0:0:0:0:0%0]:30303
2026-10-07 21:27:07.896+00:00 | vert.x-eventloop-thread-1 | INFO  | PeerDiscoveryAgent | Writing node record to disk. NodeRecord{seq=1, publicKey=0x0367225ae5594e1bf038fa95b5e9c6aad917f68f4f32ad230d4b476f3ac44c28c7, udpAddress=Optional[/0.0.0.0:30303], tcpAddress=Optional[/0.0.0.0:30303], asBase64=-Je4QJDGnZmIP9MvUmiI3U3b4-39pRenhUt1pKqdX_hz_3wADfftategJwzDGyyW6ngmzjS6IXQzX-qfTnt00oktyQUBg2V0aMfGhCEdaiGAgmlkgnY0gmlwhAAAAACJc2VjcDI1NmsxoQNnIlrlWU4b8Dj6lbXpxqrZF_aPTzKtIw1LR286xEwox4N0Y3CCdl-DdWRwgnZf, nodeId=0x1b11e9b6f06cf37343582d3bc0489ee833bd10045d1126fce1eb161ebf2cbde8, customFields={tcp=30303, udp=30303, ip=0x00000000, eth=[[0x211d6a21, 0x]], id=V4, secp256k1=0x0367225ae5594e1bf038fa95b5e9c6aad917f68f4f32ad230d4b476f3ac44c28c7}}
2026-10-07 21:27:07.934+00:00 | main | INFO  | DefaultP2PNetwork | Enode URL enode://67225ae5594e1bf038fa95b5e9c6aad917f68f4f32ad230d4b476f3ac44c28c7b2e5f8071c573de484cc3ec2a1411084b6b989c1f4927d1da789bde971e2963d@0.0.0.0:30303
2026-10-07 21:27:07.935+00:00 | main | INFO  | DefaultP2PNetwork | Node address 0xc0489ee833bd10045d1126fce1eb161ebf2cbde8
2026-10-07 21:27:07.958+00:00 | main | INFO  | NetworkRunner | Supported capabilities: [eth/62, eth/63, eth/64, eth/65, eth/66, eth/67, eth/68], [istanbul/100], [snap/1]
2026-10-07 21:27:07.958+00:00 | main | INFO  | DefaultSynchronizer | Starting synchronizer.
2026-10-07 21:27:07.959+00:00 | main | INFO  | TransactionPoolFactory | Enabling transaction handling following initial sync
2026-10-07 21:27:07.960+00:00 | main | INFO  | QbftBesuControllerBuilder | Starting QBFT mining coordinator following initial sync
2026-10-07 21:27:07.970+00:00 | main | INFO  | FullSyncDownloader | Starting full sync.
2026-10-07 21:27:07.970+00:00 | main | INFO  | FullSyncTargetManager | Unable to find sync target. Currently checking 0 peers for usefulness
2026-10-07 21:27:07.978+00:00 | main | INFO  | Runner | Ethereum main loop is up.
2026-10-07 21:27:08.489+00:00 | nioEventLoopGroup-3-2 | INFO  | FullSyncTargetManager | Unable to find sync target. Currently checking 3 peers for usefulness
2026-10-07 21:27:08.802+00:00 | nioEventLoopGroup-3-7 | INFO  | FullSyncTargetManager | Unable to find sync target. Currently checking 4 peers for usefulness
2026-10-07 21:27:08.825+00:00 | nioEventLoopGroup-3-8 | INFO  | FullSyncTargetManager | Unable to find sync target. Currently checking 5 peers for usefulness
2026-10-07 21:27:08.854+00:00 | nioEventLoopGroup-3-9 | INFO  | FullSyncTargetManager | Unable to find sync target. Currently checking 6 peers for usefulness
2026-10-07 21:27:09.162+00:00 | nioEventLoopGroup-3-1 | INFO  | FullSyncTargetManager | Unable to find sync target. Currently checking 7 peers for usefulness
2026-10-07 21:27:09.189+00:00 | nioEventLoopGroup-3-10 | INFO  | FullSyncTargetManager | Unable to find sync target. Currently checking 8 peers for usefulness
2026-10-07 21:27:09.195+00:00 | nioEventLoopGroup-3-2 | INFO  | FullSyncTargetManager | Unable to find sync target. Currently checking 9 peers for usefulness
2026-10-07 21:27:09.201+00:00 | nioEventLoopGroup-3-4 | INFO  | FullSyncTargetManager | Unable to find sync target. Currently checking 10 peers for usefulness
2026-10-07 21:27:09.216+00:00 | nioEventLoopGroup-3-3 | INFO  | FullSyncTargetManager | Unable to find sync target. Currently checking 11 peers for usefulness
2026-10-07 21:27:13.655+00:00 | BftProcessorExecutor-QBFT-0 | INFO  | QbftRound | Importing proposed block to chain. round=ConsensusRoundIdentifier{Sequence=1, Round=1}, hash=0x656c43e180079b4a85582a8fd9dff559268c679c65873e2d417b35e2c75415bd
2026-10-07 21:27:13.681+00:00 | BftProcessorExecutor-QBFT-0 | INFO  | QbftBesuControllerBuilder | Imported #1 / 0 tx / 0 pending / 0 (0.0%) gas / (0x656c43e180079b4a85582a8fd9dff559268c679c65873e2d417b35e2c75415bd)
2026-10-07 21:27:14.218+00:00 | EthScheduler-Timer-0 | INFO  | FullSyncTargetManager | Unable to find sync target. Currently checking 11 peers for usefulness
2026-10-07 21:27:14.367+00:00 | nioEventLoopGroup-3-4 | INFO  | FullSyncTargetManager | Unable to find sync target. Currently checking 12 peers for usefulness
2026-10-07 21:27:15.326+00:00 | BftProcessorExecutor-QBFT-0 | INFO  | QbftBesuControllerBuilder | Imported #2 / 0 tx / 0 pending / 0 (0.0%) gas / (0x78ac281eb98ad5e36cf5608d4f13602aded5ea076972596e1267d8261b50656e)
2026-10-07 21:27:15.333+00:00 | EthScheduler-Workers-0 | INFO  | PersistBlockTask | Block 2 (0x78ac281eb98ad5e36cf5608d4f13602aded5ea076972596e1267d8261b50656e) is already imported
2026-10-07 21:27:17.322+00:00 | BftProcessorExecutor-QBFT-0 | INFO  | QbftBesuControllerBuilder | Imported #3 / 0 tx / 0 pending / 0 (0.0%) gas / (0xa714f4e4a053d74e0156b7bbe53fb5261db259f0b8c070f7d34cef1b6ef82d52)
2026-10-07 21:27:19.311+00:00 | BftProcessorExecutor-QBFT-0 | INFO  | QbftBesuControllerBuilder | Imported #4 / 0 tx / 0 pending / 0 (0.0%) gas / (0xc0d5e313b98a5f6d4be03bab5ebd04d5a9264d29faba48dd5d2b17d1a710eaa5)
2026-10-07 21:27:21.282+00:00 | BftProcessorExecutor-QBFT-0 | INFO  | QbftBesuControllerBuilder | Imported #5 / 0 tx / 0 pending / 0 (0.0%) gas / (0x1d5fc0181c037ce24235b14556136f2d3d8c868e3646d5020a2cb7cbbd13ecd3)
2026-10-07 21:27:23.346+00:00 | BftProcessorExecutor-QBFT-0 | INFO  | QbftBesuControllerBuilder | Imported #6 / 0 tx / 0 pending / 0 (0.0%) gas / (0xaec44bb36f61c3b4cdaed63293b5e21b52b52d3d43394aaebd71612ec9b4591f)
2026-10-07 21:27:25.348+00:00 | BftProcessorExecutor-QBFT-0 | INFO  | QbftBesuControllerBuilder | Imported #7 / 0 tx / 1 pending / 0 (0.0%) gas / (0xfeeeadca47e9398811bb0fb21ff97e044ed9c74a28c0c3939a0c0a0696c3c552)
2026-10-07 21:27:27.404+00:00 | BftProcessorExecutor-QBFT-0 | INFO  | QbftBesuControllerBuilder | Imported #8 / 0 tx / 1 pending / 0 (0.0%) gas / (0x09d0a8482ca7df777775c4d131070c4dd58aa72bd4f368b1428d71686bb6873e)
2026-10-07 21:27:29.404+00:00 | BftProcessorExecutor-QBFT-0 | INFO  | QbftBesuControllerBuilder | Imported #9 / 0 tx / 1 pending / 0 (0.0%) gas / (0xf59ae83c41ec7bc1d19bd37f0f7518277255458d85bd9442b782f4a3b3cf52f7)
2026-10-07 21:27:31.422+00:00 | EthScheduler-Workers-0 | INFO  | PersistBlockTask | Block 10 (0x5d16912c5c9c4e03c81f54cf6174edaa6a13cce5346db38388fdb470472f40c9) is already imported
2026-10-07 21:27:31.423+00:00 | BftProcessorExecutor-QBFT-0 | INFO  | QbftBesuControllerBuilder | Imported #10 / 0 tx / 1 pending / 0 (0.0%) gas / (0x5d16912c5c9c4e03c81f54cf6174edaa6a13cce5346db38388fdb470472f40c9)
2026-10-07 21:27:33.367+00:00 | BftProcessorExecutor-QBFT-0 | INFO  | QbftBesuControllerBuilder | Produced #11 / 0 tx / 1 pending / 0 (0.0%) gas / (0xc5ff85321ff6330446628c80ce1d51b6ab7f1082fb81175e46c4650e64b26e0e)
2026-10-07 21:27:35.588+00:00 | EthScheduler-Workers-0 | INFO  | PersistBlockTask | Block 12 (0xec83ce10ecccc0ab115628a9320e7a5bc635ae7c17e1128bae3fea2ad5cbcf54) is already imported
2026-10-07 21:27:35.588+00:00 | BftProcessorExecutor-QBFT-0 | INFO  | QbftBesuControllerBuilder | Imported #12 / 0 tx / 1 pending / 0 (0.0%) gas / (0xec83ce10ecccc0ab115628a9320e7a5bc635ae7c17e1128bae3fea2ad5cbcf54)
2026-10-07 21:27:37.482+00:00 | BftProcessorExecutor-QBFT-0 | INFO  | QbftBesuControllerBuilder | Imported #13 / 0 tx / 1 pending / 0 (0.0%) gas / (0x831185e40cedfc28ecb8c80b59e21010833a9f162c1fa71c21ac72aa6bda1553)
2026-10-07 21:27:39.610+00:00 | BftProcessorExecutor-QBFT-0 | INFO  | QbftBesuControllerBuilder | Imported #14 / 0 tx / 1 pending / 0 (0.0%) gas / (0x1f94ef6ad07ecaf6f87c569d89543b9602f7efd38a7006c1b08330dbbc170b32)
2026-10-07 21:27:41.433+00:00 | BftProcessorExecutor-QBFT-0 | INFO  | QbftBesuControllerBuilder | Imported #15 / 1 tx / 0 pending / 465,218 (0.0%) gas / (0xee4bb82833e1b0780c9a18358b9af41b0112eec4de198eb76b55003de3fc6af3)
2026-10-07 21:27:43.253+00:00 | BftProcessorExecutor-QBFT-0 | INFO  | QbftBesuControllerBuilder | Imported #16 / 0 tx / 1 pending / 0 (0.0%) gas / (0xa889abd399783d21c16a0e4aa1107dad6a7ca84d4c109f6cef4f1784aa465ebc)
2026-10-07 21:27:45.255+00:00 | BftProcessorExecutor-QBFT-0 | INFO  | QbftBesuControllerBuilder | Imported #17 / 0 tx / 1 pending / 0 (0.0%) gas / (0x48ce461e2ffcc22e2d1f4710991cc5db6c4d140ed5f8909956041cfd6a504907)
2026-10-07 21:27:47.264+00:00 | BftProcessorExecutor-QBFT-0 | INFO  | QbftBesuControllerBuilder | Imported #18 / 0 tx / 1 pending / 0 (0.0%) gas / (0xb900cf13f92f1305494f34bd45cae5191d00a1f3a792db9e0e8e984eca9d8c33)
2026-10-07 21:27:49.250+00:00 | BftProcessorExecutor-QBFT-0 | INFO  | QbftBesuControllerBuilder | Imported #19 / 0 tx / 1 pending / 0 (0.0%) gas / (0x7ce60e1cbe12cc630791f3cd9b378c283cf51e7dcbae0b941b115c636daf6284)
2026-10-07 21:27:51.263+00:00 | BftProcessorExecutor-QBFT-0 | INFO  | QbftBesuControllerBuilder | Imported #20 / 0 tx / 1 pending / 0 (0.0%) gas / (0xc5e66050f38e9a24048cd25e1e6be367ea233d4c1a6dee8351b9cfb052c7fb26)
2026-10-07 21:27:53.332+00:00 | BftProcessorExecutor-QBFT-0 | INFO  | QbftBesuControllerBuilder | Imported #21 / 0 tx / 1 pending / 0 (0.0%) gas / (0x8a56ed140fec6221d0455117157fffcc51bcbb80c98df483b0d3adb6ad66fd6a)
2026-10-07 21:27:55.332+00:00 | BftProcessorExecutor-QBFT-0 | INFO  | QbftBesuControllerBuilder | Imported #22 / 0 tx / 1 pending / 0 (0.0%) gas / (0x63bcdca5d92050af4587d25a9c2b8f2ded7fc38b794e85bd6af0e8a84938e2bd)
2026-10-07 21:27:57.350+00:00 | BftProcessorExecutor-QBFT-0 | INFO  | QbftBesuControllerBuilder | Imported #23 / 0 tx / 1 pending / 0 (0.0%) gas / (0xc3a1bd2c745fccaae2e447d3d3748eaa1bd0c5cc9ad5ad8fca5b859a2b77b6fc)
2026-10-07 21:27:59.326+00:00 | BftProcessorExecutor-QBFT-0 | INFO  | QbftBesuControllerBuilder | Imported #24 / 0 tx / 1 pending / 0 (0.0%) gas / (0x5289a69fb58bd6465bc0773956575bd583aa666f04acd04a2cbb3d8ca6ec8b60)
2026-10-07 21:28:01.334+00:00 | BftProcessorExecutor-QBFT-0 | INFO  | QbftBesuControllerBuilder | Imported #25 / 0 tx / 1 pending / 0 (0.0%) gas / (0x70c49eaf4ec72ef89a324bb2353874449a46a45fbf7ed26d493905972ecfa435)
2026-10-07 21:28:03.330+00:00 | BftProcessorExecutor-QBFT-0 | INFO  | QbftBesuControllerBuilder | Produced #26 / 0 tx / 1 pending / 0 (0.0%) gas / (0x675cfcbf587d0f5c8f84e57e7bbb8aac583d2920794ddba708432fa50c2e0d78)
2026-10-07 21:28:05.484+00:00 | EthScheduler-Workers-0 | INFO  | PersistBlockTask | Block 27 (0x224d0a879638e8ed3eb293646ca7b19c532e88d219603607953ba70e8f1d2f9a) is already imported
2026-10-07 21:28:05.485+00:00 | BftProcessorExecutor-QBFT-0 | INFO  | QbftBesuControllerBuilder | Imported #27 / 0 tx / 1 pending / 0 (0.0%) gas / (0x224d0a879638e8ed3eb293646ca7b19c532e88d219603607953ba70e8f1d2f9a)
2026-10-07 21:28:07.458+00:00 | BftProcessorExecutor-QBFT-0 | INFO  | QbftBesuControllerBuilder | Imported #28 / 0 tx / 1 pending / 0 (0.0%) gas / (0x5552b7ff590c293bea7e85fd275be501d27fac8f1f8ab86ed8169b945c76ef99)
2026-10-07 21:28:09.512+00:00 | EthScheduler-Workers-0 | INFO  | PersistBlockTask | Block 29 (0x01296942fb66cfd29066669c3b7925bffe6d6c4d4e211bb3f8e0cefaf4b661b9) is already imported
2026-10-07 21:28:09.513+00:00 | BftProcessorExecutor-QBFT-0 | INFO  | QbftBesuControllerBuilder | Imported #29 / 0 tx / 1 pending / 0 (0.0%) gas / (0x01296942fb66cfd29066669c3b7925bffe6d6c4d4e211bb3f8e0cefaf4b661b9)
2026-10-07 21:28:11.331+00:00 | BftProcessorExecutor-QBFT-0 | INFO  | QbftBesuControllerBuilder | Imported #30 / 1 tx / 0 pending / 1,832,981 (0.0%) gas / (0x6bb878ce5d0fc60806004850d544ba52277d1a1de09eaf7bb33ed3b79ed6ab88)
2026-10-07 21:28:13.259+00:00 | BftProcessorExecutor-QBFT-0 | INFO  | QbftBesuControllerBuilder | Imported #31 / 0 tx / 0 pending / 0 (0.0%) gas / (0x05d21872cea182ff48115a8781405eea97edb209d15e0be23aa9fb3f8d08b9d4)
2026-10-07 21:28:15.249+00:00 | BftProcessorExecutor-QBFT-0 | INFO  | QbftBesuControllerBuilder | Imported #32 / 0 tx / 0 pending / 0 (0.0%) gas / (0x8c392b56337e298a62563aae4ac1876987be60db1e479013f1a7ee111996617c)
2026-10-07 21:28:17.259+00:00 | EthScheduler-Workers-0 | INFO  | PersistBlockTask | Block 33 (0xa3f456932f3d783c100db62c01b2a6352302fd436d904e4fe7b0bef7f82f777d) is already imported
2026-10-07 21:28:17.260+00:00 | BftProcessorExecutor-QBFT-0 | INFO  | QbftBesuControllerBuilder | Imported #33 / 0 tx / 0 pending / 0 (0.0%) gas / (0xa3f456932f3d783c100db62c01b2a6352302fd436d904e4fe7b0bef7f82f777d)
2026-10-07 21:28:19.262+00:00 | EthScheduler-Workers-0 | INFO  | PersistBlockTask | Block 34 (0xbcc1a2e8c2928229cf5d39542ef9e4c62f5058726db70647fa84f5650ae9f5fc) is already imported
2026-10-07 21:28:19.263+00:00 | BftProcessorExecutor-QBFT-0 | INFO  | QbftBesuControllerBuilder | Imported #34 / 0 tx / 0 pending / 0 (0.0%) gas / (0xbcc1a2e8c2928229cf5d39542ef9e4c62f5058726db70647fa84f5650ae9f5fc)
2026-10-07 21:28:21.253+00:00 | BftProcessorExecutor-QBFT-0 | INFO  | QbftBesuControllerBuilder | Imported #35 / 0 tx / 0 pending / 0 (0.0%) gas / (0xdcb9d2551da2e253c812780657c9f47f547854fc1a7a7ffc41c9894daec81653)
2026-10-07 21:28:23.348+00:00 | BftProcessorExecutor-QBFT-0 | INFO  | QbftBesuControllerBuilder | Imported #36 / 0 tx / 0 pending / 0 (0.0%) gas / (0x0f8634b4762e226cab80816b1c2ebb5c96ed9c63285d3d5d7c6bced65dfb3fb3)
2026-10-07 21:28:25.339+00:00 | EthScheduler-Workers-0 | INFO  | PersistBlockTask | Block 37 (0x6d12d0b919e873929610c33960d1946e1bd7fa0c7fbbb147794e973e9470037a) is already imported
2026-10-07 21:28:25.340+00:00 | BftProcessorExecutor-QBFT-0 | INFO  | QbftBesuControllerBuilder | Imported #37 / 0 tx / 0 pending / 0 (0.0%) gas / (0x6d12d0b919e873929610c33960d1946e1bd7fa0c7fbbb147794e973e9470037a)
2026-10-07 21:28:27.313+00:00 | BftProcessorExecutor-QBFT-0 | INFO  | QbftBesuControllerBuilder | Imported #38 / 0 tx / 0 pending / 0 (0.0%) gas / (0x9dcdfae21cf694bcb5359de0faa1e076d4228c7bdbe492a1373684f61d90058d)
2026-10-07 21:28:29.465+00:00 | BftProcessorExecutor-QBFT-0 | INFO  | QbftBesuControllerBuilder | Imported #39 / 3 tx / 144 pending / 725,910 (0.0%) gas / (0x98f92286e853cbbc328cb05e6d33847fc7d62c817e24a12838dd87e5d550939a)
2026-10-07 21:28:32.395+00:00 | BftProcessorExecutor-QBFT-0 | INFO  | QbftBesuControllerBuilder | Imported #40 / 50 tx / 865 pending / 12,098,500 (0.0%) gas / (0x84f63046821b249a3cc9edfbe8b300a581e4e4169abb780b4f6ff734a8e6cc94)
2026-10-07 21:28:34.549+00:00 | BftProcessorExecutor-QBFT-0 | INFO  | QbftBesuControllerBuilder | Produced #41 / 68 tx / 875 pending / 16,453,960 (0.0%) gas / (0xcc628bda8b58dc37b1b69e88dde6c2aec08bceed4969f3f82e47982fdad5d7fe)
2026-10-07 21:28:36.724+00:00 | BftProcessorExecutor-QBFT-0 | INFO  | QbftBesuControllerBuilder | Imported #42 / 68 tx / 835 pending / 16,453,960 (0.0%) gas / (0x473449db0f615b73eb092a47c2b6c2b62c13de746df7a9276e3249b3347a2d76)
2026-10-07 21:28:38.725+00:00 | BftProcessorExecutor-QBFT-0 | INFO  | QbftBesuControllerBuilder | Imported #43 / 68 tx / 767 pending / 16,453,960 (0.0%) gas / (0x26a995be03fa0e51eb4d2c0c1129d56812ce61eb777a0108d2e2f6b6649419d8)
2026-10-07 21:28:40.732+00:00 | EthScheduler-Workers-0 | INFO  | PersistBlockTask | Block 44 (0x9a5a704c9cb247c1fcfb5cf166865b3c495359c7e2a36cfdc003188b7dd10e98) is already imported
2026-10-07 21:28:40.733+00:00 | BftProcessorExecutor-QBFT-0 | INFO  | QbftBesuControllerBuilder | Imported #44 / 68 tx / 699 pending / 16,453,960 (0.0%) gas / (0x9a5a704c9cb247c1fcfb5cf166865b3c495359c7e2a36cfdc003188b7dd10e98)
2026-10-07 21:28:42.417+00:00 | EthScheduler-Workers-0 | INFO  | PersistBlockTask | Block 45 (0xcb42626b39c554fbebbec21c947ed639f3b034652e6e756bb2542a7f225783bb) is already imported
2026-10-07 21:28:42.419+00:00 | BftProcessorExecutor-QBFT-0 | INFO  | QbftBesuControllerBuilder | Imported #45 / 69 tx / 630 pending / 16,695,930 (0.0%) gas / (0xcb42626b39c554fbebbec21c947ed639f3b034652e6e756bb2542a7f225783bb)
2026-10-07 21:28:44.329+00:00 | EthScheduler-Workers-0 | INFO  | PersistBlockTask | Block 46 (0xf4c6255c854825183102d2e059af16e639caa3f01a2552660fc4fe1acadbac83) is already imported
2026-10-07 21:28:44.331+00:00 | BftProcessorExecutor-QBFT-0 | INFO  | QbftBesuControllerBuilder | Imported #46 / 69 tx / 561 pending / 16,695,930 (0.0%) gas / (0xf4c6255c854825183102d2e059af16e639caa3f01a2552660fc4fe1acadbac83)
2026-10-07 21:28:46.431+00:00 | EthScheduler-Workers-0 | INFO  | PersistBlockTask | Block 47 (0x5307e53cb151c28149ccae53de14ba0e71abfbd66c9e6793c5705868e746dc81) is already imported
2026-10-07 21:28:46.432+00:00 | BftProcessorExecutor-QBFT-0 | INFO  | QbftBesuControllerBuilder | Imported #47 / 69 tx / 492 pending / 16,695,930 (0.0%) gas / (0x5307e53cb151c28149ccae53de14ba0e71abfbd66c9e6793c5705868e746dc81)
2026-10-07 21:28:48.415+00:00 | EthScheduler-Workers-0 | INFO  | PersistBlockTask | Block 48 (0xd7e5c0c32a3362f59ca0eb66840510b31651fbf3b331f780b6779cdb799a1888) is already imported
2026-10-07 21:28:48.415+00:00 | BftProcessorExecutor-QBFT-0 | INFO  | QbftBesuControllerBuilder | Imported #48 / 69 tx / 423 pending / 16,695,930 (0.0%) gas / (0xd7e5c0c32a3362f59ca0eb66840510b31651fbf3b331f780b6779cdb799a1888)
2026-10-07 21:28:50.308+00:00 | BftProcessorExecutor-QBFT-0 | INFO  | QbftBesuControllerBuilder | Imported #49 / 68 tx / 355 pending / 16,453,960 (0.0%) gas / (0xfed3abad976e8740cdd5ab505576845ae6d6a208d8ed291f95f5209126c83e12)
2026-10-07 21:28:52.365+00:00 | EthScheduler-Workers-0 | INFO  | PersistBlockTask | Block 50 (0xa115dcd820933014c47b706c1596cb7d98af9c8ff7a1bf1d9b030612a705e873) is already imported
2026-10-07 21:28:52.366+00:00 | BftProcessorExecutor-QBFT-0 | INFO  | QbftBesuControllerBuilder | Imported #50 / 68 tx / 287 pending / 16,453,960 (0.0%) gas / (0xa115dcd820933014c47b706c1596cb7d98af9c8ff7a1bf1d9b030612a705e873)
2026-10-07 21:28:54.448+00:00 | EthScheduler-Workers-0 | INFO  | PersistBlockTask | Block 51 (0x9055238989b8bb47f1877c4fea7fc0d423089b862f3778df1bbba817bbf9a953) is already imported
2026-10-07 21:28:54.449+00:00 | BftProcessorExecutor-QBFT-0 | INFO  | QbftBesuControllerBuilder | Imported #51 / 68 tx / 219 pending / 16,453,960 (0.0%) gas / (0x9055238989b8bb47f1877c4fea7fc0d423089b862f3778df1bbba817bbf9a953)
2026-10-07 21:28:56.418+00:00 | EthScheduler-Workers-0 | INFO  | PersistBlockTask | Block 52 (0x6409a00ce343bf00aae9286893165904574f7257353972be00c27875cc043d65) is already imported
2026-10-07 21:28:56.418+00:00 | BftProcessorExecutor-QBFT-0 | INFO  | QbftBesuControllerBuilder | Imported #52 / 68 tx / 151 pending / 16,453,960 (0.0%) gas / (0x6409a00ce343bf00aae9286893165904574f7257353972be00c27875cc043d65)
2026-10-07 21:28:58.474+00:00 | BftProcessorExecutor-QBFT-0 | INFO  | QbftBesuControllerBuilder | Imported #53 / 68 tx / 83 pending / 16,453,960 (0.0%) gas / (0xd49bb164a165d2fee6983507240e3f1e2c5c6a027f341811f0ebf286ad462037)
2026-10-07 21:28:58.474+00:00 | EthScheduler-Workers-0 | INFO  | PersistBlockTask | Block 53 (0xd49bb164a165d2fee6983507240e3f1e2c5c6a027f341811f0ebf286ad462037) is already imported
2026-10-07 21:29:00.351+00:00 | BftProcessorExecutor-QBFT-0 | INFO  | QbftBesuControllerBuilder | Imported #54 / 65 tx / 18 pending / 15,728,050 (0.0%) gas / (0x5b64642c8b4a01bb86aea801b1313cb95e2daafa9b6e302d85a16efcc2366eae)
2026-10-07 21:29:01.736+00:00 | EthScheduler-Workers-0 | INFO  | PersistBlockTask | Block 55 (0x646fc4b90483127dbb4a5754a10b749fae61a2e7ba3355431e7d63d2ad04e150) is already imported
2026-10-07 21:29:01.736+00:00 | BftProcessorExecutor-QBFT-0 | INFO  | QbftBesuControllerBuilder | Imported #55 / 18 tx / 0 pending / 4,355,460 (0.0%) gas / (0x646fc4b90483127dbb4a5754a10b749fae61a2e7ba3355431e7d63d2ad04e150)
2026-10-07 21:29:03.319+00:00 | BftProcessorExecutor-QBFT-0 | INFO  | QbftBesuControllerBuilder | Produced #56 / 0 tx / 0 pending / 0 (0.0%) gas / (0xf192abac7c4b7fa183e964212aac6d6a4758c08cc115cea0cf2c7ca256d956e1)
2026-10-07 21:29:05.487+00:00 | BftProcessorExecutor-QBFT-0 | INFO  | QbftBesuControllerBuilder | Imported #57 / 0 tx / 0 pending / 0 (0.0%) gas / (0x5f75124ca43f1a1714b149e654130948432228ff5aa2725f50c6c591b854e8f8)
2026-10-07 21:29:07.522+00:00 | BftProcessorExecutor-QBFT-0 | INFO  | QbftBesuControllerBuilder | Imported #58 / 0 tx / 0 pending / 0 (0.0%) gas / (0xa96b75ddf0b675641c338d474ba70f4947e770422a158fe04deda620190b8e45)
2026-10-07 21:29:09.480+00:00 | BftProcessorExecutor-QBFT-0 | INFO  | QbftBesuControllerBuilder | Imported #59 / 0 tx / 0 pending / 0 (0.0%) gas / (0xae619f8feca6cc791d787b77ace11aa405cee41511a4fddf49ef8425584cb5ca)
2026-10-07 21:29:11.252+00:00 | BftProcessorExecutor-QBFT-0 | INFO  | QbftBesuControllerBuilder | Imported #60 / 0 tx / 0 pending / 0 (0.0%) gas / (0x3aa0b949d2ef7f981ce1bf54fa83cdac28f76ca611cd9692ce7c54af2d589933)
2026-10-07 21:29:11.257+00:00 | EthScheduler-Workers-0 | INFO  | PersistBlockTask | Block 60 (0x3aa0b949d2ef7f981ce1bf54fa83cdac28f76ca611cd9692ce7c54af2d589933) is already imported
2026-10-07 21:29:13.254+00:00 | BftProcessorExecutor-QBFT-0 | INFO  | QbftBesuControllerBuilder | Imported #61 / 0 tx / 0 pending / 0 (0.0%) gas / (0x8d7077f0e9792787530beb792356a4e76a65a1bd33d7c8787ca56efe801f7cbd)
2026-10-07 21:29:15.240+00:00 | BftProcessorExecutor-QBFT-0 | INFO  | QbftBesuControllerBuilder | Imported #62 / 0 tx / 0 pending / 0 (0.0%) gas / (0xa9d23341aa4956e2513794b8a2ff3adc7583da85e95a21661de5ee754ef9d58c)
2026-10-07 21:29:17.338+00:00 | BftProcessorExecutor-QBFT-0 | INFO  | QbftBesuControllerBuilder | Imported #63 / 9 tx / 119 pending / 1,382,734 (0.0%) gas / (0xe9ec96060f244ab88c0b9d3d78a92136a551f5822f05ea1a7591231c495b5635)
2026-10-07 21:29:19.300+00:00 | BftProcessorExecutor-QBFT-0 | INFO  | QbftBesuControllerBuilder | Imported #64 / 9 tx / 110 pending / 1,382,658 (0.0%) gas / (0x7f2e766a362745119bcf3384f45ed3f85954c0b64ffe48632adb6aeedae3df2f)
2026-10-07 21:29:21.299+00:00 | BftProcessorExecutor-QBFT-0 | INFO  | QbftBesuControllerBuilder | Imported #65 / 9 tx / 101 pending / 1,382,722 (0.0%) gas / (0xf9651626abff000033b1cbd061babbb62f84c1cab1757ed5d5e6f31202de38af)
2026-10-07 21:29:23.418+00:00 | EthScheduler-Workers-0 | INFO  | PersistBlockTask | Block 66 (0x7957441ebf9b4bac59aa85485fb82d58e352fd2ee633c5a264bf2d698f8b84b2) is already imported
2026-10-07 21:29:23.418+00:00 | BftProcessorExecutor-QBFT-0 | INFO  | QbftBesuControllerBuilder | Imported #66 / 9 tx / 92 pending / 1,382,654 (0.0%) gas / (0x7957441ebf9b4bac59aa85485fb82d58e352fd2ee633c5a264bf2d698f8b84b2)
2026-10-07 21:29:25.412+00:00 | EthScheduler-Workers-0 | INFO  | PersistBlockTask | Block 67 (0x658b7c4b67a32695e4e89bd647ded0f68f474744f3b663771c748d36630c6c99) is already imported
2026-10-07 21:29:25.412+00:00 | BftProcessorExecutor-QBFT-0 | INFO  | QbftBesuControllerBuilder | Imported #67 / 9 tx / 83 pending / 1,382,738 (0.0%) gas / (0x658b7c4b67a32695e4e89bd647ded0f68f474744f3b663771c748d36630c6c99)
2026-10-07 21:29:27.346+00:00 | BftProcessorExecutor-QBFT-0 | INFO  | QbftBesuControllerBuilder | Imported #68 / 8 tx / 75 pending / 1,229,084 (0.0%) gas / (0x9b217bb63441a69b0d7e089d0c796a081aa89b6fab05060ce1796a3273c3fa35)
2026-10-07 21:29:29.404+00:00 | EthScheduler-Workers-0 | INFO  | PersistBlockTask | Block 69 (0x06656edf8e483cd0c4f6583f3e02f26f7eaf8d213000522fe7e279e361fd8a39) is already imported
2026-10-07 21:29:29.405+00:00 | BftProcessorExecutor-QBFT-0 | INFO  | QbftBesuControllerBuilder | Imported #69 / 8 tx / 67 pending / 1,229,016 (0.0%) gas / (0x06656edf8e483cd0c4f6583f3e02f26f7eaf8d213000522fe7e279e361fd8a39)
2026-10-07 21:29:31.376+00:00 | BftProcessorExecutor-QBFT-0 | INFO  | QbftBesuControllerBuilder | Imported #70 / 8 tx / 59 pending / 1,229,096 (0.0%) gas / (0xe106978019f1da1c3284637cc13adb09f77acec9a4d84b625f4c68ebe8e69a87)
2026-10-07 21:29:31.376+00:00 | EthScheduler-Workers-0 | INFO  | PersistBlockTask | Block 70 (0xe106978019f1da1c3284637cc13adb09f77acec9a4d84b625f4c68ebe8e69a87) is already imported
2026-10-07 21:29:33.397+00:00 | BftProcessorExecutor-QBFT-0 | INFO  | QbftBesuControllerBuilder | Produced #71 / 8 tx / 51 pending / 1,229,080 (0.0%) gas / (0x640f4cce074a17feb226b46218b91de49f265e6fb6b91fd8071c2c0121f85246)
2026-10-07 21:29:35.605+00:00 | EthScheduler-Workers-0 | INFO  | PersistBlockTask | Block 72 (0x2d5d1039b48d03fc0ec99f869ab96182fc7322544cb9f9cff8976e94f0d9ddf3) is already imported
2026-10-07 21:29:35.605+00:00 | BftProcessorExecutor-QBFT-0 | INFO  | QbftBesuControllerBuilder | Imported #72 / 8 tx / 43 pending / 1,229,076 (0.0%) gas / (0x2d5d1039b48d03fc0ec99f869ab96182fc7322544cb9f9cff8976e94f0d9ddf3)
2026-10-07 21:29:37.595+00:00 | EthScheduler-Workers-0 | INFO  | PersistBlockTask | Block 73 (0xe2b8b5c0987057964da4e613c07b94d72643db2ae4f7c9cc2db96e4f4354e66a) is already imported
2026-10-07 21:29:37.596+00:00 | BftProcessorExecutor-QBFT-0 | INFO  | QbftBesuControllerBuilder | Imported #73 / 8 tx / 35 pending / 1,229,004 (0.0%) gas / (0xe2b8b5c0987057964da4e613c07b94d72643db2ae4f7c9cc2db96e4f4354e66a)
2026-10-07 21:29:39.576+00:00 | BftProcessorExecutor-QBFT-0 | INFO  | QbftBesuControllerBuilder | Imported #74 / 8 tx / 27 pending / 1,229,076 (0.0%) gas / (0x6cfd8faf6e3d5324745972a3cc0ab7b1b1ff20775deee25a1e57a584d1764ac2)
2026-10-07 21:29:41.320+00:00 | EthScheduler-Workers-0 | INFO  | PersistBlockTask | Block 75 (0x0fb6d3619d8e61e55042e2937152b2bb5f8d7f4826983cba4a1b8ed6475bdab6) is already imported
2026-10-07 21:29:41.322+00:00 | BftProcessorExecutor-QBFT-0 | INFO  | QbftBesuControllerBuilder | Imported #75 / 9 tx / 18 pending / 1,382,686 (0.0%) gas / (0x0fb6d3619d8e61e55042e2937152b2bb5f8d7f4826983cba4a1b8ed6475bdab6)
2026-10-07 21:29:43.293+00:00 | BftProcessorExecutor-QBFT-0 | INFO  | QbftBesuControllerBuilder | Imported #76 / 9 tx / 9 pending / 1,382,674 (0.0%) gas / (0xe9830c3cd088b96e0d3ef076d790e259fc3113a0875bcc8029924fc24a6eb416)
2026-10-07 21:29:45.314+00:00 | BftProcessorExecutor-QBFT-0 | INFO  | QbftBesuControllerBuilder | Imported #77 / 9 tx / 0 pending / 1,382,722 (0.0%) gas / (0x7df588c9e26eb1e8e0f1d03a9192a580f75b4f425a533a2b0acf9c11c59556d8)
2026-10-07 21:29:47.243+00:00 | BftProcessorExecutor-QBFT-0 | INFO  | QbftBesuControllerBuilder | Imported #78 / 0 tx / 0 pending / 0 (0.0%) gas / (0x430798d166415ae89ec73f99cd9cfe3082446e3fb638fc2040c1c9967fed701f)
2026-10-07 21:29:49.260+00:00 | BftProcessorExecutor-QBFT-0 | INFO  | QbftBesuControllerBuilder | Imported #79 / 0 tx / 0 pending / 0 (0.0%) gas / (0x6d30b8806407d8bdb706c15fdef77afaeae6aa98e43bce288500074df1d69e02)
2026-10-07 21:29:49.261+00:00 | EthScheduler-Workers-0 | INFO  | PersistBlockTask | Block 79 (0x6d30b8806407d8bdb706c15fdef77afaeae6aa98e43bce288500074df1d69e02) is already imported
2026-10-07 21:29:51.255+00:00 | BftProcessorExecutor-QBFT-0 | INFO  | QbftBesuControllerBuilder | Imported #80 / 0 tx / 0 pending / 0 (0.0%) gas / (0x079700cbb88787d94eddc011d952ba83ebd927c46b7af815f080dd07b27426f0)
2026-10-07 21:29:51.258+00:00 | EthScheduler-Workers-0 | INFO  | PersistBlockTask | Block 80 (0x079700cbb88787d94eddc011d952ba83ebd927c46b7af815f080dd07b27426f0) is already imported
2026-10-07 21:29:53.765+00:00 | EthScheduler-Workers-0 | INFO  | PersistBlockTask | Block 81 (0xf2aaa579084ba15002be59fbffaccb2f8c14ff58e82a37f4828b6a1bec2f09bf) is already imported
2026-10-07 21:29:53.765+00:00 | BftProcessorExecutor-QBFT-0 | INFO  | QbftBesuControllerBuilder | Imported #81 / 25 tx / 528 pending / 6,049,250 (0.0%) gas / (0xf2aaa579084ba15002be59fbffaccb2f8c14ff58e82a37f4828b6a1bec2f09bf)
2026-10-07 21:29:56.491+00:00 | EthScheduler-Workers-0 | INFO  | PersistBlockTask | Block 82 (0xb658de685ccf7dd24fa205d4ad9cc3b85a3a514b2cfe72e41aec72ab6a4bc325) is already imported
2026-10-07 21:29:56.494+00:00 | BftProcessorExecutor-QBFT-0 | INFO  | QbftBesuControllerBuilder | Imported #82 / 68 tx / 878 pending / 16,453,960 (0.0%) gas / (0xb658de685ccf7dd24fa205d4ad9cc3b85a3a514b2cfe72e41aec72ab6a4bc325)
2026-10-07 21:29:58.414+00:00 | EthScheduler-Workers-0 | INFO  | PersistBlockTask | Block 83 (0x7f4753757489879646a571604f930e345ab73ef9c61303e87191c56063e68bd4) is already imported
2026-10-07 21:29:58.415+00:00 | BftProcessorExecutor-QBFT-0 | INFO  | QbftBesuControllerBuilder | Imported #83 / 68 tx / 859 pending / 16,453,960 (0.0%) gas / (0x7f4753757489879646a571604f930e345ab73ef9c61303e87191c56063e68bd4)
2026-10-07 21:30:00.413+00:00 | EthScheduler-Workers-0 | INFO  | PersistBlockTask | Block 84 (0x240c77d0b20a06b9f389c339e10586cd97a958adb5c4f5e3ac16445192b438e1) is already imported
2026-10-07 21:30:00.414+00:00 | BftProcessorExecutor-QBFT-0 | INFO  | QbftBesuControllerBuilder | Imported #84 / 68 tx / 795 pending / 16,453,960 (0.0%) gas / (0x240c77d0b20a06b9f389c339e10586cd97a958adb5c4f5e3ac16445192b438e1)
2026-10-07 21:30:02.421+00:00 | EthScheduler-Workers-0 | INFO  | PersistBlockTask | Block 85 (0xa22530d70240ce6e837bb82e30a796436168c4794114bec24306b38b94498f0e) is already imported
2026-10-07 21:30:02.422+00:00 | BftProcessorExecutor-QBFT-0 | INFO  | QbftBesuControllerBuilder | Imported #85 / 68 tx / 727 pending / 16,453,960 (0.0%) gas / (0xa22530d70240ce6e837bb82e30a796436168c4794114bec24306b38b94498f0e)
2026-10-07 21:30:04.407+00:00 | EthScheduler-Workers-0 | INFO  | PersistBlockTask | Block 86 (0x0762d9fb8af6542f09ef702f63c78c0b3ecbd048b83e2346dfe1fff4394d75e5) is already imported
2026-10-07 21:30:04.408+00:00 | BftProcessorExecutor-QBFT-0 | INFO  | QbftBesuControllerBuilder | Produced #86 / 68 tx / 659 pending / 16,453,960 (0.0%) gas / (0x0762d9fb8af6542f09ef702f63c78c0b3ecbd048b83e2346dfe1fff4394d75e5)
2026-10-07 21:30:06.616+00:00 | EthScheduler-Workers-0 | INFO  | PersistBlockTask | Block 87 (0x0340d021fff1074f967970d2d07413265e101d1acf7cd5977a7ef2fe939d9415) is already imported
2026-10-07 21:30:06.622+00:00 | BftProcessorExecutor-QBFT-0 | INFO  | QbftBesuControllerBuilder | Imported #87 / 68 tx / 591 pending / 16,453,960 (0.0%) gas / (0x0340d021fff1074f967970d2d07413265e101d1acf7cd5977a7ef2fe939d9415)
2026-10-07 21:30:08.707+00:00 | EthScheduler-Workers-0 | INFO  | PersistBlockTask | Block 88 (0x330542c0ca2bb371613a5c66b40b23d004dc26f9824367a5cf43a7262470829b) is already imported
2026-10-07 21:30:08.708+00:00 | BftProcessorExecutor-QBFT-0 | INFO  | QbftBesuControllerBuilder | Imported #88 / 68 tx / 523 pending / 16,453,960 (0.0%) gas / (0x330542c0ca2bb371613a5c66b40b23d004dc26f9824367a5cf43a7262470829b)
2026-10-07 21:30:10.657+00:00 | EthScheduler-Workers-0 | INFO  | PersistBlockTask | Block 89 (0x6167d2d3b43675a69ec4ba0c1de18b2d6f7ec471994830f1914100ad7eddf85a) is already imported
2026-10-07 21:30:10.657+00:00 | BftProcessorExecutor-QBFT-0 | INFO  | QbftBesuControllerBuilder | Imported #89 / 68 tx / 455 pending / 16,453,960 (0.0%) gas / (0x6167d2d3b43675a69ec4ba0c1de18b2d6f7ec471994830f1914100ad7eddf85a)
2026-10-07 21:30:12.400+00:00 | EthScheduler-Workers-0 | INFO  | PersistBlockTask | Block 90 (0xd186ea08c8c4fdf70af44c6ba992490a2b3db8aeeb4014e5ffe23ec1cc8f36e0) is already imported
2026-10-07 21:30:12.401+00:00 | BftProcessorExecutor-QBFT-0 | INFO  | QbftBesuControllerBuilder | Imported #90 / 69 tx / 386 pending / 16,695,930 (0.0%) gas / (0xd186ea08c8c4fdf70af44c6ba992490a2b3db8aeeb4014e5ffe23ec1cc8f36e0)
2026-10-07 21:30:14.348+00:00 | EthScheduler-Workers-0 | INFO  | PersistBlockTask | Block 91 (0xcdee2d8d8ae80ad5ae516f24575140fbcc000ce652aab48aa8caf423a30aea37) is already imported
2026-10-07 21:30:14.349+00:00 | BftProcessorExecutor-QBFT-0 | INFO  | QbftBesuControllerBuilder | Imported #91 / 69 tx / 317 pending / 16,695,930 (0.0%) gas / (0xcdee2d8d8ae80ad5ae516f24575140fbcc000ce652aab48aa8caf423a30aea37)
2026-10-07 21:30:16.379+00:00 | EthScheduler-Workers-0 | INFO  | PersistBlockTask | Block 92 (0x4b8009ec04edcbb3fe1d031d0e2c9c0b3995feec50cbadff9c25d9af3be086c7) is already imported
2026-10-07 21:30:16.379+00:00 | BftProcessorExecutor-QBFT-0 | INFO  | QbftBesuControllerBuilder | Imported #92 / 69 tx / 248 pending / 16,695,930 (0.0%) gas / (0x4b8009ec04edcbb3fe1d031d0e2c9c0b3995feec50cbadff9c25d9af3be086c7)
2026-10-07 21:30:18.401+00:00 | EthScheduler-Workers-0 | INFO  | PersistBlockTask | Block 93 (0x63ee56b8755a8cdac58082da41b39585fb5213b567bd9c4272089a99f4590058) is already imported
2026-10-07 21:30:18.401+00:00 | BftProcessorExecutor-QBFT-0 | INFO  | QbftBesuControllerBuilder | Imported #93 / 69 tx / 179 pending / 16,695,930 (0.0%) gas / (0x63ee56b8755a8cdac58082da41b39585fb5213b567bd9c4272089a99f4590058)
2026-10-07 21:30:20.375+00:00 | EthScheduler-Workers-0 | INFO  | PersistBlockTask | Block 94 (0x3efd9a137cd9febe9d7c39750a3a141a87f4590606e30657e1d4bbce2bd21be1) is already imported
2026-10-07 21:30:20.375+00:00 | BftProcessorExecutor-QBFT-0 | INFO  | QbftBesuControllerBuilder | Imported #94 / 68 tx / 111 pending / 16,453,960 (0.0%) gas / (0x3efd9a137cd9febe9d7c39750a3a141a87f4590606e30657e1d4bbce2bd21be1)
2026-10-07 21:30:22.368+00:00 | EthScheduler-Workers-0 | INFO  | PersistBlockTask | Block 95 (0xefab77a384bc0562d0768423be19f42434745307443f67fade301d175824a935) is already imported
2026-10-07 21:30:22.368+00:00 | BftProcessorExecutor-QBFT-0 | INFO  | QbftBesuControllerBuilder | Imported #95 / 68 tx / 43 pending / 16,453,960 (0.0%) gas / (0xefab77a384bc0562d0768423be19f42434745307443f67fade301d175824a935)
2026-10-07 21:30:24.066+00:00 | EthScheduler-Workers-0 | INFO  | PersistBlockTask | Block 96 (0x420897cd3042035a0a452c740d4eb86599ddc342924085bc404bd00ed04199dd) is already imported
2026-10-07 21:30:24.066+00:00 | BftProcessorExecutor-QBFT-0 | INFO  | QbftBesuControllerBuilder | Imported #96 / 43 tx / 0 pending / 10,404,710 (0.0%) gas / (0x420897cd3042035a0a452c740d4eb86599ddc342924085bc404bd00ed04199dd)
2026-10-07 21:30:25.322+00:00 | BftProcessorExecutor-QBFT-0 | INFO  | QbftBesuControllerBuilder | Imported #97 / 0 tx / 0 pending / 0 (0.0%) gas / (0xa4fbca10da674aca8a12bc45d17f422ae088efba74922f43bb892bbe99eccd78)
2026-10-07 21:30:27.342+00:00 | EthScheduler-Workers-0 | INFO  | PersistBlockTask | Block 98 (0x5c936876443aa4bdcf2ca6e0cbec206e6bb9648027facee9d6142d3afe14033b) is already imported
2026-10-07 21:30:27.343+00:00 | BftProcessorExecutor-QBFT-0 | INFO  | QbftBesuControllerBuilder | Imported #98 / 0 tx / 0 pending / 0 (0.0%) gas / (0x5c936876443aa4bdcf2ca6e0cbec206e6bb9648027facee9d6142d3afe14033b)
2026-10-07 21:30:29.332+00:00 | EthScheduler-Workers-0 | INFO  | PersistBlockTask | Block 99 (0x61848d49ed75d512ef9bee989671406ebefd3203f695d517335d8d897194c45e) is already imported
2026-10-07 21:30:29.333+00:00 | BftProcessorExecutor-QBFT-0 | INFO  | QbftBesuControllerBuilder | Imported #99 / 0 tx / 0 pending / 0 (0.0%) gas / (0x61848d49ed75d512ef9bee989671406ebefd3203f695d517335d8d897194c45e)
2026-10-07 21:30:31.323+00:00 | BftProcessorExecutor-QBFT-0 | INFO  | QbftBesuControllerBuilder | Imported #100 / 0 tx / 0 pending / 0 (0.0%) gas / (0x952f78e8260b3a9d5b9f731d8bd0039b5845ca42383a3c642568fd73683e47fc)
2026-10-07 21:30:33.317+00:00 | BftProcessorExecutor-QBFT-0 | INFO  | QbftBesuControllerBuilder | Produced #101 / 0 tx / 0 pending / 0 (0.0%) gas / (0xb178b574a4cc535f7c13029a33759a0cdbe259888ca0cfe5d1e11832e559fb32)
2026-10-07 21:30:35.449+00:00 | BftProcessorExecutor-QBFT-0 | INFO  | QbftBesuControllerBuilder | Imported #102 / 0 tx / 0 pending / 0 (0.0%) gas / (0x8625e62d25aaa7cbac8fa623a1a6dc772bd253317d5f60ff1ab42d7adf7a40ba)
2026-10-07 21:30:37.513+00:00 | BftProcessorExecutor-QBFT-0 | INFO  | QbftBesuControllerBuilder | Imported #103 / 0 tx / 0 pending / 0 (0.0%) gas / (0xa05f6383bbe53586a647e74c61ca9519e638827db278c7e3e613b1a51a864abb)
2026-10-07 21:30:39.555+00:00 | EthScheduler-Workers-0 | INFO  | PersistBlockTask | Block 104 (0x5bf426a6400100dbc60c2c270187232352707f9186aa6b1da4d17e8d94a03319) is already imported
2026-10-07 21:30:39.555+00:00 | BftProcessorExecutor-QBFT-0 | INFO  | QbftBesuControllerBuilder | Imported #104 / 8 tx / 120 pending / 1,229,080 (0.0%) gas / (0x5bf426a6400100dbc60c2c270187232352707f9186aa6b1da4d17e8d94a03319)
2026-10-07 21:30:41.306+00:00 | EthScheduler-Workers-0 | INFO  | PersistBlockTask | Block 105 (0x55c30ad2c123ec6fe7f00730f13d475620a5aa26d9ce4ad583f5e87bd42a86ef) is already imported
2026-10-07 21:30:41.306+00:00 | BftProcessorExecutor-QBFT-0 | INFO  | QbftBesuControllerBuilder | Imported #105 / 9 tx / 111 pending / 1,382,722 (0.0%) gas / (0x55c30ad2c123ec6fe7f00730f13d475620a5aa26d9ce4ad583f5e87bd42a86ef)
2026-10-07 21:30:43.283+00:00 | BftProcessorExecutor-QBFT-0 | INFO  | QbftBesuControllerBuilder | Imported #106 / 9 tx / 102 pending / 1,382,706 (0.0%) gas / (0xbdc627cf4e18497206d12a784ac93d39a8834be13cf668d724e719906a14902b)
2026-10-07 21:30:45.300+00:00 | EthScheduler-Workers-0 | INFO  | PersistBlockTask | Block 107 (0xb4662aa17ec103b56f726d9fe71ab64cd036d5a6f87ad95e433145f350823088) is already imported
2026-10-07 21:30:45.301+00:00 | BftProcessorExecutor-QBFT-0 | INFO  | QbftBesuControllerBuilder | Imported #107 / 9 tx / 93 pending / 1,382,646 (0.0%) gas / (0xb4662aa17ec103b56f726d9fe71ab64cd036d5a6f87ad95e433145f350823088)
2026-10-07 21:30:47.320+00:00 | BftProcessorExecutor-QBFT-0 | INFO  | QbftBesuControllerBuilder | Imported #108 / 9 tx / 84 pending / 1,382,710 (0.0%) gas / (0x427a5018a2976cc63c2fe57fdb905e399dc808c98e30b1fe0a20ed92815a8730)
2026-10-07 21:30:47.320+00:00 | EthScheduler-Workers-0 | INFO  | PersistBlockTask | Block 108 (0x427a5018a2976cc63c2fe57fdb905e399dc808c98e30b1fe0a20ed92815a8730) is already imported
2026-10-07 21:30:49.361+00:00 | BftProcessorExecutor-QBFT-0 | INFO  | QbftBesuControllerBuilder | Imported #109 / 9 tx / 75 pending / 1,382,758 (0.0%) gas / (0xe93477c43e72eafcec25226ff3bb82b6388fe3f4ea98ac0175d7e51d33a78a8c)
2026-10-07 21:30:49.361+00:00 | EthScheduler-Workers-0 | INFO  | PersistBlockTask | Block 109 (0xe93477c43e72eafcec25226ff3bb82b6388fe3f4ea98ac0175d7e51d33a78a8c) is already imported
2026-10-07 21:30:51.330+00:00 | EthScheduler-Workers-0 | INFO  | PersistBlockTask | Block 110 (0x7aa4e96251e27db026f9ae21badaf8017fca4f9a2e16cd0034e0df369ac8c678) is already imported
2026-10-07 21:30:51.331+00:00 | BftProcessorExecutor-QBFT-0 | INFO  | QbftBesuControllerBuilder | Imported #110 / 9 tx / 66 pending / 1,382,722 (0.0%) gas / (0x7aa4e96251e27db026f9ae21badaf8017fca4f9a2e16cd0034e0df369ac8c678)
2026-10-07 21:30:53.393+00:00 | BftProcessorExecutor-QBFT-0 | INFO  | QbftBesuControllerBuilder | Imported #111 / 9 tx / 57 pending / 1,382,750 (0.0%) gas / (0xffb507e965c7cc2c8cf91a366cb175ec4012aa7036ec23d22ec918d186c316f1)
2026-10-07 21:30:55.384+00:00 | BftProcessorExecutor-QBFT-0 | INFO  | QbftBesuControllerBuilder | Imported #112 / 9 tx / 48 pending / 1,382,646 (0.0%) gas / (0x8c30fda0cffb5c040580bbc349c8d23129d6275a0c824223619fac37307e17a3)
2026-10-07 21:30:57.344+00:00 | BftProcessorExecutor-QBFT-0 | INFO  | QbftBesuControllerBuilder | Imported #113 / 8 tx / 40 pending / 1,229,056 (0.0%) gas / (0xe503bd181287191ac6ea0ac9739f13a3ac7a460c776c3271ced0a7046d97d6dd)
2026-10-07 21:30:59.405+00:00 | BftProcessorExecutor-QBFT-0 | INFO  | QbftBesuControllerBuilder | Imported #114 / 8 tx / 32 pending / 1,229,000 (0.0%) gas / (0xea656c5be9f5f9265c779bb4da428239792a08d783066bd6cf44ec513344382a)
2026-10-07 21:30:59.406+00:00 | EthScheduler-Workers-0 | INFO  | PersistBlockTask | Block 114 (0xea656c5be9f5f9265c779bb4da428239792a08d783066bd6cf44ec513344382a) is already imported
2026-10-07 21:31:01.368+00:00 | BftProcessorExecutor-QBFT-0 | INFO  | QbftBesuControllerBuilder | Imported #115 / 8 tx / 24 pending / 1,229,136 (0.0%) gas / (0x6181dbdce1cbbeceee4eb82847c3fcc8c6ea6c2a6cfe215df7c683029797aa7f)
2026-10-07 21:31:01.374+00:00 | EthScheduler-Workers-0 | INFO  | PersistBlockTask | Block 115 (0x6181dbdce1cbbeceee4eb82847c3fcc8c6ea6c2a6cfe215df7c683029797aa7f) is already imported
2026-10-07 21:31:03.367+00:00 | BftProcessorExecutor-QBFT-0 | INFO  | QbftBesuControllerBuilder | Produced #116 / 8 tx / 16 pending / 1,229,148 (0.0%) gas / (0x0e210f4941ffc4b19d3795d6776dbc6e114a495d7fb9676a808744e120785319)
2026-10-07 21:31:05.556+00:00 | BftProcessorExecutor-QBFT-0 | INFO  | QbftBesuControllerBuilder | Imported #117 / 8 tx / 8 pending / 1,229,076 (0.0%) gas / (0x86044aa0e13134b7f532979672ad816a8b51c2de7ea6c2f77b4f22d2c7d821e7)
2026-10-07 21:31:05.556+00:00 | EthScheduler-Workers-0 | INFO  | PersistBlockTask | Block 117 (0x86044aa0e13134b7f532979672ad816a8b51c2de7ea6c2f77b4f22d2c7d821e7) is already imported
2026-10-07 21:31:07.573+00:00 | BftProcessorExecutor-QBFT-0 | INFO  | QbftBesuControllerBuilder | Imported #118 / 8 tx / 0 pending / 1,229,096 (0.0%) gas / (0xeffaaae72fe904f85ea1f5eb2adced9651e6d5ff62100a66aec2f8e2cec86867)
2026-10-07 21:31:09.502+00:00 | BftProcessorExecutor-QBFT-0 | INFO  | QbftBesuControllerBuilder | Imported #119 / 0 tx / 0 pending / 0 (0.0%) gas / (0x38f268829b175b09682c59cd59485b86d8ba0b4a7044712d428fa3b6e6eaca07)
2026-10-07 21:31:11.248+00:00 | BftProcessorExecutor-QBFT-0 | INFO  | QbftBesuControllerBuilder | Imported #120 / 0 tx / 0 pending / 0 (0.0%) gas / (0x6d04d0a51542fdcdc527d217d157d8745e32b9e28f805b725b164cd4633f3a06)
2026-10-07 21:31:13.250+00:00 | BftProcessorExecutor-QBFT-0 | INFO  | QbftBesuControllerBuilder | Imported #121 / 0 tx / 0 pending / 0 (0.0%) gas / (0x5831c63fc216ed62cf20a9a15d4e1c3818031b59f013cbb5e1e052d084e8e02a)
2026-10-07 21:31:13.250+00:00 | EthScheduler-Workers-0 | INFO  | PersistBlockTask | Block 121 (0x5831c63fc216ed62cf20a9a15d4e1c3818031b59f013cbb5e1e052d084e8e02a) is already imported
2026-10-07 21:31:15.412+00:00 | EthScheduler-Workers-0 | INFO  | PersistBlockTask | Block 122 (0x9904b2733d07f7b88242b627cf7f36a9e6bc02f1ed48a4b4a29b39c36f697a48) is already imported
2026-10-07 21:31:15.413+00:00 | BftProcessorExecutor-QBFT-0 | INFO  | QbftBesuControllerBuilder | Imported #122 / 8 tx / 181 pending / 1,935,760 (0.0%) gas / (0x9904b2733d07f7b88242b627cf7f36a9e6bc02f1ed48a4b4a29b39c36f697a48)
2026-10-07 21:31:18.052+00:00 | EthScheduler-Workers-0 | INFO  | PersistBlockTask | Block 123 (0xffd367dd239adf576987d3343d5b31658cb33ab92b40e90c4b76bb1debf2f40b) is already imported
2026-10-07 21:31:18.053+00:00 | BftProcessorExecutor-QBFT-0 | INFO  | QbftBesuControllerBuilder | Imported #123 / 48 tx / 833 pending / 11,614,560 (0.0%) gas / (0xffd367dd239adf576987d3343d5b31658cb33ab92b40e90c4b76bb1debf2f40b)
2026-10-07 21:31:20.218+00:00 | BftProcessorExecutor-QBFT-0 | INFO  | QbftBesuControllerBuilder | Imported #124 / 68 tx / 881 pending / 16,453,960 (0.0%) gas / (0xd3f5717745785e9adcc6cfb27811d99ae85f2012eea123bc4812985140e21be5)
2026-10-07 21:31:22.328+00:00 | EthScheduler-Workers-0 | INFO  | PersistBlockTask | Block 125 (0x1c0ff4205832132ec05412e017253aef5cdfa51e075ba6c83613325d99d7fe9c) is already imported
2026-10-07 21:31:22.329+00:00 | BftProcessorExecutor-QBFT-0 | INFO  | QbftBesuControllerBuilder | Imported #125 / 68 tx / 832 pending / 16,453,960 (0.0%) gas / (0x1c0ff4205832132ec05412e017253aef5cdfa51e075ba6c83613325d99d7fe9c)
2026-10-07 21:31:24.512+00:00 | EthScheduler-Workers-0 | INFO  | PersistBlockTask | Block 126 (0xf90e28b2fabfa665738e427876ba1845bf564215f127596b240d73f7144e58c5) is already imported
2026-10-07 21:31:24.515+00:00 | BftProcessorExecutor-QBFT-0 | INFO  | QbftBesuControllerBuilder | Imported #126 / 68 tx / 764 pending / 16,453,960 (0.0%) gas / (0xf90e28b2fabfa665738e427876ba1845bf564215f127596b240d73f7144e58c5)
2026-10-07 21:31:26.429+00:00 | EthScheduler-Workers-0 | INFO  | PersistBlockTask | Block 127 (0x7591f56830db77448020a8f3669669c290b8acb2ae0387b20ba8526cb24f9c8c) is already imported
2026-10-07 21:31:26.429+00:00 | BftProcessorExecutor-QBFT-0 | INFO  | QbftBesuControllerBuilder | Imported #127 / 68 tx / 696 pending / 16,453,960 (0.0%) gas / (0x7591f56830db77448020a8f3669669c290b8acb2ae0387b20ba8526cb24f9c8c)
2026-10-07 21:31:28.411+00:00 | EthScheduler-Workers-0 | INFO  | PersistBlockTask | Block 128 (0x5ee8103dc48786af2514bc551da218452d302e55db8d55e6b0ad4af0501b5849) is already imported
2026-10-07 21:31:28.412+00:00 | BftProcessorExecutor-QBFT-0 | INFO  | QbftBesuControllerBuilder | Imported #128 / 68 tx / 628 pending / 16,453,960 (0.0%) gas / (0x5ee8103dc48786af2514bc551da218452d302e55db8d55e6b0ad4af0501b5849)
2026-10-07 21:31:30.438+00:00 | EthScheduler-Workers-0 | INFO  | PersistBlockTask | Block 129 (0xa12b575c3bc03c39262f1900302add22e2a372f1b23c63f212ad625104e4d3da) is already imported
2026-10-07 21:31:30.439+00:00 | BftProcessorExecutor-QBFT-0 | INFO  | QbftBesuControllerBuilder | Imported #129 / 68 tx / 560 pending / 16,453,960 (0.0%) gas / (0xa12b575c3bc03c39262f1900302add22e2a372f1b23c63f212ad625104e4d3da)
2026-10-07 21:31:32.399+00:00 | EthScheduler-Workers-0 | INFO  | PersistBlockTask | Block 130 (0x369c3bec92f522902c832b4e467598050c5ef4a956b2c0fed0d4e2c0ed711d70) is already imported
2026-10-07 21:31:32.401+00:00 | BftProcessorExecutor-QBFT-0 | INFO  | QbftBesuControllerBuilder | Imported #130 / 68 tx / 492 pending / 16,453,960 (0.0%) gas / (0x369c3bec92f522902c832b4e467598050c5ef4a956b2c0fed0d4e2c0ed711d70)
2026-10-07 21:31:34.351+00:00 | EthScheduler-Workers-0 | INFO  | PersistBlockTask | Block 131 (0x9525eb9f5ff43207c5f06087a9d3ebc8f1d2f2101494157939e19f55486e086c) is already imported
2026-10-07 21:31:34.351+00:00 | BftProcessorExecutor-QBFT-0 | INFO  | QbftBesuControllerBuilder | Produced #131 / 68 tx / 492 pending / 16,453,960 (0.0%) gas / (0x9525eb9f5ff43207c5f06087a9d3ebc8f1d2f2101494157939e19f55486e086c)
2026-10-07 21:31:36.628+00:00 | EthScheduler-Workers-0 | INFO  | PersistBlockTask | Block 132 (0xf7cdedf548aa6c590756e06406028680062f3df18121f11b7ab36d6ce79677e3) is already imported
2026-10-07 21:31:36.629+00:00 | BftProcessorExecutor-QBFT-0 | INFO  | QbftBesuControllerBuilder | Imported #132 / 68 tx / 356 pending / 16,453,960 (0.0%) gas / (0xf7cdedf548aa6c590756e06406028680062f3df18121f11b7ab36d6ce79677e3)
2026-10-07 21:31:38.598+00:00 | BftProcessorExecutor-QBFT-0 | INFO  | QbftBesuControllerBuilder | Imported #133 / 68 tx / 288 pending / 16,453,960 (0.0%) gas / (0xd055b3dabfd46b7b9d6c6fe2832ffaca3c09983d413b9e874f99d82976db3f3a)
2026-10-07 21:31:40.599+00:00 | EthScheduler-Workers-0 | INFO  | PersistBlockTask | Block 134 (0xce9e5ec189b9c175378ece0096b77ccdc300709f669d79df92898c224d4c5ea4) is already imported
2026-10-07 21:31:40.599+00:00 | BftProcessorExecutor-QBFT-0 | INFO  | QbftBesuControllerBuilder | Imported #134 / 68 tx / 220 pending / 16,453,960 (0.0%) gas / (0xce9e5ec189b9c175378ece0096b77ccdc300709f669d79df92898c224d4c5ea4)
2026-10-07 21:31:42.290+00:00 | EthScheduler-Workers-0 | INFO  | PersistBlockTask | Block 135 (0xe9f992653d6a3fd3e5eaa2cc1bdd92d6916a5ad9ed10f061c60097873ad6d605) is already imported
2026-10-07 21:31:42.290+00:00 | BftProcessorExecutor-QBFT-0 | INFO  | QbftBesuControllerBuilder | Imported #135 / 69 tx / 151 pending / 16,695,930 (0.0%) gas / (0xe9f992653d6a3fd3e5eaa2cc1bdd92d6916a5ad9ed10f061c60097873ad6d605)
2026-10-07 21:31:44.410+00:00 | EthScheduler-Workers-0 | INFO  | PersistBlockTask | Block 136 (0x924869640144c5074b0d26649f8e0b77f8b7b7c19399fb8c56655a881e0dc16b) is already imported
2026-10-07 21:31:44.410+00:00 | BftProcessorExecutor-QBFT-0 | INFO  | QbftBesuControllerBuilder | Imported #136 / 69 tx / 82 pending / 16,695,930 (0.0%) gas / (0x924869640144c5074b0d26649f8e0b77f8b7b7c19399fb8c56655a881e0dc16b)
2026-10-07 21:31:46.233+00:00 | BftProcessorExecutor-QBFT-0 | INFO  | QbftBesuControllerBuilder | Imported #137 / 61 tx / 21 pending / 14,760,170 (0.0%) gas / (0xcd6a9b393c6f938acd8abd1997ee47abaf2c9a3f3642906680e10b970ca469e2)
2026-10-07 21:31:46.233+00:00 | EthScheduler-Workers-0 | INFO  | PersistBlockTask | Block 137 (0xcd6a9b393c6f938acd8abd1997ee47abaf2c9a3f3642906680e10b970ca469e2) is already imported
2026-10-07 21:31:47.572+00:00 | BftProcessorExecutor-QBFT-0 | INFO  | QbftBesuControllerBuilder | Imported #138 / 21 tx / 0 pending / 5,081,370 (0.0%) gas / (0xb7e8bdd72213d1954dc0fa64d9f5bc863b9eed341192beb33018bd5926318b91)
2026-10-07 21:31:49.247+00:00 | EthScheduler-Workers-0 | INFO  | PersistBlockTask | Block 139 (0xbeb14d4794fc53bc5d62748fb718641fcaa1e0d8d6dd1cb1d24c9295058e7490) is already imported
2026-10-07 21:31:49.248+00:00 | BftProcessorExecutor-QBFT-0 | INFO  | QbftBesuControllerBuilder | Imported #139 / 0 tx / 0 pending / 0 (0.0%) gas / (0xbeb14d4794fc53bc5d62748fb718641fcaa1e0d8d6dd1cb1d24c9295058e7490)
2026-10-07 21:31:51.253+00:00 | BftProcessorExecutor-QBFT-0 | INFO  | QbftBesuControllerBuilder | Imported #140 / 0 tx / 0 pending / 0 (0.0%) gas / (0x4e22888628b096e62394b4f55261fab6b0b09b3b4eb99aa3bd71f68414c07119)
2026-10-07 21:31:53.342+00:00 | BftProcessorExecutor-QBFT-0 | INFO  | QbftBesuControllerBuilder | Imported #141 / 0 tx / 0 pending / 0 (0.0%) gas / (0x56d57d758887b1ab1c47552c60a3c7c11e96f383faa7fb4eb6fdad4e6b342d17)
2026-10-07 21:31:53.343+00:00 | EthScheduler-Workers-0 | INFO  | PersistBlockTask | Block 141 (0x56d57d758887b1ab1c47552c60a3c7c11e96f383faa7fb4eb6fdad4e6b342d17) is already imported
2026-10-07 21:31:55.325+00:00 | BftProcessorExecutor-QBFT-0 | INFO  | QbftBesuControllerBuilder | Imported #142 / 0 tx / 0 pending / 0 (0.0%) gas / (0x541f7e7dbed07e18b55fa7395cc6d6a8667484cf7ef4eadd609b9d2965d4406d)
2026-10-07 21:31:57.334+00:00 | BftProcessorExecutor-QBFT-0 | INFO  | QbftBesuControllerBuilder | Imported #143 / 0 tx / 0 pending / 0 (0.0%) gas / (0xcde0dafc59f2c3efa0c07bd00b897249b6ad92eab0636834aba034c0930ad63c)
2026-10-07 21:31:57.337+00:00 | EthScheduler-Workers-0 | INFO  | PersistBlockTask | Block 143 (0xcde0dafc59f2c3efa0c07bd00b897249b6ad92eab0636834aba034c0930ad63c) is already imported
2026-10-07 21:31:59.334+00:00 | BftProcessorExecutor-QBFT-0 | INFO  | QbftBesuControllerBuilder | Imported #144 / 0 tx / 0 pending / 0 (0.0%) gas / (0x9d17baa292805080fa2584e53e1700af9b7f050562e8e3405dfd29488f7f79fe)
2026-10-07 21:32:01.337+00:00 | BftProcessorExecutor-QBFT-0 | INFO  | QbftBesuControllerBuilder | Imported #145 / 0 tx / 0 pending / 0 (0.0%) gas / (0xbb08aab1135ab75d689a240d1d647d8c8b91c021e44131ad0a5310698d34242a)
2026-10-07 21:32:03.355+00:00 | BftProcessorExecutor-QBFT-0 | INFO  | QbftBesuControllerBuilder | Produced #146 / 8 tx / 120 pending / 1,229,140 (0.0%) gas / (0x8e0506398ef072a9b2d7720cd7ce7a160ba806b96fcfb47adfd1255df35aacad)
2026-10-07 21:32:05.512+00:00 | BftProcessorExecutor-QBFT-0 | INFO  | QbftBesuControllerBuilder | Imported #147 / 8 tx / 112 pending / 1,229,024 (0.0%) gas / (0x048e09084f266013f842735495d5e589e40869d6fc879c27ec593d19f475bd88)
2026-10-07 21:32:05.512+00:00 | EthScheduler-Workers-0 | INFO  | PersistBlockTask | Block 147 (0x048e09084f266013f842735495d5e589e40869d6fc879c27ec593d19f475bd88) is already imported
2026-10-07 21:32:07.478+00:00 | BftProcessorExecutor-QBFT-0 | INFO  | QbftBesuControllerBuilder | Imported #148 / 8 tx / 104 pending / 1,229,064 (0.0%) gas / (0xa85943e7f6d0c4c2ddc13dd286bc594ce79f094da5bc95aca363644698cb02a8)
2026-10-07 21:32:09.562+00:00 | BftProcessorExecutor-QBFT-0 | INFO  | QbftBesuControllerBuilder | Imported #149 / 8 tx / 96 pending / 1,229,064 (0.0%) gas / (0xc63483e891923909a2c124897baa33cbd56ea987982f7b5dcdcca1a2992ee0c4)
2026-10-07 21:32:09.562+00:00 | EthScheduler-Workers-0 | INFO  | PersistBlockTask | Block 149 (0xc63483e891923909a2c124897baa33cbd56ea987982f7b5dcdcca1a2992ee0c4) is already imported
2026-10-07 21:32:11.272+00:00 | BftProcessorExecutor-QBFT-0 | INFO  | QbftBesuControllerBuilder | Imported #150 / 9 tx / 87 pending / 1,382,714 (0.0%) gas / (0x2e2d5585a7bf5de4ee97aed325a353d8e1b11e4aa5e0cd123e3e19cd2691b09d)
2026-10-07 21:32:13.318+00:00 | EthScheduler-Workers-0 | INFO  | PersistBlockTask | Block 151 (0x17d6e790551869c4905f9d50902d9f2c20c5812a2d62f3af9bdc9c50a8f49d66) is already imported
2026-10-07 21:32:13.319+00:00 | BftProcessorExecutor-QBFT-0 | INFO  | QbftBesuControllerBuilder | Imported #151 / 9 tx / 78 pending / 1,382,766 (0.0%) gas / (0x17d6e790551869c4905f9d50902d9f2c20c5812a2d62f3af9bdc9c50a8f49d66)
2026-10-07 21:32:15.311+00:00 | BftProcessorExecutor-QBFT-0 | INFO  | QbftBesuControllerBuilder | Imported #152 / 9 tx / 69 pending / 1,382,658 (0.0%) gas / (0xbbc0da78b6650f387aa5594cc7aea11f656858ee01ff307c3333a0443b3a741a)
2026-10-07 21:32:17.310+00:00 | BftProcessorExecutor-QBFT-0 | INFO  | QbftBesuControllerBuilder | Imported #153 / 9 tx / 60 pending / 1,382,714 (0.0%) gas / (0xc94cd0591b7638d2869e090a73f7fae680188eb14dee1d56f9d84f113a910718)
2026-10-07 21:32:19.312+00:00 | BftProcessorExecutor-QBFT-0 | INFO  | QbftBesuControllerBuilder | Imported #154 / 9 tx / 51 pending / 1,382,658 (0.0%) gas / (0xc80f8326f59a0d88f91308ca5828ec6e6b88598079dd6b7427b6473e29e7fbb4)
2026-10-07 21:32:19.312+00:00 | EthScheduler-Workers-0 | INFO  | PersistBlockTask | Block 154 (0xc80f8326f59a0d88f91308ca5828ec6e6b88598079dd6b7427b6473e29e7fbb4) is already imported
2026-10-07 21:32:21.308+00:00 | BftProcessorExecutor-QBFT-0 | INFO  | QbftBesuControllerBuilder | Imported #155 / 9 tx / 42 pending / 1,382,742 (0.0%) gas / (0x2727676cd1bdc70cd5e347d7117a2de04ece18f7c188d25396ae3db639132272)
2026-10-07 21:32:21.308+00:00 | EthScheduler-Workers-0 | INFO  | PersistBlockTask | Block 155 (0x2727676cd1bdc70cd5e347d7117a2de04ece18f7c188d25396ae3db639132272) is already imported
2026-10-07 21:32:23.397+00:00 | EthScheduler-Workers-0 | INFO  | PersistBlockTask | Block 156 (0x805b36e42ced33157f21cb46c3edf862a9e09180412cc6e5f4d8fad4abd63be9) is already imported
2026-10-07 21:32:23.397+00:00 | BftProcessorExecutor-QBFT-0 | INFO  | QbftBesuControllerBuilder | Imported #156 / 9 tx / 33 pending / 1,382,706 (0.0%) gas / (0x805b36e42ced33157f21cb46c3edf862a9e09180412cc6e5f4d8fad4abd63be9)
2026-10-07 21:32:25.394+00:00 | BftProcessorExecutor-QBFT-0 | INFO  | QbftBesuControllerBuilder | Imported #157 / 9 tx / 24 pending / 1,382,642 (0.0%) gas / (0x437b52bc2f9036f0a3249c58cbb4f9c11d500a883d0c20c52e3e40745b1adf94)
2026-10-07 21:32:27.405+00:00 | EthScheduler-Workers-0 | INFO  | PersistBlockTask | Block 158 (0x28233d463fe02eed41847fa0d4575ce9cc5bbb2923fc752865d13df30dfeaea0) is already imported
2026-10-07 21:32:27.405+00:00 | BftProcessorExecutor-QBFT-0 | INFO  | QbftBesuControllerBuilder | Imported #158 / 8 tx / 16 pending / 1,229,084 (0.0%) gas / (0x28233d463fe02eed41847fa0d4575ce9cc5bbb2923fc752865d13df30dfeaea0)
2026-10-07 21:32:29.398+00:00 | EthScheduler-Workers-0 | INFO  | PersistBlockTask | Block 159 (0xfd85c69ba0d5dd107932c3cfebd658df5215a9f2c31ab08af8c9d6e7794f8882) is already imported
2026-10-07 21:32:29.399+00:00 | BftProcessorExecutor-QBFT-0 | INFO  | QbftBesuControllerBuilder | Imported #159 / 8 tx / 8 pending / 1,229,112 (0.0%) gas / (0xfd85c69ba0d5dd107932c3cfebd658df5215a9f2c31ab08af8c9d6e7794f8882)
2026-10-07 21:32:31.367+00:00 | BftProcessorExecutor-QBFT-0 | INFO  | QbftBesuControllerBuilder | Imported #160 / 8 tx / 0 pending / 1,229,104 (0.0%) gas / (0xe2bb2054094bffe33b0ef29765ddefdd7faf96fc4bc76edb76e76a99bb264f06)
2026-10-07 21:32:33.333+00:00 | BftProcessorExecutor-QBFT-0 | INFO  | QbftBesuControllerBuilder | Produced #161 / 0 tx / 0 pending / 0 (0.0%) gas / (0xb521a663e4cc5e927f7f876f980fd0b3e523e93db31ef28bb12ab01abba2f18d)
2026-10-07 21:32:35.501+00:00 | BftProcessorExecutor-QBFT-0 | INFO  | QbftBesuControllerBuilder | Imported #162 / 0 tx / 0 pending / 0 (0.0%) gas / (0x376de393452222c9f485491d90bb3a81aeb31f0391612b84ddaf9f0aad9b8186)
2026-10-07 21:32:35.501+00:00 | EthScheduler-Workers-0 | INFO  | PersistBlockTask | Block 162 (0x376de393452222c9f485491d90bb3a81aeb31f0391612b84ddaf9f0aad9b8186) is already imported
2026-10-07 21:32:37.486+00:00 | EthScheduler-Workers-0 | INFO  | PersistBlockTask | Block 163 (0x9c45e37877cf6d99eb17597fec831a58741ca2fde392b39319c01aaed692755c) is already imported
2026-10-07 21:32:37.486+00:00 | BftProcessorExecutor-QBFT-0 | INFO  | QbftBesuControllerBuilder | Imported #163 / 0 tx / 0 pending / 0 (0.0%) gas / (0x9c45e37877cf6d99eb17597fec831a58741ca2fde392b39319c01aaed692755c)
2026-10-07 21:32:41.036+00:00 | EthScheduler-Workers-0 | INFO  | PersistBlockTask | Block 164 (0xa7190a6b362cc84b08f614843e27bc0de6d702b961f9abe30481a219fea8bcfa) is already imported
2026-10-07 21:32:41.037+00:00 | BftProcessorExecutor-QBFT-0 | INFO  | QbftBesuControllerBuilder | Imported #164 / 25 tx / 897 pending / 6,049,250 (0.0%) gas / (0xa7190a6b362cc84b08f614843e27bc0de6d702b961f9abe30481a219fea8bcfa)
2026-10-07 21:32:42.270+00:00 | EthScheduler-Workers-0 | INFO  | PersistBlockTask | Block 165 (0xf253e2d07baae2b0ec4a55f3d13f4f1ad30dbf84b2803e22e87a0641be2eb03d) is already imported
2026-10-07 21:32:42.271+00:00 | BftProcessorExecutor-QBFT-0 | INFO  | QbftBesuControllerBuilder | Imported #165 / 69 tx / 876 pending / 16,695,930 (0.0%) gas / (0xf253e2d07baae2b0ec4a55f3d13f4f1ad30dbf84b2803e22e87a0641be2eb03d)
2026-10-07 21:32:44.328+00:00 | EthScheduler-Workers-0 | INFO  | PersistBlockTask | Block 166 (0xc9454dd5c17404a974b0a212e6a86faf5d2112479c469cede67ce00a319398ac) is already imported
2026-10-07 21:32:44.329+00:00 | BftProcessorExecutor-QBFT-0 | INFO  | QbftBesuControllerBuilder | Imported #166 / 69 tx / 855 pending / 16,695,930 (0.0%) gas / (0xc9454dd5c17404a974b0a212e6a86faf5d2112479c469cede67ce00a319398ac)
2026-10-07 21:32:46.366+00:00 | EthScheduler-Workers-0 | INFO  | PersistBlockTask | Block 167 (0x180ff383306d5380f300d45b764ae16e56f1b64a7b81ff18d71ba5bb65f11e9f) is already imported
2026-10-07 21:32:46.367+00:00 | BftProcessorExecutor-QBFT-0 | INFO  | QbftBesuControllerBuilder | Imported #167 / 69 tx / 792 pending / 16,695,930 (0.0%) gas / (0x180ff383306d5380f300d45b764ae16e56f1b64a7b81ff18d71ba5bb65f11e9f)
2026-10-07 21:32:48.269+00:00 | BftProcessorExecutor-QBFT-0 | INFO  | QbftBesuControllerBuilder | Imported #168 / 69 tx / 723 pending / 16,695,930 (0.0%) gas / (0xa124b15c10e5cbfbd6681edbf142015a8e3f65f6ec7de397e195f10e20d3a4e0)
2026-10-07 21:32:50.315+00:00 | EthScheduler-Workers-0 | INFO  | PersistBlockTask | Block 169 (0xa808251ff8c0a84cf971b4f56fc5524b3c3b3e317e8bbdc6bc20dc173a0b920c) is already imported
2026-10-07 21:32:50.315+00:00 | BftProcessorExecutor-QBFT-0 | INFO  | QbftBesuControllerBuilder | Imported #169 / 68 tx / 655 pending / 16,453,960 (0.0%) gas / (0xa808251ff8c0a84cf971b4f56fc5524b3c3b3e317e8bbdc6bc20dc173a0b920c)
2026-10-07 21:32:52.243+00:00 | BftProcessorExecutor-QBFT-0 | INFO  | QbftBesuControllerBuilder | Imported #170 / 68 tx / 587 pending / 16,453,960 (0.0%) gas / (0x25965c7b1e693bc0a5e592594b7ec3980738a5c9a090afa1365ccc67cf539cf3)
2026-10-07 21:32:54.356+00:00 | BftProcessorExecutor-QBFT-0 | INFO  | QbftBesuControllerBuilder | Imported #171 / 68 tx / 587 pending / 16,453,960 (0.0%) gas / (0x2e888a7fcbed2cf1ee206d8b7c66b94f3f67f48ed136d688f7ca89537792a5f7)
2026-10-07 21:32:56.555+00:00 | EthScheduler-Workers-0 | INFO  | PersistBlockTask | Block 172 (0xa1a25cf7e693507047db382cac46fec8f138f8f04a073e0ccfa1e331f6d27efd) is already imported
2026-10-07 21:32:56.556+00:00 | BftProcessorExecutor-QBFT-0 | INFO  | QbftBesuControllerBuilder | Imported #172 / 68 tx / 451 pending / 16,453,960 (0.0%) gas / (0xa1a25cf7e693507047db382cac46fec8f138f8f04a073e0ccfa1e331f6d27efd)
2026-10-07 21:32:58.433+00:00 | BftProcessorExecutor-QBFT-0 | INFO  | QbftBesuControllerBuilder | Imported #173 / 68 tx / 383 pending / 16,453,960 (0.0%) gas / (0x0e6937176cfcb20754be3517770f12b97d23daaaeb81305eab1565e6efafcb1b)
2026-10-07 21:33:00.435+00:00 | EthScheduler-Workers-0 | INFO  | PersistBlockTask | Block 174 (0x170fd4fbf5ae6e2245476d6e01f3f35fab914a6841a817b8cab5d7c1b7a5f307) is already imported
2026-10-07 21:33:00.435+00:00 | BftProcessorExecutor-QBFT-0 | INFO  | QbftBesuControllerBuilder | Imported #174 / 68 tx / 315 pending / 16,453,960 (0.0%) gas / (0x170fd4fbf5ae6e2245476d6e01f3f35fab914a6841a817b8cab5d7c1b7a5f307)
2026-10-07 21:33:02.468+00:00 | EthScheduler-Workers-0 | INFO  | PersistBlockTask | Block 175 (0x6ac03c20a74b5b6c9d6553d5a67bdd9add00c9741247ccb3e3c7609b563c19d9) is already imported
2026-10-07 21:33:02.468+00:00 | BftProcessorExecutor-QBFT-0 | INFO  | QbftBesuControllerBuilder | Imported #175 / 68 tx / 247 pending / 16,453,960 (0.0%) gas / (0x6ac03c20a74b5b6c9d6553d5a67bdd9add00c9741247ccb3e3c7609b563c19d9)
2026-10-07 21:33:04.482+00:00 | EthScheduler-Workers-0 | INFO  | PersistBlockTask | Block 176 (0x69246f9c6230c45ca63e7f84df6aa2ad88777a7d6dad2c104fa1cca768414b05) is already imported
2026-10-07 21:33:04.482+00:00 | BftProcessorExecutor-QBFT-0 | INFO  | QbftBesuControllerBuilder | Produced #176 / 68 tx / 179 pending / 16,453,960 (0.0%) gas / (0x69246f9c6230c45ca63e7f84df6aa2ad88777a7d6dad2c104fa1cca768414b05)
2026-10-07 21:33:06.632+00:00 | EthScheduler-Workers-0 | INFO  | PersistBlockTask | Block 177 (0x1a7dde4091b0dae4d54235238fd107917fb52dc3586b2321f3aa445051e597b7) is already imported
2026-10-07 21:33:06.632+00:00 | BftProcessorExecutor-QBFT-0 | INFO  | QbftBesuControllerBuilder | Imported #177 / 68 tx / 111 pending / 16,453,960 (0.0%) gas / (0x1a7dde4091b0dae4d54235238fd107917fb52dc3586b2321f3aa445051e597b7)
2026-10-07 21:33:08.654+00:00 | EthScheduler-Workers-0 | INFO  | PersistBlockTask | Block 178 (0xcfe095508a8a3f69d9b89b8b71ba9b363aa0fa380fe8a99b93e6345933e538c6) is already imported
2026-10-07 21:33:08.655+00:00 | BftProcessorExecutor-QBFT-0 | INFO  | QbftBesuControllerBuilder | Imported #178 / 68 tx / 43 pending / 16,453,960 (0.0%) gas / (0xcfe095508a8a3f69d9b89b8b71ba9b363aa0fa380fe8a99b93e6345933e538c6)
2026-10-07 21:33:10.260+00:00 | EthScheduler-Workers-0 | INFO  | PersistBlockTask | Block 179 (0x7f9b4bcad4dc2b8e078c8869190c6679217393b7e3250b6949a2cc055df474dd) is already imported
2026-10-07 21:33:10.261+00:00 | BftProcessorExecutor-QBFT-0 | INFO  | QbftBesuControllerBuilder | Imported #179 / 43 tx / 0 pending / 10,404,710 (0.0%) gas / (0x7f9b4bcad4dc2b8e078c8869190c6679217393b7e3250b6949a2cc055df474dd)
2026-10-07 21:33:11.246+00:00 | BftProcessorExecutor-QBFT-0 | INFO  | QbftBesuControllerBuilder | Imported #180 / 0 tx / 0 pending / 0 (0.0%) gas / (0xc5278d5104ff9e5bdeceb5440ecd431cf7e3788156f623344373a741445e41ec)
2026-10-07 21:33:13.251+00:00 | BftProcessorExecutor-QBFT-0 | INFO  | QbftBesuControllerBuilder | Imported #181 / 0 tx / 0 pending / 0 (0.0%) gas / (0xdd47c126a70d0d4b355706050b77894ec3da48247a6cf115051fddbe12c1af43)
2026-10-07 21:33:15.250+00:00 | EthScheduler-Workers-0 | INFO  | PersistBlockTask | Block 182 (0x1022fb9c529ce8a3fcf1f97eeaa3e2b657d3d79bb057a5cd34b8157ce946a90f) is already imported
2026-10-07 21:33:15.250+00:00 | BftProcessorExecutor-QBFT-0 | INFO  | QbftBesuControllerBuilder | Imported #182 / 0 tx / 0 pending / 0 (0.0%) gas / (0x1022fb9c529ce8a3fcf1f97eeaa3e2b657d3d79bb057a5cd34b8157ce946a90f)
2026-10-07 21:33:17.254+00:00 | BftProcessorExecutor-QBFT-0 | INFO  | QbftBesuControllerBuilder | Imported #183 / 0 tx / 0 pending / 0 (0.0%) gas / (0xcf0c68bc9a12389d7ec4312081ddd46f14447584e6e727ecac8dce4353d0a1a8)
2026-10-07 21:33:19.251+00:00 | BftProcessorExecutor-QBFT-0 | INFO  | QbftBesuControllerBuilder | Imported #184 / 0 tx / 0 pending / 0 (0.0%) gas / (0x557f3730810dca0352095cd40701130155c3542c4765fe1edd891190bcd3e07f)
2026-10-07 21:33:21.257+00:00 | BftProcessorExecutor-QBFT-0 | INFO  | QbftBesuControllerBuilder | Imported #185 / 0 tx / 0 pending / 0 (0.0%) gas / (0x4b53cd6e46c817e8256c5cddf1ad9c7807871931083c03d328b51bf4bf43bcc8)
2026-10-07 21:33:21.258+00:00 | EthScheduler-Workers-0 | INFO  | PersistBlockTask | Block 185 (0x4b53cd6e46c817e8256c5cddf1ad9c7807871931083c03d328b51bf4bf43bcc8) is already imported
2026-10-07 21:33:23.342+00:00 | BftProcessorExecutor-QBFT-0 | INFO  | QbftBesuControllerBuilder | Imported #186 / 0 tx / 0 pending / 0 (0.0%) gas / (0xc1e763df178b1de97f5e4a3148669fed1972af2c19bd558b92bab141f083b971)
2026-10-07 21:33:25.319+00:00 | BftProcessorExecutor-QBFT-0 | INFO  | QbftBesuControllerBuilder | Imported #187 / 0 tx / 24 pending / 0 (0.0%) gas / (0x515d21cab0cfed858ba5fdbe9a431b8ecc9a4a0607fed4204b137934a5553e98)
2026-10-07 21:33:27.355+00:00 | BftProcessorExecutor-QBFT-0 | INFO  | QbftBesuControllerBuilder | Imported #188 / 8 tx / 120 pending / 1,229,036 (0.0%) gas / (0x183015521258dfd3cb43b368922d253aa0c6fda4b67fe660683e23526faf5693)
2026-10-07 21:33:29.395+00:00 | EthScheduler-Workers-0 | INFO  | PersistBlockTask | Block 189 (0xc07bd55a8cc8b21124e69a0f295e982ca45b9513ef5b30892b538fdb337f4eef) is already imported
2026-10-07 21:33:29.396+00:00 | BftProcessorExecutor-QBFT-0 | INFO  | QbftBesuControllerBuilder | Imported #189 / 8 tx / 112 pending / 1,229,136 (0.0%) gas / (0xc07bd55a8cc8b21124e69a0f295e982ca45b9513ef5b30892b538fdb337f4eef)
2026-10-07 21:33:31.364+00:00 | BftProcessorExecutor-QBFT-0 | INFO  | QbftBesuControllerBuilder | Imported #190 / 8 tx / 104 pending / 1,229,084 (0.0%) gas / (0xc8dd2e9f5903d5d562dcc2cb00667aff2e00cee64662f6bb7ab387354642b8e2)
2026-10-07 21:33:33.368+00:00 | EthScheduler-Workers-0 | INFO  | PersistBlockTask | Block 191 (0xe5d906fe4e141cea7a8c90b430fed9ac1cf0b9623ce0ba89fb046d32df84a059) is already imported
2026-10-07 21:33:33.368+00:00 | BftProcessorExecutor-QBFT-0 | INFO  | QbftBesuControllerBuilder | Produced #191 / 8 tx / 96 pending / 1,229,076 (0.0%) gas / (0xe5d906fe4e141cea7a8c90b430fed9ac1cf0b9623ce0ba89fb046d32df84a059)
2026-10-07 21:33:35.496+00:00 | BftProcessorExecutor-QBFT-0 | INFO  | QbftBesuControllerBuilder | Imported #192 / 8 tx / 88 pending / 1,228,996 (0.0%) gas / (0x62f537168d6e059bd461d4ae21d0ce80e22621cb4fc2daeb5996e474a1747625)
2026-10-07 21:33:37.529+00:00 | BftProcessorExecutor-QBFT-0 | INFO  | QbftBesuControllerBuilder | Imported #193 / 8 tx / 80 pending / 1,229,084 (0.0%) gas / (0xb454f0710c0b2753c0caa4cac08314b3659656fb80a8b52eec9d03f7635ae01a)
2026-10-07 21:33:39.548+00:00 | BftProcessorExecutor-QBFT-0 | INFO  | QbftBesuControllerBuilder | Imported #194 / 8 tx / 72 pending / 1,229,080 (0.0%) gas / (0xbfe696c155b0cf10d75dce716259f7046b800d3916e0ff10b0d8f7810bd2089a)
2026-10-07 21:33:41.310+00:00 | EthScheduler-Workers-0 | INFO  | PersistBlockTask | Block 195 (0x06913a0852aaa34b6b75118336f0fc467209f25b921a057e7434804a8c0d4107) is already imported
2026-10-07 21:33:41.310+00:00 | BftProcessorExecutor-QBFT-0 | INFO  | QbftBesuControllerBuilder | Imported #195 / 9 tx / 63 pending / 1,382,718 (0.0%) gas / (0x06913a0852aaa34b6b75118336f0fc467209f25b921a057e7434804a8c0d4107)
2026-10-07 21:33:43.315+00:00 | BftProcessorExecutor-QBFT-0 | INFO  | QbftBesuControllerBuilder | Imported #196 / 9 tx / 54 pending / 1,382,754 (0.0%) gas / (0xf0639d12e5c556790829cd50e7bee0ffbb8d61712c13abb7beb53c2af3dd7d60)
2026-10-07 21:33:43.315+00:00 | EthScheduler-Workers-0 | INFO  | PersistBlockTask | Block 196 (0xf0639d12e5c556790829cd50e7bee0ffbb8d61712c13abb7beb53c2af3dd7d60) is already imported
2026-10-07 21:33:45.279+00:00 | BftProcessorExecutor-QBFT-0 | INFO  | QbftBesuControllerBuilder | Imported #197 / 9 tx / 45 pending / 1,382,734 (0.0%) gas / (0xcaa6c3106f50e9ff4704cf9df8269db62b32e6b4fed678776b1f80959fcf68e7)
2026-10-07 21:33:45.284+00:00 | EthScheduler-Workers-0 | INFO  | PersistBlockTask | Block 197 (0xcaa6c3106f50e9ff4704cf9df8269db62b32e6b4fed678776b1f80959fcf68e7) is already imported
2026-10-07 21:33:47.336+00:00 | EthScheduler-Workers-0 | INFO  | PersistBlockTask | Block 198 (0x7fae1da11d61de6da9755a6fb790b9f9ac3919a4b7b1af189610c7de054cba49) is already imported
2026-10-07 21:33:47.336+00:00 | BftProcessorExecutor-QBFT-0 | INFO  | QbftBesuControllerBuilder | Imported #198 / 9 tx / 36 pending / 1,382,674 (0.0%) gas / (0x7fae1da11d61de6da9755a6fb790b9f9ac3919a4b7b1af189610c7de054cba49)
2026-10-07 21:33:49.329+00:00 | EthScheduler-Workers-0 | INFO  | PersistBlockTask | Block 199 (0xd8e016bf1a237f94d4db007094701fb368124f24d53f7aacba7f44237eaf5ede) is already imported
2026-10-07 21:33:49.329+00:00 | BftProcessorExecutor-QBFT-0 | INFO  | QbftBesuControllerBuilder | Imported #199 / 9 tx / 27 pending / 1,382,650 (0.0%) gas / (0xd8e016bf1a237f94d4db007094701fb368124f24d53f7aacba7f44237eaf5ede)
2026-10-07 21:33:51.320+00:00 | EthScheduler-Workers-0 | INFO  | PersistBlockTask | Block 200 (0xee1e1abb48de8ceaa5dc7d08bf330464536a81a16183c83aedd138f4e005d84d) is already imported
2026-10-07 21:33:51.320+00:00 | BftProcessorExecutor-QBFT-0 | INFO  | QbftBesuControllerBuilder | Imported #200 / 9 tx / 18 pending / 1,382,690 (0.0%) gas / (0xee1e1abb48de8ceaa5dc7d08bf330464536a81a16183c83aedd138f4e005d84d)
2026-10-07 21:33:53.379+00:00 | BftProcessorExecutor-QBFT-0 | INFO  | QbftBesuControllerBuilder | Imported #201 / 9 tx / 9 pending / 1,382,690 (0.0%) gas / (0xcc64afcc2bede1da65fd03464a35c1fda250b2c85920331f896e88727c9b6e88)
2026-10-07 21:33:55.420+00:00 | EthScheduler-Workers-0 | INFO  | PersistBlockTask | Block 202 (0x23d79e5ba6f8b337d3b8c4d28697c3c76c50fdb3c7f821ad4e9579df249a5677) is already imported
2026-10-07 21:33:55.419+00:00 | BftProcessorExecutor-QBFT-0 | INFO  | QbftBesuControllerBuilder | Imported #202 / 9 tx / 0 pending / 1,382,638 (0.0%) gas / (0x23d79e5ba6f8b337d3b8c4d28697c3c76c50fdb3c7f821ad4e9579df249a5677)
2026-10-07 21:33:57.322+00:00 | BftProcessorExecutor-QBFT-0 | INFO  | QbftBesuControllerBuilder | Imported #203 / 0 tx / 0 pending / 0 (0.0%) gas / (0x3845408d8ae03a18ab552f1393dec697be56c4f0f1159cd50a6ae57215ff1edf)
2026-10-07 21:33:59.335+00:00 | BftProcessorExecutor-QBFT-0 | INFO  | QbftBesuControllerBuilder | Imported #204 / 0 tx / 0 pending / 0 (0.0%) gas / (0x3573f18a3f44c9b1698d9d499679d2bad666c6161ca66ffc1b1e64b7365fb9f5)
2026-10-07 21:33:59.336+00:00 | EthScheduler-Workers-0 | INFO  | PersistBlockTask | Block 204 (0x3573f18a3f44c9b1698d9d499679d2bad666c6161ca66ffc1b1e64b7365fb9f5) is already imported
2026-10-07 21:34:01.336+00:00 | BftProcessorExecutor-QBFT-0 | INFO  | QbftBesuControllerBuilder | Imported #205 / 0 tx / 0 pending / 0 (0.0%) gas / (0xaf03ee0e5609f85243e48a366c3f07cf7d93ca49ca61763faca3440afe780c00)
2026-10-07 21:34:01.339+00:00 | EthScheduler-Workers-0 | INFO  | PersistBlockTask | Block 205 (0xaf03ee0e5609f85243e48a366c3f07cf7d93ca49ca61763faca3440afe780c00) is already imported
2026-10-07 21:34:03.453+00:00 | BftProcessorExecutor-QBFT-0 | INFO  | QbftBesuControllerBuilder | Produced #206 / 6 tx / 156 pending / 1,451,820 (0.0%) gas / (0xbed8a516c1e8c9cab2087c0fffdfbf13bce83190d443c4eaf3c01c31ce5af6c6)
2026-10-07 21:34:08.421+00:00 | BftProcessorExecutor-QBFT-0 | INFO  | QbftBesuControllerBuilder | Imported #207 / 50 tx / 939 pending / 12,098,500 (0.0%) gas / (0xe980baf8df698a0b4f3a7b9613ef70e14bc565f583515e19ac243a88afef5015)
2026-10-07 21:34:08.421+00:00 | EthScheduler-Workers-0 | INFO  | PersistBlockTask | Block 207 (0xe980baf8df698a0b4f3a7b9613ef70e14bc565f583515e19ac243a88afef5015) is already imported
2026-10-07 21:34:11.925+00:00 | EthScheduler-Workers-0 | INFO  | PersistBlockTask | Block 208 (0xcbb8ecd28a6aee6df108e92fdded57ad9759f006db0e3b3f6c9e4b57ac49752a) is already imported
2026-10-07 21:34:11.926+00:00 | BftProcessorExecutor-QBFT-0 | INFO  | QbftBesuControllerBuilder | Imported #208 / 68 tx / 900 pending / 16,453,960 (0.0%) gas / (0xcbb8ecd28a6aee6df108e92fdded57ad9759f006db0e3b3f6c9e4b57ac49752a)
2026-10-07 21:34:13.544+00:00 | EthScheduler-Workers-0 | INFO  | PersistBlockTask | Block 209 (0xd7457ea577fd345d2c74bf4e3af175f07c7a2401a8aec76973ce40a58f265417) is already imported
2026-10-07 21:34:13.545+00:00 | BftProcessorExecutor-QBFT-0 | INFO  | QbftBesuControllerBuilder | Imported #209 / 68 tx / 832 pending / 16,453,960 (0.0%) gas / (0xd7457ea577fd345d2c74bf4e3af175f07c7a2401a8aec76973ce40a58f265417)
2026-10-07 21:34:15.415+00:00 | EthScheduler-Workers-0 | INFO  | PersistBlockTask | Block 210 (0x2e945f1804c8d596d6900d855ed52aaf9add93f9845b2f12b7e9e377acdef19c) is already imported
2026-10-07 21:34:15.416+00:00 | BftProcessorExecutor-QBFT-0 | INFO  | QbftBesuControllerBuilder | Imported #210 / 69 tx / 763 pending / 16,695,930 (0.0%) gas / (0x2e945f1804c8d596d6900d855ed52aaf9add93f9845b2f12b7e9e377acdef19c)
2026-10-07 21:34:17.379+00:00 | EthScheduler-Workers-0 | INFO  | PersistBlockTask | Block 211 (0xee44d38a2d8842f0d4b25e3d7ea1e62ef0d6db316e44308d99a71af20424e42d) is already imported
2026-10-07 21:34:17.380+00:00 | BftProcessorExecutor-QBFT-0 | INFO  | QbftBesuControllerBuilder | Imported #211 / 69 tx / 694 pending / 16,695,930 (0.0%) gas / (0xee44d38a2d8842f0d4b25e3d7ea1e62ef0d6db316e44308d99a71af20424e42d)
2026-10-07 21:34:19.330+00:00 | BftProcessorExecutor-QBFT-0 | INFO  | QbftBesuControllerBuilder | Imported #212 / 69 tx / 625 pending / 16,695,930 (0.0%) gas / (0x48da288397353bc69245e6b57948180fd2b588c7e2c958e00824d40a826e5840)
2026-10-07 21:34:19.330+00:00 | EthScheduler-Workers-0 | INFO  | PersistBlockTask | Block 212 (0x48da288397353bc69245e6b57948180fd2b588c7e2c958e00824d40a826e5840) is already imported
2026-10-07 21:34:21.265+00:00 | EthScheduler-Workers-0 | INFO  | PersistBlockTask | Block 213 (0x35a22b0ee03a5a3c0ce2205b242c9da302edddc63cd71262ae270fe8c28bc348) is already imported
2026-10-07 21:34:21.266+00:00 | BftProcessorExecutor-QBFT-0 | INFO  | QbftBesuControllerBuilder | Imported #213 / 69 tx / 556 pending / 16,695,930 (0.0%) gas / (0x35a22b0ee03a5a3c0ce2205b242c9da302edddc63cd71262ae270fe8c28bc348)
2026-10-07 21:34:23.377+00:00 | EthScheduler-Workers-0 | INFO  | PersistBlockTask | Block 214 (0x6c3d8b82994f5d8f8d07e1984ddfa48442d7f39a7549a87de17db60b9f109cc1) is already imported
2026-10-07 21:34:23.377+00:00 | BftProcessorExecutor-QBFT-0 | INFO  | QbftBesuControllerBuilder | Imported #214 / 68 tx / 488 pending / 16,453,960 (0.0%) gas / (0x6c3d8b82994f5d8f8d07e1984ddfa48442d7f39a7549a87de17db60b9f109cc1)
2026-10-07 21:34:25.354+00:00 | BftProcessorExecutor-QBFT-0 | INFO  | QbftBesuControllerBuilder | Imported #215 / 68 tx / 420 pending / 16,453,960 (0.0%) gas / (0xa8e0291cfc6af33c55bfdef8a159f031fb2d867ea3616cc6f6583ce3ba37d07c)
2026-10-07 21:34:25.354+00:00 | EthScheduler-Workers-0 | INFO  | PersistBlockTask | Block 215 (0xa8e0291cfc6af33c55bfdef8a159f031fb2d867ea3616cc6f6583ce3ba37d07c) is already imported
2026-10-07 21:34:27.421+00:00 | EthScheduler-Workers-0 | INFO  | PersistBlockTask | Block 216 (0xfe04a16d953657d130f26eef631e49fcab6d953eead2bcd331d854b90ae29436) is already imported
2026-10-07 21:34:27.421+00:00 | BftProcessorExecutor-QBFT-0 | INFO  | QbftBesuControllerBuilder | Imported #216 / 68 tx / 352 pending / 16,453,960 (0.0%) gas / (0xfe04a16d953657d130f26eef631e49fcab6d953eead2bcd331d854b90ae29436)
2026-10-07 21:34:29.369+00:00 | EthScheduler-Workers-0 | INFO  | PersistBlockTask | Block 217 (0xd18f27b0c71da253a46c28aa27afa50c139b70b7aaa34e86706317977b12145e) is already imported
2026-10-07 21:34:29.370+00:00 | BftProcessorExecutor-QBFT-0 | INFO  | QbftBesuControllerBuilder | Imported #217 / 68 tx / 284 pending / 16,453,960 (0.0%) gas / (0xd18f27b0c71da253a46c28aa27afa50c139b70b7aaa34e86706317977b12145e)
2026-10-07 21:34:31.360+00:00 | BftProcessorExecutor-QBFT-0 | INFO  | QbftBesuControllerBuilder | Imported #218 / 68 tx / 216 pending / 16,453,960 (0.0%) gas / (0xe884e8d6b1d0c35aef945126ba1780df4ee035fca117f9a632b7647defcc60ea)
2026-10-07 21:34:33.439+00:00 | EthScheduler-Workers-0 | INFO  | PersistBlockTask | Block 219 (0x334cf7f35ef36a80dc1aed04830af21673a184838699a02858780e947f4c5e05) is already imported
2026-10-07 21:34:33.440+00:00 | BftProcessorExecutor-QBFT-0 | INFO  | QbftBesuControllerBuilder | Imported #219 / 68 tx / 148 pending / 16,453,960 (0.0%) gas / (0x334cf7f35ef36a80dc1aed04830af21673a184838699a02858780e947f4c5e05)
2026-10-07 21:34:35.453+00:00 | BftProcessorExecutor-QBFT-0 | INFO  | QbftBesuControllerBuilder | Imported #220 / 68 tx / 80 pending / 16,453,960 (0.0%) gas / (0x8280e65ab6584b167d8d8b644dea59c697ce26d6294a284caeecdc6a7830f584)
2026-10-07 21:34:37.327+00:00 | EthScheduler-Workers-0 | INFO  | PersistBlockTask | Block 221 (0xf7d56dd73e6f1e82e3be7208e1cf79b979b96782d16fac8989f51b1698131580) is already imported
2026-10-07 21:34:37.328+00:00 | BftProcessorExecutor-QBFT-0 | INFO  | QbftBesuControllerBuilder | Produced #221 / 62 tx / 18 pending / 15,002,140 (0.0%) gas / (0xf7d56dd73e6f1e82e3be7208e1cf79b979b96782d16fac8989f51b1698131580)
2026-10-07 21:34:38.785+00:00 | BftProcessorExecutor-QBFT-0 | INFO  | QbftBesuControllerBuilder | Imported #222 / 18 tx / 0 pending / 4,355,460 (0.0%) gas / (0x35cdd6a8bb68d2f80f6be969eb6aabf80ad6f5c4f4c15a163fa12b39912ae9e8)
2026-10-07 21:34:40.489+00:00 | EthScheduler-Workers-0 | INFO  | PersistBlockTask | Block 223 (0x372cd7ca5424fb31999ae5bad59bcf00cf3a57bbe82d240f7ffc59a238934765) is already imported
2026-10-07 21:34:40.490+00:00 | BftProcessorExecutor-QBFT-0 | INFO  | QbftBesuControllerBuilder | Imported #223 / 0 tx / 0 pending / 0 (0.0%) gas / (0x372cd7ca5424fb31999ae5bad59bcf00cf3a57bbe82d240f7ffc59a238934765)
2026-10-07 21:34:42.518+00:00 | BftProcessorExecutor-QBFT-0 | INFO  | QbftBesuControllerBuilder | Imported #224 / 0 tx / 0 pending / 0 (0.0%) gas / (0xe5661ffce92cd09d651aa4e0a8c7fc3dfc73da1b7527ec877fd8fd50bacf3b91)
2026-10-07 21:34:44.241+00:00 | BftProcessorExecutor-QBFT-0 | INFO  | QbftBesuControllerBuilder | Imported #225 / 0 tx / 0 pending / 0 (0.0%) gas / (0xbcce36500bac46e5404f1a7497bc728f6b83e6de6a62768f8bf0ae8dbb36eca7)
2026-10-07 21:34:46.256+00:00 | BftProcessorExecutor-QBFT-0 | INFO  | QbftBesuControllerBuilder | Imported #226 / 0 tx / 0 pending / 0 (0.0%) gas / (0x7f438754c11e610f3722629d0e38f4a8ba09f10d315909cc8357dec28786f644)
2026-10-07 21:34:48.242+00:00 | BftProcessorExecutor-QBFT-0 | INFO  | QbftBesuControllerBuilder | Imported #227 / 0 tx / 0 pending / 0 (0.0%) gas / (0x808afd901e194a547330e28f7ce1ab5ebe30550d1a46b2119ef0aff6a6eafd28)
2026-10-07 21:34:50.250+00:00 | BftProcessorExecutor-QBFT-0 | INFO  | QbftBesuControllerBuilder | Imported #228 / 0 tx / 0 pending / 0 (0.0%) gas / (0x353ec2c6bb67d4dec4a6e0cfd2a2c0bb7312b00e76871353d4a932f61923471d)
2026-10-07 21:34:50.252+00:00 | EthScheduler-Workers-0 | INFO  | PersistBlockTask | Block 228 (0x353ec2c6bb67d4dec4a6e0cfd2a2c0bb7312b00e76871353d4a932f61923471d) is already imported
2026-10-07 21:34:52.246+00:00 | EthScheduler-Workers-0 | INFO  | PersistBlockTask | Block 229 (0xeb3271efd4fdcc48c97c3960a4e5a8ed64bba1994063a41bf6d6d39bd906d939) is already imported
2026-10-07 21:34:52.246+00:00 | BftProcessorExecutor-QBFT-0 | INFO  | QbftBesuControllerBuilder | Imported #229 / 0 tx / 0 pending / 0 (0.0%) gas / (0xeb3271efd4fdcc48c97c3960a4e5a8ed64bba1994063a41bf6d6d39bd906d939)
2026-10-07 21:34:54.269+00:00 | BftProcessorExecutor-QBFT-0 | INFO  | QbftBesuControllerBuilder | Imported #230 / 9 tx / 118 pending / 1,382,634 (0.0%) gas / (0xc9f082bf0ee9ed659d09cc9965435751d2cbd2e981d9fbeed45a4b6f7b192f48)
2026-10-07 21:34:56.370+00:00 | EthScheduler-Workers-0 | INFO  | PersistBlockTask | Block 231 (0x47241a08b96b65813b29a56752d2e3797b06366abf718cb65d15312655bdd0d6) is already imported
2026-10-07 21:34:56.370+00:00 | BftProcessorExecutor-QBFT-0 | INFO  | QbftBesuControllerBuilder | Imported #231 / 9 tx / 110 pending / 1,382,694 (0.0%) gas / (0x47241a08b96b65813b29a56752d2e3797b06366abf718cb65d15312655bdd0d6)
2026-10-07 21:34:58.370+00:00 | BftProcessorExecutor-QBFT-0 | INFO  | QbftBesuControllerBuilder | Imported #232 / 9 tx / 101 pending / 1,382,754 (0.0%) gas / (0xee6ea0c6411b420a305275d2ec54ab60b2c7f195318da633fd3754c9aa9eaebb)
2026-10-07 21:35:00.389+00:00 | EthScheduler-Workers-0 | INFO  | PersistBlockTask | Block 233 (0x8387d78d6a37887c2b1b32f4547df38d6c4179ee58c5918fac517ceebbc211c0) is already imported
2026-10-07 21:35:00.390+00:00 | BftProcessorExecutor-QBFT-0 | INFO  | QbftBesuControllerBuilder | Imported #233 / 8 tx / 93 pending / 1,229,124 (0.0%) gas / (0x8387d78d6a37887c2b1b32f4547df38d6c4179ee58c5918fac517ceebbc211c0)
2026-10-07 21:35:02.393+00:00 | EthScheduler-Workers-0 | INFO  | PersistBlockTask | Block 234 (0x6033be60fe29966b5a5ea2856c7e82374c473daa5ec08871952a9ad9c207b7cb) is already imported
2026-10-07 21:35:02.394+00:00 | BftProcessorExecutor-QBFT-0 | INFO  | QbftBesuControllerBuilder | Imported #234 / 8 tx / 85 pending / 1,229,104 (0.0%) gas / (0x6033be60fe29966b5a5ea2856c7e82374c473daa5ec08871952a9ad9c207b7cb)
2026-10-07 21:35:04.400+00:00 | EthScheduler-Workers-0 | INFO  | PersistBlockTask | Block 235 (0x9e6d6530225a8cb8a95432bd7b8b0c4efb1289ede144cdc02f4017928814a27b) is already imported
2026-10-07 21:35:04.400+00:00 | BftProcessorExecutor-QBFT-0 | INFO  | QbftBesuControllerBuilder | Imported #235 / 8 tx / 77 pending / 1,229,144 (0.0%) gas / (0x9e6d6530225a8cb8a95432bd7b8b0c4efb1289ede144cdc02f4017928814a27b)
2026-10-07 21:35:06.400+00:00 | EthScheduler-Workers-0 | INFO  | PersistBlockTask | Block 236 (0xf006b28df2f3894d307b75d337ea71a293e4ec2b22c0abb98db2e48d1747a111) is already imported
2026-10-07 21:35:06.400+00:00 | BftProcessorExecutor-QBFT-0 | INFO  | QbftBesuControllerBuilder | Produced #236 / 8 tx / 69 pending / 1,229,036 (0.0%) gas / (0xf006b28df2f3894d307b75d337ea71a293e4ec2b22c0abb98db2e48d1747a111)
2026-10-07 21:35:08.552+00:00 | EthScheduler-Workers-0 | INFO  | PersistBlockTask | Block 237 (0x38f1bcf279ed0ac16b830c2e3eecd867fd9064f2e80d9a1918eec6109f9f2aa9) is already imported
2026-10-07 21:35:08.553+00:00 | BftProcessorExecutor-QBFT-0 | INFO  | QbftBesuControllerBuilder | Imported #237 / 8 tx / 61 pending / 1,229,040 (0.0%) gas / (0x38f1bcf279ed0ac16b830c2e3eecd867fd9064f2e80d9a1918eec6109f9f2aa9)
2026-10-07 21:35:10.517+00:00 | EthScheduler-Workers-0 | INFO  | PersistBlockTask | Block 238 (0x27c59a04c0682ea43aa5ea18c632691f8b19f0570012941652176a38a4871a47) is already imported
2026-10-07 21:35:10.517+00:00 | BftProcessorExecutor-QBFT-0 | INFO  | QbftBesuControllerBuilder | Imported #238 / 8 tx / 53 pending / 1,229,076 (0.0%) gas / (0x27c59a04c0682ea43aa5ea18c632691f8b19f0570012941652176a38a4871a47)
2026-10-07 21:35:12.513+00:00 | EthScheduler-Workers-0 | INFO  | PersistBlockTask | Block 239 (0x5379907a5e37cabdf0117a75fa885538d62a4f5ff64d8fc42d4422780321b5e9) is already imported
2026-10-07 21:35:12.514+00:00 | BftProcessorExecutor-QBFT-0 | INFO  | QbftBesuControllerBuilder | Imported #239 / 8 tx / 45 pending / 1,229,084 (0.0%) gas / (0x5379907a5e37cabdf0117a75fa885538d62a4f5ff64d8fc42d4422780321b5e9)
2026-10-07 21:35:14.313+00:00 | BftProcessorExecutor-QBFT-0 | INFO  | QbftBesuControllerBuilder | Imported #240 / 9 tx / 36 pending / 1,382,658 (0.0%) gas / (0xca52c78917214dbda007d6d6ab02cc516a60adeb9ccbb44985eea1dc29a2c739)
2026-10-07 21:35:14.313+00:00 | EthScheduler-Workers-0 | INFO  | PersistBlockTask | Block 240 (0xca52c78917214dbda007d6d6ab02cc516a60adeb9ccbb44985eea1dc29a2c739) is already imported
2026-10-07 21:35:16.323+00:00 | EthScheduler-Workers-0 | INFO  | PersistBlockTask | Block 241 (0xe51ef656599cf8fac49dda1d702d0e006eff1a633dd35714e681a0fd173eb468) is already imported
2026-10-07 21:35:16.323+00:00 | BftProcessorExecutor-QBFT-0 | INFO  | QbftBesuControllerBuilder | Imported #241 / 9 tx / 27 pending / 1,382,686 (0.0%) gas / (0xe51ef656599cf8fac49dda1d702d0e006eff1a633dd35714e681a0fd173eb468)
2026-10-07 21:35:18.316+00:00 | EthScheduler-Workers-0 | INFO  | PersistBlockTask | Block 242 (0x92e08d6c060ee8d81f7cd84f78ab54c3258ce5a5207a7829277ebc31ef5dcabd) is already imported
2026-10-07 21:35:18.316+00:00 | BftProcessorExecutor-QBFT-0 | INFO  | QbftBesuControllerBuilder | Imported #242 / 9 tx / 18 pending / 1,382,642 (0.0%) gas / (0x92e08d6c060ee8d81f7cd84f78ab54c3258ce5a5207a7829277ebc31ef5dcabd)
2026-10-07 21:35:20.298+00:00 | BftProcessorExecutor-QBFT-0 | INFO  | QbftBesuControllerBuilder | Imported #243 / 9 tx / 9 pending / 1,382,710 (0.0%) gas / (0x0e36021633ec00f4ce66028f3f7c8091588d4b2167ebff36fa7aba8fd01266c4)
2026-10-07 21:35:20.300+00:00 | EthScheduler-Workers-0 | INFO  | PersistBlockTask | Block 243 (0x0e36021633ec00f4ce66028f3f7c8091588d4b2167ebff36fa7aba8fd01266c4) is already imported
2026-10-07 21:35:22.315+00:00 | EthScheduler-Workers-0 | INFO  | PersistBlockTask | Block 244 (0x0429e53d79d289dea224db2bcf91e000f83b6fe7673ed9101b73ac0d2a606b38) is already imported
2026-10-07 21:35:22.315+00:00 | BftProcessorExecutor-QBFT-0 | INFO  | QbftBesuControllerBuilder | Imported #244 / 9 tx / 0 pending / 1,382,726 (0.0%) gas / (0x0429e53d79d289dea224db2bcf91e000f83b6fe7673ed9101b73ac0d2a606b38)
2026-10-07 21:35:24.248+00:00 | BftProcessorExecutor-QBFT-0 | INFO  | QbftBesuControllerBuilder | Imported #245 / 0 tx / 0 pending / 0 (0.0%) gas / (0x65d293440b1fbbccddbdbaefb1d8c8c8f62423d073727608536834094822895e)
2026-10-07 21:35:26.320+00:00 | BftProcessorExecutor-QBFT-0 | INFO  | QbftBesuControllerBuilder | Imported #246 / 0 tx / 0 pending / 0 (0.0%) gas / (0x35ab1c60ad3c0cc5aa4f4eb66545a8e239ca60296d45591ba5072240c536f1cc)
2026-10-07 21:35:28.343+00:00 | BftProcessorExecutor-QBFT-0 | INFO  | QbftBesuControllerBuilder | Imported #247 / 0 tx / 0 pending / 0 (0.0%) gas / (0x73b6f2a7775d70ae891f23a3e1366f1a242b3deeb8869154ba0ed059a5b72ad8)
2026-10-07 21:35:30.336+00:00 | EthScheduler-Workers-0 | INFO  | PersistBlockTask | Block 248 (0x94a94b83353b32eae74858eb0ed8735e68aac039249c6710c9c8af29e5eef37e) is already imported
2026-10-07 21:35:30.336+00:00 | BftProcessorExecutor-QBFT-0 | INFO  | QbftBesuControllerBuilder | Imported #248 / 0 tx / 0 pending / 0 (0.0%) gas / (0x94a94b83353b32eae74858eb0ed8735e68aac039249c6710c9c8af29e5eef37e)
2026-10-07 21:35:32.314+00:00 | EthScheduler-Workers-0 | INFO  | PersistBlockTask | Block 249 (0x9061539e4eff030cbeb86ac6abe88bd6ac89c893304818cf30b6d20493514903) is already imported
2026-10-07 21:35:32.314+00:00 | BftProcessorExecutor-QBFT-0 | INFO  | QbftBesuControllerBuilder | Imported #249 / 0 tx / 0 pending / 0 (0.0%) gas / (0x9061539e4eff030cbeb86ac6abe88bd6ac89c893304818cf30b6d20493514903)
2026-10-07 21:35:34.318+00:00 | BftProcessorExecutor-QBFT-0 | INFO  | QbftBesuControllerBuilder | Imported #250 / 0 tx / 0 pending / 0 (0.0%) gas / (0x3af809589a6b2c3fafe962d95947c71b2b20e840455778df7daf720d63ebcc45)
2026-10-07 21:35:36.309+00:00 | BftProcessorExecutor-QBFT-0 | INFO  | QbftBesuControllerBuilder | Produced #251 / 0 tx / 0 pending / 0 (0.0%) gas / (0xb19154cebedd94c7191069904711b6986094d030d9d507adaceb8d35fe7687e9)
2026-10-07 21:35:38.469+00:00 | BftProcessorExecutor-QBFT-0 | INFO  | QbftBesuControllerBuilder | Imported #252 / 0 tx / 0 pending / 0 (0.0%) gas / (0x3a24bcb8c04419d0308f1f06f289fde1d11805d08de39bd72a7ca77997a846b6)
2026-10-07 21:35:40.516+00:00 | BftProcessorExecutor-QBFT-0 | INFO  | QbftBesuControllerBuilder | Imported #253 / 0 tx / 0 pending / 0 (0.0%) gas / (0x9ba692041e592ee053e4ad847ddd85edd2102f93ddaaa246c18edb38dd7647b7)
2026-10-07 21:35:42.475+00:00 | BftProcessorExecutor-QBFT-0 | INFO  | QbftBesuControllerBuilder | Imported #254 / 0 tx / 0 pending / 0 (0.0%) gas / (0x76fb664bdf6e05dcbd87ca86ffd374ec7243678bb7171d8ea2c317251f8d9145)
2026-10-07 21:35:44.236+00:00 | BftProcessorExecutor-QBFT-0 | INFO  | QbftBesuControllerBuilder | Imported #255 / 0 tx / 0 pending / 0 (0.0%) gas / (0x764a28909dde56c3e3b38bce307da7ac94498c85d24499c40320541b3a7abd67)
2026-10-07 21:35:46.249+00:00 | BftProcessorExecutor-QBFT-0 | INFO  | QbftBesuControllerBuilder | Imported #256 / 0 tx / 0 pending / 0 (0.0%) gas / (0x13a4882e696b03c75b2c4e765c15f5ebe6153602bf89498900c4ee1297092b2d)
2026-10-07 21:35:48.231+00:00 | BftProcessorExecutor-QBFT-0 | INFO  | QbftBesuControllerBuilder | Imported #257 / 0 tx / 0 pending / 0 (0.0%) gas / (0xf60d140cc92fe7f7df80d7b921437118cf53689ce7181a3351464fe81c60dfd4)
