
$ bash scripts/04c-run-network-apptainer.sh wan
=== Step 0: stop the previous zkRoam Apptainer network ===
$ apptainer exec --cleanenv /tmp/zkroam-hw-22072-QwfJVj/net-heterogeneity/zkroam-besu.sif ip -o link show
$ apptainer exec --cleanenv /tmp/zkroam-hw-22072-QwfJVj/net-heterogeneity/zkroam-besu.sif ip link delete zkroam0
=== Step 1: generate genesis, validator keys, and accounts ===
==========================================
Generating QBFT test network
==========================================

Validators : 15
Client accounts : 2000
Balance/account : 1000000000000000000000 wei

[1/5] Cleaning previous network files...
[2/5] Generating QBFT validators and genesis...
2026-10-07 09:57:23.357+00:00 | main | INFO  | GenerateBlockchainConfig | Generating 15 nodes keys.
2026-10-07 09:57:23.362+00:00 | main | INFO  | GenerateBlockchainConfig | Generating keypair for node 0.
2026-10-07 09:57:23.456+00:00 | main | INFO  | GenerateBlockchainConfig | Generating keypair for node 1.
2026-10-07 09:57:23.462+00:00 | main | INFO  | GenerateBlockchainConfig | Generating keypair for node 2.
2026-10-07 09:57:23.466+00:00 | main | INFO  | GenerateBlockchainConfig | Generating keypair for node 3.
2026-10-07 09:57:23.468+00:00 | main | INFO  | GenerateBlockchainConfig | Generating keypair for node 4.
2026-10-07 09:57:23.470+00:00 | main | INFO  | GenerateBlockchainConfig | Generating keypair for node 5.
2026-10-07 09:57:23.475+00:00 | main | INFO  | GenerateBlockchainConfig | Generating keypair for node 6.
2026-10-07 09:57:23.477+00:00 | main | INFO  | GenerateBlockchainConfig | Generating keypair for node 7.
2026-10-07 09:57:23.478+00:00 | main | INFO  | GenerateBlockchainConfig | Generating keypair for node 8.
2026-10-07 09:57:23.480+00:00 | main | INFO  | GenerateBlockchainConfig | Generating keypair for node 9.
2026-10-07 09:57:23.481+00:00 | main | INFO  | GenerateBlockchainConfig | Generating keypair for node 10.
2026-10-07 09:57:23.482+00:00 | main | INFO  | GenerateBlockchainConfig | Generating keypair for node 11.
2026-10-07 09:57:23.484+00:00 | main | INFO  | GenerateBlockchainConfig | Generating keypair for node 12.
2026-10-07 09:57:23.485+00:00 | main | INFO  | GenerateBlockchainConfig | Generating keypair for node 13.
2026-10-07 09:57:23.486+00:00 | main | INFO  | GenerateBlockchainConfig | Generating keypair for node 14.
2026-10-07 09:57:23.488+00:00 | main | INFO  | GenerateBlockchainConfig | Generating QBFT extra data.
2026-10-07 09:57:23.493+00:00 | main | INFO  | GenerateBlockchainConfig | Writing genesis file.
[3/5] Generating 2000 funded client accounts...
Generating 2000 funded accounts...

Generated 2000 accounts.
Saved to: /tmp/zkroam-hw-22072-QwfJVj/net-heterogeneity/accounts/accounts.json
[4/5] Updating genesis alloc...
Existing configured alloc accounts: 2
Generated workload accounts: 2000

Final genesis alloc contains 2002 accounts.
[5/5] Verifying generated network...

==========================================
QBFT network generation complete
==========================================

Genesis:
  /tmp/zkroam-hw-22072-QwfJVj/net-heterogeneity/networkFiles/genesis.json

Validators:
  /tmp/zkroam-hw-22072-QwfJVj/net-heterogeneity/networkFiles/keys/

Client accounts:
  /tmp/zkroam-hw-22072-QwfJVj/net-heterogeneity/accounts/accounts.json

Validator count:
15

Client account count:
2000

Genesis alloc count:
2002

First 10 client accounts:
000 0xa8cD63B320145b8E1c20bAfF57D00D8ffE86AaA3 balance=1000000000000000000000
001 0x1589Dfff919d6C3Ab92a0d13Ba8F3EF57507C345 balance=1000000000000000000000
002 0x14730EC1DEF2e2a338deaBb37220bD8E811C47c2 balance=1000000000000000000000
003 0x28e656244C52692952Bd99d0aBDAbb14A096C67a balance=1000000000000000000000
004 0x8C39038C91F6185f2080BDE88Bb818289fAc6276 balance=1000000000000000000000
005 0x8d3ED5f991E3e0A90836F03Deb00CF245F4e6BCf balance=1000000000000000000000
006 0x3E332C2b21A837290a52806CAA1D8Fa2540e44f5 balance=1000000000000000000000
007 0xd2010e0BBe8266356EF4D710a1B28B49397DCDc8 balance=1000000000000000000000
008 0x5E17a328f0DC224e2a76Ae1670bBf35078E8016E balance=1000000000000000000000
009 0xfCff2c392E66dCA11D24b0a27F506cc3dA1Cb251 balance=1000000000000000000000

==========================================
IMPORTANT
==========================================

Client private keys are stored in:
  /tmp/zkroam-hw-22072-QwfJVj/net-heterogeneity/accounts/accounts.json

Do NOT commit this file to Git.

=== Step 2: generate the wan topology ===
Wrote /tmp/zkroam-hw-22072-QwfJVj/net-heterogeneity/networkFiles/topology.json
Region distribution: {'us-east': 3, 'us-west': 3, 'eu-west': 3, 'ap-southeast': 3, 'sa-east': 3}
=== Step 3: start 15 isolated Apptainer-backed validators ===
$ apptainer exec --cleanenv /Utilisateurs/abellach/zkRoam/net-heterogeneity/zkroam-besu.sif ip -o link show
$ apptainer exec --cleanenv /Utilisateurs/abellach/zkRoam/net-heterogeneity/zkroam-besu.sif ip link delete zkroam0
$ apptainer exec --cleanenv /Utilisateurs/abellach/zkRoam/net-heterogeneity/zkroam-besu.sif ip link add zkroam0 type bridge
$ apptainer exec --cleanenv /Utilisateurs/abellach/zkRoam/net-heterogeneity/zkroam-besu.sif ip addr add 172.28.0.1/24 dev zkroam0
$ apptainer exec --cleanenv /Utilisateurs/abellach/zkRoam/net-heterogeneity/zkroam-besu.sif ip link set zkroam0 up
$ apptainer exec --cleanenv /Utilisateurs/abellach/zkRoam/net-heterogeneity/zkroam-besu.sif ip link delete zkh00
$ apptainer exec --cleanenv /Utilisateurs/abellach/zkRoam/net-heterogeneity/zkroam-besu.sif ip link add zkh00 type veth peer name eth0
$ apptainer exec --cleanenv /Utilisateurs/abellach/zkRoam/net-heterogeneity/zkroam-besu.sif ip link set zkh00 master zkroam0
$ apptainer exec --cleanenv /Utilisateurs/abellach/zkRoam/net-heterogeneity/zkroam-besu.sif ip link set zkh00 up
$ apptainer exec --cleanenv /Utilisateurs/abellach/zkRoam/net-heterogeneity/zkroam-besu.sif ip link set eth0 netns 1045059
$ nsenter -t 1045059 -n apptainer exec --cleanenv /Utilisateurs/abellach/zkRoam/net-heterogeneity/zkroam-besu.sif ip link set lo up
$ nsenter -t 1045059 -n apptainer exec --cleanenv /Utilisateurs/abellach/zkRoam/net-heterogeneity/zkroam-besu.sif ip addr add 172.28.0.10/24 dev eth0
$ nsenter -t 1045059 -n apptainer exec --cleanenv /Utilisateurs/abellach/zkRoam/net-heterogeneity/zkroam-besu.sif ip link set eth0 up
$ nsenter -t 1045059 -n apptainer exec --cleanenv /Utilisateurs/abellach/zkRoam/net-heterogeneity/zkroam-besu.sif ip route add default via 172.28.0.1
$ apptainer exec --cleanenv /Utilisateurs/abellach/zkRoam/net-heterogeneity/zkroam-besu.sif ip link delete zkh01
$ apptainer exec --cleanenv /Utilisateurs/abellach/zkRoam/net-heterogeneity/zkroam-besu.sif ip link add zkh01 type veth peer name eth0
$ apptainer exec --cleanenv /Utilisateurs/abellach/zkRoam/net-heterogeneity/zkroam-besu.sif ip link set zkh01 master zkroam0
$ apptainer exec --cleanenv /Utilisateurs/abellach/zkRoam/net-heterogeneity/zkroam-besu.sif ip link set zkh01 up
$ apptainer exec --cleanenv /Utilisateurs/abellach/zkRoam/net-heterogeneity/zkroam-besu.sif ip link set eth0 netns 1045537
$ nsenter -t 1045537 -n apptainer exec --cleanenv /Utilisateurs/abellach/zkRoam/net-heterogeneity/zkroam-besu.sif ip link set lo up
$ nsenter -t 1045537 -n apptainer exec --cleanenv /Utilisateurs/abellach/zkRoam/net-heterogeneity/zkroam-besu.sif ip addr add 172.28.0.11/24 dev eth0
$ nsenter -t 1045537 -n apptainer exec --cleanenv /Utilisateurs/abellach/zkRoam/net-heterogeneity/zkroam-besu.sif ip link set eth0 up
$ nsenter -t 1045537 -n apptainer exec --cleanenv /Utilisateurs/abellach/zkRoam/net-heterogeneity/zkroam-besu.sif ip route add default via 172.28.0.1
$ apptainer exec --cleanenv /Utilisateurs/abellach/zkRoam/net-heterogeneity/zkroam-besu.sif ip link delete zkh02
$ apptainer exec --cleanenv /Utilisateurs/abellach/zkRoam/net-heterogeneity/zkroam-besu.sif ip link add zkh02 type veth peer name eth0
$ apptainer exec --cleanenv /Utilisateurs/abellach/zkRoam/net-heterogeneity/zkroam-besu.sif ip link set zkh02 master zkroam0
$ apptainer exec --cleanenv /Utilisateurs/abellach/zkRoam/net-heterogeneity/zkroam-besu.sif ip link set zkh02 up
$ apptainer exec --cleanenv /Utilisateurs/abellach/zkRoam/net-heterogeneity/zkroam-besu.sif ip link set eth0 netns 1046181
$ nsenter -t 1046181 -n apptainer exec --cleanenv /Utilisateurs/abellach/zkRoam/net-heterogeneity/zkroam-besu.sif ip link set lo up
$ nsenter -t 1046181 -n apptainer exec --cleanenv /Utilisateurs/abellach/zkRoam/net-heterogeneity/zkroam-besu.sif ip addr add 172.28.0.12/24 dev eth0
$ nsenter -t 1046181 -n apptainer exec --cleanenv /Utilisateurs/abellach/zkRoam/net-heterogeneity/zkroam-besu.sif ip link set eth0 up
$ nsenter -t 1046181 -n apptainer exec --cleanenv /Utilisateurs/abellach/zkRoam/net-heterogeneity/zkroam-besu.sif ip route add default via 172.28.0.1
$ apptainer exec --cleanenv /Utilisateurs/abellach/zkRoam/net-heterogeneity/zkroam-besu.sif ip link delete zkh03
$ apptainer exec --cleanenv /Utilisateurs/abellach/zkRoam/net-heterogeneity/zkroam-besu.sif ip link add zkh03 type veth peer name eth0
$ apptainer exec --cleanenv /Utilisateurs/abellach/zkRoam/net-heterogeneity/zkroam-besu.sif ip link set zkh03 master zkroam0
$ apptainer exec --cleanenv /Utilisateurs/abellach/zkRoam/net-heterogeneity/zkroam-besu.sif ip link set zkh03 up
$ apptainer exec --cleanenv /Utilisateurs/abellach/zkRoam/net-heterogeneity/zkroam-besu.sif ip link set eth0 netns 1046874
$ nsenter -t 1046874 -n apptainer exec --cleanenv /Utilisateurs/abellach/zkRoam/net-heterogeneity/zkroam-besu.sif ip link set lo up
$ nsenter -t 1046874 -n apptainer exec --cleanenv /Utilisateurs/abellach/zkRoam/net-heterogeneity/zkroam-besu.sif ip addr add 172.28.0.13/24 dev eth0
$ nsenter -t 1046874 -n apptainer exec --cleanenv /Utilisateurs/abellach/zkRoam/net-heterogeneity/zkroam-besu.sif ip link set eth0 up
$ nsenter -t 1046874 -n apptainer exec --cleanenv /Utilisateurs/abellach/zkRoam/net-heterogeneity/zkroam-besu.sif ip route add default via 172.28.0.1
$ apptainer exec --cleanenv /Utilisateurs/abellach/zkRoam/net-heterogeneity/zkroam-besu.sif ip link delete zkh04
$ apptainer exec --cleanenv /Utilisateurs/abellach/zkRoam/net-heterogeneity/zkroam-besu.sif ip link add zkh04 type veth peer name eth0
$ apptainer exec --cleanenv /Utilisateurs/abellach/zkRoam/net-heterogeneity/zkroam-besu.sif ip link set zkh04 master zkroam0
$ apptainer exec --cleanenv /Utilisateurs/abellach/zkRoam/net-heterogeneity/zkroam-besu.sif ip link set zkh04 up
$ apptainer exec --cleanenv /Utilisateurs/abellach/zkRoam/net-heterogeneity/zkroam-besu.sif ip link set eth0 netns 1047532
$ nsenter -t 1047532 -n apptainer exec --cleanenv /Utilisateurs/abellach/zkRoam/net-heterogeneity/zkroam-besu.sif ip link set lo up
$ nsenter -t 1047532 -n apptainer exec --cleanenv /Utilisateurs/abellach/zkRoam/net-heterogeneity/zkroam-besu.sif ip addr add 172.28.0.14/24 dev eth0
$ nsenter -t 1047532 -n apptainer exec --cleanenv /Utilisateurs/abellach/zkRoam/net-heterogeneity/zkroam-besu.sif ip link set eth0 up
$ nsenter -t 1047532 -n apptainer exec --cleanenv /Utilisateurs/abellach/zkRoam/net-heterogeneity/zkroam-besu.sif ip route add default via 172.28.0.1
$ apptainer exec --cleanenv /Utilisateurs/abellach/zkRoam/net-heterogeneity/zkroam-besu.sif ip link delete zkh05
$ apptainer exec --cleanenv /Utilisateurs/abellach/zkRoam/net-heterogeneity/zkroam-besu.sif ip link add zkh05 type veth peer name eth0
$ apptainer exec --cleanenv /Utilisateurs/abellach/zkRoam/net-heterogeneity/zkroam-besu.sif ip link set zkh05 master zkroam0
$ apptainer exec --cleanenv /Utilisateurs/abellach/zkRoam/net-heterogeneity/zkroam-besu.sif ip link set zkh05 up
$ apptainer exec --cleanenv /Utilisateurs/abellach/zkRoam/net-heterogeneity/zkroam-besu.sif ip link set eth0 netns 1048418
$ nsenter -t 1048418 -n apptainer exec --cleanenv /Utilisateurs/abellach/zkRoam/net-heterogeneity/zkroam-besu.sif ip link set lo up
$ nsenter -t 1048418 -n apptainer exec --cleanenv /Utilisateurs/abellach/zkRoam/net-heterogeneity/zkroam-besu.sif ip addr add 172.28.0.15/24 dev eth0
$ nsenter -t 1048418 -n apptainer exec --cleanenv /Utilisateurs/abellach/zkRoam/net-heterogeneity/zkroam-besu.sif ip link set eth0 up
$ nsenter -t 1048418 -n apptainer exec --cleanenv /Utilisateurs/abellach/zkRoam/net-heterogeneity/zkroam-besu.sif ip route add default via 172.28.0.1
$ apptainer exec --cleanenv /Utilisateurs/abellach/zkRoam/net-heterogeneity/zkroam-besu.sif ip link delete zkh06
$ apptainer exec --cleanenv /Utilisateurs/abellach/zkRoam/net-heterogeneity/zkroam-besu.sif ip link add zkh06 type veth peer name eth0
$ apptainer exec --cleanenv /Utilisateurs/abellach/zkRoam/net-heterogeneity/zkroam-besu.sif ip link set zkh06 master zkroam0
$ apptainer exec --cleanenv /Utilisateurs/abellach/zkRoam/net-heterogeneity/zkroam-besu.sif ip link set zkh06 up
$ apptainer exec --cleanenv /Utilisateurs/abellach/zkRoam/net-heterogeneity/zkroam-besu.sif ip link set eth0 netns 1049353
$ nsenter -t 1049353 -n apptainer exec --cleanenv /Utilisateurs/abellach/zkRoam/net-heterogeneity/zkroam-besu.sif ip link set lo up
$ nsenter -t 1049353 -n apptainer exec --cleanenv /Utilisateurs/abellach/zkRoam/net-heterogeneity/zkroam-besu.sif ip addr add 172.28.0.16/24 dev eth0
$ nsenter -t 1049353 -n apptainer exec --cleanenv /Utilisateurs/abellach/zkRoam/net-heterogeneity/zkroam-besu.sif ip link set eth0 up
$ nsenter -t 1049353 -n apptainer exec --cleanenv /Utilisateurs/abellach/zkRoam/net-heterogeneity/zkroam-besu.sif ip route add default via 172.28.0.1
$ apptainer exec --cleanenv /Utilisateurs/abellach/zkRoam/net-heterogeneity/zkroam-besu.sif ip link delete zkh07
$ apptainer exec --cleanenv /Utilisateurs/abellach/zkRoam/net-heterogeneity/zkroam-besu.sif ip link add zkh07 type veth peer name eth0
$ apptainer exec --cleanenv /Utilisateurs/abellach/zkRoam/net-heterogeneity/zkroam-besu.sif ip link set zkh07 master zkroam0
$ apptainer exec --cleanenv /Utilisateurs/abellach/zkRoam/net-heterogeneity/zkroam-besu.sif ip link set zkh07 up
$ apptainer exec --cleanenv /Utilisateurs/abellach/zkRoam/net-heterogeneity/zkroam-besu.sif ip link set eth0 netns 1050185
$ nsenter -t 1050185 -n apptainer exec --cleanenv /Utilisateurs/abellach/zkRoam/net-heterogeneity/zkroam-besu.sif ip link set lo up
$ nsenter -t 1050185 -n apptainer exec --cleanenv /Utilisateurs/abellach/zkRoam/net-heterogeneity/zkroam-besu.sif ip addr add 172.28.0.17/24 dev eth0
$ nsenter -t 1050185 -n apptainer exec --cleanenv /Utilisateurs/abellach/zkRoam/net-heterogeneity/zkroam-besu.sif ip link set eth0 up
$ nsenter -t 1050185 -n apptainer exec --cleanenv /Utilisateurs/abellach/zkRoam/net-heterogeneity/zkroam-besu.sif ip route add default via 172.28.0.1
$ apptainer exec --cleanenv /Utilisateurs/abellach/zkRoam/net-heterogeneity/zkroam-besu.sif ip link delete zkh08
$ apptainer exec --cleanenv /Utilisateurs/abellach/zkRoam/net-heterogeneity/zkroam-besu.sif ip link add zkh08 type veth peer name eth0
$ apptainer exec --cleanenv /Utilisateurs/abellach/zkRoam/net-heterogeneity/zkroam-besu.sif ip link set zkh08 master zkroam0
$ apptainer exec --cleanenv /Utilisateurs/abellach/zkRoam/net-heterogeneity/zkroam-besu.sif ip link set zkh08 up
$ apptainer exec --cleanenv /Utilisateurs/abellach/zkRoam/net-heterogeneity/zkroam-besu.sif ip link set eth0 netns 1051106
$ nsenter -t 1051106 -n apptainer exec --cleanenv /Utilisateurs/abellach/zkRoam/net-heterogeneity/zkroam-besu.sif ip link set lo up
$ nsenter -t 1051106 -n apptainer exec --cleanenv /Utilisateurs/abellach/zkRoam/net-heterogeneity/zkroam-besu.sif ip addr add 172.28.0.18/24 dev eth0
$ nsenter -t 1051106 -n apptainer exec --cleanenv /Utilisateurs/abellach/zkRoam/net-heterogeneity/zkroam-besu.sif ip link set eth0 up
$ nsenter -t 1051106 -n apptainer exec --cleanenv /Utilisateurs/abellach/zkRoam/net-heterogeneity/zkroam-besu.sif ip route add default via 172.28.0.1
$ apptainer exec --cleanenv /Utilisateurs/abellach/zkRoam/net-heterogeneity/zkroam-besu.sif ip link delete zkh09
$ apptainer exec --cleanenv /Utilisateurs/abellach/zkRoam/net-heterogeneity/zkroam-besu.sif ip link add zkh09 type veth peer name eth0
$ apptainer exec --cleanenv /Utilisateurs/abellach/zkRoam/net-heterogeneity/zkroam-besu.sif ip link set zkh09 master zkroam0
$ apptainer exec --cleanenv /Utilisateurs/abellach/zkRoam/net-heterogeneity/zkroam-besu.sif ip link set zkh09 up
$ apptainer exec --cleanenv /Utilisateurs/abellach/zkRoam/net-heterogeneity/zkroam-besu.sif ip link set eth0 netns 1051882
$ nsenter -t 1051882 -n apptainer exec --cleanenv /Utilisateurs/abellach/zkRoam/net-heterogeneity/zkroam-besu.sif ip link set lo up
$ nsenter -t 1051882 -n apptainer exec --cleanenv /Utilisateurs/abellach/zkRoam/net-heterogeneity/zkroam-besu.sif ip addr add 172.28.0.19/24 dev eth0
$ nsenter -t 1051882 -n apptainer exec --cleanenv /Utilisateurs/abellach/zkRoam/net-heterogeneity/zkroam-besu.sif ip link set eth0 up
$ nsenter -t 1051882 -n apptainer exec --cleanenv /Utilisateurs/abellach/zkRoam/net-heterogeneity/zkroam-besu.sif ip route add default via 172.28.0.1
$ apptainer exec --cleanenv /Utilisateurs/abellach/zkRoam/net-heterogeneity/zkroam-besu.sif ip link delete zkh10
$ apptainer exec --cleanenv /Utilisateurs/abellach/zkRoam/net-heterogeneity/zkroam-besu.sif ip link add zkh10 type veth peer name eth0
$ apptainer exec --cleanenv /Utilisateurs/abellach/zkRoam/net-heterogeneity/zkroam-besu.sif ip link set zkh10 master zkroam0
$ apptainer exec --cleanenv /Utilisateurs/abellach/zkRoam/net-heterogeneity/zkroam-besu.sif ip link set zkh10 up
$ apptainer exec --cleanenv /Utilisateurs/abellach/zkRoam/net-heterogeneity/zkroam-besu.sif ip link set eth0 netns 1052717
$ nsenter -t 1052717 -n apptainer exec --cleanenv /Utilisateurs/abellach/zkRoam/net-heterogeneity/zkroam-besu.sif ip link set lo up
$ nsenter -t 1052717 -n apptainer exec --cleanenv /Utilisateurs/abellach/zkRoam/net-heterogeneity/zkroam-besu.sif ip addr add 172.28.0.20/24 dev eth0
$ nsenter -t 1052717 -n apptainer exec --cleanenv /Utilisateurs/abellach/zkRoam/net-heterogeneity/zkroam-besu.sif ip link set eth0 up
$ nsenter -t 1052717 -n apptainer exec --cleanenv /Utilisateurs/abellach/zkRoam/net-heterogeneity/zkroam-besu.sif ip route add default via 172.28.0.1
$ apptainer exec --cleanenv /Utilisateurs/abellach/zkRoam/net-heterogeneity/zkroam-besu.sif ip link delete zkh11
$ apptainer exec --cleanenv /Utilisateurs/abellach/zkRoam/net-heterogeneity/zkroam-besu.sif ip link add zkh11 type veth peer name eth0
$ apptainer exec --cleanenv /Utilisateurs/abellach/zkRoam/net-heterogeneity/zkroam-besu.sif ip link set zkh11 master zkroam0
$ apptainer exec --cleanenv /Utilisateurs/abellach/zkRoam/net-heterogeneity/zkroam-besu.sif ip link set zkh11 up
$ apptainer exec --cleanenv /Utilisateurs/abellach/zkRoam/net-heterogeneity/zkroam-besu.sif ip link set eth0 netns 1053456
$ nsenter -t 1053456 -n apptainer exec --cleanenv /Utilisateurs/abellach/zkRoam/net-heterogeneity/zkroam-besu.sif ip link set lo up
$ nsenter -t 1053456 -n apptainer exec --cleanenv /Utilisateurs/abellach/zkRoam/net-heterogeneity/zkroam-besu.sif ip addr add 172.28.0.21/24 dev eth0
$ nsenter -t 1053456 -n apptainer exec --cleanenv /Utilisateurs/abellach/zkRoam/net-heterogeneity/zkroam-besu.sif ip link set eth0 up
$ nsenter -t 1053456 -n apptainer exec --cleanenv /Utilisateurs/abellach/zkRoam/net-heterogeneity/zkroam-besu.sif ip route add default via 172.28.0.1
$ apptainer exec --cleanenv /Utilisateurs/abellach/zkRoam/net-heterogeneity/zkroam-besu.sif ip link delete zkh12
$ apptainer exec --cleanenv /Utilisateurs/abellach/zkRoam/net-heterogeneity/zkroam-besu.sif ip link add zkh12 type veth peer name eth0
$ apptainer exec --cleanenv /Utilisateurs/abellach/zkRoam/net-heterogeneity/zkroam-besu.sif ip link set zkh12 master zkroam0
$ apptainer exec --cleanenv /Utilisateurs/abellach/zkRoam/net-heterogeneity/zkroam-besu.sif ip link set zkh12 up
$ apptainer exec --cleanenv /Utilisateurs/abellach/zkRoam/net-heterogeneity/zkroam-besu.sif ip link set eth0 netns 1054355
$ nsenter -t 1054355 -n apptainer exec --cleanenv /Utilisateurs/abellach/zkRoam/net-heterogeneity/zkroam-besu.sif ip link set lo up
$ nsenter -t 1054355 -n apptainer exec --cleanenv /Utilisateurs/abellach/zkRoam/net-heterogeneity/zkroam-besu.sif ip addr add 172.28.0.22/24 dev eth0
$ nsenter -t 1054355 -n apptainer exec --cleanenv /Utilisateurs/abellach/zkRoam/net-heterogeneity/zkroam-besu.sif ip link set eth0 up
$ nsenter -t 1054355 -n apptainer exec --cleanenv /Utilisateurs/abellach/zkRoam/net-heterogeneity/zkroam-besu.sif ip route add default via 172.28.0.1
$ apptainer exec --cleanenv /Utilisateurs/abellach/zkRoam/net-heterogeneity/zkroam-besu.sif ip link delete zkh13
$ apptainer exec --cleanenv /Utilisateurs/abellach/zkRoam/net-heterogeneity/zkroam-besu.sif ip link add zkh13 type veth peer name eth0
$ apptainer exec --cleanenv /Utilisateurs/abellach/zkRoam/net-heterogeneity/zkroam-besu.sif ip link set zkh13 master zkroam0
$ apptainer exec --cleanenv /Utilisateurs/abellach/zkRoam/net-heterogeneity/zkroam-besu.sif ip link set zkh13 up
$ apptainer exec --cleanenv /Utilisateurs/abellach/zkRoam/net-heterogeneity/zkroam-besu.sif ip link set eth0 netns 1055164
$ nsenter -t 1055164 -n apptainer exec --cleanenv /Utilisateurs/abellach/zkRoam/net-heterogeneity/zkroam-besu.sif ip link set lo up
$ nsenter -t 1055164 -n apptainer exec --cleanenv /Utilisateurs/abellach/zkRoam/net-heterogeneity/zkroam-besu.sif ip addr add 172.28.0.23/24 dev eth0
$ nsenter -t 1055164 -n apptainer exec --cleanenv /Utilisateurs/abellach/zkRoam/net-heterogeneity/zkroam-besu.sif ip link set eth0 up
$ nsenter -t 1055164 -n apptainer exec --cleanenv /Utilisateurs/abellach/zkRoam/net-heterogeneity/zkroam-besu.sif ip route add default via 172.28.0.1
$ apptainer exec --cleanenv /Utilisateurs/abellach/zkRoam/net-heterogeneity/zkroam-besu.sif ip link delete zkh14
$ apptainer exec --cleanenv /Utilisateurs/abellach/zkRoam/net-heterogeneity/zkroam-besu.sif ip link add zkh14 type veth peer name eth0
$ apptainer exec --cleanenv /Utilisateurs/abellach/zkRoam/net-heterogeneity/zkroam-besu.sif ip link set zkh14 master zkroam0
$ apptainer exec --cleanenv /Utilisateurs/abellach/zkRoam/net-heterogeneity/zkroam-besu.sif ip link set zkh14 up
$ apptainer exec --cleanenv /Utilisateurs/abellach/zkRoam/net-heterogeneity/zkroam-besu.sif ip link set eth0 netns 1056043
$ nsenter -t 1056043 -n apptainer exec --cleanenv /Utilisateurs/abellach/zkRoam/net-heterogeneity/zkroam-besu.sif ip link set lo up
$ nsenter -t 1056043 -n apptainer exec --cleanenv /Utilisateurs/abellach/zkRoam/net-heterogeneity/zkroam-besu.sif ip addr add 172.28.0.24/24 dev eth0
$ nsenter -t 1056043 -n apptainer exec --cleanenv /Utilisateurs/abellach/zkRoam/net-heterogeneity/zkroam-besu.sif ip link set eth0 up
$ nsenter -t 1056043 -n apptainer exec --cleanenv /Utilisateurs/abellach/zkRoam/net-heterogeneity/zkroam-besu.sif ip route add default via 172.28.0.1
Started 15 Apptainer-backed validators.
=== Step 4: wait for every validator RPC and peer set ===
{
  "node00": {
    "block": 3,
    "peers": 14
  },
  "node01": {
    "block": 3,
    "peers": 14
  },
  "node02": {
    "block": 3,
    "peers": 14
  },
  "node03": {
    "block": 3,
    "peers": 14
  },
  "node04": {
    "block": 3,
    "peers": 14
  },
  "node05": {
    "block": 3,
    "peers": 14
  },
  "node06": {
    "block": 3,
    "peers": 14
  },
  "node07": {
    "block": 3,
    "peers": 14
  },
  "node08": {
    "block": 3,
    "peers": 14
  },
  "node09": {
    "block": 3,
    "peers": 14
  },
  "node10": {
    "block": 3,
    "peers": 14
  },
  "node11": {
    "block": 3,
    "peers": 14
  },
  "node12": {
    "block": 3,
    "peers": 14
  },
  "node13": {
    "block": 3,
    "peers": 14
  },
  "node14": {
    "block": 3,
    "peers": 14
  }
}
All 15 nodes are ready.
Apptainer wan network is up.

$ /Utilisateurs/abellach/zkRoam/net-heterogeneity/venv/bin/python3 workload/deploy_verifiers.py --topology networkFiles/topology.json --accounts accounts/accounts.json
Discovered RPC endpoints:
------------------------------------------
  node00     -> http://172.28.0.10:8545
  node01     -> http://172.28.0.11:8545
  node02     -> http://172.28.0.12:8545
  node03     -> http://172.28.0.13:8545
  node04     -> http://172.28.0.14:8545
  node05     -> http://172.28.0.15:8545
  node06     -> http://172.28.0.16:8545
  node07     -> http://172.28.0.17:8545
  node08     -> http://172.28.0.18:8545
  node09     -> http://172.28.0.19:8545
  node10     -> http://172.28.0.20:8545
  node11     -> http://172.28.0.21:8545
  node12     -> http://172.28.0.22:8545
  node13     -> http://172.28.0.23:8545
  node14     -> http://172.28.0.24:8545
------------------------------------------
Connecting to node00 (http://172.28.0.10:8545)...
  Connected. chain_id=1337
Connecting to node01 (http://172.28.0.11:8545)...
  Connected. chain_id=1337
Connecting to node02 (http://172.28.0.12:8545)...
  Connected. chain_id=1337
Connecting to node03 (http://172.28.0.13:8545)...
  Connected. chain_id=1337
Connecting to node04 (http://172.28.0.14:8545)...
  Connected. chain_id=1337
Connecting to node05 (http://172.28.0.15:8545)...
  Connected. chain_id=1337
Connecting to node06 (http://172.28.0.16:8545)...
  Connected. chain_id=1337
Connecting to node07 (http://172.28.0.17:8545)...
  Connected. chain_id=1337
Connecting to node08 (http://172.28.0.18:8545)...
  Connected. chain_id=1337
Connecting to node09 (http://172.28.0.19:8545)...
  Connected. chain_id=1337
Connecting to node10 (http://172.28.0.20:8545)...
  Connected. chain_id=1337
Connecting to node11 (http://172.28.0.21:8545)...
  Connected. chain_id=1337
Connecting to node12 (http://172.28.0.22:8545)...
  Connected. chain_id=1337
Connecting to node13 (http://172.28.0.23:8545)...
  Connected. chain_id=1337
Connecting to node14 (http://172.28.0.24:8545)...
  Connected. chain_id=1337

Deploying from 0xa8cD63B320145b8E1c20bAfF57D00D8ffE86AaA3 via http://172.28.0.10:8545 (chain_id=1337)

Compiling CDRVerifier.sol ...
Deploying CDRVerifier ...
  submitted deploy tx 298664f788beb46a4e8f6f162a422e71117b396836d8efdd3bcdff3a22c9dcf9, waiting for receipt...
  deployed at 0xeCeCD59cB0349077ce4400ffc4dF5f383928dE88  (gasUsed=465218)

Compiling SnarkPackAggregateAnchor.sol ...
Deploying SnarkPackAggregateAnchor ...
  submitted deploy tx 7edbe065b07b9ba716105673e219f1c44527bb2b62cf4253e42bc5f21ec0095a, waiting for receipt...
  deployed at 0xe81Ea05d7266a26aF49Ddc6EB42b8B9a9d238a0B  (gasUsed=1832981)

verifier-pool-size=1: only accounts[0] is authorized as a verifier - fine as-is if you're relaying via relayAggregateProof (submission load spreads across the full account pool regardless of verifier count). Only increase this if you want multiple independent verifier keys for redundancy/threshold, or if you plan to use the direct anchorAggregateProof(onlyVerifier) path at any real volume.

Wrote: deployed_contracts.json

$ /Utilisateurs/abellach/zkRoam/net-heterogeneity/venv/bin/python3 workload/zkroam_workload.py --config results/hardware-proof-scaling/l3icalcul07/wan-8vmnos-w48-rw48-rate500/nproof-512/zkroam-wan-8vmnos/config.yml
Discovered RPC endpoints:
------------------------------------------
  node00     -> http://172.28.0.10:8545
  node01     -> http://172.28.0.11:8545
  node02     -> http://172.28.0.12:8545
  node03     -> http://172.28.0.13:8545
  node04     -> http://172.28.0.14:8545
  node05     -> http://172.28.0.15:8545
  node06     -> http://172.28.0.16:8545
  node07     -> http://172.28.0.17:8545
  node08     -> http://172.28.0.18:8545
  node09     -> http://172.28.0.19:8545
  node10     -> http://172.28.0.20:8545
  node11     -> http://172.28.0.21:8545
  node12     -> http://172.28.0.22:8545
  node13     -> http://172.28.0.23:8545
  node14     -> http://172.28.0.24:8545
------------------------------------------
Connecting to node00 (http://172.28.0.10:8545)...
  Connected. chain_id=1337
Connecting to node01 (http://172.28.0.11:8545)...
  Connected. chain_id=1337
Connecting to node02 (http://172.28.0.12:8545)...
  Connected. chain_id=1337
Connecting to node03 (http://172.28.0.13:8545)...
  Connected. chain_id=1337
Connecting to node04 (http://172.28.0.14:8545)...
  Connected. chain_id=1337
Connecting to node05 (http://172.28.0.15:8545)...
  Connected. chain_id=1337
Connecting to node06 (http://172.28.0.16:8545)...
  Connected. chain_id=1337
Connecting to node07 (http://172.28.0.17:8545)...
  Connected. chain_id=1337
Connecting to node08 (http://172.28.0.18:8545)...
  Connected. chain_id=1337
Connecting to node09 (http://172.28.0.19:8545)...
  Connected. chain_id=1337
Connecting to node10 (http://172.28.0.20:8545)...
  Connected. chain_id=1337
Connecting to node11 (http://172.28.0.21:8545)...
  Connected. chain_id=1337
Connecting to node12 (http://172.28.0.22:8545)...
  Connected. chain_id=1337
Connecting to node13 (http://172.28.0.23:8545)...
  Connected. chain_id=1337
Connecting to node14 (http://172.28.0.24:8545)...
  Connected. chain_id=1337

Reading pending nonce for 2000 accounts (parallel)...


Using real proof from fixtures/proof.json / fixtures/public.json
individual leg -> real verifyProof() calls on 0xeCeCD59cB0349077ce4400ffc4dF5f383928dE88
aggregate leg  -> real anchorAggregateProof() calls on 0xe81Ea05d7266a26aF49Ddc6EB42b8B9a9d238a0B

workload.num_vmnos = 8 (total VMNO settlements submitted per sweep point; nproofs below is per-VMNO batch size, not workload size)

============================================================
nproofs/vmno=512  num_vmnos=8  run=1  (off-chain source: reference_fallback)
============================================================

>>> on-chain leg: individual_n512_vmnos8_r1 (4096 tx total, 420B calldata, gas/tx=278265, to=0xeCeCD59cB0349077ce4400ffc4dF5f383928dE88)

Starting transaction producer...
Target submission rate : 500.00 tx/s
Submission workers      : 48


Producer finished.
------------------------------------------
Submitted : 4096/4096
Failed    : 0/4096
Duration  : 10.695s
Rate      : 382.97 tx/s
------------------------------------------

Starting receipt polling...
------------------------------------------
Transactions to confirm : 4096
Receipt workers         : 48
Receipt timeout         : 120.0s
------------------------------------------

Confirmed: 675/4096 | Reverted: 0 | Pending: 3421
Confirmed: 1355/4096 | Reverted: 0 | Pending: 2741
Confirmed: 2011/4096 | Reverted: 0 | Pending: 2085
Confirmed: 2501/4096 | Reverted: 0 | Pending: 1595
Confirmed: 2877/4096 | Reverted: 0 | Pending: 1219
Confirmed: 3206/4096 | Reverted: 0 | Pending: 890
Confirmed: 3478/4096 | Reverted: 0 | Pending: 618
Confirmed: 3570/4096 | Reverted: 0 | Pending: 526
Confirmed: 3710/4096 | Reverted: 0 | Pending: 386
Confirmed: 3895/4096 | Reverted: 0 | Pending: 201
Confirmed: 3924/4096 | Reverted: 0 | Pending: 172
Confirmed: 4026/4096 | Reverted: 0 | Pending: 70
Confirmed: 4056/4096 | Reverted: 0 | Pending: 40
Confirmed: 4096/4096 | Reverted: 0 | Pending: 0

Receipt polling finished.
------------------------------------------
Confirmed : 4096
Reverted  : 0
Timeout   : 0
Duration  : 58.470s
------------------------------------------

>>> on-chain leg: aggregate_n512_vmnos8_r1 (8 tx total, 420B/tx x 8 distinct payloads, gas/tx=176674, to=0xe81Ea05d7266a26aF49Ddc6EB42b8B9a9d238a0B)

Starting transaction producer...
Target submission rate : 500.00 tx/s
Submission workers      : 48


Producer finished.
------------------------------------------
Submitted : 8/8
Failed    : 0/8
Duration  : 0.061s
Rate      : 130.51 tx/s
------------------------------------------

Starting receipt polling...
------------------------------------------
Transactions to confirm : 8
Receipt workers         : 48
Receipt timeout         : 120.0s
------------------------------------------

Confirmed: 0/8 | Reverted: 0 | Pending: 8
Confirmed: 0/8 | Reverted: 0 | Pending: 8
Confirmed: 0/8 | Reverted: 0 | Pending: 8
Confirmed: 0/8 | Reverted: 0 | Pending: 8
Confirmed: 0/8 | Reverted: 0 | Pending: 8
Confirmed: 0/8 | Reverted: 0 | Pending: 8
Confirmed: 0/8 | Reverted: 0 | Pending: 8
Confirmed: 0/8 | Reverted: 0 | Pending: 8
Confirmed: 0/8 | Reverted: 0 | Pending: 8
Confirmed: 0/8 | Reverted: 0 | Pending: 8
Confirmed: 0/8 | Reverted: 0 | Pending: 8
Confirmed: 0/8 | Reverted: 0 | Pending: 8
Confirmed: 0/8 | Reverted: 0 | Pending: 8
Confirmed: 0/8 | Reverted: 0 | Pending: 8
Confirmed: 0/8 | Reverted: 0 | Pending: 8
Confirmed: 0/8 | Reverted: 0 | Pending: 8
Confirmed: 0/8 | Reverted: 0 | Pending: 8
Confirmed: 0/8 | Reverted: 0 | Pending: 8
Confirmed: 0/8 | Reverted: 0 | Pending: 8
Confirmed: 0/8 | Reverted: 0 | Pending: 8
Confirmed: 0/8 | Reverted: 0 | Pending: 8
Confirmed: 0/8 | Reverted: 0 | Pending: 8
Confirmed: 0/8 | Reverted: 0 | Pending: 8
Confirmed: 0/8 | Reverted: 0 | Pending: 8
Confirmed: 0/8 | Reverted: 0 | Pending: 8
Confirmed: 0/8 | Reverted: 0 | Pending: 8
Confirmed: 0/8 | Reverted: 0 | Pending: 8
Confirmed: 0/8 | Reverted: 0 | Pending: 8
Confirmed: 0/8 | Reverted: 0 | Pending: 8
Confirmed: 0/8 | Reverted: 0 | Pending: 8
Confirmed: 0/8 | Reverted: 0 | Pending: 8
Confirmed: 0/8 | Reverted: 0 | Pending: 8
Confirmed: 0/8 | Reverted: 0 | Pending: 8
Confirmed: 0/8 | Reverted: 0 | Pending: 8
Confirmed: 0/8 | Reverted: 0 | Pending: 8
Confirmed: 0/8 | Reverted: 0 | Pending: 8
Confirmed: 0/8 | Reverted: 0 | Pending: 8
Confirmed: 0/8 | Reverted: 0 | Pending: 8
Confirmed: 0/8 | Reverted: 0 | Pending: 8
Confirmed: 0/8 | Reverted: 0 | Pending: 8
Confirmed: 0/8 | Reverted: 0 | Pending: 8
Confirmed: 0/8 | Reverted: 0 | Pending: 8
Confirmed: 0/8 | Reverted: 0 | Pending: 8
Confirmed: 0/8 | Reverted: 0 | Pending: 8
Confirmed: 0/8 | Reverted: 0 | Pending: 8
Confirmed: 1/8 | Reverted: 0 | Pending: 7
Confirmed: 1/8 | Reverted: 0 | Pending: 7
Confirmed: 1/8 | Reverted: 0 | Pending: 7
Confirmed: 1/8 | Reverted: 0 | Pending: 7
Confirmed: 1/8 | Reverted: 0 | Pending: 7
Confirmed: 1/8 | Reverted: 0 | Pending: 7
Confirmed: 2/8 | Reverted: 0 | Pending: 6
Confirmed: 2/8 | Reverted: 0 | Pending: 6
Confirmed: 2/8 | Reverted: 0 | Pending: 6
Confirmed: 2/8 | Reverted: 0 | Pending: 6
Confirmed: 2/8 | Reverted: 0 | Pending: 6
Confirmed: 2/8 | Reverted: 0 | Pending: 6
Confirmed: 2/8 | Reverted: 0 | Pending: 6
Confirmed: 3/8 | Reverted: 0 | Pending: 5
Confirmed: 3/8 | Reverted: 0 | Pending: 5
Confirmed: 3/8 | Reverted: 0 | Pending: 5
Confirmed: 3/8 | Reverted: 0 | Pending: 5
Confirmed: 3/8 | Reverted: 0 | Pending: 5
Confirmed: 3/8 | Reverted: 0 | Pending: 5
Confirmed: 4/8 | Reverted: 0 | Pending: 4
Confirmed: 4/8 | Reverted: 0 | Pending: 4
Confirmed: 4/8 | Reverted: 0 | Pending: 4
Confirmed: 4/8 | Reverted: 0 | Pending: 4
Confirmed: 4/8 | Reverted: 0 | Pending: 4
Confirmed: 4/8 | Reverted: 0 | Pending: 4
Confirmed: 4/8 | Reverted: 0 | Pending: 4
Confirmed: 5/8 | Reverted: 0 | Pending: 3
Confirmed: 5/8 | Reverted: 0 | Pending: 3
Confirmed: 5/8 | Reverted: 0 | Pending: 3
Confirmed: 5/8 | Reverted: 0 | Pending: 3
Confirmed: 5/8 | Reverted: 0 | Pending: 3
Confirmed: 5/8 | Reverted: 0 | Pending: 3
Confirmed: 5/8 | Reverted: 0 | Pending: 3
Confirmed: 6/8 | Reverted: 0 | Pending: 2
Confirmed: 6/8 | Reverted: 0 | Pending: 2
Confirmed: 6/8 | Reverted: 0 | Pending: 2
Confirmed: 6/8 | Reverted: 0 | Pending: 2
Confirmed: 6/8 | Reverted: 0 | Pending: 2
Confirmed: 6/8 | Reverted: 0 | Pending: 2
Confirmed: 6/8 | Reverted: 0 | Pending: 2
Confirmed: 7/8 | Reverted: 0 | Pending: 1
Confirmed: 7/8 | Reverted: 0 | Pending: 1
Confirmed: 7/8 | Reverted: 0 | Pending: 1
Confirmed: 7/8 | Reverted: 0 | Pending: 1
Confirmed: 7/8 | Reverted: 0 | Pending: 1
Confirmed: 7/8 | Reverted: 0 | Pending: 1
Confirmed: 7/8 | Reverted: 0 | Pending: 1
Confirmed: 8/8 | Reverted: 0 | Pending: 0

Receipt polling finished.
------------------------------------------
Confirmed : 8
Reverted  : 0
Timeout   : 0
Duration  : 28.928s
------------------------------------------

============================================================
nproofs/vmno=512  num_vmnos=8  run=2  (off-chain source: reference_fallback)
============================================================

>>> on-chain leg: individual_n512_vmnos8_r2 (4096 tx total, 420B calldata, gas/tx=278265, to=0xeCeCD59cB0349077ce4400ffc4dF5f383928dE88)

Starting transaction producer...
Target submission rate : 500.00 tx/s
Submission workers      : 48


Producer finished.
------------------------------------------
Submitted : 4096/4096
Failed    : 0/4096
Duration  : 12.815s
Rate      : 319.61 tx/s
------------------------------------------

Starting receipt polling...
------------------------------------------
Transactions to confirm : 4096
Receipt workers         : 48
Receipt timeout         : 120.0s
------------------------------------------

Confirmed: 958/4096 | Reverted: 0 | Pending: 3138
Confirmed: 1748/4096 | Reverted: 0 | Pending: 2348
Confirmed: 2309/4096 | Reverted: 0 | Pending: 1787
Confirmed: 2723/4096 | Reverted: 0 | Pending: 1373
Confirmed: 3118/4096 | Reverted: 0 | Pending: 978
Confirmed: 3393/4096 | Reverted: 0 | Pending: 703
Confirmed: 3592/4096 | Reverted: 0 | Pending: 504
Confirmed: 3761/4096 | Reverted: 0 | Pending: 335
Confirmed: 3919/4096 | Reverted: 0 | Pending: 177
Confirmed: 3951/4096 | Reverted: 0 | Pending: 145
Confirmed: 4037/4096 | Reverted: 0 | Pending: 59
Confirmed: 4096/4096 | Reverted: 0 | Pending: 0

Receipt polling finished.
------------------------------------------
Confirmed : 4096
Reverted  : 0
Timeout   : 0
Duration  : 55.818s
------------------------------------------

>>> on-chain leg: aggregate_n512_vmnos8_r2 (8 tx total, 420B/tx x 8 distinct payloads, gas/tx=176697, to=0xe81Ea05d7266a26aF49Ddc6EB42b8B9a9d238a0B)

Starting transaction producer...
Target submission rate : 500.00 tx/s
Submission workers      : 48


Producer finished.
------------------------------------------
Submitted : 8/8
Failed    : 0/8
Duration  : 0.060s
Rate      : 132.85 tx/s
------------------------------------------

Starting receipt polling...
------------------------------------------
Transactions to confirm : 8
Receipt workers         : 48
Receipt timeout         : 120.0s
------------------------------------------

Confirmed: 0/8 | Reverted: 0 | Pending: 8
Confirmed: 0/8 | Reverted: 0 | Pending: 8
Confirmed: 0/8 | Reverted: 0 | Pending: 8
Confirmed: 0/8 | Reverted: 0 | Pending: 8
Confirmed: 0/8 | Reverted: 0 | Pending: 8
Confirmed: 0/8 | Reverted: 0 | Pending: 8
Confirmed: 0/8 | Reverted: 0 | Pending: 8
Confirmed: 1/8 | Reverted: 0 | Pending: 7
Confirmed: 1/8 | Reverted: 0 | Pending: 7
Confirmed: 1/8 | Reverted: 0 | Pending: 7
Confirmed: 1/8 | Reverted: 0 | Pending: 7
Confirmed: 1/8 | Reverted: 0 | Pending: 7
Confirmed: 1/8 | Reverted: 0 | Pending: 7
Confirmed: 2/8 | Reverted: 0 | Pending: 6
Confirmed: 2/8 | Reverted: 0 | Pending: 6
Confirmed: 2/8 | Reverted: 0 | Pending: 6
Confirmed: 2/8 | Reverted: 0 | Pending: 6
Confirmed: 2/8 | Reverted: 0 | Pending: 6
Confirmed: 2/8 | Reverted: 0 | Pending: 6
Confirmed: 2/8 | Reverted: 0 | Pending: 6
Confirmed: 3/8 | Reverted: 0 | Pending: 5
Confirmed: 3/8 | Reverted: 0 | Pending: 5
Confirmed: 3/8 | Reverted: 0 | Pending: 5
Confirmed: 3/8 | Reverted: 0 | Pending: 5
Confirmed: 3/8 | Reverted: 0 | Pending: 5
Confirmed: 3/8 | Reverted: 0 | Pending: 5
Confirmed: 4/8 | Reverted: 0 | Pending: 4
Confirmed: 4/8 | Reverted: 0 | Pending: 4
Confirmed: 4/8 | Reverted: 0 | Pending: 4
Confirmed: 4/8 | Reverted: 0 | Pending: 4
Confirmed: 4/8 | Reverted: 0 | Pending: 4
Confirmed: 4/8 | Reverted: 0 | Pending: 4
Confirmed: 5/8 | Reverted: 0 | Pending: 3
Confirmed: 5/8 | Reverted: 0 | Pending: 3
Confirmed: 5/8 | Reverted: 0 | Pending: 3
Confirmed: 5/8 | Reverted: 0 | Pending: 3
Confirmed: 5/8 | Reverted: 0 | Pending: 3
Confirmed: 5/8 | Reverted: 0 | Pending: 3
Confirmed: 5/8 | Reverted: 0 | Pending: 3
Confirmed: 6/8 | Reverted: 0 | Pending: 2
Confirmed: 6/8 | Reverted: 0 | Pending: 2
Confirmed: 6/8 | Reverted: 0 | Pending: 2
Confirmed: 6/8 | Reverted: 0 | Pending: 2
Confirmed: 6/8 | Reverted: 0 | Pending: 2
Confirmed: 6/8 | Reverted: 0 | Pending: 2
Confirmed: 6/8 | Reverted: 0 | Pending: 2
Confirmed: 6/8 | Reverted: 0 | Pending: 2
Confirmed: 6/8 | Reverted: 0 | Pending: 2
Confirmed: 6/8 | Reverted: 0 | Pending: 2
Confirmed: 6/8 | Reverted: 0 | Pending: 2
Confirmed: 6/8 | Reverted: 0 | Pending: 2
Confirmed: 6/8 | Reverted: 0 | Pending: 2
Confirmed: 6/8 | Reverted: 0 | Pending: 2
Confirmed: 6/8 | Reverted: 0 | Pending: 2
Confirmed: 6/8 | Reverted: 0 | Pending: 2
Confirmed: 6/8 | Reverted: 0 | Pending: 2
Confirmed: 6/8 | Reverted: 0 | Pending: 2
Confirmed: 6/8 | Reverted: 0 | Pending: 2
Confirmed: 6/8 | Reverted: 0 | Pending: 2
Confirmed: 6/8 | Reverted: 0 | Pending: 2
Confirmed: 6/8 | Reverted: 0 | Pending: 2
Confirmed: 6/8 | Reverted: 0 | Pending: 2
Confirmed: 6/8 | Reverted: 0 | Pending: 2
Confirmed: 6/8 | Reverted: 0 | Pending: 2
Confirmed: 6/8 | Reverted: 0 | Pending: 2
Confirmed: 6/8 | Reverted: 0 | Pending: 2
Confirmed: 6/8 | Reverted: 0 | Pending: 2
Confirmed: 6/8 | Reverted: 0 | Pending: 2
Confirmed: 6/8 | Reverted: 0 | Pending: 2
Confirmed: 6/8 | Reverted: 0 | Pending: 2
Confirmed: 6/8 | Reverted: 0 | Pending: 2
Confirmed: 6/8 | Reverted: 0 | Pending: 2
Confirmed: 6/8 | Reverted: 0 | Pending: 2
Confirmed: 6/8 | Reverted: 0 | Pending: 2
Confirmed: 6/8 | Reverted: 0 | Pending: 2
Confirmed: 6/8 | Reverted: 0 | Pending: 2
Confirmed: 6/8 | Reverted: 0 | Pending: 2
Confirmed: 6/8 | Reverted: 0 | Pending: 2
Confirmed: 6/8 | Reverted: 0 | Pending: 2
Confirmed: 6/8 | Reverted: 0 | Pending: 2
Confirmed: 6/8 | Reverted: 0 | Pending: 2
Confirmed: 6/8 | Reverted: 0 | Pending: 2
Confirmed: 6/8 | Reverted: 0 | Pending: 2
Confirmed: 6/8 | Reverted: 0 | Pending: 2
Confirmed: 6/8 | Reverted: 0 | Pending: 2
Confirmed: 6/8 | Reverted: 0 | Pending: 2
Confirmed: 6/8 | Reverted: 0 | Pending: 2
Confirmed: 6/8 | Reverted: 0 | Pending: 2
Confirmed: 6/8 | Reverted: 0 | Pending: 2
Confirmed: 6/8 | Reverted: 0 | Pending: 2
Confirmed: 6/8 | Reverted: 0 | Pending: 2
Confirmed: 6/8 | Reverted: 0 | Pending: 2
Confirmed: 6/8 | Reverted: 0 | Pending: 2
Confirmed: 6/8 | Reverted: 0 | Pending: 2
Confirmed: 6/8 | Reverted: 0 | Pending: 2
Confirmed: 6/8 | Reverted: 0 | Pending: 2
Confirmed: 6/8 | Reverted: 0 | Pending: 2
Confirmed: 6/8 | Reverted: 0 | Pending: 2
Confirmed: 7/8 | Reverted: 0 | Pending: 1
Confirmed: 7/8 | Reverted: 0 | Pending: 1
Confirmed: 7/8 | Reverted: 0 | Pending: 1
Confirmed: 7/8 | Reverted: 0 | Pending: 1
Confirmed: 7/8 | Reverted: 0 | Pending: 1
Confirmed: 7/8 | Reverted: 0 | Pending: 1
Confirmed: 7/8 | Reverted: 0 | Pending: 1
Confirmed: 8/8 | Reverted: 0 | Pending: 0

Receipt polling finished.
------------------------------------------
Confirmed : 8
Reverted  : 0
Timeout   : 0
Duration  : 30.180s
------------------------------------------

============================================================
nproofs/vmno=512  num_vmnos=8  run=3  (off-chain source: reference_fallback)
============================================================

>>> on-chain leg: individual_n512_vmnos8_r3 (4096 tx total, 420B calldata, gas/tx=278265, to=0xeCeCD59cB0349077ce4400ffc4dF5f383928dE88)

Starting transaction producer...
Target submission rate : 500.00 tx/s
Submission workers      : 48


Producer finished.
------------------------------------------
Submitted : 4096/4096
Failed    : 0/4096
Duration  : 13.734s
Rate      : 298.23 tx/s
------------------------------------------

Starting receipt polling...
------------------------------------------
Transactions to confirm : 4096
Receipt workers         : 48
Receipt timeout         : 120.0s
------------------------------------------

Confirmed: 882/4096 | Reverted: 0 | Pending: 3214
Confirmed: 1642/4096 | Reverted: 0 | Pending: 2454
Confirmed: 2181/4096 | Reverted: 0 | Pending: 1915
Confirmed: 2605/4096 | Reverted: 0 | Pending: 1491
Confirmed: 2956/4096 | Reverted: 0 | Pending: 1140
Confirmed: 3297/4096 | Reverted: 0 | Pending: 799
Confirmed: 3520/4096 | Reverted: 0 | Pending: 576
Confirmed: 3698/4096 | Reverted: 0 | Pending: 398
Confirmed: 3758/4096 | Reverted: 0 | Pending: 338
Confirmed: 3893/4096 | Reverted: 0 | Pending: 203
Confirmed: 3941/4096 | Reverted: 0 | Pending: 155
Confirmed: 4022/4096 | Reverted: 0 | Pending: 74
Confirmed: 4096/4096 | Reverted: 0 | Pending: 0

Receipt polling finished.
------------------------------------------
Confirmed : 4096
Reverted  : 0
Timeout   : 0
Duration  : 56.228s
------------------------------------------

>>> on-chain leg: aggregate_n512_vmnos8_r3 (8 tx total, 420B/tx x 8 distinct payloads, gas/tx=176683, to=0xe81Ea05d7266a26aF49Ddc6EB42b8B9a9d238a0B)

Starting transaction producer...
Target submission rate : 500.00 tx/s
Submission workers      : 48


Producer finished.
------------------------------------------
Submitted : 8/8
Failed    : 0/8
Duration  : 0.039s
Rate      : 205.08 tx/s
------------------------------------------

Starting receipt polling...
------------------------------------------
Transactions to confirm : 8
Receipt workers         : 48
Receipt timeout         : 120.0s
------------------------------------------

Confirmed: 0/8 | Reverted: 0 | Pending: 8
Confirmed: 0/8 | Reverted: 0 | Pending: 8
Confirmed: 0/8 | Reverted: 0 | Pending: 8
Confirmed: 0/8 | Reverted: 0 | Pending: 8
Confirmed: 0/8 | Reverted: 0 | Pending: 8
Confirmed: 0/8 | Reverted: 0 | Pending: 8
Confirmed: 0/8 | Reverted: 0 | Pending: 8
Confirmed: 0/8 | Reverted: 0 | Pending: 8
Confirmed: 0/8 | Reverted: 0 | Pending: 8
Confirmed: 0/8 | Reverted: 0 | Pending: 8
Confirmed: 0/8 | Reverted: 0 | Pending: 8
Confirmed: 0/8 | Reverted: 0 | Pending: 8
Confirmed: 0/8 | Reverted: 0 | Pending: 8
Confirmed: 0/8 | Reverted: 0 | Pending: 8
Confirmed: 0/8 | Reverted: 0 | Pending: 8
Confirmed: 0/8 | Reverted: 0 | Pending: 8
Confirmed: 0/8 | Reverted: 0 | Pending: 8
Confirmed: 0/8 | Reverted: 0 | Pending: 8
Confirmed: 0/8 | Reverted: 0 | Pending: 8
Confirmed: 0/8 | Reverted: 0 | Pending: 8
Confirmed: 0/8 | Reverted: 0 | Pending: 8
Confirmed: 0/8 | Reverted: 0 | Pending: 8
Confirmed: 0/8 | Reverted: 0 | Pending: 8
Confirmed: 0/8 | Reverted: 0 | Pending: 8
Confirmed: 0/8 | Reverted: 0 | Pending: 8
Confirmed: 0/8 | Reverted: 0 | Pending: 8
Confirmed: 0/8 | Reverted: 0 | Pending: 8
Confirmed: 0/8 | Reverted: 0 | Pending: 8
Confirmed: 0/8 | Reverted: 0 | Pending: 8
Confirmed: 0/8 | Reverted: 0 | Pending: 8
Confirmed: 0/8 | Reverted: 0 | Pending: 8
Confirmed: 0/8 | Reverted: 0 | Pending: 8
Confirmed: 0/8 | Reverted: 0 | Pending: 8
Confirmed: 0/8 | Reverted: 0 | Pending: 8
Confirmed: 0/8 | Reverted: 0 | Pending: 8
Confirmed: 1/8 | Reverted: 0 | Pending: 7
Confirmed: 1/8 | Reverted: 0 | Pending: 7
Confirmed: 1/8 | Reverted: 0 | Pending: 7
Confirmed: 1/8 | Reverted: 0 | Pending: 7
Confirmed: 1/8 | Reverted: 0 | Pending: 7
Confirmed: 1/8 | Reverted: 0 | Pending: 7
Confirmed: 2/8 | Reverted: 0 | Pending: 6
Confirmed: 2/8 | Reverted: 0 | Pending: 6
Confirmed: 2/8 | Reverted: 0 | Pending: 6
Confirmed: 2/8 | Reverted: 0 | Pending: 6
Confirmed: 2/8 | Reverted: 0 | Pending: 6
Confirmed: 2/8 | Reverted: 0 | Pending: 6
Confirmed: 3/8 | Reverted: 0 | Pending: 5
Confirmed: 3/8 | Reverted: 0 | Pending: 5
Confirmed: 3/8 | Reverted: 0 | Pending: 5
Confirmed: 3/8 | Reverted: 0 | Pending: 5
Confirmed: 3/8 | Reverted: 0 | Pending: 5
Confirmed: 3/8 | Reverted: 0 | Pending: 5
Confirmed: 3/8 | Reverted: 0 | Pending: 5
Confirmed: 4/8 | Reverted: 0 | Pending: 4
Confirmed: 4/8 | Reverted: 0 | Pending: 4
Confirmed: 4/8 | Reverted: 0 | Pending: 4
Confirmed: 4/8 | Reverted: 0 | Pending: 4
Confirmed: 4/8 | Reverted: 0 | Pending: 4
Confirmed: 4/8 | Reverted: 0 | Pending: 4
Confirmed: 5/8 | Reverted: 0 | Pending: 3
Confirmed: 5/8 | Reverted: 0 | Pending: 3
Confirmed: 5/8 | Reverted: 0 | Pending: 3
Confirmed: 5/8 | Reverted: 0 | Pending: 3
Confirmed: 5/8 | Reverted: 0 | Pending: 3
Confirmed: 5/8 | Reverted: 0 | Pending: 3
Confirmed: 5/8 | Reverted: 0 | Pending: 3
Confirmed: 6/8 | Reverted: 0 | Pending: 2
Confirmed: 6/8 | Reverted: 0 | Pending: 2
Confirmed: 6/8 | Reverted: 0 | Pending: 2
Confirmed: 6/8 | Reverted: 0 | Pending: 2
Confirmed: 6/8 | Reverted: 0 | Pending: 2
Confirmed: 6/8 | Reverted: 0 | Pending: 2
Confirmed: 6/8 | Reverted: 0 | Pending: 2
Confirmed: 6/8 | Reverted: 0 | Pending: 2
Confirmed: 7/8 | Reverted: 0 | Pending: 1
Confirmed: 7/8 | Reverted: 0 | Pending: 1
Confirmed: 7/8 | Reverted: 0 | Pending: 1
Confirmed: 7/8 | Reverted: 0 | Pending: 1
Confirmed: 7/8 | Reverted: 0 | Pending: 1
Confirmed: 7/8 | Reverted: 0 | Pending: 1
Confirmed: 7/8 | Reverted: 0 | Pending: 1
Confirmed: 8/8 | Reverted: 0 | Pending: 0

Receipt polling finished.
------------------------------------------
Confirmed : 8
Reverted  : 0
Timeout   : 0
Duration  : 25.660s
------------------------------------------

============================================================
nproofs/vmno=512  num_vmnos=8  run=4  (off-chain source: reference_fallback)
============================================================

>>> on-chain leg: individual_n512_vmnos8_r4 (4096 tx total, 420B calldata, gas/tx=278265, to=0xeCeCD59cB0349077ce4400ffc4dF5f383928dE88)

Starting transaction producer...
Target submission rate : 500.00 tx/s
Submission workers      : 48


Producer finished.
------------------------------------------
Submitted : 4096/4096
Failed    : 0/4096
Duration  : 14.100s
Rate      : 290.49 tx/s
------------------------------------------

Starting receipt polling...
------------------------------------------
Transactions to confirm : 4096
Receipt workers         : 48
Receipt timeout         : 120.0s
------------------------------------------

Confirmed: 849/4096 | Reverted: 0 | Pending: 3247
Confirmed: 1705/4096 | Reverted: 0 | Pending: 2391
Confirmed: 2268/4096 | Reverted: 0 | Pending: 1828
Confirmed: 2718/4096 | Reverted: 0 | Pending: 1378
Confirmed: 3036/4096 | Reverted: 0 | Pending: 1060
Confirmed: 3323/4096 | Reverted: 0 | Pending: 773
Confirmed: 3520/4096 | Reverted: 0 | Pending: 576
Confirmed: 3643/4096 | Reverted: 0 | Pending: 453
Confirmed: 3825/4096 | Reverted: 0 | Pending: 271
Confirmed: 3923/4096 | Reverted: 0 | Pending: 173
Confirmed: 3970/4096 | Reverted: 0 | Pending: 126
Confirmed: 4069/4096 | Reverted: 0 | Pending: 27
Confirmed: 4072/4096 | Reverted: 0 | Pending: 24
Confirmed: 4096/4096 | Reverted: 0 | Pending: 0

Receipt polling finished.
------------------------------------------
Confirmed : 4096
Reverted  : 0
Timeout   : 0
Duration  : 56.228s
------------------------------------------

>>> on-chain leg: aggregate_n512_vmnos8_r4 (8 tx total, 420B/tx x 8 distinct payloads, gas/tx=176683, to=0xe81Ea05d7266a26aF49Ddc6EB42b8B9a9d238a0B)

Starting transaction producer...
Target submission rate : 500.00 tx/s
Submission workers      : 48


Producer finished.
------------------------------------------
Submitted : 8/8
Failed    : 0/8
Duration  : 0.054s
Rate      : 147.61 tx/s
------------------------------------------

Starting receipt polling...
------------------------------------------
Transactions to confirm : 8
Receipt workers         : 48
Receipt timeout         : 120.0s
------------------------------------------

Confirmed: 0/8 | Reverted: 0 | Pending: 8
Confirmed: 0/8 | Reverted: 0 | Pending: 8
Confirmed: 0/8 | Reverted: 0 | Pending: 8
Confirmed: 0/8 | Reverted: 0 | Pending: 8
Confirmed: 0/8 | Reverted: 0 | Pending: 8
Confirmed: 1/8 | Reverted: 0 | Pending: 7
Confirmed: 1/8 | Reverted: 0 | Pending: 7
Confirmed: 1/8 | Reverted: 0 | Pending: 7
Confirmed: 1/8 | Reverted: 0 | Pending: 7
Confirmed: 1/8 | Reverted: 0 | Pending: 7
Confirmed: 1/8 | Reverted: 0 | Pending: 7
Confirmed: 2/8 | Reverted: 0 | Pending: 6
Confirmed: 2/8 | Reverted: 0 | Pending: 6
Confirmed: 2/8 | Reverted: 0 | Pending: 6
Confirmed: 2/8 | Reverted: 0 | Pending: 6
Confirmed: 2/8 | Reverted: 0 | Pending: 6
Confirmed: 2/8 | Reverted: 0 | Pending: 6
Confirmed: 2/8 | Reverted: 0 | Pending: 6
Confirmed: 3/8 | Reverted: 0 | Pending: 5
Confirmed: 3/8 | Reverted: 0 | Pending: 5
Confirmed: 3/8 | Reverted: 0 | Pending: 5
Confirmed: 3/8 | Reverted: 0 | Pending: 5
Confirmed: 3/8 | Reverted: 0 | Pending: 5
Confirmed: 3/8 | Reverted: 0 | Pending: 5
Confirmed: 4/8 | Reverted: 0 | Pending: 4
Confirmed: 4/8 | Reverted: 0 | Pending: 4
Confirmed: 4/8 | Reverted: 0 | Pending: 4
Confirmed: 4/8 | Reverted: 0 | Pending: 4
Confirmed: 4/8 | Reverted: 0 | Pending: 4
Confirmed: 4/8 | Reverted: 0 | Pending: 4
Confirmed: 5/8 | Reverted: 0 | Pending: 3
Confirmed: 5/8 | Reverted: 0 | Pending: 3
Confirmed: 5/8 | Reverted: 0 | Pending: 3
Confirmed: 5/8 | Reverted: 0 | Pending: 3
Confirmed: 5/8 | Reverted: 0 | Pending: 3
Confirmed: 5/8 | Reverted: 0 | Pending: 3
Confirmed: 5/8 | Reverted: 0 | Pending: 3
Confirmed: 6/8 | Reverted: 0 | Pending: 2
Confirmed: 6/8 | Reverted: 0 | Pending: 2
Confirmed: 6/8 | Reverted: 0 | Pending: 2
Confirmed: 6/8 | Reverted: 0 | Pending: 2
Confirmed: 6/8 | Reverted: 0 | Pending: 2
Confirmed: 6/8 | Reverted: 0 | Pending: 2
Confirmed: 6/8 | Reverted: 0 | Pending: 2
Confirmed: 6/8 | Reverted: 0 | Pending: 2
Confirmed: 6/8 | Reverted: 0 | Pending: 2
Confirmed: 6/8 | Reverted: 0 | Pending: 2
Confirmed: 6/8 | Reverted: 0 | Pending: 2
Confirmed: 6/8 | Reverted: 0 | Pending: 2
Confirmed: 6/8 | Reverted: 0 | Pending: 2
Confirmed: 6/8 | Reverted: 0 | Pending: 2
Confirmed: 6/8 | Reverted: 0 | Pending: 2
Confirmed: 6/8 | Reverted: 0 | Pending: 2
Confirmed: 6/8 | Reverted: 0 | Pending: 2
Confirmed: 6/8 | Reverted: 0 | Pending: 2
Confirmed: 6/8 | Reverted: 0 | Pending: 2
Confirmed: 6/8 | Reverted: 0 | Pending: 2
Confirmed: 6/8 | Reverted: 0 | Pending: 2
Confirmed: 6/8 | Reverted: 0 | Pending: 2
Confirmed: 6/8 | Reverted: 0 | Pending: 2
Confirmed: 6/8 | Reverted: 0 | Pending: 2
Confirmed: 6/8 | Reverted: 0 | Pending: 2
Confirmed: 6/8 | Reverted: 0 | Pending: 2
Confirmed: 6/8 | Reverted: 0 | Pending: 2
Confirmed: 6/8 | Reverted: 0 | Pending: 2
Confirmed: 6/8 | Reverted: 0 | Pending: 2
Confirmed: 6/8 | Reverted: 0 | Pending: 2
Confirmed: 6/8 | Reverted: 0 | Pending: 2
Confirmed: 6/8 | Reverted: 0 | Pending: 2
Confirmed: 6/8 | Reverted: 0 | Pending: 2
Confirmed: 6/8 | Reverted: 0 | Pending: 2
Confirmed: 6/8 | Reverted: 0 | Pending: 2
Confirmed: 6/8 | Reverted: 0 | Pending: 2
Confirmed: 6/8 | Reverted: 0 | Pending: 2
Confirmed: 6/8 | Reverted: 0 | Pending: 2
Confirmed: 6/8 | Reverted: 0 | Pending: 2
Confirmed: 6/8 | Reverted: 0 | Pending: 2
Confirmed: 6/8 | Reverted: 0 | Pending: 2
Confirmed: 6/8 | Reverted: 0 | Pending: 2
Confirmed: 6/8 | Reverted: 0 | Pending: 2
Confirmed: 6/8 | Reverted: 0 | Pending: 2
Confirmed: 6/8 | Reverted: 0 | Pending: 2
Confirmed: 6/8 | Reverted: 0 | Pending: 2
Confirmed: 6/8 | Reverted: 0 | Pending: 2
Confirmed: 6/8 | Reverted: 0 | Pending: 2
Confirmed: 6/8 | Reverted: 0 | Pending: 2
Confirmed: 6/8 | Reverted: 0 | Pending: 2
Confirmed: 6/8 | Reverted: 0 | Pending: 2
Confirmed: 6/8 | Reverted: 0 | Pending: 2
Confirmed: 6/8 | Reverted: 0 | Pending: 2
Confirmed: 6/8 | Reverted: 0 | Pending: 2
Confirmed: 6/8 | Reverted: 0 | Pending: 2
Confirmed: 6/8 | Reverted: 0 | Pending: 2
Confirmed: 6/8 | Reverted: 0 | Pending: 2
Confirmed: 6/8 | Reverted: 0 | Pending: 2
Confirmed: 6/8 | Reverted: 0 | Pending: 2
Confirmed: 7/8 | Reverted: 0 | Pending: 1
Confirmed: 7/8 | Reverted: 0 | Pending: 1
Confirmed: 7/8 | Reverted: 0 | Pending: 1
Confirmed: 7/8 | Reverted: 0 | Pending: 1
Confirmed: 7/8 | Reverted: 0 | Pending: 1
Confirmed: 7/8 | Reverted: 0 | Pending: 1
Confirmed: 7/8 | Reverted: 0 | Pending: 1
Confirmed: 7/8 | Reverted: 0 | Pending: 1
Confirmed: 8/8 | Reverted: 0 | Pending: 0

Receipt polling finished.
------------------------------------------
Confirmed : 8
Reverted  : 0
Timeout   : 0
Duration  : 29.740s
------------------------------------------

============================================================
nproofs/vmno=512  num_vmnos=8  run=5  (off-chain source: reference_fallback)
============================================================

>>> on-chain leg: individual_n512_vmnos8_r5 (4096 tx total, 420B calldata, gas/tx=278265, to=0xeCeCD59cB0349077ce4400ffc4dF5f383928dE88)

Starting transaction producer...
Target submission rate : 500.00 tx/s
Submission workers      : 48


Producer finished.
------------------------------------------
Submitted : 4096/4096
Failed    : 0/4096
Duration  : 14.004s
Rate      : 292.48 tx/s
------------------------------------------

Starting receipt polling...
------------------------------------------
Transactions to confirm : 4096
Receipt workers         : 48
Receipt timeout         : 120.0s
------------------------------------------

Confirmed: 837/4096 | Reverted: 0 | Pending: 3259
Confirmed: 1560/4096 | Reverted: 0 | Pending: 2536
Confirmed: 2120/4096 | Reverted: 0 | Pending: 1976
Confirmed: 2557/4096 | Reverted: 0 | Pending: 1539
Confirmed: 2934/4096 | Reverted: 0 | Pending: 1162
Confirmed: 3271/4096 | Reverted: 0 | Pending: 825
Confirmed: 3479/4096 | Reverted: 0 | Pending: 617
Confirmed: 3692/4096 | Reverted: 0 | Pending: 404
Confirmed: 3758/4096 | Reverted: 0 | Pending: 338
Confirmed: 3870/4096 | Reverted: 0 | Pending: 226
Confirmed: 4006/4096 | Reverted: 0 | Pending: 90
Confirmed: 4069/4096 | Reverted: 0 | Pending: 27
Confirmed: 4096/4096 | Reverted: 0 | Pending: 0

Receipt polling finished.
------------------------------------------
Confirmed : 4096
Reverted  : 0
Timeout   : 0
Duration  : 56.079s
------------------------------------------

>>> on-chain leg: aggregate_n512_vmnos8_r5 (8 tx total, 420B/tx x 8 distinct payloads, gas/tx=176683, to=0xe81Ea05d7266a26aF49Ddc6EB42b8B9a9d238a0B)

Starting transaction producer...
Target submission rate : 500.00 tx/s
Submission workers      : 48


Producer finished.
------------------------------------------
Submitted : 8/8
Failed    : 0/8
Duration  : 0.049s
Rate      : 164.39 tx/s
------------------------------------------

Starting receipt polling...
------------------------------------------
Transactions to confirm : 8
Receipt workers         : 48
Receipt timeout         : 120.0s
------------------------------------------

Confirmed: 0/8 | Reverted: 0 | Pending: 8
Confirmed: 0/8 | Reverted: 0 | Pending: 8
Confirmed: 0/8 | Reverted: 0 | Pending: 8
Confirmed: 0/8 | Reverted: 0 | Pending: 8
Confirmed: 0/8 | Reverted: 0 | Pending: 8
Confirmed: 0/8 | Reverted: 0 | Pending: 8
Confirmed: 0/8 | Reverted: 0 | Pending: 8
Confirmed: 0/8 | Reverted: 0 | Pending: 8
Confirmed: 0/8 | Reverted: 0 | Pending: 8
Confirmed: 0/8 | Reverted: 0 | Pending: 8
Confirmed: 0/8 | Reverted: 0 | Pending: 8
Confirmed: 0/8 | Reverted: 0 | Pending: 8
Confirmed: 0/8 | Reverted: 0 | Pending: 8
Confirmed: 0/8 | Reverted: 0 | Pending: 8
Confirmed: 0/8 | Reverted: 0 | Pending: 8
Confirmed: 0/8 | Reverted: 0 | Pending: 8
Confirmed: 0/8 | Reverted: 0 | Pending: 8
Confirmed: 0/8 | Reverted: 0 | Pending: 8
Confirmed: 0/8 | Reverted: 0 | Pending: 8
Confirmed: 0/8 | Reverted: 0 | Pending: 8
Confirmed: 0/8 | Reverted: 0 | Pending: 8
Confirmed: 0/8 | Reverted: 0 | Pending: 8
Confirmed: 0/8 | Reverted: 0 | Pending: 8
Confirmed: 0/8 | Reverted: 0 | Pending: 8
Confirmed: 0/8 | Reverted: 0 | Pending: 8
Confirmed: 0/8 | Reverted: 0 | Pending: 8
Confirmed: 1/8 | Reverted: 0 | Pending: 7
Confirmed: 1/8 | Reverted: 0 | Pending: 7
Confirmed: 1/8 | Reverted: 0 | Pending: 7
Confirmed: 1/8 | Reverted: 0 | Pending: 7
Confirmed: 1/8 | Reverted: 0 | Pending: 7
Confirmed: 1/8 | Reverted: 0 | Pending: 7
Confirmed: 2/8 | Reverted: 0 | Pending: 6
Confirmed: 2/8 | Reverted: 0 | Pending: 6
Confirmed: 2/8 | Reverted: 0 | Pending: 6
Confirmed: 2/8 | Reverted: 0 | Pending: 6
Confirmed: 2/8 | Reverted: 0 | Pending: 6
Confirmed: 2/8 | Reverted: 0 | Pending: 6
Confirmed: 2/8 | Reverted: 0 | Pending: 6
Confirmed: 3/8 | Reverted: 0 | Pending: 5
Confirmed: 3/8 | Reverted: 0 | Pending: 5
Confirmed: 3/8 | Reverted: 0 | Pending: 5
Confirmed: 3/8 | Reverted: 0 | Pending: 5
Confirmed: 3/8 | Reverted: 0 | Pending: 5
Confirmed: 3/8 | Reverted: 0 | Pending: 5
Confirmed: 4/8 | Reverted: 0 | Pending: 4
Confirmed: 4/8 | Reverted: 0 | Pending: 4
Confirmed: 4/8 | Reverted: 0 | Pending: 4
Confirmed: 4/8 | Reverted: 0 | Pending: 4
Confirmed: 4/8 | Reverted: 0 | Pending: 4
Confirmed: 4/8 | Reverted: 0 | Pending: 4
Confirmed: 4/8 | Reverted: 0 | Pending: 4
Confirmed: 5/8 | Reverted: 0 | Pending: 3
Confirmed: 5/8 | Reverted: 0 | Pending: 3
Confirmed: 5/8 | Reverted: 0 | Pending: 3
Confirmed: 5/8 | Reverted: 0 | Pending: 3
Confirmed: 5/8 | Reverted: 0 | Pending: 3
Confirmed: 5/8 | Reverted: 0 | Pending: 3
Confirmed: 5/8 | Reverted: 0 | Pending: 3
Confirmed: 6/8 | Reverted: 0 | Pending: 2
Confirmed: 6/8 | Reverted: 0 | Pending: 2
Confirmed: 6/8 | Reverted: 0 | Pending: 2
Confirmed: 6/8 | Reverted: 0 | Pending: 2
Confirmed: 6/8 | Reverted: 0 | Pending: 2
Confirmed: 6/8 | Reverted: 0 | Pending: 2
Confirmed: 6/8 | Reverted: 0 | Pending: 2
Confirmed: 7/8 | Reverted: 0 | Pending: 1
Confirmed: 7/8 | Reverted: 0 | Pending: 1
Confirmed: 7/8 | Reverted: 0 | Pending: 1
Confirmed: 7/8 | Reverted: 0 | Pending: 1
Confirmed: 7/8 | Reverted: 0 | Pending: 1
Confirmed: 7/8 | Reverted: 0 | Pending: 1
Confirmed: 7/8 | Reverted: 0 | Pending: 1
Confirmed: 7/8 | Reverted: 0 | Pending: 1
Confirmed: 8/8 | Reverted: 0 | Pending: 0

Receipt polling finished.
------------------------------------------
Confirmed : 8
Reverted  : 0
Timeout   : 0
Duration  : 23.004s
------------------------------------------
Wrote: results/hardware-proof-scaling/l3icalcul07/wan-8vmnos-w48-rw48-rate500/nproof-512/zkroam-wan-8vmnos/zkroam_wan_8vmnos_8_500.0_48_48_resource_usage.csv

Wrote: results/hardware-proof-scaling/l3icalcul07/wan-8vmnos-w48-rw48-rate500/nproof-512/zkroam-wan-8vmnos/zkroam_wan_8vmnos_8_500.0_48_48_sweep_summary.csv

============================================================================
SWEEP HIGHLIGHTS (median across runs per nproofs/VMNO level)
============================================================================
 nproofs  num_vmnos  ind_gas_total  agg_gas_total gas_save_%  pipeline_x
     512          8    991,109,120      1,229,072      99.9%       3.72x
============================================================================

$ /Utilisateurs/abellach/zkRoam/net-heterogeneity/venv/bin/python3 monitoring/collect_metrics.py --logs-dir logs --rpc http://172.28.0.10:8545 --start-block 30 --end-block 457 --log-offsets results/hardware-proof-scaling/l3icalcul07/wan-8vmnos-w48-rw48-rate500/nproof-512/zkroam-wan-8vmnos/log_offsets_at_workload_start.json --out results/hardware-proof-scaling/l3icalcul07/wan-8vmnos-w48-rw48-rate500/nproof-512/zkroam-wan-8vmnos/consensus_robustness.csv
Total view changes across all nodes: 0
Blocks exceeding 2x block period (stall indicator): 9/428
Wrote results/hardware-proof-scaling/l3icalcul07/wan-8vmnos-w48-rw48-rate500/nproof-512/zkroam-wan-8vmnos/consensus_robustness.csv

$ /Utilisateurs/abellach/zkRoam/net-heterogeneity/venv/bin/python3 scripts/apptainer-network.py snapshot --out results/hardware-proof-scaling/l3icalcul07/wan-8vmnos-w48-rw48-rate500/nproof-512/zkroam-wan-8vmnos/runtime_snapshot
$ nsenter -t 1045059 -n apptainer exec --cleanenv /Utilisateurs/abellach/zkRoam/net-heterogeneity/zkroam-besu.sif tc -s qdisc show
$ nsenter -t 1045059 -n apptainer exec --cleanenv /Utilisateurs/abellach/zkRoam/net-heterogeneity/zkroam-besu.sif tc -s class show
$ nsenter -t 1045059 -n apptainer exec --cleanenv /Utilisateurs/abellach/zkRoam/net-heterogeneity/zkroam-besu.sif tc -s filter show
$ nsenter -t 1045059 -n apptainer exec --cleanenv /Utilisateurs/abellach/zkRoam/net-heterogeneity/zkroam-besu.sif ip -o addr show
$ nsenter -t 1045537 -n apptainer exec --cleanenv /Utilisateurs/abellach/zkRoam/net-heterogeneity/zkroam-besu.sif tc -s qdisc show
$ nsenter -t 1045537 -n apptainer exec --cleanenv /Utilisateurs/abellach/zkRoam/net-heterogeneity/zkroam-besu.sif tc -s class show
$ nsenter -t 1045537 -n apptainer exec --cleanenv /Utilisateurs/abellach/zkRoam/net-heterogeneity/zkroam-besu.sif tc -s filter show
$ nsenter -t 1045537 -n apptainer exec --cleanenv /Utilisateurs/abellach/zkRoam/net-heterogeneity/zkroam-besu.sif ip -o addr show
$ nsenter -t 1046181 -n apptainer exec --cleanenv /Utilisateurs/abellach/zkRoam/net-heterogeneity/zkroam-besu.sif tc -s qdisc show
$ nsenter -t 1046181 -n apptainer exec --cleanenv /Utilisateurs/abellach/zkRoam/net-heterogeneity/zkroam-besu.sif tc -s class show
$ nsenter -t 1046181 -n apptainer exec --cleanenv /Utilisateurs/abellach/zkRoam/net-heterogeneity/zkroam-besu.sif tc -s filter show
$ nsenter -t 1046181 -n apptainer exec --cleanenv /Utilisateurs/abellach/zkRoam/net-heterogeneity/zkroam-besu.sif ip -o addr show
$ nsenter -t 1046874 -n apptainer exec --cleanenv /Utilisateurs/abellach/zkRoam/net-heterogeneity/zkroam-besu.sif tc -s qdisc show
$ nsenter -t 1046874 -n apptainer exec --cleanenv /Utilisateurs/abellach/zkRoam/net-heterogeneity/zkroam-besu.sif tc -s class show
$ nsenter -t 1046874 -n apptainer exec --cleanenv /Utilisateurs/abellach/zkRoam/net-heterogeneity/zkroam-besu.sif tc -s filter show
$ nsenter -t 1046874 -n apptainer exec --cleanenv /Utilisateurs/abellach/zkRoam/net-heterogeneity/zkroam-besu.sif ip -o addr show
$ nsenter -t 1047532 -n apptainer exec --cleanenv /Utilisateurs/abellach/zkRoam/net-heterogeneity/zkroam-besu.sif tc -s qdisc show
$ nsenter -t 1047532 -n apptainer exec --cleanenv /Utilisateurs/abellach/zkRoam/net-heterogeneity/zkroam-besu.sif tc -s class show
$ nsenter -t 1047532 -n apptainer exec --cleanenv /Utilisateurs/abellach/zkRoam/net-heterogeneity/zkroam-besu.sif tc -s filter show
$ nsenter -t 1047532 -n apptainer exec --cleanenv /Utilisateurs/abellach/zkRoam/net-heterogeneity/zkroam-besu.sif ip -o addr show
$ nsenter -t 1048418 -n apptainer exec --cleanenv /Utilisateurs/abellach/zkRoam/net-heterogeneity/zkroam-besu.sif tc -s qdisc show
$ nsenter -t 1048418 -n apptainer exec --cleanenv /Utilisateurs/abellach/zkRoam/net-heterogeneity/zkroam-besu.sif tc -s class show
$ nsenter -t 1048418 -n apptainer exec --cleanenv /Utilisateurs/abellach/zkRoam/net-heterogeneity/zkroam-besu.sif tc -s filter show
$ nsenter -t 1048418 -n apptainer exec --cleanenv /Utilisateurs/abellach/zkRoam/net-heterogeneity/zkroam-besu.sif ip -o addr show
$ nsenter -t 1049353 -n apptainer exec --cleanenv /Utilisateurs/abellach/zkRoam/net-heterogeneity/zkroam-besu.sif tc -s qdisc show
$ nsenter -t 1049353 -n apptainer exec --cleanenv /Utilisateurs/abellach/zkRoam/net-heterogeneity/zkroam-besu.sif tc -s class show
$ nsenter -t 1049353 -n apptainer exec --cleanenv /Utilisateurs/abellach/zkRoam/net-heterogeneity/zkroam-besu.sif tc -s filter show
$ nsenter -t 1049353 -n apptainer exec --cleanenv /Utilisateurs/abellach/zkRoam/net-heterogeneity/zkroam-besu.sif ip -o addr show
$ nsenter -t 1050185 -n apptainer exec --cleanenv /Utilisateurs/abellach/zkRoam/net-heterogeneity/zkroam-besu.sif tc -s qdisc show
$ nsenter -t 1050185 -n apptainer exec --cleanenv /Utilisateurs/abellach/zkRoam/net-heterogeneity/zkroam-besu.sif tc -s class show
$ nsenter -t 1050185 -n apptainer exec --cleanenv /Utilisateurs/abellach/zkRoam/net-heterogeneity/zkroam-besu.sif tc -s filter show
$ nsenter -t 1050185 -n apptainer exec --cleanenv /Utilisateurs/abellach/zkRoam/net-heterogeneity/zkroam-besu.sif ip -o addr show
$ nsenter -t 1051106 -n apptainer exec --cleanenv /Utilisateurs/abellach/zkRoam/net-heterogeneity/zkroam-besu.sif tc -s qdisc show
$ nsenter -t 1051106 -n apptainer exec --cleanenv /Utilisateurs/abellach/zkRoam/net-heterogeneity/zkroam-besu.sif tc -s class show
$ nsenter -t 1051106 -n apptainer exec --cleanenv /Utilisateurs/abellach/zkRoam/net-heterogeneity/zkroam-besu.sif tc -s filter show
$ nsenter -t 1051106 -n apptainer exec --cleanenv /Utilisateurs/abellach/zkRoam/net-heterogeneity/zkroam-besu.sif ip -o addr show
$ nsenter -t 1051882 -n apptainer exec --cleanenv /Utilisateurs/abellach/zkRoam/net-heterogeneity/zkroam-besu.sif tc -s qdisc show
$ nsenter -t 1051882 -n apptainer exec --cleanenv /Utilisateurs/abellach/zkRoam/net-heterogeneity/zkroam-besu.sif tc -s class show
$ nsenter -t 1051882 -n apptainer exec --cleanenv /Utilisateurs/abellach/zkRoam/net-heterogeneity/zkroam-besu.sif tc -s filter show
$ nsenter -t 1051882 -n apptainer exec --cleanenv /Utilisateurs/abellach/zkRoam/net-heterogeneity/zkroam-besu.sif ip -o addr show
$ nsenter -t 1052717 -n apptainer exec --cleanenv /Utilisateurs/abellach/zkRoam/net-heterogeneity/zkroam-besu.sif tc -s qdisc show
$ nsenter -t 1052717 -n apptainer exec --cleanenv /Utilisateurs/abellach/zkRoam/net-heterogeneity/zkroam-besu.sif tc -s class show
$ nsenter -t 1052717 -n apptainer exec --cleanenv /Utilisateurs/abellach/zkRoam/net-heterogeneity/zkroam-besu.sif tc -s filter show
$ nsenter -t 1052717 -n apptainer exec --cleanenv /Utilisateurs/abellach/zkRoam/net-heterogeneity/zkroam-besu.sif ip -o addr show
$ nsenter -t 1053456 -n apptainer exec --cleanenv /Utilisateurs/abellach/zkRoam/net-heterogeneity/zkroam-besu.sif tc -s qdisc show
$ nsenter -t 1053456 -n apptainer exec --cleanenv /Utilisateurs/abellach/zkRoam/net-heterogeneity/zkroam-besu.sif tc -s class show
$ nsenter -t 1053456 -n apptainer exec --cleanenv /Utilisateurs/abellach/zkRoam/net-heterogeneity/zkroam-besu.sif tc -s filter show
$ nsenter -t 1053456 -n apptainer exec --cleanenv /Utilisateurs/abellach/zkRoam/net-heterogeneity/zkroam-besu.sif ip -o addr show
$ nsenter -t 1054355 -n apptainer exec --cleanenv /Utilisateurs/abellach/zkRoam/net-heterogeneity/zkroam-besu.sif tc -s qdisc show
$ nsenter -t 1054355 -n apptainer exec --cleanenv /Utilisateurs/abellach/zkRoam/net-heterogeneity/zkroam-besu.sif tc -s class show
$ nsenter -t 1054355 -n apptainer exec --cleanenv /Utilisateurs/abellach/zkRoam/net-heterogeneity/zkroam-besu.sif tc -s filter show
$ nsenter -t 1054355 -n apptainer exec --cleanenv /Utilisateurs/abellach/zkRoam/net-heterogeneity/zkroam-besu.sif ip -o addr show
$ nsenter -t 1055164 -n apptainer exec --cleanenv /Utilisateurs/abellach/zkRoam/net-heterogeneity/zkroam-besu.sif tc -s qdisc show
$ nsenter -t 1055164 -n apptainer exec --cleanenv /Utilisateurs/abellach/zkRoam/net-heterogeneity/zkroam-besu.sif tc -s class show
$ nsenter -t 1055164 -n apptainer exec --cleanenv /Utilisateurs/abellach/zkRoam/net-heterogeneity/zkroam-besu.sif tc -s filter show
$ nsenter -t 1055164 -n apptainer exec --cleanenv /Utilisateurs/abellach/zkRoam/net-heterogeneity/zkroam-besu.sif ip -o addr show
$ nsenter -t 1056043 -n apptainer exec --cleanenv /Utilisateurs/abellach/zkRoam/net-heterogeneity/zkroam-besu.sif tc -s qdisc show
$ nsenter -t 1056043 -n apptainer exec --cleanenv /Utilisateurs/abellach/zkRoam/net-heterogeneity/zkroam-besu.sif tc -s class show
$ nsenter -t 1056043 -n apptainer exec --cleanenv /Utilisateurs/abellach/zkRoam/net-heterogeneity/zkroam-besu.sif tc -s filter show
$ nsenter -t 1056043 -n apptainer exec --cleanenv /Utilisateurs/abellach/zkRoam/net-heterogeneity/zkroam-besu.sif ip -o addr show
$ apptainer exec --cleanenv /Utilisateurs/abellach/zkRoam/net-heterogeneity/zkroam-besu.sif ip -details addr show zkroam0

$ /Utilisateurs/abellach/zkRoam/net-heterogeneity/venv/bin/python3 scripts/apptainer-network.py stop
$ apptainer exec --cleanenv /Utilisateurs/abellach/zkRoam/net-heterogeneity/zkroam-besu.sif ip -o link show
$ apptainer exec --cleanenv /Utilisateurs/abellach/zkRoam/net-heterogeneity/zkroam-besu.sif ip link delete zkh00
$ apptainer exec --cleanenv /Utilisateurs/abellach/zkRoam/net-heterogeneity/zkroam-besu.sif ip link delete zkh01
$ apptainer exec --cleanenv /Utilisateurs/abellach/zkRoam/net-heterogeneity/zkroam-besu.sif ip link delete zkh02
$ apptainer exec --cleanenv /Utilisateurs/abellach/zkRoam/net-heterogeneity/zkroam-besu.sif ip link delete zkh03
$ apptainer exec --cleanenv /Utilisateurs/abellach/zkRoam/net-heterogeneity/zkroam-besu.sif ip link delete zkh04
$ apptainer exec --cleanenv /Utilisateurs/abellach/zkRoam/net-heterogeneity/zkroam-besu.sif ip link delete zkh05
$ apptainer exec --cleanenv /Utilisateurs/abellach/zkRoam/net-heterogeneity/zkroam-besu.sif ip link delete zkh06
$ apptainer exec --cleanenv /Utilisateurs/abellach/zkRoam/net-heterogeneity/zkroam-besu.sif ip link delete zkh07
$ apptainer exec --cleanenv /Utilisateurs/abellach/zkRoam/net-heterogeneity/zkroam-besu.sif ip link delete zkh08
$ apptainer exec --cleanenv /Utilisateurs/abellach/zkRoam/net-heterogeneity/zkroam-besu.sif ip link delete zkh09
$ apptainer exec --cleanenv /Utilisateurs/abellach/zkRoam/net-heterogeneity/zkroam-besu.sif ip link delete zkh10
$ apptainer exec --cleanenv /Utilisateurs/abellach/zkRoam/net-heterogeneity/zkroam-besu.sif ip link delete zkh11
$ apptainer exec --cleanenv /Utilisateurs/abellach/zkRoam/net-heterogeneity/zkroam-besu.sif ip link delete zkh12
$ apptainer exec --cleanenv /Utilisateurs/abellach/zkRoam/net-heterogeneity/zkroam-besu.sif ip link delete zkh13
$ apptainer exec --cleanenv /Utilisateurs/abellach/zkRoam/net-heterogeneity/zkroam-besu.sif ip link delete zkh14
$ apptainer exec --cleanenv /Utilisateurs/abellach/zkRoam/net-heterogeneity/zkroam-besu.sif ip link delete zkroam0
