
$ bash scripts/04c-run-network-apptainer.sh baseline
=== Step 0: stop the previous zkRoam Apptainer network ===
$ apptainer exec --cleanenv /tmp/zkroam-hw-22073-TarIRJ/net-heterogeneity/zkroam-besu.sif ip -o link show
$ apptainer exec --cleanenv /tmp/zkroam-hw-22073-TarIRJ/net-heterogeneity/zkroam-besu.sif ip link delete zkroam0
=== Step 1: generate genesis, validator keys, and accounts ===
==========================================
Generating QBFT test network
==========================================

Validators : 15
Client accounts : 2000
Balance/account : 1000000000000000000000 wei

[1/5] Cleaning previous network files...
[2/5] Generating QBFT validators and genesis...
2026-10-07 18:49:17.623+00:00 | main | INFO  | GenerateBlockchainConfig | Generating 15 nodes keys.
2026-10-07 18:49:17.625+00:00 | main | INFO  | GenerateBlockchainConfig | Generating keypair for node 0.
2026-10-07 18:49:17.663+00:00 | main | INFO  | GenerateBlockchainConfig | Generating keypair for node 1.
2026-10-07 18:49:17.667+00:00 | main | INFO  | GenerateBlockchainConfig | Generating keypair for node 2.
2026-10-07 18:49:17.670+00:00 | main | INFO  | GenerateBlockchainConfig | Generating keypair for node 3.
2026-10-07 18:49:17.672+00:00 | main | INFO  | GenerateBlockchainConfig | Generating keypair for node 4.
2026-10-07 18:49:17.673+00:00 | main | INFO  | GenerateBlockchainConfig | Generating keypair for node 5.
2026-10-07 18:49:17.675+00:00 | main | INFO  | GenerateBlockchainConfig | Generating keypair for node 6.
2026-10-07 18:49:17.677+00:00 | main | INFO  | GenerateBlockchainConfig | Generating keypair for node 7.
2026-10-07 18:49:17.678+00:00 | main | INFO  | GenerateBlockchainConfig | Generating keypair for node 8.
2026-10-07 18:49:17.679+00:00 | main | INFO  | GenerateBlockchainConfig | Generating keypair for node 9.
2026-10-07 18:49:17.679+00:00 | main | INFO  | GenerateBlockchainConfig | Generating keypair for node 10.
2026-10-07 18:49:17.680+00:00 | main | INFO  | GenerateBlockchainConfig | Generating keypair for node 11.
2026-10-07 18:49:17.681+00:00 | main | INFO  | GenerateBlockchainConfig | Generating keypair for node 12.
2026-10-07 18:49:17.682+00:00 | main | INFO  | GenerateBlockchainConfig | Generating keypair for node 13.
2026-10-07 18:49:17.683+00:00 | main | INFO  | GenerateBlockchainConfig | Generating keypair for node 14.
2026-10-07 18:49:17.684+00:00 | main | INFO  | GenerateBlockchainConfig | Generating QBFT extra data.
2026-10-07 18:49:17.688+00:00 | main | INFO  | GenerateBlockchainConfig | Writing genesis file.
[3/5] Generating 2000 funded client accounts...
Generating 2000 funded accounts...

Generated 2000 accounts.
Saved to: /tmp/zkroam-hw-22073-TarIRJ/net-heterogeneity/accounts/accounts.json
[4/5] Updating genesis alloc...
Existing configured alloc accounts: 2
Generated workload accounts: 2000

Final genesis alloc contains 2002 accounts.
[5/5] Verifying generated network...

==========================================
QBFT network generation complete
==========================================

Genesis:
  /tmp/zkroam-hw-22073-TarIRJ/net-heterogeneity/networkFiles/genesis.json

Validators:
  /tmp/zkroam-hw-22073-TarIRJ/net-heterogeneity/networkFiles/keys/

Client accounts:
  /tmp/zkroam-hw-22073-TarIRJ/net-heterogeneity/accounts/accounts.json

Validator count:
15

Client account count:
2000

Genesis alloc count:
2002

First 10 client accounts:
000 0x1CFc1Cc7f9e132aFA38e95E1Bd0f32c7262D6451 balance=1000000000000000000000
001 0x19Ec2CEb70449D30609C3CaE7FDd6899aC778c99 balance=1000000000000000000000
002 0xeC104de434EE98a12522e2AA42A71C63741C27F4 balance=1000000000000000000000
003 0xAC5cA8628fed0C84fb413640453FCa9bf8fAC07A balance=1000000000000000000000
004 0x837011c1D24a4AE0f2E471c9f2aaaB4C5B5cAdEe balance=1000000000000000000000
005 0xEBeeA088F424EDc6F82c09f73154dbB655435B78 balance=1000000000000000000000
006 0x77ef98aeAE5545598201337f84DdAa35AC988E37 balance=1000000000000000000000
007 0x26f4abd5eb405d538F2ED751c63117545924bae9 balance=1000000000000000000000
008 0x121DeFDb6dc39a870F1A20d5bfFCC10947f1124b balance=1000000000000000000000
009 0xD50bc22F1A12636C36b69CD94BFc99Fb96bE4053 balance=1000000000000000000000

==========================================
IMPORTANT
==========================================

Client private keys are stored in:
  /tmp/zkroam-hw-22073-TarIRJ/net-heterogeneity/accounts/accounts.json

Do NOT commit this file to Git.

=== Step 2: generate the baseline topology ===
Wrote baseline topology (15 core-profile nodes) to /tmp/zkroam-hw-22073-TarIRJ/net-heterogeneity/networkFiles/topology.json
=== Step 3: start 15 isolated Apptainer-backed validators ===
$ apptainer exec --cleanenv /Utilisateurs/abellach/zkRoam/net-heterogeneity/zkroam-besu.sif ip -o link show
$ apptainer exec --cleanenv /Utilisateurs/abellach/zkRoam/net-heterogeneity/zkroam-besu.sif ip link delete zkroam0
$ apptainer exec --cleanenv /Utilisateurs/abellach/zkRoam/net-heterogeneity/zkroam-besu.sif ip link add zkroam0 type bridge
$ apptainer exec --cleanenv /Utilisateurs/abellach/zkRoam/net-heterogeneity/zkroam-besu.sif ip addr add 172.28.0.1/24 dev zkroam0
$ apptainer exec --cleanenv /Utilisateurs/abellach/zkRoam/net-heterogeneity/zkroam-besu.sif ip link set zkroam0 up
$ apptainer exec --cleanenv /Utilisateurs/abellach/zkRoam/net-heterogeneity/zkroam-besu.sif ip link delete zkh00
$ apptainer exec --cleanenv /Utilisateurs/abellach/zkRoam/net-heterogeneity/zkroam-besu.sif ip link add zkh00 type veth peer name eth0
$ apptainer exec --cleanenv /Utilisateurs/abellach/zkRoam/net-heterogeneity/zkroam-besu.sif ip link set zkh00 master zkroam0
$ apptainer exec --cleanenv /Utilisateurs/abellach/zkRoam/net-heterogeneity/zkroam-besu.sif ip link set zkh00 up
$ apptainer exec --cleanenv /Utilisateurs/abellach/zkRoam/net-heterogeneity/zkroam-besu.sif ip link set eth0 netns 1759682
$ nsenter -t 1759682 -n apptainer exec --cleanenv /Utilisateurs/abellach/zkRoam/net-heterogeneity/zkroam-besu.sif ip link set lo up
$ nsenter -t 1759682 -n apptainer exec --cleanenv /Utilisateurs/abellach/zkRoam/net-heterogeneity/zkroam-besu.sif ip addr add 172.28.0.10/24 dev eth0
$ nsenter -t 1759682 -n apptainer exec --cleanenv /Utilisateurs/abellach/zkRoam/net-heterogeneity/zkroam-besu.sif ip link set eth0 up
$ nsenter -t 1759682 -n apptainer exec --cleanenv /Utilisateurs/abellach/zkRoam/net-heterogeneity/zkroam-besu.sif ip route add default via 172.28.0.1
$ apptainer exec --cleanenv /Utilisateurs/abellach/zkRoam/net-heterogeneity/zkroam-besu.sif ip link delete zkh01
$ apptainer exec --cleanenv /Utilisateurs/abellach/zkRoam/net-heterogeneity/zkroam-besu.sif ip link add zkh01 type veth peer name eth0
$ apptainer exec --cleanenv /Utilisateurs/abellach/zkRoam/net-heterogeneity/zkroam-besu.sif ip link set zkh01 master zkroam0
$ apptainer exec --cleanenv /Utilisateurs/abellach/zkRoam/net-heterogeneity/zkroam-besu.sif ip link set zkh01 up
$ apptainer exec --cleanenv /Utilisateurs/abellach/zkRoam/net-heterogeneity/zkroam-besu.sif ip link set eth0 netns 1760164
$ nsenter -t 1760164 -n apptainer exec --cleanenv /Utilisateurs/abellach/zkRoam/net-heterogeneity/zkroam-besu.sif ip link set lo up
$ nsenter -t 1760164 -n apptainer exec --cleanenv /Utilisateurs/abellach/zkRoam/net-heterogeneity/zkroam-besu.sif ip addr add 172.28.0.11/24 dev eth0
$ nsenter -t 1760164 -n apptainer exec --cleanenv /Utilisateurs/abellach/zkRoam/net-heterogeneity/zkroam-besu.sif ip link set eth0 up
$ nsenter -t 1760164 -n apptainer exec --cleanenv /Utilisateurs/abellach/zkRoam/net-heterogeneity/zkroam-besu.sif ip route add default via 172.28.0.1
$ apptainer exec --cleanenv /Utilisateurs/abellach/zkRoam/net-heterogeneity/zkroam-besu.sif ip link delete zkh02
$ apptainer exec --cleanenv /Utilisateurs/abellach/zkRoam/net-heterogeneity/zkroam-besu.sif ip link add zkh02 type veth peer name eth0
$ apptainer exec --cleanenv /Utilisateurs/abellach/zkRoam/net-heterogeneity/zkroam-besu.sif ip link set zkh02 master zkroam0
$ apptainer exec --cleanenv /Utilisateurs/abellach/zkRoam/net-heterogeneity/zkroam-besu.sif ip link set zkh02 up
$ apptainer exec --cleanenv /Utilisateurs/abellach/zkRoam/net-heterogeneity/zkroam-besu.sif ip link set eth0 netns 1760760
$ nsenter -t 1760760 -n apptainer exec --cleanenv /Utilisateurs/abellach/zkRoam/net-heterogeneity/zkroam-besu.sif ip link set lo up
$ nsenter -t 1760760 -n apptainer exec --cleanenv /Utilisateurs/abellach/zkRoam/net-heterogeneity/zkroam-besu.sif ip addr add 172.28.0.12/24 dev eth0
$ nsenter -t 1760760 -n apptainer exec --cleanenv /Utilisateurs/abellach/zkRoam/net-heterogeneity/zkroam-besu.sif ip link set eth0 up
$ nsenter -t 1760760 -n apptainer exec --cleanenv /Utilisateurs/abellach/zkRoam/net-heterogeneity/zkroam-besu.sif ip route add default via 172.28.0.1
$ apptainer exec --cleanenv /Utilisateurs/abellach/zkRoam/net-heterogeneity/zkroam-besu.sif ip link delete zkh03
$ apptainer exec --cleanenv /Utilisateurs/abellach/zkRoam/net-heterogeneity/zkroam-besu.sif ip link add zkh03 type veth peer name eth0
$ apptainer exec --cleanenv /Utilisateurs/abellach/zkRoam/net-heterogeneity/zkroam-besu.sif ip link set zkh03 master zkroam0
$ apptainer exec --cleanenv /Utilisateurs/abellach/zkRoam/net-heterogeneity/zkroam-besu.sif ip link set zkh03 up
$ apptainer exec --cleanenv /Utilisateurs/abellach/zkRoam/net-heterogeneity/zkroam-besu.sif ip link set eth0 netns 1761417
$ nsenter -t 1761417 -n apptainer exec --cleanenv /Utilisateurs/abellach/zkRoam/net-heterogeneity/zkroam-besu.sif ip link set lo up
$ nsenter -t 1761417 -n apptainer exec --cleanenv /Utilisateurs/abellach/zkRoam/net-heterogeneity/zkroam-besu.sif ip addr add 172.28.0.13/24 dev eth0
$ nsenter -t 1761417 -n apptainer exec --cleanenv /Utilisateurs/abellach/zkRoam/net-heterogeneity/zkroam-besu.sif ip link set eth0 up
$ nsenter -t 1761417 -n apptainer exec --cleanenv /Utilisateurs/abellach/zkRoam/net-heterogeneity/zkroam-besu.sif ip route add default via 172.28.0.1
$ apptainer exec --cleanenv /Utilisateurs/abellach/zkRoam/net-heterogeneity/zkroam-besu.sif ip link delete zkh04
$ apptainer exec --cleanenv /Utilisateurs/abellach/zkRoam/net-heterogeneity/zkroam-besu.sif ip link add zkh04 type veth peer name eth0
$ apptainer exec --cleanenv /Utilisateurs/abellach/zkRoam/net-heterogeneity/zkroam-besu.sif ip link set zkh04 master zkroam0
$ apptainer exec --cleanenv /Utilisateurs/abellach/zkRoam/net-heterogeneity/zkroam-besu.sif ip link set zkh04 up
$ apptainer exec --cleanenv /Utilisateurs/abellach/zkRoam/net-heterogeneity/zkroam-besu.sif ip link set eth0 netns 1762191
$ nsenter -t 1762191 -n apptainer exec --cleanenv /Utilisateurs/abellach/zkRoam/net-heterogeneity/zkroam-besu.sif ip link set lo up
$ nsenter -t 1762191 -n apptainer exec --cleanenv /Utilisateurs/abellach/zkRoam/net-heterogeneity/zkroam-besu.sif ip addr add 172.28.0.14/24 dev eth0
$ nsenter -t 1762191 -n apptainer exec --cleanenv /Utilisateurs/abellach/zkRoam/net-heterogeneity/zkroam-besu.sif ip link set eth0 up
$ nsenter -t 1762191 -n apptainer exec --cleanenv /Utilisateurs/abellach/zkRoam/net-heterogeneity/zkroam-besu.sif ip route add default via 172.28.0.1
$ apptainer exec --cleanenv /Utilisateurs/abellach/zkRoam/net-heterogeneity/zkroam-besu.sif ip link delete zkh05
$ apptainer exec --cleanenv /Utilisateurs/abellach/zkRoam/net-heterogeneity/zkroam-besu.sif ip link add zkh05 type veth peer name eth0
$ apptainer exec --cleanenv /Utilisateurs/abellach/zkRoam/net-heterogeneity/zkroam-besu.sif ip link set zkh05 master zkroam0
$ apptainer exec --cleanenv /Utilisateurs/abellach/zkRoam/net-heterogeneity/zkroam-besu.sif ip link set zkh05 up
$ apptainer exec --cleanenv /Utilisateurs/abellach/zkRoam/net-heterogeneity/zkroam-besu.sif ip link set eth0 netns 1762979
$ nsenter -t 1762979 -n apptainer exec --cleanenv /Utilisateurs/abellach/zkRoam/net-heterogeneity/zkroam-besu.sif ip link set lo up
$ nsenter -t 1762979 -n apptainer exec --cleanenv /Utilisateurs/abellach/zkRoam/net-heterogeneity/zkroam-besu.sif ip addr add 172.28.0.15/24 dev eth0
$ nsenter -t 1762979 -n apptainer exec --cleanenv /Utilisateurs/abellach/zkRoam/net-heterogeneity/zkroam-besu.sif ip link set eth0 up
$ nsenter -t 1762979 -n apptainer exec --cleanenv /Utilisateurs/abellach/zkRoam/net-heterogeneity/zkroam-besu.sif ip route add default via 172.28.0.1
$ apptainer exec --cleanenv /Utilisateurs/abellach/zkRoam/net-heterogeneity/zkroam-besu.sif ip link delete zkh06
$ apptainer exec --cleanenv /Utilisateurs/abellach/zkRoam/net-heterogeneity/zkroam-besu.sif ip link add zkh06 type veth peer name eth0
$ apptainer exec --cleanenv /Utilisateurs/abellach/zkRoam/net-heterogeneity/zkroam-besu.sif ip link set zkh06 master zkroam0
$ apptainer exec --cleanenv /Utilisateurs/abellach/zkRoam/net-heterogeneity/zkroam-besu.sif ip link set zkh06 up
$ apptainer exec --cleanenv /Utilisateurs/abellach/zkRoam/net-heterogeneity/zkroam-besu.sif ip link set eth0 netns 1763772
$ nsenter -t 1763772 -n apptainer exec --cleanenv /Utilisateurs/abellach/zkRoam/net-heterogeneity/zkroam-besu.sif ip link set lo up
$ nsenter -t 1763772 -n apptainer exec --cleanenv /Utilisateurs/abellach/zkRoam/net-heterogeneity/zkroam-besu.sif ip addr add 172.28.0.16/24 dev eth0
$ nsenter -t 1763772 -n apptainer exec --cleanenv /Utilisateurs/abellach/zkRoam/net-heterogeneity/zkroam-besu.sif ip link set eth0 up
$ nsenter -t 1763772 -n apptainer exec --cleanenv /Utilisateurs/abellach/zkRoam/net-heterogeneity/zkroam-besu.sif ip route add default via 172.28.0.1
$ apptainer exec --cleanenv /Utilisateurs/abellach/zkRoam/net-heterogeneity/zkroam-besu.sif ip link delete zkh07
$ apptainer exec --cleanenv /Utilisateurs/abellach/zkRoam/net-heterogeneity/zkroam-besu.sif ip link add zkh07 type veth peer name eth0
$ apptainer exec --cleanenv /Utilisateurs/abellach/zkRoam/net-heterogeneity/zkroam-besu.sif ip link set zkh07 master zkroam0
$ apptainer exec --cleanenv /Utilisateurs/abellach/zkRoam/net-heterogeneity/zkroam-besu.sif ip link set zkh07 up
$ apptainer exec --cleanenv /Utilisateurs/abellach/zkRoam/net-heterogeneity/zkroam-besu.sif ip link set eth0 netns 1764560
$ nsenter -t 1764560 -n apptainer exec --cleanenv /Utilisateurs/abellach/zkRoam/net-heterogeneity/zkroam-besu.sif ip link set lo up
$ nsenter -t 1764560 -n apptainer exec --cleanenv /Utilisateurs/abellach/zkRoam/net-heterogeneity/zkroam-besu.sif ip addr add 172.28.0.17/24 dev eth0
$ nsenter -t 1764560 -n apptainer exec --cleanenv /Utilisateurs/abellach/zkRoam/net-heterogeneity/zkroam-besu.sif ip link set eth0 up
$ nsenter -t 1764560 -n apptainer exec --cleanenv /Utilisateurs/abellach/zkRoam/net-heterogeneity/zkroam-besu.sif ip route add default via 172.28.0.1
$ apptainer exec --cleanenv /Utilisateurs/abellach/zkRoam/net-heterogeneity/zkroam-besu.sif ip link delete zkh08
$ apptainer exec --cleanenv /Utilisateurs/abellach/zkRoam/net-heterogeneity/zkroam-besu.sif ip link add zkh08 type veth peer name eth0
$ apptainer exec --cleanenv /Utilisateurs/abellach/zkRoam/net-heterogeneity/zkroam-besu.sif ip link set zkh08 master zkroam0
$ apptainer exec --cleanenv /Utilisateurs/abellach/zkRoam/net-heterogeneity/zkroam-besu.sif ip link set zkh08 up
$ apptainer exec --cleanenv /Utilisateurs/abellach/zkRoam/net-heterogeneity/zkroam-besu.sif ip link set eth0 netns 1765345
$ nsenter -t 1765345 -n apptainer exec --cleanenv /Utilisateurs/abellach/zkRoam/net-heterogeneity/zkroam-besu.sif ip link set lo up
$ nsenter -t 1765345 -n apptainer exec --cleanenv /Utilisateurs/abellach/zkRoam/net-heterogeneity/zkroam-besu.sif ip addr add 172.28.0.18/24 dev eth0
$ nsenter -t 1765345 -n apptainer exec --cleanenv /Utilisateurs/abellach/zkRoam/net-heterogeneity/zkroam-besu.sif ip link set eth0 up
$ nsenter -t 1765345 -n apptainer exec --cleanenv /Utilisateurs/abellach/zkRoam/net-heterogeneity/zkroam-besu.sif ip route add default via 172.28.0.1
$ apptainer exec --cleanenv /Utilisateurs/abellach/zkRoam/net-heterogeneity/zkroam-besu.sif ip link delete zkh09
$ apptainer exec --cleanenv /Utilisateurs/abellach/zkRoam/net-heterogeneity/zkroam-besu.sif ip link add zkh09 type veth peer name eth0
$ apptainer exec --cleanenv /Utilisateurs/abellach/zkRoam/net-heterogeneity/zkroam-besu.sif ip link set zkh09 master zkroam0
$ apptainer exec --cleanenv /Utilisateurs/abellach/zkRoam/net-heterogeneity/zkroam-besu.sif ip link set zkh09 up
$ apptainer exec --cleanenv /Utilisateurs/abellach/zkRoam/net-heterogeneity/zkroam-besu.sif ip link set eth0 netns 1766192
$ nsenter -t 1766192 -n apptainer exec --cleanenv /Utilisateurs/abellach/zkRoam/net-heterogeneity/zkroam-besu.sif ip link set lo up
$ nsenter -t 1766192 -n apptainer exec --cleanenv /Utilisateurs/abellach/zkRoam/net-heterogeneity/zkroam-besu.sif ip addr add 172.28.0.19/24 dev eth0
$ nsenter -t 1766192 -n apptainer exec --cleanenv /Utilisateurs/abellach/zkRoam/net-heterogeneity/zkroam-besu.sif ip link set eth0 up
$ nsenter -t 1766192 -n apptainer exec --cleanenv /Utilisateurs/abellach/zkRoam/net-heterogeneity/zkroam-besu.sif ip route add default via 172.28.0.1
$ apptainer exec --cleanenv /Utilisateurs/abellach/zkRoam/net-heterogeneity/zkroam-besu.sif ip link delete zkh10
$ apptainer exec --cleanenv /Utilisateurs/abellach/zkRoam/net-heterogeneity/zkroam-besu.sif ip link add zkh10 type veth peer name eth0
$ apptainer exec --cleanenv /Utilisateurs/abellach/zkRoam/net-heterogeneity/zkroam-besu.sif ip link set zkh10 master zkroam0
$ apptainer exec --cleanenv /Utilisateurs/abellach/zkRoam/net-heterogeneity/zkroam-besu.sif ip link set zkh10 up
$ apptainer exec --cleanenv /Utilisateurs/abellach/zkRoam/net-heterogeneity/zkroam-besu.sif ip link set eth0 netns 1766984
$ nsenter -t 1766984 -n apptainer exec --cleanenv /Utilisateurs/abellach/zkRoam/net-heterogeneity/zkroam-besu.sif ip link set lo up
$ nsenter -t 1766984 -n apptainer exec --cleanenv /Utilisateurs/abellach/zkRoam/net-heterogeneity/zkroam-besu.sif ip addr add 172.28.0.20/24 dev eth0
$ nsenter -t 1766984 -n apptainer exec --cleanenv /Utilisateurs/abellach/zkRoam/net-heterogeneity/zkroam-besu.sif ip link set eth0 up
$ nsenter -t 1766984 -n apptainer exec --cleanenv /Utilisateurs/abellach/zkRoam/net-heterogeneity/zkroam-besu.sif ip route add default via 172.28.0.1
$ apptainer exec --cleanenv /Utilisateurs/abellach/zkRoam/net-heterogeneity/zkroam-besu.sif ip link delete zkh11
$ apptainer exec --cleanenv /Utilisateurs/abellach/zkRoam/net-heterogeneity/zkroam-besu.sif ip link add zkh11 type veth peer name eth0
$ apptainer exec --cleanenv /Utilisateurs/abellach/zkRoam/net-heterogeneity/zkroam-besu.sif ip link set zkh11 master zkroam0
$ apptainer exec --cleanenv /Utilisateurs/abellach/zkRoam/net-heterogeneity/zkroam-besu.sif ip link set zkh11 up
$ apptainer exec --cleanenv /Utilisateurs/abellach/zkRoam/net-heterogeneity/zkroam-besu.sif ip link set eth0 netns 1767764
$ nsenter -t 1767764 -n apptainer exec --cleanenv /Utilisateurs/abellach/zkRoam/net-heterogeneity/zkroam-besu.sif ip link set lo up
$ nsenter -t 1767764 -n apptainer exec --cleanenv /Utilisateurs/abellach/zkRoam/net-heterogeneity/zkroam-besu.sif ip addr add 172.28.0.21/24 dev eth0
$ nsenter -t 1767764 -n apptainer exec --cleanenv /Utilisateurs/abellach/zkRoam/net-heterogeneity/zkroam-besu.sif ip link set eth0 up
$ nsenter -t 1767764 -n apptainer exec --cleanenv /Utilisateurs/abellach/zkRoam/net-heterogeneity/zkroam-besu.sif ip route add default via 172.28.0.1
$ apptainer exec --cleanenv /Utilisateurs/abellach/zkRoam/net-heterogeneity/zkroam-besu.sif ip link delete zkh12
$ apptainer exec --cleanenv /Utilisateurs/abellach/zkRoam/net-heterogeneity/zkroam-besu.sif ip link add zkh12 type veth peer name eth0
$ apptainer exec --cleanenv /Utilisateurs/abellach/zkRoam/net-heterogeneity/zkroam-besu.sif ip link set zkh12 master zkroam0
$ apptainer exec --cleanenv /Utilisateurs/abellach/zkRoam/net-heterogeneity/zkroam-besu.sif ip link set zkh12 up
$ apptainer exec --cleanenv /Utilisateurs/abellach/zkRoam/net-heterogeneity/zkroam-besu.sif ip link set eth0 netns 1768603
$ nsenter -t 1768603 -n apptainer exec --cleanenv /Utilisateurs/abellach/zkRoam/net-heterogeneity/zkroam-besu.sif ip link set lo up
$ nsenter -t 1768603 -n apptainer exec --cleanenv /Utilisateurs/abellach/zkRoam/net-heterogeneity/zkroam-besu.sif ip addr add 172.28.0.22/24 dev eth0
$ nsenter -t 1768603 -n apptainer exec --cleanenv /Utilisateurs/abellach/zkRoam/net-heterogeneity/zkroam-besu.sif ip link set eth0 up
$ nsenter -t 1768603 -n apptainer exec --cleanenv /Utilisateurs/abellach/zkRoam/net-heterogeneity/zkroam-besu.sif ip route add default via 172.28.0.1
$ apptainer exec --cleanenv /Utilisateurs/abellach/zkRoam/net-heterogeneity/zkroam-besu.sif ip link delete zkh13
$ apptainer exec --cleanenv /Utilisateurs/abellach/zkRoam/net-heterogeneity/zkroam-besu.sif ip link add zkh13 type veth peer name eth0
$ apptainer exec --cleanenv /Utilisateurs/abellach/zkRoam/net-heterogeneity/zkroam-besu.sif ip link set zkh13 master zkroam0
$ apptainer exec --cleanenv /Utilisateurs/abellach/zkRoam/net-heterogeneity/zkroam-besu.sif ip link set zkh13 up
$ apptainer exec --cleanenv /Utilisateurs/abellach/zkRoam/net-heterogeneity/zkroam-besu.sif ip link set eth0 netns 1769397
$ nsenter -t 1769397 -n apptainer exec --cleanenv /Utilisateurs/abellach/zkRoam/net-heterogeneity/zkroam-besu.sif ip link set lo up
$ nsenter -t 1769397 -n apptainer exec --cleanenv /Utilisateurs/abellach/zkRoam/net-heterogeneity/zkroam-besu.sif ip addr add 172.28.0.23/24 dev eth0
$ nsenter -t 1769397 -n apptainer exec --cleanenv /Utilisateurs/abellach/zkRoam/net-heterogeneity/zkroam-besu.sif ip link set eth0 up
$ nsenter -t 1769397 -n apptainer exec --cleanenv /Utilisateurs/abellach/zkRoam/net-heterogeneity/zkroam-besu.sif ip route add default via 172.28.0.1
$ apptainer exec --cleanenv /Utilisateurs/abellach/zkRoam/net-heterogeneity/zkroam-besu.sif ip link delete zkh14
$ apptainer exec --cleanenv /Utilisateurs/abellach/zkRoam/net-heterogeneity/zkroam-besu.sif ip link add zkh14 type veth peer name eth0
$ apptainer exec --cleanenv /Utilisateurs/abellach/zkRoam/net-heterogeneity/zkroam-besu.sif ip link set zkh14 master zkroam0
$ apptainer exec --cleanenv /Utilisateurs/abellach/zkRoam/net-heterogeneity/zkroam-besu.sif ip link set zkh14 up
$ apptainer exec --cleanenv /Utilisateurs/abellach/zkRoam/net-heterogeneity/zkroam-besu.sif ip link set eth0 netns 1770223
$ nsenter -t 1770223 -n apptainer exec --cleanenv /Utilisateurs/abellach/zkRoam/net-heterogeneity/zkroam-besu.sif ip link set lo up
$ nsenter -t 1770223 -n apptainer exec --cleanenv /Utilisateurs/abellach/zkRoam/net-heterogeneity/zkroam-besu.sif ip addr add 172.28.0.24/24 dev eth0
$ nsenter -t 1770223 -n apptainer exec --cleanenv /Utilisateurs/abellach/zkRoam/net-heterogeneity/zkroam-besu.sif ip link set eth0 up
$ nsenter -t 1770223 -n apptainer exec --cleanenv /Utilisateurs/abellach/zkRoam/net-heterogeneity/zkroam-besu.sif ip route add default via 172.28.0.1
Started 15 Apptainer-backed validators.
=== Step 4: wait for every validator RPC and peer set ===
{
  "node00": {
    "block": 2,
    "peers": 14
  },
  "node01": {
    "block": 2,
    "peers": 14
  },
  "node02": {
    "block": 2,
    "peers": 14
  },
  "node03": {
    "block": 2,
    "peers": 14
  },
  "node04": {
    "block": 2,
    "peers": 14
  },
  "node05": {
    "block": 2,
    "peers": 14
  },
  "node06": {
    "block": 2,
    "peers": 14
  },
  "node07": {
    "block": 2,
    "peers": 14
  },
  "node08": {
    "block": 2,
    "peers": 14
  },
  "node09": {
    "block": 2,
    "peers": 14
  },
  "node10": {
    "block": 2,
    "peers": 14
  },
  "node11": {
    "block": 2,
    "peers": 14
  },
  "node12": {
    "block": 2,
    "peers": 14
  },
  "node13": {
    "block": 2,
    "peers": 14
  },
  "node14": {
    "block": 3,
    "peers": 14
  }
}
All 15 nodes are ready.
Apptainer baseline network is up.

$ /Utilisateurs/abellach/zkRoam/net-heterogeneity/venv/bin/python3 workload/deploy_verifiers.py --topology networkFiles/topology.json --accounts accounts/accounts.json
Discovered RPC endpoints:
------------------------------------------
  node00     -> http://172.28.0.10:8545
  node01     -> http://172.28.0.11:8545
  node02     -> http://172.28.0.12:8545
  node03     -> http://172.28.0.13:8545
  node04     -> http://172.28.0.14:8545
  node05     -> http://172.28.0.15:8545
  node06     -> http://172.28.0.16:8545
  node07     -> http://172.28.0.17:8545
  node08     -> http://172.28.0.18:8545
  node09     -> http://172.28.0.19:8545
  node10     -> http://172.28.0.20:8545
  node11     -> http://172.28.0.21:8545
  node12     -> http://172.28.0.22:8545
  node13     -> http://172.28.0.23:8545
  node14     -> http://172.28.0.24:8545
------------------------------------------
Connecting to node00 (http://172.28.0.10:8545)...
  Connected. chain_id=1337
Connecting to node01 (http://172.28.0.11:8545)...
  Connected. chain_id=1337
Connecting to node02 (http://172.28.0.12:8545)...
  Connected. chain_id=1337
Connecting to node03 (http://172.28.0.13:8545)...
  Connected. chain_id=1337
Connecting to node04 (http://172.28.0.14:8545)...
  Connected. chain_id=1337
Connecting to node05 (http://172.28.0.15:8545)...
  Connected. chain_id=1337
Connecting to node06 (http://172.28.0.16:8545)...
  Connected. chain_id=1337
Connecting to node07 (http://172.28.0.17:8545)...
  Connected. chain_id=1337
Connecting to node08 (http://172.28.0.18:8545)...
  Connected. chain_id=1337
Connecting to node09 (http://172.28.0.19:8545)...
  Connected. chain_id=1337
Connecting to node10 (http://172.28.0.20:8545)...
  Connected. chain_id=1337
Connecting to node11 (http://172.28.0.21:8545)...
  Connected. chain_id=1337
Connecting to node12 (http://172.28.0.22:8545)...
  Connected. chain_id=1337
Connecting to node13 (http://172.28.0.23:8545)...
  Connected. chain_id=1337
Connecting to node14 (http://172.28.0.24:8545)...
  Connected. chain_id=1337

Deploying from 0x1CFc1Cc7f9e132aFA38e95E1Bd0f32c7262D6451 via http://172.28.0.10:8545 (chain_id=1337)

Compiling CDRVerifier.sol ...
Deploying CDRVerifier ...
  submitted deploy tx 21704e78a41e1e3b0e169dedf36b10338fc61de47df7db5b839ecd1f066bf83e, waiting for receipt...
  deployed at 0x6323D2c8f88bF8a5C76eB6ffDf08C21Dd4Df5961  (gasUsed=465218)

Compiling SnarkPackAggregateAnchor.sol ...
Deploying SnarkPackAggregateAnchor ...
  submitted deploy tx 7d94a7bf6f5b64993c41c06db0624cc2a54d88b9d97838c8d3fdfcfd8262e95d, waiting for receipt...
  deployed at 0x692fcA7BBae55037CB9B9c3bAC88Ee6c2D4b4044  (gasUsed=1832981)

verifier-pool-size=1: only accounts[0] is authorized as a verifier - fine as-is if you're relaying via relayAggregateProof (submission load spreads across the full account pool regardless of verifier count). Only increase this if you want multiple independent verifier keys for redundancy/threshold, or if you plan to use the direct anchorAggregateProof(onlyVerifier) path at any real volume.

Wrote: deployed_contracts.json

$ /Utilisateurs/abellach/zkRoam/net-heterogeneity/venv/bin/python3 workload/zkroam_workload.py --config results/hardware-vmno-scaling/l3icalcul07/baseline-nproof8-w48-rw48-rate500/vmnos-32/zkroam-baseline-32vmnos/config.yml
Discovered RPC endpoints:
------------------------------------------
  node00     -> http://172.28.0.10:8545
  node01     -> http://172.28.0.11:8545
  node02     -> http://172.28.0.12:8545
  node03     -> http://172.28.0.13:8545
  node04     -> http://172.28.0.14:8545
  node05     -> http://172.28.0.15:8545
  node06     -> http://172.28.0.16:8545
  node07     -> http://172.28.0.17:8545
  node08     -> http://172.28.0.18:8545
  node09     -> http://172.28.0.19:8545
  node10     -> http://172.28.0.20:8545
  node11     -> http://172.28.0.21:8545
  node12     -> http://172.28.0.22:8545
  node13     -> http://172.28.0.23:8545
  node14     -> http://172.28.0.24:8545
------------------------------------------
Connecting to node00 (http://172.28.0.10:8545)...
  Connected. chain_id=1337
Connecting to node01 (http://172.28.0.11:8545)...
  Connected. chain_id=1337
Connecting to node02 (http://172.28.0.12:8545)...
  Connected. chain_id=1337
Connecting to node03 (http://172.28.0.13:8545)...
  Connected. chain_id=1337
Connecting to node04 (http://172.28.0.14:8545)...
  Connected. chain_id=1337
Connecting to node05 (http://172.28.0.15:8545)...
  Connected. chain_id=1337
Connecting to node06 (http://172.28.0.16:8545)...
  Connected. chain_id=1337
Connecting to node07 (http://172.28.0.17:8545)...
  Connected. chain_id=1337
Connecting to node08 (http://172.28.0.18:8545)...
  Connected. chain_id=1337
Connecting to node09 (http://172.28.0.19:8545)...
  Connected. chain_id=1337
Connecting to node10 (http://172.28.0.20:8545)...
  Connected. chain_id=1337
Connecting to node11 (http://172.28.0.21:8545)...
  Connected. chain_id=1337
Connecting to node12 (http://172.28.0.22:8545)...
  Connected. chain_id=1337
Connecting to node13 (http://172.28.0.23:8545)...
  Connected. chain_id=1337
Connecting to node14 (http://172.28.0.24:8545)...
  Connected. chain_id=1337

Reading pending nonce for 2000 accounts (parallel)...


Using real proof from fixtures/proof.json / fixtures/public.json
individual leg -> real verifyProof() calls on 0x6323D2c8f88bF8a5C76eB6ffDf08C21Dd4Df5961
aggregate leg  -> real anchorAggregateProof() calls on 0x692fcA7BBae55037CB9B9c3bAC88Ee6c2D4b4044

workload.num_vmnos = 32 (total VMNO settlements submitted per sweep point; nproofs below is per-VMNO batch size, not workload size)

============================================================
nproofs/vmno=8  num_vmnos=32  run=1  (off-chain source: reference_fallback)
============================================================

>>> on-chain leg: individual_n8_vmnos32_r1 (256 tx total, 420B calldata, gas/tx=278265, to=0x6323D2c8f88bF8a5C76eB6ffDf08C21Dd4Df5961)

Starting transaction producer...
Target submission rate : 500.00 tx/s
Submission workers      : 48


Producer finished.
------------------------------------------
Submitted : 256/256
Failed    : 0/256
Duration  : 0.812s
Rate      : 315.20 tx/s
------------------------------------------

Starting receipt polling...
------------------------------------------
Transactions to confirm : 256
Receipt workers         : 48
Receipt timeout         : 120.0s
------------------------------------------

Confirmed: 0/256 | Reverted: 0 | Pending: 256
Confirmed: 10/256 | Reverted: 0 | Pending: 246
Confirmed: 20/256 | Reverted: 0 | Pending: 236
Confirmed: 34/256 | Reverted: 0 | Pending: 222
Confirmed: 51/256 | Reverted: 0 | Pending: 205
Confirmed: 53/256 | Reverted: 0 | Pending: 203
Confirmed: 68/256 | Reverted: 0 | Pending: 188
Confirmed: 76/256 | Reverted: 0 | Pending: 180
Confirmed: 85/256 | Reverted: 0 | Pending: 171
Confirmed: 99/256 | Reverted: 0 | Pending: 157
Confirmed: 102/256 | Reverted: 0 | Pending: 154
Confirmed: 120/256 | Reverted: 0 | Pending: 136
Confirmed: 120/256 | Reverted: 0 | Pending: 136
Confirmed: 137/256 | Reverted: 0 | Pending: 119
Confirmed: 137/256 | Reverted: 0 | Pending: 119
Confirmed: 141/256 | Reverted: 0 | Pending: 115
Confirmed: 154/256 | Reverted: 0 | Pending: 102
Confirmed: 154/256 | Reverted: 0 | Pending: 102
Confirmed: 171/256 | Reverted: 0 | Pending: 85
Confirmed: 171/256 | Reverted: 0 | Pending: 85
Confirmed: 174/256 | Reverted: 0 | Pending: 82
Confirmed: 188/256 | Reverted: 0 | Pending: 68
Confirmed: 188/256 | Reverted: 0 | Pending: 68
Confirmed: 192/256 | Reverted: 0 | Pending: 64
Confirmed: 205/256 | Reverted: 0 | Pending: 51
Confirmed: 205/256 | Reverted: 0 | Pending: 51
Confirmed: 205/256 | Reverted: 0 | Pending: 51
Confirmed: 220/256 | Reverted: 0 | Pending: 36
Confirmed: 222/256 | Reverted: 0 | Pending: 34
Confirmed: 222/256 | Reverted: 0 | Pending: 34
Confirmed: 222/256 | Reverted: 0 | Pending: 34
Confirmed: 222/256 | Reverted: 0 | Pending: 34
Confirmed: 239/256 | Reverted: 0 | Pending: 17
Confirmed: 239/256 | Reverted: 0 | Pending: 17
Confirmed: 239/256 | Reverted: 0 | Pending: 17
Confirmed: 239/256 | Reverted: 0 | Pending: 17
Confirmed: 239/256 | Reverted: 0 | Pending: 17
Confirmed: 239/256 | Reverted: 0 | Pending: 17
Confirmed: 256/256 | Reverted: 0 | Pending: 0

Receipt polling finished.
------------------------------------------
Confirmed : 256
Reverted  : 0
Timeout   : 0
Duration  : 29.701s
------------------------------------------

>>> on-chain leg: aggregate_n8_vmnos32_r1 (32 tx total, 420B/tx x 32 distinct payloads, gas/tx=176674, to=0x692fcA7BBae55037CB9B9c3bAC88Ee6c2D4b4044)

Starting transaction producer...
Target submission rate : 500.00 tx/s
Submission workers      : 48


Producer finished.
------------------------------------------
Submitted : 32/32
Failed    : 0/32
Duration  : 0.149s
Rate      : 214.64 tx/s
------------------------------------------

Starting receipt polling...
------------------------------------------
Transactions to confirm : 32
Receipt workers         : 48
Receipt timeout         : 120.0s
------------------------------------------

Confirmed: 0/32 | Reverted: 0 | Pending: 32
Confirmed: 0/32 | Reverted: 0 | Pending: 32
Confirmed: 0/32 | Reverted: 0 | Pending: 32
Confirmed: 2/32 | Reverted: 0 | Pending: 30
Confirmed: 2/32 | Reverted: 0 | Pending: 30
Confirmed: 2/32 | Reverted: 0 | Pending: 30
Confirmed: 2/32 | Reverted: 0 | Pending: 30
Confirmed: 2/32 | Reverted: 0 | Pending: 30
Confirmed: 4/32 | Reverted: 0 | Pending: 28
Confirmed: 4/32 | Reverted: 0 | Pending: 28
Confirmed: 4/32 | Reverted: 0 | Pending: 28
Confirmed: 4/32 | Reverted: 0 | Pending: 28
Confirmed: 6/32 | Reverted: 0 | Pending: 26
Confirmed: 6/32 | Reverted: 0 | Pending: 26
Confirmed: 6/32 | Reverted: 0 | Pending: 26
Confirmed: 6/32 | Reverted: 0 | Pending: 26
Confirmed: 8/32 | Reverted: 0 | Pending: 24
Confirmed: 8/32 | Reverted: 0 | Pending: 24
Confirmed: 8/32 | Reverted: 0 | Pending: 24
Confirmed: 8/32 | Reverted: 0 | Pending: 24
Confirmed: 8/32 | Reverted: 0 | Pending: 24
Confirmed: 11/32 | Reverted: 0 | Pending: 21
Confirmed: 11/32 | Reverted: 0 | Pending: 21
Confirmed: 11/32 | Reverted: 0 | Pending: 21
Confirmed: 11/32 | Reverted: 0 | Pending: 21
Confirmed: 11/32 | Reverted: 0 | Pending: 21
Confirmed: 14/32 | Reverted: 0 | Pending: 18
Confirmed: 14/32 | Reverted: 0 | Pending: 18
Confirmed: 14/32 | Reverted: 0 | Pending: 18
Confirmed: 14/32 | Reverted: 0 | Pending: 18
Confirmed: 14/32 | Reverted: 0 | Pending: 18
Confirmed: 16/32 | Reverted: 0 | Pending: 16
Confirmed: 16/32 | Reverted: 0 | Pending: 16
Confirmed: 16/32 | Reverted: 0 | Pending: 16
Confirmed: 16/32 | Reverted: 0 | Pending: 16
Confirmed: 16/32 | Reverted: 0 | Pending: 16
Confirmed: 16/32 | Reverted: 0 | Pending: 16
Confirmed: 18/32 | Reverted: 0 | Pending: 14
Confirmed: 18/32 | Reverted: 0 | Pending: 14
Confirmed: 18/32 | Reverted: 0 | Pending: 14
Confirmed: 18/32 | Reverted: 0 | Pending: 14
Confirmed: 18/32 | Reverted: 0 | Pending: 14
Confirmed: 20/32 | Reverted: 0 | Pending: 12
Confirmed: 20/32 | Reverted: 0 | Pending: 12
Confirmed: 20/32 | Reverted: 0 | Pending: 12
Confirmed: 20/32 | Reverted: 0 | Pending: 12
Confirmed: 20/32 | Reverted: 0 | Pending: 12
Confirmed: 20/32 | Reverted: 0 | Pending: 12
Confirmed: 22/32 | Reverted: 0 | Pending: 10
Confirmed: 22/32 | Reverted: 0 | Pending: 10
Confirmed: 22/32 | Reverted: 0 | Pending: 10
Confirmed: 22/32 | Reverted: 0 | Pending: 10
Confirmed: 22/32 | Reverted: 0 | Pending: 10
Confirmed: 22/32 | Reverted: 0 | Pending: 10
Confirmed: 22/32 | Reverted: 0 | Pending: 10
Confirmed: 24/32 | Reverted: 0 | Pending: 8
Confirmed: 24/32 | Reverted: 0 | Pending: 8
Confirmed: 24/32 | Reverted: 0 | Pending: 8
Confirmed: 24/32 | Reverted: 0 | Pending: 8
Confirmed: 24/32 | Reverted: 0 | Pending: 8
Confirmed: 24/32 | Reverted: 0 | Pending: 8
Confirmed: 26/32 | Reverted: 0 | Pending: 6
Confirmed: 26/32 | Reverted: 0 | Pending: 6
Confirmed: 26/32 | Reverted: 0 | Pending: 6
Confirmed: 26/32 | Reverted: 0 | Pending: 6
Confirmed: 26/32 | Reverted: 0 | Pending: 6
Confirmed: 26/32 | Reverted: 0 | Pending: 6
Confirmed: 26/32 | Reverted: 0 | Pending: 6
Confirmed: 28/32 | Reverted: 0 | Pending: 4
Confirmed: 28/32 | Reverted: 0 | Pending: 4
Confirmed: 28/32 | Reverted: 0 | Pending: 4
Confirmed: 28/32 | Reverted: 0 | Pending: 4
Confirmed: 28/32 | Reverted: 0 | Pending: 4
Confirmed: 28/32 | Reverted: 0 | Pending: 4
Confirmed: 28/32 | Reverted: 0 | Pending: 4
Confirmed: 30/32 | Reverted: 0 | Pending: 2
Confirmed: 30/32 | Reverted: 0 | Pending: 2
Confirmed: 30/32 | Reverted: 0 | Pending: 2
Confirmed: 30/32 | Reverted: 0 | Pending: 2
Confirmed: 30/32 | Reverted: 0 | Pending: 2
Confirmed: 30/32 | Reverted: 0 | Pending: 2
Confirmed: 30/32 | Reverted: 0 | Pending: 2
Confirmed: 32/32 | Reverted: 0 | Pending: 0

Receipt polling finished.
------------------------------------------
Confirmed : 32
Reverted  : 0
Timeout   : 0
Duration  : 29.439s
------------------------------------------

============================================================
nproofs/vmno=8  num_vmnos=32  run=2  (off-chain source: reference_fallback)
============================================================

>>> on-chain leg: individual_n8_vmnos32_r2 (256 tx total, 420B calldata, gas/tx=278265, to=0x6323D2c8f88bF8a5C76eB6ffDf08C21Dd4Df5961)

Starting transaction producer...
Target submission rate : 500.00 tx/s
Submission workers      : 48


Producer finished.
------------------------------------------
Submitted : 256/256
Failed    : 0/256
Duration  : 0.890s
Rate      : 287.51 tx/s
------------------------------------------

Starting receipt polling...
------------------------------------------
Transactions to confirm : 256
Receipt workers         : 48
Receipt timeout         : 120.0s
------------------------------------------

Confirmed: 0/256 | Reverted: 0 | Pending: 256
Confirmed: 17/256 | Reverted: 0 | Pending: 239
Confirmed: 31/256 | Reverted: 0 | Pending: 225
Confirmed: 37/256 | Reverted: 0 | Pending: 219
Confirmed: 51/256 | Reverted: 0 | Pending: 205
Confirmed: 69/256 | Reverted: 0 | Pending: 187
Confirmed: 71/256 | Reverted: 0 | Pending: 185
Confirmed: 86/256 | Reverted: 0 | Pending: 170
Confirmed: 94/256 | Reverted: 0 | Pending: 162
Confirmed: 103/256 | Reverted: 0 | Pending: 153
Confirmed: 106/256 | Reverted: 0 | Pending: 150
Confirmed: 120/256 | Reverted: 0 | Pending: 136
Confirmed: 128/256 | Reverted: 0 | Pending: 128
Confirmed: 137/256 | Reverted: 0 | Pending: 119
Confirmed: 137/256 | Reverted: 0 | Pending: 119
Confirmed: 154/256 | Reverted: 0 | Pending: 102
Confirmed: 154/256 | Reverted: 0 | Pending: 102
Confirmed: 167/256 | Reverted: 0 | Pending: 89
Confirmed: 171/256 | Reverted: 0 | Pending: 85
Confirmed: 171/256 | Reverted: 0 | Pending: 85
Confirmed: 188/256 | Reverted: 0 | Pending: 68
Confirmed: 188/256 | Reverted: 0 | Pending: 68
Confirmed: 188/256 | Reverted: 0 | Pending: 68
Confirmed: 205/256 | Reverted: 0 | Pending: 51
Confirmed: 205/256 | Reverted: 0 | Pending: 51
Confirmed: 205/256 | Reverted: 0 | Pending: 51
Confirmed: 213/256 | Reverted: 0 | Pending: 43
Confirmed: 222/256 | Reverted: 0 | Pending: 34
Confirmed: 222/256 | Reverted: 0 | Pending: 34
Confirmed: 222/256 | Reverted: 0 | Pending: 34
Confirmed: 229/256 | Reverted: 0 | Pending: 27
Confirmed: 239/256 | Reverted: 0 | Pending: 17
Confirmed: 239/256 | Reverted: 0 | Pending: 17
Confirmed: 239/256 | Reverted: 0 | Pending: 17
Confirmed: 239/256 | Reverted: 0 | Pending: 17
Confirmed: 256/256 | Reverted: 0 | Pending: 0

Receipt polling finished.
------------------------------------------
Confirmed : 256
Reverted  : 0
Timeout   : 0
Duration  : 29.265s
------------------------------------------

>>> on-chain leg: aggregate_n8_vmnos32_r2 (32 tx total, 420B/tx x 32 distinct payloads, gas/tx=176697, to=0x692fcA7BBae55037CB9B9c3bAC88Ee6c2D4b4044)

Starting transaction producer...
Target submission rate : 500.00 tx/s
Submission workers      : 48


Producer finished.
------------------------------------------
Submitted : 32/32
Failed    : 0/32
Duration  : 0.122s
Rate      : 261.49 tx/s
------------------------------------------

Starting receipt polling...
------------------------------------------
Transactions to confirm : 32
Receipt workers         : 48
Receipt timeout         : 120.0s
------------------------------------------

Confirmed: 0/32 | Reverted: 0 | Pending: 32
Confirmed: 0/32 | Reverted: 0 | Pending: 32
Confirmed: 0/32 | Reverted: 0 | Pending: 32
Confirmed: 2/32 | Reverted: 0 | Pending: 30
Confirmed: 2/32 | Reverted: 0 | Pending: 30
Confirmed: 2/32 | Reverted: 0 | Pending: 30
Confirmed: 2/32 | Reverted: 0 | Pending: 30
Confirmed: 2/32 | Reverted: 0 | Pending: 30
Confirmed: 5/32 | Reverted: 0 | Pending: 27
Confirmed: 5/32 | Reverted: 0 | Pending: 27
Confirmed: 5/32 | Reverted: 0 | Pending: 27
Confirmed: 5/32 | Reverted: 0 | Pending: 27
Confirmed: 8/32 | Reverted: 0 | Pending: 24
Confirmed: 8/32 | Reverted: 0 | Pending: 24
Confirmed: 8/32 | Reverted: 0 | Pending: 24
Confirmed: 8/32 | Reverted: 0 | Pending: 24
Confirmed: 8/32 | Reverted: 0 | Pending: 24
Confirmed: 10/32 | Reverted: 0 | Pending: 22
Confirmed: 10/32 | Reverted: 0 | Pending: 22
Confirmed: 10/32 | Reverted: 0 | Pending: 22
Confirmed: 10/32 | Reverted: 0 | Pending: 22
Confirmed: 10/32 | Reverted: 0 | Pending: 22
Confirmed: 12/32 | Reverted: 0 | Pending: 20
Confirmed: 12/32 | Reverted: 0 | Pending: 20
Confirmed: 12/32 | Reverted: 0 | Pending: 20
Confirmed: 12/32 | Reverted: 0 | Pending: 20
Confirmed: 12/32 | Reverted: 0 | Pending: 20
Confirmed: 14/32 | Reverted: 0 | Pending: 18
Confirmed: 14/32 | Reverted: 0 | Pending: 18
Confirmed: 14/32 | Reverted: 0 | Pending: 18
Confirmed: 14/32 | Reverted: 0 | Pending: 18
Confirmed: 14/32 | Reverted: 0 | Pending: 18
Confirmed: 16/32 | Reverted: 0 | Pending: 16
Confirmed: 16/32 | Reverted: 0 | Pending: 16
Confirmed: 16/32 | Reverted: 0 | Pending: 16
Confirmed: 16/32 | Reverted: 0 | Pending: 16
Confirmed: 16/32 | Reverted: 0 | Pending: 16
Confirmed: 18/32 | Reverted: 0 | Pending: 14
Confirmed: 18/32 | Reverted: 0 | Pending: 14
Confirmed: 18/32 | Reverted: 0 | Pending: 14
Confirmed: 18/32 | Reverted: 0 | Pending: 14
Confirmed: 18/32 | Reverted: 0 | Pending: 14
Confirmed: 20/32 | Reverted: 0 | Pending: 12
Confirmed: 20/32 | Reverted: 0 | Pending: 12
Confirmed: 20/32 | Reverted: 0 | Pending: 12
Confirmed: 20/32 | Reverted: 0 | Pending: 12
Confirmed: 20/32 | Reverted: 0 | Pending: 12
Confirmed: 20/32 | Reverted: 0 | Pending: 12
Confirmed: 22/32 | Reverted: 0 | Pending: 10
Confirmed: 22/32 | Reverted: 0 | Pending: 10
Confirmed: 22/32 | Reverted: 0 | Pending: 10
Confirmed: 22/32 | Reverted: 0 | Pending: 10
Confirmed: 22/32 | Reverted: 0 | Pending: 10
Confirmed: 22/32 | Reverted: 0 | Pending: 10
Confirmed: 24/32 | Reverted: 0 | Pending: 8
Confirmed: 24/32 | Reverted: 0 | Pending: 8
Confirmed: 24/32 | Reverted: 0 | Pending: 8
Confirmed: 24/32 | Reverted: 0 | Pending: 8
Confirmed: 24/32 | Reverted: 0 | Pending: 8
Confirmed: 24/32 | Reverted: 0 | Pending: 8
Confirmed: 26/32 | Reverted: 0 | Pending: 6
Confirmed: 26/32 | Reverted: 0 | Pending: 6
Confirmed: 26/32 | Reverted: 0 | Pending: 6
Confirmed: 26/32 | Reverted: 0 | Pending: 6
Confirmed: 26/32 | Reverted: 0 | Pending: 6
Confirmed: 26/32 | Reverted: 0 | Pending: 6
Confirmed: 27/32 | Reverted: 0 | Pending: 5
Confirmed: 28/32 | Reverted: 0 | Pending: 4
Confirmed: 28/32 | Reverted: 0 | Pending: 4
Confirmed: 28/32 | Reverted: 0 | Pending: 4
Confirmed: 28/32 | Reverted: 0 | Pending: 4
Confirmed: 28/32 | Reverted: 0 | Pending: 4
Confirmed: 28/32 | Reverted: 0 | Pending: 4
Confirmed: 28/32 | Reverted: 0 | Pending: 4
Confirmed: 30/32 | Reverted: 0 | Pending: 2
Confirmed: 30/32 | Reverted: 0 | Pending: 2
Confirmed: 30/32 | Reverted: 0 | Pending: 2
Confirmed: 30/32 | Reverted: 0 | Pending: 2
Confirmed: 30/32 | Reverted: 0 | Pending: 2
Confirmed: 30/32 | Reverted: 0 | Pending: 2
Confirmed: 30/32 | Reverted: 0 | Pending: 2
Confirmed: 32/32 | Reverted: 0 | Pending: 0

Receipt polling finished.
------------------------------------------
Confirmed : 32
Reverted  : 0
Timeout   : 0
Duration  : 29.527s
------------------------------------------

============================================================
nproofs/vmno=8  num_vmnos=32  run=3  (off-chain source: reference_fallback)
============================================================

>>> on-chain leg: individual_n8_vmnos32_r3 (256 tx total, 420B calldata, gas/tx=278265, to=0x6323D2c8f88bF8a5C76eB6ffDf08C21Dd4Df5961)

Starting transaction producer...
Target submission rate : 500.00 tx/s
Submission workers      : 48


Producer finished.
------------------------------------------
Submitted : 256/256
Failed    : 0/256
Duration  : 0.789s
Rate      : 324.30 tx/s
------------------------------------------

Starting receipt polling...
------------------------------------------
Transactions to confirm : 256
Receipt workers         : 48
Receipt timeout         : 120.0s
------------------------------------------

Confirmed: 0/256 | Reverted: 0 | Pending: 256
Confirmed: 18/256 | Reverted: 0 | Pending: 238
Confirmed: 34/256 | Reverted: 0 | Pending: 222
Confirmed: 39/256 | Reverted: 0 | Pending: 217
Confirmed: 52/256 | Reverted: 0 | Pending: 204
Confirmed: 69/256 | Reverted: 0 | Pending: 187
Confirmed: 77/256 | Reverted: 0 | Pending: 179
Confirmed: 86/256 | Reverted: 0 | Pending: 170
Confirmed: 103/256 | Reverted: 0 | Pending: 153
Confirmed: 103/256 | Reverted: 0 | Pending: 153
Confirmed: 120/256 | Reverted: 0 | Pending: 136
Confirmed: 123/256 | Reverted: 0 | Pending: 133
Confirmed: 137/256 | Reverted: 0 | Pending: 119
Confirmed: 137/256 | Reverted: 0 | Pending: 119
Confirmed: 154/256 | Reverted: 0 | Pending: 102
Confirmed: 154/256 | Reverted: 0 | Pending: 102
Confirmed: 171/256 | Reverted: 0 | Pending: 85
Confirmed: 171/256 | Reverted: 0 | Pending: 85
Confirmed: 188/256 | Reverted: 0 | Pending: 68
Confirmed: 188/256 | Reverted: 0 | Pending: 68
Confirmed: 188/256 | Reverted: 0 | Pending: 68
Confirmed: 205/256 | Reverted: 0 | Pending: 51
Confirmed: 205/256 | Reverted: 0 | Pending: 51
Confirmed: 205/256 | Reverted: 0 | Pending: 51
Confirmed: 222/256 | Reverted: 0 | Pending: 34
Confirmed: 222/256 | Reverted: 0 | Pending: 34
Confirmed: 222/256 | Reverted: 0 | Pending: 34
Confirmed: 222/256 | Reverted: 0 | Pending: 34
Confirmed: 239/256 | Reverted: 0 | Pending: 17
Confirmed: 239/256 | Reverted: 0 | Pending: 17
Confirmed: 239/256 | Reverted: 0 | Pending: 17
Confirmed: 239/256 | Reverted: 0 | Pending: 17
Confirmed: 247/256 | Reverted: 0 | Pending: 9
Confirmed: 256/256 | Reverted: 0 | Pending: 0

Receipt polling finished.
------------------------------------------
Confirmed : 256
Reverted  : 0
Timeout   : 0
Duration  : 29.611s
------------------------------------------

>>> on-chain leg: aggregate_n8_vmnos32_r3 (32 tx total, 420B/tx x 32 distinct payloads, gas/tx=176660, to=0x692fcA7BBae55037CB9B9c3bAC88Ee6c2D4b4044)

Starting transaction producer...
Target submission rate : 500.00 tx/s
Submission workers      : 48


Producer finished.
------------------------------------------
Submitted : 32/32
Failed    : 0/32
Duration  : 0.157s
Rate      : 203.89 tx/s
------------------------------------------

Starting receipt polling...
------------------------------------------
Transactions to confirm : 32
Receipt workers         : 48
Receipt timeout         : 120.0s
------------------------------------------

Confirmed: 0/32 | Reverted: 0 | Pending: 32
Confirmed: 0/32 | Reverted: 0 | Pending: 32
Confirmed: 2/32 | Reverted: 0 | Pending: 30
Confirmed: 2/32 | Reverted: 0 | Pending: 30
Confirmed: 2/32 | Reverted: 0 | Pending: 30
Confirmed: 2/32 | Reverted: 0 | Pending: 30
Confirmed: 4/32 | Reverted: 0 | Pending: 28
Confirmed: 4/32 | Reverted: 0 | Pending: 28
Confirmed: 4/32 | Reverted: 0 | Pending: 28
Confirmed: 4/32 | Reverted: 0 | Pending: 28
Confirmed: 4/32 | Reverted: 0 | Pending: 28
Confirmed: 6/32 | Reverted: 0 | Pending: 26
Confirmed: 6/32 | Reverted: 0 | Pending: 26
Confirmed: 6/32 | Reverted: 0 | Pending: 26
Confirmed: 6/32 | Reverted: 0 | Pending: 26
Confirmed: 8/32 | Reverted: 0 | Pending: 24
Confirmed: 8/32 | Reverted: 0 | Pending: 24
Confirmed: 8/32 | Reverted: 0 | Pending: 24
Confirmed: 8/32 | Reverted: 0 | Pending: 24
Confirmed: 10/32 | Reverted: 0 | Pending: 22
Confirmed: 10/32 | Reverted: 0 | Pending: 22
Confirmed: 10/32 | Reverted: 0 | Pending: 22
Confirmed: 10/32 | Reverted: 0 | Pending: 22
Confirmed: 10/32 | Reverted: 0 | Pending: 22
Confirmed: 12/32 | Reverted: 0 | Pending: 20
Confirmed: 12/32 | Reverted: 0 | Pending: 20
Confirmed: 12/32 | Reverted: 0 | Pending: 20
Confirmed: 12/32 | Reverted: 0 | Pending: 20
Confirmed: 12/32 | Reverted: 0 | Pending: 20
Confirmed: 14/32 | Reverted: 0 | Pending: 18
Confirmed: 14/32 | Reverted: 0 | Pending: 18
Confirmed: 14/32 | Reverted: 0 | Pending: 18
Confirmed: 14/32 | Reverted: 0 | Pending: 18
Confirmed: 14/32 | Reverted: 0 | Pending: 18
Confirmed: 16/32 | Reverted: 0 | Pending: 16
Confirmed: 16/32 | Reverted: 0 | Pending: 16
Confirmed: 16/32 | Reverted: 0 | Pending: 16
Confirmed: 16/32 | Reverted: 0 | Pending: 16
Confirmed: 16/32 | Reverted: 0 | Pending: 16
Confirmed: 18/32 | Reverted: 0 | Pending: 14
Confirmed: 18/32 | Reverted: 0 | Pending: 14
Confirmed: 18/32 | Reverted: 0 | Pending: 14
Confirmed: 18/32 | Reverted: 0 | Pending: 14
Confirmed: 18/32 | Reverted: 0 | Pending: 14
Confirmed: 20/32 | Reverted: 0 | Pending: 12
Confirmed: 20/32 | Reverted: 0 | Pending: 12
Confirmed: 20/32 | Reverted: 0 | Pending: 12
Confirmed: 20/32 | Reverted: 0 | Pending: 12
Confirmed: 20/32 | Reverted: 0 | Pending: 12
Confirmed: 20/32 | Reverted: 0 | Pending: 12
Confirmed: 22/32 | Reverted: 0 | Pending: 10
Confirmed: 22/32 | Reverted: 0 | Pending: 10
Confirmed: 22/32 | Reverted: 0 | Pending: 10
Confirmed: 22/32 | Reverted: 0 | Pending: 10
Confirmed: 22/32 | Reverted: 0 | Pending: 10
Confirmed: 24/32 | Reverted: 0 | Pending: 8
Confirmed: 24/32 | Reverted: 0 | Pending: 8
Confirmed: 24/32 | Reverted: 0 | Pending: 8
Confirmed: 24/32 | Reverted: 0 | Pending: 8
Confirmed: 24/32 | Reverted: 0 | Pending: 8
Confirmed: 24/32 | Reverted: 0 | Pending: 8
Confirmed: 26/32 | Reverted: 0 | Pending: 6
Confirmed: 26/32 | Reverted: 0 | Pending: 6
Confirmed: 26/32 | Reverted: 0 | Pending: 6
Confirmed: 26/32 | Reverted: 0 | Pending: 6
Confirmed: 26/32 | Reverted: 0 | Pending: 6
Confirmed: 26/32 | Reverted: 0 | Pending: 6
Confirmed: 26/32 | Reverted: 0 | Pending: 6
Confirmed: 29/32 | Reverted: 0 | Pending: 3
Confirmed: 29/32 | Reverted: 0 | Pending: 3
Confirmed: 29/32 | Reverted: 0 | Pending: 3
Confirmed: 29/32 | Reverted: 0 | Pending: 3
Confirmed: 29/32 | Reverted: 0 | Pending: 3
Confirmed: 29/32 | Reverted: 0 | Pending: 3
Confirmed: 29/32 | Reverted: 0 | Pending: 3
Confirmed: 32/32 | Reverted: 0 | Pending: 0

Receipt polling finished.
------------------------------------------
Confirmed : 32
Reverted  : 0
Timeout   : 0
Duration  : 29.012s
------------------------------------------

============================================================
nproofs/vmno=8  num_vmnos=32  run=4  (off-chain source: reference_fallback)
============================================================

>>> on-chain leg: individual_n8_vmnos32_r4 (256 tx total, 420B calldata, gas/tx=278265, to=0x6323D2c8f88bF8a5C76eB6ffDf08C21Dd4Df5961)

Starting transaction producer...
Target submission rate : 500.00 tx/s
Submission workers      : 48


Producer finished.
------------------------------------------
Submitted : 256/256
Failed    : 0/256
Duration  : 1.032s
Rate      : 247.98 tx/s
------------------------------------------

Starting receipt polling...
------------------------------------------
Transactions to confirm : 256
Receipt workers         : 48
Receipt timeout         : 120.0s
------------------------------------------

Confirmed: 3/256 | Reverted: 0 | Pending: 253
Confirmed: 17/256 | Reverted: 0 | Pending: 239
Confirmed: 34/256 | Reverted: 0 | Pending: 222
Confirmed: 51/256 | Reverted: 0 | Pending: 205
Confirmed: 60/256 | Reverted: 0 | Pending: 196
Confirmed: 68/256 | Reverted: 0 | Pending: 188
Confirmed: 85/256 | Reverted: 0 | Pending: 171
Confirmed: 88/256 | Reverted: 0 | Pending: 168
Confirmed: 102/256 | Reverted: 0 | Pending: 154
Confirmed: 103/256 | Reverted: 0 | Pending: 153
Confirmed: 119/256 | Reverted: 0 | Pending: 137
Confirmed: 122/256 | Reverted: 0 | Pending: 134
Confirmed: 136/256 | Reverted: 0 | Pending: 120
Confirmed: 136/256 | Reverted: 0 | Pending: 120
Confirmed: 153/256 | Reverted: 0 | Pending: 103
Confirmed: 154/256 | Reverted: 0 | Pending: 102
Confirmed: 170/256 | Reverted: 0 | Pending: 86
Confirmed: 170/256 | Reverted: 0 | Pending: 86
Confirmed: 187/256 | Reverted: 0 | Pending: 69
Confirmed: 187/256 | Reverted: 0 | Pending: 69
Confirmed: 190/256 | Reverted: 0 | Pending: 66
Confirmed: 204/256 | Reverted: 0 | Pending: 52
Confirmed: 204/256 | Reverted: 0 | Pending: 52
Confirmed: 204/256 | Reverted: 0 | Pending: 52
Confirmed: 222/256 | Reverted: 0 | Pending: 34
Confirmed: 222/256 | Reverted: 0 | Pending: 34
Confirmed: 222/256 | Reverted: 0 | Pending: 34
Confirmed: 222/256 | Reverted: 0 | Pending: 34
Confirmed: 239/256 | Reverted: 0 | Pending: 17
Confirmed: 239/256 | Reverted: 0 | Pending: 17
Confirmed: 239/256 | Reverted: 0 | Pending: 17
Confirmed: 239/256 | Reverted: 0 | Pending: 17
Confirmed: 239/256 | Reverted: 0 | Pending: 17
Confirmed: 256/256 | Reverted: 0 | Pending: 0

Receipt polling finished.
------------------------------------------
Confirmed : 256
Reverted  : 0
Timeout   : 0
Duration  : 29.205s
------------------------------------------

>>> on-chain leg: aggregate_n8_vmnos32_r4 (32 tx total, 420B/tx x 32 distinct payloads, gas/tx=176697, to=0x692fcA7BBae55037CB9B9c3bAC88Ee6c2D4b4044)

Starting transaction producer...
Target submission rate : 500.00 tx/s
Submission workers      : 48


Producer finished.
------------------------------------------
Submitted : 32/32
Failed    : 0/32
Duration  : 0.156s
Rate      : 205.63 tx/s
------------------------------------------

Starting receipt polling...
------------------------------------------
Transactions to confirm : 32
Receipt workers         : 48
Receipt timeout         : 120.0s
------------------------------------------

Confirmed: 0/32 | Reverted: 0 | Pending: 32
Confirmed: 0/32 | Reverted: 0 | Pending: 32
Confirmed: 0/32 | Reverted: 0 | Pending: 32
Confirmed: 2/32 | Reverted: 0 | Pending: 30
Confirmed: 2/32 | Reverted: 0 | Pending: 30
Confirmed: 2/32 | Reverted: 0 | Pending: 30
Confirmed: 2/32 | Reverted: 0 | Pending: 30
Confirmed: 4/32 | Reverted: 0 | Pending: 28
Confirmed: 4/32 | Reverted: 0 | Pending: 28
Confirmed: 4/32 | Reverted: 0 | Pending: 28
Confirmed: 4/32 | Reverted: 0 | Pending: 28
Confirmed: 6/32 | Reverted: 0 | Pending: 26
Confirmed: 6/32 | Reverted: 0 | Pending: 26
Confirmed: 6/32 | Reverted: 0 | Pending: 26
Confirmed: 6/32 | Reverted: 0 | Pending: 26
Confirmed: 7/32 | Reverted: 0 | Pending: 25
Confirmed: 8/32 | Reverted: 0 | Pending: 24
Confirmed: 8/32 | Reverted: 0 | Pending: 24
Confirmed: 8/32 | Reverted: 0 | Pending: 24
Confirmed: 8/32 | Reverted: 0 | Pending: 24
Confirmed: 10/32 | Reverted: 0 | Pending: 22
Confirmed: 10/32 | Reverted: 0 | Pending: 22
Confirmed: 10/32 | Reverted: 0 | Pending: 22
Confirmed: 10/32 | Reverted: 0 | Pending: 22
Confirmed: 12/32 | Reverted: 0 | Pending: 20
Confirmed: 12/32 | Reverted: 0 | Pending: 20
Confirmed: 12/32 | Reverted: 0 | Pending: 20
Confirmed: 12/32 | Reverted: 0 | Pending: 20
Confirmed: 12/32 | Reverted: 0 | Pending: 20
Confirmed: 14/32 | Reverted: 0 | Pending: 18
Confirmed: 14/32 | Reverted: 0 | Pending: 18
Confirmed: 14/32 | Reverted: 0 | Pending: 18
Confirmed: 14/32 | Reverted: 0 | Pending: 18
Confirmed: 14/32 | Reverted: 0 | Pending: 18
Confirmed: 16/32 | Reverted: 0 | Pending: 16
Confirmed: 16/32 | Reverted: 0 | Pending: 16
Confirmed: 16/32 | Reverted: 0 | Pending: 16
Confirmed: 16/32 | Reverted: 0 | Pending: 16
Confirmed: 16/32 | Reverted: 0 | Pending: 16
Confirmed: 18/32 | Reverted: 0 | Pending: 14
Confirmed: 18/32 | Reverted: 0 | Pending: 14
Confirmed: 18/32 | Reverted: 0 | Pending: 14
Confirmed: 18/32 | Reverted: 0 | Pending: 14
Confirmed: 18/32 | Reverted: 0 | Pending: 14
Confirmed: 20/32 | Reverted: 0 | Pending: 12
Confirmed: 20/32 | Reverted: 0 | Pending: 12
Confirmed: 20/32 | Reverted: 0 | Pending: 12
Confirmed: 20/32 | Reverted: 0 | Pending: 12
Confirmed: 20/32 | Reverted: 0 | Pending: 12
Confirmed: 20/32 | Reverted: 0 | Pending: 12
Confirmed: 23/32 | Reverted: 0 | Pending: 9
Confirmed: 23/32 | Reverted: 0 | Pending: 9
Confirmed: 23/32 | Reverted: 0 | Pending: 9
Confirmed: 23/32 | Reverted: 0 | Pending: 9
Confirmed: 23/32 | Reverted: 0 | Pending: 9
Confirmed: 23/32 | Reverted: 0 | Pending: 9
Confirmed: 26/32 | Reverted: 0 | Pending: 6
Confirmed: 26/32 | Reverted: 0 | Pending: 6
Confirmed: 26/32 | Reverted: 0 | Pending: 6
Confirmed: 26/32 | Reverted: 0 | Pending: 6
Confirmed: 26/32 | Reverted: 0 | Pending: 6
Confirmed: 26/32 | Reverted: 0 | Pending: 6
Confirmed: 28/32 | Reverted: 0 | Pending: 4
Confirmed: 28/32 | Reverted: 0 | Pending: 4
Confirmed: 28/32 | Reverted: 0 | Pending: 4
Confirmed: 28/32 | Reverted: 0 | Pending: 4
Confirmed: 28/32 | Reverted: 0 | Pending: 4
Confirmed: 28/32 | Reverted: 0 | Pending: 4
Confirmed: 28/32 | Reverted: 0 | Pending: 4
Confirmed: 30/32 | Reverted: 0 | Pending: 2
Confirmed: 30/32 | Reverted: 0 | Pending: 2
Confirmed: 30/32 | Reverted: 0 | Pending: 2
Confirmed: 30/32 | Reverted: 0 | Pending: 2
Confirmed: 30/32 | Reverted: 0 | Pending: 2
Confirmed: 30/32 | Reverted: 0 | Pending: 2
Confirmed: 30/32 | Reverted: 0 | Pending: 2
Confirmed: 32/32 | Reverted: 0 | Pending: 0

Receipt polling finished.
------------------------------------------
Confirmed : 32
Reverted  : 0
Timeout   : 0
Duration  : 29.343s
------------------------------------------

============================================================
nproofs/vmno=8  num_vmnos=32  run=5  (off-chain source: reference_fallback)
============================================================

>>> on-chain leg: individual_n8_vmnos32_r5 (256 tx total, 420B calldata, gas/tx=278265, to=0x6323D2c8f88bF8a5C76eB6ffDf08C21Dd4Df5961)

Starting transaction producer...
Target submission rate : 500.00 tx/s
Submission workers      : 48


Producer finished.
------------------------------------------
Submitted : 256/256
Failed    : 0/256
Duration  : 0.944s
Rate      : 271.16 tx/s
------------------------------------------

Starting receipt polling...
------------------------------------------
Transactions to confirm : 256
Receipt workers         : 48
Receipt timeout         : 120.0s
------------------------------------------

Confirmed: 0/256 | Reverted: 0 | Pending: 256
Confirmed: 17/256 | Reverted: 0 | Pending: 239
Confirmed: 26/256 | Reverted: 0 | Pending: 230
Confirmed: 34/256 | Reverted: 0 | Pending: 222
Confirmed: 51/256 | Reverted: 0 | Pending: 205
Confirmed: 64/256 | Reverted: 0 | Pending: 192
Confirmed: 68/256 | Reverted: 0 | Pending: 188
Confirmed: 85/256 | Reverted: 0 | Pending: 171
Confirmed: 102/256 | Reverted: 0 | Pending: 154
Confirmed: 104/256 | Reverted: 0 | Pending: 152
Confirmed: 119/256 | Reverted: 0 | Pending: 137
Confirmed: 131/256 | Reverted: 0 | Pending: 125
Confirmed: 136/256 | Reverted: 0 | Pending: 120
Confirmed: 150/256 | Reverted: 0 | Pending: 106
Confirmed: 153/256 | Reverted: 0 | Pending: 103
Confirmed: 155/256 | Reverted: 0 | Pending: 101
Confirmed: 171/256 | Reverted: 0 | Pending: 85
Confirmed: 171/256 | Reverted: 0 | Pending: 85
Confirmed: 188/256 | Reverted: 0 | Pending: 68
Confirmed: 188/256 | Reverted: 0 | Pending: 68
Confirmed: 198/256 | Reverted: 0 | Pending: 58
Confirmed: 205/256 | Reverted: 0 | Pending: 51
Confirmed: 205/256 | Reverted: 0 | Pending: 51
Confirmed: 205/256 | Reverted: 0 | Pending: 51
Confirmed: 222/256 | Reverted: 0 | Pending: 34
Confirmed: 222/256 | Reverted: 0 | Pending: 34
Confirmed: 222/256 | Reverted: 0 | Pending: 34
Confirmed: 222/256 | Reverted: 0 | Pending: 34
Confirmed: 239/256 | Reverted: 0 | Pending: 17
Confirmed: 239/256 | Reverted: 0 | Pending: 17
Confirmed: 239/256 | Reverted: 0 | Pending: 17
Confirmed: 239/256 | Reverted: 0 | Pending: 17
Confirmed: 239/256 | Reverted: 0 | Pending: 17
Confirmed: 256/256 | Reverted: 0 | Pending: 0

Receipt polling finished.
------------------------------------------
Confirmed : 256
Reverted  : 0
Timeout   : 0
Duration  : 29.375s
------------------------------------------

>>> on-chain leg: aggregate_n8_vmnos32_r5 (32 tx total, 420B/tx x 32 distinct payloads, gas/tx=176697, to=0x692fcA7BBae55037CB9B9c3bAC88Ee6c2D4b4044)

Starting transaction producer...
Target submission rate : 500.00 tx/s
Submission workers      : 48


Producer finished.
------------------------------------------
Submitted : 32/32
Failed    : 0/32
Duration  : 0.143s
Rate      : 223.53 tx/s
------------------------------------------

Starting receipt polling...
------------------------------------------
Transactions to confirm : 32
Receipt workers         : 48
Receipt timeout         : 120.0s
------------------------------------------

Confirmed: 0/32 | Reverted: 0 | Pending: 32
Confirmed: 0/32 | Reverted: 0 | Pending: 32
Confirmed: 0/32 | Reverted: 0 | Pending: 32
Confirmed: 2/32 | Reverted: 0 | Pending: 30
Confirmed: 2/32 | Reverted: 0 | Pending: 30
Confirmed: 2/32 | Reverted: 0 | Pending: 30
Confirmed: 2/32 | Reverted: 0 | Pending: 30
Confirmed: 4/32 | Reverted: 0 | Pending: 28
Confirmed: 4/32 | Reverted: 0 | Pending: 28
Confirmed: 4/32 | Reverted: 0 | Pending: 28
Confirmed: 4/32 | Reverted: 0 | Pending: 28
Confirmed: 4/32 | Reverted: 0 | Pending: 28
Confirmed: 6/32 | Reverted: 0 | Pending: 26
Confirmed: 6/32 | Reverted: 0 | Pending: 26
Confirmed: 6/32 | Reverted: 0 | Pending: 26
Confirmed: 6/32 | Reverted: 0 | Pending: 26
Confirmed: 8/32 | Reverted: 0 | Pending: 24
Confirmed: 8/32 | Reverted: 0 | Pending: 24
Confirmed: 8/32 | Reverted: 0 | Pending: 24
Confirmed: 8/32 | Reverted: 0 | Pending: 24
Confirmed: 10/32 | Reverted: 0 | Pending: 22
Confirmed: 10/32 | Reverted: 0 | Pending: 22
Confirmed: 10/32 | Reverted: 0 | Pending: 22
Confirmed: 10/32 | Reverted: 0 | Pending: 22
Confirmed: 12/32 | Reverted: 0 | Pending: 20
Confirmed: 12/32 | Reverted: 0 | Pending: 20
Confirmed: 12/32 | Reverted: 0 | Pending: 20
Confirmed: 12/32 | Reverted: 0 | Pending: 20
Confirmed: 12/32 | Reverted: 0 | Pending: 20
Confirmed: 14/32 | Reverted: 0 | Pending: 18
Confirmed: 14/32 | Reverted: 0 | Pending: 18
Confirmed: 14/32 | Reverted: 0 | Pending: 18
Confirmed: 14/32 | Reverted: 0 | Pending: 18
Confirmed: 16/32 | Reverted: 0 | Pending: 16
Confirmed: 17/32 | Reverted: 0 | Pending: 15
Confirmed: 17/32 | Reverted: 0 | Pending: 15
Confirmed: 17/32 | Reverted: 0 | Pending: 15
Confirmed: 17/32 | Reverted: 0 | Pending: 15
Confirmed: 17/32 | Reverted: 0 | Pending: 15
Confirmed: 20/32 | Reverted: 0 | Pending: 12
Confirmed: 20/32 | Reverted: 0 | Pending: 12
Confirmed: 20/32 | Reverted: 0 | Pending: 12
Confirmed: 20/32 | Reverted: 0 | Pending: 12
Confirmed: 20/32 | Reverted: 0 | Pending: 12
Confirmed: 22/32 | Reverted: 0 | Pending: 10
Confirmed: 22/32 | Reverted: 0 | Pending: 10
Confirmed: 22/32 | Reverted: 0 | Pending: 10
Confirmed: 22/32 | Reverted: 0 | Pending: 10
Confirmed: 22/32 | Reverted: 0 | Pending: 10
Confirmed: 22/32 | Reverted: 0 | Pending: 10
Confirmed: 24/32 | Reverted: 0 | Pending: 8
Confirmed: 24/32 | Reverted: 0 | Pending: 8
Confirmed: 24/32 | Reverted: 0 | Pending: 8
Confirmed: 24/32 | Reverted: 0 | Pending: 8
Confirmed: 24/32 | Reverted: 0 | Pending: 8
Confirmed: 24/32 | Reverted: 0 | Pending: 8
Confirmed: 26/32 | Reverted: 0 | Pending: 6
Confirmed: 26/32 | Reverted: 0 | Pending: 6
Confirmed: 26/32 | Reverted: 0 | Pending: 6
Confirmed: 26/32 | Reverted: 0 | Pending: 6
Confirmed: 26/32 | Reverted: 0 | Pending: 6
Confirmed: 26/32 | Reverted: 0 | Pending: 6
Confirmed: 28/32 | Reverted: 0 | Pending: 4
Confirmed: 28/32 | Reverted: 0 | Pending: 4
Confirmed: 28/32 | Reverted: 0 | Pending: 4
Confirmed: 28/32 | Reverted: 0 | Pending: 4
Confirmed: 28/32 | Reverted: 0 | Pending: 4
Confirmed: 28/32 | Reverted: 0 | Pending: 4
Confirmed: 28/32 | Reverted: 0 | Pending: 4
Confirmed: 30/32 | Reverted: 0 | Pending: 2
Confirmed: 30/32 | Reverted: 0 | Pending: 2
Confirmed: 30/32 | Reverted: 0 | Pending: 2
Confirmed: 30/32 | Reverted: 0 | Pending: 2
Confirmed: 30/32 | Reverted: 0 | Pending: 2
Confirmed: 30/32 | Reverted: 0 | Pending: 2
Confirmed: 30/32 | Reverted: 0 | Pending: 2
Confirmed: 30/32 | Reverted: 0 | Pending: 2
Confirmed: 32/32 | Reverted: 0 | Pending: 0

Receipt polling finished.
------------------------------------------
Confirmed : 32
Reverted  : 0
Timeout   : 0
Duration  : 29.495s
------------------------------------------
Wrote: results/hardware-vmno-scaling/l3icalcul07/baseline-nproof8-w48-rw48-rate500/vmnos-32/zkroam-baseline-32vmnos/zkroam_baseline_32vmnos_32_500.0_48_48_resource_usage.csv

Wrote: results/hardware-vmno-scaling/l3icalcul07/baseline-nproof8-w48-rw48-rate500/vmnos-32/zkroam-baseline-32vmnos/zkroam_baseline_32vmnos_32_500.0_48_48_sweep_summary.csv

============================================================================
SWEEP HIGHLIGHTS (median across runs per nproofs/VMNO level)
============================================================================
 nproofs  num_vmnos  ind_gas_total  agg_gas_total gas_save_%  pipeline_x
       8         32     61,944,320      4,916,160      92.1%       1.78x
============================================================================

$ /Utilisateurs/abellach/zkRoam/net-heterogeneity/venv/bin/python3 monitoring/collect_metrics.py --logs-dir logs --rpc http://172.28.0.10:8545 --start-block 30 --end-block 202 --log-offsets results/hardware-vmno-scaling/l3icalcul07/baseline-nproof8-w48-rw48-rate500/vmnos-32/zkroam-baseline-32vmnos/log_offsets_at_workload_start.json --out results/hardware-vmno-scaling/l3icalcul07/baseline-nproof8-w48-rw48-rate500/vmnos-32/zkroam-baseline-32vmnos/consensus_robustness.csv
Total view changes across all nodes: 0
Blocks exceeding 2x block period (stall indicator): 0/173
Wrote results/hardware-vmno-scaling/l3icalcul07/baseline-nproof8-w48-rw48-rate500/vmnos-32/zkroam-baseline-32vmnos/consensus_robustness.csv

$ /Utilisateurs/abellach/zkRoam/net-heterogeneity/venv/bin/python3 scripts/apptainer-network.py snapshot --out results/hardware-vmno-scaling/l3icalcul07/baseline-nproof8-w48-rw48-rate500/vmnos-32/zkroam-baseline-32vmnos/runtime_snapshot
$ nsenter -t 1759682 -n apptainer exec --cleanenv /Utilisateurs/abellach/zkRoam/net-heterogeneity/zkroam-besu.sif tc -s qdisc show
$ nsenter -t 1759682 -n apptainer exec --cleanenv /Utilisateurs/abellach/zkRoam/net-heterogeneity/zkroam-besu.sif tc -s class show
$ nsenter -t 1759682 -n apptainer exec --cleanenv /Utilisateurs/abellach/zkRoam/net-heterogeneity/zkroam-besu.sif tc -s filter show
$ nsenter -t 1759682 -n apptainer exec --cleanenv /Utilisateurs/abellach/zkRoam/net-heterogeneity/zkroam-besu.sif ip -o addr show
$ nsenter -t 1760164 -n apptainer exec --cleanenv /Utilisateurs/abellach/zkRoam/net-heterogeneity/zkroam-besu.sif tc -s qdisc show
$ nsenter -t 1760164 -n apptainer exec --cleanenv /Utilisateurs/abellach/zkRoam/net-heterogeneity/zkroam-besu.sif tc -s class show
$ nsenter -t 1760164 -n apptainer exec --cleanenv /Utilisateurs/abellach/zkRoam/net-heterogeneity/zkroam-besu.sif tc -s filter show
$ nsenter -t 1760164 -n apptainer exec --cleanenv /Utilisateurs/abellach/zkRoam/net-heterogeneity/zkroam-besu.sif ip -o addr show
$ nsenter -t 1760760 -n apptainer exec --cleanenv /Utilisateurs/abellach/zkRoam/net-heterogeneity/zkroam-besu.sif tc -s qdisc show
$ nsenter -t 1760760 -n apptainer exec --cleanenv /Utilisateurs/abellach/zkRoam/net-heterogeneity/zkroam-besu.sif tc -s class show
$ nsenter -t 1760760 -n apptainer exec --cleanenv /Utilisateurs/abellach/zkRoam/net-heterogeneity/zkroam-besu.sif tc -s filter show
$ nsenter -t 1760760 -n apptainer exec --cleanenv /Utilisateurs/abellach/zkRoam/net-heterogeneity/zkroam-besu.sif ip -o addr show
$ nsenter -t 1761417 -n apptainer exec --cleanenv /Utilisateurs/abellach/zkRoam/net-heterogeneity/zkroam-besu.sif tc -s qdisc show
$ nsenter -t 1761417 -n apptainer exec --cleanenv /Utilisateurs/abellach/zkRoam/net-heterogeneity/zkroam-besu.sif tc -s class show
$ nsenter -t 1761417 -n apptainer exec --cleanenv /Utilisateurs/abellach/zkRoam/net-heterogeneity/zkroam-besu.sif tc -s filter show
$ nsenter -t 1761417 -n apptainer exec --cleanenv /Utilisateurs/abellach/zkRoam/net-heterogeneity/zkroam-besu.sif ip -o addr show
$ nsenter -t 1762191 -n apptainer exec --cleanenv /Utilisateurs/abellach/zkRoam/net-heterogeneity/zkroam-besu.sif tc -s qdisc show
$ nsenter -t 1762191 -n apptainer exec --cleanenv /Utilisateurs/abellach/zkRoam/net-heterogeneity/zkroam-besu.sif tc -s class show
$ nsenter -t 1762191 -n apptainer exec --cleanenv /Utilisateurs/abellach/zkRoam/net-heterogeneity/zkroam-besu.sif tc -s filter show
$ nsenter -t 1762191 -n apptainer exec --cleanenv /Utilisateurs/abellach/zkRoam/net-heterogeneity/zkroam-besu.sif ip -o addr show
$ nsenter -t 1762979 -n apptainer exec --cleanenv /Utilisateurs/abellach/zkRoam/net-heterogeneity/zkroam-besu.sif tc -s qdisc show
$ nsenter -t 1762979 -n apptainer exec --cleanenv /Utilisateurs/abellach/zkRoam/net-heterogeneity/zkroam-besu.sif tc -s class show
$ nsenter -t 1762979 -n apptainer exec --cleanenv /Utilisateurs/abellach/zkRoam/net-heterogeneity/zkroam-besu.sif tc -s filter show
$ nsenter -t 1762979 -n apptainer exec --cleanenv /Utilisateurs/abellach/zkRoam/net-heterogeneity/zkroam-besu.sif ip -o addr show
$ nsenter -t 1763772 -n apptainer exec --cleanenv /Utilisateurs/abellach/zkRoam/net-heterogeneity/zkroam-besu.sif tc -s qdisc show
$ nsenter -t 1763772 -n apptainer exec --cleanenv /Utilisateurs/abellach/zkRoam/net-heterogeneity/zkroam-besu.sif tc -s class show
$ nsenter -t 1763772 -n apptainer exec --cleanenv /Utilisateurs/abellach/zkRoam/net-heterogeneity/zkroam-besu.sif tc -s filter show
$ nsenter -t 1763772 -n apptainer exec --cleanenv /Utilisateurs/abellach/zkRoam/net-heterogeneity/zkroam-besu.sif ip -o addr show
$ nsenter -t 1764560 -n apptainer exec --cleanenv /Utilisateurs/abellach/zkRoam/net-heterogeneity/zkroam-besu.sif tc -s qdisc show
$ nsenter -t 1764560 -n apptainer exec --cleanenv /Utilisateurs/abellach/zkRoam/net-heterogeneity/zkroam-besu.sif tc -s class show
$ nsenter -t 1764560 -n apptainer exec --cleanenv /Utilisateurs/abellach/zkRoam/net-heterogeneity/zkroam-besu.sif tc -s filter show
$ nsenter -t 1764560 -n apptainer exec --cleanenv /Utilisateurs/abellach/zkRoam/net-heterogeneity/zkroam-besu.sif ip -o addr show
$ nsenter -t 1765345 -n apptainer exec --cleanenv /Utilisateurs/abellach/zkRoam/net-heterogeneity/zkroam-besu.sif tc -s qdisc show
$ nsenter -t 1765345 -n apptainer exec --cleanenv /Utilisateurs/abellach/zkRoam/net-heterogeneity/zkroam-besu.sif tc -s class show
$ nsenter -t 1765345 -n apptainer exec --cleanenv /Utilisateurs/abellach/zkRoam/net-heterogeneity/zkroam-besu.sif tc -s filter show
$ nsenter -t 1765345 -n apptainer exec --cleanenv /Utilisateurs/abellach/zkRoam/net-heterogeneity/zkroam-besu.sif ip -o addr show
$ nsenter -t 1766192 -n apptainer exec --cleanenv /Utilisateurs/abellach/zkRoam/net-heterogeneity/zkroam-besu.sif tc -s qdisc show
$ nsenter -t 1766192 -n apptainer exec --cleanenv /Utilisateurs/abellach/zkRoam/net-heterogeneity/zkroam-besu.sif tc -s class show
$ nsenter -t 1766192 -n apptainer exec --cleanenv /Utilisateurs/abellach/zkRoam/net-heterogeneity/zkroam-besu.sif tc -s filter show
$ nsenter -t 1766192 -n apptainer exec --cleanenv /Utilisateurs/abellach/zkRoam/net-heterogeneity/zkroam-besu.sif ip -o addr show
$ nsenter -t 1766984 -n apptainer exec --cleanenv /Utilisateurs/abellach/zkRoam/net-heterogeneity/zkroam-besu.sif tc -s qdisc show
$ nsenter -t 1766984 -n apptainer exec --cleanenv /Utilisateurs/abellach/zkRoam/net-heterogeneity/zkroam-besu.sif tc -s class show
$ nsenter -t 1766984 -n apptainer exec --cleanenv /Utilisateurs/abellach/zkRoam/net-heterogeneity/zkroam-besu.sif tc -s filter show
$ nsenter -t 1766984 -n apptainer exec --cleanenv /Utilisateurs/abellach/zkRoam/net-heterogeneity/zkroam-besu.sif ip -o addr show
$ nsenter -t 1767764 -n apptainer exec --cleanenv /Utilisateurs/abellach/zkRoam/net-heterogeneity/zkroam-besu.sif tc -s qdisc show
$ nsenter -t 1767764 -n apptainer exec --cleanenv /Utilisateurs/abellach/zkRoam/net-heterogeneity/zkroam-besu.sif tc -s class show
$ nsenter -t 1767764 -n apptainer exec --cleanenv /Utilisateurs/abellach/zkRoam/net-heterogeneity/zkroam-besu.sif tc -s filter show
$ nsenter -t 1767764 -n apptainer exec --cleanenv /Utilisateurs/abellach/zkRoam/net-heterogeneity/zkroam-besu.sif ip -o addr show
$ nsenter -t 1768603 -n apptainer exec --cleanenv /Utilisateurs/abellach/zkRoam/net-heterogeneity/zkroam-besu.sif tc -s qdisc show
$ nsenter -t 1768603 -n apptainer exec --cleanenv /Utilisateurs/abellach/zkRoam/net-heterogeneity/zkroam-besu.sif tc -s class show
$ nsenter -t 1768603 -n apptainer exec --cleanenv /Utilisateurs/abellach/zkRoam/net-heterogeneity/zkroam-besu.sif tc -s filter show
$ nsenter -t 1768603 -n apptainer exec --cleanenv /Utilisateurs/abellach/zkRoam/net-heterogeneity/zkroam-besu.sif ip -o addr show
$ nsenter -t 1769397 -n apptainer exec --cleanenv /Utilisateurs/abellach/zkRoam/net-heterogeneity/zkroam-besu.sif tc -s qdisc show
$ nsenter -t 1769397 -n apptainer exec --cleanenv /Utilisateurs/abellach/zkRoam/net-heterogeneity/zkroam-besu.sif tc -s class show
$ nsenter -t 1769397 -n apptainer exec --cleanenv /Utilisateurs/abellach/zkRoam/net-heterogeneity/zkroam-besu.sif tc -s filter show
$ nsenter -t 1769397 -n apptainer exec --cleanenv /Utilisateurs/abellach/zkRoam/net-heterogeneity/zkroam-besu.sif ip -o addr show
$ nsenter -t 1770223 -n apptainer exec --cleanenv /Utilisateurs/abellach/zkRoam/net-heterogeneity/zkroam-besu.sif tc -s qdisc show
$ nsenter -t 1770223 -n apptainer exec --cleanenv /Utilisateurs/abellach/zkRoam/net-heterogeneity/zkroam-besu.sif tc -s class show
$ nsenter -t 1770223 -n apptainer exec --cleanenv /Utilisateurs/abellach/zkRoam/net-heterogeneity/zkroam-besu.sif tc -s filter show
$ nsenter -t 1770223 -n apptainer exec --cleanenv /Utilisateurs/abellach/zkRoam/net-heterogeneity/zkroam-besu.sif ip -o addr show
$ apptainer exec --cleanenv /Utilisateurs/abellach/zkRoam/net-heterogeneity/zkroam-besu.sif ip -details addr show zkroam0

$ /Utilisateurs/abellach/zkRoam/net-heterogeneity/venv/bin/python3 scripts/apptainer-network.py stop
$ apptainer exec --cleanenv /Utilisateurs/abellach/zkRoam/net-heterogeneity/zkroam-besu.sif ip -o link show
$ apptainer exec --cleanenv /Utilisateurs/abellach/zkRoam/net-heterogeneity/zkroam-besu.sif ip link delete zkh00
$ apptainer exec --cleanenv /Utilisateurs/abellach/zkRoam/net-heterogeneity/zkroam-besu.sif ip link delete zkh01
$ apptainer exec --cleanenv /Utilisateurs/abellach/zkRoam/net-heterogeneity/zkroam-besu.sif ip link delete zkh02
$ apptainer exec --cleanenv /Utilisateurs/abellach/zkRoam/net-heterogeneity/zkroam-besu.sif ip link delete zkh03
$ apptainer exec --cleanenv /Utilisateurs/abellach/zkRoam/net-heterogeneity/zkroam-besu.sif ip link delete zkh04
$ apptainer exec --cleanenv /Utilisateurs/abellach/zkRoam/net-heterogeneity/zkroam-besu.sif ip link delete zkh05
$ apptainer exec --cleanenv /Utilisateurs/abellach/zkRoam/net-heterogeneity/zkroam-besu.sif ip link delete zkh06
$ apptainer exec --cleanenv /Utilisateurs/abellach/zkRoam/net-heterogeneity/zkroam-besu.sif ip link delete zkh07
$ apptainer exec --cleanenv /Utilisateurs/abellach/zkRoam/net-heterogeneity/zkroam-besu.sif ip link delete zkh08
$ apptainer exec --cleanenv /Utilisateurs/abellach/zkRoam/net-heterogeneity/zkroam-besu.sif ip link delete zkh09
$ apptainer exec --cleanenv /Utilisateurs/abellach/zkRoam/net-heterogeneity/zkroam-besu.sif ip link delete zkh10
$ apptainer exec --cleanenv /Utilisateurs/abellach/zkRoam/net-heterogeneity/zkroam-besu.sif ip link delete zkh11
$ apptainer exec --cleanenv /Utilisateurs/abellach/zkRoam/net-heterogeneity/zkroam-besu.sif ip link delete zkh12
$ apptainer exec --cleanenv /Utilisateurs/abellach/zkRoam/net-heterogeneity/zkroam-besu.sif ip link delete zkh13
$ apptainer exec --cleanenv /Utilisateurs/abellach/zkRoam/net-heterogeneity/zkroam-besu.sif ip link delete zkh14
$ apptainer exec --cleanenv /Utilisateurs/abellach/zkRoam/net-heterogeneity/zkroam-besu.sif ip link delete zkroam0
